2019-01-03 04:24:54 GC log file created artifacts/gc.log.1
Java HotSpot(TM) 64-Bit Server VM (25.171-b11) for linux-amd64 JRE (1.8.0_171-b11), built on Mar 28 2018 17:07:08 by "java_re" with gcc 4.3.0 20080428 (Red Hat 4.3.0-8)
Memory: 4k page, physical 32766844k(21046856k free), swap 16515068k(16515068k free)
CommandLine flags: -XX:CICompilerCount=4 -XX:GCLogFileSize=1048576 -XX:+HeapDumpOnOutOfMemoryError -XX:HeapDumpPath=artifacts/heapdump -XX:InitialHeapSize=524288000 -XX:MaxHeapSize=805306368 -XX:MaxNewSize=268435456 -XX:MinHeapDeltaBytes=524288 -XX:NewSize=174587904 -XX:NumberOfGCLogFiles=10 -XX:OldSize=349700096 -XX:+PrintGC -XX:+PrintGCDateStamps -XX:+PrintGCDetails -XX:+PrintGCTimeStamps -XX:+UseCompressedClassPointers -XX:+UseCompressedOops -XX:+UseFastUnorderedTimeStamps -XX:+UseGCLogFileRotation -XX:+UseParallelGC 
2019-01-03T04:24:54.100+0900: 213740.626: [GC (Allocation Failure) [PSYoungGen: 76128K->2336K(76288K)] 332360K->258752K(577536K), 0.0051638 secs] [Times: user=0.01 sys=0.03, real=0.01 secs] 
2019-01-03T04:25:12.530+0900: 213759.056: [GC (Allocation Failure) [PSYoungGen: 76064K->2336K(76288K)] 332480K->258936K(577536K), 0.0053188 secs] [Times: user=0.03 sys=0.00, real=0.01 secs] 
2019-01-03T04:25:30.945+0900: 213777.472: [GC (Allocation Failure) [PSYoungGen: 76064K->2400K(76288K)] 332664K->259168K(577536K), 0.0052302 secs] [Times: user=0.01 sys=0.03, real=0.00 secs] 
2019-01-03T04:25:49.253+0900: 213795.780: [GC (Allocation Failure) [PSYoungGen: 76128K->2368K(76288K)] 332896K->259304K(577536K), 0.0049908 secs] [Times: user=0.01 sys=0.03, real=0.01 secs] 
2019-01-03T04:26:07.599+0900: 213814.126: [GC (Allocation Failure) [PSYoungGen: 76096K->2368K(76288K)] 333032K->259480K(577536K), 0.0050197 secs] [Times: user=0.04 sys=0.00, real=0.01 secs] 
2019-01-03T04:26:26.115+0900: 213832.642: [GC (Allocation Failure) [PSYoungGen: 76096K->2400K(76288K)] 333208K->259704K(577536K), 0.0054273 secs] [Times: user=0.01 sys=0.03, real=0.00 secs] 
2019-01-03T04:26:44.427+0900: 213850.953: [GC (Allocation Failure) [PSYoungGen: 76128K->2400K(76288K)] 333432K->259880K(577536K), 0.0051446 secs] [Times: user=0.01 sys=0.03, real=0.00 secs] 
2019-01-03T04:27:02.742+0900: 213869.269: [GC (Allocation Failure) [PSYoungGen: 76128K->2400K(76288K)] 333608K->260056K(577536K), 0.0058162 secs] [Times: user=0.01 sys=0.03, real=0.01 secs] 
2019-01-03T04:27:21.213+0900: 213887.740: [GC (Allocation Failure) [PSYoungGen: 76128K->2400K(76288K)] 333784K->260232K(577536K), 0.0057404 secs] [Times: user=0.04 sys=0.00, real=0.01 secs] 
2019-01-03T04:27:39.627+0900: 213906.153: [GC (Allocation Failure) [PSYoungGen: 76128K->2368K(76288K)] 333960K->260384K(577536K), 0.0049672 secs] [Times: user=0.01 sys=0.03, real=0.00 secs] 
2019-01-03T04:27:57.952+0900: 213924.479: [GC (Allocation Failure) [PSYoungGen: 76096K->2368K(76288K)] 334112K->260576K(577536K), 0.0057774 secs] [Times: user=0.01 sys=0.03, real=0.01 secs] 
2019-01-03T04:28:16.402+0900: 213942.929: [GC (Allocation Failure) [PSYoungGen: 76096K->2336K(76288K)] 334304K->260728K(577536K), 0.0055179 secs] [Times: user=0.04 sys=0.00, real=0.01 secs] 
2019-01-03T04:28:34.676+0900: 213961.202: [GC (Allocation Failure) [PSYoungGen: 76064K->2400K(76288K)] 334456K->260960K(577536K), 0.0057008 secs] [Times: user=0.01 sys=0.03, real=0.00 secs] 
2019-01-03T04:28:53.221+0900: 213979.748: [GC (Allocation Failure) [PSYoungGen: 76128K->2368K(76288K)] 334688K->261128K(577536K), 0.0060107 secs] [Times: user=0.01 sys=0.03, real=0.01 secs] 
2019-01-03T04:29:11.726+0900: 213998.253: [GC (Allocation Failure) [PSYoungGen: 76096K->2400K(76288K)] 334856K->261344K(577536K), 0.0058626 secs] [Times: user=0.01 sys=0.02, real=0.00 secs] 
2019-01-03T04:29:29.899+0900: 214016.426: [GC (Allocation Failure) [PSYoungGen: 76128K->2368K(76288K)] 335072K->261488K(577536K), 0.0054832 secs] [Times: user=0.03 sys=0.00, real=0.01 secs] 
2019-01-03T04:29:48.270+0900: 214034.797: [GC (Allocation Failure) [PSYoungGen: 76096K->2368K(76288K)] 335216K->261672K(577536K), 0.0055730 secs] [Times: user=0.01 sys=0.03, real=0.01 secs] 
2019-01-03T04:30:06.701+0900: 214053.227: [GC (Allocation Failure) [PSYoungGen: 76096K->2400K(76288K)] 335400K->261864K(577536K), 0.0057607 secs] [Times: user=0.02 sys=0.03, real=0.01 secs] 
2019-01-03T04:30:25.120+0900: 214071.647: [GC (Allocation Failure) [PSYoungGen: 76128K->2368K(76288K)] 335592K->262016K(577536K), 0.0050129 secs] [Times: user=0.01 sys=0.02, real=0.01 secs] 
2019-01-03T04:30:43.479+0900: 214090.006: [GC (Allocation Failure) [PSYoungGen: 76096K->2368K(76288K)] 335744K->262200K(577536K), 0.0048954 secs] [Times: user=0.01 sys=0.02, real=0.01 secs] 
2019-01-03T04:31:01.991+0900: 214108.518: [GC (Allocation Failure) [PSYoungGen: 76096K->2336K(76288K)] 335928K->262344K(577536K), 0.0051063 secs] [Times: user=0.01 sys=0.03, real=0.01 secs] 
2019-01-03T04:31:20.409+0900: 214126.936: [GC (Allocation Failure) [PSYoungGen: 76064K->2336K(76288K)] 336072K->262528K(577536K), 0.0053957 secs] [Times: user=0.04 sys=0.00, real=0.01 secs] 
2019-01-03T04:31:38.821+0900: 214145.348: [GC (Allocation Failure) [PSYoungGen: 76064K->2336K(76288K)] 336256K->262696K(577536K), 0.0048030 secs] [Times: user=0.00 sys=0.04, real=0.01 secs] 
2019-01-03T04:31:57.289+0900: 214163.815: [GC (Allocation Failure) [PSYoungGen: 76064K->2336K(76288K)] 336424K->262856K(577536K), 0.0066454 secs] [Times: user=0.01 sys=0.03, real=0.01 secs] 
2019-01-03T04:32:15.563+0900: 214182.090: [GC (Allocation Failure) [PSYoungGen: 76064K->2432K(76288K)] 336584K->263120K(577536K), 0.0057821 secs] [Times: user=0.04 sys=0.00, real=0.01 secs] 
2019-01-03T04:32:33.918+0900: 214200.445: [GC (Allocation Failure) [PSYoungGen: 76160K->2336K(76288K)] 336848K->263200K(577536K), 0.0058846 secs] [Times: user=0.01 sys=0.03, real=0.01 secs] 
2019-01-03T04:32:52.352+0900: 214218.879: [GC (Allocation Failure) [PSYoungGen: 76064K->2400K(76288K)] 336928K->263456K(577536K), 0.0052008 secs] [Times: user=0.04 sys=0.00, real=0.01 secs] 
2019-01-03T04:33:10.784+0900: 214237.311: [GC (Allocation Failure) [PSYoungGen: 76128K->2432K(76288K)] 337184K->263656K(577536K), 0.0054009 secs] [Times: user=0.01 sys=0.02, real=0.00 secs] 
2019-01-03T04:33:29.180+0900: 214255.707: [GC (Allocation Failure) [PSYoungGen: 76160K->2368K(76288K)] 337384K->263776K(577536K), 0.0051206 secs] [Times: user=0.03 sys=0.00, real=0.01 secs] 
2019-01-03T04:33:47.650+0900: 214274.177: [GC (Allocation Failure) [PSYoungGen: 76096K->2336K(76288K)] 337504K->263928K(577536K), 0.0053420 secs] [Times: user=0.01 sys=0.03, real=0.01 secs] 
2019-01-03T04:34:06.056+0900: 214292.582: [GC (Allocation Failure) [PSYoungGen: 76064K->2368K(76288K)] 337656K->264128K(577536K), 0.0053702 secs] [Times: user=0.01 sys=0.02, real=0.00 secs] 
2019-01-03T04:34:24.556+0900: 214311.083: [GC (Allocation Failure) [PSYoungGen: 76096K->2304K(76288K)] 337856K->264256K(577536K), 0.0057914 secs] [Times: user=0.04 sys=0.00, real=0.00 secs] 
2019-01-03T04:34:43.036+0900: 214329.563: [GC (Allocation Failure) [PSYoungGen: 76032K->2368K(76288K)] 337984K->264504K(577536K), 0.0056368 secs] [Times: user=0.01 sys=0.02, real=0.00 secs] 
2019-01-03T04:35:01.454+0900: 214347.980: [GC (Allocation Failure) [PSYoungGen: 76096K->2368K(76288K)] 338232K->264672K(577536K), 0.0056433 secs] [Times: user=0.04 sys=0.00, real=0.00 secs] 
2019-01-03T04:35:19.951+0900: 214366.478: [GC (Allocation Failure) [PSYoungGen: 76096K->2400K(76288K)] 338400K->264904K(577536K), 0.0056319 secs] [Times: user=0.01 sys=0.03, real=0.01 secs] 
2019-01-03T04:35:38.372+0900: 214384.899: [GC (Allocation Failure) [PSYoungGen: 76128K->2336K(76288K)] 338632K->265032K(577536K), 0.0053241 secs] [Times: user=0.01 sys=0.03, real=0.01 secs] 
2019-01-03T04:35:56.745+0900: 214403.272: [GC (Allocation Failure) [PSYoungGen: 76064K->2336K(76288K)] 338760K->265216K(577536K), 0.0067786 secs] [Times: user=0.04 sys=0.00, real=0.00 secs] 
2019-01-03T04:36:15.262+0900: 214421.789: [GC (Allocation Failure) [PSYoungGen: 76064K->2336K(76288K)] 338944K->265400K(577536K), 0.0057569 secs] [Times: user=0.01 sys=0.03, real=0.01 secs] 
2019-01-03T04:36:33.596+0900: 214440.123: [GC (Allocation Failure) [PSYoungGen: 76064K->2368K(76288K)] 339128K->265608K(577536K), 0.0056609 secs] [Times: user=0.01 sys=0.03, real=0.00 secs] 
2019-01-03T04:36:51.970+0900: 214458.497: [GC (Allocation Failure) [PSYoungGen: 76096K->2368K(76288K)] 339336K->265784K(577536K), 0.0053505 secs] [Times: user=0.01 sys=0.03, real=0.01 secs] 
2019-01-03T04:37:10.436+0900: 214476.962: [GC (Allocation Failure) [PSYoungGen: 76096K->2368K(76288K)] 339512K->265968K(577536K), 0.0058441 secs] [Times: user=0.00 sys=0.03, real=0.00 secs] 
2019-01-03T04:37:28.819+0900: 214495.345: [GC (Allocation Failure) [PSYoungGen: 76096K->2368K(76288K)] 339696K->266168K(577536K), 0.0062611 secs] [Times: user=0.01 sys=0.03, real=0.01 secs] 
2019-01-03T04:37:47.278+0900: 214513.805: [GC (Allocation Failure) [PSYoungGen: 76096K->2368K(76288K)] 339896K->266352K(577536K), 0.0052182 secs] [Times: user=0.04 sys=0.00, real=0.00 secs] 
2019-01-03T04:38:05.733+0900: 214532.259: [GC (Allocation Failure) [PSYoungGen: 76096K->2400K(76288K)] 340080K->266576K(577536K), 0.0050228 secs] [Times: user=0.01 sys=0.03, real=0.01 secs] 
2019-01-03T04:38:24.044+0900: 214550.570: [GC (Allocation Failure) [PSYoungGen: 76128K->2400K(76288K)] 340304K->266752K(577536K), 0.0052506 secs] [Times: user=0.04 sys=0.00, real=0.00 secs] 
2019-01-03T04:38:42.533+0900: 214569.060: [GC (Allocation Failure) [PSYoungGen: 76128K->2336K(76288K)] 340480K->266872K(577536K), 0.0053837 secs] [Times: user=0.04 sys=0.00, real=0.01 secs] 
2019-01-03T04:39:01.008+0900: 214587.535: [GC (Allocation Failure) [PSYoungGen: 76064K->2336K(76288K)] 340600K->267056K(577536K), 0.0053471 secs] [Times: user=0.01 sys=0.03, real=0.00 secs] 
2019-01-03T04:39:19.264+0900: 214605.791: [GC (Allocation Failure) [PSYoungGen: 76064K->2368K(76288K)] 340784K->267264K(577536K), 0.0054316 secs] [Times: user=0.04 sys=0.00, real=0.00 secs] 
2019-01-03T04:39:37.671+0900: 214624.198: [GC (Allocation Failure) [PSYoungGen: 76096K->2400K(76288K)] 340992K->267488K(577536K), 0.0056027 secs] [Times: user=0.01 sys=0.03, real=0.01 secs] 
2019-01-03T04:39:56.125+0900: 214642.652: [GC (Allocation Failure) [PSYoungGen: 76128K->2336K(76288K)] 341216K->267608K(577536K), 0.0052860 secs] [Times: user=0.01 sys=0.02, real=0.00 secs] 
2019-01-03T04:40:14.532+0900: 214661.059: [GC (Allocation Failure) [PSYoungGen: 76064K->2336K(76288K)] 341336K->267800K(577536K), 0.0055274 secs] [Times: user=0.04 sys=0.00, real=0.01 secs] 
2019-01-03T04:40:33.087+0900: 214679.614: [GC (Allocation Failure) [PSYoungGen: 76064K->2336K(76288K)] 341528K->267976K(577536K), 0.0053947 secs] [Times: user=0.01 sys=0.02, real=0.00 secs] 
2019-01-03T04:40:51.568+0900: 214698.095: [GC (Allocation Failure) [PSYoungGen: 76064K->2368K(76288K)] 341704K->268184K(577536K), 0.0057653 secs] [Times: user=0.01 sys=0.03, real=0.01 secs] 
2019-01-03T04:41:09.738+0900: 214716.265: [GC (Allocation Failure) [PSYoungGen: 76096K->2368K(76288K)] 341912K->268352K(577536K), 0.0058684 secs] [Times: user=0.00 sys=0.03, real=0.01 secs] 
2019-01-03T04:41:28.217+0900: 214734.744: [GC (Allocation Failure) [PSYoungGen: 76096K->2336K(76288K)] 342080K->268496K(577536K), 0.0055765 secs] [Times: user=0.04 sys=0.00, real=0.00 secs] 
2019-01-03T04:41:46.617+0900: 214753.144: [GC (Allocation Failure) [PSYoungGen: 76064K->2336K(76288K)] 342224K->268664K(577536K), 0.0053831 secs] [Times: user=0.04 sys=0.00, real=0.00 secs] 
2019-01-03T04:42:04.920+0900: 214771.446: [GC (Allocation Failure) [PSYoungGen: 76064K->2368K(76288K)] 342392K->268880K(577536K), 0.0055660 secs] [Times: user=0.01 sys=0.02, real=0.01 secs] 
2019-01-03T04:42:23.284+0900: 214789.811: [GC (Allocation Failure) [PSYoungGen: 76096K->2368K(76288K)] 342608K->269072K(577536K), 0.0056711 secs] [Times: user=0.01 sys=0.03, real=0.00 secs] 
2019-01-03T04:42:41.680+0900: 214808.207: [GC (Allocation Failure) [PSYoungGen: 76096K->2368K(76288K)] 342800K->269264K(577536K), 0.0057039 secs] [Times: user=0.01 sys=0.03, real=0.01 secs] 
2019-01-03T04:43:00.082+0900: 214826.608: [GC (Allocation Failure) [PSYoungGen: 76096K->2336K(76288K)] 342992K->269408K(577536K), 0.0054607 secs] [Times: user=0.01 sys=0.03, real=0.01 secs] 
2019-01-03T04:43:18.262+0900: 214844.788: [GC (Allocation Failure) [PSYoungGen: 76064K->2432K(76288K)] 343136K->269688K(577536K), 0.0056318 secs] [Times: user=0.01 sys=0.03, real=0.01 secs] 
2019-01-03T04:43:36.575+0900: 214863.101: [GC (Allocation Failure) [PSYoungGen: 76160K->2336K(76288K)] 343416K->269768K(577536K), 0.0063162 secs] [Times: user=0.00 sys=0.04, real=0.00 secs] 
2019-01-03T04:43:55.114+0900: 214881.640: [GC (Allocation Failure) [PSYoungGen: 76064K->2336K(76288K)] 343496K->269944K(577536K), 0.0052905 secs] [Times: user=0.00 sys=0.03, real=0.01 secs] 
2019-01-03T04:44:13.478+0900: 214900.005: [GC (Allocation Failure) [PSYoungGen: 76064K->2400K(76288K)] 343672K->270192K(577536K), 0.0055682 secs] [Times: user=0.01 sys=0.02, real=0.01 secs] 
2019-01-03T04:44:31.855+0900: 214918.381: [GC (Allocation Failure) [PSYoungGen: 76128K->2304K(76288K)] 343920K->270288K(577536K), 0.0050537 secs] [Times: user=0.04 sys=0.00, real=0.00 secs] 
2019-01-03T04:44:50.281+0900: 214936.807: [GC (Allocation Failure) [PSYoungGen: 76032K->2368K(76288K)] 344016K->270528K(577536K), 0.0055672 secs] [Times: user=0.01 sys=0.03, real=0.01 secs] 
2019-01-03T04:45:08.680+0900: 214955.207: [GC (Allocation Failure) [PSYoungGen: 76096K->2368K(76288K)] 344256K->270704K(577536K), 0.0056495 secs] [Times: user=0.01 sys=0.03, real=0.01 secs] 
2019-01-03T04:45:27.076+0900: 214973.602: [GC (Allocation Failure) [PSYoungGen: 76096K->2336K(76288K)] 344432K->270856K(577536K), 0.0051228 secs] [Times: user=0.01 sys=0.02, real=0.00 secs] 
2019-01-03T04:45:45.628+0900: 214992.155: [GC (Allocation Failure) [PSYoungGen: 76064K->2368K(76288K)] 344584K->271072K(577536K), 0.0051209 secs] [Times: user=0.00 sys=0.02, real=0.00 secs] 
2019-01-03T04:46:03.859+0900: 215010.386: [GC (Allocation Failure) [PSYoungGen: 76096K->2400K(76288K)] 344800K->271280K(577536K), 0.0053207 secs] [Times: user=0.01 sys=0.02, real=0.01 secs] 
2019-01-03T04:46:22.210+0900: 215028.737: [GC (Allocation Failure) [PSYoungGen: 76128K->2368K(76288K)] 345008K->271424K(577536K), 0.0049787 secs] [Times: user=0.03 sys=0.00, real=0.01 secs] 
2019-01-03T04:46:40.736+0900: 215047.263: [GC (Allocation Failure) [PSYoungGen: 76096K->2368K(76288K)] 345152K->271608K(577536K), 0.0056813 secs] [Times: user=0.01 sys=0.02, real=0.00 secs] 
2019-01-03T04:46:59.081+0900: 215065.608: [GC (Allocation Failure) [PSYoungGen: 76096K->2368K(76288K)] 345336K->271776K(577536K), 0.0051708 secs] [Times: user=0.01 sys=0.03, real=0.01 secs] 
2019-01-03T04:47:17.506+0900: 215084.033: [GC (Allocation Failure) [PSYoungGen: 76096K->2336K(76288K)] 345504K->271920K(577536K), 0.0049719 secs] [Times: user=0.01 sys=0.03, real=0.00 secs] 
2019-01-03T04:47:35.966+0900: 215102.492: [GC (Allocation Failure) [PSYoungGen: 76064K->2400K(76288K)] 345648K->272168K(577536K), 0.0056341 secs] [Times: user=0.01 sys=0.03, real=0.00 secs] 
2019-01-03T04:47:54.312+0900: 215120.838: [GC (Allocation Failure) [PSYoungGen: 76128K->2336K(76288K)] 345896K->272280K(577536K), 0.0061234 secs] [Times: user=0.01 sys=0.02, real=0.01 secs] 
2019-01-03T04:48:12.659+0900: 215139.186: [GC (Allocation Failure) [PSYoungGen: 76064K->2336K(76288K)] 346008K->272456K(577536K), 0.0051311 secs] [Times: user=0.01 sys=0.02, real=0.01 secs] 
2019-01-03T04:48:31.079+0900: 215157.606: [GC (Allocation Failure) [PSYoungGen: 76064K->2400K(76288K)] 346184K->272688K(577536K), 0.0053398 secs] [Times: user=0.04 sys=0.00, real=0.01 secs] 
2019-01-03T04:48:49.535+0900: 215176.062: [GC (Allocation Failure) [PSYoungGen: 76128K->2336K(76288K)] 346416K->272800K(577536K), 0.0057914 secs] [Times: user=0.01 sys=0.03, real=0.00 secs] 
2019-01-03T04:49:07.980+0900: 215194.507: [GC (Allocation Failure) [PSYoungGen: 76064K->2336K(76288K)] 346528K->272984K(577536K), 0.0049109 secs] [Times: user=0.01 sys=0.03, real=0.01 secs] 
2019-01-03T04:49:26.517+0900: 215213.044: [GC (Allocation Failure) [PSYoungGen: 76064K->2368K(76288K)] 346712K->273208K(577536K), 0.0055576 secs] [Times: user=0.01 sys=0.03, real=0.00 secs] 
2019-01-03T04:49:44.758+0900: 215231.284: [GC (Allocation Failure) [PSYoungGen: 76096K->2400K(76288K)] 346936K->273432K(577536K), 0.0056596 secs] [Times: user=0.01 sys=0.03, real=0.00 secs] 
2019-01-03T04:50:03.089+0900: 215249.615: [GC (Allocation Failure) [PSYoungGen: 76128K->2336K(76288K)] 347160K->273544K(577536K), 0.0048402 secs] [Times: user=0.01 sys=0.02, real=0.00 secs] 
2019-01-03T04:50:21.537+0900: 215268.064: [GC (Allocation Failure) [PSYoungGen: 76064K->2304K(76288K)] 347272K->273688K(577536K), 0.0055242 secs] [Times: user=0.01 sys=0.02, real=0.00 secs] 
2019-01-03T04:50:39.960+0900: 215286.487: [GC (Allocation Failure) [PSYoungGen: 76032K->2368K(76288K)] 347416K->273928K(577536K), 0.0055363 secs] [Times: user=0.00 sys=0.03, real=0.01 secs] 
2019-01-03T04:50:58.163+0900: 215304.690: [GC (Allocation Failure) [PSYoungGen: 76096K->2336K(76288K)] 347656K->274064K(577536K), 0.0055838 secs] [Times: user=0.01 sys=0.03, real=0.01 secs] 
2019-01-03T04:51:16.458+0900: 215322.985: [GC (Allocation Failure) [PSYoungGen: 76064K->2336K(76288K)] 347792K->274248K(577536K), 0.0055653 secs] [Times: user=0.01 sys=0.03, real=0.01 secs] 
2019-01-03T04:51:34.816+0900: 215341.343: [GC (Allocation Failure) [PSYoungGen: 76064K->2368K(76288K)] 347976K->274456K(577536K), 0.0057765 secs] [Times: user=0.00 sys=0.02, real=0.00 secs] 
2019-01-03T04:51:53.260+0900: 215359.787: [GC (Allocation Failure) [PSYoungGen: 76096K->2432K(76288K)] 348184K->274696K(577536K), 0.0053663 secs] [Times: user=0.01 sys=0.03, real=0.01 secs] 
2019-01-03T04:52:11.680+0900: 215378.207: [GC (Allocation Failure) [PSYoungGen: 76160K->2336K(76288K)] 348424K->274776K(577536K), 0.0060693 secs] [Times: user=0.04 sys=0.00, real=0.01 secs] 
2019-01-03T04:52:30.117+0900: 215396.644: [GC (Allocation Failure) [PSYoungGen: 76064K->2336K(76288K)] 348504K->274952K(577536K), 0.0053906 secs] [Times: user=0.02 sys=0.03, real=0.00 secs] 
2019-01-03T04:52:48.487+0900: 215415.013: [GC (Allocation Failure) [PSYoungGen: 76064K->2368K(76288K)] 348680K->275160K(577536K), 0.0059367 secs] [Times: user=0.02 sys=0.03, real=0.00 secs] 
2019-01-03T04:53:06.834+0900: 215433.360: [GC (Allocation Failure) [PSYoungGen: 76096K->2400K(76288K)] 348888K->275368K(577536K), 0.0055176 secs] [Times: user=0.01 sys=0.02, real=0.01 secs] 
2019-01-03T04:53:25.239+0900: 215451.765: [GC (Allocation Failure) [PSYoungGen: 76128K->2368K(76288K)] 349096K->275520K(577536K), 0.0051738 secs] [Times: user=0.01 sys=0.03, real=0.01 secs] 
2019-01-03T04:53:43.710+0900: 215470.237: [GC (Allocation Failure) [PSYoungGen: 76096K->2432K(76288K)] 349248K->275768K(577536K), 0.0057593 secs] [Times: user=0.04 sys=0.00, real=0.01 secs] 
2019-01-03T04:54:01.812+0900: 215488.339: [GC (Allocation Failure) [PSYoungGen: 76160K->2368K(76288K)] 349496K->275888K(577536K), 0.0056176 secs] [Times: user=0.01 sys=0.03, real=0.01 secs] 
2019-01-03T04:54:20.197+0900: 215506.723: [GC (Allocation Failure) [PSYoungGen: 76096K->2336K(76288K)] 349616K->276040K(577536K), 0.0056603 secs] [Times: user=0.01 sys=0.03, real=0.00 secs] 
2019-01-03T04:54:38.524+0900: 215525.051: [GC (Allocation Failure) [PSYoungGen: 76064K->2240K(76288K)] 349768K->276104K(577536K), 0.0048048 secs] [Times: user=0.01 sys=0.03, real=0.00 secs] 
2019-01-03T04:54:56.902+0900: 215543.429: [GC (Allocation Failure) [PSYoungGen: 75968K->2336K(76288K)] 349832K->276384K(577536K), 0.0048640 secs] [Times: user=0.01 sys=0.03, real=0.01 secs] 
2019-01-03T04:55:15.268+0900: 215561.795: [GC (Allocation Failure) [PSYoungGen: 76064K->2272K(76288K)] 350112K->276488K(577536K), 0.0050039 secs] [Times: user=0.04 sys=0.00, real=0.00 secs] 
2019-01-03T04:55:33.751+0900: 215580.278: [GC (Allocation Failure) [PSYoungGen: 76000K->2304K(76288K)] 350216K->276688K(577536K), 0.0056324 secs] [Times: user=0.01 sys=0.03, real=0.01 secs] 
2019-01-03T04:55:52.171+0900: 215598.698: [GC (Allocation Failure) [PSYoungGen: 76032K->2368K(76288K)] 350416K->276928K(577536K), 0.0056800 secs] [Times: user=0.01 sys=0.03, real=0.01 secs] 
2019-01-03T04:56:10.563+0900: 215617.090: [GC (Allocation Failure) [PSYoungGen: 76096K->2400K(76288K)] 350656K->277128K(577536K), 0.0052871 secs] [Times: user=0.03 sys=0.00, real=0.01 secs] 
2019-01-03T04:56:29.107+0900: 215635.634: [GC (Allocation Failure) [PSYoungGen: 76128K->2336K(76288K)] 350856K->277240K(577536K), 0.0054872 secs] [Times: user=0.01 sys=0.03, real=0.00 secs] 
2019-01-03T04:56:47.454+0900: 215653.981: [GC (Allocation Failure) [PSYoungGen: 76064K->2368K(76288K)] 350968K->277440K(577536K), 0.0060205 secs] [Times: user=0.01 sys=0.03, real=0.00 secs] 
2019-01-03T04:57:05.814+0900: 215672.341: [GC (Allocation Failure) [PSYoungGen: 76096K->2368K(76288K)] 351168K->277624K(577536K), 0.0058772 secs] [Times: user=0.01 sys=0.03, real=0.00 secs] 
2019-01-03T04:57:24.192+0900: 215690.719: [GC (Allocation Failure) [PSYoungGen: 76096K->2368K(76288K)] 351352K->277800K(577536K), 0.0056121 secs] [Times: user=0.01 sys=0.03, real=0.01 secs] 
2019-01-03T04:57:42.616+0900: 215709.143: [GC (Allocation Failure) [PSYoungGen: 76096K->2304K(76288K)] 351528K->277912K(577536K), 0.0061675 secs] [Times: user=0.01 sys=0.03, real=0.00 secs] 
2019-01-03T04:58:00.761+0900: 215727.288: [GC (Allocation Failure) [PSYoungGen: 76032K->2400K(76288K)] 351640K->278184K(577536K), 0.0054705 secs] [Times: user=0.04 sys=0.00, real=0.01 secs] 
2019-01-03T04:58:19.111+0900: 215745.637: [GC (Allocation Failure) [PSYoungGen: 76128K->2336K(76288K)] 351912K->278304K(577536K), 0.0057165 secs] [Times: user=0.04 sys=0.00, real=0.01 secs] 
2019-01-03T04:58:37.531+0900: 215764.058: [GC (Allocation Failure) [PSYoungGen: 76064K->2336K(76288K)] 352032K->278464K(577536K), 0.0062439 secs] [Times: user=0.01 sys=0.02, real=0.01 secs] 
2019-01-03T04:58:55.953+0900: 215782.480: [GC (Allocation Failure) [PSYoungGen: 76064K->2400K(76288K)] 352192K->278704K(577536K), 0.0052526 secs] [Times: user=0.00 sys=0.03, real=0.01 secs] 
2019-01-03T04:59:14.342+0900: 215800.869: [GC (Allocation Failure) [PSYoungGen: 76128K->2336K(76288K)] 352432K->278824K(577536K), 0.0056251 secs] [Times: user=0.04 sys=0.00, real=0.01 secs] 
2019-01-03T04:59:32.808+0900: 215819.334: [GC (Allocation Failure) [PSYoungGen: 76064K->2272K(76288K)] 352552K->278928K(577536K), 0.0055404 secs] [Times: user=0.01 sys=0.03, real=0.00 secs] 
2019-01-03T04:59:51.182+0900: 215837.708: [GC (Allocation Failure) [PSYoungGen: 76000K->2432K(76288K)] 352656K->279264K(577536K), 0.0047963 secs] [Times: user=0.03 sys=0.00, real=0.01 secs] 
2019-01-03T05:00:09.553+0900: 215856.080: [GC (Allocation Failure) [PSYoungGen: 76160K->2336K(76288K)] 352992K->279352K(577536K), 0.0053201 secs] [Times: user=0.01 sys=0.03, real=0.01 secs] 
2019-01-03T05:00:27.875+0900: 215874.402: [GC (Allocation Failure) [PSYoungGen: 76064K->2336K(76288K)] 353080K->279536K(577536K), 0.0057744 secs] [Times: user=0.01 sys=0.03, real=0.00 secs] 
2019-01-03T05:00:46.403+0900: 215892.930: [GC (Allocation Failure) [PSYoungGen: 76064K->2336K(76288K)] 353264K->279736K(577536K), 0.0051020 secs] [Times: user=0.03 sys=0.00, real=0.01 secs] 
2019-01-03T05:01:04.488+0900: 215911.015: [GC (Allocation Failure) [PSYoungGen: 76064K->2304K(76288K)] 353464K->279880K(577536K), 0.0054708 secs] [Times: user=0.01 sys=0.03, real=0.01 secs] 
2019-01-03T05:01:22.854+0900: 215929.380: [GC (Allocation Failure) [PSYoungGen: 76032K->2336K(76288K)] 353608K->280080K(577536K), 0.0055670 secs] [Times: user=0.01 sys=0.03, real=0.00 secs] 
2019-01-03T05:01:41.247+0900: 215947.773: [GC (Allocation Failure) [PSYoungGen: 76064K->2336K(76288K)] 353808K->280256K(577536K), 0.0055478 secs] [Times: user=0.01 sys=0.03, real=0.00 secs] 
2019-01-03T05:01:59.603+0900: 215966.130: [GC (Allocation Failure) [PSYoungGen: 76064K->2336K(76288K)] 353984K->280432K(577536K), 0.0060208 secs] [Times: user=0.01 sys=0.02, real=0.01 secs] 
2019-01-03T05:02:17.982+0900: 215984.508: [GC (Allocation Failure) [PSYoungGen: 76064K->2304K(76288K)] 354160K->280568K(577536K), 0.0050802 secs] [Times: user=0.01 sys=0.02, real=0.01 secs] 
2019-01-03T05:02:36.508+0900: 216003.035: [GC (Allocation Failure) [PSYoungGen: 76032K->2336K(76288K)] 354296K->280784K(577536K), 0.0058718 secs] [Times: user=0.01 sys=0.03, real=0.01 secs] 
2019-01-03T05:02:54.905+0900: 216021.432: [GC (Allocation Failure) [PSYoungGen: 76064K->2560K(75776K)] 354512K->281232K(577024K), 0.0057549 secs] [Times: user=0.03 sys=0.00, real=0.00 secs] 
2019-01-03T05:03:12.997+0900: 216039.524: [GC (Allocation Failure) [PSYoungGen: 75776K->2432K(76288K)] 354448K->281400K(577536K), 0.0054287 secs] [Times: user=0.01 sys=0.03, real=0.00 secs] 
2019-01-03T05:03:31.216+0900: 216057.743: [GC (Allocation Failure) [PSYoungGen: 75648K->2400K(75776K)] 354616K->281368K(577024K), 0.0053531 secs] [Times: user=0.03 sys=0.00, real=0.00 secs] 
2019-01-03T05:03:49.484+0900: 216076.011: [GC (Allocation Failure) [PSYoungGen: 75616K->2272K(75776K)] 354584K->281408K(577024K), 0.0048481 secs] [Times: user=0.04 sys=0.00, real=0.00 secs] 
2019-01-03T05:04:07.758+0900: 216094.285: [GC (Allocation Failure) [PSYoungGen: 75488K->2048K(75264K)] 354624K->281392K(576512K), 0.0052085 secs] [Times: user=0.01 sys=0.03, real=0.00 secs] 
2019-01-03T05:04:26.080+0900: 216112.607: [GC (Allocation Failure) [PSYoungGen: 75264K->1888K(76288K)] 354608K->281528K(577536K), 0.0051340 secs] [Times: user=0.03 sys=0.00, real=0.01 secs] 
2019-01-03T05:04:44.361+0900: 216130.888: [GC (Allocation Failure) [PSYoungGen: 75104K->1920K(76288K)] 354744K->281560K(577536K), 0.0046478 secs] [Times: user=0.04 sys=0.00, real=0.01 secs] 
2019-01-03T05:05:02.644+0900: 216149.171: [GC (Allocation Failure) [PSYoungGen: 75136K->1888K(76288K)] 354776K->281704K(577536K), 0.0054507 secs] [Times: user=0.01 sys=0.03, real=0.00 secs] 
2019-01-03T05:05:21.019+0900: 216167.546: [GC (Allocation Failure) [PSYoungGen: 75104K->1792K(76288K)] 354920K->281784K(577536K), 0.0050647 secs] [Times: user=0.01 sys=0.03, real=0.01 secs] 
2019-01-03T05:05:39.392+0900: 216185.919: [GC (Allocation Failure) [PSYoungGen: 75008K->1760K(76288K)] 355000K->281936K(577536K), 0.0050997 secs] [Times: user=0.00 sys=0.02, real=0.01 secs] 
2019-01-03T05:05:57.726+0900: 216204.253: [GC (Allocation Failure) [PSYoungGen: 74976K->1664K(76288K)] 355152K->282016K(577536K), 0.0044527 secs] [Times: user=0.01 sys=0.03, real=0.00 secs] 
2019-01-03T05:06:15.881+0900: 216222.408: [GC (Allocation Failure) [PSYoungGen: 74880K->1632K(76288K)] 355232K->282152K(577536K), 0.0055985 secs] [Times: user=0.01 sys=0.03, real=0.01 secs] 
2019-01-03T05:06:34.153+0900: 216240.680: [GC (Allocation Failure) [PSYoungGen: 74848K->1536K(76288K)] 355368K->282224K(577536K), 0.0047945 secs] [Times: user=0.01 sys=0.02, real=0.01 secs] 
2019-01-03T05:06:52.486+0900: 216259.012: [GC (Allocation Failure) [PSYoungGen: 74752K->1504K(76288K)] 355440K->282368K(577536K), 0.0047211 secs] [Times: user=0.01 sys=0.03, real=0.00 secs] 
2019-01-03T05:07:10.816+0900: 216277.343: [GC (Allocation Failure) [PSYoungGen: 74720K->1440K(76288K)] 355584K->282488K(577536K), 0.0047913 secs] [Times: user=0.01 sys=0.03, real=0.00 secs] 
2019-01-03T05:07:29.166+0900: 216295.693: [GC (Allocation Failure) [PSYoungGen: 74656K->1280K(76288K)] 355704K->282600K(577536K), 0.0045798 secs] [Times: user=0.01 sys=0.03, real=0.00 secs] 
2019-01-03T05:07:47.247+0900: 216313.773: [GC (Allocation Failure) [PSYoungGen: 74496K->1440K(76288K)] 355816K->282832K(577536K), 0.0041282 secs] [Times: user=0.01 sys=0.02, real=0.00 secs] 
2019-01-03T05:08:05.501+0900: 216332.028: [GC (Allocation Failure) [PSYoungGen: 74656K->1504K(76288K)] 356048K->282976K(577536K), 0.0046637 secs] [Times: user=0.00 sys=0.02, real=0.01 secs] 
2019-01-03T05:08:23.838+0900: 216350.365: [GC (Allocation Failure) [PSYoungGen: 74720K->1664K(76288K)] 356192K->283224K(577536K), 0.0051064 secs] [Times: user=0.00 sys=0.02, real=0.00 secs] 
2019-01-03T05:08:42.165+0900: 216368.692: [GC (Allocation Failure) [PSYoungGen: 74880K->1792K(76288K)] 356440K->283440K(577536K), 0.0046466 secs] [Times: user=0.01 sys=0.02, real=0.00 secs] 
2019-01-03T05:09:00.498+0900: 216387.024: [GC (Allocation Failure) [PSYoungGen: 75008K->1824K(75264K)] 356656K->283560K(576512K), 0.0046905 secs] [Times: user=0.01 sys=0.02, real=0.00 secs] 
2019-01-03T05:09:18.612+0900: 216405.139: [GC (Allocation Failure) [PSYoungGen: 75040K->1952K(75776K)] 356776K->283800K(577024K), 0.0053119 secs] [Times: user=0.01 sys=0.02, real=0.01 secs] 
2019-01-03T05:09:36.849+0900: 216423.376: [GC (Allocation Failure) [PSYoungGen: 75168K->1984K(75776K)] 357016K->283944K(577024K), 0.0048484 secs] [Times: user=0.01 sys=0.02, real=0.01 secs] 
2019-01-03T05:09:55.151+0900: 216441.678: [GC (Allocation Failure) [PSYoungGen: 75200K->2048K(75776K)] 357160K->284128K(577024K), 0.0057310 secs] [Times: user=0.04 sys=0.00, real=0.01 secs] 
2019-01-03T05:10:13.464+0900: 216459.991: [GC (Allocation Failure) [PSYoungGen: 75264K->2080K(75776K)] 357344K->284288K(577024K), 0.0048919 secs] [Times: user=0.03 sys=0.00, real=0.00 secs] 
2019-01-03T05:10:31.857+0900: 216478.384: [GC (Allocation Failure) [PSYoungGen: 75296K->2144K(75776K)] 357504K->284488K(577024K), 0.0044203 secs] [Times: user=0.03 sys=0.00, real=0.00 secs] 
2019-01-03T05:10:49.975+0900: 216496.501: [GC (Allocation Failure) [PSYoungGen: 75360K->2240K(76288K)] 357704K->284712K(577536K), 0.0053269 secs] [Times: user=0.00 sys=0.03, real=0.00 secs] 
2019-01-03T05:11:08.197+0900: 216514.724: [GC (Allocation Failure) [PSYoungGen: 75456K->2240K(76288K)] 357928K->284840K(577536K), 0.0054524 secs] [Times: user=0.03 sys=0.00, real=0.00 secs] 
2019-01-03T05:11:26.507+0900: 216533.034: [GC (Allocation Failure) [PSYoungGen: 75456K->2304K(76288K)] 358056K->285056K(577536K), 0.0056354 secs] [Times: user=0.01 sys=0.02, real=0.00 secs] 
2019-01-03T05:11:44.810+0900: 216551.337: [GC (Allocation Failure) [PSYoungGen: 75520K->2240K(76288K)] 358272K->285152K(577536K), 0.0058021 secs] [Times: user=0.04 sys=0.00, real=0.01 secs] 
2019-01-03T05:12:03.109+0900: 216569.635: [GC (Allocation Failure) [PSYoungGen: 75456K->2304K(76288K)] 358368K->285368K(577536K), 0.0057240 secs] [Times: user=0.01 sys=0.03, real=0.01 secs] 
2019-01-03T05:12:21.346+0900: 216587.873: [GC (Allocation Failure) [PSYoungGen: 75520K->2368K(76288K)] 358584K->285600K(577536K), 0.0056168 secs] [Times: user=0.01 sys=0.03, real=0.00 secs] 
2019-01-03T05:12:39.525+0900: 216606.052: [GC (Allocation Failure) [PSYoungGen: 75584K->2368K(76288K)] 358816K->285792K(577536K), 0.0054901 secs] [Times: user=0.01 sys=0.03, real=0.00 secs] 
2019-01-03T05:12:57.783+0900: 216624.310: [GC (Allocation Failure) [PSYoungGen: 75584K->2304K(76288K)] 359008K->285904K(577536K), 0.0052835 secs] [Times: user=0.01 sys=0.03, real=0.01 secs] 
2019-01-03T05:13:16.026+0900: 216642.553: [GC (Allocation Failure) [PSYoungGen: 75520K->2304K(76288K)] 359120K->286088K(577536K), 0.0054313 secs] [Times: user=0.01 sys=0.02, real=0.00 secs] 
2019-01-03T05:13:34.383+0900: 216660.909: [GC (Allocation Failure) [PSYoungGen: 75520K->2336K(76288K)] 359304K->286296K(577536K), 0.0048837 secs] [Times: user=0.03 sys=0.00, real=0.01 secs] 
2019-01-03T05:13:52.712+0900: 216679.239: [GC (Allocation Failure) [PSYoungGen: 75552K->2400K(76288K)] 359512K->286536K(577536K), 0.0067586 secs] [Times: user=0.04 sys=0.00, real=0.01 secs] 
2019-01-03T05:14:10.908+0900: 216697.435: [GC (Allocation Failure) [PSYoungGen: 75616K->2336K(76288K)] 359752K->286664K(577536K), 0.0053144 secs] [Times: user=0.04 sys=0.00, real=0.00 secs] 
2019-01-03T05:14:29.125+0900: 216715.651: [GC (Allocation Failure) [PSYoungGen: 75552K->2368K(76288K)] 359880K->286880K(577536K), 0.0057075 secs] [Times: user=0.01 sys=0.03, real=0.00 secs] 
2019-01-03T05:14:47.441+0900: 216733.967: [GC (Allocation Failure) [PSYoungGen: 75584K->2336K(76288K)] 360096K->287016K(577536K), 0.0054827 secs] [Times: user=0.01 sys=0.03, real=0.01 secs] 
2019-01-03T05:15:05.726+0900: 216752.253: [GC (Allocation Failure) [PSYoungGen: 75552K->2304K(76288K)] 360232K->287168K(577536K), 0.0057340 secs] [Times: user=0.01 sys=0.03, real=0.00 secs] 
2019-01-03T05:15:24.075+0900: 216770.602: [GC (Allocation Failure) [PSYoungGen: 75520K->2336K(76288K)] 360384K->287368K(577536K), 0.0052216 secs] [Times: user=0.01 sys=0.03, real=0.00 secs] 
2019-01-03T05:15:42.313+0900: 216788.840: [GC (Allocation Failure) [PSYoungGen: 75552K->2304K(76288K)] 360584K->287520K(577536K), 0.0057401 secs] [Times: user=0.03 sys=0.00, real=0.01 secs] 
2019-01-03T05:16:00.616+0900: 216807.143: [GC (Allocation Failure) [PSYoungGen: 75520K->2368K(76288K)] 360736K->287768K(577536K), 0.0058627 secs] [Times: user=0.04 sys=0.00, real=0.00 secs] 
2019-01-03T05:16:18.964+0900: 216825.491: [GC (Allocation Failure) [PSYoungGen: 75584K->2368K(76288K)] 360984K->287936K(577536K), 0.0056199 secs] [Times: user=0.01 sys=0.03, real=0.00 secs] 
2019-01-03T05:16:37.369+0900: 216843.895: [GC (Allocation Failure) [PSYoungGen: 75584K->2368K(76288K)] 361152K->288120K(577536K), 0.0050386 secs] [Times: user=0.01 sys=0.02, real=0.01 secs] 
2019-01-03T05:16:55.447+0900: 216861.974: [GC (Allocation Failure) [PSYoungGen: 75584K->2304K(76288K)] 361336K->288248K(577536K), 0.0053927 secs] [Times: user=0.03 sys=0.00, real=0.00 secs] 
2019-01-03T05:17:13.699+0900: 216880.226: [GC (Allocation Failure) [PSYoungGen: 75520K->2304K(76288K)] 361464K->288416K(577536K), 0.0061176 secs] [Times: user=0.04 sys=0.00, real=0.01 secs] 
2019-01-03T05:17:32.052+0900: 216898.579: [GC (Allocation Failure) [PSYoungGen: 75520K->2336K(76288K)] 361632K->288624K(577536K), 0.0056695 secs] [Times: user=0.01 sys=0.02, real=0.01 secs] 
2019-01-03T05:17:50.412+0900: 216916.939: [GC (Allocation Failure) [PSYoungGen: 75552K->2400K(76288K)] 361840K->288864K(577536K), 0.0053293 secs] [Times: user=0.01 sys=0.03, real=0.01 secs] 
2019-01-03T05:18:08.738+0900: 216935.265: [GC (Allocation Failure) [PSYoungGen: 75616K->2368K(76288K)] 362080K->289024K(577536K), 0.0059121 secs] [Times: user=0.00 sys=0.02, real=0.01 secs] 
2019-01-03T05:18:26.816+0900: 216953.343: [GC (Allocation Failure) [PSYoungGen: 75584K->2400K(76288K)] 362240K->289240K(577536K), 0.0059706 secs] [Times: user=0.01 sys=0.03, real=0.00 secs] 
2019-01-03T05:18:45.071+0900: 216971.598: [GC (Allocation Failure) [PSYoungGen: 75616K->2368K(76288K)] 362456K->289384K(577536K), 0.0058818 secs] [Times: user=0.04 sys=0.00, real=0.01 secs] 
2019-01-03T05:19:03.389+0900: 216989.916: [GC (Allocation Failure) [PSYoungGen: 75584K->2304K(76288K)] 362600K->289496K(577536K), 0.0057465 secs] [Times: user=0.02 sys=0.03, real=0.01 secs] 
2019-01-03T05:19:21.788+0900: 217008.314: [GC (Allocation Failure) [PSYoungGen: 75520K->2336K(76288K)] 362712K->289696K(577536K), 0.0059847 secs] [Times: user=0.01 sys=0.03, real=0.00 secs] 
2019-01-03T05:19:40.113+0900: 217026.640: [GC (Allocation Failure) [PSYoungGen: 75552K->2368K(76288K)] 362912K->289904K(577536K), 0.0053613 secs] [Times: user=0.04 sys=0.00, real=0.01 secs] 
2019-01-03T05:19:58.280+0900: 217044.806: [GC (Allocation Failure) [PSYoungGen: 75584K->2336K(75776K)] 363120K->290048K(577024K), 0.0053435 secs] [Times: user=0.00 sys=0.03, real=0.01 secs] 
2019-01-03T05:20:16.658+0900: 217063.184: [GC (Allocation Failure) [PSYoungGen: 75552K->2304K(75776K)] 363264K->290200K(577024K), 0.0056841 secs] [Times: user=0.01 sys=0.03, real=0.00 secs] 
2019-01-03T05:20:35.003+0900: 217081.530: [GC (Allocation Failure) [PSYoungGen: 75520K->2048K(75264K)] 363416K->290248K(576512K), 0.0066789 secs] [Times: user=0.01 sys=0.03, real=0.01 secs] 
2019-01-03T05:20:53.368+0900: 217099.895: [GC (Allocation Failure) [PSYoungGen: 75264K->2176K(75776K)] 363464K->290656K(577024K), 0.0057653 secs] [Times: user=0.00 sys=0.03, real=0.01 secs] 
2019-01-03T05:21:11.476+0900: 217118.003: [GC (Allocation Failure) [PSYoungGen: 75392K->2272K(75776K)] 363872K->290752K(577024K), 0.0049941 secs] [Times: user=0.04 sys=0.00, real=0.00 secs] 
2019-01-03T05:21:29.744+0900: 217136.271: [GC (Allocation Failure) [PSYoungGen: 75488K->2272K(75776K)] 363968K->290912K(577024K), 0.0066836 secs] [Times: user=0.01 sys=0.03, real=0.00 secs] 
2019-01-03T05:21:48.033+0900: 217154.559: [GC (Allocation Failure) [PSYoungGen: 75488K->2272K(75776K)] 364128K->291072K(577024K), 0.0051832 secs] [Times: user=0.01 sys=0.03, real=0.01 secs] 
2019-01-03T05:22:06.361+0900: 217172.888: [GC (Allocation Failure) [PSYoungGen: 75488K->2336K(75776K)] 364288K->291304K(577024K), 0.0048938 secs] [Times: user=0.01 sys=0.02, real=0.01 secs] 
2019-01-03T05:22:24.709+0900: 217191.236: [GC (Allocation Failure) [PSYoungGen: 75552K->2240K(75776K)] 364520K->291384K(577024K), 0.0054829 secs] [Times: user=0.04 sys=0.00, real=0.01 secs] 
2019-01-03T05:22:42.840+0900: 217209.367: [GC (Allocation Failure) [PSYoungGen: 75456K->2304K(75776K)] 364600K->291616K(577024K), 0.0052562 secs] [Times: user=0.04 sys=0.00, real=0.01 secs] 
2019-01-03T05:23:01.036+0900: 217227.563: [GC (Allocation Failure) [PSYoungGen: 75520K->2336K(75776K)] 364832K->291824K(577024K), 0.0051290 secs] [Times: user=0.01 sys=0.03, real=0.00 secs] 
2019-01-03T05:23:19.326+0900: 217245.853: [GC (Allocation Failure) [PSYoungGen: 75552K->2240K(75776K)] 365040K->291904K(577024K), 0.0058541 secs] [Times: user=0.04 sys=0.00, real=0.00 secs] 
2019-01-03T05:23:37.611+0900: 217264.138: [GC (Allocation Failure) [PSYoungGen: 75456K->2304K(75776K)] 365120K->292128K(577024K), 0.0054602 secs] [Times: user=0.01 sys=0.02, real=0.01 secs] 
2019-01-03T05:23:55.849+0900: 217282.376: [GC (Allocation Failure) [PSYoungGen: 75520K->2336K(75776K)] 365344K->292344K(577024K), 0.0053548 secs] [Times: user=0.01 sys=0.03, real=0.01 secs] 
2019-01-03T05:24:14.134+0900: 217300.660: [GC (Allocation Failure) [PSYoungGen: 75552K->2304K(75776K)] 365560K->292496K(577024K), 0.0062925 secs] [Times: user=0.02 sys=0.03, real=0.01 secs] 
2019-01-03T05:24:32.282+0900: 217318.809: [GC (Allocation Failure) [PSYoungGen: 75520K->2400K(75776K)] 365712K->292776K(577024K), 0.0059713 secs] [Times: user=0.02 sys=0.03, real=0.01 secs] 
2019-01-03T05:24:50.587+0900: 217337.114: [GC (Allocation Failure) [PSYoungGen: 75616K->2304K(75776K)] 365992K->292848K(577024K), 0.0056395 secs] [Times: user=0.04 sys=0.00, real=0.00 secs] 
2019-01-03T05:25:08.900+0900: 217355.426: [GC (Allocation Failure) [PSYoungGen: 75520K->2336K(75776K)] 366064K->293056K(577024K), 0.0054456 secs] [Times: user=0.01 sys=0.02, real=0.01 secs] 
2019-01-03T05:25:27.283+0900: 217373.810: [GC (Allocation Failure) [PSYoungGen: 75552K->2304K(75776K)] 366272K->293200K(577024K), 0.0052972 secs] [Times: user=0.01 sys=0.03, real=0.01 secs] 
2019-01-03T05:25:45.574+0900: 217392.101: [GC (Allocation Failure) [PSYoungGen: 75520K->2336K(75776K)] 366416K->293416K(577024K), 0.0057285 secs] [Times: user=0.03 sys=0.00, real=0.00 secs] 
2019-01-03T05:26:03.822+0900: 217410.349: [GC (Allocation Failure) [PSYoungGen: 75552K->2304K(75776K)] 366632K->293552K(577024K), 0.0053205 secs] [Times: user=0.01 sys=0.03, real=0.01 secs] 
2019-01-03T05:26:22.150+0900: 217428.677: [GC (Allocation Failure) [PSYoungGen: 75520K->2336K(75776K)] 366768K->293760K(577024K), 0.0050241 secs] [Times: user=0.01 sys=0.03, real=0.01 secs] 
2019-01-03T05:26:40.536+0900: 217447.062: [GC (Allocation Failure) [PSYoungGen: 75552K->2368K(75776K)] 366976K->293968K(577024K), 0.0063042 secs] [Times: user=0.01 sys=0.03, real=0.00 secs] 
2019-01-03T05:26:58.819+0900: 217465.345: [GC (Allocation Failure) [PSYoungGen: 75584K->2368K(75776K)] 367184K->294144K(577024K), 0.0058362 secs] [Times: user=0.01 sys=0.03, real=0.01 secs] 
2019-01-03T05:27:16.943+0900: 217483.470: [GC (Allocation Failure) [PSYoungGen: 75584K->2400K(75776K)] 367360K->294360K(577024K), 0.0059086 secs] [Times: user=0.04 sys=0.00, real=0.01 secs] 
2019-01-03T05:27:35.304+0900: 217501.830: [GC (Allocation Failure) [PSYoungGen: 75616K->2272K(75776K)] 367576K->294416K(577024K), 0.0052457 secs] [Times: user=0.04 sys=0.00, real=0.01 secs] 
2019-01-03T05:27:53.545+0900: 217520.071: [GC (Allocation Failure) [PSYoungGen: 75488K->2336K(75776K)] 367632K->294656K(577024K), 0.0058045 secs] [Times: user=0.01 sys=0.03, real=0.00 secs] 
2019-01-03T05:28:11.879+0900: 217538.406: [GC (Allocation Failure) [PSYoungGen: 75552K->2368K(75776K)] 367872K->294872K(577024K), 0.0058593 secs] [Times: user=0.01 sys=0.03, real=0.01 secs] 
2019-01-03T05:28:30.164+0900: 217556.691: [GC (Allocation Failure) [PSYoungGen: 75584K->2368K(75776K)] 368088K->295032K(577024K), 0.0055363 secs] [Times: user=0.01 sys=0.02, real=0.00 secs] 
2019-01-03T05:28:48.331+0900: 217574.858: [GC (Allocation Failure) [PSYoungGen: 75584K->2304K(75776K)] 368248K->295144K(577024K), 0.0054334 secs] [Times: user=0.01 sys=0.03, real=0.01 secs] 
2019-01-03T05:29:06.552+0900: 217593.078: [GC (Allocation Failure) [PSYoungGen: 75520K->2336K(75776K)] 368360K->295360K(577024K), 0.0057090 secs] [Times: user=0.04 sys=0.00, real=0.01 secs] 
2019-01-03T05:29:24.911+0900: 217611.438: [GC (Allocation Failure) [PSYoungGen: 75552K->2304K(75776K)] 368576K->295512K(577024K), 0.0057938 secs] [Times: user=0.01 sys=0.03, real=0.01 secs] 
2019-01-03T05:29:43.124+0900: 217629.651: [GC (Allocation Failure) [PSYoungGen: 75520K->2304K(75776K)] 368728K->295688K(577024K), 0.0070812 secs] [Times: user=0.01 sys=0.04, real=0.00 secs] 
2019-01-03T05:30:01.465+0900: 217647.992: [GC (Allocation Failure) [PSYoungGen: 75520K->2304K(75776K)] 368904K->295872K(577024K), 0.0060520 secs] [Times: user=0.04 sys=0.00, real=0.00 secs] 
2019-01-03T05:30:19.693+0900: 217666.220: [GC (Allocation Failure) [PSYoungGen: 75520K->2304K(75776K)] 369088K->296056K(577024K), 0.0056774 secs] [Times: user=0.03 sys=0.00, real=0.01 secs] 
2019-01-03T05:30:37.917+0900: 217684.444: [GC (Allocation Failure) [PSYoungGen: 75520K->2336K(75776K)] 369272K->296256K(577024K), 0.0054487 secs] [Times: user=0.01 sys=0.03, real=0.00 secs] 
2019-01-03T05:30:56.174+0900: 217702.701: [GC (Allocation Failure) [PSYoungGen: 75552K->2400K(75776K)] 369472K->296504K(577024K), 0.0064532 secs] [Times: user=0.04 sys=0.00, real=0.00 secs] 
2019-01-03T05:31:14.464+0900: 217720.991: [GC (Allocation Failure) [PSYoungGen: 75616K->2304K(75776K)] 369720K->296584K(577024K), 0.0054109 secs] [Times: user=0.04 sys=0.00, real=0.00 secs] 
2019-01-03T05:31:32.811+0900: 217739.337: [GC (Allocation Failure) [PSYoungGen: 75520K->2336K(75776K)] 369800K->296792K(577024K), 0.0062206 secs] [Times: user=0.01 sys=0.03, real=0.01 secs] 
2019-01-03T05:31:51.055+0900: 217757.582: [GC (Allocation Failure) [PSYoungGen: 75552K->2368K(75776K)] 370008K->297000K(577024K), 0.0050029 secs] [Times: user=0.01 sys=0.02, real=0.00 secs] 
2019-01-03T05:32:09.295+0900: 217775.822: [GC (Allocation Failure) [PSYoungGen: 75584K->2304K(75776K)] 370216K->297120K(577024K), 0.0052590 secs] [Times: user=0.01 sys=0.03, real=0.00 secs] 
2019-01-03T05:32:27.599+0900: 217794.126: [GC (Allocation Failure) [PSYoungGen: 75520K->2272K(75776K)] 370336K->297256K(577024K), 0.0057561 secs] [Times: user=0.04 sys=0.00, real=0.01 secs] 
2019-01-03T05:32:45.905+0900: 217812.432: [GC (Allocation Failure) [PSYoungGen: 75488K->2368K(75776K)] 370472K->297536K(577024K), 0.0054321 secs] [Times: user=0.01 sys=0.03, real=0.00 secs] 
2019-01-03T05:33:04.228+0900: 217830.755: [GC (Allocation Failure) [PSYoungGen: 75584K->2368K(75776K)] 370752K->297720K(577024K), 0.0055582 secs] [Times: user=0.01 sys=0.03, real=0.01 secs] 
2019-01-03T05:33:22.417+0900: 217848.944: [GC (Allocation Failure) [PSYoungGen: 75584K->2368K(75776K)] 370936K->297896K(577024K), 0.0060855 secs] [Times: user=0.04 sys=0.00, real=0.00 secs] 
2019-01-03T05:33:40.665+0900: 217867.192: [GC (Allocation Failure) [PSYoungGen: 75584K->2368K(75776K)] 371112K->298072K(577024K), 0.0055782 secs] [Times: user=0.01 sys=0.03, real=0.00 secs] 
2019-01-03T05:33:58.970+0900: 217885.497: [GC (Allocation Failure) [PSYoungGen: 75584K->2368K(75776K)] 371288K->298256K(577024K), 0.0055569 secs] [Times: user=0.01 sys=0.03, real=0.01 secs] 
2019-01-03T05:34:17.358+0900: 217903.884: [GC (Allocation Failure) [PSYoungGen: 75584K->2336K(75776K)] 371472K->298400K(577024K), 0.0051442 secs] [Times: user=0.00 sys=0.02, real=0.00 secs] 
2019-01-03T05:34:35.706+0900: 217922.233: [GC (Allocation Failure) [PSYoungGen: 75552K->2400K(75776K)] 371616K->298640K(577024K), 0.0062467 secs] [Times: user=0.02 sys=0.03, real=0.00 secs] 
2019-01-03T05:34:53.941+0900: 217940.468: [GC (Allocation Failure) [PSYoungGen: 75616K->2368K(75776K)] 371856K->298784K(577024K), 0.0061949 secs] [Times: user=0.04 sys=0.00, real=0.01 secs] 
2019-01-03T05:35:12.294+0900: 217958.821: [GC (Allocation Failure) [PSYoungGen: 75584K->2336K(75776K)] 372000K->298928K(577024K), 0.0055761 secs] [Times: user=0.01 sys=0.03, real=0.00 secs] 
2019-01-03T05:35:30.677+0900: 217977.203: [GC (Allocation Failure) [PSYoungGen: 75552K->2368K(75776K)] 372144K->299128K(577024K), 0.0056782 secs] [Times: user=0.01 sys=0.02, real=0.00 secs] 
2019-01-03T05:35:48.995+0900: 217995.521: [GC (Allocation Failure) [PSYoungGen: 75584K->2368K(75776K)] 372344K->299288K(577024K), 0.0051563 secs] [Times: user=0.00 sys=0.03, real=0.00 secs] 
2019-01-03T05:36:07.224+0900: 218013.750: [GC (Allocation Failure) [PSYoungGen: 75584K->2368K(75776K)] 372504K->299464K(577024K), 0.0058296 secs] [Times: user=0.00 sys=0.03, real=0.01 secs] 
2019-01-03T05:36:25.597+0900: 218032.124: [GC (Allocation Failure) [PSYoungGen: 75584K->2336K(75776K)] 372680K->299616K(577024K), 0.0057348 secs] [Times: user=0.01 sys=0.03, real=0.00 secs] 
2019-01-03T05:36:43.941+0900: 218050.467: [GC (Allocation Failure) [PSYoungGen: 75552K->2336K(75776K)] 372832K->299800K(577024K), 0.0055947 secs] [Times: user=0.01 sys=0.03, real=0.01 secs] 
2019-01-03T05:37:02.286+0900: 218068.812: [GC (Allocation Failure) [PSYoungGen: 75552K->2432K(75776K)] 373016K->300064K(577024K), 0.0054065 secs] [Times: user=0.04 sys=0.00, real=0.00 secs] 
2019-01-03T05:37:20.363+0900: 218086.890: [GC (Allocation Failure) [PSYoungGen: 75648K->2336K(75776K)] 373280K->300152K(577024K), 0.0057859 secs] [Times: user=0.03 sys=0.00, real=0.01 secs] 
2019-01-03T05:37:38.653+0900: 218105.180: [GC (Allocation Failure) [PSYoungGen: 75552K->2336K(75776K)] 373368K->300352K(577024K), 0.0056815 secs] [Times: user=0.01 sys=0.03, real=0.01 secs] 
2019-01-03T05:37:56.961+0900: 218123.488: [GC (Allocation Failure) [PSYoungGen: 75552K->2336K(75776K)] 373568K->300544K(577024K), 0.0054476 secs] [Times: user=0.01 sys=0.02, real=0.01 secs] 
2019-01-03T05:38:15.275+0900: 218141.802: [GC (Allocation Failure) [PSYoungGen: 75552K->2336K(75776K)] 373760K->300712K(577024K), 0.0058522 secs] [Times: user=0.01 sys=0.02, real=0.00 secs] 
2019-01-03T05:38:33.648+0900: 218160.174: [GC (Allocation Failure) [PSYoungGen: 75552K->2304K(75776K)] 373928K->300848K(577024K), 0.0050913 secs] [Times: user=0.01 sys=0.02, real=0.00 secs] 
2019-01-03T05:38:51.729+0900: 218178.255: [GC (Allocation Failure) [PSYoungGen: 75520K->2368K(75776K)] 374064K->301096K(577024K), 0.0051155 secs] [Times: user=0.01 sys=0.03, real=0.01 secs] 
2019-01-03T05:39:09.958+0900: 218196.485: [GC (Allocation Failure) [PSYoungGen: 75584K->2368K(75776K)] 374312K->301280K(577024K), 0.0056780 secs] [Times: user=0.01 sys=0.03, real=0.00 secs] 
2019-01-03T05:39:28.228+0900: 218214.755: [GC (Allocation Failure) [PSYoungGen: 75584K->2336K(75776K)] 374496K->301424K(577024K), 0.0054148 secs] [Times: user=0.01 sys=0.03, real=0.00 secs] 
2019-01-03T05:39:46.479+0900: 218233.005: [GC (Allocation Failure) [PSYoungGen: 75552K->2400K(75776K)] 374640K->301664K(577024K), 0.0052343 secs] [Times: user=0.01 sys=0.03, real=0.01 secs] 
2019-01-03T05:40:04.790+0900: 218251.316: [GC (Allocation Failure) [PSYoungGen: 75616K->2336K(75776K)] 374880K->301792K(577024K), 0.0051818 secs] [Times: user=0.01 sys=0.03, real=0.01 secs] 
2019-01-03T05:40:23.086+0900: 218269.613: [GC (Allocation Failure) [PSYoungGen: 75552K->2368K(75776K)] 375008K->302008K(577024K), 0.0059595 secs] [Times: user=0.01 sys=0.03, real=0.00 secs] 
2019-01-03T05:40:41.281+0900: 218287.807: [GC (Allocation Failure) [PSYoungGen: 75584K->2368K(75776K)] 375224K->302184K(577024K), 0.0054863 secs] [Times: user=0.01 sys=0.03, real=0.01 secs] 
2019-01-03T05:40:59.502+0900: 218306.029: [GC (Allocation Failure) [PSYoungGen: 75584K->2304K(75776K)] 375400K->302304K(577024K), 0.0053555 secs] [Times: user=0.01 sys=0.03, real=0.01 secs] 
2019-01-03T05:41:17.868+0900: 218324.395: [GC (Allocation Failure) [PSYoungGen: 75520K->2400K(75776K)] 375520K->302584K(577024K), 0.0057064 secs] [Times: user=0.01 sys=0.03, real=0.00 secs] 
2019-01-03T05:41:36.239+0900: 218342.765: [GC (Allocation Failure) [PSYoungGen: 75616K->2400K(75776K)] 375800K->302760K(577024K), 0.0056717 secs] [Times: user=0.01 sys=0.04, real=0.01 secs] 
2019-01-03T05:41:54.473+0900: 218360.999: [GC (Allocation Failure) [PSYoungGen: 75616K->2336K(75776K)] 375976K->302864K(577024K), 0.0060225 secs] [Times: user=0.01 sys=0.03, real=0.01 secs] 
2019-01-03T05:42:12.726+0900: 218379.253: [GC (Allocation Failure) [PSYoungGen: 75552K->2304K(75776K)] 376080K->303008K(577024K), 0.0055555 secs] [Times: user=0.04 sys=0.00, real=0.00 secs] 
2019-01-03T05:42:31.051+0900: 218397.578: [GC (Allocation Failure) [PSYoungGen: 75520K->2304K(75776K)] 376224K->303208K(577024K), 0.0052251 secs] [Times: user=0.01 sys=0.03, real=0.01 secs] 
2019-01-03T05:42:49.388+0900: 218415.915: [GC (Allocation Failure) [PSYoungGen: 75520K->2304K(75776K)] 376424K->303384K(577024K), 0.0055225 secs] [Times: user=0.04 sys=0.00, real=0.00 secs] 
2019-01-03T05:43:07.741+0900: 218434.267: [GC (Allocation Failure) [PSYoungGen: 75520K->2368K(75776K)] 376600K->303624K(577024K), 0.0054601 secs] [Times: user=0.04 sys=0.00, real=0.01 secs] 
2019-01-03T05:43:25.837+0900: 218452.364: [GC (Allocation Failure) [PSYoungGen: 75584K->2432K(75776K)] 376840K->303872K(577024K), 0.0052138 secs] [Times: user=0.01 sys=0.02, real=0.00 secs] 
2019-01-03T05:43:44.120+0900: 218470.647: [GC (Allocation Failure) [PSYoungGen: 75648K->2400K(75776K)] 377088K->304016K(577024K), 0.0065984 secs] [Times: user=0.04 sys=0.00, real=0.01 secs] 
2019-01-03T05:44:02.368+0900: 218488.895: [GC (Allocation Failure) [PSYoungGen: 75616K->2336K(75776K)] 377232K->304128K(577024K), 0.0057860 secs] [Times: user=0.01 sys=0.03, real=0.01 secs] 
2019-01-03T05:44:20.703+0900: 218507.230: [GC (Allocation Failure) [PSYoungGen: 75552K->2304K(75776K)] 377344K->304280K(577024K), 0.0057550 secs] [Times: user=0.01 sys=0.03, real=0.01 secs] 
2019-01-03T05:44:39.003+0900: 218525.530: [GC (Allocation Failure) [PSYoungGen: 75520K->2336K(75776K)] 377496K->304496K(577024K), 0.0052329 secs] [Times: user=0.01 sys=0.03, real=0.01 secs] 
2019-01-03T05:44:57.193+0900: 218543.720: [GC (Allocation Failure) [PSYoungGen: 75552K->2368K(75776K)] 377712K->304696K(577024K), 0.0048740 secs] [Times: user=0.01 sys=0.03, real=0.01 secs] 
2019-01-03T05:45:15.477+0900: 218562.004: [GC (Allocation Failure) [PSYoungGen: 75584K->2368K(75776K)] 377912K->304864K(577024K), 0.0061596 secs] [Times: user=0.04 sys=0.00, real=0.00 secs] 
2019-01-03T05:45:33.776+0900: 218580.303: [GC (Allocation Failure) [PSYoungGen: 75584K->2400K(75776K)] 378080K->305056K(577024K), 0.0055852 secs] [Times: user=0.04 sys=0.00, real=0.00 secs] 
2019-01-03T05:45:52.107+0900: 218598.634: [GC (Allocation Failure) [PSYoungGen: 75616K->2336K(75776K)] 378272K->305184K(577024K), 0.0053887 secs] [Times: user=0.01 sys=0.03, real=0.00 secs] 
2019-01-03T05:46:10.402+0900: 218616.928: [GC (Allocation Failure) [PSYoungGen: 75552K->2336K(75776K)] 378400K->305360K(577024K), 0.0058172 secs] [Times: user=0.04 sys=0.00, real=0.01 secs] 
2019-01-03T05:46:28.554+0900: 218635.081: [GC (Allocation Failure) [PSYoungGen: 75552K->2368K(75776K)] 378576K->305560K(577024K), 0.0057374 secs] [Times: user=0.02 sys=0.03, real=0.00 secs] 
2019-01-03T05:46:46.760+0900: 218653.287: [GC (Allocation Failure) [PSYoungGen: 75584K->2368K(75776K)] 378776K->305760K(577024K), 0.0054466 secs] [Times: user=0.01 sys=0.03, real=0.01 secs] 
2019-01-03T05:47:05.021+0900: 218671.548: [GC (Allocation Failure) [PSYoungGen: 75584K->2400K(75776K)] 378976K->305960K(577024K), 0.0052951 secs] [Times: user=0.01 sys=0.02, real=0.01 secs] 
2019-01-03T05:47:23.372+0900: 218689.899: [GC (Allocation Failure) [PSYoungGen: 75616K->2368K(75776K)] 379176K->306104K(577024K), 0.0053871 secs] [Times: user=0.01 sys=0.03, real=0.01 secs] 
2019-01-03T05:47:41.678+0900: 218708.205: [GC (Allocation Failure) [PSYoungGen: 75584K->2304K(75776K)] 379320K->306208K(577024K), 0.0068176 secs] [Times: user=0.01 sys=0.03, real=0.01 secs] 
2019-01-03T05:47:59.917+0900: 218726.444: [GC (Allocation Failure) [PSYoungGen: 75520K->2400K(75776K)] 379424K->306488K(577024K), 0.0058466 secs] [Times: user=0.05 sys=0.00, real=0.00 secs] 
2019-01-03T05:48:18.132+0900: 218744.659: [GC (Allocation Failure) [PSYoungGen: 75616K->2304K(75776K)] 379704K->306576K(577024K), 0.0053394 secs] [Times: user=0.01 sys=0.03, real=0.01 secs] 
2019-01-03T05:48:36.446+0900: 218762.973: [GC (Allocation Failure) [PSYoungGen: 75520K->2368K(75776K)] 379792K->306816K(577024K), 0.0055209 secs] [Times: user=0.01 sys=0.03, real=0.00 secs] 
2019-01-03T05:48:54.769+0900: 218781.296: [GC (Allocation Failure) [PSYoungGen: 75584K->2336K(75776K)] 380032K->306952K(577024K), 0.0057038 secs] [Times: user=0.01 sys=0.03, real=0.01 secs] 
2019-01-03T05:49:13.087+0900: 218799.613: [GC (Allocation Failure) [PSYoungGen: 75552K->2368K(75776K)] 380168K->307160K(577024K), 0.0068321 secs] [Times: user=0.04 sys=0.00, real=0.01 secs] 
2019-01-03T05:49:31.283+0900: 218817.810: [GC (Allocation Failure) [PSYoungGen: 75584K->2304K(75776K)] 380376K->307272K(577024K), 0.0058000 secs] [Times: user=0.04 sys=0.00, real=0.01 secs] 
2019-01-03T05:49:49.624+0900: 218836.151: [GC (Allocation Failure) [PSYoungGen: 75520K->2336K(75776K)] 380488K->307504K(577024K), 0.0056580 secs] [Times: user=0.01 sys=0.03, real=0.00 secs] 
2019-01-03T05:50:07.934+0900: 218854.461: [GC (Allocation Failure) [PSYoungGen: 75552K->2304K(75776K)] 380720K->307648K(577024K), 0.0056639 secs] [Times: user=0.04 sys=0.00, real=0.00 secs] 
2019-01-03T05:50:26.275+0900: 218872.802: [GC (Allocation Failure) [PSYoungGen: 75520K->2336K(75776K)] 380864K->307848K(577024K), 0.0056372 secs] [Times: user=0.01 sys=0.03, real=0.00 secs] 
2019-01-03T05:50:44.572+0900: 218891.099: [GC (Allocation Failure) [PSYoungGen: 75552K->2336K(75776K)] 381064K->308016K(577024K), 0.0056167 secs] [Times: user=0.01 sys=0.03, real=0.01 secs] 
2019-01-03T05:51:02.745+0900: 218909.272: [GC (Allocation Failure) [PSYoungGen: 75552K->2304K(75776K)] 381232K->308144K(577024K), 0.0057794 secs] [Times: user=0.01 sys=0.02, real=0.00 secs] 
2019-01-03T05:51:21.006+0900: 218927.532: [GC (Allocation Failure) [PSYoungGen: 75520K->2336K(75776K)] 381360K->308344K(577024K), 0.0051170 secs] [Times: user=0.03 sys=0.00, real=0.00 secs] 
2019-01-03T05:51:39.401+0900: 218945.928: [GC (Allocation Failure) [PSYoungGen: 75552K->2400K(75776K)] 381560K->308592K(577024K), 0.0061500 secs] [Times: user=0.01 sys=0.03, real=0.01 secs] 
2019-01-03T05:51:57.743+0900: 218964.269: [GC (Allocation Failure) [PSYoungGen: 75616K->2336K(75776K)] 381808K->308704K(577024K), 0.0056045 secs] [Times: user=0.01 sys=0.03, real=0.01 secs] 
2019-01-03T05:52:15.933+0900: 218982.460: [GC (Allocation Failure) [PSYoungGen: 75552K->2368K(75776K)] 381920K->308912K(577024K), 0.0056752 secs] [Times: user=0.01 sys=0.03, real=0.01 secs] 
2019-01-03T05:52:34.163+0900: 219000.690: [GC (Allocation Failure) [PSYoungGen: 75584K->2304K(75776K)] 382128K->309032K(577024K), 0.0056943 secs] [Times: user=0.01 sys=0.02, real=0.01 secs] 
2019-01-03T05:52:52.542+0900: 219019.068: [GC (Allocation Failure) [PSYoungGen: 75520K->2304K(75776K)] 382248K->309208K(577024K), 0.0054602 secs] [Times: user=0.01 sys=0.03, real=0.01 secs] 
2019-01-03T05:53:10.858+0900: 219037.385: [GC (Allocation Failure) [PSYoungGen: 75520K->2272K(75776K)] 382424K->309352K(577024K), 0.0054785 secs] [Times: user=0.03 sys=0.00, real=0.01 secs] 
2019-01-03T05:53:29.196+0900: 219055.723: [GC (Allocation Failure) [PSYoungGen: 75488K->2336K(75776K)] 382568K->309600K(577024K), 0.0056441 secs] [Times: user=0.01 sys=0.03, real=0.00 secs] 
2019-01-03T05:53:47.323+0900: 219073.850: [GC (Allocation Failure) [PSYoungGen: 75552K->2304K(75776K)] 382816K->309744K(577024K), 0.0055964 secs] [Times: user=0.04 sys=0.00, real=0.01 secs] 
2019-01-03T05:54:05.656+0900: 219092.183: [GC (Allocation Failure) [PSYoungGen: 75520K->2368K(75776K)] 382960K->309976K(577024K), 0.0059755 secs] [Times: user=0.01 sys=0.03, real=0.00 secs] 
2019-01-03T05:54:24.072+0900: 219110.599: [GC (Allocation Failure) [PSYoungGen: 75584K->2368K(75776K)] 383192K->310152K(577024K), 0.0055604 secs] [Times: user=0.01 sys=0.03, real=0.01 secs] 
2019-01-03T05:54:42.423+0900: 219128.950: [GC (Allocation Failure) [PSYoungGen: 75584K->2336K(75776K)] 383368K->310288K(577024K), 0.0058404 secs] [Times: user=0.05 sys=0.00, real=0.01 secs] 
2019-01-03T05:55:00.622+0900: 219147.148: [GC (Allocation Failure) [PSYoungGen: 75552K->2304K(75776K)] 383504K->310440K(577024K), 0.0050986 secs] [Times: user=0.01 sys=0.03, real=0.01 secs] 
2019-01-03T05:55:18.863+0900: 219165.389: [GC (Allocation Failure) [PSYoungGen: 75520K->2304K(75776K)] 383656K->310600K(577024K), 0.0060281 secs] [Times: user=0.04 sys=0.00, real=0.01 secs] 
2019-01-03T05:55:37.244+0900: 219183.770: [GC (Allocation Failure) [PSYoungGen: 75520K->2336K(75776K)] 383816K->310808K(577024K), 0.0058749 secs] [Times: user=0.04 sys=0.00, real=0.00 secs] 
2019-01-03T05:55:55.549+0900: 219202.076: [GC (Allocation Failure) [PSYoungGen: 75552K->2336K(75776K)] 384024K->310992K(577024K), 0.0055465 secs] [Times: user=0.01 sys=0.03, real=0.01 secs] 
2019-01-03T05:56:13.873+0900: 219220.400: [GC (Allocation Failure) [PSYoungGen: 75552K->2336K(75776K)] 384208K->311176K(577024K), 0.0049560 secs] [Times: user=0.01 sys=0.03, real=0.01 secs] 
2019-01-03T05:56:31.981+0900: 219238.507: [GC (Allocation Failure) [PSYoungGen: 75552K->2400K(75776K)] 384392K->311424K(577024K), 0.0057662 secs] [Times: user=0.01 sys=0.03, real=0.01 secs] 
2019-01-03T05:56:50.333+0900: 219256.860: [GC (Allocation Failure) [PSYoungGen: 75616K->2304K(75776K)] 384640K->311496K(577024K), 0.0049973 secs] [Times: user=0.01 sys=0.03, real=0.01 secs] 
2019-01-03T05:57:08.728+0900: 219275.255: [GC (Allocation Failure) [PSYoungGen: 75520K->2368K(75776K)] 384712K->311736K(577024K), 0.0057409 secs] [Times: user=0.01 sys=0.03, real=0.01 secs] 
2019-01-03T05:57:27.066+0900: 219293.592: [GC (Allocation Failure) [PSYoungGen: 75584K->2368K(75776K)] 384952K->311928K(577024K), 0.0062595 secs] [Times: user=0.01 sys=0.03, real=0.00 secs] 
2019-01-03T05:57:45.269+0900: 219311.796: [GC (Allocation Failure) [PSYoungGen: 75584K->2400K(75776K)] 385144K->312128K(577024K), 0.0061743 secs] [Times: user=0.01 sys=0.03, real=0.01 secs] 
2019-01-03T05:58:03.495+0900: 219330.022: [GC (Allocation Failure) [PSYoungGen: 75616K->2336K(75776K)] 385344K->312240K(577024K), 0.0056948 secs] [Times: user=0.04 sys=0.00, real=0.00 secs] 
2019-01-03T05:58:21.805+0900: 219348.332: [GC (Allocation Failure) [PSYoungGen: 75552K->2400K(75776K)] 385456K->312488K(577024K), 0.0058141 secs] [Times: user=0.01 sys=0.04, real=0.00 secs] 
2019-01-03T05:58:40.146+0900: 219366.673: [GC (Allocation Failure) [PSYoungGen: 75616K->2336K(75776K)] 385704K->312608K(577024K), 0.0065414 secs] [Times: user=0.01 sys=0.03, real=0.00 secs] 
2019-01-03T05:58:58.473+0900: 219385.000: [GC (Allocation Failure) [PSYoungGen: 75552K->2368K(75776K)] 385824K->312816K(577024K), 0.0056959 secs] [Times: user=0.02 sys=0.03, real=0.01 secs] 
2019-01-03T05:59:16.639+0900: 219403.166: [GC (Allocation Failure) [PSYoungGen: 75584K->2368K(75776K)] 386032K->312992K(577024K), 0.0057955 secs] [Times: user=0.01 sys=0.03, real=0.01 secs] 
2019-01-03T05:59:34.953+0900: 219421.480: [GC (Allocation Failure) [PSYoungGen: 75584K->2304K(75776K)] 386208K->313104K(577024K), 0.0050677 secs] [Times: user=0.01 sys=0.03, real=0.01 secs] 
2019-01-03T05:59:53.269+0900: 219439.796: [GC (Allocation Failure) [PSYoungGen: 75520K->2336K(75776K)] 386320K->313320K(577024K), 0.0054185 secs] [Times: user=0.03 sys=0.00, real=0.01 secs] 
2019-01-03T06:00:11.593+0900: 219458.120: [GC (Allocation Failure) [PSYoungGen: 75552K->2368K(75776K)] 386536K->313520K(577024K), 0.0058065 secs] [Times: user=0.01 sys=0.03, real=0.01 secs] 
2019-01-03T06:00:29.934+0900: 219476.461: [GC (Allocation Failure) [PSYoungGen: 75584K->2336K(75776K)] 386736K->313664K(577024K), 0.0081624 secs] [Times: user=0.02 sys=0.03, real=0.00 secs] 
2019-01-03T06:00:48.207+0900: 219494.734: [GC (Allocation Failure) [PSYoungGen: 75552K->2336K(75776K)] 386880K->313832K(577024K), 0.0061463 secs] [Times: user=0.00 sys=0.03, real=0.01 secs] 
2019-01-03T06:01:06.528+0900: 219513.055: [GC (Allocation Failure) [PSYoungGen: 75552K->2336K(75776K)] 387048K->314024K(577024K), 0.0058237 secs] [Times: user=0.04 sys=0.00, real=0.01 secs] 
2019-01-03T06:01:24.901+0900: 219531.427: [GC (Allocation Failure) [PSYoungGen: 75552K->2304K(75776K)] 387240K->314176K(577024K), 0.0054299 secs] [Times: user=0.04 sys=0.00, real=0.01 secs] 
2019-01-03T06:01:43.229+0900: 219549.756: [GC (Allocation Failure) [PSYoungGen: 75520K->2336K(75776K)] 387392K->314392K(577024K), 0.0055625 secs] [Times: user=0.01 sys=0.03, real=0.01 secs] 
2019-01-03T06:02:01.579+0900: 219568.106: [GC (Allocation Failure) [PSYoungGen: 75552K->2304K(75776K)] 387608K->314536K(577024K), 0.0058244 secs] [Times: user=0.01 sys=0.03, real=0.01 secs] 
2019-01-03T06:02:19.927+0900: 219586.454: [GC (Allocation Failure) [PSYoungGen: 75520K->2368K(75776K)] 387752K->314768K(577024K), 0.0056823 secs] [Times: user=0.04 sys=0.00, real=0.00 secs] 
2019-01-03T06:02:38.291+0900: 219604.818: [GC (Allocation Failure) [PSYoungGen: 75584K->2336K(75776K)] 387984K->314912K(577024K), 0.0060996 secs] [Times: user=0.00 sys=0.03, real=0.01 secs] 
2019-01-03T06:02:56.521+0900: 219623.047: [GC (Allocation Failure) [PSYoungGen: 75552K->2560K(75776K)] 388128K->315352K(577024K), 0.0058996 secs] [Times: user=0.04 sys=0.00, real=0.01 secs] 
2019-01-03T06:03:14.728+0900: 219641.255: [GC (Allocation Failure) [PSYoungGen: 75776K->2464K(75264K)] 388568K->315552K(576512K), 0.0058250 secs] [Times: user=0.01 sys=0.03, real=0.01 secs] 
2019-01-03T06:03:32.980+0900: 219659.507: [GC (Allocation Failure) [PSYoungGen: 75168K->2464K(75776K)] 388256K->315552K(577024K), 0.0065097 secs] [Times: user=0.04 sys=0.00, real=0.01 secs] 
2019-01-03T06:03:51.236+0900: 219677.763: [GC (Allocation Failure) [PSYoungGen: 75168K->2400K(75776K)] 388256K->315680K(577024K), 0.0051200 secs] [Times: user=0.01 sys=0.03, real=0.00 secs] 
2019-01-03T06:04:09.496+0900: 219696.023: [GC (Allocation Failure) [PSYoungGen: 75104K->2208K(75776K)] 388384K->315664K(577024K), 0.0053728 secs] [Times: user=0.01 sys=0.03, real=0.00 secs] 
2019-01-03T06:04:27.732+0900: 219714.259: [GC (Allocation Failure) [PSYoungGen: 74912K->2080K(75776K)] 388368K->315704K(577024K), 0.0055131 secs] [Times: user=0.01 sys=0.02, real=0.01 secs] 
2019-01-03T06:04:45.953+0900: 219732.480: [GC (Allocation Failure) [PSYoungGen: 74784K->2016K(75776K)] 388408K->315816K(577024K), 0.0053228 secs] [Times: user=0.00 sys=0.03, real=0.01 secs] 
2019-01-03T06:05:04.030+0900: 219750.556: [GC (Allocation Failure) [PSYoungGen: 74720K->1888K(75776K)] 388520K->315856K(577024K), 0.0060213 secs] [Times: user=0.01 sys=0.02, real=0.01 secs] 
2019-01-03T06:05:22.180+0900: 219768.707: [GC (Allocation Failure) [PSYoungGen: 74592K->1824K(75776K)] 388560K->315976K(577024K), 0.0055405 secs] [Times: user=0.01 sys=0.03, real=0.01 secs] 
2019-01-03T06:05:40.364+0900: 219786.891: [GC (Allocation Failure) [PSYoungGen: 74528K->1664K(75776K)] 388680K->315984K(577024K), 0.0046333 secs] [Times: user=0.01 sys=0.02, real=0.00 secs] 
2019-01-03T06:05:58.483+0900: 219805.009: [GC (Allocation Failure) [PSYoungGen: 74368K->1568K(75776K)] 388688K->316056K(577024K), 0.0049160 secs] [Times: user=0.01 sys=0.02, real=0.01 secs] 
2019-01-03T06:06:16.715+0900: 219823.242: [GC (Allocation Failure) [PSYoungGen: 74272K->1408K(75776K)] 388760K->316080K(577024K), 0.0052356 secs] [Times: user=0.01 sys=0.03, real=0.00 secs] 
2019-01-03T06:06:34.952+0900: 219841.479: [GC (Allocation Failure) [PSYoungGen: 74112K->1376K(75776K)] 388784K->316216K(577024K), 0.0044004 secs] [Times: user=0.01 sys=0.03, real=0.01 secs] 
2019-01-03T06:06:53.194+0900: 219859.721: [GC (Allocation Failure) [PSYoungGen: 74080K->1216K(75776K)] 388920K->316232K(577024K), 0.0050624 secs] [Times: user=0.03 sys=0.00, real=0.00 secs] 
2019-01-03T06:07:11.431+0900: 219877.958: [GC (Allocation Failure) [PSYoungGen: 73920K->1120K(75776K)] 388936K->316320K(577024K), 0.0048289 secs] [Times: user=0.01 sys=0.03, real=0.01 secs] 
2019-01-03T06:07:29.599+0900: 219896.126: [GC (Allocation Failure) [PSYoungGen: 73824K->896K(75776K)] 389024K->316376K(577024K), 0.0055987 secs] [Times: user=0.04 sys=0.00, real=0.01 secs] 
2019-01-03T06:07:47.743+0900: 219914.270: [GC (Allocation Failure) [PSYoungGen: 73600K->992K(75776K)] 389080K->316544K(577024K), 0.0035079 secs] [Times: user=0.02 sys=0.00, real=0.01 secs] 
2019-01-03T06:08:05.926+0900: 219932.453: [GC (Allocation Failure) [PSYoungGen: 73696K->1056K(75776K)] 389248K->316688K(577024K), 0.0042248 secs] [Times: user=0.03 sys=0.00, real=0.00 secs] 
2019-01-03T06:08:24.168+0900: 219950.695: [GC (Allocation Failure) [PSYoungGen: 73760K->1184K(75776K)] 389392K->316888K(577024K), 0.0043707 secs] [Times: user=0.00 sys=0.02, real=0.00 secs] 
2019-01-03T06:08:42.350+0900: 219968.876: [GC (Allocation Failure) [PSYoungGen: 73888K->1312K(75776K)] 389592K->317088K(577024K), 0.0043347 secs] [Times: user=0.01 sys=0.02, real=0.01 secs] 
2019-01-03T06:09:00.529+0900: 219987.056: [GC (Allocation Failure) [PSYoungGen: 74016K->1440K(75776K)] 389792K->317296K(577024K), 0.0044538 secs] [Times: user=0.03 sys=0.00, real=0.01 secs] 
2019-01-03T06:09:18.752+0900: 220005.279: [GC (Allocation Failure) [PSYoungGen: 74144K->1536K(75776K)] 390000K->317472K(577024K), 0.0050076 secs] [Times: user=0.03 sys=0.00, real=0.01 secs] 
2019-01-03T06:09:36.781+0900: 220023.308: [GC (Allocation Failure) [PSYoungGen: 74240K->1664K(74752K)] 390176K->317680K(576000K), 0.0049011 secs] [Times: user=0.01 sys=0.02, real=0.01 secs] 
2019-01-03T06:09:54.992+0900: 220041.519: [GC (Allocation Failure) [PSYoungGen: 74368K->1728K(75264K)] 390384K->317824K(576512K), 0.0047131 secs] [Times: user=0.00 sys=0.02, real=0.01 secs] 
2019-01-03T06:10:13.184+0900: 220059.711: [GC (Allocation Failure) [PSYoungGen: 74432K->1824K(75264K)] 390528K->318000K(576512K), 0.0047292 secs] [Times: user=0.01 sys=0.02, real=0.00 secs] 
2019-01-03T06:10:31.310+0900: 220077.837: [GC (Allocation Failure) [PSYoungGen: 74528K->1952K(75264K)] 390704K->318208K(576512K), 0.0048972 secs] [Times: user=0.03 sys=0.00, real=0.01 secs] 
2019-01-03T06:10:49.419+0900: 220095.945: [GC (Allocation Failure) [PSYoungGen: 74656K->2080K(75264K)] 390912K->318424K(576512K), 0.0047838 secs] [Times: user=0.03 sys=0.00, real=0.00 secs] 
2019-01-03T06:11:07.610+0900: 220114.137: [GC (Allocation Failure) [PSYoungGen: 74784K->2144K(75776K)] 391128K->318576K(577024K), 0.0050890 secs] [Times: user=0.03 sys=0.00, real=0.01 secs] 
2019-01-03T06:11:25.827+0900: 220132.354: [GC (Allocation Failure) [PSYoungGen: 74848K->2176K(75776K)] 391280K->318704K(577024K), 0.0058465 secs] [Times: user=0.00 sys=0.03, real=0.00 secs] 
2019-01-03T06:11:43.900+0900: 220150.427: [GC (Allocation Failure) [PSYoungGen: 74880K->2240K(75776K)] 391408K->318872K(577024K), 0.0055668 secs] [Times: user=0.01 sys=0.03, real=0.01 secs] 
2019-01-03T06:12:02.199+0900: 220168.726: [GC (Allocation Failure) [PSYoungGen: 74944K->2304K(75776K)] 391576K->319064K(577024K), 0.0056338 secs] [Times: user=0.04 sys=0.00, real=0.01 secs] 
2019-01-03T06:12:20.464+0900: 220186.990: [GC (Allocation Failure) [PSYoungGen: 75008K->2336K(75776K)] 391768K->319248K(577024K), 0.0056058 secs] [Times: user=0.01 sys=0.02, real=0.01 secs] 
2019-01-03T06:12:38.686+0900: 220205.213: [GC (Allocation Failure) [PSYoungGen: 75040K->2304K(75776K)] 391952K->319400K(577024K), 0.0052590 secs] [Times: user=0.04 sys=0.00, real=0.00 secs] 
2019-01-03T06:12:56.874+0900: 220223.400: [GC (Allocation Failure) [PSYoungGen: 75008K->2336K(75264K)] 392104K->319600K(576512K), 0.0057463 secs] [Times: user=0.04 sys=0.00, real=0.01 secs] 
2019-01-03T06:13:14.956+0900: 220241.482: [GC (Allocation Failure) [PSYoungGen: 74528K->2368K(75776K)] 391792K->319808K(577024K), 0.0056218 secs] [Times: user=0.01 sys=0.03, real=0.00 secs] 
2019-01-03T06:13:32.912+0900: 220259.439: [GC (Allocation Failure) [PSYoungGen: 74560K->2336K(75776K)] 392000K->319936K(577024K), 0.0062495 secs] [Times: user=0.00 sys=0.03, real=0.01 secs] 
2019-01-03T06:13:50.942+0900: 220277.469: [GC (Allocation Failure) [PSYoungGen: 74528K->2336K(75776K)] 392128K->320104K(577024K), 0.0058614 secs] [Times: user=0.01 sys=0.03, real=0.01 secs] 
2019-01-03T06:14:09.001+0900: 220295.528: [GC (Allocation Failure) [PSYoungGen: 74528K->2304K(75776K)] 392296K->320248K(577024K), 0.0054602 secs] [Times: user=0.01 sys=0.03, real=0.01 secs] 
2019-01-03T06:14:26.979+0900: 220313.505: [GC (Allocation Failure) [PSYoungGen: 74496K->2336K(75776K)] 392440K->320440K(577024K), 0.0051256 secs] [Times: user=0.01 sys=0.02, real=0.01 secs] 
2019-01-03T06:14:45.051+0900: 220331.577: [GC (Allocation Failure) [PSYoungGen: 74528K->2336K(74752K)] 392632K->320616K(576000K), 0.0056732 secs] [Times: user=0.01 sys=0.03, real=0.01 secs] 
2019-01-03T06:15:03.127+0900: 220349.654: [GC (Allocation Failure) [PSYoungGen: 74528K->2304K(75264K)] 392808K->320760K(576512K), 0.0064396 secs] [Times: user=0.04 sys=0.00, real=0.00 secs] 
2019-01-03T06:15:21.229+0900: 220367.755: [GC (Allocation Failure) [PSYoungGen: 74496K->2272K(75264K)] 392952K->320896K(576512K), 0.0054447 secs] [Times: user=0.01 sys=0.03, real=0.01 secs] 
2019-01-03T06:15:39.203+0900: 220385.730: [GC (Allocation Failure) [PSYoungGen: 74464K->2304K(75264K)] 393088K->321112K(576512K), 0.0058268 secs] [Times: user=0.04 sys=0.00, real=0.01 secs] 
2019-01-03T06:15:57.192+0900: 220403.719: [GC (Allocation Failure) [PSYoungGen: 74496K->2272K(75264K)] 393304K->321256K(576512K), 0.0055525 secs] [Times: user=0.01 sys=0.03, real=0.01 secs] 
2019-01-03T06:16:15.179+0900: 220421.706: [GC (Allocation Failure) [PSYoungGen: 74464K->2304K(75264K)] 393448K->321472K(576512K), 0.0064972 secs] [Times: user=0.02 sys=0.03, real=0.01 secs] 
2019-01-03T06:16:33.236+0900: 220439.763: [GC (Allocation Failure) [PSYoungGen: 74496K->2272K(75264K)] 393664K->321640K(576512K), 0.0057246 secs] [Times: user=0.04 sys=0.00, real=0.00 secs] 
2019-01-03T06:16:51.272+0900: 220457.799: [GC (Allocation Failure) [PSYoungGen: 74464K->2304K(75264K)] 393832K->321880K(576512K), 0.0066312 secs] [Times: user=0.05 sys=0.00, real=0.01 secs] 
2019-01-03T06:17:09.224+0900: 220475.751: [GC (Allocation Failure) [PSYoungGen: 74496K->2336K(75264K)] 394072K->322096K(576512K), 0.0060239 secs] [Times: user=0.04 sys=0.00, real=0.00 secs] 
2019-01-03T06:17:27.139+0900: 220493.666: [GC (Allocation Failure) [PSYoungGen: 74528K->2304K(75264K)] 394288K->322232K(576512K), 0.0054097 secs] [Times: user=0.01 sys=0.03, real=0.01 secs] 
2019-01-03T06:17:45.205+0900: 220511.731: [GC (Allocation Failure) [PSYoungGen: 74496K->2304K(75264K)] 394424K->322392K(576512K), 0.0049651 secs] [Times: user=0.01 sys=0.02, real=0.00 secs] 
2019-01-03T06:18:03.240+0900: 220529.767: [GC (Allocation Failure) [PSYoungGen: 74496K->2304K(75264K)] 394584K->322576K(576512K), 0.0059030 secs] [Times: user=0.01 sys=0.03, real=0.01 secs] 
2019-01-03T06:18:21.325+0900: 220547.852: [GC (Allocation Failure) [PSYoungGen: 74496K->2272K(75264K)] 394768K->322728K(576512K), 0.0054939 secs] [Times: user=0.01 sys=0.03, real=0.00 secs] 
2019-01-03T06:18:39.402+0900: 220565.928: [GC (Allocation Failure) [PSYoungGen: 74464K->2272K(75264K)] 394920K->322912K(576512K), 0.0051344 secs] [Times: user=0.01 sys=0.03, real=0.01 secs] 
2019-01-03T06:18:57.425+0900: 220583.952: [GC (Allocation Failure) [PSYoungGen: 74464K->2272K(75264K)] 395104K->323088K(576512K), 0.0051591 secs] [Times: user=0.01 sys=0.03, real=0.00 secs] 
2019-01-03T06:19:15.442+0900: 220601.969: [GC (Allocation Failure) [PSYoungGen: 74464K->2336K(75264K)] 395280K->323328K(576512K), 0.0054079 secs] [Times: user=0.01 sys=0.03, real=0.01 secs] 
2019-01-03T06:19:33.446+0900: 220619.972: [GC (Allocation Failure) [PSYoungGen: 74528K->2368K(75264K)] 395520K->323528K(576512K), 0.0055093 secs] [Times: user=0.04 sys=0.00, real=0.00 secs] 
2019-01-03T06:19:51.522+0900: 220638.048: [GC (Allocation Failure) [PSYoungGen: 74560K->2304K(75264K)] 395720K->323648K(576512K), 0.0055464 secs] [Times: user=0.04 sys=0.00, real=0.01 secs] 
2019-01-03T06:20:09.586+0900: 220656.112: [GC (Allocation Failure) [PSYoungGen: 74496K->2336K(75264K)] 395840K->323864K(576512K), 0.0068265 secs] [Times: user=0.02 sys=0.03, real=0.00 secs] 
2019-01-03T06:20:27.666+0900: 220674.193: [GC (Allocation Failure) [PSYoungGen: 74528K->2336K(74752K)] 396056K->324032K(576000K), 0.0072507 secs] [Times: user=0.00 sys=0.06, real=0.01 secs] 
2019-01-03T06:20:45.744+0900: 220692.270: [GC (Allocation Failure) [PSYoungGen: 74528K->2304K(74752K)] 396224K->324192K(576000K), 0.0058147 secs] [Times: user=0.01 sys=0.03, real=0.00 secs] 
2019-01-03T06:21:03.795+0900: 220710.321: [GC (Allocation Failure) [PSYoungGen: 74496K->2240K(74752K)] 396384K->324296K(576000K), 0.0056151 secs] [Times: user=0.04 sys=0.00, real=0.00 secs] 
2019-01-03T06:21:21.727+0900: 220728.254: [GC (Allocation Failure) [PSYoungGen: 74432K->2368K(74752K)] 396488K->324600K(576000K), 0.0059299 secs] [Times: user=0.01 sys=0.03, real=0.00 secs] 
2019-01-03T06:21:39.723+0900: 220746.250: [GC (Allocation Failure) [PSYoungGen: 74560K->2304K(74752K)] 396792K->324720K(576000K), 0.0056885 secs] [Times: user=0.01 sys=0.03, real=0.01 secs] 
2019-01-03T06:21:57.634+0900: 220764.161: [GC (Allocation Failure) [PSYoungGen: 74496K->2400K(74752K)] 396912K->325008K(576000K), 0.0056791 secs] [Times: user=0.01 sys=0.03, real=0.00 secs] 
2019-01-03T06:22:15.628+0900: 220782.155: [GC (Allocation Failure) [PSYoungGen: 74592K->2304K(74752K)] 397200K->325088K(576000K), 0.0056043 secs] [Times: user=0.01 sys=0.02, real=0.01 secs] 
2019-01-03T06:22:33.677+0900: 220800.204: [GC (Allocation Failure) [PSYoungGen: 74496K->2336K(74752K)] 397280K->325288K(576000K), 0.0055671 secs] [Times: user=0.01 sys=0.03, real=0.00 secs] 
2019-01-03T06:22:51.788+0900: 220818.314: [GC (Allocation Failure) [PSYoungGen: 74528K->2304K(74752K)] 397480K->325440K(576000K), 0.0055874 secs] [Times: user=0.01 sys=0.03, real=0.00 secs] 
2019-01-03T06:23:09.842+0900: 220836.368: [GC (Allocation Failure) [PSYoungGen: 74496K->2304K(74752K)] 397632K->325624K(576000K), 0.0063299 secs] [Times: user=0.03 sys=0.00, real=0.01 secs] 
2019-01-03T06:23:27.920+0900: 220854.447: [GC (Allocation Failure) [PSYoungGen: 74496K->2304K(74752K)] 397816K->325800K(576000K), 0.0053863 secs] [Times: user=0.02 sys=0.02, real=0.01 secs] 
2019-01-03T06:23:45.986+0900: 220872.513: [GC (Allocation Failure) [PSYoungGen: 74496K->2336K(74752K)] 397992K->326008K(576000K), 0.0056649 secs] [Times: user=0.04 sys=0.00, real=0.00 secs] 
2019-01-03T06:24:04.003+0900: 220890.530: [GC (Allocation Failure) [PSYoungGen: 74528K->2336K(74752K)] 398200K->326176K(576000K), 0.0055524 secs] [Times: user=0.04 sys=0.00, real=0.01 secs] 
2019-01-03T06:24:22.107+0900: 220908.634: [GC (Allocation Failure) [PSYoungGen: 74528K->2304K(74752K)] 398368K->326320K(576000K), 0.0053723 secs] [Times: user=0.00 sys=0.02, real=0.00 secs] 
2019-01-03T06:24:40.012+0900: 220926.538: [GC (Allocation Failure) [PSYoungGen: 74496K->2336K(74752K)] 398512K->326536K(576000K), 0.0053725 secs] [Times: user=0.01 sys=0.03, real=0.01 secs] 
2019-01-03T06:24:57.974+0900: 220944.500: [GC (Allocation Failure) [PSYoungGen: 74528K->2304K(74752K)] 398728K->326680K(576000K), 0.0054380 secs] [Times: user=0.04 sys=0.00, real=0.00 secs] 
2019-01-03T06:25:16.003+0900: 220962.530: [GC (Allocation Failure) [PSYoungGen: 74496K->2304K(74752K)] 398872K->326864K(576000K), 0.0053947 secs] [Times: user=0.01 sys=0.03, real=0.01 secs] 
2019-01-03T06:25:34.088+0900: 220980.615: [GC (Allocation Failure) [PSYoungGen: 74496K->2336K(74752K)] 399056K->327072K(576000K), 0.0054447 secs] [Times: user=0.01 sys=0.03, real=0.01 secs] 
2019-01-03T06:25:52.090+0900: 220998.617: [GC (Allocation Failure) [PSYoungGen: 74528K->2304K(74752K)] 399264K->327216K(576000K), 0.0049909 secs] [Times: user=0.01 sys=0.02, real=0.01 secs] 
2019-01-03T06:26:10.096+0900: 221016.623: [GC (Allocation Failure) [PSYoungGen: 74496K->2304K(74752K)] 399408K->327384K(576000K), 0.0054809 secs] [Times: user=0.01 sys=0.03, real=0.00 secs] 
2019-01-03T06:26:28.163+0900: 221034.690: [GC (Allocation Failure) [PSYoungGen: 74496K->2336K(74752K)] 399576K->327592K(576000K), 0.0052522 secs] [Times: user=0.00 sys=0.03, real=0.01 secs] 
2019-01-03T06:26:46.159+0900: 221052.686: [GC (Allocation Failure) [PSYoungGen: 74528K->2336K(74752K)] 399784K->327776K(576000K), 0.0055057 secs] [Times: user=0.01 sys=0.03, real=0.01 secs] 
2019-01-03T06:27:04.223+0900: 221070.750: [GC (Allocation Failure) [PSYoungGen: 74528K->2304K(74752K)] 399968K->327944K(576000K), 0.0057800 secs] [Times: user=0.01 sys=0.04, real=0.01 secs] 
2019-01-03T06:27:22.266+0900: 221088.793: [GC (Allocation Failure) [PSYoungGen: 74496K->2240K(74752K)] 400136K->328064K(576000K), 0.0051937 secs] [Times: user=0.04 sys=0.00, real=0.00 secs] 
2019-01-03T06:27:40.322+0900: 221106.849: [GC (Allocation Failure) [PSYoungGen: 74432K->2336K(74752K)] 400256K->328328K(576000K), 0.0060700 secs] [Times: user=0.01 sys=0.03, real=0.01 secs] 
2019-01-03T06:27:58.338+0900: 221124.864: [GC (Allocation Failure) [PSYoungGen: 74528K->2272K(74752K)] 400520K->328448K(576000K), 0.0057543 secs] [Times: user=0.01 sys=0.03, real=0.00 secs] 
2019-01-03T06:28:16.299+0900: 221142.826: [GC (Allocation Failure) [PSYoungGen: 74464K->2304K(74752K)] 400640K->328664K(576000K), 0.0054882 secs] [Times: user=0.01 sys=0.03, real=0.01 secs] 
2019-01-03T06:28:34.316+0900: 221160.843: [GC (Allocation Failure) [PSYoungGen: 74496K->2240K(74752K)] 400856K->328768K(576000K), 0.0060915 secs] [Times: user=0.01 sys=0.03, real=0.00 secs] 
2019-01-03T06:28:52.292+0900: 221178.819: [GC (Allocation Failure) [PSYoungGen: 74432K->2304K(74752K)] 400960K->329016K(576000K), 0.0054364 secs] [Times: user=0.03 sys=0.00, real=0.01 secs] 
2019-01-03T06:29:10.321+0900: 221196.848: [GC (Allocation Failure) [PSYoungGen: 74496K->2272K(74752K)] 401208K->329152K(576000K), 0.0059234 secs] [Times: user=0.04 sys=0.00, real=0.01 secs] 
2019-01-03T06:29:28.380+0900: 221214.907: [GC (Allocation Failure) [PSYoungGen: 74464K->2240K(74752K)] 401344K->329312K(576000K), 0.0058504 secs] [Times: user=0.01 sys=0.03, real=0.01 secs] 
2019-01-03T06:29:46.332+0900: 221232.859: [GC (Allocation Failure) [PSYoungGen: 74432K->2272K(74752K)] 401504K->329520K(576000K), 0.0054229 secs] [Times: user=0.04 sys=0.00, real=0.01 secs] 
2019-01-03T06:30:04.400+0900: 221250.927: [GC (Allocation Failure) [PSYoungGen: 74464K->2304K(74752K)] 401712K->329720K(576000K), 0.0056828 secs] [Times: user=0.01 sys=0.03, real=0.01 secs] 
2019-01-03T06:30:22.467+0900: 221268.994: [GC (Allocation Failure) [PSYoungGen: 74496K->2304K(74752K)] 401912K->329904K(576000K), 0.0054906 secs] [Times: user=0.01 sys=0.03, real=0.00 secs] 
2019-01-03T06:30:40.305+0900: 221286.831: [GC (Allocation Failure) [PSYoungGen: 74496K->2304K(74752K)] 402096K->330080K(576000K), 0.0057844 secs] [Times: user=0.01 sys=0.04, real=0.00 secs] 
2019-01-03T06:30:58.343+0900: 221304.870: [GC (Allocation Failure) [PSYoungGen: 74496K->2304K(74752K)] 402272K->330256K(576000K), 0.0050284 secs] [Times: user=0.01 sys=0.02, real=0.01 secs] 
2019-01-03T06:31:16.372+0900: 221322.899: [GC (Allocation Failure) [PSYoungGen: 74496K->2304K(74752K)] 402448K->330424K(576000K), 0.0056722 secs] [Times: user=0.00 sys=0.04, real=0.01 secs] 
2019-01-03T06:31:34.387+0900: 221340.914: [GC (Allocation Failure) [PSYoungGen: 74496K->2272K(74752K)] 402616K->330576K(576000K), 0.0060168 secs] [Times: user=0.02 sys=0.03, real=0.00 secs] 
2019-01-03T06:31:52.459+0900: 221358.986: [GC (Allocation Failure) [PSYoungGen: 74464K->2336K(74752K)] 402768K->330816K(576000K), 0.0062976 secs] [Times: user=0.04 sys=0.00, real=0.01 secs] 
2019-01-03T06:32:10.625+0900: 221377.151: [GC (Allocation Failure) [PSYoungGen: 74528K->2304K(74752K)] 403008K->330960K(576000K), 0.0058180 secs] [Times: user=0.01 sys=0.04, real=0.00 secs] 
2019-01-03T06:32:28.709+0900: 221395.235: [GC (Allocation Failure) [PSYoungGen: 74496K->2336K(74752K)] 403152K->331168K(576000K), 0.0058682 secs] [Times: user=0.01 sys=0.03, real=0.01 secs] 
2019-01-03T06:32:46.668+0900: 221413.194: [GC (Allocation Failure) [PSYoungGen: 74528K->2336K(74752K)] 403360K->331336K(576000K), 0.0054600 secs] [Times: user=0.01 sys=0.03, real=0.00 secs] 
2019-01-03T06:33:04.630+0900: 221431.157: [GC (Allocation Failure) [PSYoungGen: 74528K->2304K(74752K)] 403528K->331472K(576000K), 0.0072855 secs] [Times: user=0.05 sys=0.00, real=0.01 secs] 
2019-01-03T06:33:22.590+0900: 221449.117: [GC (Allocation Failure) [PSYoungGen: 74496K->2368K(74752K)] 403664K->331712K(576000K), 0.0054919 secs] [Times: user=0.01 sys=0.03, real=0.01 secs] 
2019-01-03T06:33:40.707+0900: 221467.234: [GC (Allocation Failure) [PSYoungGen: 74560K->2368K(74752K)] 403904K->331888K(576000K), 0.0057558 secs] [Times: user=0.03 sys=0.00, real=0.00 secs] 
2019-01-03T06:33:58.642+0900: 221485.169: [GC (Allocation Failure) [PSYoungGen: 74560K->2336K(74752K)] 404080K->332032K(576000K), 0.0057207 secs] [Times: user=0.01 sys=0.03, real=0.01 secs] 
2019-01-03T06:34:16.685+0900: 221503.211: [GC (Allocation Failure) [PSYoungGen: 74528K->2272K(74752K)] 404224K->332152K(576000K), 0.0059601 secs] [Times: user=0.01 sys=0.03, real=0.00 secs] 
2019-01-03T06:34:34.735+0900: 221521.262: [GC (Allocation Failure) [PSYoungGen: 74464K->2272K(74752K)] 404344K->332328K(576000K), 0.0061864 secs] [Times: user=0.01 sys=0.03, real=0.00 secs] 
2019-01-03T06:34:52.802+0900: 221539.329: [GC (Allocation Failure) [PSYoungGen: 74464K->2368K(74752K)] 404520K->332600K(576000K), 0.0057980 secs] [Times: user=0.01 sys=0.03, real=0.01 secs] 
2019-01-03T06:35:10.844+0900: 221557.371: [GC (Allocation Failure) [PSYoungGen: 74560K->2336K(74752K)] 404792K->332744K(576000K), 0.0059468 secs] [Times: user=0.04 sys=0.00, real=0.00 secs] 
2019-01-03T06:35:28.926+0900: 221575.453: [GC (Allocation Failure) [PSYoungGen: 74528K->2336K(74752K)] 404936K->332920K(576000K), 0.0058442 secs] [Times: user=0.01 sys=0.04, real=0.00 secs] 
2019-01-03T06:35:46.872+0900: 221593.399: [GC (Allocation Failure) [PSYoungGen: 74528K->2368K(74752K)] 405112K->333128K(576000K), 0.0060213 secs] [Times: user=0.04 sys=0.00, real=0.01 secs] 
2019-01-03T06:36:04.896+0900: 221611.423: [GC (Allocation Failure) [PSYoungGen: 74560K->2336K(74752K)] 405320K->333280K(576000K), 0.0057460 secs] [Times: user=0.01 sys=0.03, real=0.00 secs] 
2019-01-03T06:36:22.934+0900: 221629.460: [GC (Allocation Failure) [PSYoungGen: 74528K->2304K(74752K)] 405472K->333424K(576000K), 0.0056634 secs] [Times: user=0.01 sys=0.03, real=0.00 secs] 
2019-01-03T06:36:41.009+0900: 221647.535: [GC (Allocation Failure) [PSYoungGen: 74496K->2336K(74752K)] 405616K->333632K(576000K), 0.0054875 secs] [Times: user=0.01 sys=0.03, real=0.01 secs] 
2019-01-03T06:36:59.009+0900: 221665.536: [GC (Allocation Failure) [PSYoungGen: 74528K->2368K(74752K)] 405824K->333840K(576000K), 0.0055499 secs] [Times: user=0.01 sys=0.03, real=0.01 secs] 
2019-01-03T06:37:17.107+0900: 221683.634: [GC (Allocation Failure) [PSYoungGen: 74560K->2336K(74752K)] 406032K->333984K(576000K), 0.0054616 secs] [Times: user=0.01 sys=0.02, real=0.00 secs] 
2019-01-03T06:37:35.174+0900: 221701.700: [GC (Allocation Failure) [PSYoungGen: 74528K->2304K(74752K)] 406176K->334136K(576000K), 0.0064268 secs] [Times: user=0.04 sys=0.00, real=0.00 secs] 
2019-01-03T06:37:53.216+0900: 221719.743: [GC (Allocation Failure) [PSYoungGen: 74496K->2336K(74752K)] 406328K->334344K(576000K), 0.0054388 secs] [Times: user=0.03 sys=0.00, real=0.00 secs] 
2019-01-03T06:38:11.306+0900: 221737.832: [GC (Allocation Failure) [PSYoungGen: 74528K->2304K(74752K)] 406536K->334496K(576000K), 0.0051809 secs] [Times: user=0.01 sys=0.03, real=0.00 secs] 
2019-01-03T06:38:29.321+0900: 221755.848: [GC (Allocation Failure) [PSYoungGen: 74496K->2368K(74752K)] 406688K->334736K(576000K), 0.0056290 secs] [Times: user=0.01 sys=0.03, real=0.01 secs] 
2019-01-03T06:38:47.069+0900: 221773.596: [GC (Allocation Failure) [PSYoungGen: 74560K->2304K(74752K)] 406928K->334856K(576000K), 0.0057650 secs] [Times: user=0.01 sys=0.03, real=0.01 secs] 
2019-01-03T06:39:05.111+0900: 221791.637: [GC (Allocation Failure) [PSYoungGen: 74496K->2304K(74752K)] 407048K->335040K(576000K), 0.0053183 secs] [Times: user=0.00 sys=0.03, real=0.01 secs] 
2019-01-03T06:39:23.187+0900: 221809.714: [GC (Allocation Failure) [PSYoungGen: 74496K->2336K(74752K)] 407232K->335248K(576000K), 0.0059134 secs] [Times: user=0.04 sys=0.00, real=0.00 secs] 
2019-01-03T06:39:41.267+0900: 221827.794: [GC (Allocation Failure) [PSYoungGen: 74528K->2304K(74752K)] 407440K->335392K(576000K), 0.0061643 secs] [Times: user=0.01 sys=0.04, real=0.00 secs] 
2019-01-03T06:39:59.301+0900: 221845.827: [GC (Allocation Failure) [PSYoungGen: 74496K->2272K(74752K)] 407584K->335528K(576000K), 0.0054832 secs] [Times: user=0.01 sys=0.03, real=0.01 secs] 
2019-01-03T06:40:17.385+0900: 221863.912: [GC (Allocation Failure) [PSYoungGen: 74464K->2368K(74752K)] 407720K->335800K(576000K), 0.0055956 secs] [Times: user=0.01 sys=0.03, real=0.00 secs] 
2019-01-03T06:40:35.443+0900: 221881.969: [GC (Allocation Failure) [PSYoungGen: 74560K->2304K(74752K)] 407992K->335928K(576000K), 0.0056474 secs] [Times: user=0.01 sys=0.03, real=0.01 secs] 
2019-01-03T06:40:53.230+0900: 221899.756: [GC (Allocation Failure) [PSYoungGen: 74496K->2304K(74752K)] 408120K->336104K(576000K), 0.0051069 secs] [Times: user=0.01 sys=0.03, real=0.01 secs] 
2019-01-03T06:41:11.183+0900: 221917.709: [GC (Allocation Failure) [PSYoungGen: 74496K->2304K(74752K)] 408296K->336296K(576000K), 0.0057161 secs] [Times: user=0.04 sys=0.00, real=0.01 secs] 
2019-01-03T06:41:29.247+0900: 221935.774: [GC (Allocation Failure) [PSYoungGen: 74496K->2336K(74752K)] 408488K->336504K(576000K), 0.0056587 secs] [Times: user=0.01 sys=0.03, real=0.00 secs] 
2019-01-03T06:41:47.266+0900: 221953.792: [GC (Allocation Failure) [PSYoungGen: 74528K->2272K(74752K)] 408696K->336624K(576000K), 0.0056492 secs] [Times: user=0.01 sys=0.03, real=0.00 secs] 
2019-01-03T06:42:05.332+0900: 221971.858: [GC (Allocation Failure) [PSYoungGen: 74464K->2304K(74752K)] 408816K->336832K(576000K), 0.0055387 secs] [Times: user=0.01 sys=0.02, real=0.01 secs] 
2019-01-03T06:42:23.239+0900: 221989.766: [GC (Allocation Failure) [PSYoungGen: 74496K->2304K(74752K)] 409024K->336992K(576000K), 0.0059033 secs] [Times: user=0.02 sys=0.04, real=0.01 secs] 
2019-01-03T06:42:41.338+0900: 222007.864: [GC (Allocation Failure) [PSYoungGen: 74496K->2336K(74752K)] 409184K->337200K(576000K), 0.0054799 secs] [Times: user=0.04 sys=0.00, real=0.00 secs] 
2019-01-03T06:42:59.337+0900: 222025.864: [GC (Allocation Failure) [PSYoungGen: 74528K->2272K(74752K)] 409392K->337320K(576000K), 0.0057432 secs] [Times: user=0.04 sys=0.00, real=0.00 secs] 
2019-01-03T06:43:17.413+0900: 222043.939: [GC (Allocation Failure) [PSYoungGen: 74464K->2304K(74752K)] 409512K->337528K(576000K), 0.0057640 secs] [Times: user=0.01 sys=0.03, real=0.01 secs] 
2019-01-03T06:43:35.490+0900: 222062.017: [GC (Allocation Failure) [PSYoungGen: 74496K->2304K(74752K)] 409720K->337696K(576000K), 0.0056934 secs] [Times: user=0.01 sys=0.03, real=0.01 secs] 
2019-01-03T06:43:53.545+0900: 222080.072: [GC (Allocation Failure) [PSYoungGen: 74496K->2272K(74752K)] 409888K->337832K(576000K), 0.0057349 secs] [Times: user=0.01 sys=0.03, real=0.00 secs] 
2019-01-03T06:44:11.568+0900: 222098.095: [GC (Allocation Failure) [PSYoungGen: 74464K->2336K(74752K)] 410024K->338064K(576000K), 0.0059308 secs] [Times: user=0.01 sys=0.03, real=0.01 secs] 
2019-01-03T06:44:29.633+0900: 222116.160: [GC (Allocation Failure) [PSYoungGen: 74528K->2304K(74752K)] 410256K->338240K(576000K), 0.0067799 secs] [Times: user=0.06 sys=0.00, real=0.01 secs] 
2019-01-03T06:44:47.543+0900: 222134.070: [GC (Allocation Failure) [PSYoungGen: 74496K->2304K(74752K)] 410432K->338424K(576000K), 0.0055884 secs] [Times: user=0.01 sys=0.03, real=0.01 secs] 
2019-01-03T06:45:05.465+0900: 222151.992: [GC (Allocation Failure) [PSYoungGen: 74496K->2304K(74752K)] 410616K->338600K(576000K), 0.0057006 secs] [Times: user=0.04 sys=0.00, real=0.00 secs] 
2019-01-03T06:45:23.559+0900: 222170.086: [GC (Allocation Failure) [PSYoungGen: 74496K->2272K(74752K)] 410792K->338744K(576000K), 0.0059158 secs] [Times: user=0.00 sys=0.03, real=0.01 secs] 
2019-01-03T06:45:41.582+0900: 222188.109: [GC (Allocation Failure) [PSYoungGen: 74464K->2304K(74752K)] 410936K->338952K(576000K), 0.0055042 secs] [Times: user=0.01 sys=0.02, real=0.01 secs] 
2019-01-03T06:45:59.714+0900: 222206.241: [GC (Allocation Failure) [PSYoungGen: 74496K->2272K(74752K)] 411144K->339096K(576000K), 0.0057857 secs] [Times: user=0.01 sys=0.03, real=0.00 secs] 
2019-01-03T06:46:17.780+0900: 222224.307: [GC (Allocation Failure) [PSYoungGen: 74464K->2336K(74752K)] 411288K->339336K(576000K), 0.0053460 secs] [Times: user=0.04 sys=0.00, real=0.01 secs] 
2019-01-03T06:46:35.802+0900: 222242.328: [GC (Allocation Failure) [PSYoungGen: 74528K->2304K(74752K)] 411528K->339472K(576000K), 0.0058594 secs] [Times: user=0.01 sys=0.03, real=0.01 secs] 
2019-01-03T06:46:53.835+0900: 222260.362: [GC (Allocation Failure) [PSYoungGen: 74496K->2272K(74752K)] 411664K->339616K(576000K), 0.0056055 secs] [Times: user=0.01 sys=0.03, real=0.00 secs] 
2019-01-03T06:47:11.861+0900: 222278.388: [GC (Allocation Failure) [PSYoungGen: 74464K->2240K(74752K)] 411808K->339760K(576000K), 0.0055157 secs] [Times: user=0.04 sys=0.00, real=0.01 secs] 
2019-01-03T06:47:29.966+0900: 222296.493: [GC (Allocation Failure) [PSYoungGen: 74432K->2336K(74752K)] 411952K->340032K(576000K), 0.0057312 secs] [Times: user=0.01 sys=0.03, real=0.00 secs] 
2019-01-03T06:47:47.901+0900: 222314.427: [GC (Allocation Failure) [PSYoungGen: 74528K->2272K(74752K)] 412224K->340144K(576000K), 0.0050767 secs] [Times: user=0.03 sys=0.00, real=0.01 secs] 
2019-01-03T06:48:05.863+0900: 222332.390: [GC (Allocation Failure) [PSYoungGen: 74464K->2304K(74752K)] 412336K->340352K(576000K), 0.0061819 secs] [Times: user=0.01 sys=0.02, real=0.01 secs] 
2019-01-03T06:48:23.834+0900: 222350.361: [GC (Allocation Failure) [PSYoungGen: 74496K->2272K(74752K)] 412544K->340496K(576000K), 0.0059966 secs] [Times: user=0.01 sys=0.03, real=0.00 secs] 
2019-01-03T06:48:41.962+0900: 222368.488: [GC (Allocation Failure) [PSYoungGen: 74464K->2272K(74752K)] 412688K->340672K(576000K), 0.0056061 secs] [Times: user=0.01 sys=0.02, real=0.01 secs] 
2019-01-03T06:49:00.072+0900: 222386.598: [GC (Allocation Failure) [PSYoungGen: 74464K->2272K(74752K)] 412864K->340848K(576000K), 0.0055410 secs] [Times: user=0.01 sys=0.03, real=0.01 secs] 
2019-01-03T06:49:18.122+0900: 222404.649: [GC (Allocation Failure) [PSYoungGen: 74464K->2272K(74752K)] 413040K->341016K(576000K), 0.0056099 secs] [Times: user=0.05 sys=0.00, real=0.01 secs] 
2019-01-03T06:49:36.124+0900: 222422.651: [GC (Allocation Failure) [PSYoungGen: 74464K->2304K(74752K)] 413208K->341232K(576000K), 0.0059765 secs] [Times: user=0.01 sys=0.03, real=0.00 secs] 
2019-01-03T06:49:54.038+0900: 222440.564: [GC (Allocation Failure) [PSYoungGen: 74496K->2368K(74752K)] 413424K->341464K(576000K), 0.0062438 secs] [Times: user=0.04 sys=0.00, real=0.01 secs] 
2019-01-03T06:50:12.138+0900: 222458.665: [GC (Allocation Failure) [PSYoungGen: 74560K->2336K(74752K)] 413656K->341608K(576000K), 0.0053199 secs] [Times: user=0.01 sys=0.03, real=0.00 secs] 
2019-01-03T06:50:30.164+0900: 222476.690: [GC (Allocation Failure) [PSYoungGen: 74528K->2304K(74752K)] 413800K->341768K(576000K), 0.0056644 secs] [Times: user=0.01 sys=0.03, real=0.00 secs] 
2019-01-03T06:50:48.090+0900: 222494.617: [GC (Allocation Failure) [PSYoungGen: 74496K->2336K(74752K)] 413960K->341992K(576000K), 0.0055345 secs] [Times: user=0.01 sys=0.03, real=0.01 secs] 
2019-01-03T06:51:06.062+0900: 222512.588: [GC (Allocation Failure) [PSYoungGen: 74528K->2272K(74752K)] 414184K->342104K(576000K), 0.0060270 secs] [Times: user=0.01 sys=0.03, real=0.01 secs] 
2019-01-03T06:51:24.069+0900: 222530.596: [GC (Allocation Failure) [PSYoungGen: 74464K->2304K(74752K)] 414296K->342320K(576000K), 0.0067176 secs] [Times: user=0.05 sys=0.00, real=0.01 secs] 
2019-01-03T06:51:42.149+0900: 222548.676: [GC (Allocation Failure) [PSYoungGen: 74496K->2400K(74752K)] 414512K->342592K(576000K), 0.0060981 secs] [Times: user=0.01 sys=0.03, real=0.01 secs] 
2019-01-03T06:52:00.198+0900: 222566.724: [GC (Allocation Failure) [PSYoungGen: 74592K->2304K(74752K)] 414784K->342680K(576000K), 0.0072994 secs] [Times: user=0.02 sys=0.04, real=0.01 secs] 
2019-01-03T06:52:18.262+0900: 222584.789: [GC (Allocation Failure) [PSYoungGen: 74496K->2272K(74752K)] 414872K->342832K(576000K), 0.0055161 secs] [Times: user=0.01 sys=0.02, real=0.01 secs] 
2019-01-03T06:52:36.277+0900: 222602.803: [GC (Allocation Failure) [PSYoungGen: 74464K->2336K(74752K)] 415024K->343056K(576000K), 0.0059163 secs] [Times: user=0.01 sys=0.03, real=0.00 secs] 
2019-01-03T06:52:54.292+0900: 222620.819: [GC (Allocation Failure) [PSYoungGen: 74528K->2336K(74752K)] 415248K->343232K(576000K), 0.0056800 secs] [Times: user=0.02 sys=0.03, real=0.01 secs] 
2019-01-03T06:53:12.391+0900: 222638.917: [GC (Allocation Failure) [PSYoungGen: 74528K->2336K(74752K)] 415424K->343400K(576000K), 0.0057987 secs] [Times: user=0.01 sys=0.03, real=0.01 secs] 
2019-01-03T06:53:30.457+0900: 222656.984: [GC (Allocation Failure) [PSYoungGen: 74528K->2336K(74752K)] 415592K->343576K(576000K), 0.0057163 secs] [Times: user=0.01 sys=0.03, real=0.00 secs] 
2019-01-03T06:53:48.556+0900: 222675.083: [GC (Allocation Failure) [PSYoungGen: 74528K->2336K(74752K)] 415768K->343760K(576000K), 0.0054781 secs] [Times: user=0.02 sys=0.03, real=0.00 secs] 
2019-01-03T06:54:06.637+0900: 222693.163: [GC (Allocation Failure) [PSYoungGen: 74528K->2272K(74752K)] 415952K->343880K(576000K), 0.0059162 secs] [Times: user=0.04 sys=0.00, real=0.00 secs] 
2019-01-03T06:54:24.719+0900: 222711.246: [GC (Allocation Failure) [PSYoungGen: 74464K->2272K(74752K)] 416072K->344064K(576000K), 0.0053488 secs] [Times: user=0.04 sys=0.00, real=0.01 secs] 
2019-01-03T06:54:42.809+0900: 222729.335: [GC (Allocation Failure) [PSYoungGen: 74464K->2304K(74752K)] 416256K->344272K(576000K), 0.0053888 secs] [Times: user=0.01 sys=0.03, real=0.01 secs] 
2019-01-03T06:55:00.802+0900: 222747.329: [GC (Allocation Failure) [PSYoungGen: 74496K->2304K(74752K)] 416464K->344448K(576000K), 0.0059162 secs] [Times: user=0.00 sys=0.04, real=0.01 secs] 
2019-01-03T06:55:18.838+0900: 222765.365: [GC (Allocation Failure) [PSYoungGen: 74496K->2336K(74752K)] 416640K->344640K(576000K), 0.0056767 secs] [Times: user=0.01 sys=0.03, real=0.01 secs] 
2019-01-03T06:55:36.865+0900: 222783.391: [GC (Allocation Failure) [PSYoungGen: 74528K->2304K(74752K)] 416832K->344784K(576000K), 0.0056576 secs] [Times: user=0.01 sys=0.03, real=0.00 secs] 
2019-01-03T06:55:54.816+0900: 222801.343: [GC (Allocation Failure) [PSYoungGen: 74496K->2304K(74752K)] 416976K->344952K(576000K), 0.0058630 secs] [Times: user=0.04 sys=0.00, real=0.00 secs] 
2019-01-03T06:56:12.778+0900: 222819.304: [GC (Allocation Failure) [PSYoungGen: 74496K->2304K(74752K)] 417144K->345136K(576000K), 0.0055142 secs] [Times: user=0.02 sys=0.03, real=0.00 secs] 
2019-01-03T06:56:30.893+0900: 222837.420: [GC (Allocation Failure) [PSYoungGen: 74496K->2272K(74752K)] 417328K->345288K(576000K), 0.0059131 secs] [Times: user=0.02 sys=0.03, real=0.01 secs] 
2019-01-03T06:56:48.992+0900: 222855.519: [GC (Allocation Failure) [PSYoungGen: 74464K->2240K(74752K)] 417480K->345424K(576000K), 0.0062338 secs] [Times: user=0.01 sys=0.03, real=0.01 secs] 
2019-01-03T06:57:07.081+0900: 222873.608: [GC (Allocation Failure) [PSYoungGen: 74432K->2272K(74752K)] 417616K->345632K(576000K), 0.0056591 secs] [Times: user=0.01 sys=0.03, real=0.01 secs] 
2019-01-03T06:57:25.024+0900: 222891.551: [GC (Allocation Failure) [PSYoungGen: 74464K->2304K(74752K)] 417824K->345848K(576000K), 0.0057565 secs] [Times: user=0.04 sys=0.00, real=0.00 secs] 
2019-01-03T06:57:43.071+0900: 222909.598: [GC (Allocation Failure) [PSYoungGen: 74496K->2304K(74752K)] 418040K->346024K(576000K), 0.0053271 secs] [Times: user=0.01 sys=0.03, real=0.01 secs] 
2019-01-03T06:58:01.130+0900: 222927.656: [GC (Allocation Failure) [PSYoungGen: 74496K->2240K(74752K)] 418216K->346152K(576000K), 0.0055095 secs] [Times: user=0.01 sys=0.03, real=0.01 secs] 
2019-01-03T06:58:19.177+0900: 222945.704: [GC (Allocation Failure) [PSYoungGen: 74432K->2240K(74752K)] 418344K->346336K(576000K), 0.0060882 secs] [Times: user=0.04 sys=0.00, real=0.00 secs] 
2019-01-03T06:58:37.255+0900: 222963.781: [GC (Allocation Failure) [PSYoungGen: 74432K->2272K(74752K)] 418528K->346544K(576000K), 0.0057100 secs] [Times: user=0.01 sys=0.03, real=0.00 secs] 
2019-01-03T06:58:55.325+0900: 222981.852: [GC (Allocation Failure) [PSYoungGen: 74464K->2240K(74752K)] 418736K->346696K(576000K), 0.0056716 secs] [Times: user=0.01 sys=0.02, real=0.00 secs] 
2019-01-03T06:59:13.337+0900: 222999.863: [GC (Allocation Failure) [PSYoungGen: 74432K->2272K(74752K)] 418888K->346920K(576000K), 0.0059098 secs] [Times: user=0.02 sys=0.03, real=0.00 secs] 
2019-01-03T06:59:31.394+0900: 223017.921: [GC (Allocation Failure) [PSYoungGen: 74464K->2336K(74752K)] 419112K->347152K(576000K), 0.0049346 secs] [Times: user=0.04 sys=0.00, real=0.00 secs] 
2019-01-03T06:59:49.471+0900: 223035.998: [GC (Allocation Failure) [PSYoungGen: 74528K->2336K(74752K)] 419344K->347328K(576000K), 0.0056142 secs] [Times: user=0.04 sys=0.00, real=0.01 secs] 
2019-01-03T07:00:07.546+0900: 223054.073: [GC (Allocation Failure) [PSYoungGen: 74528K->2336K(74752K)] 419520K->347504K(576000K), 0.0051589 secs] [Times: user=0.03 sys=0.00, real=0.00 secs] 
2019-01-03T07:00:25.330+0900: 223071.857: [GC (Allocation Failure) [PSYoungGen: 74528K->2240K(74752K)] 419696K->347576K(576000K), 0.0054780 secs] [Times: user=0.03 sys=0.00, real=0.01 secs] 
2019-01-03T07:00:43.284+0900: 223089.810: [GC (Allocation Failure) [PSYoungGen: 74432K->2336K(74752K)] 419768K->347840K(576000K), 0.0061230 secs] [Times: user=0.02 sys=0.04, real=0.00 secs] 
2019-01-03T07:01:01.247+0900: 223107.774: [GC (Allocation Failure) [PSYoungGen: 74528K->2304K(74752K)] 420032K->347976K(576000K), 0.0055619 secs] [Times: user=0.04 sys=0.00, real=0.00 secs] 
2019-01-03T07:01:19.256+0900: 223125.782: [GC (Allocation Failure) [PSYoungGen: 74496K->2272K(74752K)] 420168K->348112K(576000K), 0.0057351 secs] [Times: user=0.01 sys=0.03, real=0.00 secs] 
2019-01-03T07:01:37.329+0900: 223143.855: [GC (Allocation Failure) [PSYoungGen: 74464K->2304K(74752K)] 420304K->348320K(576000K), 0.0064262 secs] [Times: user=0.01 sys=0.03, real=0.01 secs] 
2019-01-03T07:01:55.352+0900: 223161.879: [GC (Allocation Failure) [PSYoungGen: 74496K->2304K(74752K)] 420512K->348488K(576000K), 0.0071828 secs] [Times: user=0.06 sys=0.00, real=0.01 secs] 
2019-01-03T07:02:13.410+0900: 223179.937: [GC (Allocation Failure) [PSYoungGen: 74496K->2336K(74752K)] 420680K->348696K(576000K), 0.0057159 secs] [Times: user=0.01 sys=0.03, real=0.01 secs] 
2019-01-03T07:02:31.465+0900: 223197.991: [GC (Allocation Failure) [PSYoungGen: 74528K->2336K(74752K)] 420888K->348864K(576000K), 0.0054275 secs] [Times: user=0.01 sys=0.03, real=0.00 secs] 
2019-01-03T07:02:49.266+0900: 223215.792: [GC (Allocation Failure) [PSYoungGen: 74528K->2560K(74240K)] 421056K->349328K(575488K), 0.0061279 secs] [Times: user=0.01 sys=0.03, real=0.00 secs] 
2019-01-03T07:03:07.173+0900: 223233.700: [GC (Allocation Failure) [PSYoungGen: 74240K->2464K(74752K)] 421008K->349544K(576000K), 0.0059779 secs] [Times: user=0.01 sys=0.03, real=0.01 secs] 
2019-01-03T07:03:25.121+0900: 223251.648: [GC (Allocation Failure) [PSYoungGen: 74144K->2496K(74752K)] 421224K->349576K(576000K), 0.0056872 secs] [Times: user=0.01 sys=0.03, real=0.01 secs] 
2019-01-03T07:03:43.011+0900: 223269.538: [GC (Allocation Failure) [PSYoungGen: 74176K->2400K(74752K)] 421256K->349656K(576000K), 0.0055845 secs] [Times: user=0.00 sys=0.03, real=0.01 secs] 
2019-01-03T07:04:01.068+0900: 223287.595: [GC (Allocation Failure) [PSYoungGen: 74080K->2240K(74752K)] 421336K->349664K(576000K), 0.0058768 secs] [Times: user=0.01 sys=0.03, real=0.01 secs] 
2019-01-03T07:04:19.022+0900: 223305.548: [GC (Allocation Failure) [PSYoungGen: 73920K->2176K(74752K)] 421344K->349792K(576000K), 0.0056509 secs] [Times: user=0.01 sys=0.03, real=0.01 secs] 
2019-01-03T07:04:36.978+0900: 223323.504: [GC (Allocation Failure) [PSYoungGen: 73856K->2112K(74752K)] 421472K->349904K(576000K), 0.0055644 secs] [Times: user=0.04 sys=0.00, real=0.00 secs] 
2019-01-03T07:04:54.811+0900: 223341.337: [GC (Allocation Failure) [PSYoungGen: 73792K->1984K(74752K)] 421584K->349952K(576000K), 0.0058832 secs] [Times: user=0.01 sys=0.03, real=0.01 secs] 
2019-01-03T07:05:12.717+0900: 223359.243: [GC (Allocation Failure) [PSYoungGen: 73664K->1888K(74752K)] 421632K->350040K(576000K), 0.0054517 secs] [Times: user=0.03 sys=0.00, real=0.00 secs] 
2019-01-03T07:05:30.544+0900: 223377.070: [GC (Allocation Failure) [PSYoungGen: 73568K->1824K(74752K)] 421720K->350160K(576000K), 0.0068070 secs] [Times: user=0.05 sys=0.00, real=0.01 secs] 
2019-01-03T07:05:48.412+0900: 223394.939: [GC (Allocation Failure) [PSYoungGen: 73504K->1760K(74752K)] 421840K->350280K(576000K), 0.0050676 secs] [Times: user=0.04 sys=0.00, real=0.01 secs] 
2019-01-03T07:06:06.266+0900: 223412.792: [GC (Allocation Failure) [PSYoungGen: 73440K->1600K(74752K)] 421960K->350296K(576000K), 0.0050726 secs] [Times: user=0.04 sys=0.00, real=0.00 secs] 
2019-01-03T07:06:24.170+0900: 223430.697: [GC (Allocation Failure) [PSYoungGen: 73280K->1568K(74752K)] 421976K->350440K(576000K), 0.0054633 secs] [Times: user=0.01 sys=0.03, real=0.01 secs] 
2019-01-03T07:06:42.087+0900: 223448.614: [GC (Allocation Failure) [PSYoungGen: 73248K->1408K(74752K)] 422120K->350456K(576000K), 0.0064698 secs] [Times: user=0.04 sys=0.00, real=0.01 secs] 
2019-01-03T07:06:59.952+0900: 223466.479: [GC (Allocation Failure) [PSYoungGen: 73088K->1312K(74752K)] 422136K->350536K(576000K), 0.0062832 secs] [Times: user=0.01 sys=0.03, real=0.01 secs] 
2019-01-03T07:07:17.893+0900: 223484.420: [GC (Allocation Failure) [PSYoungGen: 72992K->1152K(74752K)] 422216K->350704K(576000K), 0.0045279 secs] [Times: user=0.03 sys=0.00, real=0.01 secs] 
2019-01-03T07:07:35.859+0900: 223502.386: [GC (Allocation Failure) [PSYoungGen: 72832K->1152K(74752K)] 422384K->350776K(576000K), 0.0046436 secs] [Times: user=0.03 sys=0.00, real=0.01 secs] 
2019-01-03T07:07:53.746+0900: 223520.273: [GC (Allocation Failure) [PSYoungGen: 72832K->1312K(74752K)] 422456K->351008K(576000K), 0.0043936 secs] [Times: user=0.03 sys=0.00, real=0.00 secs] 
2019-01-03T07:08:11.566+0900: 223538.092: [GC (Allocation Failure) [PSYoungGen: 72992K->1408K(74752K)] 422688K->351176K(576000K), 0.0048095 secs] [Times: user=0.00 sys=0.02, real=0.00 secs] 
2019-01-03T07:08:29.366+0900: 223555.893: [GC (Allocation Failure) [PSYoungGen: 73088K->1472K(74752K)] 422856K->351320K(576000K), 0.0045809 secs] [Times: user=0.01 sys=0.02, real=0.00 secs] 
2019-01-03T07:08:47.266+0900: 223573.793: [GC (Allocation Failure) [PSYoungGen: 73152K->1568K(74752K)] 423000K->351488K(576000K), 0.0051128 secs] [Times: user=0.01 sys=0.02, real=0.00 secs] 
2019-01-03T07:09:05.130+0900: 223591.656: [GC (Allocation Failure) [PSYoungGen: 73248K->1696K(74752K)] 423168K->351712K(576000K), 0.0055927 secs] [Times: user=0.01 sys=0.02, real=0.01 secs] 
2019-01-03T07:09:23.043+0900: 223609.570: [GC (Allocation Failure) [PSYoungGen: 73376K->1760K(73728K)] 423392K->351872K(574976K), 0.0050908 secs] [Times: user=0.01 sys=0.02, real=0.01 secs] 
2019-01-03T07:09:40.977+0900: 223627.504: [GC (Allocation Failure) [PSYoungGen: 73440K->1856K(74240K)] 423552K->352056K(575488K), 0.0047471 secs] [Times: user=0.01 sys=0.02, real=0.00 secs] 
2019-01-03T07:09:58.846+0900: 223645.373: [GC (Allocation Failure) [PSYoungGen: 73536K->1888K(74240K)] 423736K->352184K(575488K), 0.0061239 secs] [Times: user=0.00 sys=0.04, real=0.00 secs] 
2019-01-03T07:10:16.653+0900: 223663.180: [GC (Allocation Failure) [PSYoungGen: 73568K->2016K(74240K)] 423864K->352408K(575488K), 0.0053757 secs] [Times: user=0.04 sys=0.00, real=0.01 secs] 
2019-01-03T07:10:34.548+0900: 223681.074: [GC (Allocation Failure) [PSYoungGen: 73696K->2016K(74240K)] 424088K->352512K(575488K), 0.0047730 secs] [Times: user=0.03 sys=0.00, real=0.00 secs] 
2019-01-03T07:10:52.426+0900: 223698.953: [GC (Allocation Failure) [PSYoungGen: 73696K->2144K(74240K)] 424192K->352744K(575488K), 0.0056345 secs] [Times: user=0.04 sys=0.00, real=0.00 secs] 
2019-01-03T07:11:10.341+0900: 223716.868: [GC (Allocation Failure) [PSYoungGen: 73824K->2208K(74752K)] 424424K->352912K(576000K), 0.0057196 secs] [Times: user=0.01 sys=0.03, real=0.01 secs] 
2019-01-03T07:11:28.268+0900: 223734.794: [GC (Allocation Failure) [PSYoungGen: 73888K->2272K(74752K)] 424592K->353096K(576000K), 0.0055316 secs] [Times: user=0.01 sys=0.02, real=0.00 secs] 
2019-01-03T07:11:46.121+0900: 223752.648: [GC (Allocation Failure) [PSYoungGen: 73952K->2272K(74752K)] 424776K->353224K(576000K), 0.0056979 secs] [Times: user=0.01 sys=0.02, real=0.01 secs] 
2019-01-03T07:12:03.939+0900: 223770.465: [GC (Allocation Failure) [PSYoungGen: 73952K->2240K(74752K)] 424904K->353360K(576000K), 0.0054380 secs] [Times: user=0.01 sys=0.04, real=0.01 secs] 
2019-01-03T07:12:21.822+0900: 223788.349: [GC (Allocation Failure) [PSYoungGen: 73920K->2304K(74752K)] 425040K->353608K(576000K), 0.0059755 secs] [Times: user=0.04 sys=0.00, real=0.01 secs] 
2019-01-03T07:12:39.745+0900: 223806.271: [GC (Allocation Failure) [PSYoungGen: 73984K->2304K(74752K)] 425288K->353792K(576000K), 0.0054354 secs] [Times: user=0.04 sys=0.00, real=0.00 secs] 
2019-01-03T07:12:57.630+0900: 223824.157: [GC (Allocation Failure) [PSYoungGen: 73984K->2304K(74752K)] 425472K->353960K(576000K), 0.0056071 secs] [Times: user=0.04 sys=0.00, real=0.01 secs] 
2019-01-03T07:13:15.487+0900: 223842.014: [GC (Allocation Failure) [PSYoungGen: 73984K->2336K(74752K)] 425640K->354168K(576000K), 0.0057401 secs] [Times: user=0.01 sys=0.03, real=0.00 secs] 
2019-01-03T07:13:33.382+0900: 223859.908: [GC (Allocation Failure) [PSYoungGen: 74016K->2336K(74752K)] 425848K->354336K(576000K), 0.0055794 secs] [Times: user=0.01 sys=0.04, real=0.01 secs] 
2019-01-03T07:13:51.286+0900: 223877.813: [GC (Allocation Failure) [PSYoungGen: 74016K->2272K(74752K)] 426016K->354432K(576000K), 0.0059304 secs] [Times: user=0.04 sys=0.00, real=0.00 secs] 
2019-01-03T07:14:09.243+0900: 223895.770: [GC (Allocation Failure) [PSYoungGen: 73952K->2272K(74752K)] 426112K->354624K(576000K), 0.0077701 secs] [Times: user=0.00 sys=0.06, real=0.01 secs] 
2019-01-03T07:14:27.193+0900: 223913.720: [GC (Allocation Failure) [PSYoungGen: 73952K->2272K(74752K)] 426304K->354800K(576000K), 0.0059273 secs] [Times: user=0.04 sys=0.00, real=0.01 secs] 
2019-01-03T07:14:45.100+0900: 223931.627: [GC (Allocation Failure) [PSYoungGen: 73952K->2272K(74752K)] 426480K->354960K(576000K), 0.0059646 secs] [Times: user=0.01 sys=0.03, real=0.01 secs] 
2019-01-03T07:15:03.012+0900: 223949.539: [GC (Allocation Failure) [PSYoungGen: 73952K->2336K(74752K)] 426640K->355192K(576000K), 0.0058685 secs] [Times: user=0.01 sys=0.03, real=0.01 secs] 
2019-01-03T07:15:20.826+0900: 223967.353: [GC (Allocation Failure) [PSYoungGen: 74013K->2304K(74752K)] 426869K->355336K(576000K), 0.0050902 secs] [Times: user=0.01 sys=0.03, real=0.00 secs] 
2019-01-03T07:15:38.708+0900: 223985.235: [GC (Allocation Failure) [PSYoungGen: 73984K->2304K(74752K)] 427016K->355512K(576000K), 0.0059318 secs] [Times: user=0.01 sys=0.04, real=0.01 secs] 
2019-01-03T07:15:56.580+0900: 224003.107: [GC (Allocation Failure) [PSYoungGen: 73984K->2304K(74752K)] 427192K->355688K(576000K), 0.0054273 secs] [Times: user=0.01 sys=0.04, real=0.01 secs] 
2019-01-03T07:16:14.501+0900: 224021.028: [GC (Allocation Failure) [PSYoungGen: 73984K->2304K(74752K)] 427368K->355856K(576000K), 0.0060612 secs] [Times: user=0.01 sys=0.03, real=0.01 secs] 
2019-01-03T07:16:32.436+0900: 224038.963: [GC (Allocation Failure) [PSYoungGen: 73984K->2400K(74752K)] 427536K->356120K(576000K), 0.0059834 secs] [Times: user=0.01 sys=0.03, real=0.00 secs] 
2019-01-03T07:16:50.383+0900: 224056.910: [GC (Allocation Failure) [PSYoungGen: 74080K->2304K(74752K)] 427800K->356208K(576000K), 0.0059974 secs] [Times: user=0.02 sys=0.03, real=0.01 secs] 
2019-01-03T07:17:08.285+0900: 224074.811: [GC (Allocation Failure) [PSYoungGen: 73984K->2336K(74752K)] 427888K->356424K(576000K), 0.0052994 secs] [Times: user=0.03 sys=0.00, real=0.00 secs] 
2019-01-03T07:17:26.270+0900: 224092.797: [GC (Allocation Failure) [PSYoungGen: 74016K->2272K(74752K)] 428104K->356544K(576000K), 0.0059047 secs] [Times: user=0.01 sys=0.03, real=0.01 secs] 
2019-01-03T07:17:43.874+0900: 224110.401: [GC (Allocation Failure) [PSYoungGen: 73952K->2272K(74752K)] 428224K->356728K(576000K), 0.0067010 secs] [Times: user=0.05 sys=0.00, real=0.00 secs] 
2019-01-03T07:18:01.667+0900: 224128.193: [GC (Allocation Failure) [PSYoungGen: 73952K->2240K(74752K)] 428408K->356880K(576000K), 0.0055053 secs] [Times: user=0.01 sys=0.03, real=0.00 secs] 
2019-01-03T07:18:19.502+0900: 224146.029: [GC (Allocation Failure) [PSYoungGen: 73920K->2304K(74752K)] 428560K->357112K(576000K), 0.0057017 secs] [Times: user=0.01 sys=0.02, real=0.01 secs] 
2019-01-03T07:18:37.342+0900: 224163.869: [GC (Allocation Failure) [PSYoungGen: 73984K->2208K(74752K)] 428792K->357192K(576000K), 0.0071922 secs] [Times: user=0.05 sys=0.00, real=0.01 secs] 
2019-01-03T07:18:55.205+0900: 224181.732: [GC (Allocation Failure) [PSYoungGen: 73888K->2240K(74240K)] 428872K->357400K(575488K), 0.0057154 secs] [Times: user=0.04 sys=0.00, real=0.00 secs] 
2019-01-03T07:19:13.083+0900: 224199.610: [GC (Allocation Failure) [PSYoungGen: 73920K->2304K(74240K)] 429080K->357640K(575488K), 0.0057455 secs] [Times: user=0.01 sys=0.03, real=0.01 secs] 
2019-01-03T07:19:30.939+0900: 224217.466: [GC (Allocation Failure) [PSYoungGen: 73984K->2048K(73728K)] 429320K->357640K(574976K), 0.0058888 secs] [Times: user=0.04 sys=0.00, real=0.01 secs] 
2019-01-03T07:19:48.854+0900: 224235.381: [GC (Allocation Failure) [PSYoungGen: 73728K->2144K(74240K)] 429320K->358024K(575488K), 0.0057095 secs] [Times: user=0.04 sys=0.00, real=0.00 secs] 
2019-01-03T07:20:06.742+0900: 224253.269: [GC (Allocation Failure) [PSYoungGen: 73824K->2208K(74240K)] 429704K->358088K(575488K), 0.0055045 secs] [Times: user=0.04 sys=0.00, real=0.01 secs] 
2019-01-03T07:20:24.663+0900: 224271.190: [GC (Allocation Failure) [PSYoungGen: 73888K->2240K(74240K)] 429768K->358264K(575488K), 0.0054351 secs] [Times: user=0.01 sys=0.04, real=0.01 secs] 
2019-01-03T07:20:42.575+0900: 224289.102: [GC (Allocation Failure) [PSYoungGen: 73920K->2208K(74240K)] 429944K->358392K(575488K), 0.0051794 secs] [Times: user=0.01 sys=0.03, real=0.00 secs] 
2019-01-03T07:21:00.208+0900: 224306.735: [GC (Allocation Failure) [PSYoungGen: 73888K->2336K(74240K)] 430072K->358696K(575488K), 0.0055961 secs] [Times: user=0.04 sys=0.00, real=0.01 secs] 
2019-01-03T07:21:18.125+0900: 224324.652: [GC (Allocation Failure) [PSYoungGen: 74016K->2272K(74240K)] 430376K->358808K(575488K), 0.0056029 secs] [Times: user=0.01 sys=0.03, real=0.00 secs] 
2019-01-03T07:21:36.035+0900: 224342.562: [GC (Allocation Failure) [PSYoungGen: 73952K->2272K(74240K)] 430488K->358960K(575488K), 0.0062092 secs] [Times: user=0.01 sys=0.03, real=0.00 secs] 
2019-01-03T07:21:53.952+0900: 224360.478: [GC (Allocation Failure) [PSYoungGen: 73952K->2304K(74240K)] 430640K->359168K(575488K), 0.0056011 secs] [Times: user=0.01 sys=0.03, real=0.01 secs] 
2019-01-03T07:22:11.832+0900: 224378.359: [GC (Allocation Failure) [PSYoungGen: 73984K->2368K(74240K)] 430848K->359400K(575488K), 0.0056593 secs] [Times: user=0.01 sys=0.03, real=0.01 secs] 
2019-01-03T07:22:29.783+0900: 224396.310: [GC (Allocation Failure) [PSYoungGen: 74048K->2336K(74240K)] 431080K->359552K(575488K), 0.0060304 secs] [Times: user=0.01 sys=0.03, real=0.01 secs] 
2019-01-03T07:22:47.693+0900: 224414.220: [GC (Allocation Failure) [PSYoungGen: 74016K->2272K(74240K)] 431232K->359656K(575488K), 0.0063504 secs] [Times: user=0.01 sys=0.03, real=0.01 secs] 
2019-01-03T07:23:05.594+0900: 224432.121: [GC (Allocation Failure) [PSYoungGen: 73952K->2304K(74240K)] 431336K->359856K(575488K), 0.0067031 secs] [Times: user=0.01 sys=0.04, real=0.00 secs] 
2019-01-03T07:23:23.411+0900: 224449.938: [GC (Allocation Failure) [PSYoungGen: 73984K->2240K(74240K)] 431536K->359952K(575488K), 0.0052420 secs] [Times: user=0.01 sys=0.03, real=0.01 secs] 
2019-01-03T07:23:41.313+0900: 224467.839: [GC (Allocation Failure) [PSYoungGen: 73920K->2272K(74240K)] 431632K->360176K(575488K), 0.0073515 secs] [Times: user=0.05 sys=0.00, real=0.01 secs] 
2019-01-03T07:23:59.258+0900: 224485.785: [GC (Allocation Failure) [PSYoungGen: 73952K->2272K(74240K)] 431856K->360352K(575488K), 0.0060834 secs] [Times: user=0.01 sys=0.03, real=0.01 secs] 
2019-01-03T07:24:17.197+0900: 224503.724: [GC (Allocation Failure) [PSYoungGen: 73952K->2240K(74240K)] 432032K->360512K(575488K), 0.0061655 secs] [Times: user=0.01 sys=0.03, real=0.00 secs] 
2019-01-03T07:24:35.171+0900: 224521.698: [GC (Allocation Failure) [PSYoungGen: 73920K->2272K(74240K)] 432192K->360736K(575488K), 0.0069166 secs] [Times: user=0.01 sys=0.04, real=0.01 secs] 
2019-01-03T07:24:53.081+0900: 224539.608: [GC (Allocation Failure) [PSYoungGen: 73952K->2272K(74240K)] 432416K->360912K(575488K), 0.0056810 secs] [Times: user=0.01 sys=0.03, real=0.01 secs] 
2019-01-03T07:25:11.093+0900: 224557.620: [GC (Allocation Failure) [PSYoungGen: 73952K->2304K(74240K)] 432592K->361120K(575488K), 0.0057414 secs] [Times: user=0.04 sys=0.00, real=0.01 secs] 
2019-01-03T07:25:28.720+0900: 224575.247: [GC (Allocation Failure) [PSYoungGen: 73984K->2336K(74240K)] 432800K->361328K(575488K), 0.0057114 secs] [Times: user=0.01 sys=0.03, real=0.01 secs] 
2019-01-03T07:25:46.612+0900: 224593.139: [GC (Allocation Failure) [PSYoungGen: 74016K->2304K(74240K)] 433008K->361464K(575488K), 0.0063056 secs] [Times: user=0.04 sys=0.00, real=0.01 secs] 
2019-01-03T07:26:04.507+0900: 224611.034: [GC (Allocation Failure) [PSYoungGen: 73984K->2240K(74240K)] 433144K->361576K(575488K), 0.0057632 secs] [Times: user=0.02 sys=0.03, real=0.00 secs] 
2019-01-03T07:26:22.397+0900: 224628.923: [GC (Allocation Failure) [PSYoungGen: 73920K->2240K(74240K)] 433256K->361744K(575488K), 0.0068202 secs] [Times: user=0.04 sys=0.00, real=0.00 secs] 
2019-01-03T07:26:40.304+0900: 224646.831: [GC (Allocation Failure) [PSYoungGen: 73920K->2336K(74240K)] 433424K->362008K(575488K), 0.0059183 secs] [Times: user=0.01 sys=0.03, real=0.00 secs] 
2019-01-03T07:26:58.183+0900: 224664.710: [GC (Allocation Failure) [PSYoungGen: 74016K->2272K(74240K)] 433688K->362120K(575488K), 0.0057798 secs] [Times: user=0.02 sys=0.03, real=0.01 secs] 
2019-01-03T07:27:16.072+0900: 224682.599: [GC (Allocation Failure) [PSYoungGen: 73952K->2304K(74240K)] 433800K->362336K(575488K), 0.0065457 secs] [Times: user=0.04 sys=0.00, real=0.01 secs] 
2019-01-03T07:27:33.922+0900: 224700.448: [GC (Allocation Failure) [PSYoungGen: 73984K->2304K(74240K)] 434016K->362504K(575488K), 0.0058056 secs] [Times: user=0.04 sys=0.00, real=0.01 secs] 
2019-01-03T07:27:51.818+0900: 224718.344: [GC (Allocation Failure) [PSYoungGen: 73984K->2304K(74240K)] 434184K->362672K(575488K), 0.0070588 secs] [Times: user=0.02 sys=0.03, real=0.01 secs] 
2019-01-03T07:28:09.737+0900: 224736.264: [GC (Allocation Failure) [PSYoungGen: 73984K->2304K(74240K)] 434352K->362856K(575488K), 0.0078419 secs] [Times: user=0.01 sys=0.04, real=0.01 secs] 
2019-01-03T07:28:27.535+0900: 224754.062: [GC (Allocation Failure) [PSYoungGen: 73984K->2336K(74240K)] 434536K->363064K(575488K), 0.0055124 secs] [Times: user=0.01 sys=0.03, real=0.00 secs] 
2019-01-03T07:28:45.353+0900: 224771.880: [GC (Allocation Failure) [PSYoungGen: 74016K->2336K(74240K)] 434744K->363240K(575488K), 0.0061156 secs] [Times: user=0.01 sys=0.03, real=0.01 secs] 
2019-01-03T07:29:03.158+0900: 224789.684: [GC (Allocation Failure) [PSYoungGen: 74016K->2272K(74240K)] 434920K->363360K(575488K), 0.0058934 secs] [Times: user=0.01 sys=0.03, real=0.01 secs] 
2019-01-03T07:29:21.124+0900: 224807.651: [GC (Allocation Failure) [PSYoungGen: 73952K->2336K(74240K)] 435040K->363592K(575488K), 0.0059543 secs] [Times: user=0.01 sys=0.03, real=0.00 secs] 
2019-01-03T07:29:39.027+0900: 224825.554: [GC (Allocation Failure) [PSYoungGen: 74016K->2368K(74240K)] 435272K->363808K(575488K), 0.0059281 secs] [Times: user=0.05 sys=0.00, real=0.00 secs] 
2019-01-03T07:29:56.934+0900: 224843.461: [GC (Allocation Failure) [PSYoungGen: 74048K->2304K(74240K)] 435488K->363920K(575488K), 0.0057846 secs] [Times: user=0.04 sys=0.00, real=0.00 secs] 
2019-01-03T07:30:14.768+0900: 224861.295: [GC (Allocation Failure) [PSYoungGen: 73984K->2304K(74240K)] 435600K->364104K(575488K), 0.0058942 secs] [Times: user=0.01 sys=0.03, real=0.01 secs] 
2019-01-03T07:30:32.582+0900: 224879.109: [GC (Allocation Failure) [PSYoungGen: 73984K->2272K(74240K)] 435784K->364256K(575488K), 0.0056363 secs] [Times: user=0.01 sys=0.04, real=0.01 secs] 
2019-01-03T07:30:50.479+0900: 224897.006: [GC (Allocation Failure) [PSYoungGen: 73952K->2336K(74240K)] 435936K->364496K(575488K), 0.0058808 secs] [Times: user=0.04 sys=0.00, real=0.01 secs] 
2019-01-03T07:31:08.340+0900: 224914.867: [GC (Allocation Failure) [PSYoungGen: 74016K->2304K(74240K)] 436176K->364648K(575488K), 0.0059018 secs] [Times: user=0.01 sys=0.03, real=0.01 secs] 
2019-01-03T07:31:26.241+0900: 224932.768: [GC (Allocation Failure) [PSYoungGen: 73984K->2336K(74240K)] 436328K->364872K(575488K), 0.0062597 secs] [Times: user=0.05 sys=0.00, real=0.01 secs] 
2019-01-03T07:31:44.147+0900: 224950.674: [GC (Allocation Failure) [PSYoungGen: 74016K->2272K(74240K)] 436552K->364984K(575488K), 0.0053166 secs] [Times: user=0.04 sys=0.00, real=0.00 secs] 
2019-01-03T07:32:02.054+0900: 224968.580: [GC (Allocation Failure) [PSYoungGen: 73952K->2304K(74240K)] 436664K->365192K(575488K), 0.0058052 secs] [Times: user=0.04 sys=0.00, real=0.00 secs] 
2019-01-03T07:32:19.916+0900: 224986.442: [GC (Allocation Failure) [PSYoungGen: 73984K->2272K(74240K)] 436872K->365344K(575488K), 0.0061831 secs] [Times: user=0.01 sys=0.04, real=0.00 secs] 
2019-01-03T07:32:37.759+0900: 225004.285: [GC (Allocation Failure) [PSYoungGen: 73952K->2240K(74240K)] 437024K->365488K(575488K), 0.0055441 secs] [Times: user=0.01 sys=0.03, real=0.01 secs] 
2019-01-03T07:32:55.743+0900: 225022.270: [GC (Allocation Failure) [PSYoungGen: 73920K->2240K(74240K)] 437168K->365656K(575488K), 0.0073399 secs] [Times: user=0.02 sys=0.04, real=0.01 secs] 
2019-01-03T07:33:13.660+0900: 225040.187: [GC (Allocation Failure) [PSYoungGen: 73920K->2304K(74240K)] 437336K->365912K(575488K), 0.0054308 secs] [Times: user=0.01 sys=0.03, real=0.01 secs] 
2019-01-03T07:33:31.551+0900: 225058.077: [GC (Allocation Failure) [PSYoungGen: 73984K->2336K(74240K)] 437592K->366120K(575488K), 0.0054933 secs] [Times: user=0.04 sys=0.00, real=0.01 secs] 
2019-01-03T07:33:49.394+0900: 225075.920: [GC (Allocation Failure) [PSYoungGen: 74016K->2336K(74240K)] 437800K->366312K(575488K), 0.0057470 secs] [Times: user=0.01 sys=0.03, real=0.00 secs] 
2019-01-03T07:34:07.285+0900: 225093.811: [GC (Allocation Failure) [PSYoungGen: 74016K->2304K(74240K)] 437992K->366472K(575488K), 0.0055408 secs] [Times: user=0.01 sys=0.03, real=0.00 secs] 
2019-01-03T07:34:25.235+0900: 225111.762: [GC (Allocation Failure) [PSYoungGen: 73984K->2272K(74240K)] 438152K->366616K(575488K), 0.0056573 secs] [Times: user=0.01 sys=0.03, real=0.00 secs] 
2019-01-03T07:34:43.009+0900: 225129.535: [GC (Allocation Failure) [PSYoungGen: 73952K->2240K(74240K)] 438296K->366768K(575488K), 0.0058079 secs] [Times: user=0.04 sys=0.00, real=0.01 secs] 
2019-01-03T07:35:00.846+0900: 225147.373: [GC (Allocation Failure) [PSYoungGen: 73920K->2240K(74240K)] 438448K->366944K(575488K), 0.0068337 secs] [Times: user=0.00 sys=0.05, real=0.00 secs] 
2019-01-03T07:35:18.784+0900: 225165.310: [GC (Allocation Failure) [PSYoungGen: 73920K->2304K(74240K)] 438624K->367184K(575488K), 0.0058412 secs] [Times: user=0.01 sys=0.03, real=0.01 secs] 
2019-01-03T07:35:36.630+0900: 225183.157: [GC (Allocation Failure) [PSYoungGen: 73984K->2272K(74240K)] 438864K->367336K(575488K), 0.0055529 secs] [Times: user=0.01 sys=0.02, real=0.01 secs] 
2019-01-03T07:35:54.432+0900: 225200.959: [GC (Allocation Failure) [PSYoungGen: 73952K->2272K(74240K)] 439016K->367504K(575488K), 0.0055840 secs] [Times: user=0.01 sys=0.03, real=0.01 secs] 
2019-01-03T07:36:12.310+0900: 225218.836: [GC (Allocation Failure) [PSYoungGen: 73952K->2272K(74240K)] 439184K->367672K(575488K), 0.0057519 secs] [Times: user=0.01 sys=0.03, real=0.01 secs] 
2019-01-03T07:36:30.203+0900: 225236.729: [GC (Allocation Failure) [PSYoungGen: 73952K->2304K(74240K)] 439352K->367880K(575488K), 0.0056918 secs] [Times: user=0.01 sys=0.03, real=0.01 secs] 
2019-01-03T07:36:48.095+0900: 225254.621: [GC (Allocation Failure) [PSYoungGen: 73984K->2240K(74240K)] 439560K->368000K(575488K), 0.0056861 secs] [Times: user=0.01 sys=0.02, real=0.00 secs] 
2019-01-03T07:37:05.948+0900: 225272.475: [GC (Allocation Failure) [PSYoungGen: 73920K->2240K(74240K)] 439680K->368192K(575488K), 0.0060032 secs] [Times: user=0.04 sys=0.00, real=0.01 secs] 
2019-01-03T07:37:23.850+0900: 225290.377: [GC (Allocation Failure) [PSYoungGen: 73920K->2304K(74240K)] 439872K->368432K(575488K), 0.0056945 secs] [Times: user=0.01 sys=0.03, real=0.01 secs] 
2019-01-03T07:37:41.766+0900: 225308.293: [GC (Allocation Failure) [PSYoungGen: 73984K->2240K(74240K)] 440112K->368544K(575488K), 0.0056865 secs] [Times: user=0.01 sys=0.03, real=0.00 secs] 
2019-01-03T07:37:59.676+0900: 225326.203: [GC (Allocation Failure) [PSYoungGen: 73920K->2240K(74240K)] 440224K->368712K(575488K), 0.0052457 secs] [Times: user=0.04 sys=0.00, real=0.00 secs] 
2019-01-03T07:38:17.554+0900: 225344.081: [GC (Allocation Failure) [PSYoungGen: 73920K->2208K(74240K)] 440392K->368872K(575488K), 0.0065201 secs] [Times: user=0.01 sys=0.04, real=0.00 secs] 
2019-01-03T07:38:35.391+0900: 225361.918: [GC (Allocation Failure) [PSYoungGen: 73888K->2208K(74240K)] 440552K->369048K(575488K), 0.0057940 secs] [Times: user=0.01 sys=0.03, real=0.01 secs] 
2019-01-03T07:38:53.376+0900: 225379.902: [GC (Allocation Failure) [PSYoungGen: 73888K->2336K(74240K)] 440728K->369344K(575488K), 0.0055413 secs] [Times: user=0.01 sys=0.03, real=0.00 secs] 
2019-01-03T07:39:11.366+0900: 225397.893: [GC (Allocation Failure) [PSYoungGen: 74016K->2272K(74240K)] 441024K->369456K(575488K), 0.0051702 secs] [Times: user=0.03 sys=0.00, real=0.00 secs] 
2019-01-03T07:39:29.049+0900: 225415.576: [GC (Allocation Failure) [PSYoungGen: 73952K->2272K(74240K)] 441136K->369632K(575488K), 0.0056228 secs] [Times: user=0.04 sys=0.00, real=0.01 secs] 
2019-01-03T07:39:47.024+0900: 225433.550: [GC (Allocation Failure) [PSYoungGen: 73952K->2336K(74240K)] 441312K->369872K(575488K), 0.0067323 secs] [Times: user=0.01 sys=0.03, real=0.00 secs] 
2019-01-03T07:40:04.947+0900: 225451.474: [GC (Allocation Failure) [PSYoungGen: 74016K->2272K(74240K)] 441552K->369984K(575488K), 0.0059909 secs] [Times: user=0.02 sys=0.03, real=0.00 secs] 
2019-01-03T07:40:22.884+0900: 225469.411: [GC (Allocation Failure) [PSYoungGen: 73952K->2272K(74240K)] 441664K->370168K(575488K), 0.0061041 secs] [Times: user=0.01 sys=0.03, real=0.00 secs] 
2019-01-03T07:40:40.798+0900: 225487.325: [GC (Allocation Failure) [PSYoungGen: 73952K->2272K(74240K)] 441848K->370328K(575488K), 0.0060559 secs] [Times: user=0.02 sys=0.03, real=0.01 secs] 
2019-01-03T07:40:58.722+0900: 225505.249: [GC (Allocation Failure) [PSYoungGen: 73952K->2272K(74240K)] 442008K->370504K(575488K), 0.0059468 secs] [Times: user=0.01 sys=0.03, real=0.01 secs] 
2019-01-03T07:41:16.482+0900: 225523.009: [GC (Allocation Failure) [PSYoungGen: 73952K->2304K(74240K)] 442184K->370720K(575488K), 0.0071984 secs] [Times: user=0.01 sys=0.03, real=0.01 secs] 
2019-01-03T07:41:34.457+0900: 225540.984: [GC (Allocation Failure) [PSYoungGen: 73984K->2272K(74240K)] 442400K->370864K(575488K), 0.0055039 secs] [Times: user=0.02 sys=0.03, real=0.00 secs] 
2019-01-03T07:41:52.390+0900: 225558.916: [GC (Allocation Failure) [PSYoungGen: 73952K->2272K(74240K)] 442544K->371040K(575488K), 0.0056915 secs] [Times: user=0.00 sys=0.03, real=0.01 secs] 
2019-01-03T07:42:10.365+0900: 225576.892: [GC (Allocation Failure) [PSYoungGen: 73952K->2272K(74240K)] 442720K->371208K(575488K), 0.0064220 secs] [Times: user=0.01 sys=0.03, real=0.00 secs] 
2019-01-03T07:42:28.339+0900: 225594.866: [GC (Allocation Failure) [PSYoungGen: 73952K->2336K(74240K)] 442888K->371464K(575488K), 0.0062703 secs] [Times: user=0.01 sys=0.03, real=0.01 secs] 
2019-01-03T07:42:46.350+0900: 225612.876: [GC (Allocation Failure) [PSYoungGen: 74016K->2336K(74240K)] 443144K->371640K(575488K), 0.0059391 secs] [Times: user=0.01 sys=0.03, real=0.01 secs] 
2019-01-03T07:43:04.252+0900: 225630.779: [GC (Allocation Failure) [PSYoungGen: 74016K->2240K(74240K)] 443320K->371712K(575488K), 0.0056532 secs] [Times: user=0.01 sys=0.03, real=0.01 secs] 
2019-01-03T07:43:22.193+0900: 225648.719: [GC (Allocation Failure) [PSYoungGen: 73920K->2304K(74240K)] 443392K->371960K(575488K), 0.0059878 secs] [Times: user=0.01 sys=0.03, real=0.01 secs] 
2019-01-03T07:43:40.106+0900: 225666.632: [GC (Allocation Failure) [PSYoungGen: 73984K->2304K(74240K)] 443640K->372136K(575488K), 0.0058344 secs] [Times: user=0.01 sys=0.03, real=0.00 secs] 
2019-01-03T07:43:57.962+0900: 225684.489: [GC (Allocation Failure) [PSYoungGen: 73984K->2336K(74240K)] 443816K->372336K(575488K), 0.0058053 secs] [Times: user=0.04 sys=0.00, real=0.01 secs] 
2019-01-03T07:44:15.929+0900: 225702.456: [GC (Allocation Failure) [PSYoungGen: 74016K->2272K(74240K)] 444016K->372448K(575488K), 0.0056957 secs] [Times: user=0.01 sys=0.03, real=0.01 secs] 
2019-01-03T07:44:33.912+0900: 225720.439: [GC (Allocation Failure) [PSYoungGen: 73952K->2304K(74240K)] 444128K->372656K(575488K), 0.0052791 secs] [Times: user=0.03 sys=0.00, real=0.01 secs] 
2019-01-03T07:44:51.900+0900: 225738.426: [GC (Allocation Failure) [PSYoungGen: 73984K->2240K(74240K)] 444336K->372768K(575488K), 0.0057269 secs] [Times: user=0.01 sys=0.03, real=0.01 secs] 
2019-01-03T07:45:09.920+0900: 225756.447: [GC (Allocation Failure) [PSYoungGen: 73920K->2336K(74240K)] 444448K->373040K(575488K), 0.0061065 secs] [Times: user=0.01 sys=0.03, real=0.01 secs] 
2019-01-03T07:45:27.878+0900: 225774.405: [GC (Allocation Failure) [PSYoungGen: 74016K->2272K(74240K)] 444720K->373136K(575488K), 0.0064927 secs] [Times: user=0.01 sys=0.03, real=0.01 secs] 
2019-01-03T07:45:45.580+0900: 225792.107: [GC (Allocation Failure) [PSYoungGen: 73952K->2272K(74240K)] 444816K->373312K(575488K), 0.0066733 secs] [Times: user=0.02 sys=0.03, real=0.01 secs] 
2019-01-03T07:46:03.460+0900: 225809.987: [GC (Allocation Failure) [PSYoungGen: 73952K->2304K(74240K)] 444992K->373528K(575488K), 0.0060728 secs] [Times: user=0.01 sys=0.03, real=0.01 secs] 
2019-01-03T07:46:21.379+0900: 225827.906: [GC (Allocation Failure) [PSYoungGen: 73984K->2336K(74240K)] 445208K->373728K(575488K), 0.0058815 secs] [Times: user=0.01 sys=0.03, real=0.01 secs] 
2019-01-03T07:46:39.308+0900: 225845.835: [GC (Allocation Failure) [PSYoungGen: 74016K->2304K(74240K)] 445408K->373856K(575488K), 0.0062275 secs] [Times: user=0.01 sys=0.03, real=0.01 secs] 
2019-01-03T07:46:57.160+0900: 225863.687: [GC (Allocation Failure) [PSYoungGen: 73984K->2336K(74240K)] 445536K->374072K(575488K), 0.0059481 secs] [Times: user=0.01 sys=0.04, real=0.01 secs] 
2019-01-03T07:47:15.030+0900: 225881.557: [GC (Allocation Failure) [PSYoungGen: 74016K->2304K(74240K)] 445752K->374224K(575488K), 0.0057510 secs] [Times: user=0.01 sys=0.03, real=0.01 secs] 
2019-01-03T07:47:32.921+0900: 225899.448: [GC (Allocation Failure) [PSYoungGen: 73984K->2272K(74240K)] 445904K->374376K(575488K), 0.0052458 secs] [Times: user=0.04 sys=0.00, real=0.01 secs] 
2019-01-03T07:47:50.816+0900: 225917.343: [GC (Allocation Failure) [PSYoungGen: 73952K->2304K(74240K)] 446056K->374592K(575488K), 0.0060096 secs] [Times: user=0.01 sys=0.03, real=0.00 secs] 
2019-01-03T07:48:08.662+0900: 225935.189: [GC (Allocation Failure) [PSYoungGen: 73984K->2368K(74240K)] 446272K->374856K(575488K), 0.0054311 secs] [Times: user=0.01 sys=0.03, real=0.01 secs] 
2019-01-03T07:48:26.602+0900: 225953.128: [GC (Allocation Failure) [PSYoungGen: 74048K->2240K(74240K)] 446536K->374896K(575488K), 0.0057238 secs] [Times: user=0.00 sys=0.04, real=0.01 secs] 
2019-01-03T07:48:44.465+0900: 225970.992: [GC (Allocation Failure) [PSYoungGen: 73920K->2304K(74240K)] 446576K->375136K(575488K), 0.0057795 secs] [Times: user=0.05 sys=0.00, real=0.00 secs] 
2019-01-03T07:49:02.283+0900: 225988.809: [GC (Allocation Failure) [PSYoungGen: 73984K->2240K(74240K)] 446816K->375240K(575488K), 0.0072459 secs] [Times: user=0.01 sys=0.04, real=0.01 secs] 
2019-01-03T07:49:20.221+0900: 226006.747: [GC (Allocation Failure) [PSYoungGen: 73920K->2368K(74240K)] 446920K->375536K(575488K), 0.0058188 secs] [Times: user=0.04 sys=0.00, real=0.01 secs] 
2019-01-03T07:49:38.200+0900: 226024.727: [GC (Allocation Failure) [PSYoungGen: 74048K->2304K(74240K)] 447216K->375656K(575488K), 0.0057818 secs] [Times: user=0.01 sys=0.03, real=0.01 secs] 
2019-01-03T07:49:56.004+0900: 226042.531: [GC (Allocation Failure) [PSYoungGen: 73984K->2336K(74240K)] 447336K->375864K(575488K), 0.0061246 secs] [Times: user=0.01 sys=0.03, real=0.00 secs] 
2019-01-03T07:50:13.827+0900: 226060.354: [GC (Allocation Failure) [PSYoungGen: 74016K->2304K(74240K)] 447544K->376000K(575488K), 0.0054035 secs] [Times: user=0.01 sys=0.03, real=0.00 secs] 
2019-01-03T07:50:31.732+0900: 226078.258: [GC (Allocation Failure) [PSYoungGen: 73984K->2304K(74240K)] 447680K->376176K(575488K), 0.0059388 secs] [Times: user=0.01 sys=0.03, real=0.01 secs] 
2019-01-03T07:50:49.591+0900: 226096.118: [GC (Allocation Failure) [PSYoungGen: 73984K->2336K(74240K)] 447856K->376392K(575488K), 0.0058650 secs] [Times: user=0.01 sys=0.03, real=0.01 secs] 
2019-01-03T07:51:07.419+0900: 226113.946: [GC (Allocation Failure) [PSYoungGen: 74016K->2304K(74240K)] 448072K->376520K(575488K), 0.0055402 secs] [Times: user=0.01 sys=0.03, real=0.01 secs] 
2019-01-03T07:51:25.361+0900: 226131.888: [GC (Allocation Failure) [PSYoungGen: 73984K->2368K(74240K)] 448200K->376768K(575488K), 0.0060917 secs] [Times: user=0.01 sys=0.03, real=0.01 secs] 
2019-01-03T07:51:43.312+0900: 226149.839: [GC (Allocation Failure) [PSYoungGen: 74048K->2304K(74240K)] 448448K->376880K(575488K), 0.0059639 secs] [Times: user=0.01 sys=0.03, real=0.01 secs] 
2019-01-03T07:52:01.230+0900: 226167.757: [GC (Allocation Failure) [PSYoungGen: 73984K->2336K(74240K)] 448560K->377088K(575488K), 0.0056117 secs] [Times: user=0.01 sys=0.04, real=0.01 secs] 
2019-01-03T07:52:19.148+0900: 226185.675: [GC (Allocation Failure) [PSYoungGen: 74016K->2304K(74240K)] 448768K->377232K(575488K), 0.0073130 secs] [Times: user=0.00 sys=0.04, real=0.01 secs] 
2019-01-03T07:52:37.008+0900: 226203.535: [GC (Allocation Failure) [PSYoungGen: 73984K->2304K(74240K)] 448912K->377408K(575488K), 0.0056981 secs] [Times: user=0.05 sys=0.00, real=0.01 secs] 
2019-01-03T07:52:54.933+0900: 226221.460: [GC (Allocation Failure) [PSYoungGen: 73984K->2304K(74240K)] 449088K->377568K(575488K), 0.0061768 secs] [Times: user=0.01 sys=0.03, real=0.01 secs] 
2019-01-03T07:53:12.845+0900: 226239.372: [GC (Allocation Failure) [PSYoungGen: 73984K->2304K(74240K)] 449248K->377736K(575488K), 0.0055408 secs] [Times: user=0.05 sys=0.00, real=0.00 secs] 
2019-01-03T07:53:30.854+0900: 226257.381: [GC (Allocation Failure) [PSYoungGen: 73984K->2368K(74240K)] 449416K->377976K(575488K), 0.0059266 secs] [Times: user=0.04 sys=0.00, real=0.00 secs] 
2019-01-03T07:53:48.815+0900: 226275.342: [GC (Allocation Failure) [PSYoungGen: 74048K->2336K(74240K)] 449656K->378128K(575488K), 0.0059230 secs] [Times: user=0.04 sys=0.00, real=0.00 secs] 
2019-01-03T07:54:06.586+0900: 226293.113: [GC (Allocation Failure) [PSYoungGen: 74016K->2336K(74240K)] 449808K->378304K(575488K), 0.0054728 secs] [Times: user=0.01 sys=0.03, real=0.00 secs] 
2019-01-03T07:54:24.498+0900: 226311.025: [GC (Allocation Failure) [PSYoungGen: 74016K->2336K(74240K)] 449984K->378480K(575488K), 0.0060463 secs] [Times: user=0.01 sys=0.03, real=0.01 secs] 
2019-01-03T07:54:42.412+0900: 226328.939: [GC (Allocation Failure) [PSYoungGen: 74016K->2304K(74240K)] 450160K->378624K(575488K), 0.0067188 secs] [Times: user=0.01 sys=0.03, real=0.01 secs] 
2019-01-03T07:55:00.358+0900: 226346.885: [GC (Allocation Failure) [PSYoungGen: 73984K->2272K(74240K)] 450304K->378776K(575488K), 0.0065074 secs] [Times: user=0.01 sys=0.03, real=0.01 secs] 
2019-01-03T07:55:18.437+0900: 226364.964: [GC (Allocation Failure) [PSYoungGen: 73952K->2368K(74240K)] 450456K->379056K(575488K), 0.0058572 secs] [Times: user=0.01 sys=0.03, real=0.00 secs] 
2019-01-03T07:55:36.348+0900: 226382.875: [GC (Allocation Failure) [PSYoungGen: 74048K->2304K(74240K)] 450736K->379184K(575488K), 0.0070345 secs] [Times: user=0.01 sys=0.04, real=0.01 secs] 
2019-01-03T07:55:54.247+0900: 226400.774: [GC (Allocation Failure) [PSYoungGen: 73984K->2304K(74240K)] 450864K->379368K(575488K), 0.0065687 secs] [Times: user=0.05 sys=0.00, real=0.01 secs] 
2019-01-03T07:56:12.266+0900: 226418.793: [GC (Allocation Failure) [PSYoungGen: 73984K->2304K(74240K)] 451048K->379568K(575488K), 0.0059721 secs] [Times: user=0.04 sys=0.00, real=0.00 secs] 
2019-01-03T07:56:30.228+0900: 226436.755: [GC (Allocation Failure) [PSYoungGen: 73984K->2272K(74240K)] 451248K->379704K(575488K), 0.0057112 secs] [Times: user=0.01 sys=0.04, real=0.01 secs] 
2019-01-03T07:56:48.119+0900: 226454.646: [GC (Allocation Failure) [PSYoungGen: 73952K->2304K(74240K)] 451384K->379920K(575488K), 0.0054151 secs] [Times: user=0.01 sys=0.02, real=0.01 secs] 
2019-01-03T07:57:06.081+0900: 226472.608: [GC (Allocation Failure) [PSYoungGen: 73984K->2272K(74240K)] 451600K->380080K(575488K), 0.0059369 secs] [Times: user=0.04 sys=0.00, real=0.01 secs] 
2019-01-03T07:57:23.978+0900: 226490.505: [GC (Allocation Failure) [PSYoungGen: 73952K->2240K(74240K)] 451760K->380216K(575488K), 0.0061266 secs] [Times: user=0.01 sys=0.03, real=0.01 secs] 
2019-01-03T07:57:41.806+0900: 226508.333: [GC (Allocation Failure) [PSYoungGen: 73920K->2272K(74240K)] 451896K->380424K(575488K), 0.0056744 secs] [Times: user=0.04 sys=0.00, real=0.00 secs] 
2019-01-03T07:57:59.676+0900: 226526.203: [GC (Allocation Failure) [PSYoungGen: 73952K->2272K(74240K)] 452104K->380584K(575488K), 0.0053534 secs] [Times: user=0.04 sys=0.00, real=0.00 secs] 
2019-01-03T07:58:17.594+0900: 226544.121: [GC (Allocation Failure) [PSYoungGen: 73952K->2304K(74240K)] 452264K->380784K(575488K), 0.0056695 secs] [Times: user=0.01 sys=0.03, real=0.00 secs] 
2019-01-03T07:58:35.582+0900: 226562.109: [GC (Allocation Failure) [PSYoungGen: 73984K->2304K(74240K)] 452464K->380968K(575488K), 0.0057196 secs] [Times: user=0.04 sys=0.00, real=0.01 secs] 
2019-01-03T07:58:53.516+0900: 226580.043: [GC (Allocation Failure) [PSYoungGen: 73984K->2304K(74240K)] 452648K->381136K(575488K), 0.0060283 secs] [Times: user=0.01 sys=0.03, real=0.00 secs] 
2019-01-03T07:59:11.272+0900: 226597.798: [GC (Allocation Failure) [PSYoungGen: 73984K->2240K(74240K)] 452816K->381240K(575488K), 0.0060937 secs] [Times: user=0.01 sys=0.04, real=0.01 secs] 
2019-01-03T07:59:29.257+0900: 226615.784: [GC (Allocation Failure) [PSYoungGen: 73920K->2304K(74240K)] 452920K->381496K(575488K), 0.0062641 secs] [Times: user=0.00 sys=0.04, real=0.00 secs] 
2019-01-03T07:59:47.135+0900: 226633.662: [GC (Allocation Failure) [PSYoungGen: 73984K->2304K(74240K)] 453176K->381656K(575488K), 0.0058731 secs] [Times: user=0.01 sys=0.03, real=0.00 secs] 
2019-01-03T08:00:04.987+0900: 226651.514: [GC (Allocation Failure) [PSYoungGen: 73984K->2240K(74240K)] 453336K->381768K(575488K), 0.0059730 secs] [Times: user=0.01 sys=0.04, real=0.00 secs] 
2019-01-03T08:00:22.964+0900: 226669.490: [GC (Allocation Failure) [PSYoungGen: 73920K->2272K(74240K)] 453448K->381976K(575488K), 0.0070696 secs] [Times: user=0.02 sys=0.03, real=0.00 secs] 
2019-01-03T08:00:40.888+0900: 226687.415: [GC (Allocation Failure) [PSYoungGen: 73952K->2272K(74240K)] 453656K->382160K(575488K), 0.0063125 secs] [Times: user=0.05 sys=0.00, real=0.01 secs] 
2019-01-03T08:00:58.708+0900: 226705.234: [GC (Allocation Failure) [PSYoungGen: 73952K->2336K(74240K)] 453840K->382400K(575488K), 0.0062983 secs] [Times: user=0.01 sys=0.03, real=0.01 secs] 
2019-01-03T08:01:16.681+0900: 226723.207: [GC (Allocation Failure) [PSYoungGen: 74016K->2272K(74240K)] 454080K->382504K(575488K), 0.0067431 secs] [Times: user=0.04 sys=0.00, real=0.01 secs] 
2019-01-03T08:01:34.757+0900: 226741.283: [GC (Allocation Failure) [PSYoungGen: 73952K->2304K(74240K)] 454184K->382712K(575488K), 0.0061846 secs] [Times: user=0.01 sys=0.03, real=0.00 secs] 
2019-01-03T08:01:52.721+0900: 226759.248: [GC (Allocation Failure) [PSYoungGen: 73984K->2336K(74240K)] 454392K->382920K(575488K), 0.0054856 secs] [Times: user=0.04 sys=0.00, real=0.01 secs] 
2019-01-03T08:02:10.648+0900: 226777.174: [GC (Allocation Failure) [PSYoungGen: 74016K->2272K(74240K)] 454600K->383024K(575488K), 0.0059069 secs] [Times: user=0.04 sys=0.00, real=0.00 secs] 
2019-01-03T08:02:28.564+0900: 226795.091: [GC (Allocation Failure) [PSYoungGen: 73952K->2304K(74240K)] 454704K->383224K(575488K), 0.0059511 secs] [Times: user=0.01 sys=0.03, real=0.00 secs] 
2019-01-03T08:02:46.152+0900: 226812.679: [GC (Allocation Failure) [PSYoungGen: 73984K->2560K(74240K)] 454904K->383696K(575488K), 0.0074703 secs] [Times: user=0.00 sys=0.06, real=0.01 secs] 
2019-01-03T08:03:04.063+0900: 226830.589: [GC (Allocation Failure) [PSYoungGen: 74240K->2464K(74240K)] 455376K->383912K(575488K), 0.0052755 secs] [Times: user=0.01 sys=0.03, real=0.01 secs] 
2019-01-03T08:03:22.021+0900: 226848.548: [GC (Allocation Failure) [PSYoungGen: 74144K->2496K(74240K)] 455592K->383944K(575488K), 0.0056849 secs] [Times: user=0.04 sys=0.00, real=0.01 secs] 
2019-01-03T08:03:39.912+0900: 226866.438: [GC (Allocation Failure) [PSYoungGen: 74176K->2496K(74752K)] 455624K->384128K(576000K), 0.0056348 secs] [Times: user=0.01 sys=0.03, real=0.01 secs] 
2019-01-03T08:03:57.783+0900: 226884.310: [GC (Allocation Failure) [PSYoungGen: 74176K->2400K(74752K)] 455808K->384208K(576000K), 0.0059712 secs] [Times: user=0.01 sys=0.03, real=0.01 secs] 
2019-01-03T08:04:15.672+0900: 226902.199: [GC (Allocation Failure) [PSYoungGen: 74080K->2368K(74752K)] 455888K->384352K(576000K), 0.0058315 secs] [Times: user=0.04 sys=0.00, real=0.01 secs] 
2019-01-03T08:04:33.639+0900: 226920.166: [GC (Allocation Failure) [PSYoungGen: 74048K->2272K(74752K)] 456032K->384440K(576000K), 0.0054234 secs] [Times: user=0.04 sys=0.00, real=0.01 secs] 
2019-01-03T08:04:51.544+0900: 226938.070: [GC (Allocation Failure) [PSYoungGen: 73952K->2240K(74752K)] 456120K->384560K(576000K), 0.0057690 secs] [Times: user=0.01 sys=0.03, real=0.00 secs] 
2019-01-03T08:05:09.539+0900: 226956.066: [GC (Allocation Failure) [PSYoungGen: 73920K->2144K(74752K)] 456240K->384648K(576000K), 0.0057117 secs] [Times: user=0.04 sys=0.00, real=0.01 secs] 
2019-01-03T08:05:27.180+0900: 226973.707: [GC (Allocation Failure) [PSYoungGen: 73824K->2016K(74752K)] 456328K->384688K(576000K), 0.0056523 secs] [Times: user=0.01 sys=0.03, real=0.01 secs] 
2019-01-03T08:05:45.082+0900: 226991.608: [GC (Allocation Failure) [PSYoungGen: 73696K->2016K(74752K)] 456368K->384856K(576000K), 0.0061681 secs] [Times: user=0.01 sys=0.03, real=0.01 secs] 
2019-01-03T08:06:02.967+0900: 227009.494: [GC (Allocation Failure) [PSYoungGen: 73696K->1952K(74752K)] 456536K->384960K(576000K), 0.0060750 secs] [Times: user=0.04 sys=0.00, real=0.00 secs] 
2019-01-03T08:06:20.874+0900: 227027.401: [GC (Allocation Failure) [PSYoungGen: 73632K->1920K(74752K)] 456640K->385096K(576000K), 0.0067999 secs] [Times: user=0.05 sys=0.00, real=0.00 secs] 
2019-01-03T08:06:38.822+0900: 227045.348: [GC (Allocation Failure) [PSYoungGen: 73600K->1824K(74752K)] 456776K->385176K(576000K), 0.0051939 secs] [Times: user=0.04 sys=0.00, real=0.01 secs] 
2019-01-03T08:06:56.700+0900: 227063.227: [GC (Allocation Failure) [PSYoungGen: 73504K->1728K(74752K)] 456856K->385264K(576000K), 0.0047773 secs] [Times: user=0.00 sys=0.03, real=0.01 secs] 
2019-01-03T08:07:14.742+0900: 227081.268: [GC (Allocation Failure) [PSYoungGen: 73408K->1440K(74752K)] 456944K->385408K(576000K), 0.0051149 secs] [Times: user=0.01 sys=0.02, real=0.01 secs] 
2019-01-03T08:07:32.662+0900: 227099.189: [GC (Allocation Failure) [PSYoungGen: 73120K->1472K(74752K)] 457088K->385536K(576000K), 0.0048137 secs] [Times: user=0.03 sys=0.00, real=0.01 secs] 
2019-01-03T08:07:50.329+0900: 227116.856: [GC (Allocation Failure) [PSYoungGen: 73152K->1600K(74752K)] 457216K->385768K(576000K), 0.0048252 secs] [Times: user=0.01 sys=0.02, real=0.01 secs] 
2019-01-03T08:08:08.188+0900: 227134.714: [GC (Allocation Failure) [PSYoungGen: 73280K->1664K(74752K)] 457448K->385928K(576000K), 0.0048451 secs] [Times: user=0.01 sys=0.02, real=0.00 secs] 
2019-01-03T08:08:26.057+0900: 227152.584: [GC (Allocation Failure) [PSYoungGen: 73344K->1696K(74752K)] 457608K->386088K(576000K), 0.0053561 secs] [Times: user=0.01 sys=0.03, real=0.00 secs] 
2019-01-03T08:08:43.945+0900: 227170.472: [GC (Allocation Failure) [PSYoungGen: 73376K->1792K(74752K)] 457768K->386296K(576000K), 0.0048554 secs] [Times: user=0.01 sys=0.02, real=0.00 secs] 
2019-01-03T08:09:01.882+0900: 227188.409: [GC (Allocation Failure) [PSYoungGen: 73472K->1824K(74752K)] 457976K->386440K(576000K), 0.0059024 secs] [Times: user=0.01 sys=0.02, real=0.01 secs] 
2019-01-03T08:09:19.841+0900: 227206.368: [GC (Allocation Failure) [PSYoungGen: 73504K->1888K(73728K)] 458120K->386616K(574976K), 0.0060541 secs] [Times: user=0.01 sys=0.03, real=0.01 secs] 
2019-01-03T08:09:37.815+0900: 227224.341: [GC (Allocation Failure) [PSYoungGen: 73568K->1888K(74240K)] 458296K->386720K(575488K), 0.0053134 secs] [Times: user=0.01 sys=0.02, real=0.00 secs] 
2019-01-03T08:09:55.766+0900: 227242.293: [GC (Allocation Failure) [PSYoungGen: 73568K->2048K(74240K)] 458400K->386992K(575488K), 0.0056544 secs] [Times: user=0.04 sys=0.00, real=0.00 secs] 
2019-01-03T08:10:13.585+0900: 227260.111: [GC (Allocation Failure) [PSYoungGen: 73728K->2112K(74240K)] 458672K->387168K(575488K), 0.0053315 secs] [Times: user=0.02 sys=0.03, real=0.00 secs] 
2019-01-03T08:10:31.505+0900: 227278.032: [GC (Allocation Failure) [PSYoungGen: 73792K->2144K(74240K)] 458848K->387320K(575488K), 0.0067401 secs] [Times: user=0.01 sys=0.03, real=0.00 secs] 
2019-01-03T08:10:49.477+0900: 227296.004: [GC (Allocation Failure) [PSYoungGen: 73824K->2144K(74240K)] 459000K->387456K(575488K), 0.0071196 secs] [Times: user=0.01 sys=0.04, real=0.01 secs] 
2019-01-03T08:11:07.422+0900: 227313.949: [GC (Allocation Failure) [PSYoungGen: 73824K->2240K(74240K)] 459136K->387680K(575488K), 0.0057411 secs] [Times: user=0.04 sys=0.00, real=0.01 secs] 
2019-01-03T08:11:25.348+0900: 227331.875: [GC (Allocation Failure) [PSYoungGen: 73920K->2304K(74752K)] 459360K->387880K(576000K), 0.0053980 secs] [Times: user=0.01 sys=0.03, real=0.00 secs] 
2019-01-03T08:11:43.314+0900: 227349.841: [GC (Allocation Failure) [PSYoungGen: 73984K->2240K(74752K)] 459560K->387968K(576000K), 0.0059806 secs] [Times: user=0.04 sys=0.00, real=0.00 secs] 
2019-01-03T08:12:01.207+0900: 227367.734: [GC (Allocation Failure) [PSYoungGen: 73920K->2304K(74752K)] 459648K->388200K(576000K), 0.0066043 secs] [Times: user=0.01 sys=0.04, real=0.00 secs] 
2019-01-03T08:12:19.176+0900: 227385.703: [GC (Allocation Failure) [PSYoungGen: 73984K->2272K(74752K)] 459880K->388360K(576000K), 0.0054491 secs] [Times: user=0.04 sys=0.00, real=0.00 secs] 
2019-01-03T08:12:37.083+0900: 227403.610: [GC (Allocation Failure) [PSYoungGen: 73952K->2272K(74752K)] 460040K->388528K(576000K), 0.0056736 secs] [Times: user=0.01 sys=0.03, real=0.01 secs] 
2019-01-03T08:12:54.848+0900: 227421.374: [GC (Allocation Failure) [PSYoungGen: 73952K->2336K(74752K)] 460208K->388768K(576000K), 0.0061604 secs] [Times: user=0.01 sys=0.03, real=0.01 secs] 
2019-01-03T08:13:12.641+0900: 227439.167: [GC (Allocation Failure) [PSYoungGen: 74016K->2368K(74752K)] 460448K->388968K(576000K), 0.0058052 secs] [Times: user=0.01 sys=0.03, real=0.01 secs] 
2019-01-03T08:13:30.542+0900: 227457.069: [GC (Allocation Failure) [PSYoungGen: 74048K->2272K(74752K)] 460648K->389048K(576000K), 0.0056335 secs] [Times: user=0.02 sys=0.03, real=0.01 secs] 
2019-01-03T08:13:48.423+0900: 227474.949: [GC (Allocation Failure) [PSYoungGen: 73952K->2240K(74752K)] 460728K->389184K(576000K), 0.0056703 secs] [Times: user=0.04 sys=0.00, real=0.01 secs] 
2019-01-03T08:14:06.313+0900: 227492.840: [GC (Allocation Failure) [PSYoungGen: 73920K->2240K(74752K)] 460864K->389376K(576000K), 0.0059173 secs] [Times: user=0.05 sys=0.00, real=0.01 secs] 
2019-01-03T08:14:24.239+0900: 227510.766: [GC (Allocation Failure) [PSYoungGen: 73920K->2240K(74752K)] 461056K->389536K(576000K), 0.0059417 secs] [Times: user=0.01 sys=0.03, real=0.01 secs] 
2019-01-03T08:14:42.283+0900: 227528.810: [GC (Allocation Failure) [PSYoungGen: 73920K->2272K(74752K)] 461216K->389744K(576000K), 0.0053165 secs] [Times: user=0.02 sys=0.03, real=0.01 secs] 
2019-01-03T08:15:00.055+0900: 227546.581: [GC (Allocation Failure) [PSYoungGen: 73952K->2272K(74752K)] 461424K->389920K(576000K), 0.0057541 secs] [Times: user=0.04 sys=0.00, real=0.00 secs] 
2019-01-03T08:15:17.932+0900: 227564.459: [GC (Allocation Failure) [PSYoungGen: 73952K->2304K(74752K)] 461600K->390120K(576000K), 0.0063597 secs] [Times: user=0.04 sys=0.00, real=0.01 secs] 
2019-01-03T08:15:35.866+0900: 227582.393: [GC (Allocation Failure) [PSYoungGen: 73984K->2272K(74752K)] 461800K->390264K(576000K), 0.0056438 secs] [Times: user=0.01 sys=0.04, real=0.00 secs] 
2019-01-03T08:15:53.845+0900: 227600.372: [GC (Allocation Failure) [PSYoungGen: 73952K->2304K(74752K)] 461944K->390472K(576000K), 0.0058142 secs] [Times: user=0.01 sys=0.04, real=0.00 secs] 
2019-01-03T08:16:11.764+0900: 227618.291: [GC (Allocation Failure) [PSYoungGen: 73984K->2272K(74752K)] 462152K->390616K(576000K), 0.0066408 secs] [Times: user=0.01 sys=0.03, real=0.00 secs] 
2019-01-03T08:16:29.384+0900: 227635.911: [GC (Allocation Failure) [PSYoungGen: 73952K->2272K(74240K)] 462296K->390784K(575488K), 0.0062808 secs] [Times: user=0.01 sys=0.03, real=0.00 secs] 
2019-01-03T08:16:47.213+0900: 227653.740: [GC (Allocation Failure) [PSYoungGen: 73952K->2336K(74240K)] 462464K->391032K(575488K), 0.0057837 secs] [Times: user=0.01 sys=0.03, real=0.01 secs] 
2019-01-03T08:17:05.096+0900: 227671.623: [GC (Allocation Failure) [PSYoungGen: 74016K->2304K(74240K)] 462712K->391176K(575488K), 0.0061270 secs] [Times: user=0.01 sys=0.03, real=0.00 secs] 
2019-01-03T08:17:22.935+0900: 227689.462: [GC (Allocation Failure) [PSYoungGen: 73984K->2304K(74240K)] 462856K->391344K(575488K), 0.0060141 secs] [Times: user=0.01 sys=0.04, real=0.00 secs] 
2019-01-03T08:17:40.827+0900: 227707.353: [GC (Allocation Failure) [PSYoungGen: 73984K->2304K(74240K)] 463024K->391520K(575488K), 0.0055022 secs] [Times: user=0.01 sys=0.03, real=0.00 secs] 
2019-01-03T08:17:58.698+0900: 227725.225: [GC (Allocation Failure) [PSYoungGen: 73984K->2336K(74240K)] 463200K->391736K(575488K), 0.0063055 secs] [Times: user=0.01 sys=0.03, real=0.01 secs] 
2019-01-03T08:18:16.655+0900: 227743.182: [GC (Allocation Failure) [PSYoungGen: 74016K->2304K(74240K)] 463416K->391880K(575488K), 0.0062180 secs] [Times: user=0.01 sys=0.03, real=0.00 secs] 
2019-01-03T08:18:34.563+0900: 227761.090: [GC (Allocation Failure) [PSYoungGen: 73984K->2304K(74240K)] 463560K->392064K(575488K), 0.0062345 secs] [Times: user=0.01 sys=0.03, real=0.01 secs] 
2019-01-03T08:18:52.499+0900: 227779.026: [GC (Allocation Failure) [PSYoungGen: 73984K->2336K(74240K)] 463744K->392264K(575488K), 0.0059870 secs] [Times: user=0.01 sys=0.03, real=0.01 secs] 
2019-01-03T08:19:10.393+0900: 227796.920: [GC (Allocation Failure) [PSYoungGen: 74016K->2272K(74240K)] 463944K->392384K(575488K), 0.0056973 secs] [Times: user=0.01 sys=0.03, real=0.01 secs] 
2019-01-03T08:19:28.147+0900: 227814.674: [GC (Allocation Failure) [PSYoungGen: 73952K->2304K(74240K)] 464064K->392584K(575488K), 0.0054830 secs] [Times: user=0.01 sys=0.03, real=0.00 secs] 
2019-01-03T08:19:46.072+0900: 227832.598: [GC (Allocation Failure) [PSYoungGen: 73984K->2272K(74240K)] 464264K->392720K(575488K), 0.0059629 secs] [Times: user=0.04 sys=0.00, real=0.01 secs] 
2019-01-03T08:20:03.944+0900: 227850.470: [GC (Allocation Failure) [PSYoungGen: 73952K->2304K(74240K)] 464400K->392912K(575488K), 0.0060446 secs] [Times: user=0.04 sys=0.00, real=0.00 secs] 
2019-01-03T08:20:21.879+0900: 227868.406: [GC (Allocation Failure) [PSYoungGen: 73984K->2272K(74240K)] 464592K->393056K(575488K), 0.0052385 secs] [Times: user=0.01 sys=0.03, real=0.01 secs] 
2019-01-03T08:20:39.815+0900: 227886.342: [GC (Allocation Failure) [PSYoungGen: 73952K->2272K(74240K)] 464736K->393232K(575488K), 0.0063909 secs] [Times: user=0.02 sys=0.03, real=0.00 secs] 
2019-01-03T08:20:57.647+0900: 227904.173: [GC (Allocation Failure) [PSYoungGen: 73952K->2272K(74240K)] 464912K->393400K(575488K), 0.0059382 secs] [Times: user=0.01 sys=0.03, real=0.00 secs] 
2019-01-03T08:21:15.636+0900: 227922.163: [GC (Allocation Failure) [PSYoungGen: 73952K->2304K(74240K)] 465080K->393624K(575488K), 0.0066488 secs] [Times: user=0.01 sys=0.04, real=0.00 secs] 
2019-01-03T08:21:33.590+0900: 227940.116: [GC (Allocation Failure) [PSYoungGen: 73984K->2304K(74240K)] 465304K->393816K(575488K), 0.0062694 secs] [Times: user=0.01 sys=0.03, real=0.01 secs] 
2019-01-03T08:21:51.492+0900: 227958.019: [GC (Allocation Failure) [PSYoungGen: 73984K->2240K(74240K)] 465496K->393928K(575488K), 0.0061732 secs] [Times: user=0.01 sys=0.04, real=0.01 secs] 
2019-01-03T08:22:09.398+0900: 227975.925: [GC (Allocation Failure) [PSYoungGen: 73920K->2208K(74240K)] 465608K->394064K(575488K), 0.0058369 secs] [Times: user=0.01 sys=0.04, real=0.01 secs] 
2019-01-03T08:22:27.263+0900: 227993.790: [GC (Allocation Failure) [PSYoungGen: 73888K->2240K(74240K)] 465744K->394272K(575488K), 0.0062823 secs] [Times: user=0.04 sys=0.00, real=0.01 secs] 
2019-01-03T08:22:45.177+0900: 228011.703: [GC (Allocation Failure) [PSYoungGen: 73920K->2272K(74240K)] 465952K->394480K(575488K), 0.0058490 secs] [Times: user=0.04 sys=0.00, real=0.00 secs] 
2019-01-03T08:23:03.102+0900: 228029.629: [GC (Allocation Failure) [PSYoungGen: 73952K->2272K(74240K)] 466160K->394664K(575488K), 0.0061807 secs] [Times: user=0.01 sys=0.03, real=0.01 secs] 
2019-01-03T08:23:21.047+0900: 228047.573: [GC (Allocation Failure) [PSYoungGen: 73952K->2240K(74240K)] 466344K->394808K(575488K), 0.0057430 secs] [Times: user=0.01 sys=0.03, real=0.00 secs] 
2019-01-03T08:23:38.991+0900: 228065.518: [GC (Allocation Failure) [PSYoungGen: 73920K->2240K(74240K)] 466488K->394968K(575488K), 0.0059397 secs] [Times: user=0.01 sys=0.03, real=0.01 secs] 
2019-01-03T08:23:56.959+0900: 228083.486: [GC (Allocation Failure) [PSYoungGen: 73920K->2240K(74240K)] 466648K->395144K(575488K), 0.0056003 secs] [Times: user=0.01 sys=0.03, real=0.01 secs] 
2019-01-03T08:24:14.808+0900: 228101.334: [GC (Allocation Failure) [PSYoungGen: 73920K->2272K(74240K)] 466824K->395360K(575488K), 0.0056193 secs] [Times: user=0.04 sys=0.00, real=0.00 secs] 
2019-01-03T08:24:32.643+0900: 228119.170: [GC (Allocation Failure) [PSYoungGen: 73952K->2272K(74240K)] 467040K->395560K(575488K), 0.0068535 secs] [Times: user=0.01 sys=0.04, real=0.01 secs] 
2019-01-03T08:24:50.615+0900: 228137.142: [GC (Allocation Failure) [PSYoungGen: 73952K->2272K(74240K)] 467240K->395736K(575488K), 0.0056627 secs] [Times: user=0.01 sys=0.04, real=0.00 secs] 
2019-01-03T08:25:08.532+0900: 228155.059: [GC (Allocation Failure) [PSYoungGen: 73952K->2240K(74240K)] 467416K->395872K(575488K), 0.0056923 secs] [Times: user=0.01 sys=0.03, real=0.01 secs] 
2019-01-03T08:25:26.506+0900: 228173.033: [GC (Allocation Failure) [PSYoungGen: 73920K->2272K(74240K)] 467552K->396088K(575488K), 0.0063975 secs] [Times: user=0.04 sys=0.00, real=0.00 secs] 
2019-01-03T08:25:44.401+0900: 228190.928: [GC (Allocation Failure) [PSYoungGen: 73952K->2304K(74240K)] 467768K->396296K(575488K), 0.0063394 secs] [Times: user=0.05 sys=0.00, real=0.01 secs] 
2019-01-03T08:26:02.423+0900: 228208.950: [GC (Allocation Failure) [PSYoungGen: 73984K->2304K(74240K)] 467976K->396472K(575488K), 0.0058976 secs] [Times: user=0.01 sys=0.03, real=0.01 secs] 
2019-01-03T08:26:20.328+0900: 228226.855: [GC (Allocation Failure) [PSYoungGen: 73984K->2336K(74240K)] 468152K->396680K(575488K), 0.0059624 secs] [Times: user=0.01 sys=0.04, real=0.01 secs] 
2019-01-03T08:26:38.312+0900: 228244.838: [GC (Allocation Failure) [PSYoungGen: 74016K->2304K(74240K)] 468360K->396816K(575488K), 0.0053351 secs] [Times: user=0.04 sys=0.00, real=0.01 secs] 
2019-01-03T08:26:55.915+0900: 228262.442: [GC (Allocation Failure) [PSYoungGen: 73984K->2368K(74240K)] 468496K->397072K(575488K), 0.0058328 secs] [Times: user=0.01 sys=0.03, real=0.00 secs] 
2019-01-03T08:27:13.797+0900: 228280.324: [GC (Allocation Failure) [PSYoungGen: 74048K->2272K(74240K)] 468752K->397168K(575488K), 0.0059347 secs] [Times: user=0.01 sys=0.03, real=0.00 secs] 
2019-01-03T08:27:31.692+0900: 228298.218: [GC (Allocation Failure) [PSYoungGen: 73952K->2304K(74240K)] 468848K->397376K(575488K), 0.0060840 secs] [Times: user=0.01 sys=0.03, real=0.01 secs] 
2019-01-03T08:27:49.621+0900: 228316.148: [GC (Allocation Failure) [PSYoungGen: 73984K->2272K(74240K)] 469056K->397528K(575488K), 0.0062435 secs] [Times: user=0.01 sys=0.03, real=0.01 secs] 
2019-01-03T08:28:07.493+0900: 228334.020: [GC (Allocation Failure) [PSYoungGen: 73952K->2304K(74240K)] 469208K->397736K(575488K), 0.0073676 secs] [Times: user=0.06 sys=0.00, real=0.01 secs] 
2019-01-03T08:28:25.412+0900: 228351.939: [GC (Allocation Failure) [PSYoungGen: 73984K->2272K(74240K)] 469416K->397880K(575488K), 0.0056931 secs] [Times: user=0.01 sys=0.03, real=0.01 secs] 
2019-01-03T08:28:43.339+0900: 228369.866: [GC (Allocation Failure) [PSYoungGen: 73952K->2272K(74240K)] 469560K->398056K(575488K), 0.0048735 secs] [Times: user=0.00 sys=0.02, real=0.01 secs] 
2019-01-03T08:29:01.220+0900: 228387.747: [GC (Allocation Failure) [PSYoungGen: 73952K->2272K(74240K)] 469736K->398232K(575488K), 0.0057151 secs] [Times: user=0.01 sys=0.03, real=0.01 secs] 
2019-01-03T08:29:19.165+0900: 228405.692: [GC (Allocation Failure) [PSYoungGen: 73952K->2272K(74240K)] 469912K->398408K(575488K), 0.0059426 secs] [Times: user=0.01 sys=0.04, real=0.00 secs] 
2019-01-03T08:29:36.859+0900: 228423.386: [GC (Allocation Failure) [PSYoungGen: 73952K->2272K(74240K)] 470088K->398592K(575488K), 0.0058314 secs] [Times: user=0.04 sys=0.00, real=0.01 secs] 
2019-01-03T08:29:54.702+0900: 228441.229: [GC (Allocation Failure) [PSYoungGen: 73952K->2304K(74240K)] 470272K->398776K(575488K), 0.0054642 secs] [Times: user=0.01 sys=0.03, real=0.01 secs] 
2019-01-03T08:30:12.558+0900: 228459.085: [GC (Allocation Failure) [PSYoungGen: 73984K->2272K(74240K)] 470456K->398928K(575488K), 0.0059254 secs] [Times: user=0.01 sys=0.03, real=0.01 secs] 
2019-01-03T08:30:30.555+0900: 228477.081: [GC (Allocation Failure) [PSYoungGen: 73952K->2304K(74240K)] 470608K->399136K(575488K), 0.0060819 secs] [Times: user=0.04 sys=0.00, real=0.00 secs] 
2019-01-03T08:30:48.480+0900: 228495.007: [GC (Allocation Failure) [PSYoungGen: 73984K->2368K(74240K)] 470816K->399368K(575488K), 0.0058241 secs] [Times: user=0.01 sys=0.03, real=0.01 secs] 
2019-01-03T08:31:06.394+0900: 228512.920: [GC (Allocation Failure) [PSYoungGen: 74048K->2304K(74240K)] 471048K->399480K(575488K), 0.0058077 secs] [Times: user=0.01 sys=0.03, real=0.00 secs] 
2019-01-03T08:31:24.306+0900: 228530.833: [GC (Allocation Failure) [PSYoungGen: 73984K->2336K(74240K)] 471160K->399696K(575488K), 0.0083859 secs] [Times: user=0.06 sys=0.00, real=0.01 secs] 
2019-01-03T08:31:42.235+0900: 228548.761: [GC (Allocation Failure) [PSYoungGen: 74016K->2272K(74240K)] 471376K->399800K(575488K), 0.0059506 secs] [Times: user=0.02 sys=0.03, real=0.00 secs] 
2019-01-03T08:32:00.095+0900: 228566.622: [GC (Allocation Failure) [PSYoungGen: 73952K->2272K(74240K)] 471480K->399976K(575488K), 0.0066811 secs] [Times: user=0.04 sys=0.00, real=0.00 secs] 
2019-01-03T08:32:18.018+0900: 228584.545: [GC (Allocation Failure) [PSYoungGen: 73952K->2304K(74240K)] 471656K->400184K(575488K), 0.0060368 secs] [Times: user=0.01 sys=0.03, real=0.01 secs] 
2019-01-03T08:32:35.935+0900: 228602.461: [GC (Allocation Failure) [PSYoungGen: 73984K->2304K(74240K)] 471864K->400384K(575488K), 0.0064597 secs] [Times: user=0.01 sys=0.03, real=0.00 secs] 
2019-01-03T08:32:53.823+0900: 228620.350: [GC (Allocation Failure) [PSYoungGen: 73984K->2272K(74240K)] 472064K->400520K(575488K), 0.0070815 secs] [Times: user=0.01 sys=0.03, real=0.01 secs] 
2019-01-03T08:33:11.785+0900: 228638.312: [GC (Allocation Failure) [PSYoungGen: 73952K->2304K(74240K)] 472200K->400720K(575488K), 0.0062154 secs] [Times: user=0.01 sys=0.04, real=0.00 secs] 
2019-01-03T08:33:29.720+0900: 228656.247: [GC (Allocation Failure) [PSYoungGen: 73984K->2304K(74240K)] 472400K->400896K(575488K), 0.0056252 secs] [Times: user=0.01 sys=0.03, real=0.01 secs] 
2019-01-03T08:33:47.612+0900: 228674.139: [GC (Allocation Failure) [PSYoungGen: 73984K->2304K(74240K)] 472576K->401080K(575488K), 0.0059374 secs] [Times: user=0.04 sys=0.00, real=0.01 secs] 
2019-01-03T08:34:05.576+0900: 228692.103: [GC (Allocation Failure) [PSYoungGen: 73984K->2304K(74240K)] 472760K->401248K(575488K), 0.0063352 secs] [Times: user=0.01 sys=0.03, real=0.00 secs] 
2019-01-03T08:34:23.479+0900: 228710.006: [GC (Allocation Failure) [PSYoungGen: 73984K->2304K(74240K)] 472928K->401424K(575488K), 0.0056373 secs] [Times: user=0.00 sys=0.03, real=0.01 secs] 
2019-01-03T08:34:41.291+0900: 228727.818: [GC (Allocation Failure) [PSYoungGen: 73984K->2336K(74240K)] 473104K->401632K(575488K), 0.0065267 secs] [Times: user=0.04 sys=0.00, real=0.01 secs] 
2019-01-03T08:34:58.893+0900: 228745.419: [GC (Allocation Failure) [PSYoungGen: 74016K->2272K(74240K)] 473312K->401744K(575488K), 0.0060707 secs] [Times: user=0.01 sys=0.04, real=0.01 secs] 
2019-01-03T08:35:16.745+0900: 228763.272: [GC (Allocation Failure) [PSYoungGen: 73952K->2304K(74240K)] 473424K->401936K(575488K), 0.0060853 secs] [Times: user=0.01 sys=0.03, real=0.00 secs] 
2019-01-03T08:35:34.610+0900: 228781.137: [GC (Allocation Failure) [PSYoungGen: 73984K->2304K(74240K)] 473616K->402104K(575488K), 0.0062100 secs] [Times: user=0.01 sys=0.03, real=0.01 secs] 
2019-01-03T08:35:52.504+0900: 228799.031: [GC (Allocation Failure) [PSYoungGen: 73984K->2240K(74240K)] 473784K->402208K(575488K), 0.0073619 secs] [Times: user=0.01 sys=0.04, real=0.00 secs] 
2019-01-03T08:36:10.405+0900: 228816.932: [GC (Allocation Failure) [PSYoungGen: 73920K->2272K(74240K)] 473888K->402408K(575488K), 0.0058118 secs] [Times: user=0.04 sys=0.00, real=0.00 secs] 
2019-01-03T08:36:28.275+0900: 228834.801: [GC (Allocation Failure) [PSYoungGen: 73952K->2272K(74240K)] 474088K->402584K(575488K), 0.0056535 secs] [Times: user=0.01 sys=0.04, real=0.00 secs] 
2019-01-03T08:36:46.181+0900: 228852.708: [GC (Allocation Failure) [PSYoungGen: 73952K->2304K(74240K)] 474264K->402784K(575488K), 0.0054726 secs] [Times: user=0.01 sys=0.03, real=0.01 secs] 
2019-01-03T08:37:04.088+0900: 228870.615: [GC (Allocation Failure) [PSYoungGen: 73984K->2304K(74240K)] 474464K->402960K(575488K), 0.0060232 secs] [Times: user=0.01 sys=0.03, real=0.01 secs] 
2019-01-03T08:37:22.017+0900: 228888.543: [GC (Allocation Failure) [PSYoungGen: 73984K->2336K(74240K)] 474640K->403176K(575488K), 0.0057739 secs] [Times: user=0.01 sys=0.03, real=0.00 secs] 
2019-01-03T08:37:39.999+0900: 228906.526: [GC (Allocation Failure) [PSYoungGen: 74016K->2272K(74240K)] 474856K->403296K(575488K), 0.0059766 secs] [Times: user=0.04 sys=0.00, real=0.01 secs] 
2019-01-03T08:37:57.819+0900: 228924.346: [GC (Allocation Failure) [PSYoungGen: 73952K->2336K(74240K)] 474976K->403544K(575488K), 0.0053767 secs] [Times: user=0.01 sys=0.03, real=0.01 secs] 
2019-01-03T08:38:15.609+0900: 228942.136: [GC (Allocation Failure) [PSYoungGen: 74016K->2240K(74240K)] 475224K->403616K(575488K), 0.0058941 secs] [Times: user=0.01 sys=0.03, real=0.01 secs] 
2019-01-03T08:38:33.511+0900: 228960.038: [GC (Allocation Failure) [PSYoungGen: 73920K->2272K(74240K)] 475296K->403824K(575488K), 0.0074405 secs] [Times: user=0.01 sys=0.04, real=0.01 secs] 
2019-01-03T08:38:51.513+0900: 228978.040: [GC (Allocation Failure) [PSYoungGen: 73952K->2272K(74240K)] 475504K->403992K(575488K), 0.0058192 secs] [Times: user=0.01 sys=0.03, real=0.01 secs] 
2019-01-03T08:39:09.384+0900: 228995.911: [GC (Allocation Failure) [PSYoungGen: 73952K->2272K(74240K)] 475672K->404176K(575488K), 0.0056436 secs] [Times: user=0.04 sys=0.00, real=0.00 secs] 
2019-01-03T08:39:27.244+0900: 229013.770: [GC (Allocation Failure) [PSYoungGen: 73952K->2336K(74240K)] 475856K->404416K(575488K), 0.0059236 secs] [Times: user=0.01 sys=0.03, real=0.00 secs] 
2019-01-03T08:39:45.137+0900: 229031.663: [GC (Allocation Failure) [PSYoungGen: 74016K->2304K(74240K)] 476096K->404552K(575488K), 0.0060343 secs] [Times: user=0.04 sys=0.00, real=0.00 secs] 
2019-01-03T08:40:02.959+0900: 229049.486: [GC (Allocation Failure) [PSYoungGen: 73984K->2304K(74240K)] 476232K->404736K(575488K), 0.0051294 secs] [Times: user=0.01 sys=0.03, real=0.01 secs] 
2019-01-03T08:40:20.878+0900: 229067.405: [GC (Allocation Failure) [PSYoungGen: 73984K->2304K(74240K)] 476416K->404912K(575488K), 0.0063452 secs] [Times: user=0.05 sys=0.00, real=0.01 secs] 
2019-01-03T08:40:38.697+0900: 229085.224: [GC (Allocation Failure) [PSYoungGen: 73984K->2304K(74240K)] 476592K->405088K(575488K), 0.0063755 secs] [Times: user=0.01 sys=0.03, real=0.00 secs] 
2019-01-03T08:40:56.572+0900: 229103.099: [GC (Allocation Failure) [PSYoungGen: 73984K->2272K(74240K)] 476768K->405240K(575488K), 0.0055784 secs] [Times: user=0.04 sys=0.00, real=0.01 secs] 
2019-01-03T08:41:14.475+0900: 229121.001: [GC (Allocation Failure) [PSYoungGen: 73952K->2272K(74240K)] 476920K->405408K(575488K), 0.0062447 secs] [Times: user=0.02 sys=0.03, real=0.00 secs] 
2019-01-03T08:41:32.366+0900: 229138.893: [GC (Allocation Failure) [PSYoungGen: 73952K->2240K(74240K)] 477088K->405544K(575488K), 0.0063788 secs] [Times: user=0.05 sys=0.00, real=0.00 secs] 
2019-01-03T08:41:50.274+0900: 229156.800: [GC (Allocation Failure) [PSYoungGen: 73920K->2304K(74240K)] 477224K->405776K(575488K), 0.0068754 secs] [Times: user=0.05 sys=0.00, real=0.00 secs] 
2019-01-03T08:42:08.129+0900: 229174.656: [GC (Allocation Failure) [PSYoungGen: 73984K->2336K(74240K)] 477456K->405992K(575488K), 0.0060281 secs] [Times: user=0.01 sys=0.03, real=0.01 secs] 
2019-01-03T08:42:26.068+0900: 229192.595: [GC (Allocation Failure) [PSYoungGen: 74016K->2272K(74240K)] 477672K->406096K(575488K), 0.0058657 secs] [Times: user=0.04 sys=0.00, real=0.01 secs] 
2019-01-03T08:42:43.759+0900: 229210.286: [GC (Allocation Failure) [PSYoungGen: 73952K->2272K(74240K)] 477776K->406272K(575488K), 0.0061876 secs] [Times: user=0.00 sys=0.03, real=0.01 secs] 
2019-01-03T08:43:01.644+0900: 229228.171: [GC (Allocation Failure) [PSYoungGen: 73952K->2272K(74240K)] 477952K->406456K(575488K), 0.0056381 secs] [Times: user=0.01 sys=0.03, real=0.00 secs] 
2019-01-03T08:43:19.546+0900: 229246.072: [GC (Allocation Failure) [PSYoungGen: 73952K->2240K(74240K)] 478136K->406608K(575488K), 0.0061050 secs] [Times: user=0.01 sys=0.03, real=0.00 secs] 
2019-01-03T08:43:37.485+0900: 229264.012: [GC (Allocation Failure) [PSYoungGen: 73920K->2272K(74240K)] 478288K->406824K(575488K), 0.0062791 secs] [Times: user=0.02 sys=0.04, real=0.00 secs] 
2019-01-03T08:43:55.382+0900: 229281.909: [GC (Allocation Failure) [PSYoungGen: 73952K->2240K(74240K)] 478504K->406968K(575488K), 0.0059470 secs] [Times: user=0.01 sys=0.03, real=0.01 secs] 
2019-01-03T08:44:13.283+0900: 229299.809: [GC (Allocation Failure) [PSYoungGen: 73920K->2240K(74240K)] 478648K->407136K(575488K), 0.0056651 secs] [Times: user=0.01 sys=0.03, real=0.01 secs] 
2019-01-03T08:44:31.166+0900: 229317.693: [GC (Allocation Failure) [PSYoungGen: 73920K->2272K(74240K)] 478816K->407328K(575488K), 0.0062695 secs] [Times: user=0.01 sys=0.03, real=0.00 secs] 
2019-01-03T08:44:48.984+0900: 229335.511: [GC (Allocation Failure) [PSYoungGen: 73952K->2272K(74240K)] 479008K->407512K(575488K), 0.0058237 secs] [Times: user=0.01 sys=0.03, real=0.00 secs] 
2019-01-03T08:45:06.866+0900: 229353.393: [GC (Allocation Failure) [PSYoungGen: 73952K->2208K(74240K)] 479192K->407608K(575488K), 0.0058850 secs] [Times: user=0.01 sys=0.04, real=0.00 secs] 
2019-01-03T08:45:24.819+0900: 229371.346: [GC (Allocation Failure) [PSYoungGen: 73888K->2272K(74240K)] 479288K->407848K(575488K), 0.0059923 secs] [Times: user=0.01 sys=0.03, real=0.01 secs] 
2019-01-03T08:45:42.766+0900: 229389.293: [GC (Allocation Failure) [PSYoungGen: 73952K->2304K(74240K)] 479528K->408056K(575488K), 0.0079580 secs] [Times: user=0.02 sys=0.04, real=0.01 secs] 
2019-01-03T08:46:00.694+0900: 229407.221: [GC (Allocation Failure) [PSYoungGen: 73984K->2304K(74240K)] 479736K->408224K(575488K), 0.0059004 secs] [Times: user=0.05 sys=0.00, real=0.00 secs] 
2019-01-03T08:46:18.513+0900: 229425.040: [GC (Allocation Failure) [PSYoungGen: 73984K->2336K(74240K)] 479904K->408424K(575488K), 0.0060243 secs] [Times: user=0.01 sys=0.04, real=0.01 secs] 
2019-01-03T08:46:36.409+0900: 229442.935: [GC (Allocation Failure) [PSYoungGen: 74016K->2336K(74240K)] 480104K->408616K(575488K), 0.0059509 secs] [Times: user=0.01 sys=0.03, real=0.01 secs] 
2019-01-03T08:46:54.411+0900: 229460.938: [GC (Allocation Failure) [PSYoungGen: 74016K->2272K(74240K)] 480296K->408720K(575488K), 0.0058956 secs] [Times: user=0.01 sys=0.03, real=0.01 secs] 
2019-01-03T08:47:12.349+0900: 229478.876: [GC (Allocation Failure) [PSYoungGen: 73952K->2272K(74240K)] 480400K->408888K(575488K), 0.0055640 secs] [Times: user=0.01 sys=0.03, real=0.01 secs] 
2019-01-03T08:47:30.231+0900: 229496.758: [GC (Allocation Failure) [PSYoungGen: 73952K->2272K(74240K)] 480568K->409056K(575488K), 0.0054789 secs] [Times: user=0.01 sys=0.03, real=0.01 secs] 
2019-01-03T08:47:48.140+0900: 229514.667: [GC (Allocation Failure) [PSYoungGen: 73952K->2272K(74240K)] 480736K->409232K(575488K), 0.0060314 secs] [Times: user=0.05 sys=0.00, real=0.01 secs] 
2019-01-03T08:48:05.990+0900: 229532.517: [GC (Allocation Failure) [PSYoungGen: 73952K->2304K(74240K)] 480912K->409448K(575488K), 0.0067337 secs] [Times: user=0.02 sys=0.04, real=0.01 secs] 
2019-01-03T08:48:23.836+0900: 229550.362: [GC (Allocation Failure) [PSYoungGen: 73984K->2336K(74240K)] 481128K->409648K(575488K), 0.0063762 secs] [Times: user=0.01 sys=0.03, real=0.00 secs] 
2019-01-03T08:48:41.914+0900: 229568.441: [GC (Allocation Failure) [PSYoungGen: 74016K->2272K(74240K)] 481328K->409760K(575488K), 0.0070841 secs] [Times: user=0.05 sys=0.00, real=0.00 secs] 
2019-01-03T08:48:59.926+0900: 229586.453: [GC (Allocation Failure) [PSYoungGen: 73952K->2336K(74240K)] 481440K->409992K(575488K), 0.0065436 secs] [Times: user=0.05 sys=0.00, real=0.00 secs] 
2019-01-03T08:49:17.659+0900: 229604.186: [GC (Allocation Failure) [PSYoungGen: 74016K->2336K(74240K)] 481672K->410168K(575488K), 0.0062325 secs] [Times: user=0.01 sys=0.03, real=0.01 secs] 
2019-01-03T08:49:35.675+0900: 229622.202: [GC (Allocation Failure) [PSYoungGen: 74016K->2304K(74240K)] 481848K->410320K(575488K), 0.0062551 secs] [Times: user=0.01 sys=0.04, real=0.00 secs] 
2019-01-03T08:49:53.579+0900: 229640.106: [GC (Allocation Failure) [PSYoungGen: 73984K->2304K(74240K)] 482000K->410488K(575488K), 0.0067604 secs] [Times: user=0.02 sys=0.03, real=0.01 secs] 
2019-01-03T08:50:11.517+0900: 229658.043: [GC (Allocation Failure) [PSYoungGen: 73984K->2336K(74240K)] 482168K->410712K(575488K), 0.0059079 secs] [Times: user=0.01 sys=0.03, real=0.00 secs] 
2019-01-03T08:50:29.484+0900: 229676.011: [GC (Allocation Failure) [PSYoungGen: 74016K->2304K(74240K)] 482392K->410856K(575488K), 0.0057974 secs] [Times: user=0.01 sys=0.03, real=0.00 secs] 
2019-01-03T08:50:47.412+0900: 229693.939: [GC (Allocation Failure) [PSYoungGen: 73984K->2336K(74240K)] 482536K->411064K(575488K), 0.0070212 secs] [Times: user=0.01 sys=0.03, real=0.01 secs] 
2019-01-03T08:51:05.325+0900: 229711.851: [GC (Allocation Failure) [PSYoungGen: 74016K->2304K(74240K)] 482744K->411208K(575488K), 0.0060676 secs] [Times: user=0.01 sys=0.03, real=0.00 secs] 
2019-01-03T08:51:23.305+0900: 229729.831: [GC (Allocation Failure) [PSYoungGen: 73984K->2304K(74240K)] 482888K->411384K(575488K), 0.0058331 secs] [Times: user=0.01 sys=0.03, real=0.00 secs] 
2019-01-03T08:51:41.308+0900: 229747.835: [GC (Allocation Failure) [PSYoungGen: 73984K->2336K(74240K)] 483064K->411592K(575488K), 0.0060553 secs] [Times: user=0.02 sys=0.03, real=0.01 secs] 
2019-01-03T08:51:58.992+0900: 229765.519: [GC (Allocation Failure) [PSYoungGen: 74016K->2272K(74240K)] 483272K->411712K(575488K), 0.0057409 secs] [Times: user=0.04 sys=0.00, real=0.01 secs] 
2019-01-03T08:52:16.762+0900: 229783.289: [GC (Allocation Failure) [PSYoungGen: 73952K->2304K(74240K)] 483392K->411936K(575488K), 0.0059284 secs] [Times: user=0.01 sys=0.04, real=0.01 secs] 
2019-01-03T08:52:34.645+0900: 229801.172: [GC (Allocation Failure) [PSYoungGen: 73984K->2304K(74240K)] 483616K->412112K(575488K), 0.0073644 secs] [Times: user=0.05 sys=0.00, real=0.00 secs] 
2019-01-03T08:52:52.592+0900: 229819.119: [GC (Allocation Failure) [PSYoungGen: 73984K->2304K(74240K)] 483792K->412280K(575488K), 0.0060463 secs] [Times: user=0.04 sys=0.00, real=0.01 secs] 
2019-01-03T08:53:10.516+0900: 229837.043: [GC (Allocation Failure) [PSYoungGen: 73984K->2304K(74240K)] 483960K->412456K(575488K), 0.0061172 secs] [Times: user=0.05 sys=0.00, real=0.00 secs] 
2019-01-03T08:53:28.374+0900: 229854.900: [GC (Allocation Failure) [PSYoungGen: 73984K->2304K(74240K)] 484136K->412632K(575488K), 0.0063760 secs] [Times: user=0.01 sys=0.03, real=0.01 secs] 
2019-01-03T08:53:46.287+0900: 229872.813: [GC (Allocation Failure) [PSYoungGen: 73984K->2304K(74240K)] 484312K->412808K(575488K), 0.0066334 secs] [Times: user=0.01 sys=0.03, real=0.00 secs] 
2019-01-03T08:54:04.199+0900: 229890.726: [GC (Allocation Failure) [PSYoungGen: 73984K->2336K(74240K)] 484488K->413016K(575488K), 0.0060245 secs] [Times: user=0.04 sys=0.00, real=0.01 secs] 
2019-01-03T08:54:22.138+0900: 229908.665: [GC (Allocation Failure) [PSYoungGen: 74016K->2304K(74240K)] 484696K->413160K(575488K), 0.0060568 secs] [Times: user=0.01 sys=0.04, real=0.01 secs] 
2019-01-03T08:54:40.038+0900: 229926.565: [GC (Allocation Failure) [PSYoungGen: 73984K->2368K(74240K)] 484840K->413392K(575488K), 0.0059035 secs] [Times: user=0.04 sys=0.00, real=0.01 secs] 
2019-01-03T08:54:57.845+0900: 229944.372: [GC (Allocation Failure) [PSYoungGen: 74048K->2304K(74240K)] 485072K->413504K(575488K), 0.0063285 secs] [Times: user=0.01 sys=0.03, real=0.00 secs] 
2019-01-03T08:55:15.802+0900: 229962.328: [GC (Allocation Failure) [PSYoungGen: 73984K->2272K(74240K)] 485184K->413656K(575488K), 0.0060938 secs] [Times: user=0.04 sys=0.00, real=0.01 secs] 
2019-01-03T08:55:33.596+0900: 229980.123: [GC (Allocation Failure) [PSYoungGen: 73952K->2304K(74240K)] 485336K->413864K(575488K), 0.0062319 secs] [Times: user=0.01 sys=0.04, real=0.00 secs] 
2019-01-03T08:55:51.447+0900: 229997.974: [GC (Allocation Failure) [PSYoungGen: 73984K->2272K(74240K)] 485544K->414008K(575488K), 0.0059662 secs] [Times: user=0.01 sys=0.03, real=0.00 secs] 
2019-01-03T08:56:09.311+0900: 230015.838: [GC (Allocation Failure) [PSYoungGen: 73952K->2336K(74240K)] 485688K->414248K(575488K), 0.0059614 secs] [Times: user=0.01 sys=0.03, real=0.01 secs] 
2019-01-03T08:56:27.192+0900: 230033.719: [GC (Allocation Failure) [PSYoungGen: 74016K->2304K(74240K)] 485928K->414392K(575488K), 0.0061406 secs] [Times: user=0.01 sys=0.03, real=0.01 secs] 
2019-01-03T08:56:45.154+0900: 230051.681: [GC (Allocation Failure) [PSYoungGen: 73984K->2304K(74240K)] 486072K->414584K(575488K), 0.0061153 secs] [Times: user=0.01 sys=0.03, real=0.00 secs] 
2019-01-03T08:57:03.077+0900: 230069.604: [GC (Allocation Failure) [PSYoungGen: 73984K->2304K(74240K)] 486264K->414768K(575488K), 0.0061910 secs] [Times: user=0.04 sys=0.00, real=0.00 secs] 
2019-01-03T08:57:21.056+0900: 230087.583: [GC (Allocation Failure) [PSYoungGen: 73984K->2304K(74240K)] 486448K->414936K(575488K), 0.0056829 secs] [Times: user=0.01 sys=0.03, real=0.00 secs] 
2019-01-03T08:57:38.982+0900: 230105.509: [GC (Allocation Failure) [PSYoungGen: 73984K->2304K(74240K)] 486616K->415120K(575488K), 0.0064816 secs] [Times: user=0.05 sys=0.00, real=0.01 secs] 
2019-01-03T08:57:56.831+0900: 230123.358: [GC (Allocation Failure) [PSYoungGen: 73984K->2336K(74240K)] 486800K->415328K(575488K), 0.0061355 secs] [Times: user=0.04 sys=0.00, real=0.01 secs] 
2019-01-03T08:58:14.728+0900: 230141.255: [GC (Allocation Failure) [PSYoungGen: 74016K->2304K(74240K)] 487008K->415456K(575488K), 0.0058322 secs] [Times: user=0.05 sys=0.00, real=0.01 secs] 
2019-01-03T08:58:32.676+0900: 230159.203: [GC (Allocation Failure) [PSYoungGen: 73984K->2304K(74240K)] 487136K->415640K(575488K), 0.0062457 secs] [Times: user=0.01 sys=0.04, real=0.00 secs] 
2019-01-03T08:58:50.622+0900: 230177.148: [GC (Allocation Failure) [PSYoungGen: 73984K->2304K(74240K)] 487320K->415808K(575488K), 0.0063417 secs] [Times: user=0.04 sys=0.00, real=0.01 secs] 
2019-01-03T08:59:08.521+0900: 230195.048: [GC (Allocation Failure) [PSYoungGen: 73984K->2336K(74240K)] 487488K->416016K(575488K), 0.0064574 secs] [Times: user=0.01 sys=0.03, real=0.01 secs] 
2019-01-03T08:59:26.451+0900: 230212.978: [GC (Allocation Failure) [PSYoungGen: 74016K->2304K(74240K)] 487696K->416168K(575488K), 0.0065285 secs] [Times: user=0.00 sys=0.04, real=0.01 secs] 
2019-01-03T08:59:44.281+0900: 230230.808: [GC (Allocation Failure) [PSYoungGen: 73984K->2304K(74240K)] 487848K->416336K(575488K), 0.0062101 secs] [Times: user=0.01 sys=0.04, real=0.01 secs] 
2019-01-03T09:00:02.156+0900: 230248.683: [GC (Allocation Failure) [PSYoungGen: 73984K->2272K(74240K)] 488016K->416472K(575488K), 0.0056086 secs] [Times: user=0.01 sys=0.03, real=0.00 secs] 
2019-01-03T09:00:20.075+0900: 230266.602: [GC (Allocation Failure) [PSYoungGen: 73952K->2304K(74240K)] 488152K->416688K(575488K), 0.0057142 secs] [Times: user=0.01 sys=0.03, real=0.00 secs] 
2019-01-03T09:00:38.017+0900: 230284.544: [GC (Allocation Failure) [PSYoungGen: 73984K->2304K(74240K)] 488368K->416880K(575488K), 0.0064215 secs] [Times: user=0.01 sys=0.03, real=0.00 secs] 
2019-01-03T09:00:55.850+0900: 230302.377: [GC (Allocation Failure) [PSYoungGen: 73984K->2336K(74240K)] 488560K->417088K(575488K), 0.0067909 secs] [Times: user=0.05 sys=0.00, real=0.01 secs] 
2019-01-03T09:01:13.742+0900: 230320.268: [GC (Allocation Failure) [PSYoungGen: 74016K->2272K(74240K)] 488768K->417192K(575488K), 0.0062384 secs] [Times: user=0.01 sys=0.03, real=0.01 secs] 
2019-01-03T09:01:31.671+0900: 230338.198: [GC (Allocation Failure) [PSYoungGen: 73952K->2304K(74240K)] 488872K->417400K(575488K), 0.0061757 secs] [Times: user=0.05 sys=0.00, real=0.01 secs] 
2019-01-03T09:01:49.635+0900: 230356.162: [GC (Allocation Failure) [PSYoungGen: 73984K->2304K(74240K)] 489080K->417584K(575488K), 0.0056575 secs] [Times: user=0.01 sys=0.04, real=0.00 secs] 
2019-01-03T09:02:07.583+0900: 230374.110: [GC (Allocation Failure) [PSYoungGen: 73984K->2272K(74240K)] 489264K->417736K(575488K), 0.0062981 secs] [Times: user=0.01 sys=0.03, real=0.01 secs] 
2019-01-03T09:02:25.435+0900: 230391.962: [GC (Allocation Failure) [PSYoungGen: 73952K->2304K(74240K)] 489416K->417952K(575488K), 0.0056704 secs] [Times: user=0.05 sys=0.00, real=0.00 secs] 
2019-01-03T09:02:43.160+0900: 230409.687: [GC (Allocation Failure) [PSYoungGen: 73984K->2560K(74240K)] 489632K->418472K(575488K), 0.0067728 secs] [Times: user=0.01 sys=0.04, real=0.01 secs] 
2019-01-03T09:03:00.815+0900: 230427.342: [GC (Allocation Failure) [PSYoungGen: 74240K->2528K(74240K)] 490152K->418736K(575488K), 0.0059682 secs] [Times: user=0.01 sys=0.03, real=0.00 secs] 
2019-01-03T09:03:18.764+0900: 230445.291: [GC (Allocation Failure) [PSYoungGen: 74208K->2560K(74752K)] 490416K->418768K(576000K), 0.0068156 secs] [Times: user=0.01 sys=0.04, real=0.00 secs] 
2019-01-03T09:03:36.680+0900: 230463.207: [GC (Allocation Failure) [PSYoungGen: 74240K->2496K(74752K)] 490448K->418880K(576000K), 0.0056948 secs] [Times: user=0.01 sys=0.03, real=0.01 secs] 
2019-01-03T09:03:54.557+0900: 230481.084: [GC (Allocation Failure) [PSYoungGen: 74176K->2400K(74752K)] 490560K->418952K(576000K), 0.0058911 secs] [Times: user=0.02 sys=0.03, real=0.00 secs] 
2019-01-03T09:04:12.507+0900: 230499.033: [GC (Allocation Failure) [PSYoungGen: 74080K->2272K(74752K)] 490632K->419000K(576000K), 0.0062453 secs] [Times: user=0.01 sys=0.03, real=0.00 secs] 
2019-01-03T09:04:30.427+0900: 230516.954: [GC (Allocation Failure) [PSYoungGen: 73952K->2240K(74752K)] 490680K->419128K(576000K), 0.0059011 secs] [Times: user=0.01 sys=0.03, real=0.00 secs] 
2019-01-03T09:04:48.353+0900: 230534.879: [GC (Allocation Failure) [PSYoungGen: 73920K->2112K(74752K)] 490808K->419176K(576000K), 0.0053633 secs] [Times: user=0.01 sys=0.03, real=0.01 secs] 
2019-01-03T09:05:06.258+0900: 230552.785: [GC (Allocation Failure) [PSYoungGen: 73792K->2048K(74752K)] 490856K->419304K(576000K), 0.0055739 secs] [Times: user=0.02 sys=0.03, real=0.01 secs] 
2019-01-03T09:05:24.128+0900: 230570.654: [GC (Allocation Failure) [PSYoungGen: 73728K->1952K(74752K)] 490984K->419384K(576000K), 0.0061203 secs] [Times: user=0.01 sys=0.03, real=0.01 secs] 
2019-01-03T09:05:42.023+0900: 230588.549: [GC (Allocation Failure) [PSYoungGen: 73632K->1856K(74752K)] 491064K->419464K(576000K), 0.0054216 secs] [Times: user=0.01 sys=0.03, real=0.01 secs] 
2019-01-03T09:05:59.980+0900: 230606.506: [GC (Allocation Failure) [PSYoungGen: 73536K->1760K(74752K)] 491144K->419552K(576000K), 0.0054103 secs] [Times: user=0.01 sys=0.03, real=0.01 secs] 
2019-01-03T09:06:17.854+0900: 230624.380: [GC (Allocation Failure) [PSYoungGen: 73440K->1728K(74752K)] 491232K->419704K(576000K), 0.0071040 secs] [Times: user=0.05 sys=0.00, real=0.01 secs] 
2019-01-03T09:06:35.722+0900: 230642.249: [GC (Allocation Failure) [PSYoungGen: 73408K->1632K(74752K)] 491384K->419784K(576000K), 0.0053772 secs] [Times: user=0.04 sys=0.00, real=0.01 secs] 
2019-01-03T09:06:53.698+0900: 230660.225: [GC (Allocation Failure) [PSYoungGen: 73312K->1504K(74752K)] 491464K->419840K(576000K), 0.0049204 secs] [Times: user=0.01 sys=0.03, real=0.00 secs] 
2019-01-03T09:07:11.658+0900: 230678.184: [GC (Allocation Failure) [PSYoungGen: 73184K->1248K(74752K)] 491520K->419992K(576000K), 0.0047137 secs] [Times: user=0.01 sys=0.02, real=0.00 secs] 
2019-01-03T09:07:29.640+0900: 230696.167: [GC (Allocation Failure) [PSYoungGen: 72928K->1248K(74752K)] 491672K->420080K(576000K), 0.0044226 secs] [Times: user=0.01 sys=0.02, real=0.01 secs] 
2019-01-03T09:07:47.491+0900: 230714.018: [GC (Allocation Failure) [PSYoungGen: 72928K->1312K(74752K)] 491760K->420232K(576000K), 0.0051736 secs] [Times: user=0.01 sys=0.03, real=0.01 secs] 
2019-01-03T09:08:05.376+0900: 230731.903: [GC (Allocation Failure) [PSYoungGen: 72992K->1440K(74752K)] 491912K->420440K(576000K), 0.0060414 secs] [Times: user=0.00 sys=0.03, real=0.00 secs] 
2019-01-03T09:08:23.122+0900: 230749.649: [GC (Allocation Failure) [PSYoungGen: 73120K->1536K(74752K)] 492120K->420624K(576000K), 0.0052206 secs] [Times: user=0.01 sys=0.02, real=0.01 secs] 
2019-01-03T09:08:41.036+0900: 230767.563: [GC (Allocation Failure) [PSYoungGen: 73216K->1600K(74752K)] 492304K->420792K(576000K), 0.0057790 secs] [Times: user=0.03 sys=0.00, real=0.00 secs] 
2019-01-03T09:08:58.928+0900: 230785.455: [GC (Allocation Failure) [PSYoungGen: 73280K->1728K(74752K)] 492472K->421000K(576000K), 0.0048295 secs] [Times: user=0.01 sys=0.02, real=0.00 secs] 
2019-01-03T09:09:16.828+0900: 230803.355: [GC (Allocation Failure) [PSYoungGen: 73408K->1824K(74752K)] 492680K->421176K(576000K), 0.0054254 secs] [Times: user=0.03 sys=0.00, real=0.01 secs] 
2019-01-03T09:09:34.742+0900: 230821.269: [GC (Allocation Failure) [PSYoungGen: 73504K->1792K(73728K)] 492856K->421232K(574976K), 0.0054665 secs] [Times: user=0.00 sys=0.03, real=0.01 secs] 
2019-01-03T09:09:52.654+0900: 230839.181: [GC (Allocation Failure) [PSYoungGen: 73472K->1952K(74240K)] 492912K->421480K(575488K), 0.0053141 secs] [Times: user=0.01 sys=0.03, real=0.00 secs] 
2019-01-03T09:10:10.721+0900: 230857.247: [GC (Allocation Failure) [PSYoungGen: 73632K->2016K(74240K)] 493160K->421648K(575488K), 0.0056338 secs] [Times: user=0.05 sys=0.00, real=0.01 secs] 
2019-01-03T09:10:28.663+0900: 230875.190: [GC (Allocation Failure) [PSYoungGen: 73696K->2112K(74240K)] 493328K->421840K(575488K), 0.0051962 secs] [Times: user=0.01 sys=0.02, real=0.01 secs] 
2019-01-03T09:10:46.563+0900: 230893.090: [GC (Allocation Failure) [PSYoungGen: 73792K->2144K(74240K)] 493520K->421976K(575488K), 0.0053858 secs] [Times: user=0.01 sys=0.03, real=0.01 secs] 
2019-01-03T09:11:04.411+0900: 230910.938: [GC (Allocation Failure) [PSYoungGen: 73824K->2176K(74752K)] 493656K->422112K(576000K), 0.0068099 secs] [Times: user=0.01 sys=0.04, real=0.01 secs] 
2019-01-03T09:11:22.487+0900: 230929.014: [GC (Allocation Failure) [PSYoungGen: 73856K->2272K(74752K)] 493792K->422328K(576000K), 0.0058732 secs] [Times: user=0.01 sys=0.03, real=0.00 secs] 
2019-01-03T09:11:40.441+0900: 230946.968: [GC (Allocation Failure) [PSYoungGen: 73952K->2240K(74752K)] 494008K->422440K(576000K), 0.0058205 secs] [Times: user=0.01 sys=0.03, real=0.01 secs] 
2019-01-03T09:11:58.403+0900: 230964.930: [GC (Allocation Failure) [PSYoungGen: 73920K->2272K(74752K)] 494120K->422640K(576000K), 0.0061844 secs] [Times: user=0.05 sys=0.00, real=0.01 secs] 
2019-01-03T09:12:16.136+0900: 230982.663: [GC (Allocation Failure) [PSYoungGen: 73952K->2272K(74752K)] 494320K->422824K(576000K), 0.0060854 secs] [Times: user=0.02 sys=0.04, real=0.00 secs] 
2019-01-03T09:12:34.056+0900: 231000.582: [GC (Allocation Failure) [PSYoungGen: 73952K->2272K(74752K)] 494504K->422992K(576000K), 0.0071575 secs] [Times: user=0.05 sys=0.00, real=0.00 secs] 
2019-01-03T09:12:51.915+0900: 231018.442: [GC (Allocation Failure) [PSYoungGen: 73952K->2304K(74752K)] 494672K->423208K(576000K), 0.0061640 secs] [Times: user=0.01 sys=0.03, real=0.00 secs] 
2019-01-03T09:13:09.801+0900: 231036.327: [GC (Allocation Failure) [PSYoungGen: 73984K->2304K(74752K)] 494888K->423384K(576000K), 0.0059871 secs] [Times: user=0.04 sys=0.00, real=0.01 secs] 
2019-01-03T09:13:27.710+0900: 231054.237: [GC (Allocation Failure) [PSYoungGen: 73984K->2304K(74752K)] 495064K->423552K(576000K), 0.0055930 secs] [Times: user=0.01 sys=0.03, real=0.01 secs] 
2019-01-03T09:13:45.573+0900: 231072.100: [GC (Allocation Failure) [PSYoungGen: 73984K->2304K(74752K)] 495232K->423728K(576000K), 0.0061295 secs] [Times: user=0.01 sys=0.03, real=0.01 secs] 
2019-01-03T09:14:03.392+0900: 231089.918: [GC (Allocation Failure) [PSYoungGen: 73984K->2336K(74752K)] 495408K->423936K(576000K), 0.0058416 secs] [Times: user=0.01 sys=0.03, real=0.01 secs] 
2019-01-03T09:14:21.289+0900: 231107.816: [GC (Allocation Failure) [PSYoungGen: 74016K->2304K(74752K)] 495616K->424088K(576000K), 0.0065075 secs] [Times: user=0.01 sys=0.04, real=0.01 secs] 
2019-01-03T09:14:39.213+0900: 231125.740: [GC (Allocation Failure) [PSYoungGen: 73984K->2336K(74752K)] 495768K->424312K(576000K), 0.0070241 secs] [Times: user=0.00 sys=0.03, real=0.01 secs] 
2019-01-03T09:14:57.116+0900: 231143.643: [GC (Allocation Failure) [PSYoungGen: 74016K->2272K(74752K)] 495992K->424416K(576000K), 0.0064153 secs] [Times: user=0.01 sys=0.03, real=0.00 secs] 
2019-01-03T09:15:14.795+0900: 231161.321: [GC (Allocation Failure) [PSYoungGen: 73952K->2336K(74752K)] 496096K->424664K(576000K), 0.0063913 secs] [Times: user=0.01 sys=0.04, real=0.00 secs] 
2019-01-03T09:15:32.771+0900: 231179.298: [GC (Allocation Failure) [PSYoungGen: 74016K->2304K(74752K)] 496344K->424792K(576000K), 0.0064653 secs] [Times: user=0.01 sys=0.03, real=0.01 secs] 
2019-01-03T09:15:50.593+0900: 231197.120: [GC (Allocation Failure) [PSYoungGen: 73984K->2272K(74752K)] 496472K->424936K(576000K), 0.0063273 secs] [Times: user=0.01 sys=0.03, real=0.01 secs] 
2019-01-03T09:16:08.425+0900: 231214.951: [GC (Allocation Failure) [PSYoungGen: 73952K->2336K(74752K)] 496616K->425184K(576000K), 0.0057966 secs] [Times: user=0.04 sys=0.00, real=0.00 secs] 
2019-01-03T09:16:26.299+0900: 231232.826: [GC (Allocation Failure) [PSYoungGen: 74016K->2272K(74752K)] 496864K->425288K(576000K), 0.0073632 secs] [Times: user=0.01 sys=0.04, real=0.01 secs] 
2019-01-03T09:16:44.178+0900: 231250.705: [GC (Allocation Failure) [PSYoungGen: 73952K->2272K(74752K)] 496968K->425472K(576000K), 0.0073069 secs] [Times: user=0.01 sys=0.03, real=0.01 secs] 
2019-01-03T09:17:02.088+0900: 231268.614: [GC (Allocation Failure) [PSYoungGen: 73952K->2336K(74752K)] 497152K->425712K(576000K), 0.0067076 secs] [Times: user=0.05 sys=0.00, real=0.01 secs] 
2019-01-03T09:17:20.006+0900: 231286.533: [GC (Allocation Failure) [PSYoungGen: 74016K->2336K(74752K)] 497392K->425896K(576000K), 0.0070332 secs] [Times: user=0.01 sys=0.04, real=0.00 secs] 
2019-01-03T09:17:37.899+0900: 231304.426: [GC (Allocation Failure) [PSYoungGen: 74016K->2336K(74752K)] 497576K->426072K(576000K), 0.0055078 secs] [Times: user=0.04 sys=0.00, real=0.01 secs] 
2019-01-03T09:17:55.853+0900: 231322.380: [GC (Allocation Failure) [PSYoungGen: 74016K->2336K(74752K)] 497752K->426256K(576000K), 0.0060563 secs] [Times: user=0.04 sys=0.00, real=0.01 secs] 
2019-01-03T09:18:13.779+0900: 231340.305: [GC (Allocation Failure) [PSYoungGen: 74016K->2336K(74752K)] 497936K->426416K(576000K), 0.0073731 secs] [Times: user=0.00 sys=0.06, real=0.01 secs] 
2019-01-03T09:18:31.327+0900: 231357.853: [GC (Allocation Failure) [PSYoungGen: 74016K->2304K(74752K)] 498096K->426568K(576000K), 0.0061469 secs] [Times: user=0.04 sys=0.00, real=0.00 secs] 
2019-01-03T09:18:49.157+0900: 231375.684: [GC (Allocation Failure) [PSYoungGen: 73984K->2304K(74752K)] 498248K->426752K(576000K), 0.0061861 secs] [Times: user=0.01 sys=0.03, real=0.00 secs] 
2019-01-03T09:19:06.970+0900: 231393.497: [GC (Allocation Failure) [PSYoungGen: 73984K->2336K(74240K)] 498432K->426952K(575488K), 0.0066418 secs] [Times: user=0.01 sys=0.03, real=0.01 secs] 
2019-01-03T09:19:24.833+0900: 231411.360: [GC (Allocation Failure) [PSYoungGen: 74016K->2304K(74240K)] 498632K->427096K(575488K), 0.0058014 secs] [Times: user=0.01 sys=0.03, real=0.01 secs] 
2019-01-03T09:19:42.711+0900: 231429.238: [GC (Allocation Failure) [PSYoungGen: 73984K->2272K(74240K)] 498776K->427248K(575488K), 0.0058424 secs] [Times: user=0.01 sys=0.03, real=0.01 secs] 
2019-01-03T09:20:00.614+0900: 231447.141: [GC (Allocation Failure) [PSYoungGen: 73952K->2336K(74240K)] 498928K->427488K(575488K), 0.0060395 secs] [Times: user=0.01 sys=0.03, real=0.00 secs] 
2019-01-03T09:20:18.487+0900: 231465.013: [GC (Allocation Failure) [PSYoungGen: 74016K->2208K(74240K)] 499168K->427536K(575488K), 0.0061213 secs] [Times: user=0.01 sys=0.03, real=0.00 secs] 
2019-01-03T09:20:36.449+0900: 231482.975: [GC (Allocation Failure) [PSYoungGen: 73888K->2304K(74240K)] 499216K->427808K(575488K), 0.0057474 secs] [Times: user=0.00 sys=0.04, real=0.01 secs] 
2019-01-03T09:20:54.299+0900: 231500.826: [GC (Allocation Failure) [PSYoungGen: 73984K->2304K(74240K)] 499488K->427976K(575488K), 0.0060579 secs] [Times: user=0.04 sys=0.00, real=0.01 secs] 
2019-01-03T09:21:12.218+0900: 231518.744: [GC (Allocation Failure) [PSYoungGen: 73984K->2336K(74240K)] 499656K->428200K(575488K), 0.0061484 secs] [Times: user=0.01 sys=0.03, real=0.01 secs] 
2019-01-03T09:21:30.180+0900: 231536.707: [GC (Allocation Failure) [PSYoungGen: 74016K->2336K(74240K)] 499880K->428392K(575488K), 0.0074980 secs] [Times: user=0.06 sys=0.00, real=0.01 secs] 
2019-01-03T09:21:48.041+0900: 231554.568: [GC (Allocation Failure) [PSYoungGen: 74016K->2240K(74240K)] 500072K->428464K(575488K), 0.0069368 secs] [Times: user=0.01 sys=0.03, real=0.01 secs] 
2019-01-03T09:22:05.843+0900: 231572.369: [GC (Allocation Failure) [PSYoungGen: 73920K->2272K(74240K)] 500144K->428672K(575488K), 0.0055160 secs] [Times: user=0.01 sys=0.03, real=0.01 secs] 
2019-01-03T09:22:23.791+0900: 231590.318: [GC (Allocation Failure) [PSYoungGen: 73952K->2272K(74240K)] 500352K->428848K(575488K), 0.0061674 secs] [Times: user=0.05 sys=0.00, real=0.01 secs] 
2019-01-03T09:22:41.695+0900: 231608.221: [GC (Allocation Failure) [PSYoungGen: 73952K->2272K(74240K)] 500528K->429024K(575488K), 0.0062905 secs] [Times: user=0.01 sys=0.03, real=0.00 secs] 
2019-01-03T09:22:59.697+0900: 231626.224: [GC (Allocation Failure) [PSYoungGen: 73952K->2304K(74240K)] 500704K->429224K(575488K), 0.0058895 secs] [Times: user=0.04 sys=0.00, real=0.00 secs] 
2019-01-03T09:23:17.561+0900: 231644.087: [GC (Allocation Failure) [PSYoungGen: 73984K->2272K(74240K)] 500904K->429360K(575488K), 0.0060372 secs] [Times: user=0.02 sys=0.03, real=0.01 secs] 
2019-01-03T09:23:35.394+0900: 231661.921: [GC (Allocation Failure) [PSYoungGen: 73952K->2304K(74240K)] 501040K->429560K(575488K), 0.0057828 secs] [Times: user=0.01 sys=0.03, real=0.00 secs] 
2019-01-03T09:23:53.280+0900: 231679.806: [GC (Allocation Failure) [PSYoungGen: 73984K->2304K(74240K)] 501240K->429728K(575488K), 0.0057850 secs] [Times: user=0.01 sys=0.03, real=0.01 secs] 
2019-01-03T09:24:11.013+0900: 231697.540: [GC (Allocation Failure) [PSYoungGen: 73984K->2304K(74240K)] 501408K->429896K(575488K), 0.0057607 secs] [Times: user=0.01 sys=0.03, real=0.01 secs] 
2019-01-03T09:24:28.813+0900: 231715.340: [GC (Allocation Failure) [PSYoungGen: 73984K->2304K(74240K)] 501576K->430072K(575488K), 0.0075115 secs] [Times: user=0.01 sys=0.04, real=0.01 secs] 
2019-01-03T09:24:46.699+0900: 231733.226: [GC (Allocation Failure) [PSYoungGen: 73984K->2272K(74240K)] 501752K->430224K(575488K), 0.0056522 secs] [Times: user=0.01 sys=0.02, real=0.01 secs] 
2019-01-03T09:25:04.544+0900: 231751.071: [GC (Allocation Failure) [PSYoungGen: 73952K->2272K(74240K)] 501904K->430408K(575488K), 0.0059934 secs] [Times: user=0.01 sys=0.03, real=0.00 secs] 
2019-01-03T09:25:22.434+0900: 231768.961: [GC (Allocation Failure) [PSYoungGen: 73952K->2304K(74240K)] 502088K->430608K(575488K), 0.0075674 secs] [Times: user=0.01 sys=0.03, real=0.00 secs] 
2019-01-03T09:25:40.324+0900: 231786.851: [GC (Allocation Failure) [PSYoungGen: 73984K->2272K(74240K)] 502288K->430752K(575488K), 0.0058453 secs] [Times: user=0.04 sys=0.00, real=0.00 secs] 
2019-01-03T09:25:58.201+0900: 231804.727: [GC (Allocation Failure) [PSYoungGen: 73952K->2304K(74240K)] 502432K->430952K(575488K), 0.0061768 secs] [Times: user=0.04 sys=0.00, real=0.01 secs] 
2019-01-03T09:26:16.058+0900: 231822.585: [GC (Allocation Failure) [PSYoungGen: 73984K->2240K(74240K)] 502632K->431056K(575488K), 0.0060327 secs] [Times: user=0.01 sys=0.04, real=0.01 secs] 
2019-01-03T09:26:33.953+0900: 231840.480: [GC (Allocation Failure) [PSYoungGen: 73920K->2272K(74240K)] 502736K->431264K(575488K), 0.0058686 secs] [Times: user=0.04 sys=0.00, real=0.01 secs] 
2019-01-03T09:26:51.849+0900: 231858.375: [GC (Allocation Failure) [PSYoungGen: 73952K->2336K(74240K)] 502944K->431496K(575488K), 0.0053899 secs] [Times: user=0.01 sys=0.03, real=0.01 secs] 
2019-01-03T09:27:09.445+0900: 231875.972: [GC (Allocation Failure) [PSYoungGen: 74016K->2272K(74240K)] 503176K->431608K(575488K), 0.0079274 secs] [Times: user=0.05 sys=0.00, real=0.00 secs] 
2019-01-03T09:27:27.454+0900: 231893.980: [GC (Allocation Failure) [PSYoungGen: 73952K->2208K(74240K)] 503288K->431720K(575488K), 0.0055725 secs] [Times: user=0.01 sys=0.03, real=0.00 secs] 
2019-01-03T09:27:45.270+0900: 231911.797: [GC (Allocation Failure) [PSYoungGen: 73888K->2304K(74240K)] 503400K->432000K(575488K), 0.0062250 secs] [Times: user=0.01 sys=0.03, real=0.01 secs] 
2019-01-03T09:28:03.167+0900: 231929.694: [GC (Allocation Failure) [PSYoungGen: 73984K->2272K(74240K)] 503680K->432144K(575488K), 0.0065694 secs] [Times: user=0.02 sys=0.03, real=0.00 secs] 
2019-01-03T09:28:21.112+0900: 231947.639: [GC (Allocation Failure) [PSYoungGen: 73952K->2304K(74240K)] 503824K->432344K(575488K), 0.0065235 secs] [Times: user=0.04 sys=0.00, real=0.01 secs] 
2019-01-03T09:28:39.074+0900: 231965.600: [GC (Allocation Failure) [PSYoungGen: 73984K->2240K(74240K)] 504024K->432456K(575488K), 0.0068050 secs] [Times: user=0.01 sys=0.05, real=0.00 secs] 
2019-01-03T09:28:56.922+0900: 231983.448: [GC (Allocation Failure) [PSYoungGen: 73920K->2272K(74240K)] 504136K->432656K(575488K), 0.0060289 secs] [Times: user=0.01 sys=0.04, real=0.01 secs] 
2019-01-03T09:29:14.746+0900: 232001.273: [GC (Allocation Failure) [PSYoungGen: 73952K->2336K(74240K)] 504336K->432888K(575488K), 0.0063282 secs] [Times: user=0.01 sys=0.04, real=0.00 secs] 
2019-01-03T09:29:32.654+0900: 232019.181: [GC (Allocation Failure) [PSYoungGen: 74016K->2272K(74240K)] 504568K->433016K(575488K), 0.0062047 secs] [Times: user=0.02 sys=0.04, real=0.00 secs] 
2019-01-03T09:29:50.556+0900: 232037.082: [GC (Allocation Failure) [PSYoungGen: 73952K->2368K(74240K)] 504696K->433288K(575488K), 0.0065830 secs] [Times: user=0.01 sys=0.04, real=0.00 secs] 
2019-01-03T09:30:08.438+0900: 232054.965: [GC (Allocation Failure) [PSYoungGen: 74048K->2272K(74240K)] 504968K->433368K(575488K), 0.0068432 secs] [Times: user=0.02 sys=0.03, real=0.01 secs] 
2019-01-03T09:30:26.351+0900: 232072.877: [GC (Allocation Failure) [PSYoungGen: 73952K->2304K(74240K)] 505048K->433560K(575488K), 0.0062268 secs] [Times: user=0.01 sys=0.04, real=0.01 secs] 
2019-01-03T09:30:44.284+0900: 232090.811: [GC (Allocation Failure) [PSYoungGen: 73984K->2304K(74240K)] 505240K->433752K(575488K), 0.0067901 secs] [Times: user=0.01 sys=0.03, real=0.00 secs] 
2019-01-03T09:31:02.163+0900: 232108.690: [GC (Allocation Failure) [PSYoungGen: 73984K->2336K(74240K)] 505432K->433960K(575488K), 0.0059855 secs] [Times: user=0.01 sys=0.03, real=0.01 secs] 
2019-01-03T09:31:20.111+0900: 232126.638: [GC (Allocation Failure) [PSYoungGen: 74016K->2272K(74240K)] 505640K->434072K(575488K), 0.0075806 secs] [Times: user=0.02 sys=0.04, real=0.01 secs] 
2019-01-03T09:31:38.117+0900: 232144.643: [GC (Allocation Failure) [PSYoungGen: 73952K->2272K(74240K)] 505752K->434248K(575488K), 0.0060868 secs] [Times: user=0.01 sys=0.03, real=0.00 secs] 
2019-01-03T09:31:56.055+0900: 232162.582: [GC (Allocation Failure) [PSYoungGen: 73952K->2368K(74240K)] 505928K->434536K(575488K), 0.0067619 secs] [Times: user=0.01 sys=0.05, real=0.00 secs] 
2019-01-03T09:32:13.676+0900: 232180.202: [GC (Allocation Failure) [PSYoungGen: 74048K->2304K(74240K)] 506216K->434664K(575488K), 0.0061606 secs] [Times: user=0.04 sys=0.00, real=0.00 secs] 
2019-01-03T09:32:31.625+0900: 232198.152: [GC (Allocation Failure) [PSYoungGen: 73984K->2336K(74240K)] 506344K->434888K(575488K), 0.0054935 secs] [Times: user=0.01 sys=0.03, real=0.00 secs] 
2019-01-03T09:32:49.547+0900: 232216.074: [GC (Allocation Failure) [PSYoungGen: 74016K->2304K(74240K)] 506568K->435040K(575488K), 0.0058347 secs] [Times: user=0.02 sys=0.03, real=0.00 secs] 
2019-01-03T09:33:07.476+0900: 232234.003: [GC (Allocation Failure) [PSYoungGen: 73984K->2336K(74240K)] 506720K->435248K(575488K), 0.0063430 secs] [Times: user=0.05 sys=0.00, real=0.00 secs] 
2019-01-03T09:33:25.343+0900: 232251.870: [GC (Allocation Failure) [PSYoungGen: 74016K->2336K(74240K)] 506928K->435424K(575488K), 0.0056930 secs] [Times: user=0.01 sys=0.04, real=0.01 secs] 
2019-01-03T09:33:43.268+0900: 232269.795: [GC (Allocation Failure) [PSYoungGen: 74016K->2304K(74240K)] 507104K->435568K(575488K), 0.0059492 secs] [Times: user=0.04 sys=0.00, real=0.01 secs] 
2019-01-03T09:34:01.187+0900: 232287.714: [GC (Allocation Failure) [PSYoungGen: 73984K->2336K(74240K)] 507248K->435768K(575488K), 0.0063424 secs] [Times: user=0.05 sys=0.00, real=0.00 secs] 
2019-01-03T09:34:19.119+0900: 232305.646: [GC (Allocation Failure) [PSYoungGen: 74016K->2304K(74240K)] 507448K->435912K(575488K), 0.0063862 secs] [Times: user=0.02 sys=0.03, real=0.01 secs] 
2019-01-03T09:34:37.052+0900: 232323.578: [GC (Allocation Failure) [PSYoungGen: 73984K->2304K(74240K)] 507592K->436104K(575488K), 0.0069392 secs] [Times: user=0.01 sys=0.04, real=0.01 secs] 
2019-01-03T09:34:54.908+0900: 232341.435: [GC (Allocation Failure) [PSYoungGen: 73984K->2368K(74240K)] 507784K->436360K(575488K), 0.0074537 secs] [Times: user=0.05 sys=0.00, real=0.01 secs] 
2019-01-03T09:35:12.900+0900: 232359.427: [GC (Allocation Failure) [PSYoungGen: 74048K->2304K(74240K)] 508040K->436456K(575488K), 0.0062521 secs] [Times: user=0.01 sys=0.04, real=0.01 secs] 
2019-01-03T09:35:30.797+0900: 232377.324: [GC (Allocation Failure) [PSYoungGen: 73984K->2240K(74240K)] 508136K->436560K(575488K), 0.0082077 secs] [Times: user=0.00 sys=0.06, real=0.01 secs] 
2019-01-03T09:35:48.664+0900: 232395.191: [GC (Allocation Failure) [PSYoungGen: 73920K->2336K(74240K)] 508240K->436848K(575488K), 0.0066966 secs] [Times: user=0.01 sys=0.03, real=0.00 secs] 
2019-01-03T09:36:06.478+0900: 232413.005: [GC (Allocation Failure) [PSYoungGen: 74016K->2304K(74240K)] 508528K->436992K(575488K), 0.0058426 secs] [Times: user=0.05 sys=0.00, real=0.01 secs] 
2019-01-03T09:36:24.370+0900: 232430.897: [GC (Allocation Failure) [PSYoungGen: 73984K->2336K(74240K)] 508672K->437192K(575488K), 0.0061252 secs] [Times: user=0.01 sys=0.04, real=0.01 secs] 
2019-01-03T09:36:42.217+0900: 232448.744: [GC (Allocation Failure) [PSYoungGen: 74016K->2368K(74240K)] 508872K->437408K(575488K), 0.0062659 secs] [Times: user=0.01 sys=0.04, real=0.00 secs] 
2019-01-03T09:36:59.955+0900: 232466.482: [GC (Allocation Failure) [PSYoungGen: 74048K->2272K(74240K)] 509088K->437480K(575488K), 0.0059125 secs] [Times: user=0.02 sys=0.03, real=0.00 secs] 
2019-01-03T09:37:17.831+0900: 232484.357: [GC (Allocation Failure) [PSYoungGen: 73952K->2304K(74240K)] 509160K->437688K(575488K), 0.0059890 secs] [Times: user=0.04 sys=0.00, real=0.01 secs] 
2019-01-03T09:37:35.758+0900: 232502.285: [GC (Allocation Failure) [PSYoungGen: 73984K->2304K(74240K)] 509368K->437864K(575488K), 0.0058803 secs] [Times: user=0.04 sys=0.00, real=0.01 secs] 
2019-01-03T09:37:53.654+0900: 232520.181: [GC (Allocation Failure) [PSYoungGen: 73984K->2336K(74240K)] 509544K->438080K(575488K), 0.0058008 secs] [Times: user=0.04 sys=0.00, real=0.00 secs] 
2019-01-03T09:38:11.555+0900: 232538.081: [GC (Allocation Failure) [PSYoungGen: 74016K->2304K(74240K)] 509760K->438248K(575488K), 0.0073265 secs] [Times: user=0.02 sys=0.04, real=0.00 secs] 
2019-01-03T09:38:29.407+0900: 232555.934: [GC (Allocation Failure) [PSYoungGen: 73984K->2272K(74240K)] 509928K->438384K(575488K), 0.0064006 secs] [Times: user=0.01 sys=0.03, real=0.01 secs] 
2019-01-03T09:38:47.261+0900: 232573.788: [GC (Allocation Failure) [PSYoungGen: 73952K->2304K(74240K)] 510064K->438600K(575488K), 0.0065637 secs] [Times: user=0.01 sys=0.05, real=0.01 secs] 
2019-01-03T09:39:05.133+0900: 232591.660: [GC (Allocation Failure) [PSYoungGen: 73984K->2304K(74240K)] 510280K->438784K(575488K), 0.0063742 secs] [Times: user=0.01 sys=0.03, real=0.01 secs] 
2019-01-03T09:39:22.967+0900: 232609.493: [GC (Allocation Failure) [PSYoungGen: 73984K->2336K(74240K)] 510464K->438984K(575488K), 0.0064101 secs] [Times: user=0.01 sys=0.04, real=0.00 secs] 
2019-01-03T09:39:40.842+0900: 232627.368: [GC (Allocation Failure) [PSYoungGen: 74016K->2304K(74240K)] 510664K->439136K(575488K), 0.0059748 secs] [Times: user=0.01 sys=0.02, real=0.01 secs] 
2019-01-03T09:39:58.703+0900: 232645.230: [GC (Allocation Failure) [PSYoungGen: 73984K->2272K(74240K)] 510816K->439288K(575488K), 0.0056339 secs] [Times: user=0.01 sys=0.03, real=0.01 secs] 
2019-01-03T09:40:16.548+0900: 232663.075: [GC (Allocation Failure) [PSYoungGen: 73952K->2240K(74240K)] 510968K->439440K(575488K), 0.0059535 secs] [Times: user=0.05 sys=0.00, real=0.01 secs] 
2019-01-03T09:40:34.468+0900: 232680.995: [GC (Allocation Failure) [PSYoungGen: 73920K->2272K(74240K)] 511120K->439640K(575488K), 0.0064353 secs] [Times: user=0.04 sys=0.00, real=0.01 secs] 
2019-01-03T09:40:52.385+0900: 232698.912: [GC (Allocation Failure) [PSYoungGen: 73952K->2304K(74240K)] 511320K->439864K(575488K), 0.0059756 secs] [Times: user=0.01 sys=0.04, real=0.00 secs] 
2019-01-03T09:41:10.395+0900: 232716.922: [GC (Allocation Failure) [PSYoungGen: 73984K->2336K(74240K)] 511544K->440072K(575488K), 0.0065388 secs] [Times: user=0.01 sys=0.03, real=0.00 secs] 
2019-01-03T09:41:28.360+0900: 232734.887: [GC (Allocation Failure) [PSYoungGen: 74016K->2272K(74240K)] 511752K->440184K(575488K), 0.0061039 secs] [Times: user=0.01 sys=0.03, real=0.01 secs] 
2019-01-03T09:41:46.151+0900: 232752.677: [GC (Allocation Failure) [PSYoungGen: 73952K->2304K(74240K)] 511864K->440400K(575488K), 0.0054977 secs] [Times: user=0.01 sys=0.03, real=0.01 secs] 
2019-01-03T09:42:04.009+0900: 232770.536: [GC (Allocation Failure) [PSYoungGen: 73984K->2304K(74240K)] 512080K->440584K(575488K), 0.0059556 secs] [Times: user=0.02 sys=0.03, real=0.01 secs] 
2019-01-03T09:42:21.851+0900: 232788.378: [GC (Allocation Failure) [PSYoungGen: 73984K->2336K(74240K)] 512264K->440808K(575488K), 0.0080666 secs] [Times: user=0.02 sys=0.03, real=0.01 secs] 
2019-01-03T09:42:39.752+0900: 232806.278: [GC (Allocation Failure) [PSYoungGen: 74016K->2304K(74240K)] 512488K->440952K(575488K), 0.0063940 secs] [Times: user=0.01 sys=0.04, real=0.01 secs] 
2019-01-03T09:42:57.611+0900: 232824.138: [GC (Allocation Failure) [PSYoungGen: 73984K->2272K(74240K)] 512632K->441080K(575488K), 0.0055888 secs] [Times: user=0.01 sys=0.03, real=0.01 secs] 
2019-01-03T09:43:15.210+0900: 232841.737: [GC (Allocation Failure) [PSYoungGen: 73952K->2336K(74240K)] 512760K->441312K(575488K), 0.0062275 secs] [Times: user=0.01 sys=0.03, real=0.01 secs] 
2019-01-03T09:43:33.060+0900: 232859.587: [GC (Allocation Failure) [PSYoungGen: 74016K->2240K(74240K)] 512992K->441392K(575488K), 0.0061656 secs] [Times: user=0.01 sys=0.04, real=0.01 secs] 
2019-01-03T09:43:50.911+0900: 232877.438: [GC (Allocation Failure) [PSYoungGen: 73920K->2304K(74240K)] 513072K->441640K(575488K), 0.0061344 secs] [Times: user=0.01 sys=0.03, real=0.01 secs] 
2019-01-03T09:44:08.750+0900: 232895.277: [GC (Allocation Failure) [PSYoungGen: 73984K->2336K(74240K)] 513320K->441848K(575488K), 0.0053247 secs] [Times: user=0.04 sys=0.00, real=0.01 secs] 
2019-01-03T09:44:26.638+0900: 232913.164: [GC (Allocation Failure) [PSYoungGen: 74016K->2304K(74240K)] 513528K->441992K(575488K), 0.0058316 secs] [Times: user=0.01 sys=0.03, real=0.00 secs] 
2019-01-03T09:44:44.478+0900: 232931.005: [GC (Allocation Failure) [PSYoungGen: 73984K->2272K(74240K)] 513672K->442144K(575488K), 0.0076367 secs] [Times: user=0.05 sys=0.00, real=0.01 secs] 
2019-01-03T09:45:02.309+0900: 232948.836: [GC (Allocation Failure) [PSYoungGen: 73952K->2336K(74240K)] 513824K->442376K(575488K), 0.0059831 secs] [Times: user=0.01 sys=0.03, real=0.01 secs] 
2019-01-03T09:45:20.206+0900: 232966.733: [GC (Allocation Failure) [PSYoungGen: 74016K->2368K(74240K)] 514056K->442584K(575488K), 0.0061672 secs] [Times: user=0.05 sys=0.00, real=0.00 secs] 
2019-01-03T09:45:38.118+0900: 232984.645: [GC (Allocation Failure) [PSYoungGen: 74048K->2336K(74240K)] 514264K->442728K(575488K), 0.0070939 secs] [Times: user=0.05 sys=0.00, real=0.01 secs] 
2019-01-03T09:45:56.012+0900: 233002.539: [GC (Allocation Failure) [PSYoungGen: 74016K->2272K(74240K)] 514408K->442848K(575488K), 0.0060751 secs] [Times: user=0.02 sys=0.03, real=0.01 secs] 
2019-01-03T09:46:13.825+0900: 233020.352: [GC (Allocation Failure) [PSYoungGen: 73952K->2304K(74240K)] 514528K->443064K(575488K), 0.0063185 secs] [Times: user=0.01 sys=0.03, real=0.00 secs] 
2019-01-03T09:46:31.661+0900: 233038.188: [GC (Allocation Failure) [PSYoungGen: 73984K->2304K(74240K)] 514744K->443240K(575488K), 0.0063598 secs] [Times: user=0.04 sys=0.00, real=0.01 secs] 
2019-01-03T09:46:49.566+0900: 233056.092: [GC (Allocation Failure) [PSYoungGen: 73984K->2304K(74240K)] 514920K->443416K(575488K), 0.0060377 secs] [Times: user=0.04 sys=0.00, real=0.00 secs] 
2019-01-03T09:47:07.477+0900: 233074.004: [GC (Allocation Failure) [PSYoungGen: 73984K->2272K(74240K)] 515096K->443560K(575488K), 0.0062641 secs] [Times: user=0.01 sys=0.03, real=0.00 secs] 
2019-01-03T09:47:25.397+0900: 233091.923: [GC (Allocation Failure) [PSYoungGen: 73952K->2304K(74240K)] 515240K->443760K(575488K), 0.0061533 secs] [Times: user=0.01 sys=0.04, real=0.00 secs] 
2019-01-03T09:47:43.282+0900: 233109.809: [GC (Allocation Failure) [PSYoungGen: 73984K->2336K(74240K)] 515440K->443968K(575488K), 0.0057565 secs] [Times: user=0.04 sys=0.00, real=0.01 secs] 
2019-01-03T09:48:01.147+0900: 233127.674: [GC (Allocation Failure) [PSYoungGen: 74016K->2336K(74240K)] 515648K->444144K(575488K), 0.0058501 secs] [Times: user=0.04 sys=0.00, real=0.00 secs] 
2019-01-03T09:48:19.086+0900: 233145.613: [GC (Allocation Failure) [PSYoungGen: 74016K->2336K(74240K)] 515824K->444328K(575488K), 0.0079310 secs] [Times: user=0.01 sys=0.04, real=0.01 secs] 
2019-01-03T09:48:37.022+0900: 233163.549: [GC (Allocation Failure) [PSYoungGen: 74016K->2336K(74240K)] 516008K->444496K(575488K), 0.0062933 secs] [Times: user=0.05 sys=0.00, real=0.01 secs] 
2019-01-03T09:48:54.607+0900: 233181.134: [GC (Allocation Failure) [PSYoungGen: 74016K->2304K(74240K)] 516176K->444632K(575488K), 0.0062377 secs] [Times: user=0.02 sys=0.03, real=0.01 secs] 
2019-01-03T09:49:12.461+0900: 233198.988: [GC (Allocation Failure) [PSYoungGen: 73984K->2336K(74240K)] 516312K->444840K(575488K), 0.0073508 secs] [Times: user=0.00 sys=0.05, real=0.01 secs] 
2019-01-03T09:49:30.371+0900: 233216.898: [GC (Allocation Failure) [PSYoungGen: 74016K->2368K(74240K)] 516520K->445048K(575488K), 0.0064260 secs] [Times: user=0.01 sys=0.04, real=0.01 secs] 
2019-01-03T09:49:48.269+0900: 233234.796: [GC (Allocation Failure) [PSYoungGen: 74048K->2272K(74240K)] 516728K->445136K(575488K), 0.0057080 secs] [Times: user=0.04 sys=0.00, real=0.01 secs] 
2019-01-03T09:50:06.119+0900: 233252.645: [GC (Allocation Failure) [PSYoungGen: 73952K->2336K(74240K)] 516816K->445376K(575488K), 0.0061830 secs] [Times: user=0.05 sys=0.00, real=0.01 secs] 
2019-01-03T09:50:24.121+0900: 233270.648: [GC (Allocation Failure) [PSYoungGen: 74016K->2240K(74240K)] 517056K->445464K(575488K), 0.0065442 secs] [Times: user=0.01 sys=0.03, real=0.01 secs] 
2019-01-03T09:50:42.025+0900: 233288.552: [GC (Allocation Failure) [PSYoungGen: 73920K->2240K(74240K)] 517144K->445648K(575488K), 0.0056309 secs] [Times: user=0.04 sys=0.00, real=0.00 secs] 
2019-01-03T09:50:59.892+0900: 233306.419: [GC (Allocation Failure) [PSYoungGen: 73920K->2272K(74240K)] 517328K->445856K(575488K), 0.0064117 secs] [Times: user=0.05 sys=0.00, real=0.01 secs] 
2019-01-03T09:51:17.794+0900: 233324.321: [GC (Allocation Failure) [PSYoungGen: 73952K->2272K(74240K)] 517536K->446016K(575488K), 0.0064112 secs] [Times: user=0.04 sys=0.00, real=0.00 secs] 
2019-01-03T09:51:35.724+0900: 233342.251: [GC (Allocation Failure) [PSYoungGen: 73952K->2304K(74240K)] 517696K->446232K(575488K), 0.0058677 secs] [Times: user=0.02 sys=0.03, real=0.00 secs] 
2019-01-03T09:51:53.674+0900: 233360.201: [GC (Allocation Failure) [PSYoungGen: 73984K->2272K(74240K)] 517912K->446376K(575488K), 0.0058565 secs] [Times: user=0.02 sys=0.03, real=0.00 secs] 
2019-01-03T09:52:11.592+0900: 233378.119: [GC (Allocation Failure) [PSYoungGen: 73952K->2240K(74240K)] 518056K->446512K(575488K), 0.0059746 secs] [Times: user=0.01 sys=0.03, real=0.01 secs] 
2019-01-03T09:52:29.284+0900: 233395.811: [GC (Allocation Failure) [PSYoungGen: 73920K->2272K(74240K)] 518192K->446744K(575488K), 0.0061815 secs] [Times: user=0.01 sys=0.04, real=0.00 secs] 
2019-01-03T09:52:47.112+0900: 233413.638: [GC (Allocation Failure) [PSYoungGen: 73952K->2272K(74240K)] 518424K->446912K(575488K), 0.0059050 secs] [Times: user=0.01 sys=0.03, real=0.01 secs] 
2019-01-03T09:53:04.908+0900: 233431.434: [GC (Allocation Failure) [PSYoungGen: 73952K->2272K(74240K)] 518592K->447080K(575488K), 0.0062809 secs] [Times: user=0.02 sys=0.03, real=0.01 secs] 
2019-01-03T09:53:22.786+0900: 233449.313: [GC (Allocation Failure) [PSYoungGen: 73952K->2272K(74240K)] 518760K->447256K(575488K), 0.0064029 secs] [Times: user=0.01 sys=0.04, real=0.00 secs] 
2019-01-03T09:53:40.673+0900: 233467.200: [GC (Allocation Failure) [PSYoungGen: 73952K->2272K(74240K)] 518936K->447432K(575488K), 0.0068753 secs] [Times: user=0.01 sys=0.03, real=0.01 secs] 
2019-01-03T09:53:58.531+0900: 233485.058: [GC (Allocation Failure) [PSYoungGen: 73952K->2272K(74240K)] 519112K->447608K(575488K), 0.0065278 secs] [Times: user=0.05 sys=0.00, real=0.01 secs] 
2019-01-03T09:54:16.433+0900: 233502.960: [GC (Allocation Failure) [PSYoungGen: 73952K->2304K(74240K)] 519288K->447808K(575488K), 0.0062370 secs] [Times: user=0.01 sys=0.04, real=0.01 secs] 
2019-01-03T09:54:34.350+0900: 233520.877: [GC (Allocation Failure) [PSYoungGen: 73984K->2272K(74240K)] 519488K->447936K(575488K), 0.0066200 secs] [Times: user=0.04 sys=0.00, real=0.01 secs] 
2019-01-03T09:54:52.137+0900: 233538.664: [GC (Allocation Failure) [PSYoungGen: 73952K->2304K(74240K)] 519616K->448120K(575488K), 0.0062428 secs] [Times: user=0.04 sys=0.00, real=0.00 secs] 
2019-01-03T09:55:10.020+0900: 233556.547: [GC (Allocation Failure) [PSYoungGen: 73984K->2304K(74240K)] 519800K->448296K(575488K), 0.0069653 secs] [Times: user=0.05 sys=0.00, real=0.01 secs] 
2019-01-03T09:55:27.821+0900: 233574.348: [GC (Allocation Failure) [PSYoungGen: 73984K->2304K(74240K)] 519976K->448472K(575488K), 0.0066539 secs] [Times: user=0.01 sys=0.04, real=0.01 secs] 
2019-01-03T09:55:45.648+0900: 233592.175: [GC (Allocation Failure) [PSYoungGen: 73984K->2272K(74240K)] 520152K->448616K(575488K), 0.0058017 secs] [Times: user=0.01 sys=0.03, real=0.01 secs] 
2019-01-03T09:56:03.475+0900: 233610.001: [GC (Allocation Failure) [PSYoungGen: 73952K->2304K(74240K)] 520296K->448824K(575488K), 0.0063420 secs] [Times: user=0.01 sys=0.04, real=0.00 secs] 
2019-01-03T09:56:21.271+0900: 233627.797: [GC (Allocation Failure) [PSYoungGen: 73984K->2272K(74240K)] 520504K->448976K(575488K), 0.0066805 secs] [Times: user=0.01 sys=0.03, real=0.01 secs] 
2019-01-03T09:56:39.153+0900: 233645.680: [GC (Allocation Failure) [PSYoungGen: 73952K->2272K(74240K)] 520656K->449152K(575488K), 0.0059614 secs] [Times: user=0.04 sys=0.00, real=0.01 secs] 
2019-01-03T09:56:57.042+0900: 233663.569: [GC (Allocation Failure) [PSYoungGen: 73952K->2336K(74240K)] 520832K->449368K(575488K), 0.0058941 secs] [Times: user=0.04 sys=0.00, real=0.01 secs] 
2019-01-03T09:57:14.890+0900: 233681.417: [GC (Allocation Failure) [PSYoungGen: 74016K->2304K(74240K)] 521048K->449512K(575488K), 0.0065616 secs] [Times: user=0.05 sys=0.00, real=0.01 secs] 
2019-01-03T09:57:32.797+0900: 233699.324: [GC (Allocation Failure) [PSYoungGen: 73984K->2336K(74240K)] 521192K->449720K(575488K), 0.0060563 secs] [Times: user=0.01 sys=0.03, real=0.00 secs] 
2019-01-03T09:57:50.718+0900: 233717.245: [GC (Allocation Failure) [PSYoungGen: 74016K->2336K(74240K)] 521400K->449896K(575488K), 0.0060093 secs] [Times: user=0.04 sys=0.00, real=0.01 secs] 
2019-01-03T09:58:08.530+0900: 233735.057: [GC (Allocation Failure) [PSYoungGen: 74016K->2336K(74240K)] 521576K->450072K(575488K), 0.0064908 secs] [Times: user=0.01 sys=0.03, real=0.01 secs] 
2019-01-03T09:58:26.468+0900: 233752.995: [GC (Allocation Failure) [PSYoungGen: 74016K->2304K(74240K)] 521752K->450208K(575488K), 0.0060370 secs] [Times: user=0.01 sys=0.03, real=0.01 secs] 
2019-01-03T09:58:44.106+0900: 233770.633: [GC (Allocation Failure) [PSYoungGen: 73984K->2304K(74240K)] 521888K->450368K(575488K), 0.0060565 secs] [Times: user=0.04 sys=0.00, real=0.00 secs] 
2019-01-03T09:59:01.934+0900: 233788.461: [GC (Allocation Failure) [PSYoungGen: 73984K->2272K(74240K)] 522048K->450520K(575488K), 0.0073361 secs] [Times: user=0.05 sys=0.00, real=0.00 secs] 
2019-01-03T09:59:19.838+0900: 233806.365: [GC (Allocation Failure) [PSYoungGen: 73952K->2304K(74240K)] 522200K->450728K(575488K), 0.0069766 secs] [Times: user=0.04 sys=0.00, real=0.01 secs] 
2019-01-03T09:59:37.735+0900: 233824.261: [GC (Allocation Failure) [PSYoungGen: 73984K->2272K(74240K)] 522408K->450872K(575488K), 0.0068752 secs] [Times: user=0.00 sys=0.05, real=0.00 secs] 
2019-01-03T09:59:55.561+0900: 233842.087: [GC (Allocation Failure) [PSYoungGen: 73952K->2304K(74240K)] 522552K->451072K(575488K), 0.0056367 secs] [Times: user=0.04 sys=0.00, real=0.01 secs] 
2019-01-03T10:00:13.357+0900: 233859.884: [GC (Allocation Failure) [PSYoungGen: 73984K->2304K(74240K)] 522752K->451256K(575488K), 0.0053695 secs] [Times: user=0.04 sys=0.00, real=0.00 secs] 
2019-01-03T10:00:31.186+0900: 233877.713: [GC (Allocation Failure) [PSYoungGen: 73984K->2272K(74240K)] 522936K->451400K(575488K), 0.0063950 secs] [Times: user=0.05 sys=0.00, real=0.00 secs] 
2019-01-03T10:00:49.076+0900: 233895.603: [GC (Allocation Failure) [PSYoungGen: 73952K->2368K(74240K)] 523080K->451664K(575488K), 0.0062870 secs] [Times: user=0.01 sys=0.04, real=0.00 secs] 
2019-01-03T10:01:06.965+0900: 233913.491: [GC (Allocation Failure) [PSYoungGen: 74048K->2336K(74240K)] 523344K->451792K(575488K), 0.0061449 secs] [Times: user=0.01 sys=0.03, real=0.00 secs] 
2019-01-03T10:01:24.714+0900: 233931.241: [GC (Allocation Failure) [PSYoungGen: 74016K->2304K(74240K)] 523472K->451952K(575488K), 0.0062081 secs] [Times: user=0.02 sys=0.04, real=0.00 secs] 
2019-01-03T10:01:42.588+0900: 233949.115: [GC (Allocation Failure) [PSYoungGen: 73984K->2240K(74240K)] 523632K->452072K(575488K), 0.0063218 secs] [Times: user=0.01 sys=0.04, real=0.01 secs] 
2019-01-03T10:02:00.463+0900: 233966.989: [GC (Allocation Failure) [PSYoungGen: 73920K->2304K(74240K)] 523752K->452304K(575488K), 0.0060204 secs] [Times: user=0.05 sys=0.00, real=0.01 secs] 
2019-01-03T10:02:18.384+0900: 233984.910: [GC (Allocation Failure) [PSYoungGen: 73984K->2272K(74240K)] 523984K->452440K(575488K), 0.0056541 secs] [Times: user=0.01 sys=0.04, real=0.00 secs] 
2019-01-03T10:02:36.290+0900: 234002.817: [GC (Allocation Failure) [PSYoungGen: 73952K->2240K(74240K)] 524120K->452600K(575488K), 0.0060728 secs] [Times: user=0.01 sys=0.03, real=0.01 secs] 
2019-01-03T10:02:53.869+0900: 234020.395: [GC (Allocation Failure) [PSYoungGen: 73920K->2560K(74240K)] 524280K->453144K(575488K), 0.0078327 secs] [Times: user=0.01 sys=0.04, real=0.01 secs] 
2019-01-03T10:03:11.732+0900: 234038.259: [GC (Allocation Failure) [PSYoungGen: 74240K->2432K(74240K)] 524824K->453312K(575488K), 0.0061913 secs] [Times: user=0.05 sys=0.00, real=0.01 secs] 
2019-01-03T10:03:29.664+0900: 234056.190: [GC (Allocation Failure) [PSYoungGen: 74112K->2432K(73728K)] 524992K->453312K(574976K), 0.0062005 secs] [Times: user=0.01 sys=0.03, real=0.00 secs] 
2019-01-03T10:03:47.408+0900: 234073.935: [GC (Allocation Failure) [PSYoungGen: 73600K->2304K(73728K)] 524480K->453360K(574976K), 0.0058622 secs] [Times: user=0.04 sys=0.00, real=0.01 secs] 
2019-01-03T10:04:04.925+0900: 234091.452: [GC (Allocation Failure) [PSYoungGen: 73472K->2144K(73216K)] 524528K->453376K(574464K), 0.0058912 secs] [Times: user=0.01 sys=0.03, real=0.00 secs] 
2019-01-03T10:04:22.416+0900: 234108.942: [GC (Allocation Failure) [PSYoungGen: 72800K->2048K(73728K)] 524032K->453432K(574976K), 0.0058617 secs] [Times: user=0.01 sys=0.03, real=0.00 secs] 
2019-01-03T10:04:40.040+0900: 234126.567: [GC (Allocation Failure) [PSYoungGen: 72704K->1888K(73728K)] 524088K->453440K(574976K), 0.0056131 secs] [Times: user=0.01 sys=0.03, real=0.01 secs] 
2019-01-03T10:04:57.819+0900: 234144.346: [GC (Allocation Failure) [PSYoungGen: 72544K->1728K(73728K)] 524096K->453456K(574976K), 0.0066605 secs] [Times: user=0.04 sys=0.00, real=0.01 secs] 
2019-01-03T10:05:15.411+0900: 234161.938: [GC (Allocation Failure) [PSYoungGen: 72384K->1696K(73728K)] 524112K->453600K(574976K), 0.0059060 secs] [Times: user=0.04 sys=0.00, real=0.01 secs] 
2019-01-03T10:05:33.146+0900: 234179.673: [GC (Allocation Failure) [PSYoungGen: 72352K->1504K(73728K)] 524256K->453584K(574976K), 0.0053267 secs] [Times: user=0.01 sys=0.03, real=0.00 secs] 
2019-01-03T10:05:50.676+0900: 234197.203: [GC (Allocation Failure) [PSYoungGen: 72160K->1312K(73728K)] 524240K->453576K(574976K), 0.0051325 secs] [Times: user=0.03 sys=0.00, real=0.00 secs] 
2019-01-03T10:06:08.257+0900: 234214.784: [GC (Allocation Failure) [PSYoungGen: 71968K->1216K(73728K)] 524232K->453664K(574976K), 0.0051277 secs] [Times: user=0.00 sys=0.03, real=0.00 secs] 
2019-01-03T10:06:25.833+0900: 234232.360: [GC (Allocation Failure) [PSYoungGen: 71872K->1120K(73728K)] 524320K->453728K(574976K), 0.0052783 secs] [Times: user=0.01 sys=0.02, real=0.01 secs] 
2019-01-03T10:06:43.403+0900: 234249.930: [GC (Allocation Failure) [PSYoungGen: 71776K->960K(73728K)] 524384K->453744K(574976K), 0.0058970 secs] [Times: user=0.05 sys=0.00, real=0.01 secs] 
2019-01-03T10:07:00.969+0900: 234267.495: [GC (Allocation Failure) [PSYoungGen: 71616K->832K(73728K)] 524400K->453792K(574976K), 0.0050608 secs] [Times: user=0.01 sys=0.03, real=0.01 secs] 
2019-01-03T10:07:18.565+0900: 234285.091: [GC (Allocation Failure) [PSYoungGen: 71488K->608K(73728K)] 524448K->453816K(574976K), 0.0048425 secs] [Times: user=0.01 sys=0.02, real=0.00 secs] 
2019-01-03T10:07:36.186+0900: 234302.712: [GC (Allocation Failure) [PSYoungGen: 71264K->736K(73728K)] 524472K->454016K(574976K), 0.0043647 secs] [Times: user=0.03 sys=0.00, real=0.00 secs] 
2019-01-03T10:07:53.790+0900: 234320.317: [GC (Allocation Failure) [PSYoungGen: 71392K->768K(73728K)] 524672K->454112K(574976K), 0.0053149 secs] [Times: user=0.00 sys=0.03, real=0.01 secs] 
2019-01-03T10:08:11.416+0900: 234337.942: [GC (Allocation Failure) [PSYoungGen: 71424K->928K(73728K)] 524768K->454344K(574976K), 0.0049512 secs] [Times: user=0.01 sys=0.03, real=0.00 secs] 
2019-01-03T10:08:28.842+0900: 234355.369: [GC (Allocation Failure) [PSYoungGen: 71584K->1088K(73728K)] 525000K->454576K(574976K), 0.0047924 secs] [Times: user=0.03 sys=0.00, real=0.01 secs] 
2019-01-03T10:08:46.373+0900: 234372.900: [GC (Allocation Failure) [PSYoungGen: 71744K->1216K(73728K)] 525232K->454784K(574976K), 0.0044089 secs] [Times: user=0.01 sys=0.02, real=0.01 secs] 
2019-01-03T10:09:04.031+0900: 234390.558: [GC (Allocation Failure) [PSYoungGen: 71872K->1408K(73728K)] 525440K->455056K(574976K), 0.0056180 secs] [Times: user=0.04 sys=0.00, real=0.01 secs] 
2019-01-03T10:09:21.681+0900: 234408.208: [GC (Allocation Failure) [PSYoungGen: 72064K->1472K(72704K)] 525712K->455200K(573952K), 0.0049449 secs] [Times: user=0.01 sys=0.02, real=0.01 secs] 
2019-01-03T10:09:39.232+0900: 234425.759: [GC (Allocation Failure) [PSYoungGen: 72128K->1664K(73216K)] 525856K->455472K(574464K), 0.0051115 secs] [Times: user=0.04 sys=0.00, real=0.01 secs] 
2019-01-03T10:09:56.843+0900: 234443.370: [GC (Allocation Failure) [PSYoungGen: 72320K->1728K(73216K)] 526128K->455616K(574464K), 0.0051882 secs] [Times: user=0.00 sys=0.02, real=0.01 secs] 
2019-01-03T10:10:14.312+0900: 234460.838: [GC (Allocation Failure) [PSYoungGen: 72384K->1792K(73216K)] 526272K->455760K(574464K), 0.0052415 secs] [Times: user=0.01 sys=0.02, real=0.01 secs] 
2019-01-03T10:10:31.825+0900: 234478.352: [GC (Allocation Failure) [PSYoungGen: 72448K->1952K(73728K)] 526416K->456000K(574976K), 0.0052314 secs] [Times: user=0.04 sys=0.00, real=0.00 secs] 
2019-01-03T10:10:49.397+0900: 234495.924: [GC (Allocation Failure) [PSYoungGen: 72608K->2016K(73728K)] 526656K->456144K(574976K), 0.0055709 secs] [Times: user=0.01 sys=0.03, real=0.00 secs] 
2019-01-03T10:11:06.933+0900: 234513.460: [GC (Allocation Failure) [PSYoungGen: 72672K->2144K(73728K)] 526800K->456360K(574976K), 0.0053915 secs] [Times: user=0.01 sys=0.02, real=0.01 secs] 
2019-01-03T10:11:24.589+0900: 234531.116: [GC (Allocation Failure) [PSYoungGen: 72800K->2208K(73728K)] 527016K->456520K(574976K), 0.0060497 secs] [Times: user=0.01 sys=0.03, real=0.01 secs] 
2019-01-03T10:11:42.194+0900: 234548.721: [GC (Allocation Failure) [PSYoungGen: 72864K->2208K(73728K)] 527176K->456648K(574976K), 0.0069845 secs] [Times: user=0.01 sys=0.03, real=0.00 secs] 
2019-01-03T10:11:59.733+0900: 234566.260: [GC (Allocation Failure) [PSYoungGen: 72864K->2304K(73728K)] 527304K->456912K(574976K), 0.0062455 secs] [Times: user=0.05 sys=0.00, real=0.01 secs] 
2019-01-03T10:12:17.178+0900: 234583.705: [GC (Allocation Failure) [PSYoungGen: 72960K->2240K(74240K)] 527568K->457024K(575488K), 0.0066266 secs] [Times: user=0.00 sys=0.04, real=0.01 secs] 
2019-01-03T10:12:34.873+0900: 234601.400: [GC (Allocation Failure) [PSYoungGen: 72896K->2272K(74240K)] 527680K->457232K(575488K), 0.0061818 secs] [Times: user=0.04 sys=0.00, real=0.01 secs] 
2019-01-03T10:12:52.446+0900: 234618.973: [GC (Allocation Failure) [PSYoungGen: 72928K->2240K(74240K)] 527888K->457368K(575488K), 0.0060008 secs] [Times: user=0.05 sys=0.00, real=0.00 secs] 
2019-01-03T10:13:10.010+0900: 234636.537: [GC (Allocation Failure) [PSYoungGen: 72896K->2304K(74240K)] 528024K->457600K(575488K), 0.0055649 secs] [Times: user=0.01 sys=0.02, real=0.01 secs] 
2019-01-03T10:13:27.387+0900: 234653.914: [GC (Allocation Failure) [PSYoungGen: 72960K->2272K(74240K)] 528256K->457752K(575488K), 0.0064944 secs] [Times: user=0.02 sys=0.04, real=0.00 secs] 
2019-01-03T10:13:44.928+0900: 234671.455: [GC (Allocation Failure) [PSYoungGen: 72928K->2208K(74240K)] 528408K->457856K(575488K), 0.0056663 secs] [Times: user=0.01 sys=0.03, real=0.01 secs] 
2019-01-03T10:14:02.454+0900: 234688.981: [GC (Allocation Failure) [PSYoungGen: 72864K->2208K(74240K)] 528512K->458032K(575488K), 0.0075308 secs] [Times: user=0.01 sys=0.03, real=0.00 secs] 
2019-01-03T10:14:20.147+0900: 234706.674: [GC (Allocation Failure) [PSYoungGen: 72864K->2272K(74240K)] 528688K->458264K(575488K), 0.0057751 secs] [Times: user=0.04 sys=0.00, real=0.00 secs] 
2019-01-03T10:14:37.442+0900: 234723.969: [GC (Allocation Failure) [PSYoungGen: 72928K->2240K(73216K)] 528920K->458392K(574464K), 0.0063445 secs] [Times: user=0.02 sys=0.03, real=0.01 secs] 
2019-01-03T10:14:55.129+0900: 234741.656: [GC (Allocation Failure) [PSYoungGen: 72896K->2240K(73728K)] 529048K->458560K(574976K), 0.0059364 secs] [Times: user=0.04 sys=0.00, real=0.01 secs] 
2019-01-03T10:15:12.670+0900: 234759.197: [GC (Allocation Failure) [PSYoungGen: 72896K->2272K(73728K)] 529216K->458776K(574976K), 0.0060060 secs] [Times: user=0.01 sys=0.03, real=0.01 secs] 
2019-01-03T10:15:30.315+0900: 234776.842: [GC (Allocation Failure) [PSYoungGen: 72928K->2240K(73728K)] 529432K->458920K(574976K), 0.0061366 secs] [Times: user=0.01 sys=0.04, real=0.00 secs] 
2019-01-03T10:15:47.880+0900: 234794.407: [GC (Allocation Failure) [PSYoungGen: 72896K->2304K(73728K)] 529576K->459168K(574976K), 0.0069076 secs] [Times: user=0.00 sys=0.05, real=0.01 secs] 
2019-01-03T10:16:05.375+0900: 234811.902: [GC (Allocation Failure) [PSYoungGen: 72960K->2208K(73728K)] 529824K->459240K(574976K), 0.0060793 secs] [Times: user=0.02 sys=0.03, real=0.00 secs] 
2019-01-03T10:16:22.978+0900: 234829.504: [GC (Allocation Failure) [PSYoungGen: 72864K->2304K(73728K)] 529896K->459496K(574976K), 0.0063640 secs] [Times: user=0.01 sys=0.03, real=0.01 secs] 
2019-01-03T10:16:40.655+0900: 234847.181: [GC (Allocation Failure) [PSYoungGen: 72960K->2240K(73728K)] 530152K->459608K(574976K), 0.0064047 secs] [Times: user=0.01 sys=0.03, real=0.00 secs] 
2019-01-03T10:16:57.906+0900: 234864.432: [GC (Allocation Failure) [PSYoungGen: 72896K->2336K(73728K)] 530264K->459872K(574976K), 0.0063536 secs] [Times: user=0.01 sys=0.04, real=0.00 secs] 
2019-01-03T10:17:15.558+0900: 234882.085: [GC (Allocation Failure) [PSYoungGen: 72992K->2208K(73728K)] 530528K->459904K(574976K), 0.0072448 secs] [Times: user=0.01 sys=0.03, real=0.01 secs] 
2019-01-03T10:17:33.095+0900: 234899.621: [GC (Allocation Failure) [PSYoungGen: 72864K->2240K(73728K)] 530560K->460104K(574976K), 0.0064020 secs] [Times: user=0.05 sys=0.00, real=0.00 secs] 
2019-01-03T10:17:50.619+0900: 234917.145: [GC (Allocation Failure) [PSYoungGen: 72896K->2304K(73728K)] 530760K->460336K(574976K), 0.0058853 secs] [Times: user=0.05 sys=0.00, real=0.01 secs] 
2019-01-03T10:18:08.176+0900: 234934.703: [GC (Allocation Failure) [PSYoungGen: 72960K->2272K(73728K)] 530992K->460472K(574976K), 0.0063575 secs] [Times: user=0.01 sys=0.04, real=0.00 secs] 
2019-01-03T10:18:25.433+0900: 234951.959: [GC (Allocation Failure) [PSYoungGen: 72928K->2272K(73728K)] 531128K->460656K(574976K), 0.0058071 secs] [Times: user=0.04 sys=0.00, real=0.01 secs] 
2019-01-03T10:18:42.910+0900: 234969.437: [GC (Allocation Failure) [PSYoungGen: 72928K->2272K(73728K)] 531312K->460824K(574976K), 0.0078040 secs] [Times: user=0.06 sys=0.00, real=0.01 secs] 
2019-01-03T10:19:00.417+0900: 234986.944: [GC (Allocation Failure) [PSYoungGen: 72928K->2304K(73728K)] 531480K->461024K(574976K), 0.0072199 secs] [Times: user=0.05 sys=0.00, real=0.01 secs] 
2019-01-03T10:19:18.109+0900: 235004.636: [GC (Allocation Failure) [PSYoungGen: 72960K->2272K(73728K)] 531680K->461176K(574976K), 0.0070966 secs] [Times: user=0.00 sys=0.05, real=0.01 secs] 
2019-01-03T10:19:35.662+0900: 235022.189: [GC (Allocation Failure) [PSYoungGen: 72928K->2272K(73728K)] 531832K->461352K(574976K), 0.0060033 secs] [Times: user=0.01 sys=0.04, real=0.01 secs] 
2019-01-03T10:19:53.335+0900: 235039.862: [GC (Allocation Failure) [PSYoungGen: 72928K->2272K(73728K)] 532008K->461528K(574976K), 0.0061477 secs] [Times: user=0.04 sys=0.00, real=0.00 secs] 
2019-01-03T10:20:10.663+0900: 235057.190: [GC (Allocation Failure) [PSYoungGen: 72928K->2304K(73216K)] 532184K->461752K(574464K), 0.0064273 secs] [Times: user=0.01 sys=0.04, real=0.01 secs] 
2019-01-03T10:20:28.166+0900: 235074.692: [GC (Allocation Failure) [PSYoungGen: 72960K->2208K(73216K)] 532408K->461824K(574464K), 0.0058260 secs] [Times: user=0.01 sys=0.03, real=0.00 secs] 
2019-01-03T10:20:45.716+0900: 235092.243: [GC (Allocation Failure) [PSYoungGen: 72864K->2240K(73216K)] 532480K->462032K(574464K), 0.0064149 secs] [Times: user=0.01 sys=0.03, real=0.00 secs] 
2019-01-03T10:21:03.241+0900: 235109.768: [GC (Allocation Failure) [PSYoungGen: 72896K->2240K(73216K)] 532688K->462200K(574464K), 0.0059812 secs] [Times: user=0.02 sys=0.04, real=0.01 secs] 
2019-01-03T10:21:20.875+0900: 235127.402: [GC (Allocation Failure) [PSYoungGen: 72896K->2240K(73216K)] 532856K->462360K(574464K), 0.0059751 secs] [Times: user=0.05 sys=0.00, real=0.00 secs] 
2019-01-03T10:21:38.166+0900: 235144.693: [GC (Allocation Failure) [PSYoungGen: 72896K->2240K(73216K)] 533016K->462528K(574464K), 0.0062349 secs] [Times: user=0.05 sys=0.00, real=0.00 secs] 
2019-01-03T10:21:55.818+0900: 235162.344: [GC (Allocation Failure) [PSYoungGen: 72896K->2272K(73216K)] 533184K->462736K(574464K), 0.0058015 secs] [Times: user=0.05 sys=0.00, real=0.01 secs] 
2019-01-03T10:22:13.334+0900: 235179.860: [GC (Allocation Failure) [PSYoungGen: 72928K->2240K(73216K)] 533392K->462872K(574464K), 0.0055638 secs] [Times: user=0.01 sys=0.04, real=0.00 secs] 
2019-01-03T10:22:30.947+0900: 235197.474: [GC (Allocation Failure) [PSYoungGen: 72896K->2208K(73216K)] 533528K->463008K(574464K), 0.0061747 secs] [Times: user=0.01 sys=0.03, real=0.00 secs] 
2019-01-03T10:22:48.293+0900: 235214.820: [GC (Allocation Failure) [PSYoungGen: 72864K->2272K(73216K)] 533664K->463248K(574464K), 0.0074738 secs] [Times: user=0.06 sys=0.00, real=0.01 secs] 
2019-01-03T10:23:05.758+0900: 235232.285: [GC (Allocation Failure) [PSYoungGen: 72928K->2240K(73216K)] 533904K->463384K(574464K), 0.0060675 secs] [Times: user=0.01 sys=0.03, real=0.01 secs] 
2019-01-03T10:23:23.268+0900: 235249.795: [GC (Allocation Failure) [PSYoungGen: 72896K->2176K(73216K)] 534040K->463488K(574464K), 0.0062232 secs] [Times: user=0.02 sys=0.03, real=0.01 secs] 
2019-01-03T10:23:40.779+0900: 235267.306: [GC (Allocation Failure) [PSYoungGen: 72832K->2240K(73216K)] 534144K->463712K(574464K), 0.0067741 secs] [Times: user=0.02 sys=0.04, real=0.01 secs] 
2019-01-03T10:23:58.267+0900: 235284.794: [GC (Allocation Failure) [PSYoungGen: 72896K->2240K(73216K)] 534368K->463896K(574464K), 0.0059767 secs] [Times: user=0.01 sys=0.03, real=0.00 secs] 
2019-01-03T10:24:15.794+0900: 235302.321: [GC (Allocation Failure) [PSYoungGen: 72896K->2240K(73216K)] 534552K->464064K(574464K), 0.0061465 secs] [Times: user=0.02 sys=0.03, real=0.00 secs] 
2019-01-03T10:24:33.304+0900: 235319.831: [GC (Allocation Failure) [PSYoungGen: 72896K->2208K(73216K)] 534720K->464192K(574464K), 0.0062390 secs] [Times: user=0.04 sys=0.00, real=0.00 secs] 
2019-01-03T10:24:50.807+0900: 235337.334: [GC (Allocation Failure) [PSYoungGen: 72864K->2240K(73216K)] 534848K->464400K(574464K), 0.0059279 secs] [Times: user=0.01 sys=0.03, real=0.00 secs] 
2019-01-03T10:25:08.279+0900: 235354.805: [GC (Allocation Failure) [PSYoungGen: 72896K->2304K(73216K)] 535056K->464640K(574464K), 0.0062256 secs] [Times: user=0.02 sys=0.04, real=0.01 secs] 
2019-01-03T10:25:25.831+0900: 235372.357: [GC (Allocation Failure) [PSYoungGen: 72960K->2176K(73216K)] 535296K->464696K(574464K), 0.0073129 secs] [Times: user=0.01 sys=0.03, real=0.01 secs] 
2019-01-03T10:25:43.340+0900: 235389.867: [GC (Allocation Failure) [PSYoungGen: 72832K->2272K(73216K)] 535352K->464968K(574464K), 0.0062623 secs] [Times: user=0.01 sys=0.03, real=0.01 secs] 
2019-01-03T10:26:00.882+0900: 235407.409: [GC (Allocation Failure) [PSYoungGen: 72928K->2272K(73216K)] 535624K->465160K(574464K), 0.0076301 secs] [Times: user=0.01 sys=0.04, real=0.01 secs] 
2019-01-03T10:26:18.384+0900: 235424.911: [GC (Allocation Failure) [PSYoungGen: 72928K->2240K(73216K)] 535816K->465296K(574464K), 0.0062767 secs] [Times: user=0.01 sys=0.03, real=0.00 secs] 
2019-01-03T10:26:36.180+0900: 235442.707: [GC (Allocation Failure) [PSYoungGen: 72896K->2336K(73216K)] 535952K->465576K(574464K), 0.0063390 secs] [Times: user=0.01 sys=0.03, real=0.01 secs] 
2019-01-03T10:26:53.750+0900: 235460.277: [GC (Allocation Failure) [PSYoungGen: 72992K->2240K(73216K)] 536232K->465656K(574464K), 0.0062039 secs] [Times: user=0.01 sys=0.03, real=0.01 secs] 
2019-01-03T10:27:11.324+0900: 235477.851: [GC (Allocation Failure) [PSYoungGen: 72896K->2240K(73216K)] 536312K->465840K(574464K), 0.0072395 secs] [Times: user=0.01 sys=0.04, real=0.00 secs] 
2019-01-03T10:27:28.969+0900: 235495.496: [GC (Allocation Failure) [PSYoungGen: 72896K->2240K(73216K)] 536496K->466016K(574464K), 0.0061961 secs] [Times: user=0.01 sys=0.03, real=0.01 secs] 
2019-01-03T10:27:46.468+0900: 235512.995: [GC (Allocation Failure) [PSYoungGen: 72896K->2272K(73216K)] 536672K->466216K(574464K), 0.0060741 secs] [Times: user=0.02 sys=0.03, real=0.01 secs] 
2019-01-03T10:28:03.975+0900: 235530.502: [GC (Allocation Failure) [PSYoungGen: 72928K->2208K(73216K)] 536872K->466320K(574464K), 0.0059353 secs] [Times: user=0.04 sys=0.00, real=0.00 secs] 
2019-01-03T10:28:21.593+0900: 235548.120: [GC (Allocation Failure) [PSYoungGen: 72864K->2208K(73216K)] 536976K->466496K(574464K), 0.0061263 secs] [Times: user=0.04 sys=0.00, real=0.01 secs] 
2019-01-03T10:28:38.952+0900: 235565.478: [GC (Allocation Failure) [PSYoungGen: 72864K->2240K(73216K)] 537152K->466704K(574464K), 0.0064453 secs] [Times: user=0.01 sys=0.04, real=0.01 secs] 
2019-01-03T10:28:56.608+0900: 235583.135: [GC (Allocation Failure) [PSYoungGen: 72896K->2304K(73216K)] 537360K->466944K(574464K), 0.0061664 secs] [Times: user=0.05 sys=0.00, real=0.01 secs] 
2019-01-03T10:29:14.178+0900: 235600.704: [GC (Allocation Failure) [PSYoungGen: 72960K->2240K(73216K)] 537600K->467048K(574464K), 0.0062301 secs] [Times: user=0.01 sys=0.03, real=0.01 secs] 
2019-01-03T10:29:31.792+0900: 235618.318: [GC (Allocation Failure) [PSYoungGen: 72896K->2272K(73216K)] 537704K->467248K(574464K), 0.0066241 secs] [Times: user=0.01 sys=0.04, real=0.01 secs] 
2019-01-03T10:29:49.095+0900: 235635.622: [GC (Allocation Failure) [PSYoungGen: 72928K->2272K(73216K)] 537904K->467424K(574464K), 0.0064888 secs] [Times: user=0.01 sys=0.04, real=0.00 secs] 
2019-01-03T10:30:06.564+0900: 235653.091: [GC (Allocation Failure) [PSYoungGen: 72928K->2240K(73216K)] 538080K->467568K(574464K), 0.0057169 secs] [Times: user=0.01 sys=0.03, real=0.00 secs] 
2019-01-03T10:30:24.129+0900: 235670.656: [GC (Allocation Failure) [PSYoungGen: 72896K->2240K(73216K)] 538224K->467728K(574464K), 0.0061188 secs] [Times: user=0.04 sys=0.00, real=0.01 secs] 
2019-01-03T10:30:41.649+0900: 235688.176: [GC (Allocation Failure) [PSYoungGen: 72896K->2272K(73216K)] 538384K->467952K(574464K), 0.0061855 secs] [Times: user=0.01 sys=0.04, real=0.01 secs] 
2019-01-03T10:30:59.136+0900: 235705.663: [GC (Allocation Failure) [PSYoungGen: 72928K->2272K(73216K)] 538608K->468120K(574464K), 0.0062168 secs] [Times: user=0.01 sys=0.03, real=0.00 secs] 
2019-01-03T10:31:16.669+0900: 235723.196: [GC (Allocation Failure) [PSYoungGen: 72928K->2240K(73216K)] 538776K->468256K(574464K), 0.0061343 secs] [Times: user=0.05 sys=0.00, real=0.01 secs] 
2019-01-03T10:31:34.312+0900: 235740.839: [GC (Allocation Failure) [PSYoungGen: 72896K->2272K(73216K)] 538912K->468472K(574464K), 0.0061458 secs] [Times: user=0.01 sys=0.03, real=0.01 secs] 
2019-01-03T10:31:51.839+0900: 235758.365: [GC (Allocation Failure) [PSYoungGen: 72928K->2304K(73216K)] 539128K->468680K(574464K), 0.0064781 secs] [Times: user=0.02 sys=0.03, real=0.01 secs] 
2019-01-03T10:32:09.421+0900: 235775.948: [GC (Allocation Failure) [PSYoungGen: 72960K->2208K(73216K)] 539336K->468760K(574464K), 0.0059258 secs] [Times: user=0.01 sys=0.04, real=0.01 secs] 
2019-01-03T10:32:26.677+0900: 235793.204: [GC (Allocation Failure) [PSYoungGen: 72864K->2240K(73216K)] 539416K->468976K(574464K), 0.0059496 secs] [Times: user=0.01 sys=0.03, real=0.00 secs] 
2019-01-03T10:32:44.141+0900: 235810.668: [GC (Allocation Failure) [PSYoungGen: 72896K->2272K(73216K)] 539632K->469184K(574464K), 0.0059909 secs] [Times: user=0.04 sys=0.00, real=0.01 secs] 
2019-01-03T10:33:01.670+0900: 235828.196: [GC (Allocation Failure) [PSYoungGen: 72928K->2240K(73216K)] 539840K->469320K(574464K), 0.0065513 secs] [Times: user=0.01 sys=0.04, real=0.01 secs] 
2019-01-03T10:33:19.191+0900: 235845.718: [GC (Allocation Failure) [PSYoungGen: 72896K->2272K(73216K)] 539976K->469520K(574464K), 0.0061331 secs] [Times: user=0.01 sys=0.03, real=0.01 secs] 
2019-01-03T10:33:36.830+0900: 235863.356: [GC (Allocation Failure) [PSYoungGen: 72928K->2240K(73216K)] 540176K->469648K(574464K), 0.0061542 secs] [Times: user=0.01 sys=0.03, real=0.01 secs] 
2019-01-03T10:33:54.144+0900: 235880.670: [GC (Allocation Failure) [PSYoungGen: 72896K->2240K(73216K)] 540304K->469832K(574464K), 0.0061317 secs] [Times: user=0.04 sys=0.00, real=0.00 secs] 
2019-01-03T10:34:11.802+0900: 235898.328: [GC (Allocation Failure) [PSYoungGen: 72896K->2272K(73216K)] 540488K->470032K(574464K), 0.0058316 secs] [Times: user=0.01 sys=0.03, real=0.01 secs] 
2019-01-03T10:34:29.315+0900: 235915.842: [GC (Allocation Failure) [PSYoungGen: 72928K->2304K(73216K)] 540688K->470224K(574464K), 0.0070657 secs] [Times: user=0.05 sys=0.00, real=0.00 secs] 
2019-01-03T10:34:46.943+0900: 235933.470: [GC (Allocation Failure) [PSYoungGen: 72960K->2240K(73216K)] 540880K->470328K(574464K), 0.0060287 secs] [Times: user=0.04 sys=0.00, real=0.01 secs] 
2019-01-03T10:35:04.213+0900: 235950.740: [GC (Allocation Failure) [PSYoungGen: 72896K->2272K(73216K)] 540984K->470536K(574464K), 0.0060880 secs] [Times: user=0.04 sys=0.00, real=0.01 secs] 
2019-01-03T10:35:21.871+0900: 235968.398: [GC (Allocation Failure) [PSYoungGen: 72928K->2240K(73216K)] 541192K->470680K(574464K), 0.0068233 secs] [Times: user=0.05 sys=0.00, real=0.01 secs] 
2019-01-03T10:35:39.399+0900: 235985.926: [GC (Allocation Failure) [PSYoungGen: 72896K->2272K(73216K)] 541336K->470888K(574464K), 0.0076184 secs] [Times: user=0.02 sys=0.04, real=0.01 secs] 
2019-01-03T10:35:56.813+0900: 236003.339: [GC (Allocation Failure) [PSYoungGen: 72928K->2272K(73216K)] 541544K->471064K(574464K), 0.0062496 secs] [Times: user=0.02 sys=0.03, real=0.01 secs] 
2019-01-03T10:36:14.311+0900: 236020.838: [GC (Allocation Failure) [PSYoungGen: 72928K->2272K(73216K)] 541720K->471240K(574464K), 0.0060332 secs] [Times: user=0.01 sys=0.03, real=0.01 secs] 
2019-01-03T10:36:31.551+0900: 236038.078: [GC (Allocation Failure) [PSYoungGen: 72928K->2272K(73216K)] 541896K->471424K(574464K), 0.0072452 secs] [Times: user=0.00 sys=0.05, real=0.01 secs] 
2019-01-03T10:36:48.956+0900: 236055.483: [GC (Allocation Failure) [PSYoungGen: 72928K->2240K(73216K)] 542080K->471568K(574464K), 0.0078526 secs] [Times: user=0.02 sys=0.04, real=0.01 secs] 
2019-01-03T10:37:06.380+0900: 236072.907: [GC (Allocation Failure) [PSYoungGen: 72896K->2304K(73216K)] 542224K->471800K(574464K), 0.0062761 secs] [Times: user=0.04 sys=0.00, real=0.01 secs] 
2019-01-03T10:37:23.856+0900: 236090.383: [GC (Allocation Failure) [PSYoungGen: 72960K->2272K(73216K)] 542456K->471944K(574464K), 0.0057700 secs] [Times: user=0.01 sys=0.03, real=0.00 secs] 
2019-01-03T10:37:41.336+0900: 236107.862: [GC (Allocation Failure) [PSYoungGen: 72928K->2304K(73216K)] 542600K->472152K(574464K), 0.0067368 secs] [Times: user=0.02 sys=0.04, real=0.00 secs] 
2019-01-03T10:37:58.787+0900: 236125.314: [GC (Allocation Failure) [PSYoungGen: 72960K->2272K(73216K)] 542808K->472288K(574464K), 0.0059565 secs] [Times: user=0.01 sys=0.03, real=0.00 secs] 
2019-01-03T10:38:16.303+0900: 236142.830: [GC (Allocation Failure) [PSYoungGen: 72928K->2272K(73216K)] 542944K->472472K(574464K), 0.0065619 secs] [Times: user=0.01 sys=0.03, real=0.01 secs] 
2019-01-03T10:38:33.997+0900: 236160.524: [GC (Allocation Failure) [PSYoungGen: 72928K->2304K(73216K)] 543128K->472672K(574464K), 0.0069318 secs] [Times: user=0.05 sys=0.00, real=0.01 secs] 
2019-01-03T10:38:51.495+0900: 236178.022: [GC (Allocation Failure) [PSYoungGen: 72960K->2240K(73216K)] 543328K->472784K(574464K), 0.0063768 secs] [Times: user=0.05 sys=0.00, real=0.00 secs] 
2019-01-03T10:39:09.103+0900: 236195.629: [GC (Allocation Failure) [PSYoungGen: 72896K->2240K(73216K)] 543440K->472960K(574464K), 0.0061043 secs] [Times: user=0.01 sys=0.03, real=0.01 secs] 
2019-01-03T10:39:26.708+0900: 236213.235: [GC (Allocation Failure) [PSYoungGen: 72896K->2304K(73216K)] 543616K->473200K(574464K), 0.0071814 secs] [Times: user=0.01 sys=0.04, real=0.01 secs] 
2019-01-03T10:39:44.289+0900: 236230.816: [GC (Allocation Failure) [PSYoungGen: 72960K->2272K(73216K)] 543856K->473344K(574464K), 0.0062259 secs] [Times: user=0.04 sys=0.00, real=0.01 secs] 
