Java HotSpot(TM) 64-Bit Server VM (25.171-b11) for linux-amd64 JRE (1.8.0_171-b11), built on Mar 28 2018 17:07:08 by "java_re" with gcc 4.3.0 20080428 (Red Hat 4.3.0-8)
Memory: 4k page, physical 32766844k(25480940k free), swap 16515068k(16515068k free)
CommandLine flags: -XX:GCLogFileSize=1048576 -XX:+HeapDumpOnOutOfMemoryError -XX:HeapDumpPath=artifacts/heapdump -XX:InitialHeapSize=524269504 -XX:MaxHeapSize=805306368 -XX:NumberOfGCLogFiles=10 -XX:+PrintGC -XX:+PrintGCDateStamps -XX:+PrintGCDetails -XX:+PrintGCTimeStamps -XX:+UseCompressedClassPointers -XX:+UseCompressedOops -XX:+UseGCLogFileRotation -XX:+UseParallelGC 
2018-12-31T17:02:36.431+0900: 2.958: [GC (Metadata GC Threshold) [PSYoungGen: 82264K->15219K(149504K)] 82264K->15299K(491008K), 0.0261900 secs] [Times: user=0.08 sys=0.04, real=0.03 secs] 
2018-12-31T17:02:36.458+0900: 2.984: [Full GC (Metadata GC Threshold) [PSYoungGen: 15219K->0K(149504K)] [ParOldGen: 80K->14635K(237568K)] 15299K->14635K(387072K), [Metaspace: 21003K->21003K(1067008K)], 0.0703494 secs] [Times: user=0.27 sys=0.05, real=0.07 secs] 
2018-12-31T17:02:39.318+0900: 5.844: [GC (Allocation Failure) [PSYoungGen: 128512K->14883K(149504K)] 143147K->29526K(387072K), 0.0272842 secs] [Times: user=0.12 sys=0.01, real=0.03 secs] 
2018-12-31T17:02:39.517+0900: 6.043: [GC (Metadata GC Threshold) [PSYoungGen: 22333K->5875K(149504K)] 36976K->20526K(387072K), 0.0202527 secs] [Times: user=0.12 sys=0.00, real=0.02 secs] 
2018-12-31T17:02:39.537+0900: 6.064: [Full GC (Metadata GC Threshold) [PSYoungGen: 5875K->0K(149504K)] [ParOldGen: 14651K->11444K(319488K)] 20526K->11444K(468992K), [Metaspace: 34962K->34962K(1079296K)], 0.0804684 secs] [Times: user=0.31 sys=0.00, real=0.08 secs] 
2018-12-31T17:02:55.607+0900: 22.134: [GC (Allocation Failure) [PSYoungGen: 128512K->10373K(210432K)] 139956K->21826K(529920K), 0.0128277 secs] [Times: user=0.06 sys=0.02, real=0.01 secs] 
2018-12-31T17:03:44.807+0900: 71.334: [GC (Allocation Failure) [PSYoungGen: 210053K->3106K(221184K)] 221506K->14567K(540672K), 0.0097043 secs] [Times: user=0.03 sys=0.04, real=0.01 secs] 
2018-12-31T17:04:34.282+0900: 120.809: [GC (Allocation Failure) [PSYoungGen: 203298K->3042K(239104K)] 214759K->14511K(558592K), 0.0085171 secs] [Times: user=0.03 sys=0.04, real=0.01 secs] 
2018-12-31T17:05:29.397+0900: 175.924: [GC (Allocation Failure) [PSYoungGen: 225250K->3042K(241152K)] 236719K->14519K(560640K), 0.0062718 secs] [Times: user=0.02 sys=0.02, real=0.00 secs] 
2018-12-31T17:06:24.997+0900: 231.524: [GC (Allocation Failure) [PSYoungGen: 225250K->3010K(242176K)] 236727K->14495K(561664K), 0.0048962 secs] [Times: user=0.02 sys=0.00, real=0.00 secs] 
2018-12-31T17:07:20.386+0900: 286.913: [GC (Allocation Failure) [PSYoungGen: 227266K->3010K(222720K)] 238751K->14503K(542208K), 0.0070344 secs] [Times: user=0.03 sys=0.02, real=0.00 secs] 
2018-12-31T17:08:14.980+0900: 341.507: [GC (Allocation Failure) [PSYoungGen: 222658K->2850K(228864K)] 234151K->14479K(548352K), 0.0048445 secs] [Times: user=0.02 sys=0.00, real=0.01 secs] 
2018-12-31T17:09:09.261+0900: 395.787: [GC (Allocation Failure) [PSYoungGen: 218402K->2952K(214528K)] 230031K->14588K(534016K), 0.0049365 secs] [Times: user=0.02 sys=0.00, real=0.01 secs] 
2018-12-31T17:10:02.601+0900: 449.128: [GC (Allocation Failure) [PSYoungGen: 214408K->2882K(219648K)] 226044K->14527K(539136K), 0.0079361 secs] [Times: user=0.03 sys=0.03, real=0.01 secs] 
2018-12-31T17:10:54.834+0900: 501.361: [GC (Allocation Failure) [PSYoungGen: 210242K->2882K(206336K)] 221887K->14527K(525824K), 0.0055558 secs] [Times: user=0.03 sys=0.00, real=0.00 secs] 
2018-12-31T17:11:45.791+0900: 552.317: [GC (Allocation Failure) [PSYoungGen: 206146K->2914K(211456K)] 217791K->14567K(530944K), 0.0046474 secs] [Times: user=0.03 sys=0.01, real=0.01 secs] 
2018-12-31T17:12:36.012+0900: 602.539: [GC (Allocation Failure) [PSYoungGen: 202594K->2882K(199168K)] 214247K->14543K(518656K), 0.0050904 secs] [Times: user=0.02 sys=0.00, real=0.01 secs] 
2018-12-31T17:13:25.152+0900: 651.679: [GC (Allocation Failure) [PSYoungGen: 198978K->2882K(202752K)] 210639K->14551K(522240K), 0.0053596 secs] [Times: user=0.02 sys=0.00, real=0.01 secs] 
2018-12-31T17:14:13.657+0900: 700.184: [GC (Allocation Failure) [PSYoungGen: 195394K->2856K(192000K)] 207063K->14524K(511488K), 0.0046347 secs] [Times: user=0.02 sys=0.00, real=0.00 secs] 
2018-12-31T17:15:01.261+0900: 747.787: [GC (Allocation Failure) [PSYoungGen: 191784K->2850K(194560K)] 203452K->14527K(514048K), 0.0047165 secs] [Times: user=0.02 sys=0.00, real=0.01 secs] 
2018-12-31T17:15:47.942+0900: 794.469: [GC (Allocation Failure) [PSYoungGen: 188194K->768K(183296K)] 199871K->14656K(502784K), 0.0056306 secs] [Times: user=0.03 sys=0.00, real=0.01 secs] 
2018-12-31T17:16:34.106+0900: 840.633: [GC (Allocation Failure) [PSYoungGen: 183040K->736K(188928K)] 196928K->14704K(508416K), 0.0036697 secs] [Times: user=0.02 sys=0.00, real=0.00 secs] 
2018-12-31T17:17:19.201+0900: 885.728: [GC (Allocation Failure) [PSYoungGen: 179936K->736K(177152K)] 193904K->14784K(496640K), 0.0035186 secs] [Times: user=0.02 sys=0.00, real=0.01 secs] 
2018-12-31T17:18:03.474+0900: 930.001: [GC (Allocation Failure) [PSYoungGen: 176864K->672K(181248K)] 190912K->14784K(500736K), 0.0025894 secs] [Times: user=0.01 sys=0.00, real=0.00 secs] 
2018-12-31T17:18:46.879+0900: 973.405: [GC (Allocation Failure) [PSYoungGen: 173728K->704K(171008K)] 187840K->14840K(490496K), 0.0031870 secs] [Times: user=0.01 sys=0.00, real=0.00 secs] 
2018-12-31T17:19:29.893+0900: 1016.420: [GC (Allocation Failure) [PSYoungGen: 170688K->672K(176128K)] 184824K->14872K(495616K), 0.0033669 secs] [Times: user=0.02 sys=0.00, real=0.01 secs] 
2018-12-31T17:20:12.184+0900: 1058.711: [GC (Allocation Failure) [PSYoungGen: 168096K->704K(165888K)] 182296K->14936K(485376K), 0.0029471 secs] [Times: user=0.01 sys=0.00, real=0.00 secs] 
2018-12-31T17:20:53.717+0900: 1100.244: [GC (Allocation Failure) [PSYoungGen: 165568K->704K(169472K)] 179800K->14976K(488960K), 0.0031197 secs] [Times: user=0.02 sys=0.00, real=0.00 secs] 
2018-12-31T17:21:34.518+0900: 1141.044: [GC (Allocation Failure) [PSYoungGen: 163008K->672K(160768K)] 177280K->15016K(480256K), 0.0033421 secs] [Times: user=0.01 sys=0.00, real=0.00 secs] 
2018-12-31T17:22:14.267+0900: 1180.794: [GC (Allocation Failure) [PSYoungGen: 160416K->704K(163328K)] 174760K->15112K(482816K), 0.0035125 secs] [Times: user=0.02 sys=0.00, real=0.00 secs] 
2018-12-31T17:22:53.930+0900: 1220.456: [GC (Allocation Failure) [PSYoungGen: 157888K->672K(155648K)] 172296K->15112K(475136K), 0.0032475 secs] [Times: user=0.02 sys=0.00, real=0.00 secs] 
2018-12-31T17:23:32.756+0900: 1259.283: [GC (Allocation Failure) [PSYoungGen: 155296K->640K(157184K)] 169736K->15120K(476672K), 0.0039203 secs] [Times: user=0.01 sys=0.00, real=0.00 secs] 
2018-12-31T17:24:11.015+0900: 1297.542: [GC (Allocation Failure) [PSYoungGen: 152704K->672K(151040K)] 167184K->15184K(470528K), 0.0035783 secs] [Times: user=0.01 sys=0.00, real=0.00 secs] 
2018-12-31T17:24:48.862+0900: 1335.389: [GC (Allocation Failure) [PSYoungGen: 150688K->736K(152576K)] 165200K->15288K(472064K), 0.0040316 secs] [Times: user=0.01 sys=0.00, real=0.01 secs] 
2018-12-31T17:25:26.037+0900: 1372.564: [GC (Allocation Failure) [PSYoungGen: 148704K->864K(146944K)] 163256K->15472K(466432K), 0.0036288 secs] [Times: user=0.01 sys=0.00, real=0.00 secs] 
2018-12-31T17:26:02.762+0900: 1409.289: [GC (Allocation Failure) [PSYoungGen: 146784K->992K(147968K)] 161392K->15640K(467456K), 0.0046364 secs] [Times: user=0.03 sys=0.00, real=0.01 secs] 
2018-12-31T17:26:39.324+0900: 1445.851: [GC (Allocation Failure) [PSYoungGen: 144864K->1024K(142848K)] 159512K->15688K(462336K), 0.0057181 secs] [Times: user=0.03 sys=0.00, real=0.00 secs] 
2018-12-31T17:27:15.187+0900: 1481.714: [GC (Allocation Failure) [PSYoungGen: 142848K->1088K(142848K)] 157512K->15800K(462336K), 0.0047565 secs] [Times: user=0.02 sys=0.00, real=0.00 secs] 
2018-12-31T17:27:50.462+0900: 1516.989: [GC (Allocation Failure) [PSYoungGen: 140864K->1152K(139264K)] 155576K->15904K(458752K), 0.0037590 secs] [Times: user=0.01 sys=0.00, real=0.01 secs] 
2018-12-31T17:28:25.300+0900: 1551.827: [GC (Allocation Failure) [PSYoungGen: 138880K->1248K(138240K)] 153632K->16024K(457728K), 0.0047685 secs] [Times: user=0.03 sys=0.00, real=0.01 secs] 
2018-12-31T17:28:59.504+0900: 1586.031: [GC (Allocation Failure) [PSYoungGen: 136928K->1280K(135168K)] 151704K->16112K(454656K), 0.0050243 secs] [Times: user=0.03 sys=0.00, real=0.00 secs] 
2018-12-31T17:29:33.395+0900: 1619.922: [GC (Allocation Failure) [PSYoungGen: 134912K->1376K(133632K)] 149744K->16272K(453120K), 0.0042226 secs] [Times: user=0.03 sys=0.00, real=0.00 secs] 
2018-12-31T17:30:06.296+0900: 1652.823: [GC (Allocation Failure) [PSYoungGen: 133472K->1440K(132096K)] 148368K->16408K(451584K), 0.0033204 secs] [Times: user=0.01 sys=0.00, real=0.00 secs] 
2018-12-31T17:30:39.058+0900: 1685.585: [GC (Allocation Failure) [PSYoungGen: 132000K->1600K(131072K)] 146968K->16640K(450560K), 0.0043754 secs] [Times: user=0.02 sys=0.00, real=0.00 secs] 
2018-12-31T17:31:11.543+0900: 1718.069: [GC (Allocation Failure) [PSYoungGen: 130624K->1664K(129536K)] 145664K->16776K(449024K), 0.0051239 secs] [Times: user=0.03 sys=0.00, real=0.01 secs] 
2018-12-31T17:31:43.662+0900: 1750.189: [GC (Allocation Failure) [PSYoungGen: 129152K->1792K(128000K)] 144264K->16984K(447488K), 0.0043177 secs] [Times: user=0.02 sys=0.00, real=0.01 secs] 
2018-12-31T17:32:15.251+0900: 1781.778: [GC (Allocation Failure) [PSYoungGen: 127744K->1984K(126464K)] 142936K->17248K(445952K), 0.0041517 secs] [Times: user=0.02 sys=0.00, real=0.01 secs] 
2018-12-31T17:32:46.454+0900: 1812.981: [GC (Allocation Failure) [PSYoungGen: 126400K->2016K(124928K)] 141664K->17384K(444416K), 0.0057459 secs] [Times: user=0.03 sys=0.00, real=0.00 secs] 
2018-12-31T17:33:16.906+0900: 1843.432: [GC (Allocation Failure) [PSYoungGen: 124896K->2080K(123904K)] 140264K->17560K(443392K), 0.0047307 secs] [Times: user=0.02 sys=0.00, real=0.00 secs] 
2018-12-31T17:33:47.235+0900: 1873.761: [GC (Allocation Failure) [PSYoungGen: 123424K->2144K(122368K)] 138904K->17752K(441856K), 0.0046411 secs] [Times: user=0.03 sys=0.00, real=0.00 secs] 
2018-12-31T17:34:17.274+0900: 1903.801: [GC (Allocation Failure) [PSYoungGen: 121952K->2272K(120832K)] 137560K->18008K(440320K), 0.0051991 secs] [Times: user=0.02 sys=0.00, real=0.00 secs] 
2018-12-31T17:34:46.930+0900: 1933.457: [GC (Allocation Failure) [PSYoungGen: 120544K->2368K(119296K)] 136280K->18232K(438784K), 0.0049834 secs] [Times: user=0.03 sys=0.00, real=0.01 secs] 
2018-12-31T17:35:16.212+0900: 1962.738: [GC (Allocation Failure) [PSYoungGen: 119104K->2432K(117760K)] 134968K->18424K(437248K), 0.0049624 secs] [Times: user=0.02 sys=0.00, real=0.01 secs] 
2018-12-31T17:35:45.025+0900: 1991.552: [GC (Allocation Failure) [PSYoungGen: 117632K->2464K(116224K)] 133624K->18584K(435712K), 0.0047551 secs] [Times: user=0.03 sys=0.00, real=0.00 secs] 
2018-12-31T17:36:13.363+0900: 2019.890: [GC (Allocation Failure) [PSYoungGen: 116128K->2592K(115712K)] 132248K->18848K(435200K), 0.0049504 secs] [Times: user=0.02 sys=0.00, real=0.01 secs] 
2018-12-31T17:36:41.707+0900: 2048.234: [GC (Allocation Failure) [PSYoungGen: 115232K->2688K(114688K)] 131488K->19080K(434176K), 0.0047354 secs] [Times: user=0.03 sys=0.00, real=0.00 secs] 
2018-12-31T17:37:09.784+0900: 2076.311: [GC (Allocation Failure) [PSYoungGen: 114304K->2752K(113664K)] 130696K->19280K(433152K), 0.0048910 secs] [Times: user=0.02 sys=0.00, real=0.00 secs] 
2018-12-31T17:37:37.566+0900: 2104.093: [GC (Allocation Failure) [PSYoungGen: 113344K->2560K(112128K)] 129872K->19376K(431616K), 0.0039882 secs] [Times: user=0.02 sys=0.00, real=0.00 secs] 
2018-12-31T17:38:04.749+0900: 2131.276: [GC (Allocation Failure) [PSYoungGen: 112128K->2688K(111616K)] 128944K->19784K(431104K), 0.0039044 secs] [Times: user=0.03 sys=0.00, real=0.00 secs] 
2018-12-31T17:38:31.868+0900: 2158.395: [GC (Allocation Failure) [PSYoungGen: 111232K->2880K(110592K)] 128328K->19976K(430080K), 0.0046616 secs] [Times: user=0.03 sys=0.00, real=0.00 secs] 
2018-12-31T17:38:58.975+0900: 2185.502: [GC (Allocation Failure) [PSYoungGen: 110400K->2912K(109568K)] 127496K->20184K(429056K), 0.0053594 secs] [Times: user=0.03 sys=0.00, real=0.00 secs] 
2018-12-31T17:39:25.360+0900: 2211.886: [GC (Allocation Failure) [PSYoungGen: 109408K->2912K(108544K)] 126680K->20368K(428032K), 0.0043307 secs] [Times: user=0.02 sys=0.00, real=0.01 secs] 
2018-12-31T17:39:52.000+0900: 2238.527: [GC (Allocation Failure) [PSYoungGen: 108384K->2944K(107520K)] 125840K->20608K(427008K), 0.0059325 secs] [Times: user=0.04 sys=0.00, real=0.01 secs] 
2018-12-31T17:40:18.152+0900: 2264.679: [GC (Allocation Failure) [PSYoungGen: 107392K->3008K(106496K)] 125056K->20872K(425984K), 0.0050146 secs] [Times: user=0.03 sys=0.00, real=0.01 secs] 
2018-12-31T17:40:44.125+0900: 2290.652: [GC (Allocation Failure) [PSYoungGen: 106432K->3008K(105472K)] 124296K->21080K(424960K), 0.0048214 secs] [Times: user=0.03 sys=0.00, real=0.00 secs] 
2018-12-31T17:41:09.845+0900: 2316.372: [GC (Allocation Failure) [PSYoungGen: 105408K->3072K(104960K)] 123480K->21336K(424448K), 0.0050293 secs] [Times: user=0.03 sys=0.00, real=0.00 secs] 
2018-12-31T17:41:35.434+0900: 2341.961: [GC (Allocation Failure) [PSYoungGen: 104448K->3104K(103936K)] 122712K->21600K(423424K), 0.0065032 secs] [Times: user=0.04 sys=0.01, real=0.00 secs] 
2018-12-31T17:42:00.617+0900: 2367.143: [GC (Allocation Failure) [PSYoungGen: 103456K->3072K(102912K)] 121952K->21784K(422400K), 0.0052441 secs] [Times: user=0.03 sys=0.00, real=0.00 secs] 
2018-12-31T17:42:25.514+0900: 2392.040: [GC (Allocation Failure) [PSYoungGen: 102400K->3104K(101888K)] 121112K->22024K(421376K), 0.0055444 secs] [Times: user=0.03 sys=0.00, real=0.00 secs] 
2018-12-31T17:42:49.923+0900: 2416.449: [GC (Allocation Failure) [PSYoungGen: 101408K->3136K(100864K)] 120328K->22272K(420352K), 0.0052214 secs] [Times: user=0.03 sys=0.00, real=0.01 secs] 
2018-12-31T17:43:14.341+0900: 2440.868: [GC (Allocation Failure) [PSYoungGen: 100416K->3104K(99840K)] 119552K->22472K(419328K), 0.0052443 secs] [Times: user=0.04 sys=0.00, real=0.01 secs] 
2018-12-31T17:43:38.485+0900: 2465.012: [GC (Allocation Failure) [PSYoungGen: 99360K->3040K(98816K)] 118728K->22640K(418304K), 0.0047030 secs] [Times: user=0.03 sys=0.00, real=0.00 secs] 
2018-12-31T17:44:02.279+0900: 2488.806: [GC (Allocation Failure) [PSYoungGen: 98272K->3072K(97280K)] 117872K->22920K(416768K), 0.0052146 secs] [Times: user=0.03 sys=0.00, real=0.01 secs] 
2018-12-31T17:44:25.889+0900: 2512.416: [GC (Allocation Failure) [PSYoungGen: 97280K->3040K(96256K)] 117128K->23128K(415744K), 0.0051049 secs] [Times: user=0.03 sys=0.00, real=0.01 secs] 
2018-12-31T17:44:49.225+0900: 2535.752: [GC (Allocation Failure) [PSYoungGen: 96224K->3008K(95232K)] 116312K->23320K(414720K), 0.0051461 secs] [Times: user=0.03 sys=0.00, real=0.00 secs] 
2018-12-31T17:45:12.456+0900: 2558.983: [GC (Allocation Failure) [PSYoungGen: 95168K->2976K(94208K)] 115480K->23528K(413696K), 0.0058438 secs] [Times: user=0.04 sys=0.00, real=0.00 secs] 
2018-12-31T17:45:35.411+0900: 2581.937: [GC (Allocation Failure) [PSYoungGen: 94112K->3008K(93184K)] 114664K->23784K(412672K), 0.0045862 secs] [Times: user=0.04 sys=0.00, real=0.01 secs] 
2018-12-31T17:45:57.694+0900: 2604.221: [GC (Allocation Failure) [PSYoungGen: 93120K->2976K(92672K)] 113896K->23976K(412160K), 0.0050031 secs] [Times: user=0.03 sys=0.00, real=0.00 secs] 
2018-12-31T17:46:20.103+0900: 2626.630: [GC (Allocation Failure) [PSYoungGen: 92576K->2912K(92160K)] 113576K->24136K(411648K), 0.0051960 secs] [Times: user=0.03 sys=0.00, real=0.01 secs] 
2018-12-31T17:46:42.354+0900: 2648.881: [GC (Allocation Failure) [PSYoungGen: 92000K->2912K(92160K)] 113224K->24360K(411648K), 0.0049969 secs] [Times: user=0.04 sys=0.00, real=0.00 secs] 
2018-12-31T17:47:04.567+0900: 2671.094: [GC (Allocation Failure) [PSYoungGen: 91488K->2912K(91136K)] 112936K->24600K(410624K), 0.0048844 secs] [Times: user=0.03 sys=0.00, real=0.00 secs] 
2018-12-31T17:47:26.705+0900: 2693.232: [GC (Allocation Failure) [PSYoungGen: 90976K->2848K(90624K)] 112664K->24768K(410112K), 0.0054358 secs] [Times: user=0.03 sys=0.00, real=0.00 secs] 
2018-12-31T17:47:48.630+0900: 2715.157: [GC (Allocation Failure) [PSYoungGen: 90400K->2816K(90112K)] 112320K->24968K(409600K), 0.0050145 secs] [Times: user=0.03 sys=0.01, real=0.01 secs] 
2018-12-31T17:48:10.452+0900: 2736.978: [GC (Allocation Failure) [PSYoungGen: 89856K->2816K(89600K)] 112008K->25192K(409088K), 0.0050748 secs] [Times: user=0.03 sys=0.00, real=0.01 secs] 
2018-12-31T17:48:32.223+0900: 2758.750: [GC (Allocation Failure) [PSYoungGen: 89344K->2848K(89088K)] 111720K->25456K(408576K), 0.0048531 secs] [Times: user=0.03 sys=0.00, real=0.01 secs] 
2018-12-31T17:48:53.476+0900: 2780.002: [GC (Allocation Failure) [PSYoungGen: 88864K->2784K(88576K)] 111472K->25600K(408064K), 0.0048078 secs] [Times: user=0.03 sys=0.00, real=0.00 secs] 
2018-12-31T17:49:14.889+0900: 2801.416: [GC (Allocation Failure) [PSYoungGen: 88288K->2816K(88064K)] 111104K->25848K(407552K), 0.0052510 secs] [Times: user=0.03 sys=0.00, real=0.01 secs] 
2018-12-31T17:49:36.166+0900: 2822.693: [GC (Allocation Failure) [PSYoungGen: 87808K->2720K(87552K)] 110840K->25968K(407040K), 0.0046609 secs] [Times: user=0.03 sys=0.00, real=0.00 secs] 
2018-12-31T17:49:57.297+0900: 2843.824: [GC (Allocation Failure) [PSYoungGen: 87200K->2720K(87040K)] 110448K->26176K(406528K), 0.0045798 secs] [Times: user=0.04 sys=0.00, real=0.00 secs] 
2018-12-31T17:50:18.364+0900: 2864.890: [GC (Allocation Failure) [PSYoungGen: 86688K->2720K(86528K)] 110144K->26392K(406016K), 0.0051210 secs] [Times: user=0.03 sys=0.00, real=0.00 secs] 
2018-12-31T17:50:39.305+0900: 2885.831: [GC (Allocation Failure) [PSYoungGen: 86176K->2752K(86016K)] 109848K->26648K(405504K), 0.0044948 secs] [Times: user=0.03 sys=0.00, real=0.00 secs] 
2018-12-31T17:51:00.085+0900: 2906.611: [GC (Allocation Failure) [PSYoungGen: 85696K->2752K(85504K)] 109592K->26856K(404992K), 0.0049453 secs] [Times: user=0.03 sys=0.00, real=0.00 secs] 
2018-12-31T17:51:20.873+0900: 2927.400: [GC (Allocation Failure) [PSYoungGen: 85184K->2656K(84992K)] 109288K->26960K(404480K), 0.0050621 secs] [Times: user=0.03 sys=0.00, real=0.01 secs] 
2018-12-31T17:51:41.100+0900: 2947.626: [GC (Allocation Failure) [PSYoungGen: 84576K->2688K(84480K)] 108880K->27200K(403968K), 0.0050351 secs] [Times: user=0.03 sys=0.00, real=0.01 secs] 
2018-12-31T17:52:01.371+0900: 2967.898: [GC (Allocation Failure) [PSYoungGen: 84096K->2656K(83968K)] 108608K->27368K(403456K), 0.0048242 secs] [Times: user=0.03 sys=0.00, real=0.01 secs] 
2018-12-31T17:52:21.601+0900: 2988.128: [GC (Allocation Failure) [PSYoungGen: 83552K->2656K(83456K)] 108264K->27552K(402944K), 0.0050414 secs] [Times: user=0.03 sys=0.00, real=0.01 secs] 
2018-12-31T17:52:41.720+0900: 3008.246: [GC (Allocation Failure) [PSYoungGen: 83040K->2624K(82944K)] 107936K->27728K(402432K), 0.0051025 secs] [Times: user=0.03 sys=0.00, real=0.01 secs] 
2018-12-31T17:53:01.811+0900: 3028.337: [GC (Allocation Failure) [PSYoungGen: 82496K->2592K(82432K)] 107600K->27904K(401920K), 0.0060342 secs] [Times: user=0.04 sys=0.00, real=0.01 secs] 
2018-12-31T17:53:21.715+0900: 3048.242: [GC (Allocation Failure) [PSYoungGen: 81952K->2624K(81920K)] 107264K->28136K(401408K), 0.0045485 secs] [Times: user=0.03 sys=0.00, real=0.00 secs] 
2018-12-31T17:53:41.553+0900: 3068.080: [GC (Allocation Failure) [PSYoungGen: 81472K->2592K(81408K)] 106984K->28312K(400896K), 0.0049313 secs] [Times: user=0.03 sys=0.00, real=0.01 secs] 
2018-12-31T17:54:01.234+0900: 3087.760: [GC (Allocation Failure) [PSYoungGen: 80928K->2528K(80384K)] 106648K->28456K(399872K), 0.0052361 secs] [Times: user=0.03 sys=0.00, real=0.00 secs] 
2018-12-31T17:54:20.761+0900: 3107.287: [GC (Allocation Failure) [PSYoungGen: 80352K->2592K(80384K)] 106280K->28728K(399872K), 0.0043776 secs] [Times: user=0.03 sys=0.00, real=0.01 secs] 
2018-12-31T17:54:40.076+0900: 3126.603: [GC (Allocation Failure) [PSYoungGen: 79904K->2560K(79360K)] 106040K->28888K(398848K), 0.0048001 secs] [Times: user=0.03 sys=0.00, real=0.00 secs] 
2018-12-31T17:54:59.362+0900: 3145.889: [GC (Allocation Failure) [PSYoungGen: 79360K->2496K(78848K)] 105688K->29032K(398336K), 0.0046996 secs] [Times: user=0.03 sys=0.00, real=0.01 secs] 
2018-12-31T17:55:18.542+0900: 3165.069: [GC (Allocation Failure) [PSYoungGen: 78784K->2528K(78336K)] 105320K->29272K(397824K), 0.0058108 secs] [Times: user=0.04 sys=0.00, real=0.01 secs] 
2018-12-31T17:55:37.227+0900: 3183.754: [GC (Allocation Failure) [PSYoungGen: 78304K->2496K(77824K)] 105048K->29440K(397312K), 0.0048745 secs] [Times: user=0.03 sys=0.00, real=0.00 secs] 
2018-12-31T17:55:56.027+0900: 3202.554: [GC (Allocation Failure) [PSYoungGen: 77760K->2496K(77312K)] 104704K->29640K(396800K), 0.0049535 secs] [Times: user=0.03 sys=0.01, real=0.00 secs] 
2018-12-31T17:56:14.722+0900: 3221.249: [GC (Allocation Failure) [PSYoungGen: 77248K->2464K(76800K)] 104392K->29792K(396288K), 0.0045993 secs] [Times: user=0.03 sys=0.00, real=0.01 secs] 
2018-12-31T17:56:33.305+0900: 3239.832: [GC (Allocation Failure) [PSYoungGen: 76704K->2528K(76288K)] 104032K->30048K(395776K), 0.0047821 secs] [Times: user=0.03 sys=0.00, real=0.00 secs] 
2018-12-31T17:56:51.421+0900: 3257.948: [GC (Allocation Failure) [PSYoungGen: 76256K->2432K(75776K)] 103776K->30144K(395264K), 0.0048236 secs] [Times: user=0.04 sys=0.00, real=0.01 secs] 
2018-12-31T17:57:09.637+0900: 3276.164: [GC (Allocation Failure) [PSYoungGen: 75648K->2400K(75264K)] 103360K->30304K(394752K), 0.0043989 secs] [Times: user=0.03 sys=0.00, real=0.00 secs] 
2018-12-31T17:57:27.846+0900: 3294.373: [GC (Allocation Failure) [PSYoungGen: 75104K->2464K(74752K)] 103008K->30552K(394240K), 0.0046351 secs] [Times: user=0.03 sys=0.00, real=0.00 secs] 
2018-12-31T17:57:45.832+0900: 3312.359: [GC (Allocation Failure) [PSYoungGen: 74656K->2400K(74240K)] 102744K->30672K(393728K), 0.0047532 secs] [Times: user=0.03 sys=0.00, real=0.01 secs] 
2018-12-31T17:58:03.679+0900: 3330.206: [GC (Allocation Failure) [PSYoungGen: 74080K->2400K(73728K)] 102352K->30864K(393216K), 0.0045603 secs] [Times: user=0.03 sys=0.00, real=0.01 secs] 
2018-12-31T17:58:21.441+0900: 3347.968: [GC (Allocation Failure) [PSYoungGen: 73568K->2368K(73216K)] 102032K->31032K(392704K), 0.0052538 secs] [Times: user=0.03 sys=0.00, real=0.01 secs] 
2018-12-31T17:58:39.006+0900: 3365.533: [GC (Allocation Failure) [PSYoungGen: 73024K->2368K(72704K)] 101688K->31232K(392192K), 0.0062125 secs] [Times: user=0.04 sys=0.01, real=0.00 secs] 
2018-12-31T17:58:56.656+0900: 3383.183: [GC (Allocation Failure) [PSYoungGen: 72512K->2336K(72192K)] 101376K->31392K(391680K), 0.0050218 secs] [Times: user=0.04 sys=0.00, real=0.00 secs] 
2018-12-31T17:59:14.000+0900: 3400.527: [GC (Allocation Failure) [PSYoungGen: 71968K->2336K(71680K)] 101024K->31576K(391168K), 0.0045678 secs] [Times: user=0.03 sys=0.00, real=0.01 secs] 
2018-12-31T17:59:31.309+0900: 3417.836: [GC (Allocation Failure) [PSYoungGen: 71456K->2304K(71168K)] 100696K->31728K(390656K), 0.0043493 secs] [Times: user=0.03 sys=0.00, real=0.01 secs] 
2018-12-31T17:59:48.496+0900: 3435.022: [GC (Allocation Failure) [PSYoungGen: 70912K->2240K(70656K)] 100336K->31848K(390144K), 0.0048950 secs] [Times: user=0.03 sys=0.00, real=0.00 secs] 
2018-12-31T18:00:05.595+0900: 3452.122: [GC (Allocation Failure) [PSYoungGen: 70336K->2304K(70144K)] 99944K->32080K(389632K), 0.0048568 secs] [Times: user=0.03 sys=0.00, real=0.00 secs] 
2018-12-31T18:00:22.467+0900: 3468.993: [GC (Allocation Failure) [PSYoungGen: 69888K->2240K(69632K)] 99664K->32200K(389120K), 0.0050949 secs] [Times: user=0.03 sys=0.00, real=0.00 secs] 
2018-12-31T18:00:39.320+0900: 3485.847: [GC (Allocation Failure) [PSYoungGen: 69312K->2304K(69120K)] 99272K->32456K(388608K), 0.0049883 secs] [Times: user=0.03 sys=0.00, real=0.01 secs] 
2018-12-31T18:00:55.720+0900: 3502.246: [GC (Allocation Failure) [PSYoungGen: 68864K->2240K(68608K)] 99016K->32576K(388096K), 0.0042795 secs] [Times: user=0.02 sys=0.00, real=0.01 secs] 
2018-12-31T18:01:12.193+0900: 3518.720: [GC (Allocation Failure) [PSYoungGen: 68288K->2176K(68096K)] 98624K->32696K(387584K), 0.0044954 secs] [Times: user=0.03 sys=0.00, real=0.01 secs] 
2018-12-31T18:01:28.622+0900: 3535.149: [GC (Allocation Failure) [PSYoungGen: 67712K->2240K(67584K)] 98232K->32936K(387072K), 0.0045830 secs] [Times: user=0.03 sys=0.00, real=0.01 secs] 
2018-12-31T18:01:44.775+0900: 3551.302: [GC (Allocation Failure) [PSYoungGen: 67264K->2176K(67072K)] 97960K->33040K(386560K), 0.0057105 secs] [Times: user=0.03 sys=0.00, real=0.00 secs] 
2018-12-31T18:02:00.943+0900: 3567.469: [GC (Allocation Failure) [PSYoungGen: 66688K->2208K(66560K)] 97552K->33248K(386048K), 0.0045735 secs] [Times: user=0.03 sys=0.00, real=0.01 secs] 
2018-12-31T18:02:16.960+0900: 3583.487: [GC (Allocation Failure) [PSYoungGen: 66208K->2112K(66048K)] 97248K->33320K(385536K), 0.0047577 secs] [Times: user=0.03 sys=0.00, real=0.01 secs] 
2018-12-31T18:02:32.790+0900: 3599.317: [GC (Allocation Failure) [PSYoungGen: 65600K->2208K(65536K)] 96808K->33600K(385024K), 0.0048123 secs] [Times: user=0.03 sys=0.00, real=0.01 secs] 
2018-12-31T18:02:48.209+0900: 3614.736: [GC (Allocation Failure) [PSYoungGen: 65184K->2624K(65536K)] 96576K->34192K(385024K), 0.0048667 secs] [Times: user=0.03 sys=0.00, real=0.01 secs] 
2018-12-31T18:03:03.924+0900: 3630.451: [GC (Allocation Failure) [PSYoungGen: 65088K->2048K(64000K)] 96656K->34080K(383488K), 0.0045949 secs] [Times: user=0.03 sys=0.00, real=0.00 secs] 
2018-12-31T18:03:19.434+0900: 3645.960: [GC (Allocation Failure) [PSYoungGen: 64000K->2016K(63488K)] 96032K->34336K(382976K), 0.0051711 secs] [Times: user=0.03 sys=0.00, real=0.00 secs] 
2018-12-31T18:03:34.814+0900: 3661.341: [GC (Allocation Failure) [PSYoungGen: 63456K->2208K(64512K)] 95776K->34528K(384000K), 0.0045037 secs] [Times: user=0.02 sys=0.00, real=0.00 secs] 
2018-12-31T18:03:50.122+0900: 3676.648: [GC (Allocation Failure) [PSYoungGen: 63648K->2208K(64512K)] 95968K->34680K(384000K), 0.0045440 secs] [Times: user=0.03 sys=0.00, real=0.01 secs] 
2018-12-31T18:04:05.509+0900: 3692.036: [GC (Allocation Failure) [PSYoungGen: 63648K->2112K(64512K)] 96120K->34736K(384000K), 0.0046175 secs] [Times: user=0.03 sys=0.00, real=0.01 secs] 
2018-12-31T18:04:20.989+0900: 3707.516: [GC (Allocation Failure) [PSYoungGen: 63552K->2176K(64512K)] 96176K->34968K(384000K), 0.0048870 secs] [Times: user=0.03 sys=0.00, real=0.01 secs] 
2018-12-31T18:04:36.320+0900: 3722.846: [GC (Allocation Failure) [PSYoungGen: 63616K->2144K(64512K)] 96408K->35104K(384000K), 0.0048676 secs] [Times: user=0.03 sys=0.00, real=0.01 secs] 
2018-12-31T18:04:51.665+0900: 3738.192: [GC (Allocation Failure) [PSYoungGen: 63584K->2208K(64512K)] 96544K->35328K(384000K), 0.0042952 secs] [Times: user=0.03 sys=0.00, real=0.00 secs] 
2018-12-31T18:05:07.078+0900: 3753.605: [GC (Allocation Failure) [PSYoungGen: 63648K->2144K(64512K)] 96768K->35424K(384000K), 0.0044133 secs] [Times: user=0.03 sys=0.00, real=0.00 secs] 
2018-12-31T18:05:22.486+0900: 3769.013: [GC (Allocation Failure) [PSYoungGen: 63584K->2144K(64512K)] 96864K->35576K(384000K), 0.0048315 secs] [Times: user=0.02 sys=0.00, real=0.00 secs] 
2018-12-31T18:05:37.724+0900: 3784.251: [GC (Allocation Failure) [PSYoungGen: 63584K->2176K(64000K)] 97016K->35760K(383488K), 0.0053339 secs] [Times: user=0.03 sys=0.00, real=0.00 secs] 
2018-12-31T18:05:53.052+0900: 3799.579: [GC (Allocation Failure) [PSYoungGen: 63616K->2112K(64000K)] 97200K->35864K(383488K), 0.0045203 secs] [Times: user=0.03 sys=0.00, real=0.01 secs] 
2018-12-31T18:06:08.434+0900: 3814.961: [GC (Allocation Failure) [PSYoungGen: 63552K->2048K(63488K)] 97304K->35960K(382976K), 0.0053360 secs] [Times: user=0.03 sys=0.00, real=0.00 secs] 
2018-12-31T18:06:23.770+0900: 3830.296: [GC (Allocation Failure) [PSYoungGen: 63488K->1888K(64000K)] 97400K->36296K(383488K), 0.0046526 secs] [Times: user=0.03 sys=0.00, real=0.01 secs] 
2018-12-31T18:06:39.073+0900: 3845.600: [GC (Allocation Failure) [PSYoungGen: 63328K->1952K(64000K)] 97736K->36360K(383488K), 0.0040348 secs] [Times: user=0.02 sys=0.00, real=0.01 secs] 
2018-12-31T18:06:54.458+0900: 3860.985: [GC (Allocation Failure) [PSYoungGen: 63392K->2048K(64000K)] 97800K->36544K(383488K), 0.0038914 secs] [Times: user=0.02 sys=0.00, real=0.00 secs] 
2018-12-31T18:07:09.849+0900: 3876.376: [GC (Allocation Failure) [PSYoungGen: 63488K->2048K(64000K)] 97984K->36704K(383488K), 0.0042628 secs] [Times: user=0.03 sys=0.00, real=0.00 secs] 
2018-12-31T18:07:25.044+0900: 3891.571: [GC (Allocation Failure) [PSYoungGen: 63488K->2048K(64000K)] 98144K->36864K(383488K), 0.0040395 secs] [Times: user=0.02 sys=0.00, real=0.00 secs] 
2018-12-31T18:07:40.489+0900: 3907.016: [GC (Allocation Failure) [PSYoungGen: 63488K->2080K(64000K)] 98304K->37048K(383488K), 0.0057318 secs] [Times: user=0.03 sys=0.01, real=0.01 secs] 
2018-12-31T18:07:55.938+0900: 3922.465: [GC (Allocation Failure) [PSYoungGen: 63520K->1984K(64000K)] 98488K->37112K(383488K), 0.0037705 secs] [Times: user=0.03 sys=0.00, real=0.00 secs] 
2018-12-31T18:08:11.238+0900: 3937.765: [GC (Allocation Failure) [PSYoungGen: 63424K->2080K(64000K)] 98552K->37368K(383488K), 0.0045626 secs] [Times: user=0.02 sys=0.00, real=0.00 secs] 
2018-12-31T18:08:26.570+0900: 3953.096: [GC (Allocation Failure) [PSYoungGen: 63520K->2016K(64000K)] 98808K->37456K(383488K), 0.0047326 secs] [Times: user=0.03 sys=0.00, real=0.01 secs] 
2018-12-31T18:08:41.876+0900: 3968.403: [GC (Allocation Failure) [PSYoungGen: 63456K->2048K(64000K)] 98896K->37640K(383488K), 0.0041218 secs] [Times: user=0.03 sys=0.00, real=0.00 secs] 
2018-12-31T18:08:57.409+0900: 3983.936: [GC (Allocation Failure) [PSYoungGen: 63488K->2016K(64000K)] 99080K->37768K(383488K), 0.0046220 secs] [Times: user=0.02 sys=0.00, real=0.01 secs] 
2018-12-31T18:09:12.746+0900: 3999.272: [GC (Allocation Failure) [PSYoungGen: 63456K->2048K(64000K)] 99208K->37960K(383488K), 0.0046149 secs] [Times: user=0.03 sys=0.00, real=0.00 secs] 
2018-12-31T18:09:28.072+0900: 4014.598: [GC (Allocation Failure) [PSYoungGen: 63488K->2048K(64000K)] 99400K->38128K(383488K), 0.0043481 secs] [Times: user=0.03 sys=0.00, real=0.01 secs] 
2018-12-31T18:09:43.515+0900: 4030.042: [GC (Allocation Failure) [PSYoungGen: 63488K->1952K(64000K)] 99568K->38208K(383488K), 0.0043236 secs] [Times: user=0.02 sys=0.00, real=0.00 secs] 
2018-12-31T18:09:58.681+0900: 4045.208: [GC (Allocation Failure) [PSYoungGen: 63392K->2016K(64000K)] 99648K->38440K(383488K), 0.0040812 secs] [Times: user=0.03 sys=0.00, real=0.01 secs] 
2018-12-31T18:10:14.079+0900: 4060.605: [GC (Allocation Failure) [PSYoungGen: 63456K->2016K(64000K)] 99880K->38600K(383488K), 0.0046581 secs] [Times: user=0.02 sys=0.00, real=0.00 secs] 
2018-12-31T18:10:29.403+0900: 4075.930: [GC (Allocation Failure) [PSYoungGen: 63456K->2080K(64000K)] 100040K->38832K(383488K), 0.0043326 secs] [Times: user=0.03 sys=0.00, real=0.01 secs] 
2018-12-31T18:10:44.679+0900: 4091.205: [GC (Allocation Failure) [PSYoungGen: 63520K->2016K(64000K)] 100272K->38936K(383488K), 0.0055717 secs] [Times: user=0.03 sys=0.00, real=0.01 secs] 
2018-12-31T18:11:00.057+0900: 4106.584: [GC (Allocation Failure) [PSYoungGen: 63456K->2080K(64000K)] 100376K->39160K(383488K), 0.0044972 secs] [Times: user=0.02 sys=0.00, real=0.00 secs] 
2018-12-31T18:11:15.461+0900: 4121.987: [GC (Allocation Failure) [PSYoungGen: 63520K->1952K(64000K)] 100600K->39200K(383488K), 0.0045839 secs] [Times: user=0.02 sys=0.00, real=0.01 secs] 
2018-12-31T18:11:31.028+0900: 4137.555: [GC (Allocation Failure) [PSYoungGen: 63392K->2016K(64000K)] 100640K->39408K(383488K), 0.0044583 secs] [Times: user=0.03 sys=0.00, real=0.00 secs] 
2018-12-31T18:11:46.121+0900: 4152.647: [GC (Allocation Failure) [PSYoungGen: 63456K->2080K(64000K)] 100848K->39632K(383488K), 0.0044020 secs] [Times: user=0.03 sys=0.00, real=0.01 secs] 
2018-12-31T18:12:01.567+0900: 4168.094: [GC (Allocation Failure) [PSYoungGen: 63520K->2016K(64000K)] 101072K->39720K(383488K), 0.0048961 secs] [Times: user=0.03 sys=0.00, real=0.00 secs] 
2018-12-31T18:12:16.943+0900: 4183.469: [GC (Allocation Failure) [PSYoungGen: 63456K->2048K(64000K)] 101160K->39920K(383488K), 0.0045607 secs] [Times: user=0.03 sys=0.00, real=0.01 secs] 
2018-12-31T18:12:32.315+0900: 4198.842: [GC (Allocation Failure) [PSYoungGen: 63488K->2048K(64000K)] 101360K->40088K(383488K), 0.0043458 secs] [Times: user=0.02 sys=0.00, real=0.00 secs] 
2018-12-31T18:12:47.759+0900: 4214.286: [GC (Allocation Failure) [PSYoungGen: 63488K->2016K(64000K)] 101528K->40208K(383488K), 0.0044785 secs] [Times: user=0.03 sys=0.00, real=0.01 secs] 
2018-12-31T18:13:03.391+0900: 4229.918: [GC (Allocation Failure) [PSYoungGen: 63456K->2016K(64000K)] 101648K->40376K(383488K), 0.0041498 secs] [Times: user=0.02 sys=0.00, real=0.01 secs] 
2018-12-31T18:13:18.601+0900: 4245.128: [GC (Allocation Failure) [PSYoungGen: 63456K->2016K(64000K)] 101816K->40544K(383488K), 0.0043566 secs] [Times: user=0.02 sys=0.00, real=0.01 secs] 
2018-12-31T18:13:34.006+0900: 4260.533: [GC (Allocation Failure) [PSYoungGen: 63456K->1984K(64000K)] 101984K->40680K(383488K), 0.0044280 secs] [Times: user=0.03 sys=0.00, real=0.00 secs] 
2018-12-31T18:13:49.454+0900: 4275.980: [GC (Allocation Failure) [PSYoungGen: 63424K->1984K(64000K)] 102120K->40832K(383488K), 0.0040074 secs] [Times: user=0.03 sys=0.00, real=0.01 secs] 
2018-12-31T18:14:04.803+0900: 4291.330: [GC (Allocation Failure) [PSYoungGen: 63424K->2048K(64000K)] 102272K->41056K(383488K), 0.0042866 secs] [Times: user=0.03 sys=0.00, real=0.01 secs] 
2018-12-31T18:14:20.326+0900: 4306.853: [GC (Allocation Failure) [PSYoungGen: 63488K->2048K(64000K)] 102496K->41224K(383488K), 0.0043362 secs] [Times: user=0.02 sys=0.00, real=0.00 secs] 
2018-12-31T18:14:35.767+0900: 4322.294: [GC (Allocation Failure) [PSYoungGen: 63488K->2016K(64000K)] 102664K->41360K(383488K), 0.0043043 secs] [Times: user=0.02 sys=0.00, real=0.00 secs] 
2018-12-31T18:14:50.881+0900: 4337.407: [GC (Allocation Failure) [PSYoungGen: 63456K->2048K(64000K)] 102800K->41560K(383488K), 0.0044798 secs] [Times: user=0.03 sys=0.00, real=0.01 secs] 
2018-12-31T18:15:06.286+0900: 4352.812: [GC (Allocation Failure) [PSYoungGen: 63488K->2048K(64000K)] 103000K->41704K(383488K), 0.0041385 secs] [Times: user=0.03 sys=0.00, real=0.00 secs] 
2018-12-31T18:15:21.604+0900: 4368.130: [GC (Allocation Failure) [PSYoungGen: 63488K->2016K(64000K)] 103144K->41832K(383488K), 0.0037033 secs] [Times: user=0.02 sys=0.00, real=0.00 secs] 
2018-12-31T18:15:37.071+0900: 4383.598: [GC (Allocation Failure) [PSYoungGen: 63456K->2080K(64000K)] 103272K->42056K(383488K), 0.0042166 secs] [Times: user=0.03 sys=0.00, real=0.01 secs] 
2018-12-31T18:15:52.433+0900: 4398.960: [GC (Allocation Failure) [PSYoungGen: 63520K->2016K(64000K)] 103496K->42152K(383488K), 0.0044384 secs] [Times: user=0.02 sys=0.00, real=0.01 secs] 
2018-12-31T18:16:08.063+0900: 4414.590: [GC (Allocation Failure) [PSYoungGen: 63456K->1984K(64000K)] 103592K->42272K(383488K), 0.0045514 secs] [Times: user=0.03 sys=0.00, real=0.01 secs] 
2018-12-31T18:16:23.260+0900: 4429.787: [GC (Allocation Failure) [PSYoungGen: 63424K->2016K(64000K)] 103712K->42464K(383488K), 0.0046747 secs] [Times: user=0.02 sys=0.00, real=0.01 secs] 
2018-12-31T18:16:38.592+0900: 4445.119: [GC (Allocation Failure) [PSYoungGen: 63456K->2016K(64000K)] 103904K->42632K(383488K), 0.0048173 secs] [Times: user=0.02 sys=0.00, real=0.01 secs] 
2018-12-31T18:16:54.075+0900: 4460.601: [GC (Allocation Failure) [PSYoungGen: 63456K->2016K(64000K)] 104072K->42800K(383488K), 0.0037740 secs] [Times: user=0.03 sys=0.00, real=0.00 secs] 
2018-12-31T18:17:09.451+0900: 4475.978: [GC (Allocation Failure) [PSYoungGen: 63456K->2112K(64000K)] 104240K->43048K(383488K), 0.0040834 secs] [Times: user=0.03 sys=0.00, real=0.01 secs] 
2018-12-31T18:17:24.802+0900: 4491.328: [GC (Allocation Failure) [PSYoungGen: 63552K->2080K(64000K)] 104488K->43168K(383488K), 0.0054851 secs] [Times: user=0.02 sys=0.02, real=0.01 secs] 
2018-12-31T18:17:40.236+0900: 4506.763: [GC (Allocation Failure) [PSYoungGen: 63520K->2048K(64000K)] 104608K->43296K(383488K), 0.0041825 secs] [Times: user=0.02 sys=0.00, real=0.00 secs] 
2018-12-31T18:17:55.603+0900: 4522.130: [GC (Allocation Failure) [PSYoungGen: 63488K->2048K(64000K)] 104736K->43456K(383488K), 0.0047240 secs] [Times: user=0.03 sys=0.00, real=0.01 secs] 
2018-12-31T18:18:10.703+0900: 4537.230: [GC (Allocation Failure) [PSYoungGen: 63488K->1984K(64000K)] 104896K->43560K(383488K), 0.0042802 secs] [Times: user=0.02 sys=0.00, real=0.01 secs] 
2018-12-31T18:18:26.023+0900: 4552.549: [GC (Allocation Failure) [PSYoungGen: 63424K->1984K(64000K)] 105000K->43712K(383488K), 0.0044651 secs] [Times: user=0.03 sys=0.00, real=0.01 secs] 
2018-12-31T18:18:41.375+0900: 4567.901: [GC (Allocation Failure) [PSYoungGen: 63424K->1952K(64000K)] 105152K->43824K(383488K), 0.0043614 secs] [Times: user=0.02 sys=0.00, real=0.00 secs] 
2018-12-31T18:18:56.820+0900: 4583.347: [GC (Allocation Failure) [PSYoungGen: 63392K->1984K(64000K)] 105264K->44008K(383488K), 0.0045125 secs] [Times: user=0.02 sys=0.00, real=0.01 secs] 
2018-12-31T18:19:11.959+0900: 4598.485: [GC (Allocation Failure) [PSYoungGen: 63424K->2016K(64000K)] 105448K->44208K(383488K), 0.0038570 secs] [Times: user=0.03 sys=0.00, real=0.00 secs] 
2018-12-31T18:19:27.268+0900: 4613.795: [GC (Allocation Failure) [PSYoungGen: 63456K->2016K(64000K)] 105648K->44376K(383488K), 0.0039264 secs] [Times: user=0.02 sys=0.00, real=0.00 secs] 
2018-12-31T18:19:42.581+0900: 4629.108: [GC (Allocation Failure) [PSYoungGen: 63456K->2016K(64000K)] 105816K->44536K(383488K), 0.0043592 secs] [Times: user=0.02 sys=0.00, real=0.01 secs] 
2018-12-31T18:19:58.032+0900: 4644.558: [GC (Allocation Failure) [PSYoungGen: 63456K->1984K(64000K)] 105976K->44672K(383488K), 0.0046029 secs] [Times: user=0.02 sys=0.00, real=0.01 secs] 
2018-12-31T18:20:13.208+0900: 4659.734: [GC (Allocation Failure) [PSYoungGen: 63424K->1984K(64000K)] 106112K->44840K(383488K), 0.0042488 secs] [Times: user=0.03 sys=0.00, real=0.00 secs] 
2018-12-31T18:20:28.545+0900: 4675.072: [GC (Allocation Failure) [PSYoungGen: 63424K->2016K(64000K)] 106280K->45032K(383488K), 0.0047834 secs] [Times: user=0.03 sys=0.00, real=0.00 secs] 
2018-12-31T18:20:43.874+0900: 4690.401: [GC (Allocation Failure) [PSYoungGen: 63456K->1984K(64000K)] 106472K->45144K(383488K), 0.0044034 secs] [Times: user=0.02 sys=0.00, real=0.00 secs] 
2018-12-31T18:20:59.238+0900: 4705.765: [GC (Allocation Failure) [PSYoungGen: 63424K->1952K(64000K)] 106584K->45264K(383488K), 0.0047846 secs] [Times: user=0.03 sys=0.00, real=0.00 secs] 
2018-12-31T18:21:14.455+0900: 4720.982: [GC (Allocation Failure) [PSYoungGen: 63392K->2080K(64000K)] 106704K->45552K(383488K), 0.0045111 secs] [Times: user=0.02 sys=0.00, real=0.00 secs] 
2018-12-31T18:21:29.696+0900: 4736.222: [GC (Allocation Failure) [PSYoungGen: 63520K->2016K(64000K)] 106992K->45648K(383488K), 0.0046633 secs] [Times: user=0.02 sys=0.00, real=0.00 secs] 
2018-12-31T18:21:44.931+0900: 4751.457: [GC (Allocation Failure) [PSYoungGen: 63456K->2016K(64000K)] 107088K->45816K(383488K), 0.0044523 secs] [Times: user=0.03 sys=0.00, real=0.01 secs] 
2018-12-31T18:22:00.431+0900: 4766.958: [GC (Allocation Failure) [PSYoungGen: 63456K->2016K(64000K)] 107256K->45968K(383488K), 0.0042586 secs] [Times: user=0.03 sys=0.00, real=0.01 secs] 
2018-12-31T18:22:15.675+0900: 4782.201: [GC (Allocation Failure) [PSYoungGen: 63456K->1984K(64000K)] 107408K->46080K(383488K), 0.0048045 secs] [Times: user=0.02 sys=0.00, real=0.00 secs] 
2018-12-31T18:22:30.871+0900: 4797.398: [GC (Allocation Failure) [PSYoungGen: 63424K->2016K(64000K)] 107520K->46264K(383488K), 0.0043700 secs] [Times: user=0.03 sys=0.00, real=0.01 secs] 
2018-12-31T18:22:46.168+0900: 4812.694: [GC (Allocation Failure) [PSYoungGen: 63456K->1952K(64000K)] 107704K->46368K(383488K), 0.0045217 secs] [Times: user=0.02 sys=0.00, real=0.00 secs] 
2018-12-31T18:23:01.543+0900: 4828.069: [GC (Allocation Failure) [PSYoungGen: 63392K->2016K(64000K)] 107808K->46592K(383488K), 0.0045775 secs] [Times: user=0.02 sys=0.00, real=0.01 secs] 
2018-12-31T18:23:16.890+0900: 4843.417: [GC (Allocation Failure) [PSYoungGen: 63456K->1984K(64000K)] 108032K->46712K(383488K), 0.0043263 secs] [Times: user=0.03 sys=0.00, real=0.01 secs] 
2018-12-31T18:23:32.014+0900: 4858.541: [GC (Allocation Failure) [PSYoungGen: 63424K->1952K(64000K)] 108152K->46840K(383488K), 0.0046900 secs] [Times: user=0.03 sys=0.00, real=0.00 secs] 
2018-12-31T18:23:47.489+0900: 4874.015: [GC (Allocation Failure) [PSYoungGen: 63392K->2016K(64000K)] 108280K->47064K(383488K), 0.0046142 secs] [Times: user=0.03 sys=0.00, real=0.00 secs] 
2018-12-31T18:24:02.906+0900: 4889.433: [GC (Allocation Failure) [PSYoungGen: 63456K->2016K(64000K)] 108504K->47232K(383488K), 0.0056110 secs] [Times: user=0.02 sys=0.02, real=0.00 secs] 
2018-12-31T18:24:18.205+0900: 4904.731: [GC (Allocation Failure) [PSYoungGen: 63456K->2016K(64000K)] 108672K->47392K(383488K), 0.0044307 secs] [Times: user=0.03 sys=0.00, real=0.00 secs] 
2018-12-31T18:24:33.473+0900: 4920.000: [GC (Allocation Failure) [PSYoungGen: 63456K->2048K(64000K)] 108832K->47592K(383488K), 0.0043877 secs] [Times: user=0.02 sys=0.00, real=0.01 secs] 
2018-12-31T18:24:48.815+0900: 4935.341: [GC (Allocation Failure) [PSYoungGen: 63488K->1984K(64000K)] 109032K->47696K(383488K), 0.0040297 secs] [Times: user=0.03 sys=0.00, real=0.00 secs] 
2018-12-31T18:25:04.188+0900: 4950.714: [GC (Allocation Failure) [PSYoungGen: 63424K->2016K(64000K)] 109136K->47904K(383488K), 0.0040405 secs] [Times: user=0.03 sys=0.00, real=0.00 secs] 
2018-12-31T18:25:19.453+0900: 4965.980: [GC (Allocation Failure) [PSYoungGen: 63456K->2016K(64000K)] 109344K->48064K(383488K), 0.0043427 secs] [Times: user=0.02 sys=0.00, real=0.01 secs] 
2018-12-31T18:25:34.750+0900: 4981.277: [GC (Allocation Failure) [PSYoungGen: 63456K->2016K(64000K)] 109504K->48224K(383488K), 0.0046219 secs] [Times: user=0.03 sys=0.00, real=0.01 secs] 
2018-12-31T18:25:50.176+0900: 4996.703: [GC (Allocation Failure) [PSYoungGen: 63456K->1952K(64000K)] 109664K->48312K(383488K), 0.0046055 secs] [Times: user=0.03 sys=0.00, real=0.00 secs] 
2018-12-31T18:26:05.545+0900: 5012.072: [GC (Allocation Failure) [PSYoungGen: 63392K->2016K(64000K)] 109752K->48536K(383488K), 0.0044203 secs] [Times: user=0.03 sys=0.00, real=0.00 secs] 
2018-12-31T18:26:20.702+0900: 5027.229: [GC (Allocation Failure) [PSYoungGen: 63456K->1984K(64000K)] 109976K->48664K(383488K), 0.0043939 secs] [Times: user=0.03 sys=0.00, real=0.01 secs] 
2018-12-31T18:26:35.986+0900: 5042.513: [GC (Allocation Failure) [PSYoungGen: 63424K->1984K(64000K)] 110104K->48824K(383488K), 0.0046052 secs] [Times: user=0.02 sys=0.00, real=0.00 secs] 
2018-12-31T18:26:51.321+0900: 5057.848: [GC (Allocation Failure) [PSYoungGen: 63424K->2048K(64000K)] 110264K->49048K(383488K), 0.0049027 secs] [Times: user=0.02 sys=0.00, real=0.01 secs] 
2018-12-31T18:27:06.709+0900: 5073.236: [GC (Allocation Failure) [PSYoungGen: 63488K->1984K(64000K)] 110488K->49168K(383488K), 0.0058326 secs] [Times: user=0.03 sys=0.00, real=0.01 secs] 
2018-12-31T18:27:21.781+0900: 5088.308: [GC (Allocation Failure) [PSYoungGen: 63424K->2016K(64000K)] 110608K->49352K(383488K), 0.0045999 secs] [Times: user=0.03 sys=0.00, real=0.01 secs] 
2018-12-31T18:27:37.041+0900: 5103.567: [GC (Allocation Failure) [PSYoungGen: 63456K->1984K(64000K)] 110792K->49472K(383488K), 0.0043363 secs] [Times: user=0.03 sys=0.00, real=0.01 secs] 
2018-12-31T18:27:52.424+0900: 5118.951: [GC (Allocation Failure) [PSYoungGen: 63424K->2048K(64000K)] 110912K->49680K(383488K), 0.0039349 secs] [Times: user=0.03 sys=0.00, real=0.00 secs] 
2018-12-31T18:28:07.848+0900: 5134.375: [GC (Allocation Failure) [PSYoungGen: 63488K->2048K(64000K)] 111120K->49832K(383488K), 0.0043109 secs] [Times: user=0.03 sys=0.00, real=0.00 secs] 
2018-12-31T18:28:23.200+0900: 5149.727: [GC (Allocation Failure) [PSYoungGen: 63488K->2048K(64000K)] 111272K->49992K(383488K), 0.0044897 secs] [Times: user=0.03 sys=0.00, real=0.01 secs] 
2018-12-31T18:28:38.515+0900: 5165.042: [GC (Allocation Failure) [PSYoungGen: 63488K->2016K(64000K)] 111432K->50120K(383488K), 0.0040066 secs] [Times: user=0.02 sys=0.00, real=0.00 secs] 
2018-12-31T18:28:53.796+0900: 5180.323: [GC (Allocation Failure) [PSYoungGen: 63456K->2016K(64000K)] 111560K->50272K(383488K), 0.0045079 secs] [Times: user=0.02 sys=0.00, real=0.00 secs] 
2018-12-31T18:29:09.122+0900: 5195.649: [GC (Allocation Failure) [PSYoungGen: 63456K->2016K(64000K)] 111712K->50424K(383488K), 0.0043088 secs] [Times: user=0.02 sys=0.00, real=0.01 secs] 
2018-12-31T18:29:24.464+0900: 5210.990: [GC (Allocation Failure) [PSYoungGen: 63456K->2048K(64000K)] 111864K->50624K(383488K), 0.0043840 secs] [Times: user=0.03 sys=0.00, real=0.00 secs] 
2018-12-31T18:29:39.582+0900: 5226.109: [GC (Allocation Failure) [PSYoungGen: 63488K->2080K(64000K)] 112064K->50824K(383488K), 0.0051337 secs] [Times: user=0.03 sys=0.00, real=0.01 secs] 
2018-12-31T18:29:54.858+0900: 5241.385: [GC (Allocation Failure) [PSYoungGen: 63520K->2016K(64000K)] 112264K->50920K(383488K), 0.0045080 secs] [Times: user=0.02 sys=0.00, real=0.00 secs] 
2018-12-31T18:30:10.239+0900: 5256.766: [GC (Allocation Failure) [PSYoungGen: 63456K->2016K(64000K)] 112360K->51088K(383488K), 0.0045522 secs] [Times: user=0.03 sys=0.00, real=0.01 secs] 
2018-12-31T18:30:25.561+0900: 5272.087: [GC (Allocation Failure) [PSYoungGen: 63456K->2080K(64000K)] 112528K->51312K(383488K), 0.0035765 secs] [Times: user=0.02 sys=0.00, real=0.01 secs] 
2018-12-31T18:30:40.830+0900: 5287.356: [GC (Allocation Failure) [PSYoungGen: 63520K->2048K(64000K)] 112752K->51456K(383488K), 0.0043904 secs] [Times: user=0.03 sys=0.00, real=0.01 secs] 
2018-12-31T18:30:56.032+0900: 5302.559: [GC (Allocation Failure) [PSYoungGen: 63488K->1984K(64000K)] 112896K->51552K(383488K), 0.0042877 secs] [Times: user=0.03 sys=0.00, real=0.01 secs] 
2018-12-31T18:31:11.419+0900: 5317.945: [GC (Allocation Failure) [PSYoungGen: 63424K->2048K(64000K)] 112992K->51768K(383488K), 0.0044915 secs] [Times: user=0.03 sys=0.00, real=0.00 secs] 
2018-12-31T18:31:26.750+0900: 5333.277: [GC (Allocation Failure) [PSYoungGen: 63488K->2016K(64000K)] 113208K->51888K(383488K), 0.0044443 secs] [Times: user=0.03 sys=0.00, real=0.01 secs] 
2018-12-31T18:31:41.999+0900: 5348.526: [GC (Allocation Failure) [PSYoungGen: 63456K->2016K(64000K)] 113328K->52056K(383488K), 0.0043895 secs] [Times: user=0.03 sys=0.00, real=0.00 secs] 
2018-12-31T18:31:57.136+0900: 5363.663: [GC (Allocation Failure) [PSYoungGen: 63456K->2016K(64000K)] 113496K->52208K(383488K), 0.0040328 secs] [Times: user=0.02 sys=0.00, real=0.00 secs] 
2018-12-31T18:32:12.372+0900: 5378.899: [GC (Allocation Failure) [PSYoungGen: 63456K->2016K(64000K)] 113648K->52376K(383488K), 0.0041257 secs] [Times: user=0.03 sys=0.00, real=0.01 secs] 
2018-12-31T18:32:27.654+0900: 5394.180: [GC (Allocation Failure) [PSYoungGen: 63456K->2016K(64000K)] 113816K->52520K(383488K), 0.0042598 secs] [Times: user=0.03 sys=0.00, real=0.00 secs] 
2018-12-31T18:32:42.631+0900: 5409.158: [GC (Allocation Failure) [PSYoungGen: 63456K->1984K(64000K)] 113960K->52640K(383488K), 0.0047675 secs] [Times: user=0.03 sys=0.00, real=0.01 secs] 
2018-12-31T18:32:58.049+0900: 5424.576: [GC (Allocation Failure) [PSYoungGen: 63424K->2080K(64000K)] 114080K->52888K(383488K), 0.0044150 secs] [Times: user=0.02 sys=0.00, real=0.00 secs] 
2018-12-31T18:33:13.423+0900: 5439.950: [GC (Allocation Failure) [PSYoungGen: 63520K->2016K(64000K)] 114328K->52984K(383488K), 0.0042028 secs] [Times: user=0.03 sys=0.00, real=0.01 secs] 
2018-12-31T18:33:28.498+0900: 5455.025: [GC (Allocation Failure) [PSYoungGen: 63456K->2016K(64000K)] 114424K->53152K(383488K), 0.0042708 secs] [Times: user=0.02 sys=0.00, real=0.00 secs] 
2018-12-31T18:33:43.725+0900: 5470.251: [GC (Allocation Failure) [PSYoungGen: 63456K->1952K(64000K)] 114592K->53240K(383488K), 0.0045740 secs] [Times: user=0.02 sys=0.01, real=0.00 secs] 
2018-12-31T18:33:58.991+0900: 5485.518: [GC (Allocation Failure) [PSYoungGen: 63392K->1952K(64000K)] 114680K->53400K(383488K), 0.0037057 secs] [Times: user=0.03 sys=0.00, real=0.01 secs] 
2018-12-31T18:34:14.303+0900: 5500.829: [GC (Allocation Failure) [PSYoungGen: 63392K->1984K(64000K)] 114840K->53600K(383488K), 0.0042710 secs] [Times: user=0.03 sys=0.00, real=0.01 secs] 
2018-12-31T18:34:29.545+0900: 5516.072: [GC (Allocation Failure) [PSYoungGen: 63424K->1984K(64000K)] 115040K->53760K(383488K), 0.0042341 secs] [Times: user=0.03 sys=0.00, real=0.00 secs] 
2018-12-31T18:34:44.775+0900: 5531.301: [GC (Allocation Failure) [PSYoungGen: 63424K->1984K(64000K)] 115200K->53920K(383488K), 0.0042310 secs] [Times: user=0.03 sys=0.00, real=0.00 secs] 
2018-12-31T18:34:59.860+0900: 5546.387: [GC (Allocation Failure) [PSYoungGen: 63424K->2080K(64000K)] 115360K->54176K(383488K), 0.0045084 secs] [Times: user=0.03 sys=0.00, real=0.01 secs] 
2018-12-31T18:35:15.012+0900: 5561.538: [GC (Allocation Failure) [PSYoungGen: 63520K->2048K(64000K)] 115616K->54304K(383488K), 0.0043429 secs] [Times: user=0.03 sys=0.00, real=0.01 secs] 
2018-12-31T18:35:30.248+0900: 5576.775: [GC (Allocation Failure) [PSYoungGen: 63488K->2016K(64000K)] 115744K->54432K(383488K), 0.0044599 secs] [Times: user=0.03 sys=0.00, real=0.00 secs] 
2018-12-31T18:35:45.477+0900: 5592.004: [GC (Allocation Failure) [PSYoungGen: 63456K->2016K(64000K)] 115872K->54600K(383488K), 0.0043408 secs] [Times: user=0.02 sys=0.00, real=0.00 secs] 
2018-12-31T18:36:00.714+0900: 5607.241: [GC (Allocation Failure) [PSYoungGen: 63456K->1984K(64000K)] 116040K->54728K(383488K), 0.0045491 secs] [Times: user=0.02 sys=0.00, real=0.00 secs] 
2018-12-31T18:36:16.048+0900: 5622.574: [GC (Allocation Failure) [PSYoungGen: 63424K->2016K(64000K)] 116168K->54920K(383488K), 0.0044789 secs] [Times: user=0.03 sys=0.00, real=0.00 secs] 
2018-12-31T18:36:31.217+0900: 5637.744: [GC (Allocation Failure) [PSYoungGen: 63456K->2016K(64000K)] 116360K->55088K(383488K), 0.0041290 secs] [Times: user=0.03 sys=0.00, real=0.00 secs] 
2018-12-31T18:36:46.492+0900: 5653.018: [GC (Allocation Failure) [PSYoungGen: 63456K->1920K(64000K)] 116528K->55144K(383488K), 0.0044767 secs] [Times: user=0.02 sys=0.00, real=0.01 secs] 
2018-12-31T18:37:01.846+0900: 5668.372: [GC (Allocation Failure) [PSYoungGen: 63360K->2048K(64000K)] 116584K->55416K(383488K), 0.0057703 secs] [Times: user=0.03 sys=0.01, real=0.00 secs] 
2018-12-31T18:37:17.195+0900: 5683.721: [GC (Allocation Failure) [PSYoungGen: 63488K->1984K(64000K)] 116856K->55512K(383488K), 0.0039939 secs] [Times: user=0.02 sys=0.00, real=0.00 secs] 
2018-12-31T18:37:32.405+0900: 5698.932: [GC (Allocation Failure) [PSYoungGen: 63424K->1984K(64000K)] 116952K->55664K(383488K), 0.0044659 secs] [Times: user=0.03 sys=0.00, real=0.00 secs] 
2018-12-31T18:37:47.513+0900: 5714.039: [GC (Allocation Failure) [PSYoungGen: 63424K->1984K(64000K)] 117104K->55824K(383488K), 0.0042491 secs] [Times: user=0.02 sys=0.00, real=0.01 secs] 
2018-12-31T18:38:02.701+0900: 5729.228: [GC (Allocation Failure) [PSYoungGen: 63424K->2016K(64000K)] 117264K->56016K(383488K), 0.0046145 secs] [Times: user=0.02 sys=0.00, real=0.01 secs] 
2018-12-31T18:38:18.036+0900: 5744.563: [GC (Allocation Failure) [PSYoungGen: 63456K->1984K(64000K)] 117456K->56144K(383488K), 0.0048637 secs] [Times: user=0.03 sys=0.00, real=0.00 secs] 
2018-12-31T18:38:33.361+0900: 5759.888: [GC (Allocation Failure) [PSYoungGen: 63424K->1984K(64000K)] 117584K->56312K(383488K), 0.0048151 secs] [Times: user=0.02 sys=0.00, real=0.01 secs] 
2018-12-31T18:38:48.656+0900: 5775.182: [GC (Allocation Failure) [PSYoungGen: 63424K->2048K(64000K)] 117752K->56528K(383488K), 0.0042524 secs] [Times: user=0.03 sys=0.00, real=0.00 secs] 
2018-12-31T18:39:03.815+0900: 5790.341: [GC (Allocation Failure) [PSYoungGen: 63488K->2016K(64000K)] 117968K->56656K(383488K), 0.0041916 secs] [Times: user=0.03 sys=0.00, real=0.00 secs] 
2018-12-31T18:39:19.010+0900: 5805.537: [GC (Allocation Failure) [PSYoungGen: 63456K->1984K(64000K)] 118096K->56784K(383488K), 0.0042927 secs] [Times: user=0.02 sys=0.00, real=0.01 secs] 
2018-12-31T18:39:34.336+0900: 5820.863: [GC (Allocation Failure) [PSYoungGen: 63424K->2048K(64000K)] 118224K->57000K(383488K), 0.0046236 secs] [Times: user=0.02 sys=0.00, real=0.00 secs] 
2018-12-31T18:39:49.614+0900: 5836.141: [GC (Allocation Failure) [PSYoungGen: 63488K->1984K(64000K)] 118440K->57080K(383488K), 0.0043687 secs] [Times: user=0.03 sys=0.00, real=0.00 secs] 
2018-12-31T18:40:04.938+0900: 5851.464: [GC (Allocation Failure) [PSYoungGen: 63424K->2016K(64000K)] 118520K->57256K(383488K), 0.0046089 secs] [Times: user=0.03 sys=0.00, real=0.00 secs] 
2018-12-31T18:40:20.112+0900: 5866.639: [GC (Allocation Failure) [PSYoungGen: 63456K->2048K(64000K)] 118696K->57432K(383488K), 0.0046290 secs] [Times: user=0.02 sys=0.00, real=0.01 secs] 
2018-12-31T18:40:35.370+0900: 5881.897: [GC (Allocation Failure) [PSYoungGen: 63488K->2016K(64000K)] 118872K->57568K(383488K), 0.0044485 secs] [Times: user=0.03 sys=0.00, real=0.01 secs] 
2018-12-31T18:40:50.613+0900: 5897.140: [GC (Allocation Failure) [PSYoungGen: 63456K->2016K(64000K)] 119008K->57728K(383488K), 0.0042436 secs] [Times: user=0.02 sys=0.00, real=0.01 secs] 
2018-12-31T18:41:05.934+0900: 5912.460: [GC (Allocation Failure) [PSYoungGen: 63456K->1952K(64000K)] 119168K->57824K(383488K), 0.0045273 secs] [Times: user=0.02 sys=0.00, real=0.01 secs] 
2018-12-31T18:41:21.286+0900: 5927.812: [GC (Allocation Failure) [PSYoungGen: 63392K->2016K(64000K)] 119264K->58032K(383488K), 0.0045559 secs] [Times: user=0.03 sys=0.00, real=0.00 secs] 
2018-12-31T18:41:36.592+0900: 5943.118: [GC (Allocation Failure) [PSYoungGen: 63456K->1952K(64000K)] 119472K->58112K(383488K), 0.0045263 secs] [Times: user=0.02 sys=0.00, real=0.01 secs] 
2018-12-31T18:41:51.819+0900: 5958.346: [GC (Allocation Failure) [PSYoungGen: 63392K->2016K(64000K)] 119552K->58328K(383488K), 0.0045509 secs] [Times: user=0.03 sys=0.00, real=0.01 secs] 
2018-12-31T18:42:07.234+0900: 5973.761: [GC (Allocation Failure) [PSYoungGen: 63456K->1952K(64000K)] 119768K->58416K(383488K), 0.0044394 secs] [Times: user=0.03 sys=0.00, real=0.00 secs] 
2018-12-31T18:42:22.660+0900: 5989.187: [GC (Allocation Failure) [PSYoungGen: 63392K->2016K(64000K)] 119856K->58632K(383488K), 0.0040492 secs] [Times: user=0.03 sys=0.00, real=0.01 secs] 
2018-12-31T18:42:37.839+0900: 6004.366: [GC (Allocation Failure) [PSYoungGen: 63456K->2016K(64000K)] 120072K->58800K(383488K), 0.0045785 secs] [Times: user=0.03 sys=0.00, real=0.00 secs] 
2018-12-31T18:42:52.946+0900: 6019.473: [GC (Allocation Failure) [PSYoungGen: 63456K->1888K(64000K)] 120240K->58824K(383488K), 0.0047530 secs] [Times: user=0.03 sys=0.00, real=0.00 secs] 
2018-12-31T18:43:08.095+0900: 6034.622: [GC (Allocation Failure) [PSYoungGen: 63328K->1952K(64000K)] 120264K->59040K(383488K), 0.0044494 secs] [Times: user=0.03 sys=0.00, real=0.00 secs] 
2018-12-31T18:43:23.324+0900: 6049.851: [GC (Allocation Failure) [PSYoungGen: 63392K->1984K(64000K)] 120480K->59224K(383488K), 0.0041634 secs] [Times: user=0.03 sys=0.00, real=0.00 secs] 
2018-12-31T18:43:38.505+0900: 6065.031: [GC (Allocation Failure) [PSYoungGen: 63424K->1984K(64000K)] 120664K->59392K(383488K), 0.0049668 secs] [Times: user=0.03 sys=0.00, real=0.00 secs] 
2018-12-31T18:43:53.672+0900: 6080.199: [GC (Allocation Failure) [PSYoungGen: 63424K->1984K(64000K)] 120832K->59520K(383488K), 0.0050553 secs] [Times: user=0.03 sys=0.00, real=0.01 secs] 
2018-12-31T18:44:08.912+0900: 6095.439: [GC (Allocation Failure) [PSYoungGen: 63424K->1984K(64000K)] 120960K->59688K(383488K), 0.0049353 secs] [Times: user=0.03 sys=0.00, real=0.01 secs] 
2018-12-31T18:44:24.255+0900: 6110.782: [GC (Allocation Failure) [PSYoungGen: 63424K->1984K(63488K)] 121128K->59856K(382976K), 0.0044387 secs] [Times: user=0.03 sys=0.00, real=0.00 secs] 
2018-12-31T18:44:39.324+0900: 6125.850: [GC (Allocation Failure) [PSYoungGen: 63424K->2016K(63488K)] 121296K->60048K(382976K), 0.0040067 secs] [Times: user=0.03 sys=0.00, real=0.00 secs] 
2018-12-31T18:44:54.517+0900: 6141.044: [GC (Allocation Failure) [PSYoungGen: 63456K->1920K(64000K)] 121488K->60112K(383488K), 0.0045370 secs] [Times: user=0.02 sys=0.00, real=0.00 secs] 
2018-12-31T18:45:09.767+0900: 6156.294: [GC (Allocation Failure) [PSYoungGen: 63360K->1984K(64000K)] 121552K->60328K(383488K), 0.0046438 secs] [Times: user=0.03 sys=0.00, real=0.00 secs] 
2018-12-31T18:45:25.037+0900: 6171.564: [GC (Allocation Failure) [PSYoungGen: 63424K->2048K(64000K)] 121768K->60568K(383488K), 0.0045487 secs] [Times: user=0.03 sys=0.00, real=0.00 secs] 
2018-12-31T18:45:40.465+0900: 6186.992: [GC (Allocation Failure) [PSYoungGen: 63488K->1952K(64000K)] 122008K->60632K(383488K), 0.0043182 secs] [Times: user=0.02 sys=0.00, real=0.00 secs] 
2018-12-31T18:45:55.618+0900: 6202.145: [GC (Allocation Failure) [PSYoungGen: 63392K->2016K(64000K)] 122072K->60856K(383488K), 0.0044450 secs] [Times: user=0.02 sys=0.00, real=0.00 secs] 
2018-12-31T18:46:10.869+0900: 6217.396: [GC (Allocation Failure) [PSYoungGen: 63456K->1984K(64000K)] 122296K->60984K(383488K), 0.0042695 secs] [Times: user=0.03 sys=0.00, real=0.01 secs] 
2018-12-31T18:46:26.195+0900: 6232.721: [GC (Allocation Failure) [PSYoungGen: 63424K->1984K(64000K)] 122424K->61136K(383488K), 0.0048893 secs] [Times: user=0.03 sys=0.00, real=0.00 secs] 
2018-12-31T18:46:41.480+0900: 6248.007: [GC (Allocation Failure) [PSYoungGen: 63424K->1952K(64000K)] 122576K->61264K(383488K), 0.0044305 secs] [Times: user=0.03 sys=0.00, real=0.01 secs] 
2018-12-31T18:46:56.808+0900: 6263.334: [GC (Allocation Failure) [PSYoungGen: 63392K->1984K(63488K)] 122704K->61448K(382976K), 0.0051993 secs] [Times: user=0.03 sys=0.00, real=0.00 secs] 
2018-12-31T18:47:11.919+0900: 6278.446: [GC (Allocation Failure) [PSYoungGen: 63424K->2048K(63488K)] 122888K->61672K(382976K), 0.0044795 secs] [Times: user=0.03 sys=0.00, real=0.01 secs] 
2018-12-31T18:47:27.134+0900: 6293.661: [GC (Allocation Failure) [PSYoungGen: 63488K->1984K(64000K)] 123112K->61760K(383488K), 0.0043025 secs] [Times: user=0.02 sys=0.00, real=0.00 secs] 
2018-12-31T18:47:42.369+0900: 6308.896: [GC (Allocation Failure) [PSYoungGen: 63424K->1984K(64000K)] 123200K->61920K(383488K), 0.0044396 secs] [Times: user=0.03 sys=0.00, real=0.00 secs] 
2018-12-31T18:47:57.676+0900: 6324.203: [GC (Allocation Failure) [PSYoungGen: 63424K->2016K(64000K)] 123360K->62112K(383488K), 0.0043159 secs] [Times: user=0.03 sys=0.00, real=0.00 secs] 
2018-12-31T18:48:12.936+0900: 6339.463: [GC (Allocation Failure) [PSYoungGen: 63456K->1952K(64000K)] 123552K->62208K(383488K), 0.0042323 secs] [Times: user=0.03 sys=0.00, real=0.00 secs] 
2018-12-31T18:48:28.217+0900: 6354.744: [GC (Allocation Failure) [PSYoungGen: 63392K->2048K(64000K)] 123648K->62472K(383488K), 0.0045228 secs] [Times: user=0.03 sys=0.00, real=0.00 secs] 
2018-12-31T18:48:43.282+0900: 6369.809: [GC (Allocation Failure) [PSYoungGen: 63488K->2016K(64000K)] 123912K->62568K(383488K), 0.0046838 secs] [Times: user=0.03 sys=0.00, real=0.01 secs] 
2018-12-31T18:48:58.536+0900: 6385.063: [GC (Allocation Failure) [PSYoungGen: 63456K->2016K(64000K)] 124008K->62728K(383488K), 0.0042969 secs] [Times: user=0.03 sys=0.00, real=0.00 secs] 
2018-12-31T18:49:13.774+0900: 6400.301: [GC (Allocation Failure) [PSYoungGen: 63456K->1984K(64000K)] 124168K->62864K(383488K), 0.0049333 secs] [Times: user=0.03 sys=0.00, real=0.00 secs] 
2018-12-31T18:49:29.013+0900: 6415.539: [GC (Allocation Failure) [PSYoungGen: 63424K->2048K(64000K)] 124304K->63096K(383488K), 0.0043165 secs] [Times: user=0.03 sys=0.00, real=0.01 secs] 
2018-12-31T18:49:44.263+0900: 6430.790: [GC (Allocation Failure) [PSYoungGen: 63488K->2080K(64000K)] 124536K->63288K(383488K), 0.0044593 secs] [Times: user=0.03 sys=0.00, real=0.01 secs] 
2018-12-31T18:49:59.582+0900: 6446.109: [GC (Allocation Failure) [PSYoungGen: 63520K->2048K(64000K)] 124728K->63408K(383488K), 0.0048303 secs] [Times: user=0.03 sys=0.00, real=0.01 secs] 
2018-12-31T18:50:14.652+0900: 6461.179: [GC (Allocation Failure) [PSYoungGen: 63488K->1984K(64000K)] 124848K->63504K(383488K), 0.0049349 secs] [Times: user=0.03 sys=0.00, real=0.01 secs] 
2018-12-31T18:50:29.882+0900: 6476.408: [GC (Allocation Failure) [PSYoungGen: 63424K->2016K(64000K)] 124944K->63696K(383488K), 0.0051246 secs] [Times: user=0.03 sys=0.00, real=0.01 secs] 
2018-12-31T18:50:45.143+0900: 6491.669: [GC (Allocation Failure) [PSYoungGen: 63456K->1984K(64000K)] 125136K->63824K(383488K), 0.0046328 secs] [Times: user=0.03 sys=0.00, real=0.01 secs] 
2018-12-31T18:51:00.489+0900: 6507.016: [GC (Allocation Failure) [PSYoungGen: 63424K->2016K(64000K)] 125264K->64008K(383488K), 0.0046494 secs] [Times: user=0.02 sys=0.00, real=0.01 secs] 
2018-12-31T18:51:15.820+0900: 6522.347: [GC (Allocation Failure) [PSYoungGen: 63456K->2016K(64000K)] 125448K->64168K(383488K), 0.0040470 secs] [Times: user=0.02 sys=0.00, real=0.01 secs] 
2018-12-31T18:51:30.955+0900: 6537.481: [GC (Allocation Failure) [PSYoungGen: 63456K->2080K(64000K)] 125608K->64392K(383488K), 0.0043653 secs] [Times: user=0.03 sys=0.00, real=0.00 secs] 
2018-12-31T18:51:46.139+0900: 6552.666: [GC (Allocation Failure) [PSYoungGen: 63520K->2048K(64000K)] 125832K->64528K(383488K), 0.0044338 secs] [Times: user=0.03 sys=0.00, real=0.00 secs] 
2018-12-31T18:52:01.457+0900: 6567.984: [GC (Allocation Failure) [PSYoungGen: 63488K->2016K(64000K)] 125968K->64640K(383488K), 0.0045850 secs] [Times: user=0.03 sys=0.00, real=0.00 secs] 
2018-12-31T18:52:16.743+0900: 6583.270: [GC (Allocation Failure) [PSYoungGen: 63456K->2016K(64000K)] 126080K->64800K(383488K), 0.0044881 secs] [Times: user=0.03 sys=0.00, real=0.01 secs] 
2018-12-31T18:52:32.069+0900: 6598.596: [GC (Allocation Failure) [PSYoungGen: 63456K->1984K(64000K)] 126240K->64928K(383488K), 0.0041998 secs] [Times: user=0.02 sys=0.00, real=0.01 secs] 
2018-12-31T18:52:47.273+0900: 6613.800: [GC (Allocation Failure) [PSYoungGen: 63424K->2048K(64000K)] 126368K->65152K(383488K), 0.0042630 secs] [Times: user=0.03 sys=0.00, real=0.01 secs] 
2018-12-31T18:53:02.422+0900: 6628.949: [GC (Allocation Failure) [PSYoungGen: 63488K->1984K(64000K)] 126592K->65248K(383488K), 0.0048907 secs] [Times: user=0.03 sys=0.00, real=0.01 secs] 
2018-12-31T18:53:17.722+0900: 6644.249: [GC (Allocation Failure) [PSYoungGen: 63424K->2048K(64000K)] 126688K->65472K(383488K), 0.0049765 secs] [Times: user=0.03 sys=0.00, real=0.01 secs] 
2018-12-31T18:53:33.069+0900: 6659.596: [GC (Allocation Failure) [PSYoungGen: 63488K->2016K(64000K)] 126912K->65600K(383488K), 0.0046398 secs] [Times: user=0.04 sys=0.00, real=0.01 secs] 
2018-12-31T18:53:48.378+0900: 6674.905: [GC (Allocation Failure) [PSYoungGen: 63456K->1920K(64000K)] 127040K->65664K(383488K), 0.0044406 secs] [Times: user=0.02 sys=0.00, real=0.00 secs] 
2018-12-31T18:54:03.572+0900: 6690.099: [GC (Allocation Failure) [PSYoungGen: 63360K->2048K(64000K)] 127104K->65960K(383488K), 0.0045047 secs] [Times: user=0.03 sys=0.00, real=0.01 secs] 
2018-12-31T18:54:18.819+0900: 6705.346: [GC (Allocation Failure) [PSYoungGen: 63488K->2016K(64000K)] 127400K->66088K(383488K), 0.0046938 secs] [Times: user=0.03 sys=0.00, real=0.01 secs] 
2018-12-31T18:54:34.156+0900: 6720.683: [GC (Allocation Failure) [PSYoungGen: 63456K->2016K(64000K)] 127528K->66256K(383488K), 0.0046162 secs] [Times: user=0.03 sys=0.00, real=0.00 secs] 
2018-12-31T18:54:49.463+0900: 6735.990: [GC (Allocation Failure) [PSYoungGen: 63456K->2016K(64000K)] 127696K->66416K(383488K), 0.0044715 secs] [Times: user=0.02 sys=0.00, real=0.01 secs] 
2018-12-31T18:55:04.760+0900: 6751.287: [GC (Allocation Failure) [PSYoungGen: 63456K->1984K(64000K)] 127856K->66528K(383488K), 0.0045068 secs] [Times: user=0.03 sys=0.00, real=0.01 secs] 
2018-12-31T18:55:19.872+0900: 6766.398: [GC (Allocation Failure) [PSYoungGen: 63424K->2048K(64000K)] 127968K->66752K(383488K), 0.0045169 secs] [Times: user=0.03 sys=0.00, real=0.01 secs] 
2018-12-31T18:55:34.995+0900: 6781.522: [GC (Allocation Failure) [PSYoungGen: 63488K->1952K(64000K)] 128192K->66792K(383488K), 0.0046280 secs] [Times: user=0.03 sys=0.00, real=0.00 secs] 
2018-12-31T18:55:50.138+0900: 6796.665: [GC (Allocation Failure) [PSYoungGen: 63392K->1984K(64000K)] 128232K->66976K(383488K), 0.0044531 secs] [Times: user=0.03 sys=0.00, real=0.00 secs] 
2018-12-31T18:56:05.429+0900: 6811.955: [GC (Allocation Failure) [PSYoungGen: 63424K->2016K(64000K)] 128416K->67168K(383488K), 0.0043771 secs] [Times: user=0.03 sys=0.00, real=0.00 secs] 
2018-12-31T18:56:20.712+0900: 6827.238: [GC (Allocation Failure) [PSYoungGen: 63456K->2016K(64000K)] 128608K->67320K(383488K), 0.0044252 secs] [Times: user=0.03 sys=0.00, real=0.01 secs] 
2018-12-31T18:56:36.053+0900: 6842.580: [GC (Allocation Failure) [PSYoungGen: 63456K->2048K(64000K)] 128760K->67512K(383488K), 0.0046333 secs] [Times: user=0.03 sys=0.00, real=0.01 secs] 
2018-12-31T18:56:51.230+0900: 6857.757: [GC (Allocation Failure) [PSYoungGen: 63488K->2016K(64000K)] 128952K->67640K(383488K), 0.0045620 secs] [Times: user=0.03 sys=0.00, real=0.01 secs] 
2018-12-31T18:57:06.490+0900: 6873.017: [GC (Allocation Failure) [PSYoungGen: 63456K->2016K(64000K)] 129080K->67800K(383488K), 0.0041763 secs] [Times: user=0.03 sys=0.00, real=0.01 secs] 
2018-12-31T18:57:21.721+0900: 6888.248: [GC (Allocation Failure) [PSYoungGen: 63456K->2016K(64000K)] 129240K->67952K(383488K), 0.0044683 secs] [Times: user=0.03 sys=0.00, real=0.01 secs] 
2018-12-31T18:57:37.020+0900: 6903.547: [GC (Allocation Failure) [PSYoungGen: 63456K->1984K(64000K)] 129392K->68072K(383488K), 0.0046320 secs] [Times: user=0.03 sys=0.00, real=0.01 secs] 
2018-12-31T18:57:52.251+0900: 6918.778: [GC (Allocation Failure) [PSYoungGen: 63424K->2048K(64000K)] 129512K->68304K(383488K), 0.0045784 secs] [Times: user=0.03 sys=0.00, real=0.01 secs] 
2018-12-31T18:58:07.533+0900: 6934.060: [GC (Allocation Failure) [PSYoungGen: 63488K->2016K(64000K)] 129744K->68432K(383488K), 0.0046559 secs] [Times: user=0.02 sys=0.00, real=0.01 secs] 
2018-12-31T18:58:22.599+0900: 6949.126: [GC (Allocation Failure) [PSYoungGen: 63456K->2048K(64000K)] 129872K->68624K(383488K), 0.0041938 secs] [Times: user=0.03 sys=0.00, real=0.00 secs] 
2018-12-31T18:58:37.740+0900: 6964.267: [GC (Allocation Failure) [PSYoungGen: 63488K->2048K(64000K)] 130064K->68784K(383488K), 0.0049526 secs] [Times: user=0.03 sys=0.00, real=0.01 secs] 
2018-12-31T18:58:53.007+0900: 6979.533: [GC (Allocation Failure) [PSYoungGen: 63488K->2016K(64000K)] 130224K->68912K(383488K), 0.0046055 secs] [Times: user=0.03 sys=0.00, real=0.00 secs] 
2018-12-31T18:59:08.229+0900: 6994.755: [GC (Allocation Failure) [PSYoungGen: 63456K->1984K(64000K)] 130352K->69032K(383488K), 0.0045272 secs] [Times: user=0.03 sys=0.00, real=0.00 secs] 
2018-12-31T18:59:23.489+0900: 7010.016: [GC (Allocation Failure) [PSYoungGen: 63424K->2016K(64000K)] 130472K->69232K(383488K), 0.0043616 secs] [Times: user=0.03 sys=0.00, real=0.01 secs] 
2018-12-31T18:59:38.869+0900: 7025.396: [GC (Allocation Failure) [PSYoungGen: 63456K->2016K(64000K)] 130672K->69392K(383488K), 0.0047925 secs] [Times: user=0.03 sys=0.00, real=0.01 secs] 
2018-12-31T18:59:53.955+0900: 7040.482: [GC (Allocation Failure) [PSYoungGen: 63456K->1952K(64000K)] 130832K->69496K(383488K), 0.0045596 secs] [Times: user=0.03 sys=0.00, real=0.00 secs] 
2018-12-31T19:00:09.200+0900: 7055.727: [GC (Allocation Failure) [PSYoungGen: 63392K->1984K(64000K)] 130936K->69680K(383488K), 0.0055794 secs] [Times: user=0.03 sys=0.00, real=0.01 secs] 
2018-12-31T19:00:24.562+0900: 7071.089: [GC (Allocation Failure) [PSYoungGen: 63424K->1984K(64000K)] 131120K->69832K(383488K), 0.0045501 secs] [Times: user=0.03 sys=0.00, real=0.01 secs] 
2018-12-31T19:00:39.921+0900: 7086.447: [GC (Allocation Failure) [PSYoungGen: 63424K->2048K(64000K)] 131272K->70064K(383488K), 0.0044871 secs] [Times: user=0.03 sys=0.00, real=0.01 secs] 
2018-12-31T19:00:55.198+0900: 7101.725: [GC (Allocation Failure) [PSYoungGen: 63488K->2016K(64000K)] 131504K->70192K(383488K), 0.0048518 secs] [Times: user=0.03 sys=0.00, real=0.00 secs] 
2018-12-31T19:01:10.265+0900: 7116.792: [GC (Allocation Failure) [PSYoungGen: 63456K->2016K(64000K)] 131632K->70360K(383488K), 0.0045022 secs] [Times: user=0.02 sys=0.00, real=0.00 secs] 
2018-12-31T19:01:25.510+0900: 7132.036: [GC (Allocation Failure) [PSYoungGen: 63456K->1952K(64000K)] 131800K->70448K(383488K), 0.0044355 secs] [Times: user=0.03 sys=0.01, real=0.01 secs] 
2018-12-31T19:01:40.792+0900: 7147.319: [GC (Allocation Failure) [PSYoungGen: 63392K->2016K(64000K)] 131888K->70664K(383488K), 0.0048881 secs] [Times: user=0.03 sys=0.00, real=0.01 secs] 
2018-12-31T19:01:56.064+0900: 7162.591: [GC (Allocation Failure) [PSYoungGen: 63456K->1984K(64000K)] 132104K->70800K(383488K), 0.0044795 secs] [Times: user=0.03 sys=0.00, real=0.00 secs] 
2018-12-31T19:02:11.344+0900: 7177.871: [GC (Allocation Failure) [PSYoungGen: 63424K->1984K(64000K)] 132240K->70952K(383488K), 0.0046605 secs] [Times: user=0.03 sys=0.00, real=0.00 secs] 
2018-12-31T19:02:26.566+0900: 7193.093: [GC (Allocation Failure) [PSYoungGen: 63424K->2048K(64000K)] 132392K->71176K(383488K), 0.0045303 secs] [Times: user=0.03 sys=0.00, real=0.00 secs] 
2018-12-31T19:02:41.632+0900: 7208.159: [GC (Allocation Failure) [PSYoungGen: 63488K->2528K(64000K)] 132616K->71816K(383488K), 0.0048406 secs] [Times: user=0.03 sys=0.00, real=0.01 secs] 
2018-12-31T19:02:56.792+0900: 7223.319: [GC (Allocation Failure) [PSYoungGen: 63968K->2336K(64000K)] 133256K->71776K(383488K), 0.0046668 secs] [Times: user=0.03 sys=0.00, real=0.01 secs] 
2018-12-31T19:03:12.106+0900: 7238.633: [GC (Allocation Failure) [PSYoungGen: 63776K->2272K(64000K)] 133216K->71880K(383488K), 0.0045329 secs] [Times: user=0.02 sys=0.00, real=0.00 secs] 
2018-12-31T19:03:27.351+0900: 7253.878: [GC (Allocation Failure) [PSYoungGen: 63712K->2176K(64000K)] 133320K->71936K(383488K), 0.0055252 secs] [Times: user=0.03 sys=0.00, real=0.01 secs] 
2018-12-31T19:03:42.519+0900: 7269.045: [GC (Allocation Failure) [PSYoungGen: 63616K->2048K(64000K)] 133376K->71968K(383488K), 0.0043702 secs] [Times: user=0.03 sys=0.00, real=0.00 secs] 
2018-12-31T19:03:57.900+0900: 7284.427: [GC (Allocation Failure) [PSYoungGen: 63488K->1888K(64000K)] 133408K->71960K(383488K), 0.0045188 secs] [Times: user=0.03 sys=0.00, real=0.01 secs] 
2018-12-31T19:04:12.996+0900: 7299.523: [GC (Allocation Failure) [PSYoungGen: 63328K->1824K(64000K)] 133400K->72032K(383488K), 0.0040366 secs] [Times: user=0.03 sys=0.00, real=0.00 secs] 
2018-12-31T19:04:28.285+0900: 7314.812: [GC (Allocation Failure) [PSYoungGen: 63264K->1664K(64000K)] 133472K->72032K(383488K), 0.0041948 secs] [Times: user=0.02 sys=0.00, real=0.00 secs] 
2018-12-31T19:04:43.538+0900: 7330.065: [GC (Allocation Failure) [PSYoungGen: 63104K->1600K(64000K)] 133472K->72128K(383488K), 0.0040959 secs] [Times: user=0.02 sys=0.00, real=0.00 secs] 
2018-12-31T19:04:58.866+0900: 7345.393: [GC (Allocation Failure) [PSYoungGen: 63040K->1440K(64000K)] 133568K->72128K(383488K), 0.0040518 secs] [Times: user=0.02 sys=0.00, real=0.00 secs] 
2018-12-31T19:05:14.165+0900: 7360.691: [GC (Allocation Failure) [PSYoungGen: 62880K->1376K(64000K)] 133568K->72216K(383488K), 0.0040418 secs] [Times: user=0.02 sys=0.00, real=0.00 secs] 
2018-12-31T19:05:29.350+0900: 7375.876: [GC (Allocation Failure) [PSYoungGen: 62816K->1280K(64000K)] 133656K->72272K(383488K), 0.0039556 secs] [Times: user=0.02 sys=0.00, real=0.00 secs] 
2018-12-31T19:05:44.595+0900: 7391.121: [GC (Allocation Failure) [PSYoungGen: 62720K->1120K(64512K)] 133712K->72272K(384000K), 0.0040907 secs] [Times: user=0.02 sys=0.00, real=0.00 secs] 
2018-12-31T19:05:59.870+0900: 7406.396: [GC (Allocation Failure) [PSYoungGen: 62560K->1024K(64512K)] 133712K->72352K(384000K), 0.0036432 secs] [Times: user=0.02 sys=0.00, real=0.00 secs] 
2018-12-31T19:06:15.229+0900: 7421.756: [GC (Allocation Failure) [PSYoungGen: 62464K->864K(64512K)] 133792K->72352K(384000K), 0.0038122 secs] [Times: user=0.02 sys=0.00, real=0.00 secs] 
2018-12-31T19:06:30.540+0900: 7437.067: [GC (Allocation Failure) [PSYoungGen: 62304K->576K(64512K)] 133792K->72376K(384000K), 0.0052667 secs] [Times: user=0.02 sys=0.01, real=0.01 secs] 
2018-12-31T19:06:45.647+0900: 7452.173: [GC (Allocation Failure) [PSYoungGen: 62016K->736K(64512K)] 133816K->72608K(384000K), 0.0032315 secs] [Times: user=0.02 sys=0.00, real=0.00 secs] 
2018-12-31T19:07:00.864+0900: 7467.391: [GC (Allocation Failure) [PSYoungGen: 62176K->768K(64512K)] 134048K->72712K(384000K), 0.0032318 secs] [Times: user=0.01 sys=0.00, real=0.00 secs] 
2018-12-31T19:07:16.015+0900: 7482.542: [GC (Allocation Failure) [PSYoungGen: 62208K->896K(64512K)] 134152K->72912K(384000K), 0.0034552 secs] [Times: user=0.01 sys=0.00, real=0.00 secs] 
2018-12-31T19:07:31.429+0900: 7497.956: [GC (Allocation Failure) [PSYoungGen: 62336K->1056K(64512K)] 134352K->73144K(384000K), 0.0036400 secs] [Times: user=0.02 sys=0.00, real=0.00 secs] 
2018-12-31T19:07:46.650+0900: 7513.177: [GC (Allocation Failure) [PSYoungGen: 62496K->1216K(63488K)] 134584K->73376K(382976K), 0.0030227 secs] [Times: user=0.02 sys=0.00, real=0.00 secs] 
2018-12-31T19:08:01.937+0900: 7528.464: [GC (Allocation Failure) [PSYoungGen: 62656K->1216K(64000K)] 134816K->73448K(383488K), 0.0029486 secs] [Times: user=0.01 sys=0.00, real=0.00 secs] 
2018-12-31T19:08:17.006+0900: 7543.533: [GC (Allocation Failure) [PSYoungGen: 62656K->1376K(64000K)] 134888K->73680K(383488K), 0.0031907 secs] [Times: user=0.02 sys=0.00, real=0.00 secs] 
2018-12-31T19:08:32.328+0900: 7558.855: [GC (Allocation Failure) [PSYoungGen: 62816K->1472K(64000K)] 135120K->73856K(383488K), 0.0037460 secs] [Times: user=0.01 sys=0.00, real=0.00 secs] 
2018-12-31T19:08:47.615+0900: 7574.142: [GC (Allocation Failure) [PSYoungGen: 62912K->1568K(64000K)] 135296K->74032K(383488K), 0.0031735 secs] [Times: user=0.02 sys=0.00, real=0.00 secs] 
2018-12-31T19:09:02.923+0900: 7589.450: [GC (Allocation Failure) [PSYoungGen: 63008K->1664K(64000K)] 135472K->74208K(383488K), 0.0041022 secs] [Times: user=0.02 sys=0.00, real=0.01 secs] 
2018-12-31T19:09:18.244+0900: 7604.770: [GC (Allocation Failure) [PSYoungGen: 63104K->1824K(64000K)] 135648K->74448K(383488K), 0.0039006 secs] [Times: user=0.02 sys=0.00, real=0.01 secs] 
2018-12-31T19:09:33.311+0900: 7619.837: [GC (Allocation Failure) [PSYoungGen: 63264K->1824K(64000K)] 135888K->74528K(383488K), 0.0042086 secs] [Times: user=0.03 sys=0.00, real=0.01 secs] 
2018-12-31T19:09:48.547+0900: 7635.074: [GC (Allocation Failure) [PSYoungGen: 63264K->1888K(64000K)] 135968K->74680K(383488K), 0.0036884 secs] [Times: user=0.03 sys=0.00, real=0.00 secs] 
2018-12-31T19:10:03.933+0900: 7650.459: [GC (Allocation Failure) [PSYoungGen: 63328K->1952K(64000K)] 136120K->74832K(383488K), 0.0039001 secs] [Times: user=0.02 sys=0.00, real=0.01 secs] 
2018-12-31T19:10:19.248+0900: 7665.774: [GC (Allocation Failure) [PSYoungGen: 63392K->1984K(64512K)] 136272K->74960K(384000K), 0.0042991 secs] [Times: user=0.02 sys=0.00, real=0.00 secs] 
2018-12-31T19:10:34.550+0900: 7681.077: [GC (Allocation Failure) [PSYoungGen: 63424K->2080K(64512K)] 136400K->75200K(384000K), 0.0041175 secs] [Times: user=0.03 sys=0.00, real=0.01 secs] 
2018-12-31T19:10:49.615+0900: 7696.142: [GC (Allocation Failure) [PSYoungGen: 63520K->2080K(64512K)] 136640K->75352K(384000K), 0.0043156 secs] [Times: user=0.02 sys=0.00, real=0.00 secs] 
2018-12-31T19:11:04.847+0900: 7711.373: [GC (Allocation Failure) [PSYoungGen: 63520K->1984K(64512K)] 136792K->75416K(384000K), 0.0039836 secs] [Times: user=0.02 sys=0.00, real=0.00 secs] 
2018-12-31T19:11:20.073+0900: 7726.600: [GC (Allocation Failure) [PSYoungGen: 63424K->1952K(64512K)] 136856K->75536K(384000K), 0.0041829 secs] [Times: user=0.02 sys=0.00, real=0.01 secs] 
2018-12-31T19:11:35.397+0900: 7741.924: [GC (Allocation Failure) [PSYoungGen: 63392K->1984K(64512K)] 136976K->75720K(384000K), 0.0043425 secs] [Times: user=0.03 sys=0.00, real=0.00 secs] 
2018-12-31T19:11:50.650+0900: 7757.177: [GC (Allocation Failure) [PSYoungGen: 63424K->2016K(64512K)] 137160K->75912K(384000K), 0.0046135 secs] [Times: user=0.02 sys=0.00, real=0.01 secs] 
2018-12-31T19:12:05.913+0900: 7772.440: [GC (Allocation Failure) [PSYoungGen: 63456K->2016K(64512K)] 137352K->76072K(384000K), 0.0046157 secs] [Times: user=0.03 sys=0.00, real=0.01 secs] 
2018-12-31T19:12:20.980+0900: 7787.507: [GC (Allocation Failure) [PSYoungGen: 63456K->2048K(64512K)] 137512K->76272K(384000K), 0.0047291 secs] [Times: user=0.03 sys=0.00, real=0.01 secs] 
2018-12-31T19:12:36.325+0900: 7802.852: [GC (Allocation Failure) [PSYoungGen: 63488K->1952K(64512K)] 137712K->76336K(384000K), 0.0042019 secs] [Times: user=0.03 sys=0.00, real=0.00 secs] 
2018-12-31T19:12:51.647+0900: 7818.173: [GC (Allocation Failure) [PSYoungGen: 63392K->1952K(64512K)] 137776K->76496K(384000K), 0.0042453 secs] [Times: user=0.03 sys=0.00, real=0.00 secs] 
2018-12-31T19:13:06.972+0900: 7833.499: [GC (Allocation Failure) [PSYoungGen: 63392K->1920K(64512K)] 137936K->76624K(384000K), 0.0039632 secs] [Times: user=0.03 sys=0.00, real=0.01 secs] 
2018-12-31T19:13:22.223+0900: 7848.750: [GC (Allocation Failure) [PSYoungGen: 63360K->1984K(63488K)] 138064K->76848K(382976K), 0.0040672 secs] [Times: user=0.02 sys=0.00, real=0.01 secs] 
2018-12-31T19:13:37.424+0900: 7863.951: [GC (Allocation Failure) [PSYoungGen: 63424K->2048K(64000K)] 138288K->77080K(383488K), 0.0046433 secs] [Times: user=0.03 sys=0.00, real=0.00 secs] 
2018-12-31T19:13:52.674+0900: 7879.201: [GC (Allocation Failure) [PSYoungGen: 63488K->2016K(64000K)] 138520K->77216K(383488K), 0.0045273 secs] [Times: user=0.03 sys=0.00, real=0.00 secs] 
2018-12-31T19:14:08.005+0900: 7894.531: [GC (Allocation Failure) [PSYoungGen: 63456K->2016K(64000K)] 138656K->77360K(383488K), 0.0047888 secs] [Times: user=0.03 sys=0.00, real=0.00 secs] 
2018-12-31T19:14:23.315+0900: 7909.841: [GC (Allocation Failure) [PSYoungGen: 63456K->1984K(64000K)] 138800K->77496K(383488K), 0.0042970 secs] [Times: user=0.03 sys=0.00, real=0.00 secs] 
2018-12-31T19:14:38.524+0900: 7925.051: [GC (Allocation Failure) [PSYoungGen: 63424K->2016K(64000K)] 138936K->77688K(383488K), 0.0044012 secs] [Times: user=0.03 sys=0.00, real=0.00 secs] 
2018-12-31T19:14:53.590+0900: 7940.116: [GC (Allocation Failure) [PSYoungGen: 63456K->2048K(64000K)] 139128K->77896K(383488K), 0.0056251 secs] [Times: user=0.04 sys=0.00, real=0.01 secs] 
2018-12-31T19:15:08.991+0900: 7955.518: [GC (Allocation Failure) [PSYoungGen: 63488K->2016K(64000K)] 139336K->78024K(383488K), 0.0044714 secs] [Times: user=0.03 sys=0.00, real=0.01 secs] 
2018-12-31T19:15:24.315+0900: 7970.842: [GC (Allocation Failure) [PSYoungGen: 63456K->1984K(64000K)] 139464K->78152K(383488K), 0.0044586 secs] [Times: user=0.02 sys=0.00, real=0.00 secs] 
2018-12-31T19:15:39.650+0900: 7986.176: [GC (Allocation Failure) [PSYoungGen: 63424K->2016K(64000K)] 139592K->78352K(383488K), 0.0045108 secs] [Times: user=0.03 sys=0.00, real=0.01 secs] 
2018-12-31T19:15:54.831+0900: 8001.358: [GC (Allocation Failure) [PSYoungGen: 63456K->2048K(64000K)] 139792K->78544K(383488K), 0.0044737 secs] [Times: user=0.03 sys=0.00, real=0.01 secs] 
2018-12-31T19:16:10.074+0900: 8016.601: [GC (Allocation Failure) [PSYoungGen: 63488K->2016K(64000K)] 139984K->78656K(383488K), 0.0047018 secs] [Times: user=0.02 sys=0.00, real=0.00 secs] 
2018-12-31T19:16:25.595+0900: 8032.121: [GC (Allocation Failure) [PSYoungGen: 63456K->2016K(64000K)] 140096K->78808K(383488K), 0.0045217 secs] [Times: user=0.02 sys=0.00, real=0.00 secs] 
2018-12-31T19:16:40.978+0900: 8047.504: [GC (Allocation Failure) [PSYoungGen: 63456K->2016K(64000K)] 140248K->78968K(383488K), 0.0044061 secs] [Times: user=0.03 sys=0.00, real=0.00 secs] 
2018-12-31T19:16:56.075+0900: 8062.602: [GC (Allocation Failure) [PSYoungGen: 63456K->2112K(64000K)] 140408K->79224K(383488K), 0.0047380 secs] [Times: user=0.02 sys=0.00, real=0.00 secs] 
2018-12-31T19:17:11.359+0900: 8077.886: [GC (Allocation Failure) [PSYoungGen: 63552K->1984K(64000K)] 140664K->79256K(383488K), 0.0045901 secs] [Times: user=0.03 sys=0.00, real=0.01 secs] 
2018-12-31T19:17:26.683+0900: 8093.210: [GC (Allocation Failure) [PSYoungGen: 63424K->1984K(64000K)] 140696K->79408K(383488K), 0.0049211 secs] [Times: user=0.03 sys=0.00, real=0.01 secs] 
2018-12-31T19:17:41.989+0900: 8108.516: [GC (Allocation Failure) [PSYoungGen: 63424K->2048K(64000K)] 140848K->79632K(383488K), 0.0043478 secs] [Times: user=0.03 sys=0.00, real=0.00 secs] 
2018-12-31T19:17:57.313+0900: 8123.840: [GC (Allocation Failure) [PSYoungGen: 63488K->1984K(64000K)] 141072K->79720K(383488K), 0.0047448 secs] [Times: user=0.03 sys=0.00, real=0.01 secs] 
2018-12-31T19:18:12.378+0900: 8138.905: [GC (Allocation Failure) [PSYoungGen: 63424K->2048K(64000K)] 141160K->79944K(383488K), 0.0048412 secs] [Times: user=0.03 sys=0.00, real=0.00 secs] 
2018-12-31T19:18:27.614+0900: 8154.141: [GC (Allocation Failure) [PSYoungGen: 63488K->2016K(64000K)] 141384K->80072K(383488K), 0.0044537 secs] [Times: user=0.03 sys=0.00, real=0.00 secs] 
2018-12-31T19:18:42.853+0900: 8169.379: [GC (Allocation Failure) [PSYoungGen: 63456K->1984K(64000K)] 141512K->80192K(383488K), 0.0047130 secs] [Times: user=0.02 sys=0.00, real=0.01 secs] 
2018-12-31T19:18:58.209+0900: 8184.735: [GC (Allocation Failure) [PSYoungGen: 63424K->2016K(64000K)] 141632K->80376K(383488K), 0.0045712 secs] [Times: user=0.03 sys=0.00, real=0.00 secs] 
2018-12-31T19:19:13.489+0900: 8200.016: [GC (Allocation Failure) [PSYoungGen: 63456K->2016K(64000K)] 141816K->80528K(383488K), 0.0045949 secs] [Times: user=0.03 sys=0.00, real=0.01 secs] 
2018-12-31T19:19:28.682+0900: 8215.209: [GC (Allocation Failure) [PSYoungGen: 63456K->2080K(64000K)] 141968K->80752K(383488K), 0.0048814 secs] [Times: user=0.03 sys=0.00, real=0.01 secs] 
2018-12-31T19:19:43.922+0900: 8230.449: [GC (Allocation Failure) [PSYoungGen: 63520K->2048K(64000K)] 142192K->80872K(383488K), 0.0044197 secs] [Times: user=0.03 sys=0.00, real=0.01 secs] 
2018-12-31T19:19:59.164+0900: 8245.691: [GC (Allocation Failure) [PSYoungGen: 63488K->2048K(64000K)] 142312K->81024K(383488K), 0.0050926 secs] [Times: user=0.03 sys=0.00, real=0.00 secs] 
2018-12-31T19:20:14.522+0900: 8261.049: [GC (Allocation Failure) [PSYoungGen: 63488K->1984K(64000K)] 142464K->81112K(383488K), 0.0047017 secs] [Times: user=0.02 sys=0.00, real=0.01 secs] 
2018-12-31T19:20:29.925+0900: 8276.451: [GC (Allocation Failure) [PSYoungGen: 63424K->2016K(64000K)] 142552K->81304K(383488K), 0.0047259 secs] [Times: user=0.03 sys=0.00, real=0.00 secs] 
2018-12-31T19:20:44.992+0900: 8291.518: [GC (Allocation Failure) [PSYoungGen: 63456K->2048K(64000K)] 142744K->81496K(383488K), 0.0044892 secs] [Times: user=0.03 sys=0.00, real=0.01 secs] 
2018-12-31T19:21:00.262+0900: 8306.789: [GC (Allocation Failure) [PSYoungGen: 63488K->1984K(64000K)] 142936K->81592K(383488K), 0.0046041 secs] [Times: user=0.03 sys=0.00, real=0.01 secs] 
2018-12-31T19:21:15.556+0900: 8322.083: [GC (Allocation Failure) [PSYoungGen: 63424K->1984K(64000K)] 143032K->81760K(383488K), 0.0047214 secs] [Times: user=0.03 sys=0.00, real=0.00 secs] 
2018-12-31T19:21:30.972+0900: 8337.499: [GC (Allocation Failure) [PSYoungGen: 63424K->1984K(64000K)] 143200K->81928K(383488K), 0.0052664 secs] [Times: user=0.03 sys=0.00, real=0.01 secs] 
2018-12-31T19:21:46.225+0900: 8352.752: [GC (Allocation Failure) [PSYoungGen: 63424K->1984K(64000K)] 143368K->82104K(383488K), 0.0042393 secs] [Times: user=0.03 sys=0.00, real=0.00 secs] 
2018-12-31T19:22:01.293+0900: 8367.820: [GC (Allocation Failure) [PSYoungGen: 63424K->1952K(64000K)] 143544K->82232K(383488K), 0.0044523 secs] [Times: user=0.03 sys=0.00, real=0.01 secs] 
2018-12-31T19:22:16.594+0900: 8383.121: [GC (Allocation Failure) [PSYoungGen: 63392K->1984K(64000K)] 143672K->82416K(383488K), 0.0046666 secs] [Times: user=0.03 sys=0.00, real=0.00 secs] 
2018-12-31T19:22:31.981+0900: 8398.508: [GC (Allocation Failure) [PSYoungGen: 63424K->1984K(64000K)] 143856K->82568K(383488K), 0.0046561 secs] [Times: user=0.03 sys=0.00, real=0.01 secs] 
2018-12-31T19:22:47.231+0900: 8413.758: [GC (Allocation Failure) [PSYoungGen: 63424K->1952K(64000K)] 144008K->82696K(383488K), 0.0044479 secs] [Times: user=0.02 sys=0.00, real=0.01 secs] 
2018-12-31T19:23:02.532+0900: 8429.059: [GC (Allocation Failure) [PSYoungGen: 63392K->2080K(64000K)] 144136K->82976K(383488K), 0.0043225 secs] [Times: user=0.03 sys=0.00, real=0.01 secs] 
2018-12-31T19:23:17.770+0900: 8444.297: [GC (Allocation Failure) [PSYoungGen: 63520K->2016K(64000K)] 144416K->83072K(383488K), 0.0043537 secs] [Times: user=0.03 sys=0.00, real=0.01 secs] 
2018-12-31T19:23:33.111+0900: 8459.638: [GC (Allocation Failure) [PSYoungGen: 63456K->1984K(64000K)] 144512K->83200K(383488K), 0.0046198 secs] [Times: user=0.02 sys=0.00, real=0.01 secs] 
2018-12-31T19:23:48.402+0900: 8474.928: [GC (Allocation Failure) [PSYoungGen: 63424K->2016K(64000K)] 144640K->83384K(383488K), 0.0040816 secs] [Times: user=0.02 sys=0.00, real=0.01 secs] 
2018-12-31T19:24:03.749+0900: 8490.276: [GC (Allocation Failure) [PSYoungGen: 63456K->1952K(64000K)] 144824K->83472K(383488K), 0.0043744 secs] [Times: user=0.03 sys=0.00, real=0.00 secs] 
2018-12-31T19:24:18.838+0900: 8505.365: [GC (Allocation Failure) [PSYoungGen: 63392K->2048K(64000K)] 144912K->83736K(383488K), 0.0042338 secs] [Times: user=0.03 sys=0.00, real=0.00 secs] 
2018-12-31T19:24:34.092+0900: 8520.619: [GC (Allocation Failure) [PSYoungGen: 63488K->1984K(64000K)] 145176K->83816K(383488K), 0.0048043 secs] [Times: user=0.03 sys=0.00, real=0.01 secs] 
2018-12-31T19:24:49.367+0900: 8535.894: [GC (Allocation Failure) [PSYoungGen: 63424K->2048K(64000K)] 145256K->84024K(383488K), 0.0053381 secs] [Times: user=0.03 sys=0.00, real=0.00 secs] 
2018-12-31T19:25:04.682+0900: 8551.209: [GC (Allocation Failure) [PSYoungGen: 63488K->1984K(64000K)] 145464K->84120K(383488K), 0.0050058 secs] [Times: user=0.03 sys=0.00, real=0.01 secs] 
2018-12-31T19:25:20.062+0900: 8566.589: [GC (Allocation Failure) [PSYoungGen: 63424K->1984K(64000K)] 145560K->84272K(383488K), 0.0046269 secs] [Times: user=0.02 sys=0.00, real=0.01 secs] 
2018-12-31T19:25:35.140+0900: 8581.667: [GC (Allocation Failure) [PSYoungGen: 63424K->1984K(64000K)] 145712K->84432K(383488K), 0.0047424 secs] [Times: user=0.03 sys=0.00, real=0.01 secs] 
2018-12-31T19:25:50.373+0900: 8596.899: [GC (Allocation Failure) [PSYoungGen: 63424K->2016K(64000K)] 145872K->84616K(383488K), 0.0047240 secs] [Times: user=0.02 sys=0.00, real=0.01 secs] 
2018-12-31T19:26:05.705+0900: 8612.232: [GC (Allocation Failure) [PSYoungGen: 63456K->1984K(64000K)] 146056K->84744K(383488K), 0.0046555 secs] [Times: user=0.03 sys=0.00, real=0.00 secs] 
2018-12-31T19:26:20.970+0900: 8627.497: [GC (Allocation Failure) [PSYoungGen: 63424K->1984K(64000K)] 146184K->84896K(383488K), 0.0047373 secs] [Times: user=0.03 sys=0.00, real=0.01 secs] 
2018-12-31T19:26:36.358+0900: 8642.885: [GC (Allocation Failure) [PSYoungGen: 63424K->1952K(64000K)] 146336K->85016K(383488K), 0.0048657 secs] [Times: user=0.03 sys=0.00, real=0.00 secs] 
2018-12-31T19:26:51.443+0900: 8657.970: [GC (Allocation Failure) [PSYoungGen: 63392K->2016K(64000K)] 146456K->85256K(383488K), 0.0044354 secs] [Times: user=0.03 sys=0.00, real=0.01 secs] 
2018-12-31T19:27:06.674+0900: 8673.201: [GC (Allocation Failure) [PSYoungGen: 63456K->1984K(64000K)] 146696K->85368K(383488K), 0.0046252 secs] [Times: user=0.03 sys=0.00, real=0.00 secs] 
2018-12-31T19:27:22.038+0900: 8688.565: [GC (Allocation Failure) [PSYoungGen: 63424K->2048K(64000K)] 146808K->85592K(383488K), 0.0044690 secs] [Times: user=0.02 sys=0.00, real=0.00 secs] 
2018-12-31T19:27:37.300+0900: 8703.827: [GC (Allocation Failure) [PSYoungGen: 63488K->2016K(64000K)] 147032K->85720K(383488K), 0.0045132 secs] [Times: user=0.03 sys=0.00, real=0.01 secs] 
2018-12-31T19:27:52.525+0900: 8719.051: [GC (Allocation Failure) [PSYoungGen: 63456K->2048K(64000K)] 147160K->85904K(383488K), 0.0043926 secs] [Times: user=0.03 sys=0.00, real=0.00 secs] 
2018-12-31T19:28:07.747+0900: 8734.273: [GC (Allocation Failure) [PSYoungGen: 63488K->2016K(64000K)] 147344K->86040K(383488K), 0.0051399 secs] [Times: user=0.03 sys=0.00, real=0.00 secs] 
2018-12-31T19:28:23.012+0900: 8749.539: [GC (Allocation Failure) [PSYoungGen: 63456K->2016K(64000K)] 147480K->86200K(383488K), 0.0046880 secs] [Times: user=0.03 sys=0.00, real=0.01 secs] 
2018-12-31T19:28:38.326+0900: 8764.853: [GC (Allocation Failure) [PSYoungGen: 63456K->2016K(64000K)] 147640K->86352K(383488K), 0.0047865 secs] [Times: user=0.03 sys=0.00, real=0.00 secs] 
2018-12-31T19:28:53.555+0900: 8780.081: [GC (Allocation Failure) [PSYoungGen: 63456K->2016K(64000K)] 147792K->86512K(383488K), 0.0046218 secs] [Times: user=0.03 sys=0.00, real=0.00 secs] 
2018-12-31T19:29:08.925+0900: 8795.452: [GC (Allocation Failure) [PSYoungGen: 63456K->2112K(64000K)] 147952K->86776K(383488K), 0.0046581 secs] [Times: user=0.03 sys=0.00, real=0.00 secs] 
2018-12-31T19:29:24.075+0900: 8810.602: [GC (Allocation Failure) [PSYoungGen: 63552K->2080K(64000K)] 148216K->86904K(383488K), 0.0048795 secs] [Times: user=0.03 sys=0.00, real=0.00 secs] 
2018-12-31T19:29:39.324+0900: 8825.851: [GC (Allocation Failure) [PSYoungGen: 63520K->2048K(64000K)] 148344K->87032K(383488K), 0.0046045 secs] [Times: user=0.03 sys=0.00, real=0.00 secs] 
2018-12-31T19:29:54.571+0900: 8841.098: [GC (Allocation Failure) [PSYoungGen: 63488K->2016K(64000K)] 148472K->87168K(383488K), 0.0044168 secs] [Times: user=0.03 sys=0.00, real=0.01 secs] 
2018-12-31T19:30:09.915+0900: 8856.441: [GC (Allocation Failure) [PSYoungGen: 63456K->2016K(64000K)] 148608K->87336K(383488K), 0.0043919 secs] [Times: user=0.03 sys=0.00, real=0.00 secs] 
2018-12-31T19:30:25.121+0900: 8871.648: [GC (Allocation Failure) [PSYoungGen: 63456K->1984K(64000K)] 148776K->87464K(383488K), 0.0043348 secs] [Times: user=0.03 sys=0.00, real=0.01 secs] 
2018-12-31T19:30:40.350+0900: 8886.877: [GC (Allocation Failure) [PSYoungGen: 63424K->1984K(64000K)] 148904K->87616K(383488K), 0.0048247 secs] [Times: user=0.03 sys=0.00, real=0.01 secs] 
2018-12-31T19:30:55.459+0900: 8901.985: [GC (Allocation Failure) [PSYoungGen: 63424K->2016K(64000K)] 149056K->87808K(383488K), 0.0047464 secs] [Times: user=0.03 sys=0.00, real=0.00 secs] 
2018-12-31T19:31:10.813+0900: 8917.340: [GC (Allocation Failure) [PSYoungGen: 63456K->2016K(64000K)] 149248K->87960K(383488K), 0.0049647 secs] [Times: user=0.03 sys=0.00, real=0.01 secs] 
2018-12-31T19:31:26.120+0900: 8932.647: [GC (Allocation Failure) [PSYoungGen: 63456K->2016K(64000K)] 149400K->88112K(383488K), 0.0046133 secs] [Times: user=0.03 sys=0.00, real=0.01 secs] 
2018-12-31T19:31:41.408+0900: 8947.934: [GC (Allocation Failure) [PSYoungGen: 63456K->2048K(64000K)] 149552K->88304K(383488K), 0.0041129 secs] [Times: user=0.03 sys=0.00, real=0.00 secs] 
2018-12-31T19:31:56.703+0900: 8963.229: [GC (Allocation Failure) [PSYoungGen: 63488K->1984K(64000K)] 149744K->88400K(383488K), 0.0045582 secs] [Times: user=0.02 sys=0.00, real=0.01 secs] 
2018-12-31T19:32:11.996+0900: 8978.523: [GC (Allocation Failure) [PSYoungGen: 63424K->2016K(64000K)] 149840K->88592K(383488K), 0.0041826 secs] [Times: user=0.02 sys=0.00, real=0.00 secs] 
2018-12-31T19:32:27.370+0900: 8993.897: [GC (Allocation Failure) [PSYoungGen: 63456K->2016K(64000K)] 150032K->88760K(383488K), 0.0043897 secs] [Times: user=0.02 sys=0.00, real=0.01 secs] 
2018-12-31T19:32:42.726+0900: 9009.253: [GC (Allocation Failure) [PSYoungGen: 63456K->1952K(64000K)] 150200K->88856K(383488K), 0.0047675 secs] [Times: user=0.03 sys=0.00, real=0.00 secs] 
2018-12-31T19:32:57.943+0900: 9024.470: [GC (Allocation Failure) [PSYoungGen: 63392K->2016K(64000K)] 150296K->89080K(383488K), 0.0045533 secs] [Times: user=0.03 sys=0.00, real=0.01 secs] 
2018-12-31T19:33:13.179+0900: 9039.706: [GC (Allocation Failure) [PSYoungGen: 63456K->1952K(64000K)] 150520K->89176K(383488K), 0.0046003 secs] [Times: user=0.03 sys=0.00, real=0.00 secs] 
2018-12-31T19:33:28.641+0900: 9055.167: [GC (Allocation Failure) [PSYoungGen: 63392K->2016K(64000K)] 150616K->89400K(383488K), 0.0044570 secs] [Times: user=0.03 sys=0.00, real=0.01 secs] 
2018-12-31T19:33:43.764+0900: 9070.291: [GC (Allocation Failure) [PSYoungGen: 63456K->1984K(64000K)] 150840K->89528K(383488K), 0.0046927 secs] [Times: user=0.03 sys=0.00, real=0.00 secs] 
2018-12-31T19:33:59.036+0900: 9085.563: [GC (Allocation Failure) [PSYoungGen: 63424K->1984K(64000K)] 150968K->89680K(383488K), 0.0046814 secs] [Times: user=0.03 sys=0.00, real=0.00 secs] 
2018-12-31T19:34:14.245+0900: 9100.771: [GC (Allocation Failure) [PSYoungGen: 63424K->1984K(64000K)] 151120K->89840K(383488K), 0.0047923 secs] [Times: user=0.03 sys=0.00, real=0.00 secs] 
2018-12-31T19:34:29.432+0900: 9115.959: [GC (Allocation Failure) [PSYoungGen: 63424K->2016K(64000K)] 151280K->90016K(383488K), 0.0046756 secs] [Times: user=0.03 sys=0.00, real=0.01 secs] 
2018-12-31T19:34:44.715+0900: 9131.242: [GC (Allocation Failure) [PSYoungGen: 63456K->2016K(64000K)] 151456K->90176K(383488K), 0.0045075 secs] [Times: user=0.03 sys=0.01, real=0.00 secs] 
2018-12-31T19:35:00.067+0900: 9146.594: [GC (Allocation Failure) [PSYoungGen: 63456K->2016K(64000K)] 151616K->90328K(383488K), 0.0043804 secs] [Times: user=0.03 sys=0.00, real=0.00 secs] 
2018-12-31T19:35:15.411+0900: 9161.937: [GC (Allocation Failure) [PSYoungGen: 63456K->2016K(64000K)] 151768K->90480K(383488K), 0.0048020 secs] [Times: user=0.02 sys=0.00, real=0.01 secs] 
2018-12-31T19:35:30.553+0900: 9177.080: [GC (Allocation Failure) [PSYoungGen: 63456K->2016K(64000K)] 151920K->90632K(383488K), 0.0040537 secs] [Times: user=0.02 sys=0.00, real=0.01 secs] 
2018-12-31T19:35:45.753+0900: 9192.280: [GC (Allocation Failure) [PSYoungGen: 63456K->2016K(64000K)] 152072K->90784K(383488K), 0.0045105 secs] [Times: user=0.03 sys=0.00, real=0.01 secs] 
2018-12-31T19:36:01.090+0900: 9207.617: [GC (Allocation Failure) [PSYoungGen: 63456K->2016K(64000K)] 152224K->90952K(383488K), 0.0045449 secs] [Times: user=0.03 sys=0.00, real=0.01 secs] 
2018-12-31T19:36:16.382+0900: 9222.909: [GC (Allocation Failure) [PSYoungGen: 63456K->2016K(64000K)] 152392K->91128K(383488K), 0.0044114 secs] [Times: user=0.03 sys=0.00, real=0.01 secs] 
2018-12-31T19:36:31.753+0900: 9238.279: [GC (Allocation Failure) [PSYoungGen: 63456K->1984K(64000K)] 152568K->91264K(383488K), 0.0044683 secs] [Times: user=0.03 sys=0.00, real=0.01 secs] 
2018-12-31T19:36:46.853+0900: 9253.380: [GC (Allocation Failure) [PSYoungGen: 63424K->2016K(64000K)] 152704K->91448K(383488K), 0.0048396 secs] [Times: user=0.03 sys=0.00, real=0.01 secs] 
2018-12-31T19:37:02.116+0900: 9268.642: [GC (Allocation Failure) [PSYoungGen: 63456K->1984K(64000K)] 152888K->91584K(383488K), 0.0048867 secs] [Times: user=0.04 sys=0.00, real=0.00 secs] 
2018-12-31T19:37:17.487+0900: 9284.013: [GC (Allocation Failure) [PSYoungGen: 63424K->2016K(64000K)] 153024K->91768K(383488K), 0.0045660 secs] [Times: user=0.03 sys=0.00, real=0.00 secs] 
2018-12-31T19:37:32.946+0900: 9299.473: [GC (Allocation Failure) [PSYoungGen: 63456K->1984K(64000K)] 153208K->91888K(383488K), 0.0042488 secs] [Times: user=0.03 sys=0.00, real=0.00 secs] 
2018-12-31T19:37:48.099+0900: 9314.626: [GC (Allocation Failure) [PSYoungGen: 63424K->2048K(64000K)] 153328K->92104K(383488K), 0.0048110 secs] [Times: user=0.03 sys=0.00, real=0.01 secs] 
2018-12-31T19:38:03.248+0900: 9329.775: [GC (Allocation Failure) [PSYoungGen: 63488K->1952K(64000K)] 153544K->92168K(383488K), 0.0055092 secs] [Times: user=0.03 sys=0.00, real=0.00 secs] 
2018-12-31T19:38:18.595+0900: 9345.122: [GC (Allocation Failure) [PSYoungGen: 63392K->2016K(64000K)] 153608K->92392K(383488K), 0.0045758 secs] [Times: user=0.02 sys=0.00, real=0.00 secs] 
2018-12-31T19:38:33.925+0900: 9360.451: [GC (Allocation Failure) [PSYoungGen: 63456K->1984K(64000K)] 153832K->92528K(383488K), 0.0046690 secs] [Times: user=0.03 sys=0.00, real=0.00 secs] 
2018-12-31T19:38:49.230+0900: 9375.756: [GC (Allocation Failure) [PSYoungGen: 63424K->2016K(64000K)] 153968K->92728K(383488K), 0.0046345 secs] [Times: user=0.04 sys=0.00, real=0.01 secs] 
2018-12-31T19:39:04.403+0900: 9390.930: [GC (Allocation Failure) [PSYoungGen: 63456K->2048K(64000K)] 154168K->92920K(383488K), 0.0046888 secs] [Times: user=0.03 sys=0.00, real=0.01 secs] 
2018-12-31T19:39:19.653+0900: 9406.180: [GC (Allocation Failure) [PSYoungGen: 63488K->2048K(64000K)] 154360K->93064K(383488K), 0.0044579 secs] [Times: user=0.03 sys=0.00, real=0.01 secs] 
2018-12-31T19:39:34.978+0900: 9421.504: [GC (Allocation Failure) [PSYoungGen: 63488K->1984K(64000K)] 154504K->93152K(383488K), 0.0048002 secs] [Times: user=0.03 sys=0.00, real=0.00 secs] 
2018-12-31T19:39:50.272+0900: 9436.799: [GC (Allocation Failure) [PSYoungGen: 63424K->2016K(64000K)] 154592K->93336K(383488K), 0.0045552 secs] [Times: user=0.03 sys=0.00, real=0.01 secs] 
2018-12-31T19:40:05.604+0900: 9452.131: [GC (Allocation Failure) [PSYoungGen: 63456K->1952K(64000K)] 154776K->93432K(383488K), 0.0045739 secs] [Times: user=0.03 sys=0.00, real=0.00 secs] 
2018-12-31T19:40:20.705+0900: 9467.232: [GC (Allocation Failure) [PSYoungGen: 63392K->2080K(64000K)] 154872K->93720K(383488K), 0.0048781 secs] [Times: user=0.03 sys=0.00, real=0.00 secs] 
2018-12-31T19:40:35.957+0900: 9482.484: [GC (Allocation Failure) [PSYoungGen: 63520K->1984K(64000K)] 155160K->93768K(383488K), 0.0043193 secs] [Times: user=0.03 sys=0.00, real=0.00 secs] 
2018-12-31T19:40:51.304+0900: 9497.831: [GC (Allocation Failure) [PSYoungGen: 63424K->1984K(64000K)] 155208K->93920K(383488K), 0.0042709 secs] [Times: user=0.03 sys=0.00, real=0.00 secs] 
2018-12-31T19:41:06.582+0900: 9513.109: [GC (Allocation Failure) [PSYoungGen: 63424K->2016K(64000K)] 155360K->94096K(383488K), 0.0045701 secs] [Times: user=0.03 sys=0.00, real=0.01 secs] 
2018-12-31T19:41:21.976+0900: 9528.503: [GC (Allocation Failure) [PSYoungGen: 63456K->2048K(64000K)] 155536K->94288K(383488K), 0.0057263 secs] [Times: user=0.04 sys=0.01, real=0.00 secs] 
2018-12-31T19:41:37.250+0900: 9543.776: [GC (Allocation Failure) [PSYoungGen: 63488K->2048K(64000K)] 155728K->94448K(383488K), 0.0046009 secs] [Times: user=0.02 sys=0.00, real=0.01 secs] 
2018-12-31T19:41:52.509+0900: 9559.036: [GC (Allocation Failure) [PSYoungGen: 63488K->1984K(64000K)] 155888K->94536K(383488K), 0.0046948 secs] [Times: user=0.03 sys=0.00, real=0.01 secs] 
2018-12-31T19:42:07.873+0900: 9574.400: [GC (Allocation Failure) [PSYoungGen: 63424K->2048K(64000K)] 155976K->94760K(383488K), 0.0048743 secs] [Times: user=0.03 sys=0.00, real=0.01 secs] 
2018-12-31T19:42:23.222+0900: 9589.749: [GC (Allocation Failure) [PSYoungGen: 63488K->2048K(64000K)] 156200K->94920K(383488K), 0.0046943 secs] [Times: user=0.03 sys=0.00, real=0.01 secs] 
2018-12-31T19:42:38.517+0900: 9605.044: [GC (Allocation Failure) [PSYoungGen: 63488K->1984K(64000K)] 156360K->95024K(383488K), 0.0049567 secs] [Times: user=0.03 sys=0.00, real=0.00 secs] 
2018-12-31T19:42:53.851+0900: 9620.378: [GC (Allocation Failure) [PSYoungGen: 63424K->1984K(64000K)] 156464K->95176K(383488K), 0.0047133 secs] [Times: user=0.03 sys=0.00, real=0.01 secs] 
2018-12-31T19:43:09.227+0900: 9635.753: [GC (Allocation Failure) [PSYoungGen: 63424K->2080K(64000K)] 156616K->95440K(383488K), 0.0048502 secs] [Times: user=0.03 sys=0.00, real=0.00 secs] 
2018-12-31T19:43:24.469+0900: 9650.995: [GC (Allocation Failure) [PSYoungGen: 63520K->1984K(64000K)] 156880K->95504K(383488K), 0.0043843 secs] [Times: user=0.03 sys=0.00, real=0.00 secs] 
2018-12-31T19:43:39.766+0900: 9666.292: [GC (Allocation Failure) [PSYoungGen: 63424K->2016K(64000K)] 156944K->95696K(383488K), 0.0046788 secs] [Times: user=0.03 sys=0.00, real=0.00 secs] 
2018-12-31T19:43:55.048+0900: 9681.575: [GC (Allocation Failure) [PSYoungGen: 63456K->1984K(64000K)] 157136K->95832K(383488K), 0.0048716 secs] [Times: user=0.04 sys=0.00, real=0.00 secs] 
2018-12-31T19:44:10.463+0900: 9696.990: [GC (Allocation Failure) [PSYoungGen: 63424K->2016K(64000K)] 157272K->96016K(383488K), 0.0045529 secs] [Times: user=0.03 sys=0.00, real=0.01 secs] 
2018-12-31T19:44:25.714+0900: 9712.240: [GC (Allocation Failure) [PSYoungGen: 63456K->2048K(64000K)] 157456K->96208K(383488K), 0.0048971 secs] [Times: user=0.03 sys=0.00, real=0.00 secs] 
2018-12-31T19:44:41.033+0900: 9727.560: [GC (Allocation Failure) [PSYoungGen: 63488K->1952K(64000K)] 157648K->96264K(383488K), 0.0051206 secs] [Times: user=0.03 sys=0.00, real=0.01 secs] 
2018-12-31T19:44:56.352+0900: 9742.879: [GC (Allocation Failure) [PSYoungGen: 63392K->2048K(64000K)] 157704K->96504K(383488K), 0.0048551 secs] [Times: user=0.03 sys=0.00, real=0.01 secs] 
2018-12-31T19:45:11.694+0900: 9758.221: [GC (Allocation Failure) [PSYoungGen: 63488K->1984K(64000K)] 157944K->96600K(383488K), 0.0047257 secs] [Times: user=0.03 sys=0.00, real=0.00 secs] 
2018-12-31T19:45:26.959+0900: 9773.486: [GC (Allocation Failure) [PSYoungGen: 63424K->2080K(64000K)] 158040K->96848K(383488K), 0.0048415 secs] [Times: user=0.03 sys=0.00, real=0.01 secs] 
2018-12-31T19:45:42.221+0900: 9788.748: [GC (Allocation Failure) [PSYoungGen: 63520K->1984K(64000K)] 158288K->96912K(383488K), 0.0044140 secs] [Times: user=0.03 sys=0.00, real=0.01 secs] 
2018-12-31T19:45:57.550+0900: 9804.077: [GC (Allocation Failure) [PSYoungGen: 63424K->2048K(64000K)] 158352K->97136K(383488K), 0.0042961 secs] [Times: user=0.02 sys=0.00, real=0.01 secs] 
2018-12-31T19:46:12.813+0900: 9819.339: [GC (Allocation Failure) [PSYoungGen: 63488K->1952K(64000K)] 158576K->97200K(383488K), 0.0049122 secs] [Times: user=0.03 sys=0.00, real=0.01 secs] 
2018-12-31T19:46:28.159+0900: 9834.686: [GC (Allocation Failure) [PSYoungGen: 63392K->1984K(64000K)] 158640K->97384K(383488K), 0.0046555 secs] [Times: user=0.03 sys=0.00, real=0.01 secs] 
2018-12-31T19:46:43.266+0900: 9849.793: [GC (Allocation Failure) [PSYoungGen: 63424K->2048K(64000K)] 158824K->97608K(383488K), 0.0043214 secs] [Times: user=0.03 sys=0.00, real=0.00 secs] 
2018-12-31T19:46:58.621+0900: 9865.147: [GC (Allocation Failure) [PSYoungGen: 63488K->2016K(64000K)] 159048K->97744K(383488K), 0.0048595 secs] [Times: user=0.03 sys=0.00, real=0.01 secs] 
2018-12-31T19:47:13.978+0900: 9880.505: [GC (Allocation Failure) [PSYoungGen: 63456K->1984K(64000K)] 159184K->97864K(383488K), 0.0044928 secs] [Times: user=0.03 sys=0.00, real=0.00 secs] 
2018-12-31T19:47:29.311+0900: 9895.838: [GC (Allocation Failure) [PSYoungGen: 63424K->2016K(64000K)] 159304K->98048K(383488K), 0.0046122 secs] [Times: user=0.03 sys=0.00, real=0.01 secs] 
2018-12-31T19:47:44.511+0900: 9911.037: [GC (Allocation Failure) [PSYoungGen: 63456K->2016K(64000K)] 159488K->98200K(383488K), 0.0045883 secs] [Times: user=0.03 sys=0.00, real=0.01 secs] 
2018-12-31T19:47:59.856+0900: 9926.382: [GC (Allocation Failure) [PSYoungGen: 63456K->2048K(64000K)] 159640K->98384K(383488K), 0.0050047 secs] [Times: user=0.04 sys=0.01, real=0.00 secs] 
2018-12-31T19:48:15.162+0900: 9941.688: [GC (Allocation Failure) [PSYoungGen: 63488K->1984K(64000K)] 159824K->98472K(383488K), 0.0047823 secs] [Times: user=0.03 sys=0.00, real=0.01 secs] 
2018-12-31T19:48:30.513+0900: 9957.040: [GC (Allocation Failure) [PSYoungGen: 63424K->2016K(64000K)] 159912K->98664K(383488K), 0.0047026 secs] [Times: user=0.03 sys=0.00, real=0.01 secs] 
2018-12-31T19:48:45.756+0900: 9972.283: [GC (Allocation Failure) [PSYoungGen: 63456K->2048K(64000K)] 160104K->98864K(383488K), 0.0046344 secs] [Times: user=0.03 sys=0.00, real=0.00 secs] 
2018-12-31T19:49:01.197+0900: 9987.724: [GC (Allocation Failure) [PSYoungGen: 63488K->2048K(64000K)] 160304K->99024K(383488K), 0.0046175 secs] [Times: user=0.03 sys=0.00, real=0.00 secs] 
2018-12-31T19:49:16.486+0900: 10003.013: [GC (Allocation Failure) [PSYoungGen: 63488K->1984K(64000K)] 160464K->99120K(383488K), 0.0045439 secs] [Times: user=0.03 sys=0.00, real=0.00 secs] 
2018-12-31T19:49:31.863+0900: 10018.390: [GC (Allocation Failure) [PSYoungGen: 63424K->2080K(64000K)] 160560K->99376K(383488K), 0.0053683 secs] [Times: user=0.03 sys=0.00, real=0.01 secs] 
2018-12-31T19:49:46.999+0900: 10033.526: [GC (Allocation Failure) [PSYoungGen: 63520K->2016K(64000K)] 160816K->99472K(383488K), 0.0048111 secs] [Times: user=0.03 sys=0.00, real=0.01 secs] 
2018-12-31T19:50:02.255+0900: 10048.781: [GC (Allocation Failure) [PSYoungGen: 63456K->1984K(64000K)] 160912K->99584K(383488K), 0.0050870 secs] [Times: user=0.02 sys=0.00, real=0.00 secs] 
2018-12-31T19:50:17.628+0900: 10064.155: [GC (Allocation Failure) [PSYoungGen: 63424K->2016K(64000K)] 161024K->99776K(383488K), 0.0052298 secs] [Times: user=0.03 sys=0.00, real=0.01 secs] 
2018-12-31T19:50:32.999+0900: 10079.525: [GC (Allocation Failure) [PSYoungGen: 63456K->2016K(64000K)] 161216K->99928K(383488K), 0.0048827 secs] [Times: user=0.03 sys=0.00, real=0.00 secs] 
2018-12-31T19:50:48.247+0900: 10094.774: [GC (Allocation Failure) [PSYoungGen: 63456K->2048K(64000K)] 161368K->100120K(383488K), 0.0039496 secs] [Times: user=0.03 sys=0.00, real=0.00 secs] 
2018-12-31T19:51:03.583+0900: 10110.109: [GC (Allocation Failure) [PSYoungGen: 63488K->1952K(64000K)] 161560K->100176K(383488K), 0.0044944 secs] [Times: user=0.03 sys=0.00, real=0.01 secs] 
2018-12-31T19:51:18.923+0900: 10125.450: [GC (Allocation Failure) [PSYoungGen: 63392K->2016K(64000K)] 161616K->100400K(383488K), 0.0047113 secs] [Times: user=0.03 sys=0.00, real=0.01 secs] 
2018-12-31T19:51:34.305+0900: 10140.831: [GC (Allocation Failure) [PSYoungGen: 63456K->2048K(64000K)] 161840K->100592K(383488K), 0.0046915 secs] [Times: user=0.03 sys=0.00, real=0.00 secs] 
2018-12-31T19:51:49.490+0900: 10156.016: [GC (Allocation Failure) [PSYoungGen: 63488K->2016K(64000K)] 162032K->100704K(383488K), 0.0045025 secs] [Times: user=0.03 sys=0.00, real=0.01 secs] 
2018-12-31T19:52:04.743+0900: 10171.270: [GC (Allocation Failure) [PSYoungGen: 63456K->2016K(64000K)] 162144K->100856K(383488K), 0.0047587 secs] [Times: user=0.03 sys=0.00, real=0.01 secs] 
2018-12-31T19:52:20.046+0900: 10186.573: [GC (Allocation Failure) [PSYoungGen: 63456K->2048K(64000K)] 162296K->101056K(383488K), 0.0042752 secs] [Times: user=0.03 sys=0.00, real=0.00 secs] 
2018-12-31T19:52:35.514+0900: 10202.041: [GC (Allocation Failure) [PSYoungGen: 63488K->1952K(64000K)] 162496K->101128K(383488K), 0.0042392 secs] [Times: user=0.03 sys=0.00, real=0.00 secs] 
2018-12-31T19:52:50.732+0900: 10217.259: [GC (Allocation Failure) [PSYoungGen: 63392K->2048K(64000K)] 162568K->101392K(383488K), 0.0045361 secs] [Times: user=0.03 sys=0.00, real=0.01 secs] 
2018-12-31T19:53:06.163+0900: 10232.689: [GC (Allocation Failure) [PSYoungGen: 63488K->1984K(64000K)] 162832K->101512K(383488K), 0.0047935 secs] [Times: user=0.03 sys=0.00, real=0.01 secs] 
2018-12-31T19:53:21.666+0900: 10248.193: [GC (Allocation Failure) [PSYoungGen: 63424K->2016K(64000K)] 162952K->101704K(383488K), 0.0050047 secs] [Times: user=0.04 sys=0.00, real=0.00 secs] 
2018-12-31T19:53:37.012+0900: 10263.538: [GC (Allocation Failure) [PSYoungGen: 63456K->1984K(64000K)] 163144K->101832K(383488K), 0.0046982 secs] [Times: user=0.03 sys=0.00, real=0.01 secs] 
2018-12-31T19:53:52.253+0900: 10278.780: [GC (Allocation Failure) [PSYoungGen: 63424K->1984K(64000K)] 163272K->101984K(383488K), 0.0046886 secs] [Times: user=0.03 sys=0.00, real=0.01 secs] 
2018-12-31T19:54:07.578+0900: 10294.105: [GC (Allocation Failure) [PSYoungGen: 63424K->1952K(64000K)] 163424K->102120K(383488K), 0.0046502 secs] [Times: user=0.02 sys=0.00, real=0.00 secs] 
2018-12-31T19:54:22.942+0900: 10309.469: [GC (Allocation Failure) [PSYoungGen: 63392K->2016K(64000K)] 163560K->102344K(383488K), 0.0048848 secs] [Times: user=0.03 sys=0.00, real=0.01 secs] 
2018-12-31T19:54:38.261+0900: 10324.788: [GC (Allocation Failure) [PSYoungGen: 63456K->1952K(64000K)] 163784K->102440K(383488K), 0.0058725 secs] [Times: user=0.04 sys=0.00, real=0.01 secs] 
2018-12-31T19:54:53.485+0900: 10340.012: [GC (Allocation Failure) [PSYoungGen: 63392K->2016K(64000K)] 163880K->102672K(383488K), 0.0050623 secs] [Times: user=0.03 sys=0.00, real=0.00 secs] 
2018-12-31T19:55:08.875+0900: 10355.401: [GC (Allocation Failure) [PSYoungGen: 63456K->2016K(64000K)] 164112K->102832K(383488K), 0.0047442 secs] [Times: user=0.03 sys=0.00, real=0.00 secs] 
2018-12-31T19:55:24.232+0900: 10370.759: [GC (Allocation Failure) [PSYoungGen: 63456K->2016K(64000K)] 164272K->102984K(383488K), 0.0050793 secs] [Times: user=0.03 sys=0.00, real=0.01 secs] 
2018-12-31T19:55:39.509+0900: 10386.036: [GC (Allocation Failure) [PSYoungGen: 63456K->2016K(64000K)] 164424K->103144K(383488K), 0.0049876 secs] [Times: user=0.03 sys=0.00, real=0.01 secs] 
2018-12-31T19:55:54.778+0900: 10401.305: [GC (Allocation Failure) [PSYoungGen: 63456K->2048K(64000K)] 164584K->103336K(383488K), 0.0047390 secs] [Times: user=0.03 sys=0.00, real=0.00 secs] 
2018-12-31T19:56:10.149+0900: 10416.676: [GC (Allocation Failure) [PSYoungGen: 63488K->2016K(64000K)] 164776K->103456K(383488K), 0.0041094 secs] [Times: user=0.03 sys=0.00, real=0.00 secs] 
2018-12-31T19:56:25.566+0900: 10432.092: [GC (Allocation Failure) [PSYoungGen: 63456K->2016K(64000K)] 164896K->103616K(383488K), 0.0046723 secs] [Times: user=0.03 sys=0.00, real=0.00 secs] 
2018-12-31T19:56:40.753+0900: 10447.279: [GC (Allocation Failure) [PSYoungGen: 63456K->2016K(64000K)] 165056K->103776K(383488K), 0.0046489 secs] [Times: user=0.03 sys=0.00, real=0.01 secs] 
2018-12-31T19:56:56.036+0900: 10462.563: [GC (Allocation Failure) [PSYoungGen: 63456K->2016K(64000K)] 165216K->103952K(383488K), 0.0046354 secs] [Times: user=0.03 sys=0.00, real=0.00 secs] 
2018-12-31T19:57:11.525+0900: 10478.052: [GC (Allocation Failure) [PSYoungGen: 63456K->2016K(64000K)] 165392K->104112K(383488K), 0.0047218 secs] [Times: user=0.03 sys=0.00, real=0.00 secs] 
2018-12-31T19:57:26.867+0900: 10493.394: [GC (Allocation Failure) [PSYoungGen: 63456K->2048K(64000K)] 165552K->104312K(383488K), 0.0045936 secs] [Times: user=0.03 sys=0.00, real=0.00 secs] 
2018-12-31T19:57:41.998+0900: 10508.524: [GC (Allocation Failure) [PSYoungGen: 63488K->2048K(64000K)] 165752K->104472K(383488K), 0.0051642 secs] [Times: user=0.04 sys=0.00, real=0.00 secs] 
2018-12-31T19:57:57.236+0900: 10523.763: [GC (Allocation Failure) [PSYoungGen: 63488K->2048K(64000K)] 165912K->104616K(383488K), 0.0047160 secs] [Times: user=0.03 sys=0.00, real=0.00 secs] 
2018-12-31T19:58:12.647+0900: 10539.174: [GC (Allocation Failure) [PSYoungGen: 63488K->2016K(64000K)] 166056K->104744K(383488K), 0.0046251 secs] [Times: user=0.04 sys=0.00, real=0.00 secs] 
2018-12-31T19:58:28.038+0900: 10554.565: [GC (Allocation Failure) [PSYoungGen: 63456K->1952K(64000K)] 166184K->104840K(383488K), 0.0052377 secs] [Times: user=0.03 sys=0.00, real=0.00 secs] 
2018-12-31T19:58:43.243+0900: 10569.769: [GC (Allocation Failure) [PSYoungGen: 63392K->2048K(64000K)] 166280K->105096K(383488K), 0.0047136 secs] [Times: user=0.03 sys=0.00, real=0.01 secs] 
2018-12-31T19:58:58.506+0900: 10585.033: [GC (Allocation Failure) [PSYoungGen: 63488K->2016K(64000K)] 166536K->105224K(383488K), 0.0046321 secs] [Times: user=0.03 sys=0.00, real=0.00 secs] 
2018-12-31T19:59:14.013+0900: 10600.540: [GC (Allocation Failure) [PSYoungGen: 63456K->2016K(64000K)] 166664K->105384K(383488K), 0.0045854 secs] [Times: user=0.03 sys=0.00, real=0.01 secs] 
2018-12-31T19:59:29.430+0900: 10615.956: [GC (Allocation Failure) [PSYoungGen: 63456K->2080K(64000K)] 166824K->105600K(383488K), 0.0049558 secs] [Times: user=0.03 sys=0.00, real=0.01 secs] 
2018-12-31T19:59:44.499+0900: 10631.026: [GC (Allocation Failure) [PSYoungGen: 63520K->2016K(64000K)] 167040K->105696K(383488K), 0.0048930 secs] [Times: user=0.03 sys=0.00, real=0.01 secs] 
2018-12-31T19:59:59.881+0900: 10646.407: [GC (Allocation Failure) [PSYoungGen: 63456K->2016K(64000K)] 167136K->105864K(383488K), 0.0041654 secs] [Times: user=0.02 sys=0.00, real=0.01 secs] 
2018-12-31T20:00:15.154+0900: 10661.681: [GC (Allocation Failure) [PSYoungGen: 63456K->2016K(64000K)] 167304K->106024K(383488K), 0.0050641 secs] [Times: user=0.03 sys=0.00, real=0.00 secs] 
2018-12-31T20:00:30.567+0900: 10677.094: [GC (Allocation Failure) [PSYoungGen: 63456K->2016K(64000K)] 167464K->106168K(383488K), 0.0045646 secs] [Times: user=0.03 sys=0.00, real=0.00 secs] 
2018-12-31T20:00:45.742+0900: 10692.269: [GC (Allocation Failure) [PSYoungGen: 63456K->2080K(64000K)] 167608K->106392K(383488K), 0.0045478 secs] [Times: user=0.02 sys=0.00, real=0.01 secs] 
2018-12-31T20:01:00.997+0900: 10707.524: [GC (Allocation Failure) [PSYoungGen: 63520K->2016K(64000K)] 167832K->106496K(383488K), 0.0051240 secs] [Times: user=0.04 sys=0.00, real=0.00 secs] 
2018-12-31T20:01:16.367+0900: 10722.894: [GC (Allocation Failure) [PSYoungGen: 63456K->2048K(64000K)] 167936K->106680K(383488K), 0.0046702 secs] [Times: user=0.02 sys=0.01, real=0.00 secs] 
2018-12-31T20:01:31.754+0900: 10738.281: [GC (Allocation Failure) [PSYoungGen: 63488K->1984K(64000K)] 168120K->106768K(383488K), 0.0046192 secs] [Times: user=0.03 sys=0.00, real=0.00 secs] 
2018-12-31T20:01:46.987+0900: 10753.514: [GC (Allocation Failure) [PSYoungGen: 63424K->2048K(64000K)] 168208K->106992K(383488K), 0.0045168 secs] [Times: user=0.03 sys=0.00, real=0.00 secs] 
2018-12-31T20:02:02.080+0900: 10768.607: [GC (Allocation Failure) [PSYoungGen: 63488K->1984K(64000K)] 168432K->107096K(383488K), 0.0045275 secs] [Times: user=0.02 sys=0.00, real=0.01 secs] 
2018-12-31T20:02:17.325+0900: 10783.851: [GC (Allocation Failure) [PSYoungGen: 63424K->1984K(64000K)] 168536K->107256K(383488K), 0.0047569 secs] [Times: user=0.02 sys=0.00, real=0.00 secs] 
2018-12-31T20:02:32.735+0900: 10799.262: [GC (Allocation Failure) [PSYoungGen: 63424K->2016K(64000K)] 168696K->107448K(383488K), 0.0049915 secs] [Times: user=0.03 sys=0.00, real=0.00 secs] 
2018-12-31T20:02:47.704+0900: 10814.230: [GC (Allocation Failure) [PSYoungGen: 63456K->2464K(64000K)] 168888K->108056K(383488K), 0.0046423 secs] [Times: user=0.04 sys=0.00, real=0.00 secs] 
2018-12-31T20:03:03.031+0900: 10829.558: [GC (Allocation Failure) [PSYoungGen: 63904K->2336K(64000K)] 169496K->108088K(383488K), 0.0048177 secs] [Times: user=0.03 sys=0.00, real=0.01 secs] 
2018-12-31T20:03:18.261+0900: 10844.787: [GC (Allocation Failure) [PSYoungGen: 63776K->2208K(64000K)] 169528K->108128K(383488K), 0.0047058 secs] [Times: user=0.03 sys=0.00, real=0.01 secs] 
2018-12-31T20:03:33.413+0900: 10859.940: [GC (Allocation Failure) [PSYoungGen: 63648K->2112K(64000K)] 169568K->108176K(383488K), 0.0047336 secs] [Times: user=0.03 sys=0.00, real=0.01 secs] 
2018-12-31T20:03:48.667+0900: 10875.194: [GC (Allocation Failure) [PSYoungGen: 63552K->1952K(64000K)] 169616K->108176K(383488K), 0.0044565 secs] [Times: user=0.03 sys=0.00, real=0.00 secs] 
2018-12-31T20:04:03.916+0900: 10890.442: [GC (Allocation Failure) [PSYoungGen: 63392K->1824K(64000K)] 169616K->108200K(383488K), 0.0046679 secs] [Times: user=0.03 sys=0.00, real=0.00 secs] 
2018-12-31T20:04:19.215+0900: 10905.742: [GC (Allocation Failure) [PSYoungGen: 63264K->1728K(64000K)] 169640K->108272K(383488K), 0.0052774 secs] [Times: user=0.03 sys=0.00, real=0.00 secs] 
2018-12-31T20:04:34.568+0900: 10921.095: [GC (Allocation Failure) [PSYoungGen: 63168K->1664K(64000K)] 169712K->108360K(383488K), 0.0043097 secs] [Times: user=0.03 sys=0.00, real=0.00 secs] 
2018-12-31T20:04:49.742+0900: 10936.269: [GC (Allocation Failure) [PSYoungGen: 63104K->1568K(64000K)] 169800K->108408K(383488K), 0.0043178 secs] [Times: user=0.02 sys=0.00, real=0.01 secs] 
2018-12-31T20:05:04.978+0900: 10951.505: [GC (Allocation Failure) [PSYoungGen: 63008K->1408K(64000K)] 169848K->108416K(383488K), 0.0039346 secs] [Times: user=0.03 sys=0.00, real=0.00 secs] 
2018-12-31T20:05:20.246+0900: 10966.773: [GC (Allocation Failure) [PSYoungGen: 62848K->1344K(64000K)] 169856K->108496K(383488K), 0.0038232 secs] [Times: user=0.03 sys=0.00, real=0.00 secs] 
2018-12-31T20:05:35.695+0900: 10982.222: [GC (Allocation Failure) [PSYoungGen: 62784K->1184K(64000K)] 169936K->108480K(383488K), 0.0036507 secs] [Times: user=0.02 sys=0.00, real=0.00 secs] 
2018-12-31T20:05:50.986+0900: 10997.513: [GC (Allocation Failure) [PSYoungGen: 62624K->1088K(63488K)] 169920K->108536K(382976K), 0.0040851 secs] [Times: user=0.02 sys=0.00, real=0.00 secs] 
2018-12-31T20:06:06.211+0900: 11012.737: [GC (Allocation Failure) [PSYoungGen: 62016K->928K(64000K)] 169464K->108528K(383488K), 0.0037839 secs] [Times: user=0.02 sys=0.00, real=0.01 secs] 
2018-12-31T20:06:21.484+0900: 11028.011: [GC (Allocation Failure) [PSYoungGen: 61856K->864K(64000K)] 169456K->108624K(383488K), 0.0040269 secs] [Times: user=0.02 sys=0.00, real=0.00 secs] 
2018-12-31T20:06:36.718+0900: 11043.245: [GC (Allocation Failure) [PSYoungGen: 61792K->576K(64000K)] 169552K->108592K(383488K), 0.0038206 secs] [Times: user=0.02 sys=0.00, real=0.00 secs] 
2018-12-31T20:06:51.933+0900: 11058.459: [GC (Allocation Failure) [PSYoungGen: 61504K->640K(64000K)] 169520K->108712K(383488K), 0.0031895 secs] [Times: user=0.01 sys=0.00, real=0.01 secs] 
2018-12-31T20:07:07.232+0900: 11073.759: [GC (Allocation Failure) [PSYoungGen: 61568K->832K(64000K)] 169640K->108976K(383488K), 0.0038556 secs] [Times: user=0.02 sys=0.00, real=0.01 secs] 
2018-12-31T20:07:22.350+0900: 11088.876: [GC (Allocation Failure) [PSYoungGen: 61760K->864K(64000K)] 169904K->109072K(383488K), 0.0038959 secs] [Times: user=0.01 sys=0.00, real=0.01 secs] 
2018-12-31T20:07:37.513+0900: 11104.040: [GC (Allocation Failure) [PSYoungGen: 61792K->1024K(61952K)] 170000K->109304K(381440K), 0.0036432 secs] [Times: user=0.02 sys=0.00, real=0.01 secs] 
2018-12-31T20:07:52.666+0900: 11119.192: [GC (Allocation Failure) [PSYoungGen: 61952K->1152K(63488K)] 170232K->109512K(382976K), 0.0037262 secs] [Times: user=0.02 sys=0.01, real=0.00 secs] 
2018-12-31T20:08:07.879+0900: 11134.406: [GC (Allocation Failure) [PSYoungGen: 62080K->1216K(63488K)] 170440K->109648K(382976K), 0.0034980 secs] [Times: user=0.02 sys=0.00, real=0.00 secs] 
2018-12-31T20:08:22.861+0900: 11149.388: [GC (Allocation Failure) [PSYoungGen: 62144K->1312K(63488K)] 170576K->109808K(382976K), 0.0042444 secs] [Times: user=0.02 sys=0.00, real=0.01 secs] 
2018-12-31T20:08:38.075+0900: 11164.602: [GC (Allocation Failure) [PSYoungGen: 62240K->1376K(63488K)] 170736K->109952K(382976K), 0.0038519 secs] [Times: user=0.03 sys=0.00, real=0.00 secs] 
2018-12-31T20:08:53.366+0900: 11179.892: [GC (Allocation Failure) [PSYoungGen: 62304K->1568K(63488K)] 170880K->110224K(382976K), 0.0041166 secs] [Times: user=0.02 sys=0.00, real=0.00 secs] 
2018-12-31T20:09:08.650+0900: 11195.176: [GC (Allocation Failure) [PSYoungGen: 62496K->1600K(63488K)] 171152K->110328K(382976K), 0.0042322 secs] [Times: user=0.03 sys=0.00, real=0.01 secs] 
2018-12-31T20:09:23.830+0900: 11210.357: [GC (Allocation Failure) [PSYoungGen: 62528K->1664K(63488K)] 171256K->110456K(382976K), 0.0044218 secs] [Times: user=0.03 sys=0.00, real=0.01 secs] 
2018-12-31T20:09:39.117+0900: 11225.644: [GC (Allocation Failure) [PSYoungGen: 62592K->1824K(63488K)] 171384K->110696K(382976K), 0.0040653 secs] [Times: user=0.02 sys=0.00, real=0.00 secs] 
2018-12-31T20:09:54.333+0900: 11240.860: [GC (Allocation Failure) [PSYoungGen: 62752K->1824K(63488K)] 171624K->110776K(382976K), 0.0038411 secs] [Times: user=0.02 sys=0.00, real=0.01 secs] 
2018-12-31T20:10:09.654+0900: 11256.180: [GC (Allocation Failure) [PSYoungGen: 62752K->1920K(63488K)] 171704K->110960K(382976K), 0.0041204 secs] [Times: user=0.02 sys=0.00, real=0.00 secs] 
2018-12-31T20:10:24.932+0900: 11271.459: [GC (Allocation Failure) [PSYoungGen: 62848K->1952K(63488K)] 171888K->111096K(382976K), 0.0042984 secs] [Times: user=0.02 sys=0.00, real=0.01 secs] 
2018-12-31T20:10:40.135+0900: 11286.662: [GC (Allocation Failure) [PSYoungGen: 62880K->1984K(63488K)] 172024K->111280K(382976K), 0.0044649 secs] [Times: user=0.03 sys=0.00, real=0.00 secs] 
2018-12-31T20:10:55.336+0900: 11301.863: [GC (Allocation Failure) [PSYoungGen: 62912K->1952K(64000K)] 172208K->111400K(383488K), 0.0048428 secs] [Times: user=0.03 sys=0.00, real=0.00 secs] 
2018-12-31T20:11:10.637+0900: 11317.164: [GC (Allocation Failure) [PSYoungGen: 62880K->1952K(64000K)] 172328K->111552K(383488K), 0.0044270 secs] [Times: user=0.03 sys=0.00, real=0.00 secs] 
2018-12-31T20:11:25.785+0900: 11332.312: [GC (Allocation Failure) [PSYoungGen: 62880K->1984K(64000K)] 172480K->111744K(383488K), 0.0050133 secs] [Times: user=0.03 sys=0.00, real=0.00 secs] 
2018-12-31T20:11:40.991+0900: 11347.518: [GC (Allocation Failure) [PSYoungGen: 62912K->1952K(64000K)] 172672K->111880K(383488K), 0.0049946 secs] [Times: user=0.03 sys=0.00, real=0.01 secs] 
2018-12-31T20:11:56.207+0900: 11362.734: [GC (Allocation Failure) [PSYoungGen: 62880K->1984K(64000K)] 172808K->112080K(383488K), 0.0048218 secs] [Times: user=0.03 sys=0.00, real=0.00 secs] 
2018-12-31T20:12:11.498+0900: 11378.025: [GC (Allocation Failure) [PSYoungGen: 62912K->1984K(64000K)] 173008K->112240K(383488K), 0.0043819 secs] [Times: user=0.03 sys=0.00, real=0.00 secs] 
2018-12-31T20:12:26.567+0900: 11393.094: [GC (Allocation Failure) [PSYoungGen: 62912K->2016K(64000K)] 173168K->112424K(383488K), 0.0045720 secs] [Times: user=0.03 sys=0.00, real=0.00 secs] 
2018-12-31T20:12:41.772+0900: 11408.299: [GC (Allocation Failure) [PSYoungGen: 62944K->1952K(64000K)] 173352K->112528K(383488K), 0.0049660 secs] [Times: user=0.03 sys=0.00, real=0.01 secs] 
2018-12-31T20:12:57.001+0900: 11423.528: [GC (Allocation Failure) [PSYoungGen: 62880K->1952K(64000K)] 173456K->112704K(383488K), 0.0057283 secs] [Times: user=0.03 sys=0.01, real=0.01 secs] 
2018-12-31T20:13:12.304+0900: 11438.830: [GC (Allocation Failure) [PSYoungGen: 62880K->1952K(64000K)] 173632K->112856K(383488K), 0.0042539 secs] [Times: user=0.03 sys=0.00, real=0.00 secs] 
2018-12-31T20:13:27.581+0900: 11454.107: [GC (Allocation Failure) [PSYoungGen: 62880K->1984K(64000K)] 173784K->113048K(383488K), 0.0047530 secs] [Times: user=0.03 sys=0.00, real=0.01 secs] 
2018-12-31T20:13:42.820+0900: 11469.347: [GC (Allocation Failure) [PSYoungGen: 62912K->2016K(64000K)] 173976K->113232K(383488K), 0.0049121 secs] [Times: user=0.03 sys=0.00, real=0.01 secs] 
2018-12-31T20:13:57.926+0900: 11484.453: [GC (Allocation Failure) [PSYoungGen: 62944K->2048K(64000K)] 174160K->113416K(383488K), 0.0049348 secs] [Times: user=0.03 sys=0.00, real=0.00 secs] 
2018-12-31T20:14:13.083+0900: 11499.610: [GC (Allocation Failure) [PSYoungGen: 62976K->2016K(62976K)] 174344K->113544K(382464K), 0.0045556 secs] [Times: user=0.03 sys=0.00, real=0.01 secs] 
2018-12-31T20:14:28.306+0900: 11514.832: [GC (Allocation Failure) [PSYoungGen: 62944K->1952K(63488K)] 174472K->113648K(382976K), 0.0048999 secs] [Times: user=0.04 sys=0.00, real=0.00 secs] 
2018-12-31T20:14:43.450+0900: 11529.976: [GC (Allocation Failure) [PSYoungGen: 62880K->2016K(63488K)] 174576K->113864K(382976K), 0.0047475 secs] [Times: user=0.03 sys=0.00, real=0.01 secs] 
2018-12-31T20:14:58.704+0900: 11545.231: [GC (Allocation Failure) [PSYoungGen: 62944K->1952K(63488K)] 174792K->113952K(382976K), 0.0049901 secs] [Times: user=0.03 sys=0.00, real=0.00 secs] 
2018-12-31T20:15:13.952+0900: 11560.478: [GC (Allocation Failure) [PSYoungGen: 62880K->1984K(63488K)] 174880K->114152K(382976K), 0.0043280 secs] [Times: user=0.03 sys=0.00, real=0.01 secs] 
2018-12-31T20:15:29.225+0900: 11575.752: [GC (Allocation Failure) [PSYoungGen: 62912K->1920K(63488K)] 175080K->114256K(382976K), 0.0046236 secs] [Times: user=0.03 sys=0.00, real=0.00 secs] 
2018-12-31T20:15:44.346+0900: 11590.873: [GC (Allocation Failure) [PSYoungGen: 62848K->2016K(63488K)] 175184K->114504K(382976K), 0.0046657 secs] [Times: user=0.03 sys=0.00, real=0.00 secs] 
2018-12-31T20:15:59.492+0900: 11606.018: [GC (Allocation Failure) [PSYoungGen: 62944K->1984K(63488K)] 175432K->114624K(382976K), 0.0042354 secs] [Times: user=0.03 sys=0.00, real=0.01 secs] 
2018-12-31T20:16:14.667+0900: 11621.194: [GC (Allocation Failure) [PSYoungGen: 62912K->2016K(63488K)] 175552K->114816K(382976K), 0.0060964 secs] [Times: user=0.04 sys=0.02, real=0.00 secs] 
2018-12-31T20:16:29.884+0900: 11636.411: [GC (Allocation Failure) [PSYoungGen: 62944K->2080K(63488K)] 175744K->115040K(382976K), 0.0049605 secs] [Times: user=0.03 sys=0.00, real=0.00 secs] 
2018-12-31T20:16:45.160+0900: 11651.687: [GC (Allocation Failure) [PSYoungGen: 63008K->1984K(63488K)] 175968K->115104K(382976K), 0.0051877 secs] [Times: user=0.03 sys=0.00, real=0.01 secs] 
2018-12-31T20:17:00.425+0900: 11666.952: [GC (Allocation Failure) [PSYoungGen: 62912K->2016K(63488K)] 176032K->115304K(382976K), 0.0046133 secs] [Times: user=0.03 sys=0.00, real=0.00 secs] 
2018-12-31T20:17:15.686+0900: 11682.212: [GC (Allocation Failure) [PSYoungGen: 62944K->1952K(63488K)] 176232K->115392K(382976K), 0.0044519 secs] [Times: user=0.03 sys=0.00, real=0.00 secs] 
2018-12-31T20:17:30.809+0900: 11697.336: [GC (Allocation Failure) [PSYoungGen: 62880K->2048K(63488K)] 176320K->115648K(382976K), 0.0048171 secs] [Times: user=0.03 sys=0.00, real=0.01 secs] 
2018-12-31T20:17:45.957+0900: 11712.484: [GC (Allocation Failure) [PSYoungGen: 62976K->2016K(63488K)] 176576K->115768K(382976K), 0.0045781 secs] [Times: user=0.03 sys=0.00, real=0.00 secs] 
2018-12-31T20:18:01.081+0900: 11727.608: [GC (Allocation Failure) [PSYoungGen: 62944K->1984K(63488K)] 176696K->115896K(382976K), 0.0049343 secs] [Times: user=0.03 sys=0.00, real=0.01 secs] 
2018-12-31T20:18:16.290+0900: 11742.817: [GC (Allocation Failure) [PSYoungGen: 62912K->2016K(63488K)] 176824K->116088K(382976K), 0.0050250 secs] [Times: user=0.03 sys=0.00, real=0.01 secs] 
2018-12-31T20:18:31.492+0900: 11758.019: [GC (Allocation Failure) [PSYoungGen: 62944K->1984K(63488K)] 177016K->116216K(382976K), 0.0046824 secs] [Times: user=0.02 sys=0.00, real=0.01 secs] 
2018-12-31T20:18:46.719+0900: 11773.246: [GC (Allocation Failure) [PSYoungGen: 62912K->2016K(63488K)] 177144K->116408K(382976K), 0.0047472 secs] [Times: user=0.03 sys=0.00, real=0.01 secs] 
2018-12-31T20:19:01.982+0900: 11788.509: [GC (Allocation Failure) [PSYoungGen: 62944K->1984K(63488K)] 177336K->116536K(382976K), 0.0043987 secs] [Times: user=0.03 sys=0.00, real=0.01 secs] 
2018-12-31T20:19:16.946+0900: 11803.472: [GC (Allocation Failure) [PSYoungGen: 62912K->1984K(63488K)] 177464K->116704K(382976K), 0.0054680 secs] [Times: user=0.03 sys=0.00, real=0.00 secs] 
2018-12-31T20:19:32.050+0900: 11818.577: [GC (Allocation Failure) [PSYoungGen: 62912K->1952K(63488K)] 177632K->116824K(382976K), 0.0047123 secs] [Times: user=0.03 sys=0.00, real=0.01 secs] 
2018-12-31T20:19:47.238+0900: 11833.764: [GC (Allocation Failure) [PSYoungGen: 62880K->1984K(63488K)] 177752K->117000K(382976K), 0.0048741 secs] [Times: user=0.03 sys=0.00, real=0.00 secs] 
2018-12-31T20:20:02.410+0900: 11848.936: [GC (Allocation Failure) [PSYoungGen: 62912K->1984K(63488K)] 177928K->117168K(382976K), 0.0047493 secs] [Times: user=0.03 sys=0.00, real=0.01 secs] 
2018-12-31T20:20:17.563+0900: 11864.090: [GC (Allocation Failure) [PSYoungGen: 62912K->1984K(63488K)] 178096K->117312K(382976K), 0.0053238 secs] [Times: user=0.03 sys=0.00, real=0.01 secs] 
2018-12-31T20:20:32.741+0900: 11879.268: [GC (Allocation Failure) [PSYoungGen: 62912K->2016K(63488K)] 178240K->117496K(382976K), 0.0049435 secs] [Times: user=0.03 sys=0.00, real=0.01 secs] 
2018-12-31T20:20:47.926+0900: 11894.452: [GC (Allocation Failure) [PSYoungGen: 62944K->2016K(63488K)] 178424K->117656K(382976K), 0.0044075 secs] [Times: user=0.03 sys=0.00, real=0.00 secs] 
2018-12-31T20:21:03.184+0900: 11909.711: [GC (Allocation Failure) [PSYoungGen: 62944K->1952K(63488K)] 178584K->117760K(382976K), 0.0047376 secs] [Times: user=0.03 sys=0.00, real=0.00 secs] 
2018-12-31T20:21:18.515+0900: 11925.042: [GC (Allocation Failure) [PSYoungGen: 62880K->1984K(63488K)] 178688K->117952K(382976K), 0.0047985 secs] [Times: user=0.03 sys=0.00, real=0.00 secs] 
2018-12-31T20:21:33.767+0900: 11940.294: [GC (Allocation Failure) [PSYoungGen: 62912K->1984K(63488K)] 178880K->118112K(382976K), 0.0041785 secs] [Times: user=0.03 sys=0.00, real=0.00 secs] 
2018-12-31T20:21:48.834+0900: 11955.361: [GC (Allocation Failure) [PSYoungGen: 62912K->1984K(63488K)] 179040K->118264K(382976K), 0.0047263 secs] [Times: user=0.03 sys=0.00, real=0.00 secs] 
2018-12-31T20:22:04.019+0900: 11970.546: [GC (Allocation Failure) [PSYoungGen: 62912K->1984K(63488K)] 179192K->118408K(382976K), 0.0047437 secs] [Times: user=0.03 sys=0.00, real=0.01 secs] 
2018-12-31T20:22:19.236+0900: 11985.763: [GC (Allocation Failure) [PSYoungGen: 62912K->1984K(63488K)] 179336K->118560K(382976K), 0.0046109 secs] [Times: user=0.03 sys=0.00, real=0.00 secs] 
2018-12-31T20:22:34.428+0900: 12000.955: [GC (Allocation Failure) [PSYoungGen: 62912K->2016K(63488K)] 179488K->118744K(382976K), 0.0041959 secs] [Times: user=0.03 sys=0.00, real=0.00 secs] 
2018-12-31T20:22:49.600+0900: 12016.127: [GC (Allocation Failure) [PSYoungGen: 62944K->2016K(63488K)] 179672K->118904K(382976K), 0.0063148 secs] [Times: user=0.03 sys=0.01, real=0.01 secs] 
2018-12-31T20:23:04.870+0900: 12031.397: [GC (Allocation Failure) [PSYoungGen: 62944K->1984K(63488K)] 179832K->119024K(382976K), 0.0049000 secs] [Times: user=0.03 sys=0.00, real=0.01 secs] 
2018-12-31T20:23:20.123+0900: 12046.650: [GC (Allocation Failure) [PSYoungGen: 62912K->2048K(63488K)] 179952K->119248K(382976K), 0.0051562 secs] [Times: user=0.03 sys=0.00, real=0.01 secs] 
2018-12-31T20:23:35.226+0900: 12061.753: [GC (Allocation Failure) [PSYoungGen: 62976K->1984K(63488K)] 180176K->119336K(382976K), 0.0047224 secs] [Times: user=0.03 sys=0.00, real=0.00 secs] 
2018-12-31T20:23:50.386+0900: 12076.913: [GC (Allocation Failure) [PSYoungGen: 62912K->2080K(63488K)] 180264K->119584K(382976K), 0.0047366 secs] [Times: user=0.03 sys=0.00, real=0.00 secs] 
2018-12-31T20:24:05.719+0900: 12092.245: [GC (Allocation Failure) [PSYoungGen: 63008K->1984K(63488K)] 180512K->119648K(382976K), 0.0049205 secs] [Times: user=0.03 sys=0.00, real=0.00 secs] 
2018-12-31T20:24:20.971+0900: 12107.498: [GC (Allocation Failure) [PSYoungGen: 62912K->2016K(63488K)] 180576K->119848K(382976K), 0.0047539 secs] [Times: user=0.03 sys=0.00, real=0.01 secs] 
2018-12-31T20:24:36.228+0900: 12122.755: [GC (Allocation Failure) [PSYoungGen: 62944K->1984K(63488K)] 180776K->119984K(382976K), 0.0047421 secs] [Times: user=0.03 sys=0.00, real=0.00 secs] 
2018-12-31T20:24:51.511+0900: 12138.038: [GC (Allocation Failure) [PSYoungGen: 62912K->1952K(63488K)] 180912K->120112K(382976K), 0.0048484 secs] [Times: user=0.03 sys=0.00, real=0.01 secs] 
2018-12-31T20:25:06.615+0900: 12153.141: [GC (Allocation Failure) [PSYoungGen: 62880K->1984K(63488K)] 181040K->120304K(382976K), 0.0046610 secs] [Times: user=0.03 sys=0.00, real=0.00 secs] 
2018-12-31T20:25:21.679+0900: 12168.205: [GC (Allocation Failure) [PSYoungGen: 62912K->2048K(63488K)] 181232K->120536K(382976K), 0.0047392 secs] [Times: user=0.03 sys=0.00, real=0.00 secs] 
2018-12-31T20:25:36.746+0900: 12183.272: [GC (Allocation Failure) [PSYoungGen: 62976K->1984K(63488K)] 181464K->120624K(382976K), 0.0048051 secs] [Times: user=0.03 sys=0.00, real=0.00 secs] 
2018-12-31T20:25:51.810+0900: 12198.337: [GC (Allocation Failure) [PSYoungGen: 62912K->2016K(63488K)] 181552K->120816K(382976K), 0.0049501 secs] [Times: user=0.04 sys=0.00, real=0.01 secs] 
2018-12-31T20:26:06.890+0900: 12213.417: [GC (Allocation Failure) [PSYoungGen: 62944K->1984K(63488K)] 181744K->120944K(382976K), 0.0047065 secs] [Times: user=0.03 sys=0.00, real=0.01 secs] 
2018-12-31T20:26:22.058+0900: 12228.585: [GC (Allocation Failure) [PSYoungGen: 62912K->1952K(63488K)] 181872K->121072K(382976K), 0.0047409 secs] [Times: user=0.03 sys=0.00, real=0.00 secs] 
2018-12-31T20:26:37.188+0900: 12243.715: [GC (Allocation Failure) [PSYoungGen: 62880K->1984K(63488K)] 182000K->121264K(382976K), 0.0048216 secs] [Times: user=0.03 sys=0.00, real=0.00 secs] 
2018-12-31T20:26:52.334+0900: 12258.860: [GC (Allocation Failure) [PSYoungGen: 62912K->1920K(63488K)] 182192K->121344K(382976K), 0.0048410 secs] [Times: user=0.03 sys=0.00, real=0.01 secs] 
2018-12-31T20:27:07.491+0900: 12274.018: [GC (Allocation Failure) [PSYoungGen: 62848K->1984K(63488K)] 182272K->121568K(382976K), 0.0046229 secs] [Times: user=0.04 sys=0.00, real=0.01 secs] 
2018-12-31T20:27:22.681+0900: 12289.208: [GC (Allocation Failure) [PSYoungGen: 62912K->2048K(63488K)] 182496K->121792K(382976K), 0.0048157 secs] [Times: user=0.03 sys=0.00, real=0.01 secs] 
2018-12-31T20:27:38.021+0900: 12304.547: [GC (Allocation Failure) [PSYoungGen: 62976K->1984K(63488K)] 182720K->121888K(382976K), 0.0046630 secs] [Times: user=0.03 sys=0.00, real=0.01 secs] 
2018-12-31T20:27:53.243+0900: 12319.769: [GC (Allocation Failure) [PSYoungGen: 62912K->2016K(63488K)] 182816K->122080K(382976K), 0.0049340 secs] [Times: user=0.03 sys=0.00, real=0.01 secs] 
2018-12-31T20:28:08.354+0900: 12334.881: [GC (Allocation Failure) [PSYoungGen: 62944K->1984K(63488K)] 183008K->122208K(382976K), 0.0046921 secs] [Times: user=0.03 sys=0.00, real=0.00 secs] 
2018-12-31T20:28:23.493+0900: 12350.019: [GC (Allocation Failure) [PSYoungGen: 62912K->1984K(63488K)] 183136K->122368K(382976K), 0.0045760 secs] [Times: user=0.03 sys=0.00, real=0.01 secs] 
2018-12-31T20:28:38.661+0900: 12365.188: [GC (Allocation Failure) [PSYoungGen: 62912K->2016K(63488K)] 183296K->122552K(382976K), 0.0047282 secs] [Times: user=0.03 sys=0.00, real=0.01 secs] 
2018-12-31T20:28:53.813+0900: 12380.339: [GC (Allocation Failure) [PSYoungGen: 62944K->2048K(63488K)] 183480K->122744K(382976K), 0.0043086 secs] [Times: user=0.03 sys=0.00, real=0.01 secs] 
2018-12-31T20:29:09.049+0900: 12395.576: [GC (Allocation Failure) [PSYoungGen: 62976K->1984K(63488K)] 183672K->122848K(382976K), 0.0052568 secs] [Times: user=0.04 sys=0.00, real=0.01 secs] 
2018-12-31T20:29:24.241+0900: 12410.768: [GC (Allocation Failure) [PSYoungGen: 62912K->1952K(63488K)] 183776K->122984K(382976K), 0.0045477 secs] [Times: user=0.03 sys=0.00, real=0.01 secs] 
2018-12-31T20:29:39.514+0900: 12426.041: [GC (Allocation Failure) [PSYoungGen: 62880K->2016K(63488K)] 183912K->123192K(382976K), 0.0047615 secs] [Times: user=0.03 sys=0.00, real=0.00 secs] 
2018-12-31T20:29:54.645+0900: 12441.172: [GC (Allocation Failure) [PSYoungGen: 62944K->2016K(63488K)] 184120K->123368K(382976K), 0.0044340 secs] [Times: user=0.03 sys=0.00, real=0.00 secs] 
2018-12-31T20:30:09.820+0900: 12456.347: [GC (Allocation Failure) [PSYoungGen: 62944K->1984K(63488K)] 184296K->123496K(382976K), 0.0045748 secs] [Times: user=0.03 sys=0.00, real=0.01 secs] 
2018-12-31T20:30:24.909+0900: 12471.436: [GC (Allocation Failure) [PSYoungGen: 62912K->2016K(63488K)] 184424K->123680K(382976K), 0.0046065 secs] [Times: user=0.03 sys=0.00, real=0.01 secs] 
2018-12-31T20:30:40.084+0900: 12486.611: [GC (Allocation Failure) [PSYoungGen: 62944K->2016K(63488K)] 184608K->123840K(382976K), 0.0049357 secs] [Times: user=0.03 sys=0.00, real=0.00 secs] 
2018-12-31T20:30:55.174+0900: 12501.701: [GC (Allocation Failure) [PSYoungGen: 62944K->1984K(63488K)] 184768K->123968K(382976K), 0.0047810 secs] [Times: user=0.03 sys=0.00, real=0.00 secs] 
2018-12-31T20:31:10.507+0900: 12517.034: [GC (Allocation Failure) [PSYoungGen: 62912K->2016K(63488K)] 184896K->124152K(382976K), 0.0047570 secs] [Times: user=0.03 sys=0.00, real=0.00 secs] 
2018-12-31T20:31:25.750+0900: 12532.276: [GC (Allocation Failure) [PSYoungGen: 62944K->1984K(63488K)] 185080K->124288K(382976K), 0.0047732 secs] [Times: user=0.03 sys=0.00, real=0.01 secs] 
2018-12-31T20:31:40.944+0900: 12547.470: [GC (Allocation Failure) [PSYoungGen: 62912K->2016K(63488K)] 185216K->124472K(382976K), 0.0046737 secs] [Times: user=0.03 sys=0.00, real=0.00 secs] 
2018-12-31T20:31:56.184+0900: 12562.711: [GC (Allocation Failure) [PSYoungGen: 62944K->1952K(63488K)] 185400K->124560K(382976K), 0.0051944 secs] [Times: user=0.03 sys=0.00, real=0.00 secs] 
2018-12-31T20:32:11.339+0900: 12577.865: [GC (Allocation Failure) [PSYoungGen: 62880K->1984K(63488K)] 185488K->124760K(382976K), 0.0043848 secs] [Times: user=0.03 sys=0.00, real=0.00 secs] 
2018-12-31T20:32:26.569+0900: 12593.096: [GC (Allocation Failure) [PSYoungGen: 62912K->2016K(63488K)] 185688K->124968K(382976K), 0.0058137 secs] [Times: user=0.04 sys=0.01, real=0.01 secs] 
2018-12-31T20:32:41.899+0900: 12608.426: [GC (Allocation Failure) [PSYoungGen: 62944K->1984K(63488K)] 185896K->125104K(382976K), 0.0043505 secs] [Times: user=0.03 sys=0.00, real=0.01 secs] 
2018-12-31T20:32:57.086+0900: 12623.613: [GC (Allocation Failure) [PSYoungGen: 62912K->2016K(63488K)] 186032K->125304K(382976K), 0.0047600 secs] [Times: user=0.03 sys=0.00, real=0.00 secs] 
2018-12-31T20:33:12.274+0900: 12638.801: [GC (Allocation Failure) [PSYoungGen: 62944K->2016K(63488K)] 186232K->125456K(382976K), 0.0048802 secs] [Times: user=0.03 sys=0.00, real=0.00 secs] 
2018-12-31T20:33:27.539+0900: 12654.066: [GC (Allocation Failure) [PSYoungGen: 62944K->2016K(63488K)] 186384K->125608K(382976K), 0.0046231 secs] [Times: user=0.03 sys=0.00, real=0.01 secs] 
2018-12-31T20:33:42.700+0900: 12669.227: [GC (Allocation Failure) [PSYoungGen: 62944K->2048K(63488K)] 186536K->125784K(382976K), 0.0048409 secs] [Times: user=0.03 sys=0.00, real=0.01 secs] 
2018-12-31T20:33:57.843+0900: 12684.370: [GC (Allocation Failure) [PSYoungGen: 62976K->1984K(63488K)] 186712K->125864K(382976K), 0.0046404 secs] [Times: user=0.03 sys=0.00, real=0.01 secs] 
2018-12-31T20:34:12.998+0900: 12699.525: [GC (Allocation Failure) [PSYoungGen: 62912K->1984K(63488K)] 186792K->126024K(382976K), 0.0045802 secs] [Times: user=0.03 sys=0.00, real=0.00 secs] 
2018-12-31T20:34:28.322+0900: 12714.849: [GC (Allocation Failure) [PSYoungGen: 62912K->2048K(63488K)] 186952K->126256K(382976K), 0.0045117 secs] [Times: user=0.03 sys=0.00, real=0.01 secs] 
2018-12-31T20:34:43.539+0900: 12730.066: [GC (Allocation Failure) [PSYoungGen: 62976K->2016K(63488K)] 187184K->126384K(382976K), 0.0049465 secs] [Times: user=0.03 sys=0.00, real=0.01 secs] 
2018-12-31T20:34:58.818+0900: 12745.345: [GC (Allocation Failure) [PSYoungGen: 62944K->2016K(63488K)] 187312K->126536K(382976K), 0.0049198 secs] [Times: user=0.03 sys=0.00, real=0.00 secs] 
2018-12-31T20:35:14.060+0900: 12760.587: [GC (Allocation Failure) [PSYoungGen: 62944K->2048K(63488K)] 187464K->126736K(382976K), 0.0049127 secs] [Times: user=0.02 sys=0.00, real=0.01 secs] 
2018-12-31T20:35:29.263+0900: 12775.790: [GC (Allocation Failure) [PSYoungGen: 62976K->1952K(63488K)] 187664K->126800K(382976K), 0.0044878 secs] [Times: user=0.03 sys=0.00, real=0.01 secs] 
2018-12-31T20:35:44.456+0900: 12790.983: [GC (Allocation Failure) [PSYoungGen: 62880K->2016K(63488K)] 187728K->127040K(382976K), 0.0062208 secs] [Times: user=0.04 sys=0.00, real=0.00 secs] 
2018-12-31T20:35:59.756+0900: 12806.283: [GC (Allocation Failure) [PSYoungGen: 62944K->2016K(63488K)] 187968K->127192K(382976K), 0.0054678 secs] [Times: user=0.04 sys=0.00, real=0.00 secs] 
2018-12-31T20:36:14.940+0900: 12821.467: [GC (Allocation Failure) [PSYoungGen: 62944K->2048K(63488K)] 188120K->127376K(382976K), 0.0046327 secs] [Times: user=0.03 sys=0.00, real=0.01 secs] 
2018-12-31T20:36:30.099+0900: 12836.626: [GC (Allocation Failure) [PSYoungGen: 62976K->2016K(63488K)] 188304K->127504K(382976K), 0.0048385 secs] [Times: user=0.03 sys=0.00, real=0.01 secs] 
2018-12-31T20:36:45.292+0900: 12851.819: [GC (Allocation Failure) [PSYoungGen: 62944K->1952K(63488K)] 188432K->127608K(382976K), 0.0047064 secs] [Times: user=0.03 sys=0.00, real=0.01 secs] 
2018-12-31T20:37:00.488+0900: 12867.015: [GC (Allocation Failure) [PSYoungGen: 62880K->1984K(63488K)] 188536K->127808K(382976K), 0.0050166 secs] [Times: user=0.03 sys=0.00, real=0.00 secs] 
2018-12-31T20:37:15.645+0900: 12882.171: [GC (Allocation Failure) [PSYoungGen: 62912K->1984K(63488K)] 188736K->127976K(382976K), 0.0044431 secs] [Times: user=0.03 sys=0.00, real=0.00 secs] 
2018-12-31T20:37:30.996+0900: 12897.523: [GC (Allocation Failure) [PSYoungGen: 62912K->1952K(63488K)] 188904K->128096K(382976K), 0.0044169 secs] [Times: user=0.02 sys=0.00, real=0.00 secs] 
2018-12-31T20:37:45.998+0900: 12912.524: [GC (Allocation Failure) [PSYoungGen: 62880K->2016K(63488K)] 189024K->128312K(382976K), 0.0047615 secs] [Times: user=0.03 sys=0.00, real=0.00 secs] 
2018-12-31T20:38:01.234+0900: 12927.761: [GC (Allocation Failure) [PSYoungGen: 62944K->1952K(63488K)] 189240K->128416K(382976K), 0.0051741 secs] [Times: user=0.03 sys=0.00, real=0.00 secs] 
2018-12-31T20:38:16.526+0900: 12943.053: [GC (Allocation Failure) [PSYoungGen: 62880K->2016K(63488K)] 189344K->128632K(382976K), 0.0047071 secs] [Times: user=0.03 sys=0.00, real=0.00 secs] 
2018-12-31T20:38:31.659+0900: 12958.185: [GC (Allocation Failure) [PSYoungGen: 62944K->2016K(63488K)] 189560K->128784K(382976K), 0.0049045 secs] [Times: user=0.03 sys=0.00, real=0.00 secs] 
2018-12-31T20:38:46.792+0900: 12973.319: [GC (Allocation Failure) [PSYoungGen: 62944K->2016K(63488K)] 189712K->128944K(382976K), 0.0049440 secs] [Times: user=0.03 sys=0.00, real=0.01 secs] 
2018-12-31T20:39:01.973+0900: 12988.500: [GC (Allocation Failure) [PSYoungGen: 62944K->2016K(63488K)] 189872K->129096K(382976K), 0.0054258 secs] [Times: user=0.03 sys=0.00, real=0.01 secs] 
2018-12-31T20:39:17.115+0900: 13003.641: [GC (Allocation Failure) [PSYoungGen: 62944K->1952K(63488K)] 190024K->129184K(382976K), 0.0048489 secs] [Times: user=0.03 sys=0.00, real=0.00 secs] 
2018-12-31T20:39:32.410+0900: 13018.936: [GC (Allocation Failure) [PSYoungGen: 62880K->2016K(63488K)] 190112K->129408K(382976K), 0.0055015 secs] [Times: user=0.04 sys=0.00, real=0.01 secs] 
2018-12-31T20:39:47.576+0900: 13034.102: [GC (Allocation Failure) [PSYoungGen: 62944K->2016K(63488K)] 190336K->129568K(382976K), 0.0047584 secs] [Times: user=0.03 sys=0.00, real=0.00 secs] 
2018-12-31T20:40:02.775+0900: 13049.302: [GC (Allocation Failure) [PSYoungGen: 62944K->1984K(63488K)] 190496K->129696K(382976K), 0.0053636 secs] [Times: user=0.03 sys=0.00, real=0.00 secs] 
2018-12-31T20:40:18.037+0900: 13064.564: [GC (Allocation Failure) [PSYoungGen: 62912K->1984K(63488K)] 190624K->129856K(382976K), 0.0046813 secs] [Times: user=0.03 sys=0.00, real=0.00 secs] 
2018-12-31T20:40:33.278+0900: 13079.805: [GC (Allocation Failure) [PSYoungGen: 62912K->1984K(63488K)] 190784K->130008K(382976K), 0.0045428 secs] [Times: user=0.03 sys=0.00, real=0.00 secs] 
2018-12-31T20:40:48.397+0900: 13094.923: [GC (Allocation Failure) [PSYoungGen: 62912K->2048K(63488K)] 190936K->130232K(382976K), 0.0048144 secs] [Times: user=0.02 sys=0.01, real=0.00 secs] 
2018-12-31T20:41:03.517+0900: 13110.043: [GC (Allocation Failure) [PSYoungGen: 62976K->2016K(63488K)] 191160K->130352K(382976K), 0.0049367 secs] [Times: user=0.03 sys=0.00, real=0.00 secs] 
2018-12-31T20:41:18.687+0900: 13125.214: [GC (Allocation Failure) [PSYoungGen: 62944K->1984K(63488K)] 191280K->130472K(382976K), 0.0050757 secs] [Times: user=0.03 sys=0.00, real=0.00 secs] 
2018-12-31T20:41:33.876+0900: 13140.403: [GC (Allocation Failure) [PSYoungGen: 62912K->1984K(63488K)] 191400K->130632K(382976K), 0.0051333 secs] [Times: user=0.04 sys=0.00, real=0.00 secs] 
2018-12-31T20:41:49.014+0900: 13155.541: [GC (Allocation Failure) [PSYoungGen: 62912K->1920K(63488K)] 191560K->130736K(382976K), 0.0049592 secs] [Times: user=0.03 sys=0.01, real=0.00 secs] 
2018-12-31T20:42:04.240+0900: 13170.767: [GC (Allocation Failure) [PSYoungGen: 62848K->1984K(63488K)] 191664K->130952K(382976K), 0.0056230 secs] [Times: user=0.04 sys=0.00, real=0.01 secs] 
2018-12-31T20:42:19.527+0900: 13186.054: [GC (Allocation Failure) [PSYoungGen: 62912K->2016K(63488K)] 191880K->131144K(382976K), 0.0054959 secs] [Times: user=0.04 sys=0.00, real=0.00 secs] 
2018-12-31T20:42:34.723+0900: 13201.250: [GC (Allocation Failure) [PSYoungGen: 62944K->2048K(63488K)] 192072K->131328K(382976K), 0.0044297 secs] [Times: user=0.03 sys=0.00, real=0.01 secs] 
2018-12-31T20:42:49.891+0900: 13216.418: [GC (Allocation Failure) [PSYoungGen: 62976K->2016K(63488K)] 192256K->131456K(382976K), 0.0047785 secs] [Times: user=0.03 sys=0.00, real=0.01 secs] 
2018-12-31T20:43:05.061+0900: 13231.588: [GC (Allocation Failure) [PSYoungGen: 62944K->1984K(63488K)] 192384K->131576K(382976K), 0.0046882 secs] [Times: user=0.03 sys=0.00, real=0.01 secs] 
2018-12-31T20:43:20.256+0900: 13246.782: [GC (Allocation Failure) [PSYoungGen: 62912K->1984K(63488K)] 192504K->131720K(382976K), 0.0049268 secs] [Times: user=0.04 sys=0.00, real=0.00 secs] 
2018-12-31T20:43:35.566+0900: 13262.093: [GC (Allocation Failure) [PSYoungGen: 62912K->1984K(63488K)] 192648K->131872K(382976K), 0.0054452 secs] [Times: user=0.04 sys=0.00, real=0.00 secs] 
2018-12-31T20:43:50.807+0900: 13277.334: [GC (Allocation Failure) [PSYoungGen: 62912K->2048K(63488K)] 192800K->132088K(382976K), 0.0047506 secs] [Times: user=0.04 sys=0.00, real=0.00 secs] 
2018-12-31T20:44:06.052+0900: 13292.579: [GC (Allocation Failure) [PSYoungGen: 62976K->1984K(63488K)] 193016K->132176K(382976K), 0.0048405 secs] [Times: user=0.03 sys=0.00, real=0.01 secs] 
2018-12-31T20:44:21.292+0900: 13307.819: [GC (Allocation Failure) [PSYoungGen: 62912K->1984K(63488K)] 193104K->132336K(382976K), 0.0050246 secs] [Times: user=0.03 sys=0.00, real=0.01 secs] 
2018-12-31T20:44:36.360+0900: 13322.887: [GC (Allocation Failure) [PSYoungGen: 62912K->2048K(63488K)] 193264K->132568K(382976K), 0.0052637 secs] [Times: user=0.03 sys=0.00, real=0.01 secs] 
2018-12-31T20:44:51.427+0900: 13337.954: [GC (Allocation Failure) [PSYoungGen: 62976K->2080K(63488K)] 193496K->132752K(382976K), 0.0051584 secs] [Times: user=0.03 sys=0.00, real=0.00 secs] 
2018-12-31T20:45:06.700+0900: 13353.227: [GC (Allocation Failure) [PSYoungGen: 63008K->1984K(63488K)] 193680K->132808K(382976K), 0.0049145 secs] [Times: user=0.04 sys=0.00, real=0.01 secs] 
2018-12-31T20:45:21.952+0900: 13368.479: [GC (Allocation Failure) [PSYoungGen: 62912K->2016K(63488K)] 193736K->133000K(382976K), 0.0045043 secs] [Times: user=0.04 sys=0.00, real=0.01 secs] 
2018-12-31T20:45:37.149+0900: 13383.676: [GC (Allocation Failure) [PSYoungGen: 62944K->2048K(63488K)] 193928K->133192K(382976K), 0.0053289 secs] [Times: user=0.04 sys=0.00, real=0.01 secs] 
2018-12-31T20:45:52.313+0900: 13398.840: [GC (Allocation Failure) [PSYoungGen: 62976K->1984K(63488K)] 194120K->133288K(382976K), 0.0049367 secs] [Times: user=0.03 sys=0.00, real=0.01 secs] 
2018-12-31T20:46:07.584+0900: 13414.110: [GC (Allocation Failure) [PSYoungGen: 62912K->1984K(63488K)] 194216K->133456K(382976K), 0.0046165 secs] [Times: user=0.03 sys=0.00, real=0.00 secs] 
2018-12-31T20:46:22.788+0900: 13429.315: [GC (Allocation Failure) [PSYoungGen: 62912K->2016K(63488K)] 194384K->133648K(382976K), 0.0049672 secs] [Times: user=0.03 sys=0.00, real=0.00 secs] 
2018-12-31T20:46:37.905+0900: 13444.432: [GC (Allocation Failure) [PSYoungGen: 62944K->2016K(63488K)] 194576K->133800K(382976K), 0.0050581 secs] [Times: user=0.03 sys=0.00, real=0.00 secs] 
2018-12-31T20:46:53.031+0900: 13459.558: [GC (Allocation Failure) [PSYoungGen: 62944K->1984K(63488K)] 194728K->133936K(382976K), 0.0047572 secs] [Times: user=0.02 sys=0.00, real=0.01 secs] 
2018-12-31T20:47:08.261+0900: 13474.788: [GC (Allocation Failure) [PSYoungGen: 62912K->1984K(63488K)] 194864K->134096K(382976K), 0.0044160 secs] [Times: user=0.03 sys=0.00, real=0.01 secs] 
2018-12-31T20:47:23.475+0900: 13490.001: [GC (Allocation Failure) [PSYoungGen: 62912K->1952K(63488K)] 195024K->134224K(382976K), 0.0049940 secs] [Times: user=0.03 sys=0.00, real=0.00 secs] 
2018-12-31T20:47:38.712+0900: 13505.238: [GC (Allocation Failure) [PSYoungGen: 62880K->1984K(63488K)] 195152K->134424K(382976K), 0.0047823 secs] [Times: user=0.03 sys=0.00, real=0.01 secs] 
2018-12-31T20:47:53.923+0900: 13520.449: [GC (Allocation Failure) [PSYoungGen: 62912K->1984K(63488K)] 195352K->134568K(382976K), 0.0047866 secs] [Times: user=0.03 sys=0.00, real=0.01 secs] 
2018-12-31T20:48:09.175+0900: 13535.702: [GC (Allocation Failure) [PSYoungGen: 62912K->2016K(63488K)] 195496K->134760K(382976K), 0.0049933 secs] [Times: user=0.03 sys=0.00, real=0.00 secs] 
2018-12-31T20:48:24.321+0900: 13550.848: [GC (Allocation Failure) [PSYoungGen: 62944K->1984K(63488K)] 195688K->134888K(382976K), 0.0046204 secs] [Times: user=0.03 sys=0.00, real=0.01 secs] 
2018-12-31T20:48:39.491+0900: 13566.018: [GC (Allocation Failure) [PSYoungGen: 62912K->1984K(63488K)] 195816K->135048K(382976K), 0.0046472 secs] [Times: user=0.03 sys=0.00, real=0.01 secs] 
2018-12-31T20:48:54.726+0900: 13581.252: [GC (Allocation Failure) [PSYoungGen: 62912K->1952K(63488K)] 195976K->135176K(382976K), 0.0049776 secs] [Times: user=0.03 sys=0.00, real=0.00 secs] 
2018-12-31T20:49:09.936+0900: 13596.462: [GC (Allocation Failure) [PSYoungGen: 62880K->2048K(63488K)] 196104K->135432K(382976K), 0.0047577 secs] [Times: user=0.03 sys=0.00, real=0.00 secs] 
2018-12-31T20:49:25.091+0900: 13611.618: [GC (Allocation Failure) [PSYoungGen: 62976K->1984K(63488K)] 196360K->135520K(382976K), 0.0050558 secs] [Times: user=0.03 sys=0.00, real=0.01 secs] 
2018-12-31T20:49:40.343+0900: 13626.870: [GC (Allocation Failure) [PSYoungGen: 62912K->2016K(63488K)] 196448K->135712K(382976K), 0.0043780 secs] [Times: user=0.03 sys=0.00, real=0.01 secs] 
2018-12-31T20:49:55.486+0900: 13642.013: [GC (Allocation Failure) [PSYoungGen: 62944K->2016K(63488K)] 196640K->135872K(382976K), 0.0047099 secs] [Times: user=0.03 sys=0.00, real=0.00 secs] 
2018-12-31T20:50:10.687+0900: 13657.213: [GC (Allocation Failure) [PSYoungGen: 62944K->2016K(63488K)] 196800K->136024K(382976K), 0.0042333 secs] [Times: user=0.03 sys=0.00, real=0.00 secs] 
2018-12-31T20:50:25.812+0900: 13672.338: [GC (Allocation Failure) [PSYoungGen: 62944K->1984K(63488K)] 196952K->136144K(382976K), 0.0049282 secs] [Times: user=0.03 sys=0.00, real=0.01 secs] 
2018-12-31T20:50:40.904+0900: 13687.431: [GC (Allocation Failure) [PSYoungGen: 62912K->1984K(63488K)] 197072K->136296K(382976K), 0.0048415 secs] [Times: user=0.03 sys=0.00, real=0.00 secs] 
2018-12-31T20:50:56.105+0900: 13702.632: [GC (Allocation Failure) [PSYoungGen: 62912K->1984K(63488K)] 197224K->136456K(382976K), 0.0042712 secs] [Times: user=0.03 sys=0.00, real=0.00 secs] 
2018-12-31T20:51:11.375+0900: 13717.902: [GC (Allocation Failure) [PSYoungGen: 62912K->1984K(63488K)] 197384K->136616K(382976K), 0.0044231 secs] [Times: user=0.03 sys=0.00, real=0.00 secs] 
2018-12-31T20:51:26.664+0900: 13733.191: [GC (Allocation Failure) [PSYoungGen: 62912K->1984K(62976K)] 197544K->136784K(382464K), 0.0049446 secs] [Times: user=0.03 sys=0.00, real=0.00 secs] 
2018-12-31T20:51:41.998+0900: 13748.525: [GC (Allocation Failure) [PSYoungGen: 62912K->1984K(62976K)] 197712K->136952K(382464K), 0.0051294 secs] [Times: user=0.03 sys=0.00, real=0.00 secs] 
2018-12-31T20:51:57.109+0900: 13763.636: [GC (Allocation Failure) [PSYoungGen: 62912K->1536K(62464K)] 197880K->136984K(381952K), 0.0063002 secs] [Times: user=0.03 sys=0.01, real=0.01 secs] 
2018-12-31T20:52:12.350+0900: 13778.877: [GC (Allocation Failure) [PSYoungGen: 62464K->1664K(62976K)] 197912K->137328K(382464K), 0.0049590 secs] [Times: user=0.03 sys=0.00, real=0.01 secs] 
2018-12-31T20:52:27.632+0900: 13794.159: [GC (Allocation Failure) [PSYoungGen: 62592K->1760K(63488K)] 198256K->137424K(382976K), 0.0046780 secs] [Times: user=0.03 sys=0.00, real=0.01 secs] 
2018-12-31T20:52:42.803+0900: 13809.330: [GC (Allocation Failure) [PSYoungGen: 62688K->1824K(63488K)] 198352K->137624K(382976K), 0.0046894 secs] [Times: user=0.03 sys=0.00, real=0.01 secs] 
2018-12-31T20:52:58.040+0900: 13824.567: [GC (Allocation Failure) [PSYoungGen: 62752K->1824K(63488K)] 198552K->137752K(382976K), 0.0045380 secs] [Times: user=0.03 sys=0.00, real=0.01 secs] 
2018-12-31T20:53:13.272+0900: 13839.798: [GC (Allocation Failure) [PSYoungGen: 62752K->1856K(63488K)] 198680K->137912K(382976K), 0.0046261 secs] [Times: user=0.03 sys=0.00, real=0.01 secs] 
2018-12-31T20:53:28.477+0900: 13855.004: [GC (Allocation Failure) [PSYoungGen: 62784K->1888K(63488K)] 198840K->138080K(382976K), 0.0045945 secs] [Times: user=0.03 sys=0.00, real=0.00 secs] 
2018-12-31T20:53:43.599+0900: 13870.126: [GC (Allocation Failure) [PSYoungGen: 62816K->1920K(63488K)] 199008K->138264K(382976K), 0.0050207 secs] [Times: user=0.03 sys=0.00, real=0.01 secs] 
2018-12-31T20:53:58.879+0900: 13885.405: [GC (Allocation Failure) [PSYoungGen: 62848K->1888K(63488K)] 199192K->138360K(382976K), 0.0052174 secs] [Times: user=0.03 sys=0.00, real=0.01 secs] 
2018-12-31T20:54:14.069+0900: 13900.596: [GC (Allocation Failure) [PSYoungGen: 62816K->1952K(63488K)] 199288K->138552K(382976K), 0.0045157 secs] [Times: user=0.04 sys=0.00, real=0.01 secs] 
2018-12-31T20:54:29.304+0900: 13915.830: [GC (Allocation Failure) [PSYoungGen: 62880K->1984K(63488K)] 199480K->138720K(382976K), 0.0045164 secs] [Times: user=0.03 sys=0.00, real=0.00 secs] 
2018-12-31T20:54:44.530+0900: 13931.057: [GC (Allocation Failure) [PSYoungGen: 62912K->1984K(63488K)] 199648K->138864K(382976K), 0.0045738 secs] [Times: user=0.03 sys=0.00, real=0.01 secs] 
2018-12-31T20:54:59.691+0900: 13946.218: [GC (Allocation Failure) [PSYoungGen: 62912K->1952K(63488K)] 199792K->138976K(382976K), 0.0045092 secs] [Times: user=0.03 sys=0.00, real=0.01 secs] 
2018-12-31T20:55:14.906+0900: 13961.433: [GC (Allocation Failure) [PSYoungGen: 62880K->2080K(63488K)] 199904K->139240K(382976K), 0.0045007 secs] [Times: user=0.03 sys=0.00, real=0.00 secs] 
2018-12-31T20:55:30.084+0900: 13976.611: [GC (Allocation Failure) [PSYoungGen: 63008K->2048K(63488K)] 200168K->139352K(382976K), 0.0050316 secs] [Times: user=0.04 sys=0.00, real=0.00 secs] 
2018-12-31T20:55:45.232+0900: 13991.759: [GC (Allocation Failure) [PSYoungGen: 62976K->2016K(63488K)] 200280K->139456K(382976K), 0.0048026 secs] [Times: user=0.03 sys=0.00, real=0.01 secs] 
2018-12-31T20:56:00.457+0900: 14006.983: [GC (Allocation Failure) [PSYoungGen: 62944K->2016K(63488K)] 200384K->139608K(382976K), 0.0051601 secs] [Times: user=0.03 sys=0.00, real=0.00 secs] 
2018-12-31T20:56:15.702+0900: 14022.229: [GC (Allocation Failure) [PSYoungGen: 62944K->2048K(63488K)] 200536K->139792K(382976K), 0.0051888 secs] [Times: user=0.03 sys=0.00, real=0.01 secs] 
2018-12-31T20:56:31.027+0900: 14037.554: [GC (Allocation Failure) [PSYoungGen: 62976K->2016K(63488K)] 200720K->139912K(382976K), 0.0048366 secs] [Times: user=0.03 sys=0.00, real=0.00 secs] 
2018-12-31T20:56:46.208+0900: 14052.735: [GC (Allocation Failure) [PSYoungGen: 62944K->2048K(63488K)] 200840K->140112K(382976K), 0.0051087 secs] [Times: user=0.04 sys=0.00, real=0.00 secs] 
2018-12-31T20:57:01.389+0900: 14067.915: [GC (Allocation Failure) [PSYoungGen: 62976K->2016K(63488K)] 201040K->140248K(382976K), 0.0049028 secs] [Times: user=0.04 sys=0.00, real=0.00 secs] 
2018-12-31T20:57:16.557+0900: 14083.084: [GC (Allocation Failure) [PSYoungGen: 62944K->1984K(63488K)] 201176K->140360K(382976K), 0.0046096 secs] [Times: user=0.04 sys=0.00, real=0.00 secs] 
2018-12-31T20:57:31.769+0900: 14098.295: [GC (Allocation Failure) [PSYoungGen: 62912K->2016K(63488K)] 201288K->140544K(382976K), 0.0047260 secs] [Times: user=0.03 sys=0.00, real=0.00 secs] 
2018-12-31T20:57:46.982+0900: 14113.509: [GC (Allocation Failure) [PSYoungGen: 62944K->1984K(63488K)] 201472K->140664K(382976K), 0.0049774 secs] [Times: user=0.03 sys=0.00, real=0.01 secs] 
2018-12-31T20:58:02.374+0900: 14128.901: [GC (Allocation Failure) [PSYoungGen: 62912K->1952K(63488K)] 201592K->140784K(382976K), 0.0051288 secs] [Times: user=0.03 sys=0.00, real=0.00 secs] 
2018-12-31T20:58:17.632+0900: 14144.159: [GC (Allocation Failure) [PSYoungGen: 62880K->1984K(63488K)] 201712K->140960K(382976K), 0.0050409 secs] [Times: user=0.03 sys=0.00, real=0.01 secs] 
2018-12-31T20:58:32.700+0900: 14159.227: [GC (Allocation Failure) [PSYoungGen: 62912K->2048K(63488K)] 201888K->141192K(382976K), 0.0049101 secs] [Times: user=0.03 sys=0.00, real=0.01 secs] 
2018-12-31T20:58:47.836+0900: 14174.362: [GC (Allocation Failure) [PSYoungGen: 62972K->2016K(63488K)] 202116K->141344K(382976K), 0.0058261 secs] [Times: user=0.05 sys=0.00, real=0.00 secs] 
2018-12-31T20:59:02.985+0900: 14189.512: [GC (Allocation Failure) [PSYoungGen: 62944K->2016K(63488K)] 202272K->141512K(382976K), 0.0048181 secs] [Times: user=0.03 sys=0.00, real=0.00 secs] 
2018-12-31T20:59:18.262+0900: 14204.788: [GC (Allocation Failure) [PSYoungGen: 62944K->1952K(63488K)] 202440K->141616K(382976K), 0.0050156 secs] [Times: user=0.03 sys=0.00, real=0.01 secs] 
2018-12-31T20:59:33.411+0900: 14219.938: [GC (Allocation Failure) [PSYoungGen: 62880K->1984K(63488K)] 202544K->141808K(382976K), 0.0045304 secs] [Times: user=0.02 sys=0.00, real=0.01 secs] 
2018-12-31T20:59:48.597+0900: 14235.124: [GC (Allocation Failure) [PSYoungGen: 62912K->2016K(63488K)] 202736K->142000K(382976K), 0.0048398 secs] [Times: user=0.03 sys=0.00, real=0.00 secs] 
2018-12-31T21:00:03.853+0900: 14250.379: [GC (Allocation Failure) [PSYoungGen: 62944K->1984K(63488K)] 202928K->142120K(382976K), 0.0050957 secs] [Times: user=0.03 sys=0.00, real=0.01 secs] 
2018-12-31T21:00:19.058+0900: 14265.585: [GC (Allocation Failure) [PSYoungGen: 62912K->1984K(63488K)] 203048K->142288K(382976K), 0.0046628 secs] [Times: user=0.03 sys=0.00, real=0.00 secs] 
2018-12-31T21:00:34.187+0900: 14280.714: [GC (Allocation Failure) [PSYoungGen: 62912K->1984K(63488K)] 203216K->142448K(382976K), 0.0044198 secs] [Times: user=0.03 sys=0.00, real=0.00 secs] 
2018-12-31T21:00:49.453+0900: 14295.979: [GC (Allocation Failure) [PSYoungGen: 62912K->1952K(63488K)] 203376K->142576K(382976K), 0.0043246 secs] [Times: user=0.03 sys=0.00, real=0.01 secs] 
2018-12-31T21:01:04.650+0900: 14311.176: [GC (Allocation Failure) [PSYoungGen: 62880K->1920K(63488K)] 203504K->142696K(382976K), 0.0049960 secs] [Times: user=0.03 sys=0.00, real=0.01 secs] 
2018-12-31T21:01:19.900+0900: 14326.427: [GC (Allocation Failure) [PSYoungGen: 62848K->1984K(63488K)] 203624K->142920K(382976K), 0.0046916 secs] [Times: user=0.03 sys=0.00, real=0.01 secs] 
2018-12-31T21:01:35.226+0900: 14341.753: [GC (Allocation Failure) [PSYoungGen: 62912K->2016K(63488K)] 203848K->143120K(382976K), 0.0048526 secs] [Times: user=0.03 sys=0.00, real=0.00 secs] 
2018-12-31T21:01:50.453+0900: 14356.980: [GC (Allocation Failure) [PSYoungGen: 62944K->1920K(63488K)] 204048K->143192K(382976K), 0.0045036 secs] [Times: user=0.03 sys=0.00, real=0.01 secs] 
2018-12-31T21:02:05.553+0900: 14372.080: [GC (Allocation Failure) [PSYoungGen: 62848K->1952K(63488K)] 204120K->143392K(382976K), 0.0055117 secs] [Times: user=0.03 sys=0.00, real=0.01 secs] 
2018-12-31T21:02:20.832+0900: 14387.359: [GC (Allocation Failure) [PSYoungGen: 62880K->1984K(63488K)] 204320K->143576K(382976K), 0.0049153 secs] [Times: user=0.03 sys=0.00, real=0.01 secs] 
2018-12-31T21:02:36.026+0900: 14402.553: [GC (Allocation Failure) [PSYoungGen: 62912K->1920K(63488K)] 204504K->143664K(382976K), 0.0049037 secs] [Times: user=0.03 sys=0.00, real=0.00 secs] 
2018-12-31T21:02:51.045+0900: 14417.572: [GC (Allocation Failure) [PSYoungGen: 62848K->2400K(63488K)] 204592K->144304K(382976K), 0.0050573 secs] [Times: user=0.04 sys=0.00, real=0.00 secs] 
2018-12-31T21:03:06.210+0900: 14432.736: [GC (Allocation Failure) [PSYoungGen: 63328K->2304K(63488K)] 205232K->144376K(382976K), 0.0041565 secs] [Times: user=0.03 sys=0.00, real=0.01 secs] 
2018-12-31T21:03:21.394+0900: 14447.921: [GC (Allocation Failure) [PSYoungGen: 63232K->2208K(63488K)] 205304K->144432K(382976K), 0.0051588 secs] [Times: user=0.03 sys=0.00, real=0.00 secs] 
2018-12-31T21:03:36.629+0900: 14463.156: [GC (Allocation Failure) [PSYoungGen: 63136K->2080K(63488K)] 205360K->144456K(382976K), 0.0047328 secs] [Times: user=0.03 sys=0.00, real=0.01 secs] 
2018-12-31T21:03:51.788+0900: 14478.315: [GC (Allocation Failure) [PSYoungGen: 63008K->1920K(63488K)] 205384K->144448K(382976K), 0.0051045 secs] [Times: user=0.03 sys=0.00, real=0.00 secs] 
2018-12-31T21:04:07.030+0900: 14493.556: [GC (Allocation Failure) [PSYoungGen: 62848K->1888K(63488K)] 205376K->144576K(382976K), 0.0045344 secs] [Times: user=0.03 sys=0.00, real=0.01 secs] 
2018-12-31T21:04:22.234+0900: 14508.761: [GC (Allocation Failure) [PSYoungGen: 62816K->1696K(63488K)] 205504K->144536K(382976K), 0.0043172 secs] [Times: user=0.03 sys=0.00, real=0.00 secs] 
2018-12-31T21:04:37.537+0900: 14524.064: [GC (Allocation Failure) [PSYoungGen: 62624K->1600K(63488K)] 205464K->144600K(382976K), 0.0044963 secs] [Times: user=0.03 sys=0.00, real=0.00 secs] 
2018-12-31T21:04:52.756+0900: 14539.283: [GC (Allocation Failure) [PSYoungGen: 62528K->1472K(63488K)] 205528K->144616K(382976K), 0.0056265 secs] [Times: user=0.04 sys=0.00, real=0.00 secs] 
2018-12-31T21:05:07.962+0900: 14554.489: [GC (Allocation Failure) [PSYoungGen: 62400K->1408K(63488K)] 205544K->144696K(382976K), 0.0045876 secs] [Times: user=0.02 sys=0.00, real=0.01 secs] 
2018-12-31T21:05:23.194+0900: 14569.721: [GC (Allocation Failure) [PSYoungGen: 62336K->1280K(63488K)] 205624K->144712K(382976K), 0.0054968 secs] [Times: user=0.03 sys=0.00, real=0.00 secs] 
2018-12-31T21:05:38.395+0900: 14584.922: [GC (Allocation Failure) [PSYoungGen: 62208K->1216K(63488K)] 205640K->144792K(382976K), 0.0043688 secs] [Times: user=0.03 sys=0.00, real=0.00 secs] 
2018-12-31T21:05:53.465+0900: 14599.991: [GC (Allocation Failure) [PSYoungGen: 62144K->1024K(63488K)] 205720K->144736K(382976K), 0.0041740 secs] [Times: user=0.02 sys=0.00, real=0.00 secs] 
2018-12-31T21:06:08.644+0900: 14615.171: [GC (Allocation Failure) [PSYoungGen: 61952K->928K(64000K)] 205664K->144808K(383488K), 0.0036797 secs] [Times: user=0.02 sys=0.00, real=0.00 secs] 
2018-12-31T21:06:23.852+0900: 14630.378: [GC (Allocation Failure) [PSYoungGen: 61856K->800K(64000K)] 205736K->144832K(383488K), 0.0037043 secs] [Times: user=0.02 sys=0.00, real=0.01 secs] 
2018-12-31T21:06:39.044+0900: 14645.571: [GC (Allocation Failure) [PSYoungGen: 61728K->640K(64000K)] 205760K->144912K(383488K), 0.0040034 secs] [Times: user=0.02 sys=0.00, real=0.00 secs] 
2018-12-31T21:06:54.355+0900: 14660.882: [GC (Allocation Failure) [PSYoungGen: 61568K->704K(64000K)] 205840K->145032K(383488K), 0.0034219 secs] [Times: user=0.01 sys=0.00, real=0.00 secs] 
2018-12-31T21:07:09.631+0900: 14676.158: [GC (Allocation Failure) [PSYoungGen: 61632K->800K(64000K)] 205960K->145200K(383488K), 0.0030961 secs] [Times: user=0.02 sys=0.00, real=0.01 secs] 
2018-12-31T21:07:24.827+0900: 14691.354: [GC (Allocation Failure) [PSYoungGen: 61728K->928K(64000K)] 206128K->145408K(383488K), 0.0040710 secs] [Times: user=0.01 sys=0.01, real=0.00 secs] 
2018-12-31T21:07:40.032+0900: 14706.559: [GC (Allocation Failure) [PSYoungGen: 61856K->1024K(62976K)] 206336K->145576K(382464K), 0.0034724 secs] [Times: user=0.02 sys=0.00, real=0.01 secs] 
2018-12-31T21:07:55.225+0900: 14721.751: [GC (Allocation Failure) [PSYoungGen: 61952K->1152K(63488K)] 206504K->145784K(382976K), 0.0030911 secs] [Times: user=0.01 sys=0.01, real=0.00 secs] 
2018-12-31T21:08:10.494+0900: 14737.021: [GC (Allocation Failure) [PSYoungGen: 62080K->1248K(63488K)] 206712K->145960K(382976K), 0.0032961 secs] [Times: user=0.02 sys=0.00, real=0.00 secs] 
2018-12-31T21:08:25.682+0900: 14752.209: [GC (Allocation Failure) [PSYoungGen: 62176K->1408K(63488K)] 206888K->146200K(382976K), 0.0034376 secs] [Times: user=0.02 sys=0.00, real=0.01 secs] 
2018-12-31T21:08:40.926+0900: 14767.453: [GC (Allocation Failure) [PSYoungGen: 62336K->1440K(63488K)] 207128K->146304K(382976K), 0.0034710 secs] [Times: user=0.02 sys=0.00, real=0.00 secs] 
2018-12-31T21:08:56.194+0900: 14782.721: [GC (Allocation Failure) [PSYoungGen: 62368K->1568K(63488K)] 207232K->146504K(382976K), 0.0039145 secs] [Times: user=0.02 sys=0.00, real=0.00 secs] 
2018-12-31T21:09:11.265+0900: 14797.792: [GC (Allocation Failure) [PSYoungGen: 62496K->1696K(63488K)] 207432K->146704K(382976K), 0.0037790 secs] [Times: user=0.02 sys=0.00, real=0.00 secs] 
2018-12-31T21:09:26.448+0900: 14812.975: [GC (Allocation Failure) [PSYoungGen: 62624K->1728K(63488K)] 207632K->146816K(382976K), 0.0038872 secs] [Times: user=0.02 sys=0.00, real=0.00 secs] 
2018-12-31T21:09:41.709+0900: 14828.235: [GC (Allocation Failure) [PSYoungGen: 62656K->1824K(63488K)] 207744K->146992K(382976K), 0.0040127 secs] [Times: user=0.03 sys=0.00, real=0.00 secs] 
2018-12-31T21:09:56.949+0900: 14843.475: [GC (Allocation Failure) [PSYoungGen: 62752K->1824K(63488K)] 207920K->147072K(382976K), 0.0041042 secs] [Times: user=0.03 sys=0.00, real=0.00 secs] 
2018-12-31T21:10:12.244+0900: 14858.771: [GC (Allocation Failure) [PSYoungGen: 62752K->1952K(63488K)] 208000K->147288K(382976K), 0.0044581 secs] [Times: user=0.03 sys=0.00, real=0.00 secs] 
2018-12-31T21:10:27.558+0900: 14874.085: [GC (Allocation Failure) [PSYoungGen: 62880K->2048K(63488K)] 208216K->147472K(382976K), 0.0045892 secs] [Times: user=0.03 sys=0.00, real=0.00 secs] 
2018-12-31T21:10:42.685+0900: 14889.212: [GC (Allocation Failure) [PSYoungGen: 62976K->2080K(64000K)] 208400K->147664K(383488K), 0.0042588 secs] [Times: user=0.03 sys=0.00, real=0.00 secs] 
2018-12-31T21:10:57.884+0900: 14904.410: [GC (Allocation Failure) [PSYoungGen: 63008K->1984K(64000K)] 208592K->147728K(383488K), 0.0041231 secs] [Times: user=0.03 sys=0.00, real=0.00 secs] 
2018-12-31T21:11:13.245+0900: 14919.772: [GC (Allocation Failure) [PSYoungGen: 62912K->1984K(64000K)] 208656K->147888K(383488K), 0.0045861 secs] [Times: user=0.03 sys=0.00, real=0.00 secs] 
2018-12-31T21:11:28.596+0900: 14935.122: [GC (Allocation Failure) [PSYoungGen: 62912K->2048K(64000K)] 208816K->148104K(383488K), 0.0046295 secs] [Times: user=0.03 sys=0.00, real=0.00 secs] 
2018-12-31T21:11:43.808+0900: 14950.334: [GC (Allocation Failure) [PSYoungGen: 62976K->1984K(64000K)] 209032K->148192K(383488K), 0.0048084 secs] [Times: user=0.03 sys=0.00, real=0.00 secs] 
2018-12-31T21:11:58.929+0900: 14965.456: [GC (Allocation Failure) [PSYoungGen: 62912K->1952K(64000K)] 209120K->148304K(383488K), 0.0050006 secs] [Times: user=0.03 sys=0.00, real=0.01 secs] 
2018-12-31T21:12:14.122+0900: 14980.649: [GC (Allocation Failure) [PSYoungGen: 62880K->1952K(64000K)] 209232K->148472K(383488K), 0.0049201 secs] [Times: user=0.04 sys=0.00, real=0.01 secs] 
2018-12-31T21:12:29.421+0900: 14995.947: [GC (Allocation Failure) [PSYoungGen: 62880K->2016K(64000K)] 209400K->148704K(383488K), 0.0051092 secs] [Times: user=0.03 sys=0.00, real=0.01 secs] 
2018-12-31T21:12:44.605+0900: 15011.132: [GC (Allocation Failure) [PSYoungGen: 62944K->1984K(64000K)] 209632K->148832K(383488K), 0.0049525 secs] [Times: user=0.03 sys=0.00, real=0.00 secs] 
2018-12-31T21:12:59.782+0900: 15026.308: [GC (Allocation Failure) [PSYoungGen: 62912K->2016K(64000K)] 209760K->149016K(383488K), 0.0052484 secs] [Times: user=0.03 sys=0.00, real=0.01 secs] 
2018-12-31T21:13:15.027+0900: 15041.554: [GC (Allocation Failure) [PSYoungGen: 62944K->2016K(64000K)] 209944K->149176K(383488K), 0.0048578 secs] [Times: user=0.03 sys=0.00, real=0.00 secs] 
2018-12-31T21:13:30.277+0900: 15056.804: [GC (Allocation Failure) [PSYoungGen: 62944K->2048K(64000K)] 210104K->149368K(383488K), 0.0046908 secs] [Times: user=0.03 sys=0.00, real=0.00 secs] 
2018-12-31T21:13:45.344+0900: 15071.871: [GC (Allocation Failure) [PSYoungGen: 62976K->2048K(64000K)] 210296K->149536K(383488K), 0.0053573 secs] [Times: user=0.04 sys=0.00, real=0.00 secs] 
2018-12-31T21:14:00.541+0900: 15087.067: [GC (Allocation Failure) [PSYoungGen: 62976K->1984K(64000K)] 210464K->149624K(383488K), 0.0048589 secs] [Times: user=0.03 sys=0.00, real=0.01 secs] 
2018-12-31T21:14:15.730+0900: 15102.257: [GC (Allocation Failure) [PSYoungGen: 62912K->1984K(62976K)] 210552K->149768K(382464K), 0.0048610 secs] [Times: user=0.03 sys=0.00, real=0.01 secs] 
2018-12-31T21:14:31.013+0900: 15117.540: [GC (Allocation Failure) [PSYoungGen: 62912K->1984K(63488K)] 210696K->149936K(382976K), 0.0049101 secs] [Times: user=0.03 sys=0.00, real=0.01 secs] 
2018-12-31T21:14:46.257+0900: 15132.784: [GC (Allocation Failure) [PSYoungGen: 62912K->1984K(63488K)] 210864K->150088K(382976K), 0.0047190 secs] [Times: user=0.03 sys=0.00, real=0.00 secs] 
2018-12-31T21:15:01.572+0900: 15148.099: [GC (Allocation Failure) [PSYoungGen: 62912K->1984K(63488K)] 211016K->150248K(382976K), 0.0047523 secs] [Times: user=0.03 sys=0.00, real=0.01 secs] 
2018-12-31T21:15:16.712+0900: 15163.239: [GC (Allocation Failure) [PSYoungGen: 62912K->1952K(63488K)] 211176K->150384K(382976K), 0.0049188 secs] [Times: user=0.03 sys=0.00, real=0.01 secs] 
2018-12-31T21:15:31.924+0900: 15178.451: [GC (Allocation Failure) [PSYoungGen: 62880K->1952K(63488K)] 211312K->150536K(382976K), 0.0047834 secs] [Times: user=0.03 sys=0.00, real=0.00 secs] 
2018-12-31T21:15:47.226+0900: 15193.753: [GC (Allocation Failure) [PSYoungGen: 62880K->1984K(63488K)] 211464K->150728K(382976K), 0.0048940 secs] [Times: user=0.03 sys=0.00, real=0.00 secs] 
2018-12-31T21:16:02.607+0900: 15209.134: [GC (Allocation Failure) [PSYoungGen: 62912K->1984K(63488K)] 211656K->150872K(382976K), 0.0046516 secs] [Times: user=0.03 sys=0.00, real=0.00 secs] 
2018-12-31T21:16:17.878+0900: 15224.405: [GC (Allocation Failure) [PSYoungGen: 62912K->2016K(63488K)] 211800K->151056K(382976K), 0.0050505 secs] [Times: user=0.03 sys=0.00, real=0.00 secs] 
2018-12-31T21:16:33.018+0900: 15239.544: [GC (Allocation Failure) [PSYoungGen: 62944K->1984K(63488K)] 211984K->151176K(382976K), 0.0049340 secs] [Times: user=0.03 sys=0.00, real=0.00 secs] 
2018-12-31T21:16:48.129+0900: 15254.656: [GC (Allocation Failure) [PSYoungGen: 62912K->1984K(63488K)] 212104K->151328K(382976K), 0.0048101 secs] [Times: user=0.03 sys=0.00, real=0.01 secs] 
2018-12-31T21:17:03.477+0900: 15270.004: [GC (Allocation Failure) [PSYoungGen: 62912K->1984K(63488K)] 212256K->151480K(382976K), 0.0050634 secs] [Times: user=0.03 sys=0.00, real=0.00 secs] 
2018-12-31T21:17:18.764+0900: 15285.290: [GC (Allocation Failure) [PSYoungGen: 62912K->1952K(63488K)] 212408K->151608K(382976K), 0.0061114 secs] [Times: user=0.04 sys=0.01, real=0.01 secs] 
2018-12-31T21:17:34.041+0900: 15300.568: [GC (Allocation Failure) [PSYoungGen: 62880K->1952K(63488K)] 212536K->151752K(382976K), 0.0048690 secs] [Times: user=0.03 sys=0.00, real=0.01 secs] 
2018-12-31T21:17:49.222+0900: 15315.748: [GC (Allocation Failure) [PSYoungGen: 62880K->1984K(63488K)] 212680K->151944K(382976K), 0.0051151 secs] [Times: user=0.03 sys=0.00, real=0.01 secs] 
2018-12-31T21:18:04.425+0900: 15330.952: [GC (Allocation Failure) [PSYoungGen: 62912K->1984K(63488K)] 212872K->152104K(382976K), 0.0048728 secs] [Times: user=0.03 sys=0.00, real=0.00 secs] 
2018-12-31T21:18:19.492+0900: 15346.019: [GC (Allocation Failure) [PSYoungGen: 62912K->1984K(63488K)] 213032K->152272K(382976K), 0.0049669 secs] [Times: user=0.03 sys=0.00, real=0.01 secs] 
2018-12-31T21:18:34.702+0900: 15361.229: [GC (Allocation Failure) [PSYoungGen: 62912K->1984K(63488K)] 213200K->152432K(382976K), 0.0048112 secs] [Times: user=0.03 sys=0.00, real=0.01 secs] 
2018-12-31T21:18:49.923+0900: 15376.450: [GC (Allocation Failure) [PSYoungGen: 62912K->1920K(63488K)] 213360K->152520K(382976K), 0.0047633 secs] [Times: user=0.03 sys=0.00, real=0.01 secs] 
2018-12-31T21:19:05.184+0900: 15391.710: [GC (Allocation Failure) [PSYoungGen: 62848K->1952K(63488K)] 213448K->152712K(382976K), 0.0050889 secs] [Times: user=0.03 sys=0.00, real=0.01 secs] 
2018-12-31T21:19:20.424+0900: 15406.951: [GC (Allocation Failure) [PSYoungGen: 62880K->1984K(63488K)] 213640K->152904K(382976K), 0.0050429 secs] [Times: user=0.03 sys=0.00, real=0.00 secs] 
2018-12-31T21:19:35.658+0900: 15422.185: [GC (Allocation Failure) [PSYoungGen: 62912K->1952K(63488K)] 213832K->153040K(382976K), 0.0044993 secs] [Times: user=0.03 sys=0.00, real=0.00 secs] 
2018-12-31T21:19:50.861+0900: 15437.388: [GC (Allocation Failure) [PSYoungGen: 62880K->2016K(63488K)] 213968K->153272K(382976K), 0.0043350 secs] [Times: user=0.03 sys=0.00, real=0.01 secs] 
2018-12-31T21:20:06.028+0900: 15452.554: [GC (Allocation Failure) [PSYoungGen: 62944K->1984K(63488K)] 214200K->153400K(382976K), 0.0048472 secs] [Times: user=0.03 sys=0.00, real=0.00 secs] 
2018-12-31T21:20:21.355+0900: 15467.882: [GC (Allocation Failure) [PSYoungGen: 62912K->1984K(63488K)] 214328K->153568K(382976K), 0.0052056 secs] [Times: user=0.03 sys=0.00, real=0.00 secs] 
2018-12-31T21:20:36.637+0900: 15483.164: [GC (Allocation Failure) [PSYoungGen: 62912K->1952K(63488K)] 214496K->153704K(382976K), 0.0050185 secs] [Times: user=0.03 sys=0.00, real=0.00 secs] 
2018-12-31T21:20:51.884+0900: 15498.411: [GC (Allocation Failure) [PSYoungGen: 62880K->1984K(63488K)] 214632K->153896K(382976K), 0.0048963 secs] [Times: user=0.03 sys=0.00, real=0.00 secs] 
2018-12-31T21:21:07.167+0900: 15513.694: [GC (Allocation Failure) [PSYoungGen: 62912K->2016K(63488K)] 214824K->154088K(382976K), 0.0048641 secs] [Times: user=0.03 sys=0.00, real=0.00 secs] 
2018-12-31T21:21:22.259+0900: 15528.786: [GC (Allocation Failure) [PSYoungGen: 62944K->1984K(63488K)] 215016K->154200K(382976K), 0.0047076 secs] [Times: user=0.03 sys=0.00, real=0.01 secs] 
2018-12-31T21:21:37.479+0900: 15544.006: [GC (Allocation Failure) [PSYoungGen: 62912K->1952K(63488K)] 215128K->154320K(382976K), 0.0045983 secs] [Times: user=0.03 sys=0.00, real=0.01 secs] 
2018-12-31T21:21:52.723+0900: 15559.250: [GC (Allocation Failure) [PSYoungGen: 62880K->1952K(63488K)] 215248K->154480K(382976K), 0.0049058 secs] [Times: user=0.03 sys=0.00, real=0.01 secs] 
2018-12-31T21:22:07.963+0900: 15574.490: [GC (Allocation Failure) [PSYoungGen: 62880K->1984K(63488K)] 215408K->154664K(382976K), 0.0049929 secs] [Times: user=0.03 sys=0.00, real=0.01 secs] 
2018-12-31T21:22:23.203+0900: 15589.730: [GC (Allocation Failure) [PSYoungGen: 62912K->1888K(63488K)] 215592K->154712K(382976K), 0.0050451 secs] [Times: user=0.03 sys=0.00, real=0.01 secs] 
2018-12-31T21:22:38.494+0900: 15605.020: [GC (Allocation Failure) [PSYoungGen: 62816K->2016K(63488K)] 215640K->155000K(382976K), 0.0049970 secs] [Times: user=0.03 sys=0.00, real=0.00 secs] 
2018-12-31T21:22:53.590+0900: 15620.117: [GC (Allocation Failure) [PSYoungGen: 62944K->1984K(63488K)] 215928K->155136K(382976K), 0.0047913 secs] [Times: user=0.03 sys=0.00, real=0.01 secs] 
2018-12-31T21:23:08.753+0900: 15635.280: [GC (Allocation Failure) [PSYoungGen: 62912K->2048K(63488K)] 216064K->155352K(382976K), 0.0049023 secs] [Times: user=0.03 sys=0.00, real=0.01 secs] 
2018-12-31T21:23:23.925+0900: 15650.452: [GC (Allocation Failure) [PSYoungGen: 62976K->1920K(63488K)] 216280K->155376K(382976K), 0.0050894 secs] [Times: user=0.03 sys=0.00, real=0.00 secs] 
2018-12-31T21:23:39.338+0900: 15665.865: [GC (Allocation Failure) [PSYoungGen: 62848K->1984K(63488K)] 216304K->155600K(382976K), 0.0047993 secs] [Times: user=0.03 sys=0.00, real=0.00 secs] 
2018-12-31T21:23:54.552+0900: 15681.078: [GC (Allocation Failure) [PSYoungGen: 62912K->1952K(63488K)] 216528K->155728K(382976K), 0.0050817 secs] [Times: user=0.03 sys=0.00, real=0.01 secs] 
2018-12-31T21:24:09.893+0900: 15696.419: [GC (Allocation Failure) [PSYoungGen: 62880K->1984K(63488K)] 216656K->155928K(382976K), 0.0053895 secs] [Times: user=0.04 sys=0.00, real=0.01 secs] 
2018-12-31T21:24:24.962+0900: 15711.489: [GC (Allocation Failure) [PSYoungGen: 62912K->2016K(63488K)] 216856K->156112K(382976K), 0.0048180 secs] [Times: user=0.03 sys=0.00, real=0.01 secs] 
2018-12-31T21:24:40.220+0900: 15726.747: [GC (Allocation Failure) [PSYoungGen: 62944K->1952K(63488K)] 217040K->156200K(382976K), 0.0046115 secs] [Times: user=0.03 sys=0.00, real=0.01 secs] 
2018-12-31T21:24:55.459+0900: 15741.986: [GC (Allocation Failure) [PSYoungGen: 62880K->1952K(63488K)] 217128K->156368K(382976K), 0.0043573 secs] [Times: user=0.03 sys=0.00, real=0.00 secs] 
2018-12-31T21:25:10.765+0900: 15757.291: [GC (Allocation Failure) [PSYoungGen: 62880K->2048K(63488K)] 217296K->156624K(382976K), 0.0049277 secs] [Times: user=0.03 sys=0.00, real=0.00 secs] 
2018-12-31T21:25:26.126+0900: 15772.653: [GC (Allocation Failure) [PSYoungGen: 62976K->2016K(63488K)] 217552K->156744K(382976K), 0.0048283 secs] [Times: user=0.03 sys=0.00, real=0.00 secs] 
2018-12-31T21:25:41.268+0900: 15787.795: [GC (Allocation Failure) [PSYoungGen: 62944K->2016K(63488K)] 217672K->156904K(382976K), 0.0049970 secs] [Times: user=0.03 sys=0.00, real=0.00 secs] 
2018-12-31T21:25:56.508+0900: 15803.035: [GC (Allocation Failure) [PSYoungGen: 62944K->1984K(63488K)] 217832K->157032K(382976K), 0.0050588 secs] [Times: user=0.03 sys=0.00, real=0.00 secs] 
2018-12-31T21:26:11.727+0900: 15818.254: [GC (Allocation Failure) [PSYoungGen: 62912K->2016K(63488K)] 217960K->157224K(382976K), 0.0059362 secs] [Times: user=0.04 sys=0.00, real=0.00 secs] 
2018-12-31T21:26:26.992+0900: 15833.518: [GC (Allocation Failure) [PSYoungGen: 62944K->2016K(63488K)] 218152K->157392K(382976K), 0.0045787 secs] [Times: user=0.03 sys=0.00, real=0.01 secs] 
2018-12-31T21:26:42.252+0900: 15848.779: [GC (Allocation Failure) [PSYoungGen: 62944K->1952K(63488K)] 218320K->157488K(382976K), 0.0050606 secs] [Times: user=0.03 sys=0.00, real=0.01 secs] 
2018-12-31T21:26:57.534+0900: 15864.060: [GC (Allocation Failure) [PSYoungGen: 62880K->2016K(63488K)] 218416K->157720K(382976K), 0.0058280 secs] [Times: user=0.04 sys=0.00, real=0.00 secs] 
2018-12-31T21:27:12.634+0900: 15879.160: [GC (Allocation Failure) [PSYoungGen: 62944K->1984K(63488K)] 218648K->157848K(382976K), 0.0048160 secs] [Times: user=0.03 sys=0.00, real=0.01 secs] 
2018-12-31T21:27:27.823+0900: 15894.350: [GC (Allocation Failure) [PSYoungGen: 62912K->2016K(63488K)] 218776K->158032K(382976K), 0.0051933 secs] [Times: user=0.03 sys=0.00, real=0.01 secs] 
2018-12-31T21:27:43.172+0900: 15909.698: [GC (Allocation Failure) [PSYoungGen: 62944K->2048K(63488K)] 218960K->158224K(382976K), 0.0049357 secs] [Times: user=0.03 sys=0.00, real=0.01 secs] 
2018-12-31T21:27:58.473+0900: 15925.000: [GC (Allocation Failure) [PSYoungGen: 62976K->2016K(63488K)] 219152K->158352K(382976K), 0.0049408 secs] [Times: user=0.03 sys=0.00, real=0.01 secs] 
2018-12-31T21:28:13.818+0900: 15940.344: [GC (Allocation Failure) [PSYoungGen: 62944K->1984K(63488K)] 219280K->158488K(382976K), 0.0046557 secs] [Times: user=0.03 sys=0.00, real=0.00 secs] 
2018-12-31T21:28:28.944+0900: 15955.470: [GC (Allocation Failure) [PSYoungGen: 62912K->2048K(63488K)] 219416K->158712K(382976K), 0.0052041 secs] [Times: user=0.03 sys=0.00, real=0.01 secs] 
2018-12-31T21:28:44.131+0900: 15970.658: [GC (Allocation Failure) [PSYoungGen: 62976K->1984K(63488K)] 219640K->158800K(382976K), 0.0052983 secs] [Times: user=0.03 sys=0.00, real=0.01 secs] 
2018-12-31T21:28:59.333+0900: 15985.860: [GC (Allocation Failure) [PSYoungGen: 62912K->1952K(63488K)] 219728K->158928K(382976K), 0.0052739 secs] [Times: user=0.02 sys=0.01, real=0.01 secs] 
2018-12-31T21:29:14.587+0900: 16001.114: [GC (Allocation Failure) [PSYoungGen: 62880K->1952K(63488K)] 219856K->159088K(382976K), 0.0043827 secs] [Times: user=0.03 sys=0.00, real=0.00 secs] 
2018-12-31T21:29:29.968+0900: 16016.495: [GC (Allocation Failure) [PSYoungGen: 62880K->1984K(63488K)] 220016K->159288K(382976K), 0.0051083 secs] [Times: user=0.03 sys=0.00, real=0.00 secs] 
2018-12-31T21:29:45.203+0900: 16031.729: [GC (Allocation Failure) [PSYoungGen: 62912K->1984K(63488K)] 220216K->159448K(382976K), 0.0047558 secs] [Times: user=0.04 sys=0.00, real=0.01 secs] 
2018-12-31T21:30:00.329+0900: 16046.856: [GC (Allocation Failure) [PSYoungGen: 62912K->2016K(63488K)] 220376K->159640K(382976K), 0.0051268 secs] [Times: user=0.03 sys=0.00, real=0.01 secs] 
2018-12-31T21:30:15.494+0900: 16062.020: [GC (Allocation Failure) [PSYoungGen: 62944K->1984K(63488K)] 220568K->159752K(382976K), 0.0050585 secs] [Times: user=0.03 sys=0.00, real=0.01 secs] 
2018-12-31T21:30:30.782+0900: 16077.309: [GC (Allocation Failure) [PSYoungGen: 62912K->1952K(63488K)] 220680K->159872K(382976K), 0.0047204 secs] [Times: user=0.03 sys=0.00, real=0.01 secs] 
2018-12-31T21:30:46.055+0900: 16092.582: [GC (Allocation Failure) [PSYoungGen: 62880K->1952K(63488K)] 220800K->160016K(382976K), 0.0051826 secs] [Times: user=0.04 sys=0.00, real=0.00 secs] 
2018-12-31T21:31:01.382+0900: 16107.908: [GC (Allocation Failure) [PSYoungGen: 62880K->2016K(63488K)] 220944K->160224K(382976K), 0.0049576 secs] [Times: user=0.03 sys=0.00, real=0.01 secs] 
2018-12-31T21:31:16.635+0900: 16123.162: [GC (Allocation Failure) [PSYoungGen: 62944K->2016K(63488K)] 221152K->160376K(382976K), 0.0049749 secs] [Times: user=0.03 sys=0.00, real=0.00 secs] 
2018-12-31T21:31:31.887+0900: 16138.413: [GC (Allocation Failure) [PSYoungGen: 62944K->1984K(63488K)] 221304K->160504K(382976K), 0.0047877 secs] [Times: user=0.03 sys=0.00, real=0.00 secs] 
2018-12-31T21:31:47.120+0900: 16153.647: [GC (Allocation Failure) [PSYoungGen: 62912K->1984K(63488K)] 221432K->160664K(382976K), 0.0051372 secs] [Times: user=0.03 sys=0.00, real=0.01 secs] 
2018-12-31T21:32:02.377+0900: 16168.904: [GC (Allocation Failure) [PSYoungGen: 62912K->1984K(63488K)] 221592K->160824K(382976K), 0.0047528 secs] [Times: user=0.03 sys=0.00, real=0.00 secs] 
2018-12-31T21:32:17.622+0900: 16184.148: [GC (Allocation Failure) [PSYoungGen: 62912K->1952K(63488K)] 221752K->160952K(382976K), 0.0049128 secs] [Times: user=0.04 sys=0.00, real=0.01 secs] 
2018-12-31T21:32:32.940+0900: 16199.467: [GC (Allocation Failure) [PSYoungGen: 62880K->2016K(63488K)] 221880K->161168K(382976K), 0.0059345 secs] [Times: user=0.03 sys=0.00, real=0.01 secs] 
2018-12-31T21:32:48.009+0900: 16214.536: [GC (Allocation Failure) [PSYoungGen: 62944K->2048K(63488K)] 222096K->161352K(382976K), 0.0050282 secs] [Times: user=0.03 sys=0.00, real=0.01 secs] 
2018-12-31T21:33:03.253+0900: 16229.780: [GC (Allocation Failure) [PSYoungGen: 62976K->2016K(63488K)] 222280K->161488K(382976K), 0.0050651 secs] [Times: user=0.04 sys=0.00, real=0.01 secs] 
2018-12-31T21:33:18.451+0900: 16244.978: [GC (Allocation Failure) [PSYoungGen: 62944K->1920K(63488K)] 222416K->161544K(382976K), 0.0048824 secs] [Times: user=0.03 sys=0.00, real=0.01 secs] 
2018-12-31T21:33:33.616+0900: 16260.143: [GC (Allocation Failure) [PSYoungGen: 62848K->1984K(63488K)] 222472K->161784K(382976K), 0.0057536 secs] [Times: user=0.04 sys=0.00, real=0.00 secs] 
2018-12-31T21:33:48.838+0900: 16275.364: [GC (Allocation Failure) [PSYoungGen: 62912K->2016K(63488K)] 222712K->161984K(382976K), 0.0047879 secs] [Times: user=0.03 sys=0.00, real=0.00 secs] 
2018-12-31T21:34:04.100+0900: 16290.627: [GC (Allocation Failure) [PSYoungGen: 62944K->2016K(63488K)] 222912K->162144K(382976K), 0.0048970 secs] [Times: user=0.03 sys=0.00, real=0.01 secs] 
2018-12-31T21:34:19.368+0900: 16305.895: [GC (Allocation Failure) [PSYoungGen: 62944K->2080K(63488K)] 223072K->162360K(382976K), 0.0050401 secs] [Times: user=0.03 sys=0.00, real=0.00 secs] 
2018-12-31T21:34:34.566+0900: 16321.093: [GC (Allocation Failure) [PSYoungGen: 63008K->2048K(63488K)] 223288K->162488K(382976K), 0.0048197 secs] [Times: user=0.03 sys=0.00, real=0.00 secs] 
2018-12-31T21:34:49.793+0900: 16336.320: [GC (Allocation Failure) [PSYoungGen: 62976K->1952K(63488K)] 223416K->162552K(382976K), 0.0053529 secs] [Times: user=0.03 sys=0.00, real=0.01 secs] 
2018-12-31T21:35:05.065+0900: 16351.592: [GC (Allocation Failure) [PSYoungGen: 62880K->1984K(63488K)] 223480K->162736K(382976K), 0.0050453 secs] [Times: user=0.03 sys=0.00, real=0.00 secs] 
2018-12-31T21:35:20.293+0900: 16366.820: [GC (Allocation Failure) [PSYoungGen: 62912K->1952K(63488K)] 223664K->162856K(382976K), 0.0048510 secs] [Times: user=0.03 sys=0.00, real=0.01 secs] 
2018-12-31T21:35:35.581+0900: 16382.108: [GC (Allocation Failure) [PSYoungGen: 62880K->1984K(63488K)] 223784K->163040K(382976K), 0.0050150 secs] [Times: user=0.03 sys=0.00, real=0.01 secs] 
2018-12-31T21:35:50.733+0900: 16397.259: [GC (Allocation Failure) [PSYoungGen: 62912K->2016K(63488K)] 223968K->163224K(382976K), 0.0054729 secs] [Times: user=0.03 sys=0.00, real=0.01 secs] 
2018-12-31T21:36:05.941+0900: 16412.468: [GC (Allocation Failure) [PSYoungGen: 62944K->2016K(63488K)] 224152K->163368K(382976K), 0.0050523 secs] [Times: user=0.03 sys=0.00, real=0.01 secs] 
2018-12-31T21:36:21.234+0900: 16427.760: [GC (Allocation Failure) [PSYoungGen: 62944K->2016K(63488K)] 224296K->163520K(382976K), 0.0047761 secs] [Times: user=0.03 sys=0.00, real=0.00 secs] 
2018-12-31T21:36:36.403+0900: 16442.930: [GC (Allocation Failure) [PSYoungGen: 62944K->2016K(63488K)] 224448K->163672K(382976K), 0.0049511 secs] [Times: user=0.03 sys=0.00, real=0.01 secs] 
2018-12-31T21:36:51.582+0900: 16458.108: [GC (Allocation Failure) [PSYoungGen: 62944K->1984K(63488K)] 224600K->163784K(382976K), 0.0046668 secs] [Times: user=0.03 sys=0.00, real=0.01 secs] 
2018-12-31T21:37:06.823+0900: 16473.350: [GC (Allocation Failure) [PSYoungGen: 62912K->1952K(63488K)] 224712K->163912K(382976K), 0.0049097 secs] [Times: user=0.03 sys=0.00, real=0.01 secs] 
2018-12-31T21:37:22.089+0900: 16488.616: [GC (Allocation Failure) [PSYoungGen: 62880K->1952K(63488K)] 224840K->164056K(382976K), 0.0051014 secs] [Times: user=0.03 sys=0.00, real=0.01 secs] 
2018-12-31T21:37:37.158+0900: 16503.685: [GC (Allocation Failure) [PSYoungGen: 62880K->2048K(63488K)] 224984K->164312K(382976K), 0.0048808 secs] [Times: user=0.04 sys=0.00, real=0.00 secs] 
2018-12-31T21:37:52.291+0900: 16518.818: [GC (Allocation Failure) [PSYoungGen: 62976K->1952K(63488K)] 225240K->164376K(382976K), 0.0051452 secs] [Times: user=0.04 sys=0.00, real=0.01 secs] 
2018-12-31T21:38:07.588+0900: 16534.115: [GC (Allocation Failure) [PSYoungGen: 62880K->1952K(63488K)] 225304K->164528K(382976K), 0.0049120 secs] [Times: user=0.03 sys=0.00, real=0.00 secs] 
2018-12-31T21:38:22.806+0900: 16549.333: [GC (Allocation Failure) [PSYoungGen: 62880K->1984K(63488K)] 225456K->164712K(382976K), 0.0049323 secs] [Times: user=0.03 sys=0.00, real=0.00 secs] 
2018-12-31T21:38:38.077+0900: 16564.604: [GC (Allocation Failure) [PSYoungGen: 62912K->1952K(63488K)] 225640K->164816K(382976K), 0.0053146 secs] [Times: user=0.03 sys=0.00, real=0.00 secs] 
2018-12-31T21:38:53.292+0900: 16579.819: [GC (Allocation Failure) [PSYoungGen: 62880K->2048K(63488K)] 225744K->165072K(382976K), 0.0051189 secs] [Times: user=0.03 sys=0.00, real=0.01 secs] 
2018-12-31T21:39:08.501+0900: 16595.027: [GC (Allocation Failure) [PSYoungGen: 62976K->1920K(63488K)] 226000K->165112K(382976K), 0.0050376 secs] [Times: user=0.04 sys=0.00, real=0.01 secs] 
2018-12-31T21:39:23.576+0900: 16610.103: [GC (Allocation Failure) [PSYoungGen: 62848K->1984K(63488K)] 226040K->165344K(382976K), 0.0053360 secs] [Times: user=0.03 sys=0.00, real=0.00 secs] 
2018-12-31T21:39:38.740+0900: 16625.267: [GC (Allocation Failure) [PSYoungGen: 62912K->1952K(63488K)] 226272K->165480K(382976K), 0.0045828 secs] [Times: user=0.03 sys=0.00, real=0.01 secs] 
2018-12-31T21:39:53.934+0900: 16640.461: [GC (Allocation Failure) [PSYoungGen: 62880K->1952K(63488K)] 226408K->165632K(382976K), 0.0051752 secs] [Times: user=0.03 sys=0.00, real=0.00 secs] 
2018-12-31T21:40:09.130+0900: 16655.657: [GC (Allocation Failure) [PSYoungGen: 62880K->1984K(63488K)] 226560K->165824K(382976K), 0.0052374 secs] [Times: user=0.03 sys=0.00, real=0.01 secs] 
2018-12-31T21:40:24.351+0900: 16670.878: [GC (Allocation Failure) [PSYoungGen: 62912K->2016K(63488K)] 226752K->166008K(382976K), 0.0061245 secs] [Times: user=0.03 sys=0.01, real=0.01 secs] 
2018-12-31T21:40:39.741+0900: 16686.267: [GC (Allocation Failure) [PSYoungGen: 62944K->1984K(63488K)] 226936K->166136K(382976K), 0.0047809 secs] [Times: user=0.04 sys=0.00, real=0.01 secs] 
2018-12-31T21:40:54.843+0900: 16701.370: [GC (Allocation Failure) [PSYoungGen: 62912K->1984K(63488K)] 227064K->166288K(382976K), 0.0055320 secs] [Times: user=0.04 sys=0.00, real=0.01 secs] 
2018-12-31T21:41:10.033+0900: 16716.560: [GC (Allocation Failure) [PSYoungGen: 62912K->1952K(63488K)] 227216K->166416K(382976K), 0.0048538 secs] [Times: user=0.03 sys=0.00, real=0.01 secs] 
2018-12-31T21:41:25.256+0900: 16731.782: [GC (Allocation Failure) [PSYoungGen: 62880K->1952K(63488K)] 227344K->166568K(382976K), 0.0045666 secs] [Times: user=0.04 sys=0.00, real=0.00 secs] 
2018-12-31T21:41:40.604+0900: 16747.131: [GC (Allocation Failure) [PSYoungGen: 62880K->2016K(63488K)] 227496K->166800K(382976K), 0.0053379 secs] [Times: user=0.04 sys=0.00, real=0.00 secs] 
2018-12-31T21:41:55.816+0900: 16762.343: [GC (Allocation Failure) [PSYoungGen: 62944K->2016K(63488K)] 227728K->166960K(382976K), 0.0047151 secs] [Times: user=0.03 sys=0.00, real=0.00 secs] 
2018-12-31T21:42:11.004+0900: 16777.531: [GC (Allocation Failure) [PSYoungGen: 62944K->1984K(63488K)] 227888K->167080K(382976K), 0.0048401 secs] [Times: user=0.03 sys=0.00, real=0.00 secs] 
2018-12-31T21:42:26.238+0900: 16792.765: [GC (Allocation Failure) [PSYoungGen: 62912K->1952K(63488K)] 228008K->167200K(382976K), 0.0050624 secs] [Times: user=0.04 sys=0.00, real=0.00 secs] 
2018-12-31T21:42:41.376+0900: 16807.902: [GC (Allocation Failure) [PSYoungGen: 62880K->1952K(63488K)] 228128K->167360K(382976K), 0.0046693 secs] [Times: user=0.03 sys=0.00, real=0.00 secs] 
2018-12-31T21:42:56.618+0900: 16823.144: [GC (Allocation Failure) [PSYoungGen: 62880K->1984K(62976K)] 228288K->167536K(382464K), 0.0048265 secs] [Times: user=0.04 sys=0.00, real=0.00 secs] 
2018-12-31T21:43:11.859+0900: 16838.386: [GC (Allocation Failure) [PSYoungGen: 62912K->2016K(62464K)] 228464K->167704K(381952K), 0.0052215 secs] [Times: user=0.04 sys=0.00, real=0.01 secs] 
2018-12-31T21:43:26.915+0900: 16853.442: [GC (Allocation Failure) [PSYoungGen: 62432K->1984K(62464K)] 228120K->167824K(381952K), 0.0049038 secs] [Times: user=0.04 sys=0.00, real=0.00 secs] 
2018-12-31T21:43:42.044+0900: 16868.571: [GC (Allocation Failure) [PSYoungGen: 62400K->1984K(62464K)] 228240K->167984K(381952K), 0.0056568 secs] [Times: user=0.03 sys=0.00, real=0.00 secs] 
2018-12-31T21:43:57.162+0900: 16883.689: [GC (Allocation Failure) [PSYoungGen: 62400K->1984K(62464K)] 228400K->168128K(381952K), 0.0050221 secs] [Times: user=0.03 sys=0.00, real=0.01 secs] 
2018-12-31T21:44:12.194+0900: 16898.721: [GC (Allocation Failure) [PSYoungGen: 62400K->2048K(61952K)] 228544K->168344K(381440K), 0.0048174 secs] [Times: user=0.03 sys=0.00, real=0.00 secs] 
2018-12-31T21:44:27.122+0900: 16913.649: [GC (Allocation Failure) [PSYoungGen: 61952K->1952K(62464K)] 228248K->168408K(381952K), 0.0049187 secs] [Times: user=0.03 sys=0.00, real=0.01 secs] 
2018-12-31T21:44:41.897+0900: 16928.423: [GC (Allocation Failure) [PSYoungGen: 61856K->1984K(61952K)] 228312K->168592K(381440K), 0.0048986 secs] [Times: user=0.03 sys=0.00, real=0.00 secs] 
2018-12-31T21:44:56.832+0900: 16943.358: [GC (Allocation Failure) [PSYoungGen: 61888K->1984K(61952K)] 228496K->168744K(381440K), 0.0050369 secs] [Times: user=0.03 sys=0.00, real=0.01 secs] 
2018-12-31T21:45:11.869+0900: 16958.396: [GC (Allocation Failure) [PSYoungGen: 61888K->1536K(61440K)] 228648K->168744K(380928K), 0.0083350 secs] [Times: user=0.06 sys=0.00, real=0.01 secs] 
2018-12-31T21:45:26.915+0900: 16973.442: [GC (Allocation Failure) [PSYoungGen: 61440K->1696K(61952K)] 228648K->169120K(381440K), 0.0048968 secs] [Times: user=0.03 sys=0.00, real=0.00 secs] 
2018-12-31T21:45:41.897+0900: 16988.424: [GC (Allocation Failure) [PSYoungGen: 61600K->1792K(62464K)] 229024K->169216K(381952K), 0.0045556 secs] [Times: user=0.03 sys=0.00, real=0.00 secs] 
2018-12-31T21:45:56.889+0900: 17003.416: [GC (Allocation Failure) [PSYoungGen: 61696K->1792K(62464K)] 229120K->169352K(381952K), 0.0044338 secs] [Times: user=0.03 sys=0.00, real=0.00 secs] 
2018-12-31T21:46:11.860+0900: 17018.387: [GC (Allocation Failure) [PSYoungGen: 61696K->1792K(62464K)] 229256K->169488K(381952K), 0.0048519 secs] [Times: user=0.03 sys=0.00, real=0.01 secs] 
2018-12-31T21:46:26.747+0900: 17033.274: [GC (Allocation Failure) [PSYoungGen: 61696K->1888K(62464K)] 229392K->169720K(381952K), 0.0048596 secs] [Times: user=0.03 sys=0.00, real=0.00 secs] 
2018-12-31T21:46:41.812+0900: 17048.339: [GC (Allocation Failure) [PSYoungGen: 61792K->1888K(62464K)] 229624K->169864K(381952K), 0.0049632 secs] [Times: user=0.03 sys=0.00, real=0.01 secs] 
2018-12-31T21:46:56.867+0900: 17063.393: [GC (Allocation Failure) [PSYoungGen: 61792K->1888K(62464K)] 229768K->170008K(381952K), 0.0047919 secs] [Times: user=0.03 sys=0.00, real=0.00 secs] 
2018-12-31T21:47:11.917+0900: 17078.444: [GC (Allocation Failure) [PSYoungGen: 61792K->1888K(62464K)] 229912K->170144K(381952K), 0.0050365 secs] [Times: user=0.03 sys=0.00, real=0.00 secs] 
2018-12-31T21:47:26.964+0900: 17093.490: [GC (Allocation Failure) [PSYoungGen: 61792K->1952K(62464K)] 230048K->170344K(381952K), 0.0051685 secs] [Times: user=0.04 sys=0.00, real=0.00 secs] 
2018-12-31T21:47:41.659+0900: 17108.185: [GC (Allocation Failure) [PSYoungGen: 61856K->1952K(62464K)] 230248K->170496K(381952K), 0.0045402 secs] [Times: user=0.03 sys=0.00, real=0.00 secs] 
2018-12-31T21:47:56.582+0900: 17123.109: [GC (Allocation Failure) [PSYoungGen: 61856K->1952K(62464K)] 230400K->170632K(381952K), 0.0050803 secs] [Times: user=0.03 sys=0.00, real=0.01 secs] 
2018-12-31T21:48:11.590+0900: 17138.117: [GC (Allocation Failure) [PSYoungGen: 61856K->1920K(61952K)] 230536K->170736K(381440K), 0.0046664 secs] [Times: user=0.03 sys=0.00, real=0.01 secs] 
2018-12-31T21:48:26.473+0900: 17152.999: [GC (Allocation Failure) [PSYoungGen: 61824K->1984K(61952K)] 230640K->170936K(381440K), 0.0046381 secs] [Times: user=0.03 sys=0.00, real=0.01 secs] 
2018-12-31T21:48:41.487+0900: 17168.013: [GC (Allocation Failure) [PSYoungGen: 61888K->1984K(62464K)] 230840K->171088K(381952K), 0.0049781 secs] [Times: user=0.03 sys=0.00, real=0.00 secs] 
2018-12-31T21:48:56.474+0900: 17183.001: [GC (Allocation Failure) [PSYoungGen: 61888K->1952K(62464K)] 230992K->171216K(381952K), 0.0045570 secs] [Times: user=0.04 sys=0.00, real=0.00 secs] 
2018-12-31T21:49:11.460+0900: 17197.986: [GC (Allocation Failure) [PSYoungGen: 61856K->1984K(62464K)] 231120K->171400K(381952K), 0.0049166 secs] [Times: user=0.03 sys=0.00, real=0.01 secs] 
2018-12-31T21:49:26.397+0900: 17212.923: [GC (Allocation Failure) [PSYoungGen: 61888K->1984K(62464K)] 231304K->171568K(381952K), 0.0046139 secs] [Times: user=0.03 sys=0.00, real=0.00 secs] 
2018-12-31T21:49:41.439+0900: 17227.966: [GC (Allocation Failure) [PSYoungGen: 61888K->2016K(62464K)] 231472K->171752K(381952K), 0.0048210 secs] [Times: user=0.04 sys=0.00, real=0.01 secs] 
2018-12-31T21:49:56.379+0900: 17242.905: [GC (Allocation Failure) [PSYoungGen: 61920K->1984K(62464K)] 231656K->171888K(381952K), 0.0050793 secs] [Times: user=0.04 sys=0.00, real=0.01 secs] 
2018-12-31T21:50:11.412+0900: 17257.939: [GC (Allocation Failure) [PSYoungGen: 61888K->1984K(62464K)] 231792K->172056K(381952K), 0.0051689 secs] [Times: user=0.04 sys=0.00, real=0.01 secs] 
2018-12-31T21:50:26.433+0900: 17272.960: [GC (Allocation Failure) [PSYoungGen: 61888K->1920K(62464K)] 231960K->172144K(381952K), 0.0047655 secs] [Times: user=0.02 sys=0.00, real=0.01 secs] 
2018-12-31T21:50:41.485+0900: 17288.012: [GC (Allocation Failure) [PSYoungGen: 61824K->1984K(62464K)] 232048K->172368K(381952K), 0.0046039 secs] [Times: user=0.03 sys=0.00, real=0.00 secs] 
2018-12-31T21:50:56.465+0900: 17302.992: [GC (Allocation Failure) [PSYoungGen: 61888K->1920K(62464K)] 232272K->172456K(381952K), 0.0049730 secs] [Times: user=0.03 sys=0.00, real=0.00 secs] 
2018-12-31T21:51:11.449+0900: 17317.976: [GC (Allocation Failure) [PSYoungGen: 61824K->1952K(62464K)] 232360K->172632K(381952K), 0.0047603 secs] [Times: user=0.03 sys=0.00, real=0.01 secs] 
2018-12-31T21:51:26.471+0900: 17332.998: [GC (Allocation Failure) [PSYoungGen: 61856K->1952K(61952K)] 232536K->172800K(381440K), 0.0050667 secs] [Times: user=0.03 sys=0.00, real=0.01 secs] 
2018-12-31T21:51:41.474+0900: 17348.001: [GC (Allocation Failure) [PSYoungGen: 61856K->2016K(61440K)] 232704K->173016K(380928K), 0.0051006 secs] [Times: user=0.04 sys=0.00, real=0.00 secs] 
2018-12-31T21:51:56.311+0900: 17362.838: [GC (Allocation Failure) [PSYoungGen: 61408K->1984K(61952K)] 232408K->173152K(381440K), 0.0048629 secs] [Times: user=0.03 sys=0.00, real=0.01 secs] 
2018-12-31T21:52:10.883+0900: 17377.410: [GC (Allocation Failure) [PSYoungGen: 61376K->1952K(61952K)] 232544K->173288K(381440K), 0.0049926 secs] [Times: user=0.04 sys=0.00, real=0.01 secs] 
2018-12-31T21:52:25.650+0900: 17392.177: [GC (Allocation Failure) [PSYoungGen: 61344K->1984K(61952K)] 232680K->173472K(381440K), 0.0056801 secs] [Times: user=0.03 sys=0.00, real=0.01 secs] 
2018-12-31T21:52:40.570+0900: 17407.097: [GC (Allocation Failure) [PSYoungGen: 61376K->1888K(61952K)] 232864K->173520K(381440K), 0.0053871 secs] [Times: user=0.04 sys=0.00, real=0.01 secs] 
2018-12-31T21:52:55.189+0900: 17421.716: [GC (Allocation Failure) [PSYoungGen: 61280K->1984K(61952K)] 232912K->173776K(381440K), 0.0047787 secs] [Times: user=0.03 sys=0.00, real=0.01 secs] 
2018-12-31T21:53:09.939+0900: 17436.465: [GC (Allocation Failure) [PSYoungGen: 61376K->1952K(61440K)] 233168K->173896K(380928K), 0.0049040 secs] [Times: user=0.04 sys=0.00, real=0.00 secs] 
2018-12-31T21:53:24.753+0900: 17451.280: [GC (Allocation Failure) [PSYoungGen: 61344K->1888K(61440K)] 233288K->174000K(380928K), 0.0056067 secs] [Times: user=0.04 sys=0.00, real=0.01 secs] 
2018-12-31T21:53:39.558+0900: 17466.085: [GC (Allocation Failure) [PSYoungGen: 61280K->1952K(61440K)] 233392K->174224K(380928K), 0.0047394 secs] [Times: user=0.03 sys=0.00, real=0.00 secs] 
2018-12-31T21:53:54.307+0900: 17480.834: [GC (Allocation Failure) [PSYoungGen: 61344K->1984K(61440K)] 233616K->174432K(380928K), 0.0052806 secs] [Times: user=0.04 sys=0.00, real=0.00 secs] 
2018-12-31T21:54:09.057+0900: 17495.584: [GC (Allocation Failure) [PSYoungGen: 61376K->1536K(60928K)] 233824K->174392K(380416K), 0.0049814 secs] [Times: user=0.03 sys=0.00, real=0.00 secs] 
2018-12-31T21:54:23.806+0900: 17510.332: [GC (Allocation Failure) [PSYoungGen: 60928K->1664K(61440K)] 233784K->174720K(380928K), 0.0046981 secs] [Times: user=0.03 sys=0.00, real=0.00 secs] 
2018-12-31T21:54:38.663+0900: 17525.190: [GC (Allocation Failure) [PSYoungGen: 61056K->1792K(61952K)] 234112K->174848K(381440K), 0.0047414 secs] [Times: user=0.03 sys=0.00, real=0.01 secs] 
2018-12-31T21:54:53.450+0900: 17539.977: [GC (Allocation Failure) [PSYoungGen: 61184K->1824K(61952K)] 234240K->175008K(381440K), 0.0047208 secs] [Times: user=0.04 sys=0.00, real=0.01 secs] 
2018-12-31T21:55:08.302+0900: 17554.829: [GC (Allocation Failure) [PSYoungGen: 61216K->1856K(61952K)] 234400K->175192K(381440K), 0.0047404 secs] [Times: user=0.03 sys=0.00, real=0.01 secs] 
2018-12-31T21:55:23.141+0900: 17569.668: [GC (Allocation Failure) [PSYoungGen: 61248K->1920K(61952K)] 234584K->175392K(381440K), 0.0050470 secs] [Times: user=0.03 sys=0.00, real=0.01 secs] 
2018-12-31T21:55:38.000+0900: 17584.526: [GC (Allocation Failure) [PSYoungGen: 61312K->1856K(61952K)] 234784K->175448K(381440K), 0.0046230 secs] [Times: user=0.03 sys=0.00, real=0.01 secs] 
2018-12-31T21:55:52.884+0900: 17599.411: [GC (Allocation Failure) [PSYoungGen: 61248K->1888K(61440K)] 234840K->175624K(380928K), 0.0046940 secs] [Times: user=0.03 sys=0.00, real=0.00 secs] 
2018-12-31T21:56:07.759+0900: 17614.286: [GC (Allocation Failure) [PSYoungGen: 61280K->1888K(61440K)] 235016K->175760K(380928K), 0.0044575 secs] [Times: user=0.02 sys=0.00, real=0.01 secs] 
2018-12-31T21:56:22.505+0900: 17629.032: [GC (Allocation Failure) [PSYoungGen: 61280K->1888K(61440K)] 235152K->175904K(380928K), 0.0049156 secs] [Times: user=0.04 sys=0.00, real=0.00 secs] 
2018-12-31T21:56:37.312+0900: 17643.839: [GC (Allocation Failure) [PSYoungGen: 61280K->1984K(61440K)] 235296K->176136K(380928K), 0.0053146 secs] [Times: user=0.04 sys=0.00, real=0.01 secs] 
2018-12-31T21:56:52.022+0900: 17658.549: [GC (Allocation Failure) [PSYoungGen: 61376K->1984K(61440K)] 235528K->176288K(380928K), 0.0049629 secs] [Times: user=0.03 sys=0.00, real=0.01 secs] 
2018-12-31T21:57:06.897+0900: 17673.423: [GC (Allocation Failure) [PSYoungGen: 61376K->1984K(61952K)] 235680K->176440K(381440K), 0.0050877 secs] [Times: user=0.03 sys=0.00, real=0.00 secs] 
2018-12-31T21:57:21.812+0900: 17688.339: [GC (Allocation Failure) [PSYoungGen: 61376K->1952K(61952K)] 235832K->176560K(381440K), 0.0052604 secs] [Times: user=0.03 sys=0.00, real=0.01 secs] 
2018-12-31T21:57:36.757+0900: 17703.284: [GC (Allocation Failure) [PSYoungGen: 61344K->1952K(61952K)] 235952K->176712K(381440K), 0.0048052 secs] [Times: user=0.03 sys=0.00, real=0.00 secs] 
2018-12-31T21:57:51.557+0900: 17718.084: [GC (Allocation Failure) [PSYoungGen: 61344K->1952K(61952K)] 236104K->176864K(381440K), 0.0049344 secs] [Times: user=0.03 sys=0.00, real=0.00 secs] 
2018-12-31T21:58:06.374+0900: 17732.900: [GC (Allocation Failure) [PSYoungGen: 61344K->1952K(61952K)] 236256K->177024K(381440K), 0.0049442 secs] [Times: user=0.03 sys=0.00, real=0.00 secs] 
2018-12-31T21:58:21.201+0900: 17747.727: [GC (Allocation Failure) [PSYoungGen: 61344K->1952K(61952K)] 236416K->177176K(381440K), 0.0051678 secs] [Times: user=0.03 sys=0.00, real=0.01 secs] 
2018-12-31T21:58:36.090+0900: 17762.616: [GC (Allocation Failure) [PSYoungGen: 61344K->1952K(61440K)] 236568K->177328K(380928K), 0.0047891 secs] [Times: user=0.04 sys=0.00, real=0.01 secs] 
2018-12-31T21:58:50.894+0900: 17777.420: [GC (Allocation Failure) [PSYoungGen: 61344K->1984K(61440K)] 236720K->177520K(380928K), 0.0049225 secs] [Times: user=0.03 sys=0.00, real=0.01 secs] 
2018-12-31T21:59:05.691+0900: 17792.217: [GC (Allocation Failure) [PSYoungGen: 61376K->1952K(61440K)] 236912K->177632K(380928K), 0.0048414 secs] [Times: user=0.03 sys=0.00, real=0.01 secs] 
2018-12-31T21:59:20.559+0900: 17807.086: [GC (Allocation Failure) [PSYoungGen: 61344K->1920K(61440K)] 237024K->177752K(380928K), 0.0052478 secs] [Times: user=0.03 sys=0.00, real=0.01 secs] 
2018-12-31T21:59:35.348+0900: 17821.875: [GC (Allocation Failure) [PSYoungGen: 61312K->1536K(60928K)] 237144K->177816K(380416K), 0.0067320 secs] [Times: user=0.04 sys=0.01, real=0.01 secs] 
2018-12-31T21:59:50.254+0900: 17836.781: [GC (Allocation Failure) [PSYoungGen: 60928K->1696K(61440K)] 237208K->178192K(380928K), 0.0045274 secs] [Times: user=0.03 sys=0.00, real=0.00 secs] 
2018-12-31T22:00:04.823+0900: 17851.349: [GC (Allocation Failure) [PSYoungGen: 61088K->1728K(61952K)] 237584K->178224K(381440K), 0.0043379 secs] [Times: user=0.03 sys=0.00, real=0.01 secs] 
2018-12-31T22:00:19.681+0900: 17866.207: [GC (Allocation Failure) [PSYoungGen: 61120K->1792K(61952K)] 237616K->178416K(381440K), 0.0047079 secs] [Times: user=0.02 sys=0.00, real=0.01 secs] 
2018-12-31T22:00:34.607+0900: 17881.134: [GC (Allocation Failure) [PSYoungGen: 61184K->1856K(61952K)] 237808K->178624K(381440K), 0.0050557 secs] [Times: user=0.03 sys=0.00, real=0.00 secs] 
2018-12-31T22:00:49.441+0900: 17895.968: [GC (Allocation Failure) [PSYoungGen: 61248K->1824K(61952K)] 238016K->178728K(381440K), 0.0047323 secs] [Times: user=0.03 sys=0.00, real=0.01 secs] 
2018-12-31T22:01:04.294+0900: 17910.820: [GC (Allocation Failure) [PSYoungGen: 61216K->1824K(61952K)] 238120K->178856K(381440K), 0.0047817 secs] [Times: user=0.03 sys=0.00, real=0.00 secs] 
2018-12-31T22:01:18.963+0900: 17925.490: [GC (Allocation Failure) [PSYoungGen: 61216K->1920K(61952K)] 238248K->179088K(381440K), 0.0047816 secs] [Times: user=0.03 sys=0.00, real=0.01 secs] 
2018-12-31T22:01:33.839+0900: 17940.366: [GC (Allocation Failure) [PSYoungGen: 61312K->1920K(61952K)] 238480K->179216K(381440K), 0.0050838 secs] [Times: user=0.03 sys=0.00, real=0.01 secs] 
2018-12-31T22:01:48.711+0900: 17955.238: [GC (Allocation Failure) [PSYoungGen: 61312K->1824K(61440K)] 238608K->179280K(380928K), 0.0053043 secs] [Times: user=0.04 sys=0.00, real=0.01 secs] 
2018-12-31T22:02:03.621+0900: 17970.147: [GC (Allocation Failure) [PSYoungGen: 61216K->1920K(61440K)] 238672K->179520K(380928K), 0.0049536 secs] [Times: user=0.03 sys=0.00, real=0.01 secs] 
2018-12-31T22:02:18.269+0900: 17984.796: [GC (Allocation Failure) [PSYoungGen: 61312K->1920K(61440K)] 238912K->179664K(380928K), 0.0047763 secs] [Times: user=0.03 sys=0.00, real=0.01 secs] 
2018-12-31T22:02:33.073+0900: 17999.599: [GC (Allocation Failure) [PSYoungGen: 61312K->1888K(61440K)] 239056K->179784K(380928K), 0.0046966 secs] [Times: user=0.03 sys=0.00, real=0.01 secs] 
2018-12-31T22:02:47.651+0900: 18014.178: [GC (Allocation Failure) [PSYoungGen: 61280K->2048K(61440K)] 239176K->180296K(380928K), 0.0061730 secs] [Times: user=0.05 sys=0.01, real=0.01 secs] 
2018-12-31T22:03:02.584+0900: 18029.111: [GC (Allocation Failure) [PSYoungGen: 61440K->2080K(61952K)] 239688K->180552K(381440K), 0.0052814 secs] [Times: user=0.03 sys=0.00, real=0.00 secs] 
2018-12-31T22:03:17.409+0900: 18043.936: [GC (Allocation Failure) [PSYoungGen: 61472K->2176K(61952K)] 239944K->180648K(381440K), 0.0048999 secs] [Times: user=0.03 sys=0.00, real=0.01 secs] 
2018-12-31T22:03:32.268+0900: 18058.795: [GC (Allocation Failure) [PSYoungGen: 61568K->2080K(61952K)] 240040K->180696K(381440K), 0.0048718 secs] [Times: user=0.03 sys=0.00, real=0.00 secs] 
2018-12-31T22:03:46.856+0900: 18073.383: [GC (Allocation Failure) [PSYoungGen: 61472K->2048K(61952K)] 240088K->180800K(381440K), 0.0049069 secs] [Times: user=0.03 sys=0.00, real=0.00 secs] 
2018-12-31T22:04:01.574+0900: 18088.101: [GC (Allocation Failure) [PSYoungGen: 61440K->2016K(61952K)] 240192K->180920K(381440K), 0.0049404 secs] [Times: user=0.03 sys=0.00, real=0.00 secs] 
2018-12-31T22:04:16.339+0900: 18102.866: [GC (Allocation Failure) [PSYoungGen: 61408K->1952K(61952K)] 240312K->181000K(381440K), 0.0047691 secs] [Times: user=0.03 sys=0.00, real=0.01 secs] 
2018-12-31T22:04:31.187+0900: 18117.713: [GC (Allocation Failure) [PSYoungGen: 61344K->1920K(61952K)] 240392K->181096K(381440K), 0.0049632 secs] [Times: user=0.03 sys=0.00, real=0.00 secs] 
2018-12-31T22:04:45.988+0900: 18132.515: [GC (Allocation Failure) [PSYoungGen: 61312K->1856K(61952K)] 240488K->181176K(381440K), 0.0045290 secs] [Times: user=0.03 sys=0.00, real=0.00 secs] 
2018-12-31T22:05:00.903+0900: 18147.430: [GC (Allocation Failure) [PSYoungGen: 61248K->1760K(61952K)] 240568K->181224K(381440K), 0.0049241 secs] [Times: user=0.04 sys=0.00, real=0.01 secs] 
2018-12-31T22:05:15.702+0900: 18162.229: [GC (Allocation Failure) [PSYoungGen: 61152K->1728K(61952K)] 240616K->181344K(381440K), 0.0047405 secs] [Times: user=0.03 sys=0.00, real=0.01 secs] 
2018-12-31T22:05:30.420+0900: 18176.947: [GC (Allocation Failure) [PSYoungGen: 61120K->1728K(61952K)] 240736K->181496K(381440K), 0.0048876 secs] [Times: user=0.03 sys=0.00, real=0.01 secs] 
2018-12-31T22:05:45.198+0900: 18191.724: [GC (Allocation Failure) [PSYoungGen: 61120K->1600K(61952K)] 240888K->181520K(381440K), 0.0046576 secs] [Times: user=0.03 sys=0.00, real=0.00 secs] 
2018-12-31T22:06:00.074+0900: 18206.601: [GC (Allocation Failure) [PSYoungGen: 60992K->1632K(61952K)] 240912K->181712K(381440K), 0.0049578 secs] [Times: user=0.02 sys=0.00, real=0.00 secs] 
2018-12-31T22:06:14.880+0900: 18221.407: [GC (Allocation Failure) [PSYoungGen: 61024K->1504K(61952K)] 241104K->181744K(381440K), 0.0044373 secs] [Times: user=0.03 sys=0.00, real=0.01 secs] 
2018-12-31T22:06:29.741+0900: 18236.268: [GC (Allocation Failure) [PSYoungGen: 60896K->1280K(61952K)] 241136K->181880K(381440K), 0.0044471 secs] [Times: user=0.03 sys=0.00, real=0.01 secs] 
2018-12-31T22:06:44.562+0900: 18251.089: [GC (Allocation Failure) [PSYoungGen: 60672K->1344K(61952K)] 241272K->182040K(381440K), 0.0040828 secs] [Times: user=0.03 sys=0.00, real=0.01 secs] 
2018-12-31T22:06:59.438+0900: 18265.965: [GC (Allocation Failure) [PSYoungGen: 60736K->1376K(61952K)] 241432K->182160K(381440K), 0.0041269 secs] [Times: user=0.02 sys=0.00, real=0.00 secs] 
2018-12-31T22:07:14.161+0900: 18280.688: [GC (Allocation Failure) [PSYoungGen: 60768K->1568K(61952K)] 241552K->182432K(381440K), 0.0039034 secs] [Times: user=0.03 sys=0.00, real=0.01 secs] 
2018-12-31T22:07:28.953+0900: 18295.480: [GC (Allocation Failure) [PSYoungGen: 60960K->1536K(61952K)] 241824K->182504K(381440K), 0.0046320 secs] [Times: user=0.03 sys=0.00, real=0.01 secs] 
2018-12-31T22:07:43.735+0900: 18310.261: [GC (Allocation Failure) [PSYoungGen: 60928K->1536K(61952K)] 241896K->182608K(381440K), 0.0046642 secs] [Times: user=0.03 sys=0.00, real=0.00 secs] 
2018-12-31T22:07:58.558+0900: 18325.085: [GC (Allocation Failure) [PSYoungGen: 60928K->1600K(61952K)] 242000K->182760K(381440K), 0.0043986 secs] [Times: user=0.03 sys=0.00, real=0.00 secs] 
2018-12-31T22:08:13.445+0900: 18339.972: [GC (Allocation Failure) [PSYoungGen: 60992K->1664K(61952K)] 242152K->182920K(381440K), 0.0050860 secs] [Times: user=0.03 sys=0.00, real=0.00 secs] 
2018-12-31T22:08:28.321+0900: 18354.848: [GC (Allocation Failure) [PSYoungGen: 61056K->1728K(61952K)] 242312K->183072K(381440K), 0.0046116 secs] [Times: user=0.03 sys=0.00, real=0.01 secs] 
2018-12-31T22:08:43.023+0900: 18369.549: [GC (Allocation Failure) [PSYoungGen: 61120K->1792K(61952K)] 242464K->183248K(381440K), 0.0047798 secs] [Times: user=0.03 sys=0.00, real=0.01 secs] 
2018-12-31T22:08:57.795+0900: 18384.322: [GC (Allocation Failure) [PSYoungGen: 61184K->1760K(61952K)] 242640K->183320K(381440K), 0.0046482 secs] [Times: user=0.03 sys=0.00, real=0.00 secs] 
2018-12-31T22:09:12.633+0900: 18399.160: [GC (Allocation Failure) [PSYoungGen: 61152K->1856K(61952K)] 242712K->183512K(381440K), 0.0041843 secs] [Times: user=0.03 sys=0.00, real=0.01 secs] 
2018-12-31T22:09:27.474+0900: 18414.001: [GC (Allocation Failure) [PSYoungGen: 61248K->1856K(61952K)] 242904K->183624K(381440K), 0.0044877 secs] [Times: user=0.03 sys=0.00, real=0.00 secs] 
2018-12-31T22:09:42.298+0900: 18428.825: [GC (Allocation Failure) [PSYoungGen: 61248K->1920K(61952K)] 243016K->183784K(381440K), 0.0048067 secs] [Times: user=0.03 sys=0.00, real=0.00 secs] 
2018-12-31T22:09:57.060+0900: 18443.587: [GC (Allocation Failure) [PSYoungGen: 61312K->1952K(61952K)] 243176K->183936K(381440K), 0.0048928 secs] [Times: user=0.03 sys=0.00, real=0.01 secs] 
2018-12-31T22:10:11.892+0900: 18458.418: [GC (Allocation Failure) [PSYoungGen: 61344K->1984K(61952K)] 243328K->184120K(381440K), 0.0049777 secs] [Times: user=0.03 sys=0.00, real=0.01 secs] 
2018-12-31T22:10:26.760+0900: 18473.287: [GC (Allocation Failure) [PSYoungGen: 61376K->1952K(61952K)] 243512K->184240K(381440K), 0.0050303 secs] [Times: user=0.04 sys=0.00, real=0.01 secs] 
2018-12-31T22:10:41.671+0900: 18488.197: [GC (Allocation Failure) [PSYoungGen: 61344K->1952K(61952K)] 243632K->184384K(381440K), 0.0053348 secs] [Times: user=0.03 sys=0.00, real=0.01 secs] 
2018-12-31T22:10:56.236+0900: 18502.763: [GC (Allocation Failure) [PSYoungGen: 61344K->1952K(61952K)] 243776K->184544K(381440K), 0.0047651 secs] [Times: user=0.03 sys=0.00, real=0.00 secs] 
2018-12-31T22:11:11.043+0900: 18517.569: [GC (Allocation Failure) [PSYoungGen: 61344K->1952K(61952K)] 243936K->184712K(381440K), 0.0049290 secs] [Times: user=0.03 sys=0.00, real=0.01 secs] 
2018-12-31T22:11:25.856+0900: 18532.383: [GC (Allocation Failure) [PSYoungGen: 61344K->1952K(61952K)] 244104K->184872K(381440K), 0.0057402 secs] [Times: user=0.04 sys=0.00, real=0.00 secs] 
2018-12-31T22:11:40.755+0900: 18547.281: [GC (Allocation Failure) [PSYoungGen: 61344K->1984K(61952K)] 244264K->185064K(381440K), 0.0051956 secs] [Times: user=0.04 sys=0.00, real=0.00 secs] 
2018-12-31T22:11:55.398+0900: 18561.924: [GC (Allocation Failure) [PSYoungGen: 61376K->1952K(61952K)] 244456K->185192K(381440K), 0.0049065 secs] [Times: user=0.03 sys=0.00, real=0.00 secs] 
2018-12-31T22:12:10.217+0900: 18576.743: [GC (Allocation Failure) [PSYoungGen: 61344K->1952K(61952K)] 244584K->185352K(381440K), 0.0049834 secs] [Times: user=0.03 sys=0.00, real=0.00 secs] 
2018-12-31T22:12:25.057+0900: 18591.584: [GC (Allocation Failure) [PSYoungGen: 61344K->1952K(61952K)] 244744K->185512K(381440K), 0.0048875 secs] [Times: user=0.04 sys=0.00, real=0.00 secs] 
2018-12-31T22:12:39.902+0900: 18606.429: [GC (Allocation Failure) [PSYoungGen: 61344K->1920K(61952K)] 244904K->185632K(381440K), 0.0050472 secs] [Times: user=0.03 sys=0.00, real=0.01 secs] 
2018-12-31T22:12:54.738+0900: 18621.265: [GC (Allocation Failure) [PSYoungGen: 61312K->2016K(61952K)] 245024K->185888K(381440K), 0.0041663 secs] [Times: user=0.03 sys=0.00, real=0.00 secs] 
2018-12-31T22:13:09.604+0900: 18636.131: [GC (Allocation Failure) [PSYoungGen: 61408K->1920K(61952K)] 245280K->185944K(381440K), 0.0053838 secs] [Times: user=0.03 sys=0.00, real=0.00 secs] 
2018-12-31T22:13:24.446+0900: 18650.973: [GC (Allocation Failure) [PSYoungGen: 61312K->2016K(61952K)] 245336K->186208K(381440K), 0.0051952 secs] [Times: user=0.04 sys=0.00, real=0.00 secs] 
2018-12-31T22:13:39.331+0900: 18665.858: [GC (Allocation Failure) [PSYoungGen: 61408K->1952K(61952K)] 245600K->186312K(381440K), 0.0058677 secs] [Times: user=0.04 sys=0.00, real=0.01 secs] 
2018-12-31T22:13:54.192+0900: 18680.719: [GC (Allocation Failure) [PSYoungGen: 61344K->1920K(61952K)] 245704K->186432K(381440K), 0.0048611 secs] [Times: user=0.03 sys=0.00, real=0.01 secs] 
2018-12-31T22:14:09.073+0900: 18695.600: [GC (Allocation Failure) [PSYoungGen: 61312K->1920K(61952K)] 245824K->186592K(381440K), 0.0049263 secs] [Times: user=0.03 sys=0.00, real=0.01 secs] 
2018-12-31T22:14:23.916+0900: 18710.442: [GC (Allocation Failure) [PSYoungGen: 61312K->1952K(61952K)] 245984K->186768K(381440K), 0.0053501 secs] [Times: user=0.03 sys=0.00, real=0.00 secs] 
2018-12-31T22:14:38.958+0900: 18725.484: [GC (Allocation Failure) [PSYoungGen: 61344K->2016K(61952K)] 246160K->187000K(381440K), 0.0050765 secs] [Times: user=0.03 sys=0.00, real=0.00 secs] 
2018-12-31T22:14:53.780+0900: 18740.307: [GC (Allocation Failure) [PSYoungGen: 61408K->1984K(61952K)] 246392K->187120K(381440K), 0.0047366 secs] [Times: user=0.03 sys=0.00, real=0.01 secs] 
2018-12-31T22:15:08.403+0900: 18754.930: [GC (Allocation Failure) [PSYoungGen: 61376K->1952K(61952K)] 246512K->187240K(381440K), 0.0051831 secs] [Times: user=0.03 sys=0.00, real=0.01 secs] 
2018-12-31T22:15:23.238+0900: 18769.765: [GC (Allocation Failure) [PSYoungGen: 61344K->1952K(61952K)] 246632K->187392K(381440K), 0.0051370 secs] [Times: user=0.03 sys=0.00, real=0.00 secs] 
2018-12-31T22:15:38.106+0900: 18784.633: [GC (Allocation Failure) [PSYoungGen: 61344K->1984K(61952K)] 246784K->187584K(381440K), 0.0050147 secs] [Times: user=0.03 sys=0.00, real=0.00 secs] 
2018-12-31T22:15:52.676+0900: 18799.203: [GC (Allocation Failure) [PSYoungGen: 61376K->2016K(61952K)] 246976K->187760K(381440K), 0.0044704 secs] [Times: user=0.03 sys=0.00, real=0.00 secs] 
2018-12-31T22:16:07.522+0900: 18814.048: [GC (Allocation Failure) [PSYoungGen: 61408K->1952K(61952K)] 247152K->187856K(381440K), 0.0047404 secs] [Times: user=0.04 sys=0.00, real=0.01 secs] 
2018-12-31T22:16:22.307+0900: 18828.834: [GC (Allocation Failure) [PSYoungGen: 61344K->1952K(61952K)] 247248K->188016K(381440K), 0.0052544 secs] [Times: user=0.03 sys=0.00, real=0.00 secs] 
2018-12-31T22:16:37.165+0900: 18843.692: [GC (Allocation Failure) [PSYoungGen: 61344K->1952K(61952K)] 247408K->188176K(381440K), 0.0052305 secs] [Times: user=0.03 sys=0.00, real=0.00 secs] 
2018-12-31T22:16:51.949+0900: 18858.475: [GC (Allocation Failure) [PSYoungGen: 61344K->1952K(61952K)] 247568K->188344K(381440K), 0.0048176 secs] [Times: user=0.03 sys=0.00, real=0.00 secs] 
2018-12-31T22:17:06.672+0900: 18873.199: [GC (Allocation Failure) [PSYoungGen: 61344K->1984K(61952K)] 247736K->188528K(381440K), 0.0049772 secs] [Times: user=0.03 sys=0.00, real=0.01 secs] 
2018-12-31T22:17:21.493+0900: 18888.020: [GC (Allocation Failure) [PSYoungGen: 61376K->1856K(61952K)] 247920K->188568K(381440K), 0.0050995 secs] [Times: user=0.03 sys=0.00, real=0.01 secs] 
2018-12-31T22:17:36.363+0900: 18902.890: [GC (Allocation Failure) [PSYoungGen: 61248K->1920K(61952K)] 247960K->188776K(381440K), 0.0048414 secs] [Times: user=0.03 sys=0.00, real=0.01 secs] 
2018-12-31T22:17:51.204+0900: 18917.730: [GC (Allocation Failure) [PSYoungGen: 61312K->1952K(61952K)] 248168K->188952K(381440K), 0.0049482 secs] [Times: user=0.03 sys=0.00, real=0.00 secs] 
2018-12-31T22:18:06.048+0900: 18932.575: [GC (Allocation Failure) [PSYoungGen: 61344K->1984K(61952K)] 248344K->189144K(381440K), 0.0049544 secs] [Times: user=0.04 sys=0.00, real=0.00 secs] 
2018-12-31T22:18:20.897+0900: 18947.424: [GC (Allocation Failure) [PSYoungGen: 61376K->1920K(61952K)] 248536K->189256K(381440K), 0.0047493 secs] [Times: user=0.03 sys=0.00, real=0.00 secs] 
2018-12-31T22:18:35.840+0900: 18962.366: [GC (Allocation Failure) [PSYoungGen: 61312K->1952K(61440K)] 248648K->189432K(380928K), 0.0049755 secs] [Times: user=0.03 sys=0.00, real=0.01 secs] 
2018-12-31T22:18:50.672+0900: 18977.199: [GC (Allocation Failure) [PSYoungGen: 61344K->1952K(61440K)] 248824K->189576K(380928K), 0.0051286 secs] [Times: user=0.03 sys=0.00, real=0.01 secs] 
2018-12-31T22:19:05.556+0900: 18992.083: [GC (Allocation Failure) [PSYoungGen: 61344K->1984K(61440K)] 248968K->189768K(380928K), 0.0049634 secs] [Times: user=0.03 sys=0.00, real=0.00 secs] 
2018-12-31T22:19:20.338+0900: 19006.864: [GC (Allocation Failure) [PSYoungGen: 61376K->1952K(61440K)] 249160K->189888K(380928K), 0.0048453 secs] [Times: user=0.03 sys=0.00, real=0.00 secs] 
2018-12-31T22:19:35.115+0900: 19021.642: [GC (Allocation Failure) [PSYoungGen: 61344K->2016K(61440K)] 249280K->190112K(380928K), 0.0060125 secs] [Times: user=0.03 sys=0.00, real=0.00 secs] 
2018-12-31T22:19:49.928+0900: 19036.455: [GC (Allocation Failure) [PSYoungGen: 61408K->1984K(61952K)] 249504K->190240K(381440K), 0.0050617 secs] [Times: user=0.04 sys=0.00, real=0.00 secs] 
2018-12-31T22:20:04.487+0900: 19051.014: [GC (Allocation Failure) [PSYoungGen: 61376K->1984K(61952K)] 249632K->190392K(381440K), 0.0050491 secs] [Times: user=0.03 sys=0.00, real=0.00 secs] 
2018-12-31T22:20:19.348+0900: 19065.874: [GC (Allocation Failure) [PSYoungGen: 61376K->1952K(61440K)] 249784K->190504K(380928K), 0.0062036 secs] [Times: user=0.04 sys=0.01, real=0.01 secs] 
2018-12-31T22:20:34.293+0900: 19080.820: [GC (Allocation Failure) [PSYoungGen: 61344K->1952K(61440K)] 249896K->190648K(380928K), 0.0051397 secs] [Times: user=0.03 sys=0.00, real=0.01 secs] 
2018-12-31T22:20:49.042+0900: 19095.569: [GC (Allocation Failure) [PSYoungGen: 61344K->1536K(60928K)] 250040K->190632K(380416K), 0.0050009 secs] [Times: user=0.03 sys=0.00, real=0.01 secs] 
2018-12-31T22:21:03.918+0900: 19110.445: [GC (Allocation Failure) [PSYoungGen: 60928K->1664K(61440K)] 250024K->190968K(380928K), 0.0045940 secs] [Times: user=0.03 sys=0.00, real=0.00 secs] 
2018-12-31T22:21:18.749+0900: 19125.275: [GC (Allocation Failure) [PSYoungGen: 61056K->1760K(61952K)] 250360K->191064K(381440K), 0.0051596 secs] [Times: user=0.03 sys=0.00, real=0.01 secs] 
2018-12-31T22:21:33.622+0900: 19140.149: [GC (Allocation Failure) [PSYoungGen: 61152K->1792K(61952K)] 250456K->191240K(381440K), 0.0050630 secs] [Times: user=0.03 sys=0.00, real=0.01 secs] 
2018-12-31T22:21:48.516+0900: 19155.043: [GC (Allocation Failure) [PSYoungGen: 61184K->1792K(61952K)] 250632K->191384K(381440K), 0.0051450 secs] [Times: user=0.04 sys=0.00, real=0.00 secs] 
2018-12-31T22:22:03.397+0900: 19169.923: [GC (Allocation Failure) [PSYoungGen: 61184K->1888K(61952K)] 250776K->191616K(381440K), 0.0042685 secs] [Times: user=0.03 sys=0.00, real=0.00 secs] 
2018-12-31T22:22:18.282+0900: 19184.809: [GC (Allocation Failure) [PSYoungGen: 61280K->1824K(61952K)] 251008K->191696K(381440K), 0.0049999 secs] [Times: user=0.03 sys=0.00, real=0.01 secs] 
2018-12-31T22:22:33.273+0900: 19199.799: [GC (Allocation Failure) [PSYoungGen: 61216K->1888K(61440K)] 251088K->191904K(380928K), 0.0046695 secs] [Times: user=0.03 sys=0.00, real=0.01 secs] 
2018-12-31T22:22:47.913+0900: 19214.440: [GC (Allocation Failure) [PSYoungGen: 61280K->1952K(60928K)] 251296K->192120K(380416K), 0.0062225 secs] [Times: user=0.03 sys=0.00, real=0.01 secs] 
2018-12-31T22:23:02.728+0900: 19229.254: [GC (Allocation Failure) [PSYoungGen: 60832K->1888K(60928K)] 251000K->192192K(380416K), 0.0052411 secs] [Times: user=0.03 sys=0.00, real=0.00 secs] 
2018-12-31T22:23:17.283+0900: 19243.810: [GC (Allocation Failure) [PSYoungGen: 60768K->1856K(60928K)] 251072K->192312K(380416K), 0.0052487 secs] [Times: user=0.04 sys=0.00, real=0.01 secs] 
2018-12-31T22:23:32.072+0900: 19258.599: [GC (Allocation Failure) [PSYoungGen: 60736K->1920K(60928K)] 251192K->192536K(380416K), 0.0062595 secs] [Times: user=0.04 sys=0.00, real=0.01 secs] 
2018-12-31T22:23:46.639+0900: 19273.166: [GC (Allocation Failure) [PSYoungGen: 60800K->1920K(60928K)] 251416K->192672K(380416K), 0.0049975 secs] [Times: user=0.03 sys=0.00, real=0.01 secs] 
2018-12-31T22:24:01.391+0900: 19287.918: [GC (Allocation Failure) [PSYoungGen: 60800K->1952K(60928K)] 251552K->192856K(380416K), 0.0051149 secs] [Times: user=0.03 sys=0.00, real=0.01 secs] 
2018-12-31T22:24:16.164+0900: 19302.691: [GC (Allocation Failure) [PSYoungGen: 60832K->1952K(60928K)] 251736K->193000K(380416K), 0.0050458 secs] [Times: user=0.03 sys=0.00, real=0.00 secs] 
2018-12-31T22:24:30.870+0900: 19317.396: [GC (Allocation Failure) [PSYoungGen: 60832K->1952K(60928K)] 251880K->193144K(380416K), 0.0053774 secs] [Times: user=0.04 sys=0.00, real=0.01 secs] 
2018-12-31T22:24:45.516+0900: 19332.043: [GC (Allocation Failure) [PSYoungGen: 60832K->1984K(60416K)] 252024K->193328K(379904K), 0.0051520 secs] [Times: user=0.03 sys=0.00, real=0.00 secs] 
2018-12-31T22:25:00.107+0900: 19346.634: [GC (Allocation Failure) [PSYoungGen: 60352K->1984K(60928K)] 251696K->193496K(380416K), 0.0049852 secs] [Times: user=0.04 sys=0.00, real=0.00 secs] 
2018-12-31T22:25:14.490+0900: 19361.017: [GC (Allocation Failure) [PSYoungGen: 60352K->2016K(60928K)] 251864K->193680K(380416K), 0.0050655 secs] [Times: user=0.04 sys=0.00, real=0.01 secs] 
2018-12-31T22:25:29.280+0900: 19375.806: [GC (Allocation Failure) [PSYoungGen: 60384K->1952K(60928K)] 252048K->193760K(380416K), 0.0051975 secs] [Times: user=0.03 sys=0.00, real=0.01 secs] 
2018-12-31T22:25:43.686+0900: 19390.212: [GC (Allocation Failure) [PSYoungGen: 60320K->1920K(60928K)] 252128K->193888K(380416K), 0.0049570 secs] [Times: user=0.04 sys=0.00, real=0.00 secs] 
2018-12-31T22:25:58.229+0900: 19404.756: [GC (Allocation Failure) [PSYoungGen: 60288K->1952K(60928K)] 252256K->194064K(380416K), 0.0047181 secs] [Times: user=0.03 sys=0.00, real=0.01 secs] 
2018-12-31T22:26:12.730+0900: 19419.257: [GC (Allocation Failure) [PSYoungGen: 60320K->1920K(60928K)] 252432K->194184K(380416K), 0.0047711 secs] [Times: user=0.03 sys=0.00, real=0.01 secs] 
2018-12-31T22:26:27.454+0900: 19433.981: [GC (Allocation Failure) [PSYoungGen: 60288K->1952K(60416K)] 252552K->194360K(379904K), 0.0052823 secs] [Times: user=0.04 sys=0.00, real=0.00 secs] 
2018-12-31T22:26:41.920+0900: 19448.447: [GC (Allocation Failure) [PSYoungGen: 60320K->1984K(59904K)] 252728K->194576K(379392K), 0.0058018 secs] [Times: user=0.03 sys=0.00, real=0.01 secs] 
2018-12-31T22:26:56.338+0900: 19462.865: [GC (Allocation Failure) [PSYoungGen: 59840K->1952K(59904K)] 252432K->194704K(379392K), 0.0055720 secs] [Times: user=0.04 sys=0.00, real=0.01 secs] 
2018-12-31T22:27:10.833+0900: 19477.360: [GC (Allocation Failure) [PSYoungGen: 59808K->1888K(59904K)] 252560K->194800K(379392K), 0.0051616 secs] [Times: user=0.03 sys=0.00, real=0.01 secs] 
2018-12-31T22:27:25.262+0900: 19491.788: [GC (Allocation Failure) [PSYoungGen: 59744K->1984K(59904K)] 252656K->195040K(379392K), 0.0053677 secs] [Times: user=0.03 sys=0.00, real=0.01 secs] 
2018-12-31T22:27:39.722+0900: 19506.248: [GC (Allocation Failure) [PSYoungGen: 59840K->1920K(59904K)] 252896K->195120K(379392K), 0.0053012 secs] [Times: user=0.03 sys=0.00, real=0.01 secs] 
2018-12-31T22:27:54.111+0900: 19520.637: [GC (Allocation Failure) [PSYoungGen: 59776K->1888K(59904K)] 252976K->195248K(379392K), 0.0052900 secs] [Times: user=0.03 sys=0.00, real=0.01 secs] 
2018-12-31T22:28:08.518+0900: 19535.045: [GC (Allocation Failure) [PSYoungGen: 59744K->1856K(59904K)] 253104K->195360K(379392K), 0.0048356 secs] [Times: user=0.03 sys=0.00, real=0.00 secs] 
2018-12-31T22:28:22.999+0900: 19549.526: [GC (Allocation Failure) [PSYoungGen: 59712K->1952K(59904K)] 253216K->195608K(379392K), 0.0051635 secs] [Times: user=0.03 sys=0.00, real=0.01 secs] 
2018-12-31T22:28:37.287+0900: 19563.813: [GC (Allocation Failure) [PSYoungGen: 59808K->1920K(59904K)] 253464K->195728K(379392K), 0.0054576 secs] [Times: user=0.03 sys=0.00, real=0.00 secs] 
2018-12-31T22:28:51.665+0900: 19578.192: [GC (Allocation Failure) [PSYoungGen: 59776K->1920K(59904K)] 253584K->195880K(379392K), 0.0060311 secs] [Times: user=0.04 sys=0.00, real=0.00 secs] 
2018-12-31T22:29:06.155+0900: 19592.681: [GC (Allocation Failure) [PSYoungGen: 59776K->1984K(59904K)] 253736K->196096K(379392K), 0.0049591 secs] [Times: user=0.03 sys=0.00, real=0.00 secs] 
2018-12-31T22:29:20.639+0900: 19607.166: [GC (Allocation Failure) [PSYoungGen: 59840K->1888K(59904K)] 253952K->196160K(379392K), 0.0049910 secs] [Times: user=0.03 sys=0.00, real=0.01 secs] 
2018-12-31T22:29:35.132+0900: 19621.659: [GC (Allocation Failure) [PSYoungGen: 59744K->1888K(59904K)] 254016K->196296K(379392K), 0.0050327 secs] [Times: user=0.04 sys=0.00, real=0.01 secs] 
2018-12-31T22:29:49.572+0900: 19636.098: [GC (Allocation Failure) [PSYoungGen: 59744K->1952K(59904K)] 254152K->196528K(379392K), 0.0050631 secs] [Times: user=0.03 sys=0.00, real=0.01 secs] 
2018-12-31T22:30:03.752+0900: 19650.279: [GC (Allocation Failure) [PSYoungGen: 59808K->1888K(59904K)] 254384K->196632K(379392K), 0.0046673 secs] [Times: user=0.03 sys=0.00, real=0.01 secs] 
2018-12-31T22:30:18.140+0900: 19664.667: [GC (Allocation Failure) [PSYoungGen: 59744K->1856K(59904K)] 254488K->196752K(379392K), 0.0054254 secs] [Times: user=0.04 sys=0.00, real=0.01 secs] 
2018-12-31T22:30:32.535+0900: 19679.062: [GC (Allocation Failure) [PSYoungGen: 59712K->1888K(59904K)] 254608K->196936K(379392K), 0.0057060 secs] [Times: user=0.03 sys=0.01, real=0.00 secs] 
2018-12-31T22:30:46.871+0900: 19693.397: [GC (Allocation Failure) [PSYoungGen: 59744K->1888K(59904K)] 254792K->197080K(379392K), 0.0053552 secs] [Times: user=0.04 sys=0.00, real=0.01 secs] 
2018-12-31T22:31:01.287+0900: 19707.814: [GC (Allocation Failure) [PSYoungGen: 59744K->1856K(59904K)] 254936K->197200K(379392K), 0.0049806 secs] [Times: user=0.04 sys=0.00, real=0.00 secs] 
2018-12-31T22:31:15.849+0900: 19722.376: [GC (Allocation Failure) [PSYoungGen: 59712K->1888K(59904K)] 255056K->197384K(379392K), 0.0050793 secs] [Times: user=0.03 sys=0.00, real=0.01 secs] 
2018-12-31T22:31:30.303+0900: 19736.829: [GC (Allocation Failure) [PSYoungGen: 59744K->1920K(59904K)] 255240K->197576K(379392K), 0.0048764 secs] [Times: user=0.03 sys=0.00, real=0.01 secs] 
2018-12-31T22:31:44.738+0900: 19751.265: [GC (Allocation Failure) [PSYoungGen: 59776K->1888K(59904K)] 255432K->197696K(379392K), 0.0050828 secs] [Times: user=0.03 sys=0.00, real=0.00 secs] 
2018-12-31T22:31:59.177+0900: 19765.704: [GC (Allocation Failure) [PSYoungGen: 59744K->1888K(59904K)] 255552K->197848K(379392K), 0.0050763 secs] [Times: user=0.03 sys=0.00, real=0.00 secs] 
2018-12-31T22:32:13.656+0900: 19780.183: [GC (Allocation Failure) [PSYoungGen: 59744K->1920K(59904K)] 255704K->198040K(379392K), 0.0048726 secs] [Times: user=0.04 sys=0.00, real=0.00 secs] 
2018-12-31T22:32:28.167+0900: 19794.694: [GC (Allocation Failure) [PSYoungGen: 59776K->1952K(59904K)] 255896K->198232K(379392K), 0.0052718 secs] [Times: user=0.03 sys=0.00, real=0.00 secs] 
2018-12-31T22:32:42.593+0900: 19809.120: [GC (Allocation Failure) [PSYoungGen: 59808K->1920K(59904K)] 256088K->198368K(379392K), 0.0051985 secs] [Times: user=0.04 sys=0.00, real=0.01 secs] 
2018-12-31T22:32:57.044+0900: 19823.571: [GC (Allocation Failure) [PSYoungGen: 59776K->1952K(59904K)] 256224K->198552K(379392K), 0.0053828 secs] [Times: user=0.03 sys=0.00, real=0.00 secs] 
2018-12-31T22:33:11.438+0900: 19837.965: [GC (Allocation Failure) [PSYoungGen: 59808K->1888K(59904K)] 256408K->198640K(379392K), 0.0060574 secs] [Times: user=0.04 sys=0.00, real=0.01 secs] 
2018-12-31T22:33:25.958+0900: 19852.485: [GC (Allocation Failure) [PSYoungGen: 59744K->1920K(59904K)] 256496K->198824K(379392K), 0.0046327 secs] [Times: user=0.04 sys=0.00, real=0.00 secs] 
2018-12-31T22:33:40.476+0900: 19867.003: [GC (Allocation Failure) [PSYoungGen: 59776K->1920K(59904K)] 256680K->198968K(379392K), 0.0050279 secs] [Times: user=0.03 sys=0.00, real=0.00 secs] 
2018-12-31T22:33:54.698+0900: 19881.224: [GC (Allocation Failure) [PSYoungGen: 59776K->1920K(59904K)] 256824K->199128K(379392K), 0.0048484 secs] [Times: user=0.03 sys=0.00, real=0.00 secs] 
2018-12-31T22:34:09.090+0900: 19895.617: [GC (Allocation Failure) [PSYoungGen: 59776K->1920K(59904K)] 256984K->199280K(379392K), 0.0061036 secs] [Times: user=0.04 sys=0.00, real=0.01 secs] 
2018-12-31T22:34:23.626+0900: 19910.153: [GC (Allocation Failure) [PSYoungGen: 59776K->1920K(59904K)] 257136K->199440K(379392K), 0.0048555 secs] [Times: user=0.03 sys=0.00, real=0.00 secs] 
2018-12-31T22:34:38.040+0900: 19924.567: [GC (Allocation Failure) [PSYoungGen: 59776K->2016K(59904K)] 257296K->199672K(379392K), 0.0053158 secs] [Times: user=0.03 sys=0.00, real=0.01 secs] 
2018-12-31T22:34:52.522+0900: 19939.049: [GC (Allocation Failure) [PSYoungGen: 59872K->1888K(59904K)] 257528K->199704K(379392K), 0.0054863 secs] [Times: user=0.03 sys=0.00, real=0.01 secs] 
2018-12-31T22:35:06.823+0900: 19953.350: [GC (Allocation Failure) [PSYoungGen: 59744K->1952K(59904K)] 257560K->199928K(379392K), 0.0053676 secs] [Times: user=0.02 sys=0.00, real=0.01 secs] 
2018-12-31T22:35:21.202+0900: 19967.729: [GC (Allocation Failure) [PSYoungGen: 59808K->1888K(59904K)] 257784K->199992K(379392K), 0.0053338 secs] [Times: user=0.03 sys=0.00, real=0.01 secs] 
2018-12-31T22:35:35.769+0900: 19982.296: [GC (Allocation Failure) [PSYoungGen: 59744K->1984K(59904K)] 257848K->200232K(379392K), 0.0048316 secs] [Times: user=0.03 sys=0.00, real=0.01 secs] 
2018-12-31T22:35:50.101+0900: 19996.628: [GC (Allocation Failure) [PSYoungGen: 59840K->1920K(59904K)] 258088K->200312K(379392K), 0.0048556 secs] [Times: user=0.03 sys=0.00, real=0.01 secs] 
2018-12-31T22:36:04.706+0900: 20011.233: [GC (Allocation Failure) [PSYoungGen: 59776K->1920K(59904K)] 258168K->200464K(379392K), 0.0051891 secs] [Times: user=0.03 sys=0.00, real=0.00 secs] 
2018-12-31T22:36:19.106+0900: 20025.632: [GC (Allocation Failure) [PSYoungGen: 59776K->1920K(59904K)] 258320K->200624K(379392K), 0.0059813 secs] [Times: user=0.04 sys=0.00, real=0.00 secs] 
2018-12-31T22:36:33.521+0900: 20040.048: [GC (Allocation Failure) [PSYoungGen: 59776K->1920K(59904K)] 258480K->200784K(379392K), 0.0053763 secs] [Times: user=0.03 sys=0.00, real=0.01 secs] 
2018-12-31T22:36:48.013+0900: 20054.540: [GC (Allocation Failure) [PSYoungGen: 59776K->1856K(59904K)] 258640K->200880K(379392K), 0.0052910 secs] [Times: user=0.03 sys=0.00, real=0.01 secs] 
2018-12-31T22:37:02.448+0900: 20068.974: [GC (Allocation Failure) [PSYoungGen: 59712K->1920K(59904K)] 258736K->201104K(379392K), 0.0053316 secs] [Times: user=0.04 sys=0.00, real=0.00 secs] 
2018-12-31T22:37:16.956+0900: 20083.483: [GC (Allocation Failure) [PSYoungGen: 59776K->1920K(59904K)] 258960K->201264K(379392K), 0.0051755 secs] [Times: user=0.03 sys=0.00, real=0.00 secs] 
2018-12-31T22:37:31.395+0900: 20097.922: [GC (Allocation Failure) [PSYoungGen: 59776K->1888K(59904K)] 259120K->201384K(379392K), 0.0051842 secs] [Times: user=0.04 sys=0.00, real=0.00 secs] 
2018-12-31T22:37:45.816+0900: 20112.343: [GC (Allocation Failure) [PSYoungGen: 59744K->1952K(59904K)] 259240K->201608K(379392K), 0.0051451 secs] [Times: user=0.03 sys=0.00, real=0.00 secs] 
2018-12-31T22:38:00.422+0900: 20126.949: [GC (Allocation Failure) [PSYoungGen: 59808K->1888K(59904K)] 259464K->201688K(379392K), 0.0051570 secs] [Times: user=0.03 sys=0.00, real=0.01 secs] 
2018-12-31T22:38:14.676+0900: 20141.203: [GC (Allocation Failure) [PSYoungGen: 59744K->1952K(59904K)] 259544K->201912K(379392K), 0.0050511 secs] [Times: user=0.03 sys=0.00, real=0.00 secs] 
2018-12-31T22:38:29.162+0900: 20155.688: [GC (Allocation Failure) [PSYoungGen: 59808K->1888K(59904K)] 259768K->201992K(379392K), 0.0053241 secs] [Times: user=0.03 sys=0.00, real=0.01 secs] 
2018-12-31T22:38:43.614+0900: 20170.140: [GC (Allocation Failure) [PSYoungGen: 59744K->1856K(59904K)] 259848K->202104K(379392K), 0.0051686 secs] [Times: user=0.03 sys=0.00, real=0.00 secs] 
2018-12-31T22:38:57.792+0900: 20184.318: [GC (Allocation Failure) [PSYoungGen: 59712K->1856K(59904K)] 259960K->202256K(379392K), 0.0051244 secs] [Times: user=0.03 sys=0.00, real=0.01 secs] 
2018-12-31T22:39:12.175+0900: 20198.702: [GC (Allocation Failure) [PSYoungGen: 59712K->1888K(59904K)] 260112K->202440K(379392K), 0.0047436 secs] [Times: user=0.03 sys=0.00, real=0.00 secs] 
2018-12-31T22:39:26.553+0900: 20213.080: [GC (Allocation Failure) [PSYoungGen: 59744K->1920K(59904K)] 260296K->202632K(379392K), 0.0050325 secs] [Times: user=0.03 sys=0.00, real=0.01 secs] 
2018-12-31T22:39:41.022+0900: 20227.549: [GC (Allocation Failure) [PSYoungGen: 59776K->1888K(59904K)] 260488K->202760K(379392K), 0.0049536 secs] [Times: user=0.04 sys=0.00, real=0.01 secs] 
2018-12-31T22:39:55.512+0900: 20242.039: [GC (Allocation Failure) [PSYoungGen: 59744K->1920K(59904K)] 260616K->202936K(379392K), 0.0047214 secs] [Times: user=0.03 sys=0.00, real=0.01 secs] 
2018-12-31T22:40:10.006+0900: 20256.533: [GC (Allocation Failure) [PSYoungGen: 59776K->1952K(59904K)] 260792K->203120K(379392K), 0.0052028 secs] [Times: user=0.03 sys=0.00, real=0.00 secs] 
2018-12-31T22:40:24.189+0900: 20270.716: [GC (Allocation Failure) [PSYoungGen: 59808K->1824K(59904K)] 260976K->203152K(379392K), 0.0050600 secs] [Times: user=0.03 sys=0.00, real=0.01 secs] 
2018-12-31T22:40:38.622+0900: 20285.148: [GC (Allocation Failure) [PSYoungGen: 59680K->1888K(59904K)] 261008K->203368K(379392K), 0.0052428 secs] [Times: user=0.03 sys=0.00, real=0.01 secs] 
2018-12-31T22:40:53.006+0900: 20299.533: [GC (Allocation Failure) [PSYoungGen: 59744K->1888K(59904K)] 261224K->203528K(379392K), 0.0048469 secs] [Times: user=0.04 sys=0.00, real=0.00 secs] 
2018-12-31T22:41:07.341+0900: 20313.868: [GC (Allocation Failure) [PSYoungGen: 59744K->1920K(59904K)] 261384K->203720K(379392K), 0.0047946 secs] [Times: user=0.04 sys=0.00, real=0.01 secs] 
2018-12-31T22:41:21.908+0900: 20328.434: [GC (Allocation Failure) [PSYoungGen: 59776K->1920K(59904K)] 261576K->203872K(379392K), 0.0051199 secs] [Times: user=0.03 sys=0.00, real=0.00 secs] 
2018-12-31T22:41:36.319+0900: 20342.845: [GC (Allocation Failure) [PSYoungGen: 59776K->1920K(59904K)] 261728K->204016K(379392K), 0.0053968 secs] [Times: user=0.04 sys=0.00, real=0.01 secs] 
2018-12-31T22:41:50.614+0900: 20357.140: [GC (Allocation Failure) [PSYoungGen: 59776K->1888K(59904K)] 261872K->204152K(379392K), 0.0050177 secs] [Times: user=0.03 sys=0.00, real=0.00 secs] 
2018-12-31T22:42:05.040+0900: 20371.567: [GC (Allocation Failure) [PSYoungGen: 59744K->1920K(59904K)] 262008K->204344K(379392K), 0.0050175 secs] [Times: user=0.03 sys=0.00, real=0.01 secs] 
2018-12-31T22:42:19.563+0900: 20386.090: [GC (Allocation Failure) [PSYoungGen: 59776K->1920K(59904K)] 262200K->204504K(379392K), 0.0051237 secs] [Times: user=0.03 sys=0.00, real=0.01 secs] 
2018-12-31T22:42:34.169+0900: 20400.695: [GC (Allocation Failure) [PSYoungGen: 59776K->1920K(59904K)] 262360K->204664K(379392K), 0.0051218 secs] [Times: user=0.04 sys=0.00, real=0.01 secs] 
2018-12-31T22:42:48.629+0900: 20415.156: [GC (Allocation Failure) [PSYoungGen: 59776K->1920K(59904K)] 262520K->204800K(379392K), 0.0066099 secs] [Times: user=0.04 sys=0.00, real=0.01 secs] 
2018-12-31T22:43:02.859+0900: 20429.386: [GC (Allocation Failure) [PSYoungGen: 59776K->1856K(59904K)] 262656K->204880K(379392K), 0.0057831 secs] [Times: user=0.04 sys=0.00, real=0.01 secs] 
2018-12-31T22:43:17.476+0900: 20444.002: [GC (Allocation Failure) [PSYoungGen: 59712K->1888K(59904K)] 262736K->205064K(379392K), 0.0050380 secs] [Times: user=0.04 sys=0.00, real=0.00 secs] 
2018-12-31T22:43:31.810+0900: 20458.336: [GC (Allocation Failure) [PSYoungGen: 59744K->1952K(59904K)] 262920K->205288K(379392K), 0.0047872 secs] [Times: user=0.03 sys=0.00, real=0.01 secs] 
2018-12-31T22:43:46.172+0900: 20472.699: [GC (Allocation Failure) [PSYoungGen: 59808K->1920K(59904K)] 263144K->205400K(379392K), 0.0052075 secs] [Times: user=0.03 sys=0.00, real=0.01 secs] 
2018-12-31T22:44:00.725+0900: 20487.251: [GC (Allocation Failure) [PSYoungGen: 59776K->1888K(59904K)] 263256K->205520K(379392K), 0.0052848 secs] [Times: user=0.04 sys=0.00, real=0.00 secs] 
2018-12-31T22:44:15.155+0900: 20501.682: [GC (Allocation Failure) [PSYoungGen: 59744K->1952K(59904K)] 263376K->205728K(379392K), 0.0049546 secs] [Times: user=0.03 sys=0.00, real=0.00 secs] 
2018-12-31T22:44:29.759+0900: 20516.286: [GC (Allocation Failure) [PSYoungGen: 59808K->1888K(59904K)] 263584K->205824K(379392K), 0.0051931 secs] [Times: user=0.03 sys=0.00, real=0.01 secs] 
2018-12-31T22:44:44.097+0900: 20530.624: [GC (Allocation Failure) [PSYoungGen: 59744K->1920K(59904K)] 263680K->206016K(379392K), 0.0050799 secs] [Times: user=0.03 sys=0.00, real=0.00 secs] 
2018-12-31T22:44:58.589+0900: 20545.116: [GC (Allocation Failure) [PSYoungGen: 59776K->1952K(59904K)] 263872K->206208K(379392K), 0.0042834 secs] [Times: user=0.02 sys=0.00, real=0.01 secs] 
2018-12-31T22:45:13.214+0900: 20559.741: [GC (Allocation Failure) [PSYoungGen: 59808K->1952K(59904K)] 264064K->206368K(379392K), 0.0051150 secs] [Times: user=0.03 sys=0.00, real=0.00 secs] 
2018-12-31T22:45:27.700+0900: 20574.227: [GC (Allocation Failure) [PSYoungGen: 59808K->1888K(59904K)] 264224K->206464K(379392K), 0.0052849 secs] [Times: user=0.04 sys=0.00, real=0.01 secs] 
2018-12-31T22:45:42.211+0900: 20588.738: [GC (Allocation Failure) [PSYoungGen: 59744K->1888K(59904K)] 264320K->206624K(379392K), 0.0054469 secs] [Times: user=0.04 sys=0.00, real=0.01 secs] 
2018-12-31T22:45:56.496+0900: 20603.023: [GC (Allocation Failure) [PSYoungGen: 59744K->1888K(59904K)] 264480K->206784K(379392K), 0.0052405 secs] [Times: user=0.04 sys=0.00, real=0.00 secs] 
2018-12-31T22:46:10.926+0900: 20617.452: [GC (Allocation Failure) [PSYoungGen: 59744K->1952K(59904K)] 264640K->207008K(379392K), 0.0049515 secs] [Times: user=0.04 sys=0.00, real=0.00 secs] 
2018-12-31T22:46:25.543+0900: 20632.069: [GC (Allocation Failure) [PSYoungGen: 59808K->1920K(59904K)] 264864K->207112K(379392K), 0.0052326 secs] [Times: user=0.04 sys=0.00, real=0.01 secs] 
2018-12-31T22:46:40.013+0900: 20646.540: [GC (Allocation Failure) [PSYoungGen: 59776K->1920K(59904K)] 264968K->207272K(379392K), 0.0048963 secs] [Times: user=0.03 sys=0.00, real=0.01 secs] 
2018-12-31T22:46:54.521+0900: 20661.047: [GC (Allocation Failure) [PSYoungGen: 59776K->1888K(59904K)] 265128K->207384K(379392K), 0.0050409 secs] [Times: user=0.03 sys=0.00, real=0.01 secs] 
2018-12-31T22:47:08.719+0900: 20675.246: [GC (Allocation Failure) [PSYoungGen: 59744K->1920K(59904K)] 265240K->207568K(379392K), 0.0052959 secs] [Times: user=0.04 sys=0.00, real=0.01 secs] 
2018-12-31T22:47:23.177+0900: 20689.703: [GC (Allocation Failure) [PSYoungGen: 59776K->1856K(59904K)] 265424K->207656K(379392K), 0.0050953 secs] [Times: user=0.03 sys=0.00, real=0.00 secs] 
2018-12-31T22:47:37.636+0900: 20704.162: [GC (Allocation Failure) [PSYoungGen: 59712K->1888K(59904K)] 265512K->207848K(379392K), 0.0050537 secs] [Times: user=0.03 sys=0.00, real=0.00 secs] 
2018-12-31T22:47:51.895+0900: 20718.422: [GC (Allocation Failure) [PSYoungGen: 59744K->1920K(59904K)] 265704K->208032K(379392K), 0.0050998 secs] [Times: user=0.03 sys=0.00, real=0.00 secs] 
2018-12-31T22:48:06.311+0900: 20732.838: [GC (Allocation Failure) [PSYoungGen: 59776K->1856K(59904K)] 265888K->208120K(379392K), 0.0049318 secs] [Times: user=0.03 sys=0.00, real=0.01 secs] 
2018-12-31T22:48:20.703+0900: 20747.230: [GC (Allocation Failure) [PSYoungGen: 59712K->1888K(59904K)] 265976K->208296K(379392K), 0.0046844 secs] [Times: user=0.03 sys=0.00, real=0.01 secs] 
2018-12-31T22:48:35.204+0900: 20761.730: [GC (Allocation Failure) [PSYoungGen: 59744K->1824K(59904K)] 266152K->208376K(379392K), 0.0056394 secs] [Times: user=0.04 sys=0.00, real=0.00 secs] 
2018-12-31T22:48:49.581+0900: 20776.107: [GC (Allocation Failure) [PSYoungGen: 59680K->1888K(59904K)] 266232K->208592K(379392K), 0.0048545 secs] [Times: user=0.04 sys=0.00, real=0.01 secs] 
2018-12-31T22:49:04.049+0900: 20790.576: [GC (Allocation Failure) [PSYoungGen: 59744K->1920K(59904K)] 266448K->208768K(379392K), 0.0048024 secs] [Times: user=0.03 sys=0.00, real=0.01 secs] 
2018-12-31T22:49:18.510+0900: 20805.037: [GC (Allocation Failure) [PSYoungGen: 59776K->1856K(59904K)] 266624K->208848K(379392K), 0.0072746 secs] [Times: user=0.04 sys=0.01, real=0.01 secs] 
2018-12-31T22:49:32.978+0900: 20819.505: [GC (Allocation Failure) [PSYoungGen: 59712K->1856K(59904K)] 266704K->209008K(379392K), 0.0049341 secs] [Times: user=0.03 sys=0.00, real=0.00 secs] 
2018-12-31T22:49:47.345+0900: 20833.871: [GC (Allocation Failure) [PSYoungGen: 59712K->1888K(59904K)] 266864K->209176K(379392K), 0.0051569 secs] [Times: user=0.03 sys=0.00, real=0.00 secs] 
2018-12-31T22:50:01.778+0900: 20848.305: [GC (Allocation Failure) [PSYoungGen: 59744K->1920K(59904K)] 267032K->209360K(379392K), 0.0055033 secs] [Times: user=0.03 sys=0.00, real=0.01 secs] 
2018-12-31T22:50:16.356+0900: 20862.882: [GC (Allocation Failure) [PSYoungGen: 59776K->1888K(59904K)] 267216K->209480K(379392K), 0.0051855 secs] [Times: user=0.03 sys=0.00, real=0.00 secs] 
2018-12-31T22:50:30.547+0900: 20877.073: [GC (Allocation Failure) [PSYoungGen: 59744K->1888K(59904K)] 267336K->209640K(379392K), 0.0053718 secs] [Times: user=0.04 sys=0.00, real=0.00 secs] 
2018-12-31T22:50:44.936+0900: 20891.463: [GC (Allocation Failure) [PSYoungGen: 59744K->1888K(59904K)] 267496K->209792K(379392K), 0.0047638 secs] [Times: user=0.03 sys=0.00, real=0.00 secs] 
2018-12-31T22:50:59.419+0900: 20905.946: [GC (Allocation Failure) [PSYoungGen: 59744K->1920K(59904K)] 267648K->210000K(379392K), 0.0053765 secs] [Times: user=0.04 sys=0.00, real=0.01 secs] 
2018-12-31T22:51:13.685+0900: 20920.211: [GC (Allocation Failure) [PSYoungGen: 59776K->1952K(59904K)] 267856K->210184K(379392K), 0.0047153 secs] [Times: user=0.03 sys=0.00, real=0.00 secs] 
2018-12-31T22:51:28.070+0900: 20934.596: [GC (Allocation Failure) [PSYoungGen: 59808K->1888K(59904K)] 268040K->210272K(379392K), 0.0053778 secs] [Times: user=0.03 sys=0.00, real=0.01 secs] 
2018-12-31T22:51:42.451+0900: 20948.977: [GC (Allocation Failure) [PSYoungGen: 59744K->1920K(59904K)] 268128K->210448K(379392K), 0.0051980 secs] [Times: user=0.03 sys=0.00, real=0.01 secs] 
2018-12-31T22:51:56.852+0900: 20963.379: [GC (Allocation Failure) [PSYoungGen: 59776K->1920K(59904K)] 268304K->210600K(379392K), 0.0054774 secs] [Times: user=0.03 sys=0.00, real=0.01 secs] 
2018-12-31T22:52:11.281+0900: 20977.807: [GC (Allocation Failure) [PSYoungGen: 59776K->1952K(59904K)] 268456K->210776K(379392K), 0.0069643 secs] [Times: user=0.05 sys=0.00, real=0.01 secs] 
2018-12-31T22:52:25.703+0900: 20992.230: [GC (Allocation Failure) [PSYoungGen: 59808K->1888K(59904K)] 268632K->210864K(379392K), 0.0047126 secs] [Times: user=0.03 sys=0.00, real=0.01 secs] 
2018-12-31T22:52:40.069+0900: 21006.596: [GC (Allocation Failure) [PSYoungGen: 59744K->1856K(59904K)] 268720K->210992K(379392K), 0.0051100 secs] [Times: user=0.04 sys=0.00, real=0.01 secs] 
2018-12-31T22:52:54.442+0900: 21020.969: [GC (Allocation Failure) [PSYoungGen: 59712K->1952K(59904K)] 268848K->211240K(379392K), 0.0049155 secs] [Times: user=0.03 sys=0.00, real=0.01 secs] 
2018-12-31T22:53:08.919+0900: 21035.446: [GC (Allocation Failure) [PSYoungGen: 59808K->1888K(59904K)] 269096K->211328K(379392K), 0.0049947 secs] [Times: user=0.04 sys=0.00, real=0.01 secs] 
2018-12-31T22:53:23.322+0900: 21049.849: [GC (Allocation Failure) [PSYoungGen: 59744K->1888K(59904K)] 269184K->211496K(379392K), 0.0051236 secs] [Times: user=0.04 sys=0.00, real=0.01 secs] 
2018-12-31T22:53:37.861+0900: 21064.388: [GC (Allocation Failure) [PSYoungGen: 59744K->1888K(59904K)] 269352K->211632K(379392K), 0.0050147 secs] [Times: user=0.04 sys=0.00, real=0.01 secs] 
2018-12-31T22:53:52.302+0900: 21078.829: [GC (Allocation Failure) [PSYoungGen: 59744K->1920K(59904K)] 269488K->211816K(379392K), 0.0050593 secs] [Times: user=0.04 sys=0.00, real=0.01 secs] 
2018-12-31T22:54:06.519+0900: 21093.046: [GC (Allocation Failure) [PSYoungGen: 59776K->1888K(59904K)] 269672K->211952K(379392K), 0.0053989 secs] [Times: user=0.03 sys=0.00, real=0.01 secs] 
2018-12-31T22:54:20.937+0900: 21107.464: [GC (Allocation Failure) [PSYoungGen: 59744K->1920K(59904K)] 269808K->212144K(379392K), 0.0048935 secs] [Times: user=0.04 sys=0.00, real=0.00 secs] 
2018-12-31T22:54:35.368+0900: 21121.895: [GC (Allocation Failure) [PSYoungGen: 59776K->1920K(59904K)] 270000K->212304K(379392K), 0.0052269 secs] [Times: user=0.04 sys=0.00, real=0.00 secs] 
2018-12-31T22:54:49.700+0900: 21136.227: [GC (Allocation Failure) [PSYoungGen: 59776K->1888K(59904K)] 270160K->212408K(379392K), 0.0052588 secs] [Times: user=0.03 sys=0.00, real=0.01 secs] 
2018-12-31T22:55:04.099+0900: 21150.626: [GC (Allocation Failure) [PSYoungGen: 59744K->1888K(59904K)] 270264K->212568K(379392K), 0.0051240 secs] [Times: user=0.03 sys=0.00, real=0.01 secs] 
2018-12-31T22:55:18.636+0900: 21165.163: [GC (Allocation Failure) [PSYoungGen: 59744K->1920K(59904K)] 270424K->212752K(379392K), 0.0054833 secs] [Times: user=0.04 sys=0.00, real=0.00 secs] 
2018-12-31T22:55:33.153+0900: 21179.680: [GC (Allocation Failure) [PSYoungGen: 59776K->1952K(59904K)] 270608K->212952K(379392K), 0.0057040 secs] [Times: user=0.03 sys=0.00, real=0.01 secs] 
2018-12-31T22:55:47.663+0900: 21194.190: [GC (Allocation Failure) [PSYoungGen: 59808K->1952K(59904K)] 270808K->213104K(379392K), 0.0050156 secs] [Times: user=0.04 sys=0.00, real=0.01 secs] 
2018-12-31T22:56:01.900+0900: 21208.427: [GC (Allocation Failure) [PSYoungGen: 59808K->1888K(59904K)] 270960K->213192K(379392K), 0.0049826 secs] [Times: user=0.03 sys=0.00, real=0.01 secs] 
2018-12-31T22:56:16.314+0900: 21222.841: [GC (Allocation Failure) [PSYoungGen: 59744K->1888K(59904K)] 271048K->213352K(379392K), 0.0048628 secs] [Times: user=0.03 sys=0.00, real=0.00 secs] 
2018-12-31T22:56:30.854+0900: 21237.381: [GC (Allocation Failure) [PSYoungGen: 59744K->1888K(59904K)] 271208K->213504K(379392K), 0.0051504 secs] [Times: user=0.03 sys=0.00, real=0.00 secs] 
2018-12-31T22:56:44.990+0900: 21251.517: [GC (Allocation Failure) [PSYoungGen: 59744K->1984K(59904K)] 271360K->213752K(379392K), 0.0048188 secs] [Times: user=0.03 sys=0.00, real=0.01 secs] 
2018-12-31T22:56:59.483+0900: 21266.010: [GC (Allocation Failure) [PSYoungGen: 59840K->1952K(59904K)] 271608K->213888K(379392K), 0.0056877 secs] [Times: user=0.03 sys=0.00, real=0.01 secs] 
2018-12-31T22:57:14.059+0900: 21280.585: [GC (Allocation Failure) [PSYoungGen: 59808K->1952K(59904K)] 271744K->214040K(379392K), 0.0048584 secs] [Times: user=0.03 sys=0.00, real=0.00 secs] 
2018-12-31T22:57:28.536+0900: 21295.063: [GC (Allocation Failure) [PSYoungGen: 59808K->1984K(59904K)] 271896K->214232K(379392K), 0.0057308 secs] [Times: user=0.03 sys=0.00, real=0.00 secs] 
2018-12-31T22:57:42.958+0900: 21309.484: [GC (Allocation Failure) [PSYoungGen: 59840K->1920K(59904K)] 272088K->214312K(379392K), 0.0052573 secs] [Times: user=0.03 sys=0.00, real=0.00 secs] 
2018-12-31T22:57:57.280+0900: 21323.806: [GC (Allocation Failure) [PSYoungGen: 59776K->1952K(59904K)] 272168K->214488K(379392K), 0.0048154 secs] [Times: user=0.03 sys=0.00, real=0.01 secs] 
2018-12-31T22:58:11.664+0900: 21338.191: [GC (Allocation Failure) [PSYoungGen: 59808K->1888K(59904K)] 272344K->214584K(379392K), 0.0051006 secs] [Times: user=0.03 sys=0.00, real=0.00 secs] 
2018-12-31T22:58:26.297+0900: 21352.824: [GC (Allocation Failure) [PSYoungGen: 59744K->1824K(59904K)] 272440K->214664K(379392K), 0.0067763 secs] [Times: user=0.04 sys=0.00, real=0.01 secs] 
2018-12-31T22:58:40.750+0900: 21367.277: [GC (Allocation Failure) [PSYoungGen: 59680K->1920K(59904K)] 272520K->214912K(379392K), 0.0045963 secs] [Times: user=0.04 sys=0.00, real=0.01 secs] 
2018-12-31T22:58:55.219+0900: 21381.745: [GC (Allocation Failure) [PSYoungGen: 59776K->1888K(59904K)] 272768K->215040K(379392K), 0.0068742 secs] [Times: user=0.03 sys=0.01, real=0.01 secs] 
2018-12-31T22:59:09.586+0900: 21396.113: [GC (Allocation Failure) [PSYoungGen: 59744K->1920K(59904K)] 272896K->215232K(379392K), 0.0052148 secs] [Times: user=0.04 sys=0.00, real=0.00 secs] 
2018-12-31T22:59:24.046+0900: 21410.573: [GC (Allocation Failure) [PSYoungGen: 59776K->1920K(59904K)] 273088K->215392K(379392K), 0.0049193 secs] [Times: user=0.03 sys=0.00, real=0.00 secs] 
2018-12-31T22:59:38.545+0900: 21425.072: [GC (Allocation Failure) [PSYoungGen: 59776K->1920K(59904K)] 273248K->215544K(379392K), 0.0052983 secs] [Times: user=0.03 sys=0.00, real=0.00 secs] 
2018-12-31T22:59:52.761+0900: 21439.288: [GC (Allocation Failure) [PSYoungGen: 59776K->1856K(59904K)] 273400K->215640K(379392K), 0.0051099 secs] [Times: user=0.04 sys=0.00, real=0.01 secs] 
2018-12-31T23:00:07.387+0900: 21453.913: [GC (Allocation Failure) [PSYoungGen: 59712K->1888K(59904K)] 273496K->215824K(379392K), 0.0050726 secs] [Times: user=0.03 sys=0.00, real=0.00 secs] 
2018-12-31T23:00:21.878+0900: 21468.405: [GC (Allocation Failure) [PSYoungGen: 59744K->1920K(59904K)] 273680K->216016K(379392K), 0.0049098 secs] [Times: user=0.04 sys=0.00, real=0.00 secs] 
2018-12-31T23:00:36.104+0900: 21482.631: [GC (Allocation Failure) [PSYoungGen: 59776K->1888K(59904K)] 273872K->216136K(379392K), 0.0054703 secs] [Times: user=0.04 sys=0.00, real=0.00 secs] 
2018-12-31T23:00:50.442+0900: 21496.969: [GC (Allocation Failure) [PSYoungGen: 59744K->1856K(59904K)] 273992K->216264K(379392K), 0.0051380 secs] [Times: user=0.03 sys=0.00, real=0.01 secs] 
2018-12-31T23:01:05.002+0900: 21511.529: [GC (Allocation Failure) [PSYoungGen: 59712K->1920K(59904K)] 274120K->216488K(379392K), 0.0046972 secs] [Times: user=0.03 sys=0.00, real=0.01 secs] 
2018-12-31T23:01:19.447+0900: 21525.974: [GC (Allocation Failure) [PSYoungGen: 59776K->1952K(59904K)] 274344K->216672K(379392K), 0.0046697 secs] [Times: user=0.04 sys=0.00, real=0.00 secs] 
2018-12-31T23:01:33.922+0900: 21540.448: [GC (Allocation Failure) [PSYoungGen: 59808K->1920K(59904K)] 274528K->216784K(379392K), 0.0050291 secs] [Times: user=0.03 sys=0.00, real=0.01 secs] 
2018-12-31T23:01:48.219+0900: 21554.746: [GC (Allocation Failure) [PSYoungGen: 59776K->1952K(59904K)] 274640K->216960K(379392K), 0.0055614 secs] [Times: user=0.04 sys=0.00, real=0.01 secs] 
2018-12-31T23:02:02.705+0900: 21569.231: [GC (Allocation Failure) [PSYoungGen: 59808K->1888K(59904K)] 274816K->217048K(379392K), 0.0057995 secs] [Times: user=0.04 sys=0.00, real=0.00 secs] 
2018-12-31T23:02:17.167+0900: 21583.694: [GC (Allocation Failure) [PSYoungGen: 59744K->1888K(59904K)] 274904K->217192K(379392K), 0.0061912 secs] [Times: user=0.04 sys=0.00, real=0.00 secs] 
2018-12-31T23:02:31.549+0900: 21598.075: [GC (Allocation Failure) [PSYoungGen: 59744K->1888K(59904K)] 275048K->217344K(379392K), 0.0062169 secs] [Times: user=0.04 sys=0.00, real=0.01 secs] 
2018-12-31T23:02:45.840+0900: 21612.367: [GC (Allocation Failure) [PSYoungGen: 59744K->2048K(59392K)] 275200K->217832K(378880K), 0.0055261 secs] [Times: user=0.04 sys=0.00, real=0.01 secs] 
2018-12-31T23:03:00.175+0900: 21626.702: [GC (Allocation Failure) [PSYoungGen: 59392K->2080K(59904K)] 275176K->218112K(379392K), 0.0049321 secs] [Times: user=0.03 sys=0.00, real=0.00 secs] 
2018-12-31T23:03:14.416+0900: 21640.943: [GC (Allocation Failure) [PSYoungGen: 59424K->2176K(59904K)] 275456K->218208K(379392K), 0.0054176 secs] [Times: user=0.04 sys=0.00, real=0.00 secs] 
2018-12-31T23:03:28.618+0900: 21655.145: [GC (Allocation Failure) [PSYoungGen: 59520K->2144K(59904K)] 275552K->218320K(379392K), 0.0050656 secs] [Times: user=0.03 sys=0.00, real=0.00 secs] 
2018-12-31T23:03:43.111+0900: 21669.638: [GC (Allocation Failure) [PSYoungGen: 59488K->2208K(59904K)] 275664K->218536K(379392K), 0.0048389 secs] [Times: user=0.03 sys=0.00, real=0.01 secs] 
2018-12-31T23:03:57.376+0900: 21683.903: [GC (Allocation Failure) [PSYoungGen: 59552K->2208K(59904K)] 275880K->218688K(379392K), 0.0052803 secs] [Times: user=0.04 sys=0.00, real=0.00 secs] 
2018-12-31T23:04:11.747+0900: 21698.274: [GC (Allocation Failure) [PSYoungGen: 59552K->2240K(59904K)] 276032K->218872K(379392K), 0.0053246 secs] [Times: user=0.04 sys=0.00, real=0.00 secs] 
2018-12-31T23:04:25.847+0900: 21712.374: [GC (Allocation Failure) [PSYoungGen: 59584K->2208K(59904K)] 276216K->218984K(379392K), 0.0054529 secs] [Times: user=0.04 sys=0.00, real=0.00 secs] 
2018-12-31T23:04:40.132+0900: 21726.659: [GC (Allocation Failure) [PSYoungGen: 59552K->2240K(59904K)] 276328K->219168K(379392K), 0.0055850 secs] [Times: user=0.03 sys=0.00, real=0.01 secs] 
2018-12-31T23:04:54.399+0900: 21740.926: [GC (Allocation Failure) [PSYoungGen: 59584K->2240K(59904K)] 276512K->219320K(379392K), 0.0053037 secs] [Times: user=0.04 sys=0.00, real=0.01 secs] 
2018-12-31T23:05:08.797+0900: 21755.324: [GC (Allocation Failure) [PSYoungGen: 59584K->2208K(59904K)] 276664K->219440K(379392K), 0.0069663 secs] [Times: user=0.05 sys=0.00, real=0.01 secs] 
2018-12-31T23:05:23.142+0900: 21769.669: [GC (Allocation Failure) [PSYoungGen: 59552K->2240K(59904K)] 276784K->219624K(379392K), 0.0054878 secs] [Times: user=0.04 sys=0.00, real=0.01 secs] 
2018-12-31T23:05:37.621+0900: 21784.148: [GC (Allocation Failure) [PSYoungGen: 59584K->2208K(59904K)] 276968K->219744K(379392K), 0.0059824 secs] [Times: user=0.04 sys=0.00, real=0.01 secs] 
2018-12-31T23:05:51.944+0900: 21798.470: [GC (Allocation Failure) [PSYoungGen: 59552K->2240K(59904K)] 277088K->219928K(379392K), 0.0052217 secs] [Times: user=0.04 sys=0.00, real=0.00 secs] 
2018-12-31T23:06:06.238+0900: 21812.765: [GC (Allocation Failure) [PSYoungGen: 59584K->2176K(59904K)] 277272K->220000K(379392K), 0.0060091 secs] [Times: user=0.04 sys=0.00, real=0.01 secs] 
2018-12-31T23:06:20.621+0900: 21827.147: [GC (Allocation Failure) [PSYoungGen: 59520K->1856K(59904K)] 277344K->220184K(379392K), 0.0055066 secs] [Times: user=0.03 sys=0.00, real=0.01 secs] 
2018-12-31T23:06:34.991+0900: 21841.518: [GC (Allocation Failure) [PSYoungGen: 59200K->1888K(59904K)] 277528K->220352K(379392K), 0.0048877 secs] [Times: user=0.03 sys=0.00, real=0.01 secs] 
2018-12-31T23:06:49.373+0900: 21855.900: [GC (Allocation Failure) [PSYoungGen: 59232K->1824K(59904K)] 277696K->220424K(379392K), 0.0049767 secs] [Times: user=0.03 sys=0.00, real=0.01 secs] 
2018-12-31T23:07:03.630+0900: 21870.156: [GC (Allocation Failure) [PSYoungGen: 59168K->1856K(59904K)] 277768K->220592K(379392K), 0.0050580 secs] [Times: user=0.03 sys=0.00, real=0.01 secs] 
2018-12-31T23:07:18.022+0900: 21884.548: [GC (Allocation Failure) [PSYoungGen: 59200K->1856K(59904K)] 277936K->220744K(379392K), 0.0048542 secs] [Times: user=0.03 sys=0.00, real=0.01 secs] 
2018-12-31T23:07:32.398+0900: 21898.925: [GC (Allocation Failure) [PSYoungGen: 59200K->1888K(59904K)] 278088K->220928K(379392K), 0.0044023 secs] [Times: user=0.03 sys=0.00, real=0.00 secs] 
2018-12-31T23:07:46.634+0900: 21913.160: [GC (Allocation Failure) [PSYoungGen: 59232K->1856K(59904K)] 278272K->221064K(379392K), 0.0058604 secs] [Times: user=0.04 sys=0.01, real=0.01 secs] 
2018-12-31T23:08:01.080+0900: 21927.606: [GC (Allocation Failure) [PSYoungGen: 59200K->1888K(59904K)] 278408K->221240K(379392K), 0.0049546 secs] [Times: user=0.03 sys=0.00, real=0.01 secs] 
2018-12-31T23:08:15.463+0900: 21941.989: [GC (Allocation Failure) [PSYoungGen: 59232K->1856K(59904K)] 278584K->221368K(379392K), 0.0052468 secs] [Times: user=0.03 sys=0.00, real=0.01 secs] 
2018-12-31T23:08:29.711+0900: 21956.237: [GC (Allocation Failure) [PSYoungGen: 59200K->1888K(59904K)] 278712K->221552K(379392K), 0.0048056 secs] [Times: user=0.03 sys=0.00, real=0.01 secs] 
2018-12-31T23:08:43.987+0900: 21970.514: [GC (Allocation Failure) [PSYoungGen: 59232K->1824K(59904K)] 278896K->221624K(379392K), 0.0053251 secs] [Times: user=0.03 sys=0.00, real=0.00 secs] 
2018-12-31T23:08:58.342+0900: 21984.868: [GC (Allocation Failure) [PSYoungGen: 59168K->1920K(59904K)] 278968K->221872K(379392K), 0.0054035 secs] [Times: user=0.04 sys=0.00, real=0.01 secs] 
2018-12-31T23:09:12.689+0900: 21999.216: [GC (Allocation Failure) [PSYoungGen: 59264K->1888K(59904K)] 279216K->221984K(379392K), 0.0060968 secs] [Times: user=0.04 sys=0.00, real=0.01 secs] 
2018-12-31T23:09:27.005+0900: 22013.531: [GC (Allocation Failure) [PSYoungGen: 59232K->1920K(59904K)] 279328K->222168K(379392K), 0.0052374 secs] [Times: user=0.04 sys=0.00, real=0.00 secs] 
2018-12-31T23:09:41.136+0900: 22027.663: [GC (Allocation Failure) [PSYoungGen: 59264K->1920K(59904K)] 279512K->222328K(379392K), 0.0053156 secs] [Times: user=0.03 sys=0.00, real=0.00 secs] 
2018-12-31T23:09:55.423+0900: 22041.950: [GC (Allocation Failure) [PSYoungGen: 59264K->1888K(59904K)] 279672K->222440K(379392K), 0.0053636 secs] [Times: user=0.03 sys=0.00, real=0.01 secs] 
2018-12-31T23:10:09.863+0900: 22056.390: [GC (Allocation Failure) [PSYoungGen: 59232K->1920K(59904K)] 279784K->222616K(379392K), 0.0049009 secs] [Times: user=0.03 sys=0.00, real=0.01 secs] 
2018-12-31T23:10:24.250+0900: 22070.777: [GC (Allocation Failure) [PSYoungGen: 59264K->1920K(59904K)] 279960K->222768K(379392K), 0.0048827 secs] [Times: user=0.04 sys=0.00, real=0.01 secs] 
2018-12-31T23:10:38.314+0900: 22084.841: [GC (Allocation Failure) [PSYoungGen: 59264K->1952K(59904K)] 280112K->222952K(379392K), 0.0050999 secs] [Times: user=0.03 sys=0.00, real=0.00 secs] 
2018-12-31T23:10:52.680+0900: 22099.206: [GC (Allocation Failure) [PSYoungGen: 59296K->1856K(59904K)] 280296K->222992K(379392K), 0.0054565 secs] [Times: user=0.03 sys=0.00, real=0.01 secs] 
2018-12-31T23:11:07.064+0900: 22113.591: [GC (Allocation Failure) [PSYoungGen: 59200K->1952K(59904K)] 280336K->223248K(379392K), 0.0060341 secs] [Times: user=0.04 sys=0.00, real=0.00 secs] 
2018-12-31T23:11:21.506+0900: 22128.032: [GC (Allocation Failure) [PSYoungGen: 59296K->1888K(59904K)] 280592K->223344K(379392K), 0.0051885 secs] [Times: user=0.03 sys=0.00, real=0.00 secs] 
2018-12-31T23:11:35.598+0900: 22142.125: [GC (Allocation Failure) [PSYoungGen: 59232K->1856K(59904K)] 280688K->223456K(379392K), 0.0056928 secs] [Times: user=0.04 sys=0.00, real=0.00 secs] 
2018-12-31T23:11:49.807+0900: 22156.334: [GC (Allocation Failure) [PSYoungGen: 59200K->1888K(59904K)] 280800K->223632K(379392K), 0.0048637 secs] [Times: user=0.04 sys=0.00, real=0.00 secs] 
2018-12-31T23:12:04.239+0900: 22170.766: [GC (Allocation Failure) [PSYoungGen: 59232K->1888K(59904K)] 280976K->223792K(379392K), 0.0049278 secs] [Times: user=0.04 sys=0.00, real=0.01 secs] 
2018-12-31T23:12:18.515+0900: 22185.042: [GC (Allocation Failure) [PSYoungGen: 59232K->1824K(59904K)] 281136K->223856K(379392K), 0.0063303 secs] [Times: user=0.03 sys=0.00, real=0.00 secs] 
2018-12-31T23:12:32.828+0900: 22199.355: [GC (Allocation Failure) [PSYoungGen: 59168K->1920K(59904K)] 281200K->224112K(379392K), 0.0052679 secs] [Times: user=0.03 sys=0.00, real=0.01 secs] 
2018-12-31T23:12:47.086+0900: 22213.613: [GC (Allocation Failure) [PSYoungGen: 59264K->1888K(59904K)] 281456K->224216K(379392K), 0.0056839 secs] [Times: user=0.04 sys=0.00, real=0.00 secs] 
2018-12-31T23:13:01.459+0900: 22227.986: [GC (Allocation Failure) [PSYoungGen: 59232K->1888K(59392K)] 281560K->224376K(378880K), 0.0055371 secs] [Times: user=0.04 sys=0.00, real=0.01 secs] 
2018-12-31T23:13:15.846+0900: 22242.372: [GC (Allocation Failure) [PSYoungGen: 59232K->1920K(59392K)] 281720K->224544K(378880K), 0.0052993 secs] [Times: user=0.03 sys=0.00, real=0.00 secs] 
2018-12-31T23:13:30.061+0900: 22256.587: [GC (Allocation Failure) [PSYoungGen: 59264K->1888K(59392K)] 281888K->224656K(378880K), 0.0055815 secs] [Times: user=0.03 sys=0.00, real=0.01 secs] 
2018-12-31T23:13:44.334+0900: 22270.861: [GC (Allocation Failure) [PSYoungGen: 59232K->1920K(59392K)] 282000K->224840K(378880K), 0.0053396 secs] [Times: user=0.04 sys=0.00, real=0.00 secs] 
2018-12-31T23:13:58.767+0900: 22285.294: [GC (Allocation Failure) [PSYoungGen: 59264K->1920K(59392K)] 282184K->224992K(378880K), 0.0052437 secs] [Times: user=0.04 sys=0.00, real=0.00 secs] 
2018-12-31T23:14:13.220+0900: 22299.746: [GC (Allocation Failure) [PSYoungGen: 59264K->1856K(59392K)] 282336K->225088K(378880K), 0.0049176 secs] [Times: user=0.03 sys=0.00, real=0.01 secs] 
2018-12-31T23:14:27.321+0900: 22313.847: [GC (Allocation Failure) [PSYoungGen: 59200K->1920K(59392K)] 282432K->225304K(378880K), 0.0063723 secs] [Times: user=0.04 sys=0.00, real=0.01 secs] 
2018-12-31T23:14:41.624+0900: 22328.151: [GC (Allocation Failure) [PSYoungGen: 59264K->1888K(59392K)] 282648K->225424K(378880K), 0.0051652 secs] [Times: user=0.03 sys=0.00, real=0.00 secs] 
2018-12-31T23:14:56.080+0900: 22342.607: [GC (Allocation Failure) [PSYoungGen: 59232K->1856K(59392K)] 282768K->225552K(378880K), 0.0056071 secs] [Times: user=0.03 sys=0.00, real=0.01 secs] 
2018-12-31T23:15:10.452+0900: 22356.979: [GC (Allocation Failure) [PSYoungGen: 59200K->1920K(59392K)] 282896K->225760K(378880K), 0.0050962 secs] [Times: user=0.04 sys=0.00, real=0.01 secs] 
2018-12-31T23:15:24.806+0900: 22371.333: [GC (Allocation Failure) [PSYoungGen: 59264K->1856K(59392K)] 283104K->225840K(378880K), 0.0053781 secs] [Times: user=0.03 sys=0.00, real=0.00 secs] 
2018-12-31T23:15:39.235+0900: 22385.761: [GC (Allocation Failure) [PSYoungGen: 59200K->1856K(59392K)] 283184K->226008K(378880K), 0.0051808 secs] [Times: user=0.03 sys=0.00, real=0.00 secs] 
2018-12-31T23:15:53.521+0900: 22400.048: [GC (Allocation Failure) [PSYoungGen: 59200K->1856K(59392K)] 283352K->226160K(378880K), 0.0054438 secs] [Times: user=0.04 sys=0.00, real=0.01 secs] 
2018-12-31T23:16:07.684+0900: 22414.210: [GC (Allocation Failure) [PSYoungGen: 59200K->1984K(59392K)] 283504K->226440K(378880K), 0.0049245 secs] [Times: user=0.04 sys=0.00, real=0.00 secs] 
2018-12-31T23:16:21.950+0900: 22428.476: [GC (Allocation Failure) [PSYoungGen: 59328K->1920K(59392K)] 283784K->226528K(378880K), 0.0048112 secs] [Times: user=0.03 sys=0.00, real=0.01 secs] 
2018-12-31T23:16:36.364+0900: 22442.891: [GC (Allocation Failure) [PSYoungGen: 59264K->1952K(59392K)] 283872K->226720K(378880K), 0.0050480 secs] [Times: user=0.04 sys=0.00, real=0.00 secs] 
2018-12-31T23:16:50.690+0900: 22457.217: [GC (Allocation Failure) [PSYoungGen: 59296K->1856K(59392K)] 284064K->226792K(378880K), 0.0053161 secs] [Times: user=0.03 sys=0.00, real=0.01 secs] 
2018-12-31T23:17:04.909+0900: 22471.436: [GC (Allocation Failure) [PSYoungGen: 59200K->1920K(59392K)] 284136K->227008K(378880K), 0.0050130 secs] [Times: user=0.03 sys=0.00, real=0.01 secs] 
2018-12-31T23:17:19.190+0900: 22485.717: [GC (Allocation Failure) [PSYoungGen: 59264K->1952K(59392K)] 284352K->227192K(378880K), 0.0053685 secs] [Times: user=0.04 sys=0.00, real=0.01 secs] 
2018-12-31T23:17:33.559+0900: 22500.085: [GC (Allocation Failure) [PSYoungGen: 59296K->1856K(59392K)] 284536K->227256K(378880K), 0.0059950 secs] [Times: user=0.04 sys=0.00, real=0.01 secs] 
2018-12-31T23:17:47.925+0900: 22514.451: [GC (Allocation Failure) [PSYoungGen: 59200K->1952K(59392K)] 284600K->227496K(378880K), 0.0051578 secs] [Times: user=0.04 sys=0.00, real=0.00 secs] 
2018-12-31T23:18:02.140+0900: 22528.667: [GC (Allocation Failure) [PSYoungGen: 59296K->1888K(59392K)] 284840K->227584K(378880K), 0.0050364 secs] [Times: user=0.03 sys=0.00, real=0.01 secs] 
2018-12-31T23:18:16.436+0900: 22542.963: [GC (Allocation Failure) [PSYoungGen: 59232K->1888K(59392K)] 284928K->227736K(378880K), 0.0052804 secs] [Times: user=0.03 sys=0.00, real=0.00 secs] 
2018-12-31T23:18:30.739+0900: 22557.266: [GC (Allocation Failure) [PSYoungGen: 59232K->1920K(59392K)] 285080K->227920K(378880K), 0.0048849 secs] [Times: user=0.04 sys=0.00, real=0.01 secs] 
2018-12-31T23:18:45.019+0900: 22571.545: [GC (Allocation Failure) [PSYoungGen: 59264K->1920K(59392K)] 285264K->228072K(378880K), 0.0057376 secs] [Times: user=0.04 sys=0.00, real=0.01 secs] 
2018-12-31T23:18:59.364+0900: 22585.890: [GC (Allocation Failure) [PSYoungGen: 59264K->1920K(59392K)] 285416K->228224K(378880K), 0.0067866 secs] [Times: user=0.04 sys=0.00, real=0.00 secs] 
2018-12-31T23:19:13.458+0900: 22599.985: [GC (Allocation Failure) [PSYoungGen: 59264K->1920K(59392K)] 285568K->228384K(378880K), 0.0046352 secs] [Times: user=0.03 sys=0.00, real=0.00 secs] 
2018-12-31T23:19:27.716+0900: 22614.243: [GC (Allocation Failure) [PSYoungGen: 59264K->1920K(59392K)] 285728K->228536K(378880K), 0.0046744 secs] [Times: user=0.03 sys=0.00, real=0.00 secs] 
2018-12-31T23:19:42.019+0900: 22628.546: [GC (Allocation Failure) [PSYoungGen: 59264K->1920K(59392K)] 285880K->228680K(378880K), 0.0051749 secs] [Times: user=0.04 sys=0.00, real=0.01 secs] 
2018-12-31T23:19:56.354+0900: 22642.881: [GC (Allocation Failure) [PSYoungGen: 59264K->1888K(59392K)] 286024K->228800K(378880K), 0.0055900 secs] [Times: user=0.03 sys=0.00, real=0.00 secs] 
2018-12-31T23:20:10.653+0900: 22657.180: [GC (Allocation Failure) [PSYoungGen: 59232K->1920K(59392K)] 286144K->228976K(378880K), 0.0052190 secs] [Times: user=0.03 sys=0.00, real=0.01 secs] 
2018-12-31T23:20:24.865+0900: 22671.392: [GC (Allocation Failure) [PSYoungGen: 59264K->1888K(59392K)] 286320K->229112K(378880K), 0.0052531 secs] [Times: user=0.04 sys=0.00, real=0.00 secs] 
2018-12-31T23:20:39.237+0900: 22685.763: [GC (Allocation Failure) [PSYoungGen: 59232K->1856K(59392K)] 286456K->229256K(378880K), 0.0065356 secs] [Times: user=0.04 sys=0.00, real=0.00 secs] 
2018-12-31T23:20:53.513+0900: 22700.040: [GC (Allocation Failure) [PSYoungGen: 59200K->1856K(59392K)] 286600K->229416K(378880K), 0.0057890 secs] [Times: user=0.04 sys=0.00, real=0.01 secs] 
2018-12-31T23:21:07.879+0900: 22714.406: [GC (Allocation Failure) [PSYoungGen: 59200K->1888K(59392K)] 286760K->229608K(378880K), 0.0049166 secs] [Times: user=0.03 sys=0.00, real=0.01 secs] 
2018-12-31T23:21:21.942+0900: 22728.469: [GC (Allocation Failure) [PSYoungGen: 59232K->1888K(59392K)] 286952K->229760K(378880K), 0.0059186 secs] [Times: user=0.04 sys=0.00, real=0.01 secs] 
2018-12-31T23:21:36.196+0900: 22742.723: [GC (Allocation Failure) [PSYoungGen: 59232K->1856K(59392K)] 287104K->229880K(378880K), 0.0053013 secs] [Times: user=0.03 sys=0.00, real=0.00 secs] 
2018-12-31T23:21:50.573+0900: 22757.100: [GC (Allocation Failure) [PSYoungGen: 59200K->1824K(59392K)] 287224K->229992K(378880K), 0.0052485 secs] [Times: user=0.04 sys=0.00, real=0.01 secs] 
2018-12-31T23:22:04.963+0900: 22771.490: [GC (Allocation Failure) [PSYoungGen: 59168K->1824K(59392K)] 287336K->230152K(378880K), 0.0052097 secs] [Times: user=0.03 sys=0.00, real=0.01 secs] 
2018-12-31T23:22:19.250+0900: 22785.777: [GC (Allocation Failure) [PSYoungGen: 59168K->1824K(59392K)] 287496K->230288K(378880K), 0.0050014 secs] [Times: user=0.03 sys=0.00, real=0.01 secs] 
2018-12-31T23:22:33.541+0900: 22800.068: [GC (Allocation Failure) [PSYoungGen: 59168K->1888K(59392K)] 287632K->230512K(378880K), 0.0053111 secs] [Times: user=0.04 sys=0.00, real=0.01 secs] 
2018-12-31T23:22:47.889+0900: 22814.416: [GC (Allocation Failure) [PSYoungGen: 59232K->1888K(59392K)] 287856K->230664K(378880K), 0.0051428 secs] [Times: user=0.04 sys=0.00, real=0.01 secs] 
2018-12-31T23:23:02.254+0900: 22828.781: [GC (Allocation Failure) [PSYoungGen: 59232K->1888K(59392K)] 288008K->230808K(378880K), 0.0053323 secs] [Times: user=0.04 sys=0.00, real=0.00 secs] 
2018-12-31T23:23:16.392+0900: 22842.919: [GC (Allocation Failure) [PSYoungGen: 59232K->1920K(59392K)] 288152K->231000K(378880K), 0.0055368 secs] [Times: user=0.04 sys=0.00, real=0.01 secs] 
2018-12-31T23:23:30.816+0900: 22857.343: [GC (Allocation Failure) [PSYoungGen: 59264K->1920K(59392K)] 288344K->231160K(378880K), 0.0046820 secs] [Times: user=0.03 sys=0.00, real=0.00 secs] 
2018-12-31T23:23:45.112+0900: 22871.639: [GC (Allocation Failure) [PSYoungGen: 59264K->1920K(59392K)] 288504K->231312K(378880K), 0.0052277 secs] [Times: user=0.03 sys=0.00, real=0.01 secs] 
2018-12-31T23:23:59.442+0900: 22885.969: [GC (Allocation Failure) [PSYoungGen: 59264K->1920K(59392K)] 288656K->231464K(378880K), 0.0053674 secs] [Times: user=0.03 sys=0.00, real=0.01 secs] 
2018-12-31T23:24:13.617+0900: 22900.144: [GC (Allocation Failure) [PSYoungGen: 59264K->1888K(59392K)] 288808K->231568K(378880K), 0.0056073 secs] [Times: user=0.04 sys=0.00, real=0.00 secs] 
2018-12-31T23:24:27.881+0900: 22914.408: [GC (Allocation Failure) [PSYoungGen: 59232K->1888K(59392K)] 288912K->231720K(378880K), 0.0051015 secs] [Times: user=0.03 sys=0.00, real=0.01 secs] 
2018-12-31T23:24:42.157+0900: 22928.684: [GC (Allocation Failure) [PSYoungGen: 59232K->1920K(59392K)] 289064K->231912K(378880K), 0.0055832 secs] [Times: user=0.03 sys=0.00, real=0.00 secs] 
2018-12-31T23:24:56.422+0900: 22942.948: [GC (Allocation Failure) [PSYoungGen: 59264K->1920K(59392K)] 289256K->232056K(378880K), 0.0054545 secs] [Times: user=0.03 sys=0.00, real=0.01 secs] 
2018-12-31T23:25:10.841+0900: 22957.368: [GC (Allocation Failure) [PSYoungGen: 59264K->1984K(59392K)] 289400K->232272K(378880K), 0.0054231 secs] [Times: user=0.03 sys=0.00, real=0.01 secs] 
2018-12-31T23:25:25.098+0900: 22971.625: [GC (Allocation Failure) [PSYoungGen: 59328K->1888K(59392K)] 289616K->232336K(378880K), 0.0048515 secs] [Times: user=0.03 sys=0.00, real=0.00 secs] 
2018-12-31T23:25:39.531+0900: 22986.057: [GC (Allocation Failure) [PSYoungGen: 59232K->1888K(59392K)] 289680K->232496K(378880K), 0.0057362 secs] [Times: user=0.03 sys=0.00, real=0.01 secs] 
2018-12-31T23:25:53.925+0900: 23000.452: [GC (Allocation Failure) [PSYoungGen: 59232K->1952K(59392K)] 289840K->232720K(378880K), 0.0049565 secs] [Times: user=0.04 sys=0.00, real=0.00 secs] 
2018-12-31T23:26:08.069+0900: 23014.596: [GC (Allocation Failure) [PSYoungGen: 59296K->1952K(59392K)] 290064K->232872K(378880K), 0.0048044 secs] [Times: user=0.04 sys=0.00, real=0.01 secs] 
2018-12-31T23:26:22.250+0900: 23028.777: [GC (Allocation Failure) [PSYoungGen: 59296K->1984K(59392K)] 290216K->233056K(378880K), 0.0054614 secs] [Times: user=0.03 sys=0.00, real=0.01 secs] 
2018-12-31T23:26:36.656+0900: 23043.183: [GC (Allocation Failure) [PSYoungGen: 59328K->1920K(59392K)] 290400K->233144K(378880K), 0.0051188 secs] [Times: user=0.03 sys=0.00, real=0.00 secs] 
2018-12-31T23:26:50.944+0900: 23057.471: [GC (Allocation Failure) [PSYoungGen: 59264K->1984K(59392K)] 290488K->233360K(378880K), 0.0051484 secs] [Times: user=0.04 sys=0.00, real=0.00 secs] 
2018-12-31T23:27:05.250+0900: 23071.777: [GC (Allocation Failure) [PSYoungGen: 59328K->1952K(59392K)] 290704K->233488K(378880K), 0.0056319 secs] [Times: user=0.04 sys=0.00, real=0.01 secs] 
2018-12-31T23:27:19.353+0900: 23085.880: [GC (Allocation Failure) [PSYoungGen: 59296K->1952K(59392K)] 290832K->233648K(378880K), 0.0050287 secs] [Times: user=0.03 sys=0.00, real=0.01 secs] 
2018-12-31T23:27:33.750+0900: 23100.277: [GC (Allocation Failure) [PSYoungGen: 59296K->1920K(59392K)] 290992K->233760K(378880K), 0.0054131 secs] [Times: user=0.04 sys=0.00, real=0.01 secs] 
2018-12-31T23:27:48.022+0900: 23114.548: [GC (Allocation Failure) [PSYoungGen: 59264K->1952K(59392K)] 291104K->233952K(378880K), 0.0053253 secs] [Times: user=0.04 sys=0.00, real=0.01 secs] 
2018-12-31T23:28:02.420+0900: 23128.946: [GC (Allocation Failure) [PSYoungGen: 59296K->1920K(59392K)] 291296K->234072K(378880K), 0.0053324 secs] [Times: user=0.03 sys=0.00, real=0.01 secs] 
2018-12-31T23:28:16.581+0900: 23143.108: [GC (Allocation Failure) [PSYoungGen: 59264K->1920K(59392K)] 291416K->234224K(378880K), 0.0052555 secs] [Times: user=0.04 sys=0.00, real=0.01 secs] 
2018-12-31T23:28:30.863+0900: 23157.390: [GC (Allocation Failure) [PSYoungGen: 59264K->1920K(59392K)] 291568K->234368K(378880K), 0.0058913 secs] [Times: user=0.04 sys=0.00, real=0.01 secs] 
2018-12-31T23:28:45.195+0900: 23171.722: [GC (Allocation Failure) [PSYoungGen: 59264K->1920K(59392K)] 291712K->234528K(378880K), 0.0054544 secs] [Times: user=0.04 sys=0.00, real=0.00 secs] 
2018-12-31T23:28:59.522+0900: 23186.048: [GC (Allocation Failure) [PSYoungGen: 59264K->1920K(59392K)] 291872K->234672K(378880K), 0.0056100 secs] [Times: user=0.03 sys=0.00, real=0.01 secs] 
2018-12-31T23:29:13.810+0900: 23200.336: [GC (Allocation Failure) [PSYoungGen: 59264K->1952K(59392K)] 292016K->234864K(378880K), 0.0050801 secs] [Times: user=0.04 sys=0.00, real=0.01 secs] 
2018-12-31T23:29:28.114+0900: 23214.641: [GC (Allocation Failure) [PSYoungGen: 59296K->1952K(59392K)] 292208K->235008K(378880K), 0.0050259 secs] [Times: user=0.03 sys=0.00, real=0.00 secs] 
2018-12-31T23:29:42.545+0900: 23229.072: [GC (Allocation Failure) [PSYoungGen: 59296K->1920K(59392K)] 292352K->235128K(378880K), 0.0052727 secs] [Times: user=0.03 sys=0.00, real=0.00 secs] 
2018-12-31T23:29:56.963+0900: 23243.490: [GC (Allocation Failure) [PSYoungGen: 59264K->1952K(59392K)] 292472K->235320K(378880K), 0.0052804 secs] [Times: user=0.03 sys=0.00, real=0.01 secs] 
2018-12-31T23:30:11.085+0900: 23257.612: [GC (Allocation Failure) [PSYoungGen: 59296K->1920K(59392K)] 292664K->235448K(378880K), 0.0058577 secs] [Times: user=0.04 sys=0.00, real=0.00 secs] 
2018-12-31T23:30:25.672+0900: 23272.199: [GC (Allocation Failure) [PSYoungGen: 59264K->1920K(59392K)] 292792K->235608K(378880K), 0.0052616 secs] [Times: user=0.03 sys=0.00, real=0.01 secs] 
2018-12-31T23:30:40.148+0900: 23286.674: [GC (Allocation Failure) [PSYoungGen: 59264K->1888K(59392K)] 292952K->235736K(378880K), 0.0053428 secs] [Times: user=0.03 sys=0.00, real=0.00 secs] 
2018-12-31T23:30:54.284+0900: 23300.811: [GC (Allocation Failure) [PSYoungGen: 59232K->1856K(59392K)] 293080K->235832K(378880K), 0.0053039 secs] [Times: user=0.03 sys=0.00, real=0.00 secs] 
2018-12-31T23:31:08.640+0900: 23315.167: [GC (Allocation Failure) [PSYoungGen: 59200K->1888K(59392K)] 293176K->236016K(378880K), 0.0052321 secs] [Times: user=0.03 sys=0.00, real=0.01 secs] 
2018-12-31T23:31:23.012+0900: 23329.539: [GC (Allocation Failure) [PSYoungGen: 59232K->1856K(59392K)] 293360K->236144K(378880K), 0.0050982 secs] [Times: user=0.03 sys=0.00, real=0.01 secs] 
2018-12-31T23:31:37.372+0900: 23343.899: [GC (Allocation Failure) [PSYoungGen: 59200K->1888K(59392K)] 293488K->236320K(378880K), 0.0058127 secs] [Times: user=0.03 sys=0.00, real=0.01 secs] 
2018-12-31T23:31:51.470+0900: 23357.996: [GC (Allocation Failure) [PSYoungGen: 59232K->1888K(59392K)] 293664K->236480K(378880K), 0.0051756 secs] [Times: user=0.04 sys=0.00, real=0.01 secs] 
2018-12-31T23:32:05.758+0900: 23372.285: [GC (Allocation Failure) [PSYoungGen: 59232K->1888K(59392K)] 293824K->236632K(378880K), 0.0049002 secs] [Times: user=0.03 sys=0.00, real=0.00 secs] 
2018-12-31T23:32:20.087+0900: 23386.614: [GC (Allocation Failure) [PSYoungGen: 59232K->1888K(59392K)] 293976K->236792K(378880K), 0.0053855 secs] [Times: user=0.04 sys=0.00, real=0.00 secs] 
2018-12-31T23:32:34.367+0900: 23400.894: [GC (Allocation Failure) [PSYoungGen: 59232K->1888K(59392K)] 294136K->236944K(378880K), 0.0054596 secs] [Times: user=0.04 sys=0.00, real=0.00 secs] 
2018-12-31T23:32:48.698+0900: 23415.225: [GC (Allocation Failure) [PSYoungGen: 59232K->1920K(59392K)] 294288K->237136K(378880K), 0.0058287 secs] [Times: user=0.04 sys=0.00, real=0.01 secs] 
2018-12-31T23:33:02.992+0900: 23429.519: [GC (Allocation Failure) [PSYoungGen: 59264K->1888K(59392K)] 294480K->237264K(378880K), 0.0052312 secs] [Times: user=0.03 sys=0.00, real=0.01 secs] 
2018-12-31T23:33:17.299+0900: 23443.826: [GC (Allocation Failure) [PSYoungGen: 59232K->1920K(59392K)] 294608K->237456K(378880K), 0.0048534 secs] [Times: user=0.03 sys=0.00, real=0.01 secs] 
2018-12-31T23:33:31.713+0900: 23458.239: [GC (Allocation Failure) [PSYoungGen: 59264K->1856K(59392K)] 294800K->237536K(378880K), 0.0048706 secs] [Times: user=0.03 sys=0.00, real=0.01 secs] 
2018-12-31T23:33:45.924+0900: 23472.451: [GC (Allocation Failure) [PSYoungGen: 59200K->1952K(59392K)] 294880K->237792K(378880K), 0.0052634 secs] [Times: user=0.04 sys=0.00, real=0.00 secs] 
2018-12-31T23:34:00.245+0900: 23486.772: [GC (Allocation Failure) [PSYoungGen: 59296K->1888K(59392K)] 295136K->237888K(378880K), 0.0054643 secs] [Times: user=0.03 sys=0.00, real=0.00 secs] 
2018-12-31T23:34:14.633+0900: 23501.160: [GC (Allocation Failure) [PSYoungGen: 59232K->1952K(59392K)] 295232K->238104K(378880K), 0.0051568 secs] [Times: user=0.04 sys=0.00, real=0.01 secs] 
2018-12-31T23:34:29.101+0900: 23515.628: [GC (Allocation Failure) [PSYoungGen: 59296K->1920K(59392K)] 295448K->238216K(378880K), 0.0047738 secs] [Times: user=0.04 sys=0.00, real=0.01 secs] 
2018-12-31T23:34:43.457+0900: 23529.983: [GC (Allocation Failure) [PSYoungGen: 59264K->1888K(59392K)] 295560K->238336K(378880K), 0.0051548 secs] [Times: user=0.04 sys=0.00, real=0.00 secs] 
2018-12-31T23:34:57.853+0900: 23544.380: [GC (Allocation Failure) [PSYoungGen: 59232K->1856K(59392K)] 295680K->238464K(378880K), 0.0051123 secs] [Times: user=0.04 sys=0.00, real=0.01 secs] 
2018-12-31T23:35:12.271+0900: 23558.798: [GC (Allocation Failure) [PSYoungGen: 59200K->1920K(59392K)] 295808K->238672K(378880K), 0.0050501 secs] [Times: user=0.03 sys=0.00, real=0.01 secs] 
2018-12-31T23:35:26.681+0900: 23573.208: [GC (Allocation Failure) [PSYoungGen: 59264K->1952K(59392K)] 296016K->238864K(378880K), 0.0051117 secs] [Times: user=0.04 sys=0.00, real=0.01 secs] 
2018-12-31T23:35:41.114+0900: 23587.640: [GC (Allocation Failure) [PSYoungGen: 59296K->1920K(59392K)] 296208K->238992K(378880K), 0.0049063 secs] [Times: user=0.04 sys=0.00, real=0.00 secs] 
2018-12-31T23:35:55.382+0900: 23601.909: [GC (Allocation Failure) [PSYoungGen: 59264K->1920K(59392K)] 296336K->239144K(378880K), 0.0051783 secs] [Times: user=0.03 sys=0.00, real=0.01 secs] 
2018-12-31T23:36:09.754+0900: 23616.281: [GC (Allocation Failure) [PSYoungGen: 59264K->1888K(59392K)] 296488K->239280K(378880K), 0.0052095 secs] [Times: user=0.04 sys=0.00, real=0.00 secs] 
2018-12-31T23:36:24.136+0900: 23630.663: [GC (Allocation Failure) [PSYoungGen: 59232K->1888K(59392K)] 296624K->239432K(378880K), 0.0051473 secs] [Times: user=0.03 sys=0.01, real=0.00 secs] 
2018-12-31T23:36:38.533+0900: 23645.060: [GC (Allocation Failure) [PSYoungGen: 59232K->1920K(59392K)] 296776K->239616K(378880K), 0.0059722 secs] [Times: user=0.04 sys=0.00, real=0.01 secs] 
2018-12-31T23:36:52.667+0900: 23659.194: [GC (Allocation Failure) [PSYoungGen: 59264K->1952K(59392K)] 296960K->239800K(378880K), 0.0051377 secs] [Times: user=0.03 sys=0.00, real=0.00 secs] 
2018-12-31T23:37:07.057+0900: 23673.584: [GC (Allocation Failure) [PSYoungGen: 59296K->1920K(59392K)] 297144K->239928K(378880K), 0.0050846 secs] [Times: user=0.03 sys=0.00, real=0.00 secs] 
2018-12-31T23:37:21.496+0900: 23688.023: [GC (Allocation Failure) [PSYoungGen: 59264K->1888K(59392K)] 297272K->240056K(378880K), 0.0051567 secs] [Times: user=0.03 sys=0.00, real=0.00 secs] 
2018-12-31T23:37:35.841+0900: 23702.368: [GC (Allocation Failure) [PSYoungGen: 59232K->1920K(59392K)] 297400K->240256K(378880K), 0.0052911 secs] [Times: user=0.04 sys=0.00, real=0.01 secs] 
2018-12-31T23:37:50.156+0900: 23716.683: [GC (Allocation Failure) [PSYoungGen: 59264K->1888K(59392K)] 297600K->240368K(378880K), 0.0052323 secs] [Times: user=0.03 sys=0.00, real=0.00 secs] 
2018-12-31T23:38:04.625+0900: 23731.152: [GC (Allocation Failure) [PSYoungGen: 59232K->1920K(59392K)] 297712K->240536K(378880K), 0.0056550 secs] [Times: user=0.03 sys=0.00, real=0.00 secs] 
2018-12-31T23:38:19.014+0900: 23745.541: [GC (Allocation Failure) [PSYoungGen: 59264K->1952K(59392K)] 297880K->240728K(378880K), 0.0049390 secs] [Times: user=0.03 sys=0.00, real=0.00 secs] 
2018-12-31T23:38:33.344+0900: 23759.871: [GC (Allocation Failure) [PSYoungGen: 59296K->1888K(59392K)] 298072K->240824K(378880K), 0.0054013 secs] [Times: user=0.03 sys=0.00, real=0.00 secs] 
2018-12-31T23:38:47.655+0900: 23774.182: [GC (Allocation Failure) [PSYoungGen: 59232K->1888K(59392K)] 298168K->240984K(378880K), 0.0049193 secs] [Times: user=0.03 sys=0.00, real=0.00 secs] 
2018-12-31T23:39:02.050+0900: 23788.577: [GC (Allocation Failure) [PSYoungGen: 59232K->1888K(59392K)] 298328K->241144K(378880K), 0.0054085 secs] [Times: user=0.03 sys=0.00, real=0.01 secs] 
2018-12-31T23:39:16.245+0900: 23802.771: [GC (Allocation Failure) [PSYoungGen: 59232K->1888K(59392K)] 298488K->241304K(378880K), 0.0050365 secs] [Times: user=0.04 sys=0.00, real=0.00 secs] 
2018-12-31T23:39:30.545+0900: 23817.072: [GC (Allocation Failure) [PSYoungGen: 59232K->1856K(59392K)] 298648K->241424K(378880K), 0.0049665 secs] [Times: user=0.03 sys=0.00, real=0.00 secs] 
2018-12-31T23:39:44.900+0900: 23831.427: [GC (Allocation Failure) [PSYoungGen: 59200K->1952K(59392K)] 298768K->241680K(378880K), 0.0062487 secs] [Times: user=0.05 sys=0.00, real=0.01 secs] 
2018-12-31T23:39:59.326+0900: 23845.853: [GC (Allocation Failure) [PSYoungGen: 59296K->1920K(59392K)] 299024K->241792K(378880K), 0.0060981 secs] [Times: user=0.04 sys=0.00, real=0.00 secs] 
2018-12-31T23:40:13.477+0900: 23860.004: [GC (Allocation Failure) [PSYoungGen: 59264K->1888K(59392K)] 299136K->241920K(378880K), 0.0053380 secs] [Times: user=0.03 sys=0.00, real=0.00 secs] 
2018-12-31T23:40:27.949+0900: 23874.476: [GC (Allocation Failure) [PSYoungGen: 59232K->1824K(59392K)] 299264K->242000K(378880K), 0.0052577 secs] [Times: user=0.03 sys=0.00, real=0.01 secs] 
2018-12-31T23:40:42.369+0900: 23888.896: [GC (Allocation Failure) [PSYoungGen: 59168K->1920K(59392K)] 299344K->242256K(378880K), 0.0051510 secs] [Times: user=0.04 sys=0.00, real=0.01 secs] 
2018-12-31T23:40:56.652+0900: 23903.179: [GC (Allocation Failure) [PSYoungGen: 59264K->1920K(59392K)] 299600K->242408K(378880K), 0.0053362 secs] [Times: user=0.03 sys=0.00, real=0.01 secs] 
2018-12-31T23:41:10.963+0900: 23917.490: [GC (Allocation Failure) [PSYoungGen: 59264K->1888K(59392K)] 299752K->242536K(378880K), 0.0050889 secs] [Times: user=0.03 sys=0.00, real=0.01 secs] 
2018-12-31T23:41:25.371+0900: 23931.897: [GC (Allocation Failure) [PSYoungGen: 59232K->1888K(59392K)] 299880K->242688K(378880K), 0.0054277 secs] [Times: user=0.04 sys=0.00, real=0.01 secs] 
2018-12-31T23:41:39.726+0900: 23946.253: [GC (Allocation Failure) [PSYoungGen: 59232K->1888K(59392K)] 300032K->242856K(378880K), 0.0051007 secs] [Times: user=0.04 sys=0.00, real=0.00 secs] 
2018-12-31T23:41:53.878+0900: 23960.405: [GC (Allocation Failure) [PSYoungGen: 59232K->1984K(59392K)] 300200K->243112K(378880K), 0.0058380 secs] [Times: user=0.04 sys=0.00, real=0.01 secs] 
2018-12-31T23:42:08.192+0900: 23974.719: [GC (Allocation Failure) [PSYoungGen: 59328K->1888K(59392K)] 300456K->243160K(378880K), 0.0050757 secs] [Times: user=0.03 sys=0.00, real=0.01 secs] 
2018-12-31T23:42:22.510+0900: 23989.037: [GC (Allocation Failure) [PSYoungGen: 59232K->1856K(59392K)] 300504K->243272K(378880K), 0.0060770 secs] [Times: user=0.04 sys=0.00, real=0.01 secs] 
2018-12-31T23:42:36.964+0900: 24003.491: [GC (Allocation Failure) [PSYoungGen: 59200K->1824K(59392K)] 300616K->243400K(378880K), 0.0052161 secs] [Times: user=0.04 sys=0.00, real=0.00 secs] 
2018-12-31T23:42:51.299+0900: 24017.825: [GC (Allocation Failure) [PSYoungGen: 59168K->1824K(59392K)] 300744K->243560K(378880K), 0.0048826 secs] [Times: user=0.03 sys=0.00, real=0.00 secs] 
2018-12-31T23:43:05.767+0900: 24032.293: [GC (Allocation Failure) [PSYoungGen: 59168K->1856K(59392K)] 300904K->243744K(378880K), 0.0059266 secs] [Times: user=0.04 sys=0.00, real=0.00 secs] 
2018-12-31T23:43:20.216+0900: 24046.742: [GC (Allocation Failure) [PSYoungGen: 59200K->1856K(59392K)] 301088K->243896K(378880K), 0.0050302 secs] [Times: user=0.03 sys=0.00, real=0.00 secs] 
2018-12-31T23:43:34.395+0900: 24060.922: [GC (Allocation Failure) [PSYoungGen: 59200K->1824K(59392K)] 301240K->244000K(378880K), 0.0055200 secs] [Times: user=0.03 sys=0.00, real=0.00 secs] 
2018-12-31T23:43:48.705+0900: 24075.232: [GC (Allocation Failure) [PSYoungGen: 59168K->1952K(59392K)] 301344K->244272K(378880K), 0.0057489 secs] [Times: user=0.03 sys=0.00, real=0.00 secs] 
2018-12-31T23:44:03.141+0900: 24089.668: [GC (Allocation Failure) [PSYoungGen: 59296K->1888K(59392K)] 301616K->244368K(378880K), 0.0052995 secs] [Times: user=0.04 sys=0.00, real=0.01 secs] 
2018-12-31T23:44:17.446+0900: 24103.973: [GC (Allocation Failure) [PSYoungGen: 59232K->1920K(59392K)] 301712K->244568K(378880K), 0.0045130 secs] [Times: user=0.04 sys=0.00, real=0.00 secs] 
2018-12-31T23:44:31.758+0900: 24118.284: [GC (Allocation Failure) [PSYoungGen: 59264K->1888K(59392K)] 301912K->244680K(378880K), 0.0054185 secs] [Times: user=0.03 sys=0.00, real=0.00 secs] 
2018-12-31T23:44:46.146+0900: 24132.673: [GC (Allocation Failure) [PSYoungGen: 59232K->1856K(59392K)] 302024K->244800K(378880K), 0.0053061 secs] [Times: user=0.04 sys=0.00, real=0.00 secs] 
2018-12-31T23:45:00.578+0900: 24147.105: [GC (Allocation Failure) [PSYoungGen: 59200K->1952K(59392K)] 302144K->245056K(378880K), 0.0051552 secs] [Times: user=0.04 sys=0.00, real=0.00 secs] 
2018-12-31T23:45:14.678+0900: 24161.204: [GC (Allocation Failure) [PSYoungGen: 59296K->1888K(59392K)] 302400K->245136K(378880K), 0.0051881 secs] [Times: user=0.03 sys=0.00, real=0.00 secs] 
2018-12-31T23:45:29.148+0900: 24175.675: [GC (Allocation Failure) [PSYoungGen: 59232K->1920K(59392K)] 302480K->245312K(378880K), 0.0064777 secs] [Times: user=0.05 sys=0.00, real=0.01 secs] 
2018-12-31T23:45:43.529+0900: 24190.056: [GC (Allocation Failure) [PSYoungGen: 59264K->1888K(59392K)] 302656K->245432K(378880K), 0.0054137 secs] [Times: user=0.04 sys=0.00, real=0.01 secs] 
2018-12-31T23:45:57.849+0900: 24204.376: [GC (Allocation Failure) [PSYoungGen: 59232K->1920K(59392K)] 302776K->245608K(378880K), 0.0063907 secs] [Times: user=0.04 sys=0.00, real=0.01 secs] 
2018-12-31T23:46:12.126+0900: 24218.652: [GC (Allocation Failure) [PSYoungGen: 59264K->1856K(59392K)] 302952K->245704K(378880K), 0.0066313 secs] [Times: user=0.03 sys=0.01, real=0.00 secs] 
2018-12-31T23:46:26.576+0900: 24233.103: [GC (Allocation Failure) [PSYoungGen: 59200K->1824K(59392K)] 303048K->245824K(378880K), 0.0052936 secs] [Times: user=0.03 sys=0.00, real=0.00 secs] 
2018-12-31T23:46:40.922+0900: 24247.449: [GC (Allocation Failure) [PSYoungGen: 59168K->1856K(59392K)] 303168K->246016K(378880K), 0.0052387 secs] [Times: user=0.04 sys=0.00, real=0.01 secs] 
2018-12-31T23:46:55.079+0900: 24261.606: [GC (Allocation Failure) [PSYoungGen: 59200K->1920K(59392K)] 303360K->246232K(378880K), 0.0056964 secs] [Times: user=0.04 sys=0.00, real=0.01 secs] 
2018-12-31T23:47:09.337+0900: 24275.864: [GC (Allocation Failure) [PSYoungGen: 59264K->1888K(59392K)] 303576K->246360K(378880K), 0.0055224 secs] [Times: user=0.03 sys=0.00, real=0.00 secs] 
2018-12-31T23:47:23.798+0900: 24290.324: [GC (Allocation Failure) [PSYoungGen: 59232K->1920K(59392K)] 303704K->246544K(378880K), 0.0054489 secs] [Times: user=0.04 sys=0.00, real=0.00 secs] 
2018-12-31T23:47:38.200+0900: 24304.726: [GC (Allocation Failure) [PSYoungGen: 59264K->1824K(59392K)] 303888K->246592K(378880K), 0.0055125 secs] [Times: user=0.04 sys=0.00, real=0.01 secs] 
2018-12-31T23:47:52.344+0900: 24318.871: [GC (Allocation Failure) [PSYoungGen: 59168K->1920K(59392K)] 303936K->246840K(378880K), 0.0050722 secs] [Times: user=0.04 sys=0.00, real=0.00 secs] 
2018-12-31T23:48:06.656+0900: 24333.183: [GC (Allocation Failure) [PSYoungGen: 59264K->1920K(59392K)] 304184K->246992K(378880K), 0.0052750 secs] [Times: user=0.03 sys=0.00, real=0.00 secs] 
2018-12-31T23:48:20.986+0900: 24347.513: [GC (Allocation Failure) [PSYoungGen: 59264K->1920K(59392K)] 304336K->247152K(378880K), 0.0051386 secs] [Times: user=0.04 sys=0.00, real=0.00 secs] 
2018-12-31T23:48:35.317+0900: 24361.844: [GC (Allocation Failure) [PSYoungGen: 59264K->1888K(59392K)] 304496K->247280K(378880K), 0.0047742 secs] [Times: user=0.04 sys=0.00, real=0.00 secs] 
2018-12-31T23:48:49.576+0900: 24376.102: [GC (Allocation Failure) [PSYoungGen: 59232K->1952K(59392K)] 304624K->247496K(378880K), 0.0052244 secs] [Times: user=0.04 sys=0.00, real=0.00 secs] 
2018-12-31T23:49:03.878+0900: 24390.404: [GC (Allocation Failure) [PSYoungGen: 59296K->1952K(59392K)] 304840K->247640K(378880K), 0.0054810 secs] [Times: user=0.04 sys=0.00, real=0.00 secs] 
2018-12-31T23:49:18.274+0900: 24404.800: [GC (Allocation Failure) [PSYoungGen: 59296K->1888K(59392K)] 304984K->247736K(378880K), 0.0065641 secs] [Times: user=0.04 sys=0.01, real=0.01 secs] 
2018-12-31T23:49:32.583+0900: 24419.110: [GC (Allocation Failure) [PSYoungGen: 59232K->1888K(59392K)] 305080K->247872K(378880K), 0.0055374 secs] [Times: user=0.04 sys=0.00, real=0.01 secs] 
2018-12-31T23:49:46.803+0900: 24433.330: [GC (Allocation Failure) [PSYoungGen: 59232K->1952K(59392K)] 305216K->248080K(378880K), 0.0061823 secs] [Times: user=0.03 sys=0.00, real=0.01 secs] 
2018-12-31T23:50:01.159+0900: 24447.686: [GC (Allocation Failure) [PSYoungGen: 59296K->1920K(59392K)] 305424K->248192K(378880K), 0.0057931 secs] [Times: user=0.04 sys=0.00, real=0.01 secs] 
2018-12-31T23:50:15.541+0900: 24462.068: [GC (Allocation Failure) [PSYoungGen: 59264K->1920K(59392K)] 305536K->248336K(378880K), 0.0062612 secs] [Times: user=0.04 sys=0.00, real=0.01 secs] 
2018-12-31T23:50:29.915+0900: 24476.442: [GC (Allocation Failure) [PSYoungGen: 59264K->1888K(59392K)] 305680K->248456K(378880K), 0.0053900 secs] [Times: user=0.03 sys=0.00, real=0.00 secs] 
2018-12-31T23:50:44.033+0900: 24490.560: [GC (Allocation Failure) [PSYoungGen: 59232K->1920K(59392K)] 305800K->248632K(378880K), 0.0048646 secs] [Times: user=0.03 sys=0.00, real=0.01 secs] 
2018-12-31T23:50:58.421+0900: 24504.948: [GC (Allocation Failure) [PSYoungGen: 59264K->1856K(59392K)] 305976K->248720K(378880K), 0.0050661 secs] [Times: user=0.03 sys=0.00, real=0.01 secs] 
2018-12-31T23:51:12.861+0900: 24519.388: [GC (Allocation Failure) [PSYoungGen: 59200K->1888K(59392K)] 306064K->248896K(378880K), 0.0056141 secs] [Times: user=0.03 sys=0.00, real=0.01 secs] 
2018-12-31T23:51:27.205+0900: 24533.732: [GC (Allocation Failure) [PSYoungGen: 59232K->1920K(59392K)] 306240K->249088K(378880K), 0.0059571 secs] [Times: user=0.04 sys=0.00, real=0.00 secs] 
2018-12-31T23:51:41.541+0900: 24548.068: [GC (Allocation Failure) [PSYoungGen: 59264K->1888K(59392K)] 306432K->249216K(378880K), 0.0049109 secs] [Times: user=0.04 sys=0.00, real=0.01 secs] 
2018-12-31T23:51:55.911+0900: 24562.437: [GC (Allocation Failure) [PSYoungGen: 59232K->1952K(59392K)] 306560K->249432K(378880K), 0.0052268 secs] [Times: user=0.03 sys=0.00, real=0.01 secs] 
2018-12-31T23:52:10.380+0900: 24576.907: [GC (Allocation Failure) [PSYoungGen: 59296K->1952K(59392K)] 306776K->249592K(378880K), 0.0056899 secs] [Times: user=0.03 sys=0.00, real=0.01 secs] 
2018-12-31T23:52:24.506+0900: 24591.033: [GC (Allocation Failure) [PSYoungGen: 59296K->1888K(59392K)] 306936K->249688K(378880K), 0.0054413 secs] [Times: user=0.03 sys=0.00, real=0.00 secs] 
2018-12-31T23:52:38.992+0900: 24605.518: [GC (Allocation Failure) [PSYoungGen: 59232K->1888K(59392K)] 307032K->249840K(378880K), 0.0074502 secs] [Times: user=0.04 sys=0.02, real=0.01 secs] 
2018-12-31T23:52:53.296+0900: 24619.822: [GC (Allocation Failure) [PSYoungGen: 59232K->1952K(59392K)] 307184K->250064K(378880K), 0.0049742 secs] [Times: user=0.04 sys=0.00, real=0.00 secs] 
2018-12-31T23:53:07.610+0900: 24634.137: [GC (Allocation Failure) [PSYoungGen: 59296K->1856K(59392K)] 307408K->250128K(378880K), 0.0054547 secs] [Times: user=0.04 sys=0.00, real=0.01 secs] 
2018-12-31T23:53:21.970+0900: 24648.497: [GC (Allocation Failure) [PSYoungGen: 59200K->1920K(59392K)] 307472K->250352K(378880K), 0.0051097 secs] [Times: user=0.04 sys=0.00, real=0.01 secs] 
2018-12-31T23:53:36.391+0900: 24662.918: [GC (Allocation Failure) [PSYoungGen: 59264K->1856K(59392K)] 307696K->250448K(378880K), 0.0051878 secs] [Times: user=0.03 sys=0.00, real=0.01 secs] 
2018-12-31T23:53:50.784+0900: 24677.311: [GC (Allocation Failure) [PSYoungGen: 59200K->1856K(59392K)] 307792K->250600K(378880K), 0.0054534 secs] [Times: user=0.04 sys=0.00, real=0.00 secs] 
2018-12-31T23:54:04.888+0900: 24691.415: [GC (Allocation Failure) [PSYoungGen: 59200K->1920K(59392K)] 307944K->250832K(378880K), 0.0055503 secs] [Times: user=0.03 sys=0.00, real=0.01 secs] 
2018-12-31T23:54:19.225+0900: 24705.752: [GC (Allocation Failure) [PSYoungGen: 59264K->1888K(59392K)] 308176K->250952K(378880K), 0.0056020 secs] [Times: user=0.03 sys=0.00, real=0.00 secs] 
2018-12-31T23:54:33.623+0900: 24720.150: [GC (Allocation Failure) [PSYoungGen: 59232K->1888K(59392K)] 308296K->251112K(378880K), 0.0065820 secs] [Times: user=0.05 sys=0.00, real=0.01 secs] 
2018-12-31T23:54:47.944+0900: 24734.471: [GC (Allocation Failure) [PSYoungGen: 59232K->1920K(59392K)] 308456K->251296K(378880K), 0.0051459 secs] [Times: user=0.03 sys=0.00, real=0.00 secs] 
2018-12-31T23:55:02.067+0900: 24748.594: [GC (Allocation Failure) [PSYoungGen: 59264K->1888K(59392K)] 308640K->251432K(378880K), 0.0050909 secs] [Times: user=0.04 sys=0.00, real=0.00 secs] 
2018-12-31T23:55:16.299+0900: 24762.825: [GC (Allocation Failure) [PSYoungGen: 59232K->1888K(59392K)] 308776K->251600K(378880K), 0.0048873 secs] [Times: user=0.03 sys=0.00, real=0.01 secs] 
2018-12-31T23:55:30.677+0900: 24777.203: [GC (Allocation Failure) [PSYoungGen: 59232K->1856K(59392K)] 308944K->251704K(378880K), 0.0050766 secs] [Times: user=0.03 sys=0.00, real=0.00 secs] 
2018-12-31T23:55:44.956+0900: 24791.482: [GC (Allocation Failure) [PSYoungGen: 59200K->1856K(59392K)] 309048K->251856K(378880K), 0.0064293 secs] [Times: user=0.05 sys=0.00, real=0.00 secs] 
2018-12-31T23:55:59.302+0900: 24805.829: [GC (Allocation Failure) [PSYoungGen: 59200K->1888K(59392K)] 309200K->252040K(378880K), 0.0052367 secs] [Times: user=0.04 sys=0.00, real=0.01 secs] 
2018-12-31T23:56:13.646+0900: 24820.173: [GC (Allocation Failure) [PSYoungGen: 59232K->1888K(59392K)] 309384K->252192K(378880K), 0.0048378 secs] [Times: user=0.04 sys=0.00, real=0.00 secs] 
2018-12-31T23:56:28.017+0900: 24834.544: [GC (Allocation Failure) [PSYoungGen: 59232K->1888K(59392K)] 309536K->252352K(378880K), 0.0053820 secs] [Times: user=0.03 sys=0.00, real=0.00 secs] 
2018-12-31T23:56:42.404+0900: 24848.931: [GC (Allocation Failure) [PSYoungGen: 59232K->1888K(59392K)] 309696K->252504K(378880K), 0.0051568 secs] [Times: user=0.03 sys=0.00, real=0.00 secs] 
2018-12-31T23:56:56.536+0900: 24863.062: [GC (Allocation Failure) [PSYoungGen: 59232K->1888K(59392K)] 309848K->252656K(378880K), 0.0053249 secs] [Times: user=0.03 sys=0.00, real=0.00 secs] 
2018-12-31T23:57:10.804+0900: 24877.330: [GC (Allocation Failure) [PSYoungGen: 59232K->1856K(59392K)] 310000K->252768K(378880K), 0.0050283 secs] [Times: user=0.03 sys=0.00, real=0.00 secs] 
2018-12-31T23:57:25.121+0900: 24891.647: [GC (Allocation Failure) [PSYoungGen: 59200K->1888K(59392K)] 310112K->252960K(378880K), 0.0051512 secs] [Times: user=0.03 sys=0.00, real=0.01 secs] 
2018-12-31T23:57:39.548+0900: 24906.075: [GC (Allocation Failure) [PSYoungGen: 59232K->1920K(59392K)] 310304K->253160K(378880K), 0.0049219 secs] [Times: user=0.04 sys=0.00, real=0.00 secs] 
2018-12-31T23:57:53.762+0900: 24920.289: [GC (Allocation Failure) [PSYoungGen: 59264K->1888K(59392K)] 310504K->253288K(378880K), 0.0054823 secs] [Times: user=0.03 sys=0.00, real=0.01 secs] 
2018-12-31T23:58:07.976+0900: 24934.502: [GC (Allocation Failure) [PSYoungGen: 59232K->1920K(59392K)] 310632K->253488K(378880K), 0.0054413 secs] [Times: user=0.04 sys=0.00, real=0.00 secs] 
2018-12-31T23:58:22.368+0900: 24948.895: [GC (Allocation Failure) [PSYoungGen: 59264K->1888K(59392K)] 310832K->253600K(378880K), 0.0053834 secs] [Times: user=0.04 sys=0.00, real=0.00 secs] 
2018-12-31T23:58:36.826+0900: 24963.353: [GC (Allocation Failure) [PSYoungGen: 59232K->1888K(59392K)] 310944K->253752K(378880K), 0.0051454 secs] [Times: user=0.04 sys=0.00, real=0.00 secs] 
2018-12-31T23:58:50.987+0900: 24977.514: [GC (Allocation Failure) [PSYoungGen: 59232K->1920K(59392K)] 311096K->253928K(378880K), 0.0059207 secs] [Times: user=0.04 sys=0.00, real=0.00 secs] 
2018-12-31T23:59:05.298+0900: 24991.825: [GC (Allocation Failure) [PSYoungGen: 59264K->1856K(59392K)] 311272K->253992K(378880K), 0.0058201 secs] [Times: user=0.04 sys=0.00, real=0.01 secs] 
2018-12-31T23:59:19.685+0900: 25006.212: [GC (Allocation Failure) [PSYoungGen: 59200K->1920K(59392K)] 311336K->254208K(378880K), 0.0054036 secs] [Times: user=0.04 sys=0.00, real=0.00 secs] 
2018-12-31T23:59:34.154+0900: 25020.681: [GC (Allocation Failure) [PSYoungGen: 59264K->1920K(59392K)] 311552K->254352K(378880K), 0.0052180 secs] [Times: user=0.04 sys=0.00, real=0.00 secs] 
2018-12-31T23:59:48.252+0900: 25034.779: [GC (Allocation Failure) [PSYoungGen: 59264K->1920K(59392K)] 311696K->254496K(378880K), 0.0052528 secs] [Times: user=0.04 sys=0.00, real=0.01 secs] 
2019-01-01T00:00:02.325+0900: 25048.851: [GC (Allocation Failure) [PSYoungGen: 59264K->1920K(59392K)] 311840K->254640K(378880K), 0.0052560 secs] [Times: user=0.04 sys=0.00, real=0.00 secs] 
2019-01-01T00:00:16.781+0900: 25063.307: [GC (Allocation Failure) [PSYoungGen: 59264K->1856K(59392K)] 311984K->254728K(378880K), 0.0049928 secs] [Times: user=0.04 sys=0.00, real=0.01 secs] 
2019-01-01T00:00:31.144+0900: 25077.670: [GC (Allocation Failure) [PSYoungGen: 59200K->1888K(59392K)] 312072K->254912K(378880K), 0.0053561 secs] [Times: user=0.03 sys=0.00, real=0.00 secs] 
2019-01-01T00:00:45.466+0900: 25091.993: [GC (Allocation Failure) [PSYoungGen: 59232K->1952K(59392K)] 312256K->255144K(378880K), 0.0049597 secs] [Times: user=0.03 sys=0.00, real=0.00 secs] 
2019-01-01T00:00:59.768+0900: 25106.295: [GC (Allocation Failure) [PSYoungGen: 59296K->1920K(59392K)] 312488K->255280K(378880K), 0.0058961 secs] [Times: user=0.03 sys=0.00, real=0.01 secs] 
2019-01-01T00:01:14.095+0900: 25120.621: [GC (Allocation Failure) [PSYoungGen: 59264K->1920K(59392K)] 312624K->255432K(378880K), 0.0057666 secs] [Times: user=0.04 sys=0.01, real=0.00 secs] 
2019-01-01T00:01:28.471+0900: 25134.998: [GC (Allocation Failure) [PSYoungGen: 59264K->1824K(59392K)] 312776K->255480K(378880K), 0.0074419 secs] [Times: user=0.03 sys=0.00, real=0.01 secs] 
2019-01-01T00:01:42.709+0900: 25149.236: [GC (Allocation Failure) [PSYoungGen: 59168K->1952K(59392K)] 312824K->255776K(378880K), 0.0048973 secs] [Times: user=0.03 sys=0.00, real=0.01 secs] 
2019-01-01T00:01:56.983+0900: 25163.510: [GC (Allocation Failure) [PSYoungGen: 59296K->1952K(59392K)] 313120K->255928K(378880K), 0.0054515 secs] [Times: user=0.04 sys=0.00, real=0.01 secs] 
2019-01-01T00:02:11.452+0900: 25177.979: [GC (Allocation Failure) [PSYoungGen: 59296K->1888K(59392K)] 313272K->256024K(378880K), 0.0053200 secs] [Times: user=0.04 sys=0.00, real=0.01 secs] 
2019-01-01T00:02:25.809+0900: 25192.336: [GC (Allocation Failure) [PSYoungGen: 59232K->1856K(59392K)] 313368K->256136K(378880K), 0.0056354 secs] [Times: user=0.04 sys=0.00, real=0.01 secs] 
2019-01-01T00:02:40.218+0900: 25206.745: [GC (Allocation Failure) [PSYoungGen: 59200K->1856K(59392K)] 313480K->256264K(378880K), 0.0063410 secs] [Times: user=0.03 sys=0.00, real=0.01 secs] 
2019-01-01T00:02:54.467+0900: 25220.994: [GC (Allocation Failure) [PSYoungGen: 59200K->2048K(58880K)] 313608K->256720K(378368K), 0.0055488 secs] [Times: user=0.04 sys=0.00, real=0.00 secs] 
2019-01-01T00:03:08.757+0900: 25235.284: [GC (Allocation Failure) [PSYoungGen: 58880K->2080K(59392K)] 313552K->257008K(378880K), 0.0048879 secs] [Times: user=0.03 sys=0.00, real=0.00 secs] 
2019-01-01T00:03:23.100+0900: 25249.627: [GC (Allocation Failure) [PSYoungGen: 58912K->2112K(59392K)] 313840K->257040K(378880K), 0.0050043 secs] [Times: user=0.03 sys=0.00, real=0.01 secs] 
2019-01-01T00:03:37.165+0900: 25263.692: [GC (Allocation Failure) [PSYoungGen: 58944K->2080K(59392K)] 313872K->257144K(378880K), 0.0050352 secs] [Times: user=0.04 sys=0.00, real=0.00 secs] 
2019-01-01T00:03:51.229+0900: 25277.756: [GC (Allocation Failure) [PSYoungGen: 58912K->2016K(59392K)] 313976K->257232K(378880K), 0.0054616 secs] [Times: user=0.04 sys=0.00, real=0.01 secs] 
2019-01-01T00:04:05.368+0900: 25291.895: [GC (Allocation Failure) [PSYoungGen: 58848K->1920K(59392K)] 314064K->257296K(378880K), 0.0053673 secs] [Times: user=0.03 sys=0.00, real=0.01 secs] 
2019-01-01T00:04:19.667+0900: 25306.194: [GC (Allocation Failure) [PSYoungGen: 58752K->1920K(59392K)] 314128K->257456K(378880K), 0.0053455 secs] [Times: user=0.04 sys=0.00, real=0.00 secs] 
2019-01-01T00:04:34.009+0900: 25320.536: [GC (Allocation Failure) [PSYoungGen: 58752K->1824K(59392K)] 314288K->257504K(378880K), 0.0054171 secs] [Times: user=0.03 sys=0.00, real=0.01 secs] 
2019-01-01T00:04:48.275+0900: 25334.802: [GC (Allocation Failure) [PSYoungGen: 58656K->1760K(59392K)] 314336K->257576K(378880K), 0.0050729 secs] [Times: user=0.04 sys=0.00, real=0.00 secs] 
2019-01-01T00:05:02.517+0900: 25349.044: [GC (Allocation Failure) [PSYoungGen: 58592K->1760K(59392K)] 314408K->257728K(378880K), 0.0051588 secs] [Times: user=0.04 sys=0.00, real=0.00 secs] 
2019-01-01T00:05:16.716+0900: 25363.243: [GC (Allocation Failure) [PSYoungGen: 58592K->1696K(59392K)] 314560K->257808K(378880K), 0.0066757 secs] [Times: user=0.05 sys=0.00, real=0.00 secs] 
2019-01-01T00:05:31.033+0900: 25377.560: [GC (Allocation Failure) [PSYoungGen: 58528K->1632K(59392K)] 314640K->257888K(378880K), 0.0051288 secs] [Times: user=0.03 sys=0.00, real=0.01 secs] 
2019-01-01T00:05:45.309+0900: 25391.836: [GC (Allocation Failure) [PSYoungGen: 58464K->1504K(59392K)] 314720K->257912K(378880K), 0.0051717 secs] [Times: user=0.03 sys=0.00, real=0.01 secs] 
2019-01-01T00:05:59.645+0900: 25406.172: [GC (Allocation Failure) [PSYoungGen: 58336K->1504K(59392K)] 314744K->258048K(378880K), 0.0049212 secs] [Times: user=0.03 sys=0.00, real=0.00 secs] 
2019-01-01T00:06:13.801+0900: 25420.327: [GC (Allocation Failure) [PSYoungGen: 58336K->1472K(59392K)] 314880K->258168K(378880K), 0.0049545 secs] [Times: user=0.03 sys=0.00, real=0.01 secs] 
2019-01-01T00:06:28.032+0900: 25434.558: [GC (Allocation Failure) [PSYoungGen: 58304K->1216K(59392K)] 315000K->258224K(378880K), 0.0049551 secs] [Times: user=0.04 sys=0.00, real=0.01 secs] 
2019-01-01T00:06:42.271+0900: 25448.798: [GC (Allocation Failure) [PSYoungGen: 58048K->1280K(59392K)] 315056K->258392K(378880K), 0.0048416 secs] [Times: user=0.03 sys=0.00, real=0.01 secs] 
2019-01-01T00:06:56.558+0900: 25463.085: [GC (Allocation Failure) [PSYoungGen: 58112K->1312K(59392K)] 315224K->258512K(378880K), 0.0043793 secs] [Times: user=0.03 sys=0.00, real=0.00 secs] 
2019-01-01T00:07:10.746+0900: 25477.272: [GC (Allocation Failure) [PSYoungGen: 58144K->1440K(59392K)] 315344K->258728K(378880K), 0.0049381 secs] [Times: user=0.03 sys=0.00, real=0.00 secs] 
2019-01-01T00:07:24.957+0900: 25491.484: [GC (Allocation Failure) [PSYoungGen: 58272K->1376K(59392K)] 315560K->258768K(378880K), 0.0044227 secs] [Times: user=0.03 sys=0.00, real=0.00 secs] 
2019-01-01T00:07:39.133+0900: 25505.659: [GC (Allocation Failure) [PSYoungGen: 58208K->1504K(59392K)] 315600K->258984K(378880K), 0.0044489 secs] [Times: user=0.03 sys=0.00, real=0.01 secs] 
2019-01-01T00:07:53.196+0900: 25519.723: [GC (Allocation Failure) [PSYoungGen: 58336K->1536K(59392K)] 315816K->259096K(378880K), 0.0049808 secs] [Times: user=0.03 sys=0.00, real=0.00 secs] 
2019-01-01T00:08:07.357+0900: 25533.884: [GC (Allocation Failure) [PSYoungGen: 58368K->1568K(59392K)] 315928K->259224K(378880K), 0.0054876 secs] [Times: user=0.03 sys=0.00, real=0.00 secs] 
2019-01-01T00:08:21.567+0900: 25548.094: [GC (Allocation Failure) [PSYoungGen: 58400K->1600K(59392K)] 316056K->259344K(378880K), 0.0053270 secs] [Times: user=0.03 sys=0.00, real=0.00 secs] 
2019-01-01T00:08:35.903+0900: 25562.430: [GC (Allocation Failure) [PSYoungGen: 58432K->1696K(59392K)] 316176K->259528K(378880K), 0.0053323 secs] [Times: user=0.04 sys=0.00, real=0.01 secs] 
2019-01-01T00:08:50.131+0900: 25576.658: [GC (Allocation Failure) [PSYoungGen: 58528K->1696K(58880K)] 316360K->259624K(378368K), 0.0050022 secs] [Times: user=0.03 sys=0.00, real=0.01 secs] 
2019-01-01T00:09:04.396+0900: 25590.922: [GC (Allocation Failure) [PSYoungGen: 58528K->1760K(58368K)] 316456K->259792K(377856K), 0.0048412 secs] [Times: user=0.03 sys=0.00, real=0.00 secs] 
2019-01-01T00:09:18.534+0900: 25605.060: [GC (Allocation Failure) [PSYoungGen: 58080K->1792K(58880K)] 316112K->259920K(378368K), 0.0059909 secs] [Times: user=0.03 sys=0.01, real=0.01 secs] 
2019-01-01T00:09:32.597+0900: 25619.124: [GC (Allocation Failure) [PSYoungGen: 58112K->1856K(58880K)] 316240K->260104K(378368K), 0.0052082 secs] [Times: user=0.03 sys=0.00, real=0.00 secs] 
2019-01-01T00:09:46.659+0900: 25633.186: [GC (Allocation Failure) [PSYoungGen: 58176K->1856K(58880K)] 316424K->260216K(378368K), 0.0052675 secs] [Times: user=0.04 sys=0.00, real=0.01 secs] 
2019-01-01T00:10:00.769+0900: 25647.296: [GC (Allocation Failure) [PSYoungGen: 58176K->1888K(58880K)] 316536K->260392K(378368K), 0.0054189 secs] [Times: user=0.04 sys=0.00, real=0.01 secs] 
2019-01-01T00:10:14.908+0900: 25661.435: [GC (Allocation Failure) [PSYoungGen: 58208K->1920K(58880K)] 316712K->260584K(378368K), 0.0053978 secs] [Times: user=0.04 sys=0.00, real=0.01 secs] 
2019-01-01T00:10:29.023+0900: 25675.550: [GC (Allocation Failure) [PSYoungGen: 58240K->1920K(58880K)] 316904K->260744K(378368K), 0.0053365 secs] [Times: user=0.04 sys=0.00, real=0.01 secs] 
2019-01-01T00:10:43.152+0900: 25689.679: [GC (Allocation Failure) [PSYoungGen: 58240K->1856K(58880K)] 317064K->260832K(378368K), 0.0051577 secs] [Times: user=0.04 sys=0.00, real=0.01 secs] 
2019-01-01T00:10:57.207+0900: 25703.733: [GC (Allocation Failure) [PSYoungGen: 58176K->1888K(58880K)] 317152K->261024K(378368K), 0.0055861 secs] [Times: user=0.04 sys=0.00, real=0.00 secs] 
2019-01-01T00:11:11.425+0900: 25717.951: [GC (Allocation Failure) [PSYoungGen: 58208K->1792K(58880K)] 317344K->261088K(378368K), 0.0049997 secs] [Times: user=0.04 sys=0.00, real=0.00 secs] 
2019-01-01T00:11:25.496+0900: 25732.023: [GC (Allocation Failure) [PSYoungGen: 58112K->1920K(58880K)] 317408K->261376K(378368K), 0.0050555 secs] [Times: user=0.03 sys=0.00, real=0.00 secs] 
2019-01-01T00:11:39.587+0900: 25746.114: [GC (Allocation Failure) [PSYoungGen: 58240K->1888K(58880K)] 317696K->261488K(378368K), 0.0054447 secs] [Times: user=0.03 sys=0.00, real=0.00 secs] 
2019-01-01T00:11:53.683+0900: 25760.210: [GC (Allocation Failure) [PSYoungGen: 58208K->1888K(58880K)] 317808K->261648K(378368K), 0.0049240 secs] [Times: user=0.03 sys=0.00, real=0.01 secs] 
2019-01-01T00:12:07.685+0900: 25774.212: [GC (Allocation Failure) [PSYoungGen: 58208K->1888K(58880K)] 317968K->261800K(378368K), 0.0055264 secs] [Times: user=0.04 sys=0.00, real=0.00 secs] 
2019-01-01T00:12:21.828+0900: 25788.355: [GC (Allocation Failure) [PSYoungGen: 58208K->1856K(58880K)] 318120K->261912K(378368K), 0.0062558 secs] [Times: user=0.04 sys=0.00, real=0.01 secs] 
2019-01-01T00:12:35.966+0900: 25802.493: [GC (Allocation Failure) [PSYoungGen: 58176K->1888K(58880K)] 318232K->262088K(378368K), 0.0057828 secs] [Times: user=0.04 sys=0.00, real=0.00 secs] 
2019-01-01T00:12:50.101+0900: 25816.628: [GC (Allocation Failure) [PSYoungGen: 58208K->1824K(58880K)] 318408K->262184K(378368K), 0.0055537 secs] [Times: user=0.03 sys=0.00, real=0.01 secs] 
2019-01-01T00:13:04.248+0900: 25830.775: [GC (Allocation Failure) [PSYoungGen: 58144K->1856K(58880K)] 318504K->262360K(378368K), 0.0054766 secs] [Times: user=0.03 sys=0.00, real=0.01 secs] 
2019-01-01T00:13:18.405+0900: 25844.932: [GC (Allocation Failure) [PSYoungGen: 58176K->1824K(58880K)] 318680K->262480K(378368K), 0.0054257 secs] [Times: user=0.04 sys=0.00, real=0.00 secs] 
2019-01-01T00:13:32.538+0900: 25859.065: [GC (Allocation Failure) [PSYoungGen: 58144K->1888K(58880K)] 318800K->262696K(378368K), 0.0053353 secs] [Times: user=0.03 sys=0.00, real=0.00 secs] 
2019-01-01T00:13:46.592+0900: 25873.118: [GC (Allocation Failure) [PSYoungGen: 58208K->1920K(58880K)] 319016K->262864K(378368K), 0.0054515 secs] [Times: user=0.03 sys=0.00, real=0.01 secs] 
2019-01-01T00:14:00.656+0900: 25887.183: [GC (Allocation Failure) [PSYoungGen: 58240K->1888K(58880K)] 319184K->262976K(378368K), 0.0048906 secs] [Times: user=0.04 sys=0.00, real=0.00 secs] 
2019-01-01T00:14:14.717+0900: 25901.244: [GC (Allocation Failure) [PSYoungGen: 58208K->1888K(58880K)] 319296K->263144K(378368K), 0.0055102 secs] [Times: user=0.04 sys=0.00, real=0.00 secs] 
2019-01-01T00:14:28.830+0900: 25915.356: [GC (Allocation Failure) [PSYoungGen: 58208K->1856K(58880K)] 319464K->263248K(378368K), 0.0056931 secs] [Times: user=0.04 sys=0.00, real=0.01 secs] 
2019-01-01T00:14:42.909+0900: 25929.435: [GC (Allocation Failure) [PSYoungGen: 58176K->1856K(58368K)] 319568K->263400K(377856K), 0.0055848 secs] [Times: user=0.04 sys=0.00, real=0.01 secs] 
2019-01-01T00:14:56.968+0900: 25943.495: [GC (Allocation Failure) [PSYoungGen: 58176K->1856K(58368K)] 319720K->263552K(377856K), 0.0057372 secs] [Times: user=0.04 sys=0.00, real=0.01 secs] 
2019-01-01T00:15:11.098+0900: 25957.624: [GC (Allocation Failure) [PSYoungGen: 58176K->1536K(57856K)] 319872K->263536K(377344K), 0.0056011 secs] [Times: user=0.04 sys=0.00, real=0.00 secs] 
2019-01-01T00:15:25.251+0900: 25971.778: [GC (Allocation Failure) [PSYoungGen: 57856K->1664K(58368K)] 319856K->263912K(377856K), 0.0057860 secs] [Times: user=0.04 sys=0.00, real=0.01 secs] 
2019-01-01T00:15:39.390+0900: 25985.917: [GC (Allocation Failure) [PSYoungGen: 57984K->1664K(58368K)] 320232K->263912K(377856K), 0.0051451 secs] [Times: user=0.03 sys=0.00, real=0.01 secs] 
2019-01-01T00:15:53.526+0900: 26000.053: [GC (Allocation Failure) [PSYoungGen: 57984K->1728K(58368K)] 320232K->264120K(377856K), 0.0059320 secs] [Times: user=0.04 sys=0.00, real=0.00 secs] 
2019-01-01T00:16:07.657+0900: 26014.184: [GC (Allocation Failure) [PSYoungGen: 58048K->1792K(58368K)] 320440K->264328K(377856K), 0.0051989 secs] [Times: user=0.04 sys=0.00, real=0.00 secs] 
2019-01-01T00:16:21.666+0900: 26028.193: [GC (Allocation Failure) [PSYoungGen: 58112K->1760K(58368K)] 320648K->264440K(377856K), 0.0046665 secs] [Times: user=0.04 sys=0.00, real=0.00 secs] 
2019-01-01T00:16:35.752+0900: 26042.278: [GC (Allocation Failure) [PSYoungGen: 58080K->1760K(58368K)] 320760K->264584K(377856K), 0.0056114 secs] [Times: user=0.04 sys=0.00, real=0.01 secs] 
2019-01-01T00:16:49.847+0900: 26056.374: [GC (Allocation Failure) [PSYoungGen: 58080K->1760K(58368K)] 320904K->264720K(377856K), 0.0055133 secs] [Times: user=0.04 sys=0.00, real=0.00 secs] 
2019-01-01T00:17:03.915+0900: 26070.442: [GC (Allocation Failure) [PSYoungGen: 58080K->1792K(58368K)] 321040K->264888K(377856K), 0.0051816 secs] [Times: user=0.04 sys=0.00, real=0.00 secs] 
2019-01-01T00:17:17.951+0900: 26084.477: [GC (Allocation Failure) [PSYoungGen: 58112K->1824K(58368K)] 321208K->265056K(377856K), 0.0049985 secs] [Times: user=0.04 sys=0.00, real=0.01 secs] 
2019-01-01T00:17:32.011+0900: 26098.537: [GC (Allocation Failure) [PSYoungGen: 58144K->1792K(58368K)] 321376K->265160K(377856K), 0.0063279 secs] [Times: user=0.04 sys=0.00, real=0.01 secs] 
2019-01-01T00:17:46.061+0900: 26112.588: [GC (Allocation Failure) [PSYoungGen: 58112K->1792K(58368K)] 321480K->265296K(377856K), 0.0054898 secs] [Times: user=0.04 sys=0.00, real=0.01 secs] 
2019-01-01T00:18:00.185+0900: 26126.711: [GC (Allocation Failure) [PSYoungGen: 58112K->1792K(58368K)] 321616K->265448K(377856K), 0.0047914 secs] [Times: user=0.04 sys=0.00, real=0.00 secs] 
2019-01-01T00:18:14.307+0900: 26140.834: [GC (Allocation Failure) [PSYoungGen: 58112K->1824K(58368K)] 321768K->265616K(377856K), 0.0050764 secs] [Times: user=0.04 sys=0.00, real=0.00 secs] 
2019-01-01T00:18:28.450+0900: 26154.977: [GC (Allocation Failure) [PSYoungGen: 58144K->1824K(58368K)] 321936K->265752K(377856K), 0.0054348 secs] [Times: user=0.04 sys=0.00, real=0.01 secs] 
2019-01-01T00:18:42.509+0900: 26169.036: [GC (Allocation Failure) [PSYoungGen: 58144K->1856K(58368K)] 322072K->265928K(377856K), 0.0056904 secs] [Times: user=0.04 sys=0.00, real=0.01 secs] 
2019-01-01T00:18:56.580+0900: 26183.106: [GC (Allocation Failure) [PSYoungGen: 58176K->1888K(58368K)] 322248K->266128K(377856K), 0.0059197 secs] [Times: user=0.05 sys=0.00, real=0.01 secs] 
2019-01-01T00:19:10.820+0900: 26197.347: [GC (Allocation Failure) [PSYoungGen: 58208K->1856K(58368K)] 322448K->266248K(377856K), 0.0055244 secs] [Times: user=0.03 sys=0.00, real=0.01 secs] 
2019-01-01T00:19:24.924+0900: 26211.451: [GC (Allocation Failure) [PSYoungGen: 58176K->1920K(58368K)] 322568K->266472K(377856K), 0.0054718 secs] [Times: user=0.04 sys=0.00, real=0.00 secs] 
2019-01-01T00:19:38.980+0900: 26225.507: [GC (Allocation Failure) [PSYoungGen: 58240K->1824K(58368K)] 322792K->266528K(377856K), 0.0050362 secs] [Times: user=0.04 sys=0.00, real=0.01 secs] 
2019-01-01T00:19:53.026+0900: 26239.552: [GC (Allocation Failure) [PSYoungGen: 58144K->1856K(58368K)] 322848K->266712K(377856K), 0.0052171 secs] [Times: user=0.04 sys=0.00, real=0.00 secs] 
2019-01-01T00:20:07.097+0900: 26253.623: [GC (Allocation Failure) [PSYoungGen: 58176K->1888K(58368K)] 323032K->266896K(377856K), 0.0045050 secs] [Times: user=0.03 sys=0.00, real=0.00 secs] 
2019-01-01T00:20:21.158+0900: 26267.685: [GC (Allocation Failure) [PSYoungGen: 58208K->1856K(58368K)] 323216K->267016K(377856K), 0.0053926 secs] [Times: user=0.04 sys=0.00, real=0.01 secs] 
2019-01-01T00:20:35.221+0900: 26281.748: [GC (Allocation Failure) [PSYoungGen: 58176K->1856K(58368K)] 323336K->267144K(377856K), 0.0053348 secs] [Times: user=0.03 sys=0.00, real=0.01 secs] 
2019-01-01T00:20:49.238+0900: 26295.765: [GC (Allocation Failure) [PSYoungGen: 58176K->1888K(58368K)] 323464K->267320K(377856K), 0.0049198 secs] [Times: user=0.03 sys=0.00, real=0.00 secs] 
2019-01-01T00:21:03.339+0900: 26309.866: [GC (Allocation Failure) [PSYoungGen: 58208K->1920K(58368K)] 323640K->267504K(377856K), 0.0052909 secs] [Times: user=0.04 sys=0.00, real=0.01 secs] 
2019-01-01T00:21:17.401+0900: 26323.928: [GC (Allocation Failure) [PSYoungGen: 58240K->1888K(58368K)] 323824K->267616K(377856K), 0.0052170 secs] [Times: user=0.04 sys=0.00, real=0.01 secs] 
2019-01-01T00:21:31.405+0900: 26337.932: [GC (Allocation Failure) [PSYoungGen: 58208K->1920K(58368K)] 323936K->267808K(377856K), 0.0056843 secs] [Times: user=0.04 sys=0.00, real=0.00 secs] 
2019-01-01T00:21:45.510+0900: 26352.036: [GC (Allocation Failure) [PSYoungGen: 58240K->1888K(58368K)] 324128K->267920K(377856K), 0.0054898 secs] [Times: user=0.04 sys=0.00, real=0.01 secs] 
2019-01-01T00:21:59.530+0900: 26366.056: [GC (Allocation Failure) [PSYoungGen: 58208K->1856K(58368K)] 324240K->268048K(377856K), 0.0052862 secs] [Times: user=0.04 sys=0.00, real=0.01 secs] 
2019-01-01T00:22:13.564+0900: 26380.091: [GC (Allocation Failure) [PSYoungGen: 58176K->1920K(58368K)] 324368K->268248K(377856K), 0.0059655 secs] [Times: user=0.04 sys=0.00, real=0.00 secs] 
2019-01-01T00:22:27.631+0900: 26394.157: [GC (Allocation Failure) [PSYoungGen: 58240K->1856K(58368K)] 324568K->268344K(377856K), 0.0057814 secs] [Times: user=0.03 sys=0.00, real=0.01 secs] 
2019-01-01T00:22:41.725+0900: 26408.252: [GC (Allocation Failure) [PSYoungGen: 58176K->1856K(58368K)] 324664K->268512K(377856K), 0.0053881 secs] [Times: user=0.03 sys=0.00, real=0.00 secs] 
2019-01-01T00:22:55.789+0900: 26422.315: [GC (Allocation Failure) [PSYoungGen: 58176K->1824K(58368K)] 324832K->268616K(377856K), 0.0060407 secs] [Times: user=0.04 sys=0.00, real=0.01 secs] 
2019-01-01T00:23:09.853+0900: 26436.380: [GC (Allocation Failure) [PSYoungGen: 58144K->1952K(58368K)] 324936K->268904K(377856K), 0.0053276 secs] [Times: user=0.04 sys=0.00, real=0.01 secs] 
2019-01-01T00:23:23.903+0900: 26450.430: [GC (Allocation Failure) [PSYoungGen: 58272K->1888K(58368K)] 325224K->269008K(377856K), 0.0054330 secs] [Times: user=0.03 sys=0.00, real=0.01 secs] 
2019-01-01T00:23:38.000+0900: 26464.527: [GC (Allocation Failure) [PSYoungGen: 58208K->1920K(58368K)] 325328K->269200K(377856K), 0.0051901 secs] [Times: user=0.04 sys=0.00, real=0.01 secs] 
2019-01-01T00:23:51.992+0900: 26478.518: [GC (Allocation Failure) [PSYoungGen: 58240K->1920K(58368K)] 325520K->269360K(377856K), 0.0050157 secs] [Times: user=0.03 sys=0.00, real=0.01 secs] 
2019-01-01T00:24:06.117+0900: 26492.643: [GC (Allocation Failure) [PSYoungGen: 58240K->1920K(58368K)] 325680K->269520K(377856K), 0.0050553 secs] [Times: user=0.04 sys=0.00, real=0.00 secs] 
2019-01-01T00:24:20.181+0900: 26506.707: [GC (Allocation Failure) [PSYoungGen: 58240K->1888K(58368K)] 325840K->269632K(377856K), 0.0050378 secs] [Times: user=0.04 sys=0.00, real=0.01 secs] 
2019-01-01T00:24:34.220+0900: 26520.747: [GC (Allocation Failure) [PSYoungGen: 58208K->1888K(58368K)] 325952K->269784K(377856K), 0.0055549 secs] [Times: user=0.04 sys=0.00, real=0.01 secs] 
2019-01-01T00:24:48.282+0900: 26534.809: [GC (Allocation Failure) [PSYoungGen: 58208K->1888K(58368K)] 326104K->269936K(377856K), 0.0053867 secs] [Times: user=0.03 sys=0.00, real=0.01 secs] 
2019-01-01T00:25:02.351+0900: 26548.877: [GC (Allocation Failure) [PSYoungGen: 58208K->1920K(58368K)] 326256K->270120K(377856K), 0.0054313 secs] [Times: user=0.04 sys=0.00, real=0.01 secs] 
2019-01-01T00:25:16.366+0900: 26562.893: [GC (Allocation Failure) [PSYoungGen: 58240K->1888K(58368K)] 326440K->270240K(377856K), 0.0067642 secs] [Times: user=0.05 sys=0.00, real=0.00 secs] 
2019-01-01T00:25:30.470+0900: 26576.996: [GC (Allocation Failure) [PSYoungGen: 58208K->1920K(58368K)] 326560K->270432K(377856K), 0.0052450 secs] [Times: user=0.04 sys=0.00, real=0.01 secs] 
2019-01-01T00:25:44.519+0900: 26591.045: [GC (Allocation Failure) [PSYoungGen: 58240K->1824K(58368K)] 326752K->270496K(377856K), 0.0053675 secs] [Times: user=0.04 sys=0.00, real=0.01 secs] 
2019-01-01T00:25:58.588+0900: 26605.114: [GC (Allocation Failure) [PSYoungGen: 58144K->1888K(58368K)] 326816K->270704K(377856K), 0.0057325 secs] [Times: user=0.03 sys=0.00, real=0.00 secs] 
2019-01-01T00:26:12.640+0900: 26619.167: [GC (Allocation Failure) [PSYoungGen: 58208K->1856K(58368K)] 327024K->270824K(377856K), 0.0049147 secs] [Times: user=0.04 sys=0.00, real=0.01 secs] 
2019-01-01T00:26:26.692+0900: 26633.218: [GC (Allocation Failure) [PSYoungGen: 58176K->1920K(58368K)] 327144K->271040K(377856K), 0.0049499 secs] [Times: user=0.04 sys=0.00, real=0.01 secs] 
2019-01-01T00:26:40.760+0900: 26647.287: [GC (Allocation Failure) [PSYoungGen: 58240K->1856K(58368K)] 327360K->271128K(377856K), 0.0058562 secs] [Times: user=0.04 sys=0.00, real=0.01 secs] 
2019-01-01T00:26:54.751+0900: 26661.278: [GC (Allocation Failure) [PSYoungGen: 58176K->1856K(58368K)] 327448K->271288K(377856K), 0.0055764 secs] [Times: user=0.04 sys=0.00, real=0.01 secs] 
2019-01-01T00:27:08.875+0900: 26675.402: [GC (Allocation Failure) [PSYoungGen: 58176K->1920K(58368K)] 327608K->271504K(377856K), 0.0052652 secs] [Times: user=0.04 sys=0.00, real=0.00 secs] 
2019-01-01T00:27:22.939+0900: 26689.466: [GC (Allocation Failure) [PSYoungGen: 58240K->1920K(58368K)] 327824K->271648K(377856K), 0.0050378 secs] [Times: user=0.04 sys=0.00, real=0.01 secs] 
2019-01-01T00:27:37.000+0900: 26703.527: [GC (Allocation Failure) [PSYoungGen: 58240K->1888K(58368K)] 327968K->271768K(377856K), 0.0051788 secs] [Times: user=0.04 sys=0.00, real=0.01 secs] 
2019-01-01T00:27:51.066+0900: 26717.593: [GC (Allocation Failure) [PSYoungGen: 58208K->1888K(58368K)] 328088K->271920K(377856K), 0.0054577 secs] [Times: user=0.04 sys=0.00, real=0.00 secs] 
2019-01-01T00:28:05.131+0900: 26731.657: [GC (Allocation Failure) [PSYoungGen: 58208K->1824K(58368K)] 328240K->271992K(377856K), 0.0055917 secs] [Times: user=0.03 sys=0.00, real=0.01 secs] 
2019-01-01T00:28:19.192+0900: 26745.719: [GC (Allocation Failure) [PSYoungGen: 58144K->1856K(58368K)] 328312K->272168K(377856K), 0.0055477 secs] [Times: user=0.04 sys=0.00, real=0.01 secs] 
2019-01-01T00:28:33.256+0900: 26759.782: [GC (Allocation Failure) [PSYoungGen: 58176K->1856K(58368K)] 328488K->272328K(377856K), 0.0064196 secs] [Times: user=0.04 sys=0.00, real=0.00 secs] 
2019-01-01T00:28:47.317+0900: 26773.844: [GC (Allocation Failure) [PSYoungGen: 58176K->1856K(58368K)] 328648K->272480K(377856K), 0.0058047 secs] [Times: user=0.04 sys=0.00, real=0.00 secs] 
2019-01-01T00:29:01.381+0900: 26787.908: [GC (Allocation Failure) [PSYoungGen: 58176K->1888K(58368K)] 328800K->272672K(377856K), 0.0053837 secs] [Times: user=0.04 sys=0.00, real=0.01 secs] 
2019-01-01T00:29:15.444+0900: 26801.971: [GC (Allocation Failure) [PSYoungGen: 58208K->1888K(58368K)] 328992K->272832K(377856K), 0.0053674 secs] [Times: user=0.04 sys=0.00, real=0.00 secs] 
2019-01-01T00:29:29.451+0900: 26815.977: [GC (Allocation Failure) [PSYoungGen: 58208K->1856K(58368K)] 329152K->272952K(377856K), 0.0054086 secs] [Times: user=0.04 sys=0.00, real=0.01 secs] 
2019-01-01T00:29:43.532+0900: 26830.059: [GC (Allocation Failure) [PSYoungGen: 58176K->1856K(58368K)] 329272K->273112K(377856K), 0.0055476 secs] [Times: user=0.04 sys=0.00, real=0.01 secs] 
2019-01-01T00:29:57.616+0900: 26844.143: [GC (Allocation Failure) [PSYoungGen: 58176K->1856K(58368K)] 329432K->273264K(377856K), 0.0055796 secs] [Times: user=0.04 sys=0.00, real=0.00 secs] 
2019-01-01T00:30:11.635+0900: 26858.162: [GC (Allocation Failure) [PSYoungGen: 58176K->1824K(58368K)] 329584K->273376K(377856K), 0.0055231 secs] [Times: user=0.04 sys=0.00, real=0.00 secs] 
2019-01-01T00:30:25.738+0900: 26872.265: [GC (Allocation Failure) [PSYoungGen: 58144K->1888K(58368K)] 329696K->273600K(377856K), 0.0049559 secs] [Times: user=0.03 sys=0.00, real=0.00 secs] 
2019-01-01T00:30:39.797+0900: 26886.324: [GC (Allocation Failure) [PSYoungGen: 58208K->1952K(58368K)] 329920K->273816K(377856K), 0.0051564 secs] [Times: user=0.04 sys=0.00, real=0.00 secs] 
2019-01-01T00:30:53.861+0900: 26900.388: [GC (Allocation Failure) [PSYoungGen: 58272K->1856K(58368K)] 330136K->273864K(377856K), 0.0056358 secs] [Times: user=0.03 sys=0.00, real=0.01 secs] 
2019-01-01T00:31:07.901+0900: 26914.428: [GC (Allocation Failure) [PSYoungGen: 58176K->1856K(58368K)] 330184K->274024K(377856K), 0.0055662 secs] [Times: user=0.03 sys=0.00, real=0.01 secs] 
2019-01-01T00:31:21.976+0900: 26928.502: [GC (Allocation Failure) [PSYoungGen: 58176K->1888K(58368K)] 330344K->274208K(377856K), 0.0052401 secs] [Times: user=0.04 sys=0.00, real=0.00 secs] 
2019-01-01T00:31:36.038+0900: 26942.565: [GC (Allocation Failure) [PSYoungGen: 58208K->1888K(58368K)] 330528K->274368K(377856K), 0.0065252 secs] [Times: user=0.04 sys=0.00, real=0.01 secs] 
2019-01-01T00:31:50.102+0900: 26956.629: [GC (Allocation Failure) [PSYoungGen: 58208K->1888K(58368K)] 330688K->274520K(377856K), 0.0053396 secs] [Times: user=0.03 sys=0.00, real=0.01 secs] 
2019-01-01T00:32:04.107+0900: 26970.634: [GC (Allocation Failure) [PSYoungGen: 58208K->1856K(58368K)] 330840K->274632K(377856K), 0.0048924 secs] [Times: user=0.04 sys=0.00, real=0.00 secs] 
2019-01-01T00:32:18.219+0900: 26984.746: [GC (Allocation Failure) [PSYoungGen: 58176K->1856K(58368K)] 330952K->274792K(377856K), 0.0053981 secs] [Times: user=0.04 sys=0.00, real=0.01 secs] 
2019-01-01T00:32:32.286+0900: 26998.813: [GC (Allocation Failure) [PSYoungGen: 58176K->1920K(58368K)] 331112K->275016K(377856K), 0.0066539 secs] [Times: user=0.04 sys=0.00, real=0.00 secs] 
2019-01-01T00:32:46.345+0900: 27012.872: [GC (Allocation Failure) [PSYoungGen: 58240K->1856K(58368K)] 331336K->275104K(377856K), 0.0055661 secs] [Times: user=0.04 sys=0.00, real=0.00 secs] 
2019-01-01T00:33:00.409+0900: 27026.935: [GC (Allocation Failure) [PSYoungGen: 58176K->1888K(58368K)] 331424K->275280K(377856K), 0.0052619 secs] [Times: user=0.04 sys=0.00, real=0.01 secs] 
2019-01-01T00:33:14.504+0900: 27041.031: [GC (Allocation Failure) [PSYoungGen: 58208K->1888K(58368K)] 331600K->275432K(377856K), 0.0057686 secs] [Times: user=0.03 sys=0.00, real=0.00 secs] 
2019-01-01T00:33:28.559+0900: 27055.085: [GC (Allocation Failure) [PSYoungGen: 58208K->1888K(58368K)] 331752K->275568K(377856K), 0.0059522 secs] [Times: user=0.04 sys=0.00, real=0.01 secs] 
2019-01-01T00:33:42.674+0900: 27069.201: [GC (Allocation Failure) [PSYoungGen: 58208K->1920K(58368K)] 331888K->275760K(377856K), 0.0049820 secs] [Times: user=0.03 sys=0.00, real=0.00 secs] 
2019-01-01T00:33:56.756+0900: 27083.283: [GC (Allocation Failure) [PSYoungGen: 58240K->1920K(58368K)] 332080K->275928K(377856K), 0.0051585 secs] [Times: user=0.03 sys=0.00, real=0.00 secs] 
2019-01-01T00:34:10.934+0900: 27097.460: [GC (Allocation Failure) [PSYoungGen: 58240K->1888K(58368K)] 332248K->276056K(377856K), 0.0056871 secs] [Times: user=0.04 sys=0.00, real=0.00 secs] 
2019-01-01T00:34:25.082+0900: 27111.608: [GC (Allocation Failure) [PSYoungGen: 58208K->1824K(58368K)] 332376K->276144K(377856K), 0.0051139 secs] [Times: user=0.03 sys=0.00, real=0.01 secs] 
2019-01-01T00:34:38.977+0900: 27125.504: [GC (Allocation Failure) [PSYoungGen: 58144K->1856K(58368K)] 332464K->276344K(377856K), 0.0059236 secs] [Times: user=0.05 sys=0.00, real=0.00 secs] 
2019-01-01T00:34:53.056+0900: 27139.583: [GC (Allocation Failure) [PSYoungGen: 58176K->1888K(58368K)] 332664K->276544K(377856K), 0.0054372 secs] [Times: user=0.03 sys=0.00, real=0.00 secs] 
2019-01-01T00:35:07.145+0900: 27153.672: [GC (Allocation Failure) [PSYoungGen: 58208K->1856K(58368K)] 332864K->276664K(377856K), 0.0054320 secs] [Times: user=0.03 sys=0.00, real=0.00 secs] 
2019-01-01T00:35:21.262+0900: 27167.789: [GC (Allocation Failure) [PSYoungGen: 58176K->1824K(58368K)] 332984K->276776K(377856K), 0.0052987 secs] [Times: user=0.03 sys=0.00, real=0.01 secs] 
2019-01-01T00:35:35.317+0900: 27181.843: [GC (Allocation Failure) [PSYoungGen: 58144K->1856K(58368K)] 333096K->276968K(377856K), 0.0051850 secs] [Times: user=0.04 sys=0.00, real=0.00 secs] 
2019-01-01T00:35:49.401+0900: 27195.928: [GC (Allocation Failure) [PSYoungGen: 58176K->1888K(58368K)] 333288K->277160K(377856K), 0.0060022 secs] [Times: user=0.04 sys=0.00, real=0.01 secs] 
2019-01-01T00:36:03.529+0900: 27210.056: [GC (Allocation Failure) [PSYoungGen: 58208K->1856K(58368K)] 333480K->277272K(377856K), 0.0050240 secs] [Times: user=0.04 sys=0.00, real=0.01 secs] 
2019-01-01T00:36:17.422+0900: 27223.949: [GC (Allocation Failure) [PSYoungGen: 58176K->1888K(58368K)] 333592K->277456K(377856K), 0.0055971 secs] [Times: user=0.04 sys=0.00, real=0.01 secs] 
2019-01-01T00:36:31.586+0900: 27238.113: [GC (Allocation Failure) [PSYoungGen: 58208K->1856K(58368K)] 333776K->277576K(377856K), 0.0052107 secs] [Times: user=0.04 sys=0.00, real=0.00 secs] 
2019-01-01T00:36:45.639+0900: 27252.165: [GC (Allocation Failure) [PSYoungGen: 58176K->1856K(58368K)] 333896K->277736K(377856K), 0.0058025 secs] [Times: user=0.04 sys=0.00, real=0.01 secs] 
2019-01-01T00:36:59.702+0900: 27266.229: [GC (Allocation Failure) [PSYoungGen: 58176K->1824K(58368K)] 334056K->277856K(377856K), 0.0052521 secs] [Times: user=0.04 sys=0.00, real=0.01 secs] 
2019-01-01T00:37:13.923+0900: 27280.450: [GC (Allocation Failure) [PSYoungGen: 58144K->1856K(58368K)] 334176K->278040K(377856K), 0.0055300 secs] [Times: user=0.03 sys=0.00, real=0.01 secs] 
2019-01-01T00:37:28.089+0900: 27294.615: [GC (Allocation Failure) [PSYoungGen: 58176K->1824K(58368K)] 334360K->278168K(377856K), 0.0047042 secs] [Times: user=0.03 sys=0.00, real=0.00 secs] 
2019-01-01T00:37:42.183+0900: 27308.710: [GC (Allocation Failure) [PSYoungGen: 58144K->1856K(58368K)] 334488K->278352K(377856K), 0.0057353 secs] [Times: user=0.04 sys=0.00, real=0.01 secs] 
2019-01-01T00:37:56.266+0900: 27322.793: [GC (Allocation Failure) [PSYoungGen: 58176K->1856K(58368K)] 334672K->278504K(377856K), 0.0067928 secs] [Times: user=0.04 sys=0.00, real=0.00 secs] 
2019-01-01T00:38:10.419+0900: 27336.945: [GC (Allocation Failure) [PSYoungGen: 58176K->1856K(58368K)] 334824K->278656K(377856K), 0.0057089 secs] [Times: user=0.04 sys=0.00, real=0.01 secs] 
2019-01-01T00:38:24.492+0900: 27351.018: [GC (Allocation Failure) [PSYoungGen: 58176K->1856K(58368K)] 334976K->278800K(377856K), 0.0051629 secs] [Times: user=0.04 sys=0.00, real=0.01 secs] 
2019-01-01T00:38:38.657+0900: 27365.183: [GC (Allocation Failure) [PSYoungGen: 58176K->1824K(58368K)] 335120K->278920K(377856K), 0.0054139 secs] [Times: user=0.04 sys=0.00, real=0.00 secs] 
2019-01-01T00:38:52.537+0900: 27379.064: [GC (Allocation Failure) [PSYoungGen: 58144K->1824K(58368K)] 335240K->279056K(377856K), 0.0056087 secs] [Times: user=0.03 sys=0.00, real=0.00 secs] 
2019-01-01T00:39:06.623+0900: 27393.150: [GC (Allocation Failure) [PSYoungGen: 58144K->1888K(58368K)] 335376K->279264K(377856K), 0.0059463 secs] [Times: user=0.04 sys=0.00, real=0.01 secs] 
2019-01-01T00:39:20.823+0900: 27407.350: [GC (Allocation Failure) [PSYoungGen: 58208K->1824K(58368K)] 335584K->279344K(377856K), 0.0056095 secs] [Times: user=0.03 sys=0.00, real=0.01 secs] 
2019-01-01T00:39:34.959+0900: 27421.485: [GC (Allocation Failure) [PSYoungGen: 58144K->1856K(58368K)] 335664K->279528K(377856K), 0.0051096 secs] [Times: user=0.04 sys=0.00, real=0.01 secs] 
2019-01-01T00:39:49.020+0900: 27435.547: [GC (Allocation Failure) [PSYoungGen: 58176K->1888K(58368K)] 335848K->279712K(377856K), 0.0057087 secs] [Times: user=0.04 sys=0.00, real=0.01 secs] 
2019-01-01T00:40:03.085+0900: 27449.612: [GC (Allocation Failure) [PSYoungGen: 58208K->1888K(58368K)] 336032K->279864K(377856K), 0.0055052 secs] [Times: user=0.04 sys=0.00, real=0.00 secs] 
2019-01-01T00:40:17.147+0900: 27463.674: [GC (Allocation Failure) [PSYoungGen: 58208K->1952K(58368K)] 336184K->280072K(377856K), 0.0055791 secs] [Times: user=0.04 sys=0.00, real=0.00 secs] 
2019-01-01T00:40:31.208+0900: 27477.735: [GC (Allocation Failure) [PSYoungGen: 58272K->1920K(58368K)] 336392K->280200K(377856K), 0.0054619 secs] [Times: user=0.04 sys=0.00, real=0.00 secs] 
2019-01-01T00:40:45.268+0900: 27491.794: [GC (Allocation Failure) [PSYoungGen: 58240K->1888K(58368K)] 336520K->280296K(377856K), 0.0060079 secs] [Times: user=0.04 sys=0.00, real=0.01 secs] 
2019-01-01T00:40:59.330+0900: 27505.857: [GC (Allocation Failure) [PSYoungGen: 58204K->1888K(58368K)] 336612K->280448K(377856K), 0.0059898 secs] [Times: user=0.04 sys=0.00, real=0.01 secs] 
2019-01-01T00:41:13.382+0900: 27519.909: [GC (Allocation Failure) [PSYoungGen: 58208K->1920K(58368K)] 336768K->280640K(377856K), 0.0051889 secs] [Times: user=0.04 sys=0.00, real=0.01 secs] 
2019-01-01T00:41:27.449+0900: 27533.975: [GC (Allocation Failure) [PSYoungGen: 58240K->1888K(58368K)] 336960K->280768K(377856K), 0.0054283 secs] [Times: user=0.04 sys=0.00, real=0.01 secs] 
2019-01-01T00:41:41.491+0900: 27548.017: [GC (Allocation Failure) [PSYoungGen: 58208K->1888K(58368K)] 337088K->280912K(377856K), 0.0060079 secs] [Times: user=0.04 sys=0.00, real=0.01 secs] 
2019-01-01T00:41:55.565+0900: 27562.092: [GC (Allocation Failure) [PSYoungGen: 58208K->1888K(58368K)] 337232K->281064K(377856K), 0.0054137 secs] [Times: user=0.03 sys=0.00, real=0.00 secs] 
2019-01-01T00:42:09.627+0900: 27576.154: [GC (Allocation Failure) [PSYoungGen: 58208K->1888K(58368K)] 337384K->281208K(377856K), 0.0051449 secs] [Times: user=0.03 sys=0.00, real=0.00 secs] 
2019-01-01T00:42:23.674+0900: 27590.201: [GC (Allocation Failure) [PSYoungGen: 58208K->1824K(58368K)] 337528K->281288K(377856K), 0.0052245 secs] [Times: user=0.03 sys=0.00, real=0.00 secs] 
2019-01-01T00:42:37.711+0900: 27604.238: [GC (Allocation Failure) [PSYoungGen: 58144K->1888K(58368K)] 337608K->281488K(377856K), 0.0054114 secs] [Times: user=0.03 sys=0.00, real=0.01 secs] 
2019-01-01T00:42:51.641+0900: 27618.168: [GC (Allocation Failure) [PSYoungGen: 58208K->1888K(58368K)] 337808K->281648K(377856K), 0.0056161 secs] [Times: user=0.04 sys=0.00, real=0.01 secs] 
2019-01-01T00:43:05.624+0900: 27632.151: [GC (Allocation Failure) [PSYoungGen: 58208K->1824K(58368K)] 337968K->281736K(377856K), 0.0053321 secs] [Times: user=0.04 sys=0.00, real=0.00 secs] 
2019-01-01T00:43:19.701+0900: 27646.228: [GC (Allocation Failure) [PSYoungGen: 58144K->1856K(58368K)] 338056K->281920K(377856K), 0.0050287 secs] [Times: user=0.03 sys=0.00, real=0.01 secs] 
2019-01-01T00:43:33.790+0900: 27660.316: [GC (Allocation Failure) [PSYoungGen: 58176K->1888K(58368K)] 338240K->282104K(377856K), 0.0050161 secs] [Times: user=0.03 sys=0.00, real=0.01 secs] 
2019-01-01T00:43:47.832+0900: 27674.359: [GC (Allocation Failure) [PSYoungGen: 58208K->1856K(58368K)] 338424K->282240K(377856K), 0.0055570 secs] [Times: user=0.04 sys=0.00, real=0.01 secs] 
2019-01-01T00:44:01.925+0900: 27688.451: [GC (Allocation Failure) [PSYoungGen: 58176K->1824K(58368K)] 338560K->282368K(377856K), 0.0049908 secs] [Times: user=0.03 sys=0.00, real=0.00 secs] 
2019-01-01T00:44:16.065+0900: 27702.592: [GC (Allocation Failure) [PSYoungGen: 58144K->1824K(58368K)] 338688K->282496K(377856K), 0.0057307 secs] [Times: user=0.04 sys=0.00, real=0.00 secs] 
2019-01-01T00:44:30.181+0900: 27716.708: [GC (Allocation Failure) [PSYoungGen: 58144K->1824K(58368K)] 338816K->282656K(377856K), 0.0055319 secs] [Times: user=0.03 sys=0.00, real=0.01 secs] 
2019-01-01T00:44:44.244+0900: 27730.770: [GC (Allocation Failure) [PSYoungGen: 58144K->1888K(58368K)] 338976K->282880K(377856K), 0.0053941 secs] [Times: user=0.03 sys=0.00, real=0.00 secs] 
2019-01-01T00:44:58.309+0900: 27744.836: [GC (Allocation Failure) [PSYoungGen: 58208K->1920K(58368K)] 339200K->283056K(377856K), 0.0054586 secs] [Times: user=0.04 sys=0.00, real=0.01 secs] 
2019-01-01T00:45:12.294+0900: 27758.821: [GC (Allocation Failure) [PSYoungGen: 58240K->1792K(58368K)] 339376K->283072K(377856K), 0.0053782 secs] [Times: user=0.03 sys=0.00, real=0.00 secs] 
2019-01-01T00:45:26.425+0900: 27772.952: [GC (Allocation Failure) [PSYoungGen: 58112K->1856K(58368K)] 339392K->283272K(377856K), 0.0058746 secs] [Times: user=0.04 sys=0.00, real=0.00 secs] 
2019-01-01T00:45:40.518+0900: 27787.045: [GC (Allocation Failure) [PSYoungGen: 58176K->1824K(58368K)] 339592K->283400K(377856K), 0.0056579 secs] [Times: user=0.03 sys=0.00, real=0.01 secs] 
2019-01-01T00:45:54.583+0900: 27801.109: [GC (Allocation Failure) [PSYoungGen: 58144K->1888K(58368K)] 339720K->283608K(377856K), 0.0064614 secs] [Times: user=0.05 sys=0.00, real=0.01 secs] 
2019-01-01T00:46:08.661+0900: 27815.188: [GC (Allocation Failure) [PSYoungGen: 58208K->1856K(58368K)] 339928K->283720K(377856K), 0.0055341 secs] [Times: user=0.03 sys=0.00, real=0.01 secs] 
2019-01-01T00:46:22.721+0900: 27829.247: [GC (Allocation Failure) [PSYoungGen: 58176K->1856K(58368K)] 340040K->283880K(377856K), 0.0051390 secs] [Times: user=0.04 sys=0.00, real=0.01 secs] 
2019-01-01T00:46:36.752+0900: 27843.278: [GC (Allocation Failure) [PSYoungGen: 58176K->1888K(58368K)] 340200K->284064K(377856K), 0.0050190 secs] [Times: user=0.03 sys=0.00, real=0.01 secs] 
2019-01-01T00:46:50.817+0900: 27857.344: [GC (Allocation Failure) [PSYoungGen: 58208K->1920K(58368K)] 340384K->284240K(377856K), 0.0056454 secs] [Times: user=0.04 sys=0.00, real=0.00 secs] 
2019-01-01T00:47:04.879+0900: 27871.406: [GC (Allocation Failure) [PSYoungGen: 58240K->1888K(58368K)] 340560K->284368K(377856K), 0.0055888 secs] [Times: user=0.03 sys=0.00, real=0.01 secs] 
2019-01-01T00:47:18.942+0900: 27885.468: [GC (Allocation Failure) [PSYoungGen: 58208K->1856K(58368K)] 340688K->284496K(377856K), 0.0057215 secs] [Times: user=0.04 sys=0.00, real=0.01 secs] 
2019-01-01T00:47:33.008+0900: 27899.535: [GC (Allocation Failure) [PSYoungGen: 58176K->1888K(58368K)] 340816K->284688K(377856K), 0.0053488 secs] [Times: user=0.03 sys=0.00, real=0.00 secs] 
2019-01-01T00:47:47.020+0900: 27913.547: [GC (Allocation Failure) [PSYoungGen: 58208K->1824K(58368K)] 341008K->284784K(377856K), 0.0056510 secs] [Times: user=0.04 sys=0.00, real=0.01 secs] 
2019-01-01T00:48:01.121+0900: 27927.648: [GC (Allocation Failure) [PSYoungGen: 58144K->1856K(58368K)] 341104K->284968K(377856K), 0.0059982 secs] [Times: user=0.03 sys=0.00, real=0.01 secs] 
2019-01-01T00:48:15.185+0900: 27941.711: [GC (Allocation Failure) [PSYoungGen: 58176K->1888K(58368K)] 341288K->285152K(377856K), 0.0047840 secs] [Times: user=0.04 sys=0.00, real=0.00 secs] 
2019-01-01T00:48:29.195+0900: 27955.721: [GC (Allocation Failure) [PSYoungGen: 58208K->1824K(58368K)] 341472K->285224K(377856K), 0.0056027 secs] [Times: user=0.03 sys=0.00, real=0.00 secs] 
2019-01-01T00:48:43.301+0900: 27969.828: [GC (Allocation Failure) [PSYoungGen: 58144K->1888K(58368K)] 341544K->285432K(377856K), 0.0053252 secs] [Times: user=0.04 sys=0.00, real=0.01 secs] 
2019-01-01T00:48:57.364+0900: 27983.891: [GC (Allocation Failure) [PSYoungGen: 58208K->1920K(58368K)] 341752K->285616K(377856K), 0.0059001 secs] [Times: user=0.04 sys=0.00, real=0.00 secs] 
2019-01-01T00:49:11.427+0900: 27997.954: [GC (Allocation Failure) [PSYoungGen: 58240K->1952K(58368K)] 341936K->285792K(377856K), 0.0057596 secs] [Times: user=0.04 sys=0.00, real=0.00 secs] 
2019-01-01T00:49:25.489+0900: 28012.015: [GC (Allocation Failure) [PSYoungGen: 58272K->1888K(58368K)] 342112K->285888K(377856K), 0.0054784 secs] [Times: user=0.04 sys=0.00, real=0.01 secs] 
2019-01-01T00:49:39.554+0900: 28026.081: [GC (Allocation Failure) [PSYoungGen: 58208K->1856K(58368K)] 342208K->286000K(377856K), 0.0055730 secs] [Times: user=0.04 sys=0.00, real=0.00 secs] 
2019-01-01T00:49:53.617+0900: 28040.143: [GC (Allocation Failure) [PSYoungGen: 58176K->1920K(58368K)] 342320K->286216K(377856K), 0.0055877 secs] [Times: user=0.04 sys=0.00, real=0.00 secs] 
2019-01-01T00:50:07.678+0900: 28054.205: [GC (Allocation Failure) [PSYoungGen: 58240K->1920K(58368K)] 342536K->286368K(377856K), 0.0054512 secs] [Times: user=0.04 sys=0.00, real=0.01 secs] 
2019-01-01T00:50:21.733+0900: 28068.260: [GC (Allocation Failure) [PSYoungGen: 58240K->1920K(58368K)] 342688K->286520K(377856K), 0.0055949 secs] [Times: user=0.04 sys=0.00, real=0.01 secs] 
2019-01-01T00:50:35.798+0900: 28082.325: [GC (Allocation Failure) [PSYoungGen: 58240K->1920K(58368K)] 342840K->286664K(377856K), 0.0057105 secs] [Times: user=0.04 sys=0.00, real=0.01 secs] 
2019-01-01T00:50:49.860+0900: 28096.387: [GC (Allocation Failure) [PSYoungGen: 58240K->1888K(58368K)] 342984K->286776K(377856K), 0.0054538 secs] [Times: user=0.04 sys=0.00, real=0.01 secs] 
2019-01-01T00:51:03.913+0900: 28110.440: [GC (Allocation Failure) [PSYoungGen: 58208K->1888K(58368K)] 343096K->286928K(377856K), 0.0054886 secs] [Times: user=0.04 sys=0.00, real=0.01 secs] 
2019-01-01T00:51:17.979+0900: 28124.506: [GC (Allocation Failure) [PSYoungGen: 58208K->1856K(58368K)] 343248K->287040K(377856K), 0.0056855 secs] [Times: user=0.04 sys=0.00, real=0.01 secs] 
2019-01-01T00:51:32.043+0900: 28138.570: [GC (Allocation Failure) [PSYoungGen: 58176K->1952K(58368K)] 343360K->287288K(377856K), 0.0054871 secs] [Times: user=0.04 sys=0.00, real=0.01 secs] 
2019-01-01T00:51:46.103+0900: 28152.630: [GC (Allocation Failure) [PSYoungGen: 58272K->1888K(58368K)] 343608K->287392K(377856K), 0.0056998 secs] [Times: user=0.04 sys=0.00, real=0.01 secs] 
2019-01-01T00:52:00.168+0900: 28166.695: [GC (Allocation Failure) [PSYoungGen: 58208K->1888K(58368K)] 343712K->287536K(377856K), 0.0060535 secs] [Times: user=0.04 sys=0.00, real=0.01 secs] 
2019-01-01T00:52:14.231+0900: 28180.758: [GC (Allocation Failure) [PSYoungGen: 58208K->1888K(58368K)] 343856K->287696K(377856K), 0.0050808 secs] [Times: user=0.04 sys=0.00, real=0.01 secs] 
2019-01-01T00:52:28.295+0900: 28194.822: [GC (Allocation Failure) [PSYoungGen: 58208K->1920K(58368K)] 344016K->287872K(377856K), 0.0051422 secs] [Times: user=0.04 sys=0.00, real=0.00 secs] 
2019-01-01T00:52:42.357+0900: 28208.884: [GC (Allocation Failure) [PSYoungGen: 58240K->1888K(58368K)] 344192K->288000K(377856K), 0.0053653 secs] [Times: user=0.04 sys=0.00, real=0.00 secs] 
2019-01-01T00:52:56.416+0900: 28222.943: [GC (Allocation Failure) [PSYoungGen: 58208K->1888K(58368K)] 344320K->288144K(377856K), 0.0053496 secs] [Times: user=0.03 sys=0.00, real=0.00 secs] 
2019-01-01T00:53:10.481+0900: 28237.008: [GC (Allocation Failure) [PSYoungGen: 58208K->1888K(58368K)] 344464K->288288K(377856K), 0.0055360 secs] [Times: user=0.03 sys=0.00, real=0.01 secs] 
2019-01-01T00:53:24.517+0900: 28251.043: [GC (Allocation Failure) [PSYoungGen: 58208K->1888K(58368K)] 344608K->288448K(377856K), 0.0053646 secs] [Times: user=0.04 sys=0.00, real=0.00 secs] 
2019-01-01T00:53:38.598+0900: 28265.124: [GC (Allocation Failure) [PSYoungGen: 58208K->1888K(58368K)] 344768K->288592K(377856K), 0.0057343 secs] [Times: user=0.04 sys=0.00, real=0.00 secs] 
2019-01-01T00:53:52.635+0900: 28279.162: [GC (Allocation Failure) [PSYoungGen: 58208K->1888K(58368K)] 344912K->288744K(377856K), 0.0065874 secs] [Times: user=0.06 sys=0.00, real=0.00 secs] 
2019-01-01T00:54:06.713+0900: 28293.240: [GC (Allocation Failure) [PSYoungGen: 58208K->1888K(58368K)] 345064K->288896K(377856K), 0.0054434 secs] [Times: user=0.04 sys=0.00, real=0.01 secs] 
2019-01-01T00:54:20.771+0900: 28307.298: [GC (Allocation Failure) [PSYoungGen: 58208K->1792K(58368K)] 345216K->288952K(377856K), 0.0054319 secs] [Times: user=0.04 sys=0.00, real=0.01 secs] 
2019-01-01T00:54:34.835+0900: 28321.361: [GC (Allocation Failure) [PSYoungGen: 58112K->1856K(58368K)] 345272K->289168K(377856K), 0.0051411 secs] [Times: user=0.04 sys=0.00, real=0.00 secs] 
2019-01-01T00:54:48.898+0900: 28335.424: [GC (Allocation Failure) [PSYoungGen: 58176K->1856K(58368K)] 345488K->289328K(377856K), 0.0057752 secs] [Times: user=0.04 sys=0.00, real=0.00 secs] 
2019-01-01T00:55:02.964+0900: 28349.491: [GC (Allocation Failure) [PSYoungGen: 58176K->1824K(58368K)] 345648K->289456K(377856K), 0.0063510 secs] [Times: user=0.04 sys=0.00, real=0.00 secs] 
2019-01-01T00:55:17.025+0900: 28363.552: [GC (Allocation Failure) [PSYoungGen: 58144K->1920K(58368K)] 345776K->289712K(377856K), 0.0055211 secs] [Times: user=0.04 sys=0.00, real=0.00 secs] 
2019-01-01T00:55:31.090+0900: 28377.617: [GC (Allocation Failure) [PSYoungGen: 58240K->1856K(58368K)] 346032K->289808K(377856K), 0.0052972 secs] [Times: user=0.04 sys=0.00, real=0.01 secs] 
2019-01-01T00:55:45.150+0900: 28391.677: [GC (Allocation Failure) [PSYoungGen: 58176K->1888K(58368K)] 346128K->289976K(377856K), 0.0057007 secs] [Times: user=0.04 sys=0.00, real=0.01 secs] 
2019-01-01T00:55:59.213+0900: 28405.740: [GC (Allocation Failure) [PSYoungGen: 58208K->1920K(58368K)] 346296K->290152K(377856K), 0.0064818 secs] [Times: user=0.04 sys=0.00, real=0.01 secs] 
2019-01-01T00:56:13.277+0900: 28419.804: [GC (Allocation Failure) [PSYoungGen: 58240K->1920K(58368K)] 346472K->290304K(377856K), 0.0057651 secs] [Times: user=0.03 sys=0.00, real=0.00 secs] 
2019-01-01T00:56:27.340+0900: 28433.867: [GC (Allocation Failure) [PSYoungGen: 58240K->1920K(58368K)] 346624K->290456K(377856K), 0.0050803 secs] [Times: user=0.03 sys=0.00, real=0.01 secs] 
2019-01-01T00:56:41.376+0900: 28447.903: [GC (Allocation Failure) [PSYoungGen: 58240K->1888K(58368K)] 346776K->290576K(377856K), 0.0059247 secs] [Times: user=0.04 sys=0.00, real=0.00 secs] 
2019-01-01T00:56:55.457+0900: 28461.984: [GC (Allocation Failure) [PSYoungGen: 58208K->1920K(58368K)] 346896K->290760K(377856K), 0.0059901 secs] [Times: user=0.04 sys=0.00, real=0.00 secs] 
2019-01-01T00:57:09.518+0900: 28476.045: [GC (Allocation Failure) [PSYoungGen: 58240K->1920K(58368K)] 347080K->290904K(377856K), 0.0052587 secs] [Times: user=0.04 sys=0.00, real=0.00 secs] 
2019-01-01T00:57:23.584+0900: 28490.111: [GC (Allocation Failure) [PSYoungGen: 58240K->1856K(58368K)] 347224K->290984K(377856K), 0.0065109 secs] [Times: user=0.04 sys=0.00, real=0.00 secs] 
2019-01-01T00:57:37.646+0900: 28504.172: [GC (Allocation Failure) [PSYoungGen: 58176K->1920K(58368K)] 347304K->291208K(377856K), 0.0057095 secs] [Times: user=0.04 sys=0.00, real=0.00 secs] 
2019-01-01T00:57:51.681+0900: 28518.208: [GC (Allocation Failure) [PSYoungGen: 58240K->1824K(58368K)] 347528K->291256K(377856K), 0.0056299 secs] [Times: user=0.04 sys=0.00, real=0.01 secs] 
2019-01-01T00:58:05.763+0900: 28532.290: [GC (Allocation Failure) [PSYoungGen: 58144K->1888K(58368K)] 347576K->291464K(377856K), 0.0057308 secs] [Times: user=0.04 sys=0.00, real=0.01 secs] 
2019-01-01T00:58:19.826+0900: 28546.353: [GC (Allocation Failure) [PSYoungGen: 58208K->1920K(58368K)] 347784K->291640K(377856K), 0.0057264 secs] [Times: user=0.04 sys=0.00, real=0.00 secs] 
2019-01-01T00:58:33.926+0900: 28560.452: [GC (Allocation Failure) [PSYoungGen: 58240K->1888K(58368K)] 347960K->291752K(377856K), 0.0057500 secs] [Times: user=0.04 sys=0.00, real=0.00 secs] 
2019-01-01T00:58:48.051+0900: 28574.577: [GC (Allocation Failure) [PSYoungGen: 58208K->1888K(58368K)] 348072K->291904K(377856K), 0.0051492 secs] [Times: user=0.03 sys=0.00, real=0.01 secs] 
2019-01-01T00:59:02.150+0900: 28588.677: [GC (Allocation Failure) [PSYoungGen: 58208K->1856K(58368K)] 348224K->292032K(377856K), 0.0053125 secs] [Times: user=0.03 sys=0.00, real=0.01 secs] 
2019-01-01T00:59:16.170+0900: 28602.697: [GC (Allocation Failure) [PSYoungGen: 58176K->1888K(58368K)] 348352K->292208K(377856K), 0.0058069 secs] [Times: user=0.04 sys=0.00, real=0.01 secs] 
2019-01-01T00:59:30.220+0900: 28616.746: [GC (Allocation Failure) [PSYoungGen: 58208K->1920K(58368K)] 348528K->292376K(377856K), 0.0060117 secs] [Times: user=0.03 sys=0.00, real=0.01 secs] 
2019-01-01T00:59:44.307+0900: 28630.834: [GC (Allocation Failure) [PSYoungGen: 58240K->1920K(58368K)] 348696K->292544K(377856K), 0.0054015 secs] [Times: user=0.04 sys=0.00, real=0.00 secs] 
2019-01-01T00:59:58.450+0900: 28644.977: [GC (Allocation Failure) [PSYoungGen: 58240K->1856K(58368K)] 348864K->292624K(377856K), 0.0055706 secs] [Times: user=0.04 sys=0.00, real=0.01 secs] 
2019-01-01T01:00:12.558+0900: 28659.084: [GC (Allocation Failure) [PSYoungGen: 58176K->1920K(58368K)] 348944K->292824K(377856K), 0.0061136 secs] [Times: user=0.04 sys=0.00, real=0.01 secs] 
2019-01-01T01:00:26.458+0900: 28672.985: [GC (Allocation Failure) [PSYoungGen: 58240K->1856K(58368K)] 349144K->292920K(377856K), 0.0058670 secs] [Times: user=0.04 sys=0.00, real=0.01 secs] 
2019-01-01T01:00:40.554+0900: 28687.080: [GC (Allocation Failure) [PSYoungGen: 58176K->1888K(58368K)] 349240K->293080K(377856K), 0.0050602 secs] [Times: user=0.04 sys=0.00, real=0.00 secs] 
2019-01-01T01:00:54.619+0900: 28701.146: [GC (Allocation Failure) [PSYoungGen: 58208K->1856K(58368K)] 349400K->293216K(377856K), 0.0051279 secs] [Times: user=0.03 sys=0.00, real=0.01 secs] 
2019-01-01T01:01:08.662+0900: 28715.189: [GC (Allocation Failure) [PSYoungGen: 58176K->1856K(58368K)] 349536K->293368K(377856K), 0.0055251 secs] [Times: user=0.04 sys=0.00, real=0.01 secs] 
2019-01-01T01:01:22.808+0900: 28729.335: [GC (Allocation Failure) [PSYoungGen: 58176K->1888K(58368K)] 349688K->293552K(377856K), 0.0058251 secs] [Times: user=0.04 sys=0.00, real=0.01 secs] 
2019-01-01T01:01:36.893+0900: 28743.420: [GC (Allocation Failure) [PSYoungGen: 58208K->1888K(58368K)] 349872K->293704K(377856K), 0.0050701 secs] [Times: user=0.03 sys=0.00, real=0.01 secs] 
2019-01-01T01:01:50.890+0900: 28757.417: [GC (Allocation Failure) [PSYoungGen: 58208K->1824K(58368K)] 350024K->293800K(377856K), 0.0055215 secs] [Times: user=0.04 sys=0.00, real=0.01 secs] 
2019-01-01T01:02:05.050+0900: 28771.577: [GC (Allocation Failure) [PSYoungGen: 58144K->1856K(58368K)] 350120K->294000K(377856K), 0.0055830 secs] [Times: user=0.04 sys=0.00, real=0.01 secs] 
2019-01-01T01:02:19.149+0900: 28785.676: [GC (Allocation Failure) [PSYoungGen: 58176K->1920K(58368K)] 350320K->294232K(377856K), 0.0060171 secs] [Times: user=0.04 sys=0.00, real=0.01 secs] 
2019-01-01T01:02:33.277+0900: 28799.803: [GC (Allocation Failure) [PSYoungGen: 58240K->1888K(58368K)] 350552K->294360K(377856K), 0.0056091 secs] [Times: user=0.03 sys=0.00, real=0.00 secs] 
2019-01-01T01:02:47.131+0900: 28813.658: [GC (Allocation Failure) [PSYoungGen: 58208K->2048K(58368K)] 350680K->294816K(377856K), 0.0056311 secs] [Times: user=0.04 sys=0.00, real=0.01 secs] 
2019-01-01T01:03:01.334+0900: 28827.861: [GC (Allocation Failure) [PSYoungGen: 58368K->2016K(58880K)] 351136K->295040K(378368K), 0.0055141 secs] [Times: user=0.04 sys=0.00, real=0.00 secs] 
2019-01-01T01:03:15.475+0900: 28842.002: [GC (Allocation Failure) [PSYoungGen: 58336K->2176K(58880K)] 351360K->295200K(378368K), 0.0052870 secs] [Times: user=0.04 sys=0.00, real=0.00 secs] 
2019-01-01T01:03:29.576+0900: 28856.103: [GC (Allocation Failure) [PSYoungGen: 58496K->2016K(58880K)] 351520K->295168K(378368K), 0.0054627 secs] [Times: user=0.04 sys=0.00, real=0.00 secs] 
2019-01-01T01:03:43.456+0900: 28869.983: [GC (Allocation Failure) [PSYoungGen: 58336K->2048K(58880K)] 351488K->295344K(378368K), 0.0051791 secs] [Times: user=0.04 sys=0.00, real=0.00 secs] 
2019-01-01T01:03:57.500+0900: 28884.027: [GC (Allocation Failure) [PSYoungGen: 58368K->1984K(58880K)] 351664K->295432K(378368K), 0.0060465 secs] [Times: user=0.04 sys=0.00, real=0.01 secs] 
2019-01-01T01:04:11.584+0900: 28898.110: [GC (Allocation Failure) [PSYoungGen: 58304K->2016K(58880K)] 351752K->295616K(378368K), 0.0056032 secs] [Times: user=0.04 sys=0.00, real=0.01 secs] 
2019-01-01T01:04:25.653+0900: 28912.180: [GC (Allocation Failure) [PSYoungGen: 58336K->1984K(58880K)] 351936K->295720K(378368K), 0.0052846 secs] [Times: user=0.03 sys=0.00, real=0.01 secs] 
2019-01-01T01:04:39.701+0900: 28926.228: [GC (Allocation Failure) [PSYoungGen: 58304K->1888K(58880K)] 352040K->295776K(378368K), 0.0053634 secs] [Times: user=0.03 sys=0.00, real=0.01 secs] 
2019-01-01T01:04:53.732+0900: 28940.259: [GC (Allocation Failure) [PSYoungGen: 58208K->1888K(58880K)] 352096K->295928K(378368K), 0.0054700 secs] [Times: user=0.03 sys=0.00, real=0.01 secs] 
2019-01-01T01:05:07.883+0900: 28954.410: [GC (Allocation Failure) [PSYoungGen: 58208K->1856K(58880K)] 352248K->296056K(378368K), 0.0056158 secs] [Times: user=0.03 sys=0.00, real=0.01 secs] 
2019-01-01T01:05:22.006+0900: 28968.533: [GC (Allocation Failure) [PSYoungGen: 58176K->1792K(58880K)] 352376K->296136K(378368K), 0.0057055 secs] [Times: user=0.04 sys=0.00, real=0.00 secs] 
2019-01-01T01:05:36.026+0900: 28982.553: [GC (Allocation Failure) [PSYoungGen: 58112K->1792K(58880K)] 352456K->296288K(378368K), 0.0056397 secs] [Times: user=0.04 sys=0.00, real=0.00 secs] 
2019-01-01T01:05:50.021+0900: 28996.547: [GC (Allocation Failure) [PSYoungGen: 58112K->1728K(58880K)] 352608K->296392K(378368K), 0.0051198 secs] [Times: user=0.03 sys=0.00, real=0.01 secs] 
2019-01-01T01:06:04.100+0900: 29010.627: [GC (Allocation Failure) [PSYoungGen: 58048K->1664K(58880K)] 352712K->296488K(378368K), 0.0051922 secs] [Times: user=0.03 sys=0.00, real=0.01 secs] 
2019-01-01T01:06:18.203+0900: 29024.730: [GC (Allocation Failure) [PSYoungGen: 57984K->1408K(58880K)] 352808K->296608K(378368K), 0.0065950 secs] [Times: user=0.04 sys=0.01, real=0.01 secs] 
2019-01-01T01:06:32.318+0900: 29038.845: [GC (Allocation Failure) [PSYoungGen: 57728K->1536K(58880K)] 352928K->296832K(378368K), 0.0047431 secs] [Times: user=0.02 sys=0.00, real=0.00 secs] 
2019-01-01T01:06:46.231+0900: 29052.758: [GC (Allocation Failure) [PSYoungGen: 57856K->1472K(58880K)] 353152K->296872K(378368K), 0.0047442 secs] [Times: user=0.03 sys=0.00, real=0.01 secs] 
2019-01-01T01:07:00.263+0900: 29066.790: [GC (Allocation Failure) [PSYoungGen: 57792K->1568K(58880K)] 353192K->297080K(378368K), 0.0052781 secs] [Times: user=0.03 sys=0.00, real=0.01 secs] 
2019-01-01T01:07:14.308+0900: 29080.835: [GC (Allocation Failure) [PSYoungGen: 57888K->1568K(58880K)] 353400K->297200K(378368K), 0.0045631 secs] [Times: user=0.03 sys=0.00, real=0.00 secs] 
2019-01-01T01:07:28.353+0900: 29094.880: [GC (Allocation Failure) [PSYoungGen: 57888K->1632K(58880K)] 353520K->297400K(378368K), 0.0047790 secs] [Times: user=0.04 sys=0.00, real=0.01 secs] 
2019-01-01T01:07:42.403+0900: 29108.930: [GC (Allocation Failure) [PSYoungGen: 57952K->1632K(58880K)] 353720K->297512K(378368K), 0.0054198 secs] [Times: user=0.04 sys=0.00, real=0.01 secs] 
2019-01-01T01:07:56.436+0900: 29122.963: [GC (Allocation Failure) [PSYoungGen: 57952K->1696K(58880K)] 353832K->297688K(378368K), 0.0051991 secs] [Times: user=0.04 sys=0.00, real=0.00 secs] 
2019-01-01T01:08:10.507+0900: 29137.034: [GC (Allocation Failure) [PSYoungGen: 58016K->1728K(58880K)] 354008K->297840K(378368K), 0.0053710 secs] [Times: user=0.04 sys=0.00, real=0.00 secs] 
2019-01-01T01:08:24.572+0900: 29151.099: [GC (Allocation Failure) [PSYoungGen: 58048K->1728K(58880K)] 354160K->297952K(378368K), 0.0053883 secs] [Times: user=0.04 sys=0.00, real=0.01 secs] 
2019-01-01T01:08:38.656+0900: 29165.183: [GC (Allocation Failure) [PSYoungGen: 58048K->1728K(58368K)] 354272K->298080K(377856K), 0.0050844 secs] [Times: user=0.04 sys=0.00, real=0.00 secs] 
2019-01-01T01:08:52.715+0900: 29179.241: [GC (Allocation Failure) [PSYoungGen: 58048K->1728K(58368K)] 354400K->298200K(377856K), 0.0051709 secs] [Times: user=0.03 sys=0.00, real=0.00 secs] 
2019-01-01T01:09:06.814+0900: 29193.341: [GC (Allocation Failure) [PSYoungGen: 58048K->1536K(57856K)] 354520K->298248K(377344K), 0.0054374 secs] [Times: user=0.04 sys=0.00, real=0.00 secs] 
2019-01-01T01:09:20.928+0900: 29207.455: [GC (Allocation Failure) [PSYoungGen: 57856K->1632K(58368K)] 354568K->298544K(377856K), 0.0051145 secs] [Times: user=0.04 sys=0.00, real=0.00 secs] 
2019-01-01T01:09:35.152+0900: 29221.678: [GC (Allocation Failure) [PSYoungGen: 57952K->1792K(58368K)] 354864K->298704K(377856K), 0.0053604 secs] [Times: user=0.04 sys=0.00, real=0.01 secs] 
2019-01-01T01:09:49.211+0900: 29235.738: [GC (Allocation Failure) [PSYoungGen: 58112K->1824K(58368K)] 355024K->298856K(377856K), 0.0054027 secs] [Times: user=0.03 sys=0.00, real=0.01 secs] 
2019-01-01T01:10:03.365+0900: 29249.892: [GC (Allocation Failure) [PSYoungGen: 58144K->1792K(58368K)] 355176K->298952K(377856K), 0.0050221 secs] [Times: user=0.03 sys=0.00, real=0.00 secs] 
2019-01-01T01:10:17.249+0900: 29263.776: [GC (Allocation Failure) [PSYoungGen: 58112K->1792K(58368K)] 355272K->299088K(377856K), 0.0065533 secs] [Times: user=0.04 sys=0.00, real=0.01 secs] 
2019-01-01T01:10:31.324+0900: 29277.851: [GC (Allocation Failure) [PSYoungGen: 58112K->1824K(58368K)] 355408K->299264K(377856K), 0.0050890 secs] [Times: user=0.04 sys=0.00, real=0.00 secs] 
2019-01-01T01:10:45.374+0900: 29291.901: [GC (Allocation Failure) [PSYoungGen: 58144K->1856K(58368K)] 355584K->299440K(377856K), 0.0057527 secs] [Times: user=0.04 sys=0.00, real=0.00 secs] 
2019-01-01T01:10:59.471+0900: 29305.997: [GC (Allocation Failure) [PSYoungGen: 58176K->1856K(58368K)] 355760K->299576K(377856K), 0.0055358 secs] [Times: user=0.04 sys=0.00, real=0.01 secs] 
2019-01-01T01:11:13.626+0900: 29320.152: [GC (Allocation Failure) [PSYoungGen: 58176K->1824K(58368K)] 355896K->299704K(377856K), 0.0054983 secs] [Times: user=0.04 sys=0.00, real=0.00 secs] 
2019-01-01T01:11:27.710+0900: 29334.236: [GC (Allocation Failure) [PSYoungGen: 58144K->1888K(58368K)] 356024K->299920K(377856K), 0.0053764 secs] [Times: user=0.03 sys=0.00, real=0.01 secs] 
2019-01-01T01:11:41.801+0900: 29348.328: [GC (Allocation Failure) [PSYoungGen: 58208K->1856K(58368K)] 356240K->300040K(377856K), 0.0051870 secs] [Times: user=0.03 sys=0.00, real=0.01 secs] 
2019-01-01T01:11:55.886+0900: 29362.413: [GC (Allocation Failure) [PSYoungGen: 58176K->1824K(58368K)] 356360K->300160K(377856K), 0.0053805 secs] [Times: user=0.04 sys=0.00, real=0.00 secs] 
2019-01-01T01:12:09.979+0900: 29376.506: [GC (Allocation Failure) [PSYoungGen: 58144K->1792K(58368K)] 356480K->300280K(377856K), 0.0057509 secs] [Times: user=0.04 sys=0.00, real=0.01 secs] 
2019-01-01T01:12:24.096+0900: 29390.623: [GC (Allocation Failure) [PSYoungGen: 58112K->1824K(58368K)] 356600K->300464K(377856K), 0.0054243 secs] [Times: user=0.04 sys=0.00, real=0.00 secs] 
2019-01-01T01:12:38.194+0900: 29404.720: [GC (Allocation Failure) [PSYoungGen: 58144K->1888K(58368K)] 356784K->300680K(377856K), 0.0057329 secs] [Times: user=0.04 sys=0.00, real=0.01 secs] 
2019-01-01T01:12:52.256+0900: 29418.782: [GC (Allocation Failure) [PSYoungGen: 58208K->1888K(58368K)] 357000K->300832K(377856K), 0.0055014 secs] [Times: user=0.03 sys=0.00, real=0.00 secs] 
2019-01-01T01:13:06.317+0900: 29432.844: [GC (Allocation Failure) [PSYoungGen: 58208K->1792K(58368K)] 357152K->300880K(377856K), 0.0060389 secs] [Times: user=0.04 sys=0.00, real=0.00 secs] 
2019-01-01T01:13:20.382+0900: 29446.909: [GC (Allocation Failure) [PSYoungGen: 58112K->1888K(58368K)] 357200K->301120K(377856K), 0.0051838 secs] [Times: user=0.04 sys=0.00, real=0.01 secs] 
2019-01-01T01:13:34.443+0900: 29460.969: [GC (Allocation Failure) [PSYoungGen: 58208K->1856K(58368K)] 357440K->301224K(377856K), 0.0050382 secs] [Times: user=0.03 sys=0.00, real=0.01 secs] 
2019-01-01T01:13:48.372+0900: 29474.899: [GC (Allocation Failure) [PSYoungGen: 58176K->1824K(58368K)] 357544K->301328K(377856K), 0.0054060 secs] [Times: user=0.03 sys=0.00, real=0.01 secs] 
2019-01-01T01:14:02.366+0900: 29488.893: [GC (Allocation Failure) [PSYoungGen: 58144K->1888K(58368K)] 357648K->301536K(377856K), 0.0055198 secs] [Times: user=0.04 sys=0.00, real=0.00 secs] 
2019-01-01T01:14:16.442+0900: 29502.969: [GC (Allocation Failure) [PSYoungGen: 58208K->1888K(58368K)] 357856K->301680K(377856K), 0.0054990 secs] [Times: user=0.03 sys=0.00, real=0.01 secs] 
2019-01-01T01:14:30.532+0900: 29517.059: [GC (Allocation Failure) [PSYoungGen: 58208K->1888K(58368K)] 358000K->301824K(377856K), 0.0055534 secs] [Times: user=0.04 sys=0.00, real=0.01 secs] 
2019-01-01T01:14:44.597+0900: 29531.123: [GC (Allocation Failure) [PSYoungGen: 58208K->1888K(58368K)] 358144K->301984K(377856K), 0.0056728 secs] [Times: user=0.04 sys=0.00, real=0.00 secs] 
2019-01-01T01:14:58.691+0900: 29545.218: [GC (Allocation Failure) [PSYoungGen: 58208K->1856K(58368K)] 358304K->302104K(377856K), 0.0053121 secs] [Times: user=0.04 sys=0.00, real=0.01 secs] 
2019-01-01T01:15:12.834+0900: 29559.361: [GC (Allocation Failure) [PSYoungGen: 58176K->1824K(58368K)] 358424K->302224K(377856K), 0.0054520 secs] [Times: user=0.04 sys=0.00, real=0.00 secs] 
2019-01-01T01:15:26.897+0900: 29573.424: [GC (Allocation Failure) [PSYoungGen: 58144K->1856K(58368K)] 358544K->302416K(377856K), 0.0055904 secs] [Times: user=0.04 sys=0.00, real=0.00 secs] 
2019-01-01T01:15:40.934+0900: 29587.461: [GC (Allocation Failure) [PSYoungGen: 58176K->1856K(58368K)] 358736K->302560K(377856K), 0.0060105 secs] [Times: user=0.04 sys=0.00, real=0.00 secs] 
2019-01-01T01:15:55.014+0900: 29601.541: [GC (Allocation Failure) [PSYoungGen: 58176K->1888K(58368K)] 358880K->302752K(377856K), 0.0054781 secs] [Times: user=0.04 sys=0.00, real=0.00 secs] 
2019-01-01T01:16:09.077+0900: 29615.604: [GC (Allocation Failure) [PSYoungGen: 58208K->1856K(58368K)] 359072K->302872K(377856K), 0.0053617 secs] [Times: user=0.03 sys=0.00, real=0.00 secs] 
2019-01-01T01:16:23.115+0900: 29629.641: [GC (Allocation Failure) [PSYoungGen: 58176K->1856K(58368K)] 359192K->302992K(377856K), 0.0056878 secs] [Times: user=0.04 sys=0.00, real=0.00 secs] 
2019-01-01T01:16:37.194+0900: 29643.721: [GC (Allocation Failure) [PSYoungGen: 58176K->1824K(58368K)] 359312K->303096K(377856K), 0.0059612 secs] [Times: user=0.04 sys=0.00, real=0.00 secs] 
2019-01-01T01:16:51.181+0900: 29657.708: [GC (Allocation Failure) [PSYoungGen: 58144K->1824K(58368K)] 359416K->303256K(377856K), 0.0053656 secs] [Times: user=0.04 sys=0.00, real=0.01 secs] 
2019-01-01T01:17:05.313+0900: 29671.840: [GC (Allocation Failure) [PSYoungGen: 58144K->1792K(58368K)] 359576K->303384K(377856K), 0.0051378 secs] [Times: user=0.04 sys=0.00, real=0.01 secs] 
2019-01-01T01:17:19.377+0900: 29685.903: [GC (Allocation Failure) [PSYoungGen: 58112K->1888K(58368K)] 359704K->303640K(377856K), 0.0058268 secs] [Times: user=0.03 sys=0.00, real=0.00 secs] 
2019-01-01T01:17:33.394+0900: 29699.920: [GC (Allocation Failure) [PSYoungGen: 58208K->1888K(58368K)] 359960K->303800K(377856K), 0.0052577 secs] [Times: user=0.04 sys=0.00, real=0.00 secs] 
2019-01-01T01:17:47.494+0900: 29714.021: [GC (Allocation Failure) [PSYoungGen: 58208K->1952K(58368K)] 360120K->304008K(377856K), 0.0051196 secs] [Times: user=0.04 sys=0.00, real=0.00 secs] 
2019-01-01T01:18:01.558+0900: 29728.085: [GC (Allocation Failure) [PSYoungGen: 58272K->1920K(58368K)] 360328K->304136K(377856K), 0.0053788 secs] [Times: user=0.04 sys=0.00, real=0.01 secs] 
2019-01-01T01:18:15.622+0900: 29742.148: [GC (Allocation Failure) [PSYoungGen: 58240K->1952K(58368K)] 360456K->304320K(377856K), 0.0051232 secs] [Times: user=0.04 sys=0.00, real=0.01 secs] 
2019-01-01T01:18:29.685+0900: 29756.212: [GC (Allocation Failure) [PSYoungGen: 58272K->1888K(58368K)] 360640K->304424K(377856K), 0.0057187 secs] [Times: user=0.04 sys=0.00, real=0.00 secs] 
2019-01-01T01:18:43.748+0900: 29770.275: [GC (Allocation Failure) [PSYoungGen: 58208K->1888K(58368K)] 360744K->304576K(377856K), 0.0049106 secs] [Times: user=0.04 sys=0.00, real=0.00 secs] 
2019-01-01T01:18:57.810+0900: 29784.337: [GC (Allocation Failure) [PSYoungGen: 58208K->1824K(58368K)] 360896K->304664K(377856K), 0.0053997 secs] [Times: user=0.04 sys=0.00, real=0.01 secs] 
2019-01-01T01:19:11.873+0900: 29798.400: [GC (Allocation Failure) [PSYoungGen: 58144K->1888K(58368K)] 360984K->304872K(377856K), 0.0054937 secs] [Times: user=0.03 sys=0.00, real=0.01 secs] 
2019-01-01T01:19:25.903+0900: 29812.430: [GC (Allocation Failure) [PSYoungGen: 58208K->1824K(58368K)] 361192K->304952K(377856K), 0.0065317 secs] [Times: user=0.04 sys=0.00, real=0.01 secs] 
2019-01-01T01:19:39.991+0900: 29826.518: [GC (Allocation Failure) [PSYoungGen: 58144K->1888K(58368K)] 361272K->305168K(377856K), 0.0057213 secs] [Times: user=0.03 sys=0.00, real=0.01 secs] 
2019-01-01T01:19:54.052+0900: 29840.578: [GC (Allocation Failure) [PSYoungGen: 58208K->1888K(58368K)] 361488K->305312K(377856K), 0.0057884 secs] [Times: user=0.04 sys=0.00, real=0.01 secs] 
2019-01-01T01:20:08.116+0900: 29854.642: [GC (Allocation Failure) [PSYoungGen: 58208K->1952K(58368K)] 361632K->305528K(377856K), 0.0062928 secs] [Times: user=0.05 sys=0.00, real=0.00 secs] 
2019-01-01T01:20:22.178+0900: 29868.705: [GC (Allocation Failure) [PSYoungGen: 58272K->1888K(58368K)] 361848K->305616K(377856K), 0.0058337 secs] [Times: user=0.04 sys=0.00, real=0.01 secs] 
2019-01-01T01:20:36.242+0900: 29882.769: [GC (Allocation Failure) [PSYoungGen: 58208K->1888K(58368K)] 361936K->305768K(377856K), 0.0054606 secs] [Times: user=0.04 sys=0.00, real=0.01 secs] 
2019-01-01T01:20:50.305+0900: 29896.832: [GC (Allocation Failure) [PSYoungGen: 58208K->1920K(58368K)] 362088K->305952K(377856K), 0.0065658 secs] [Times: user=0.04 sys=0.00, real=0.00 secs] 
2019-01-01T01:21:04.370+0900: 29910.897: [GC (Allocation Failure) [PSYoungGen: 58240K->1856K(58368K)] 362272K->306040K(377856K), 0.0053292 secs] [Times: user=0.05 sys=0.00, real=0.01 secs] 
2019-01-01T01:21:18.401+0900: 29924.928: [GC (Allocation Failure) [PSYoungGen: 58176K->1856K(58368K)] 362360K->306208K(377856K), 0.0052471 secs] [Times: user=0.04 sys=0.00, real=0.01 secs] 
2019-01-01T01:21:32.490+0900: 29939.016: [GC (Allocation Failure) [PSYoungGen: 58176K->1856K(58368K)] 362528K->306376K(377856K), 0.0052683 secs] [Times: user=0.04 sys=0.00, real=0.01 secs] 
2019-01-01T01:21:46.555+0900: 29953.082: [GC (Allocation Failure) [PSYoungGen: 58176K->1824K(58368K)] 362696K->306496K(377856K), 0.0056058 secs] [Times: user=0.04 sys=0.00, real=0.00 secs] 
2019-01-01T01:22:00.670+0900: 29967.196: [GC (Allocation Failure) [PSYoungGen: 58144K->1824K(58368K)] 362816K->306664K(377856K), 0.0051263 secs] [Times: user=0.04 sys=0.00, real=0.01 secs] 
2019-01-01T01:22:14.868+0900: 29981.395: [GC (Allocation Failure) [PSYoungGen: 58144K->1824K(58368K)] 362984K->306824K(377856K), 0.0054426 secs] [Times: user=0.04 sys=0.00, real=0.01 secs] 
2019-01-01T01:22:28.819+0900: 29995.345: [GC (Allocation Failure) [PSYoungGen: 58144K->1824K(58368K)] 363144K->306968K(377856K), 0.0050923 secs] [Times: user=0.03 sys=0.00, real=0.01 secs] 
2019-01-01T01:22:42.884+0900: 30009.411: [GC (Allocation Failure) [PSYoungGen: 58144K->1856K(58368K)] 363288K->307136K(377856K), 0.0063404 secs] [Times: user=0.03 sys=0.01, real=0.00 secs] 
2019-01-01T01:22:56.953+0900: 30023.480: [GC (Allocation Failure) [PSYoungGen: 58176K->1856K(58368K)] 363456K->307288K(377856K), 0.0063954 secs] [Times: user=0.04 sys=0.00, real=0.01 secs] 
2019-01-01T01:23:11.112+0900: 30037.639: [GC (Allocation Failure) [PSYoungGen: 58176K->1888K(58368K)] 363608K->307456K(377856K), 0.0054089 secs] [Times: user=0.03 sys=0.00, real=0.01 secs] 
2019-01-01T01:23:25.285+0900: 30051.812: [GC (Allocation Failure) [PSYoungGen: 58208K->1888K(58368K)] 363776K->307600K(377856K), 0.0056556 secs] [Times: user=0.04 sys=0.00, real=0.00 secs] 
2019-01-01T01:23:39.394+0900: 30065.921: [GC (Allocation Failure) [PSYoungGen: 58208K->1920K(58368K)] 363920K->307784K(377856K), 0.0064203 secs] [Times: user=0.04 sys=0.00, real=0.00 secs] 
2019-01-01T01:23:53.448+0900: 30079.974: [GC (Allocation Failure) [PSYoungGen: 58240K->1856K(58368K)] 364104K->307880K(377856K), 0.0054987 secs] [Times: user=0.04 sys=0.00, real=0.00 secs] 
2019-01-01T01:24:07.507+0900: 30094.033: [GC (Allocation Failure) [PSYoungGen: 58176K->1920K(58368K)] 364200K->308104K(377856K), 0.0055222 secs] [Times: user=0.04 sys=0.00, real=0.00 secs] 
2019-01-01T01:24:21.559+0900: 30108.086: [GC (Allocation Failure) [PSYoungGen: 58240K->1888K(58368K)] 364424K->308224K(377856K), 0.0058275 secs] [Times: user=0.04 sys=0.00, real=0.01 secs] 
2019-01-01T01:24:35.641+0900: 30122.168: [GC (Allocation Failure) [PSYoungGen: 58208K->1856K(58368K)] 364544K->308336K(377856K), 0.0058534 secs] [Times: user=0.04 sys=0.00, real=0.01 secs] 
2019-01-01T01:24:49.706+0900: 30136.233: [GC (Allocation Failure) [PSYoungGen: 58176K->1888K(58368K)] 364656K->308528K(377856K), 0.0062572 secs] [Times: user=0.04 sys=0.00, real=0.00 secs] 
2019-01-01T01:25:03.809+0900: 30150.335: [GC (Allocation Failure) [PSYoungGen: 58208K->1888K(58368K)] 364848K->308688K(377856K), 0.0056088 secs] [Times: user=0.04 sys=0.00, real=0.01 secs] 
2019-01-01T01:25:17.688+0900: 30164.214: [GC (Allocation Failure) [PSYoungGen: 58208K->1920K(58368K)] 365008K->308872K(377856K), 0.0062212 secs] [Times: user=0.04 sys=0.00, real=0.01 secs] 
2019-01-01T01:25:31.857+0900: 30178.384: [GC (Allocation Failure) [PSYoungGen: 58240K->1856K(58368K)] 365192K->308968K(377856K), 0.0055258 secs] [Times: user=0.04 sys=0.00, real=0.00 secs] 
2019-01-01T01:25:45.889+0900: 30192.416: [GC (Allocation Failure) [PSYoungGen: 58176K->1888K(58368K)] 365288K->309152K(377856K), 0.0046135 secs] [Times: user=0.03 sys=0.00, real=0.01 secs] 
2019-01-01T01:25:59.924+0900: 30206.450: [GC (Allocation Failure) [PSYoungGen: 58208K->1824K(58368K)] 365472K->309240K(377856K), 0.0067583 secs] [Times: user=0.04 sys=0.00, real=0.01 secs] 
2019-01-01T01:26:13.835+0900: 30220.362: [GC (Allocation Failure) [PSYoungGen: 58144K->1856K(58368K)] 365560K->309432K(377856K), 0.0053928 secs] [Times: user=0.04 sys=0.00, real=0.00 secs] 
2019-01-01T01:26:27.848+0900: 30234.375: [GC (Allocation Failure) [PSYoungGen: 58176K->1824K(58368K)] 365752K->309560K(377856K), 0.0057371 secs] [Times: user=0.04 sys=0.00, real=0.01 secs] 
2019-01-01T01:26:41.923+0900: 30248.449: [GC (Allocation Failure) [PSYoungGen: 58144K->1792K(58368K)] 365880K->309664K(377856K), 0.0059913 secs] [Times: user=0.04 sys=0.00, real=0.01 secs] 
2019-01-01T01:26:55.973+0900: 30262.499: [GC (Allocation Failure) [PSYoungGen: 58112K->1824K(58368K)] 365984K->309856K(377856K), 0.0051402 secs] [Times: user=0.04 sys=0.00, real=0.01 secs] 
2019-01-01T01:27:10.170+0900: 30276.697: [GC (Allocation Failure) [PSYoungGen: 58144K->1856K(58368K)] 366176K->310048K(377856K), 0.0054614 secs] [Times: user=0.04 sys=0.00, real=0.01 secs] 
2019-01-01T01:27:24.271+0900: 30290.798: [GC (Allocation Failure) [PSYoungGen: 58176K->1888K(58368K)] 366368K->310216K(377856K), 0.0053556 secs] [Times: user=0.03 sys=0.00, real=0.01 secs] 
2019-01-01T01:27:38.312+0900: 30304.838: [GC (Allocation Failure) [PSYoungGen: 58208K->1856K(58368K)] 366536K->310328K(377856K), 0.0053470 secs] [Times: user=0.04 sys=0.00, real=0.01 secs] 
2019-01-01T01:27:52.344+0900: 30318.871: [GC (Allocation Failure) [PSYoungGen: 58176K->1856K(58368K)] 366648K->310488K(377856K), 0.0060822 secs] [Times: user=0.04 sys=0.00, real=0.00 secs] 
2019-01-01T01:28:06.376+0900: 30332.902: [GC (Allocation Failure) [PSYoungGen: 58176K->1888K(58368K)] 366808K->310672K(377856K), 0.0051604 secs] [Times: user=0.03 sys=0.00, real=0.00 secs] 
2019-01-01T01:28:20.474+0900: 30347.000: [GC (Allocation Failure) [PSYoungGen: 58208K->1856K(58368K)] 366992K->310792K(377856K), 0.0056879 secs] [Times: user=0.04 sys=0.00, real=0.01 secs] 
2019-01-01T01:28:34.578+0900: 30361.105: [GC (Allocation Failure) [PSYoungGen: 58176K->1856K(58368K)] 367112K->310944K(377856K), 0.0056671 secs] [Times: user=0.04 sys=0.00, real=0.00 secs] 
2019-01-01T01:28:48.578+0900: 30375.105: [GC (Allocation Failure) [PSYoungGen: 58176K->1856K(58368K)] 367264K->311104K(377856K), 0.0050343 secs] [Times: user=0.04 sys=0.00, real=0.00 secs] 
2019-01-01T01:29:02.609+0900: 30389.136: [GC (Allocation Failure) [PSYoungGen: 58176K->1856K(58368K)] 367424K->311256K(377856K), 0.0076174 secs] [Times: user=0.06 sys=0.01, real=0.01 secs] 
2019-01-01T01:29:16.688+0900: 30403.215: [GC (Allocation Failure) [PSYoungGen: 58176K->1888K(58368K)] 367576K->311440K(377856K), 0.0059721 secs] [Times: user=0.03 sys=0.00, real=0.01 secs] 
2019-01-01T01:29:30.759+0900: 30417.286: [GC (Allocation Failure) [PSYoungGen: 58208K->1888K(58368K)] 367760K->311600K(377856K), 0.0063092 secs] [Times: user=0.04 sys=0.00, real=0.01 secs] 
2019-01-01T01:29:44.846+0900: 30431.373: [GC (Allocation Failure) [PSYoungGen: 58208K->1856K(58368K)] 367920K->311696K(377856K), 0.0053733 secs] [Times: user=0.04 sys=0.00, real=0.00 secs] 
2019-01-01T01:29:58.703+0900: 30445.230: [GC (Allocation Failure) [PSYoungGen: 58176K->1888K(58368K)] 368016K->311888K(377856K), 0.0055104 secs] [Times: user=0.04 sys=0.00, real=0.01 secs] 
2019-01-01T01:30:12.857+0900: 30459.384: [GC (Allocation Failure) [PSYoungGen: 58208K->1888K(58368K)] 368208K->312032K(377856K), 0.0052829 secs] [Times: user=0.03 sys=0.00, real=0.00 secs] 
2019-01-01T01:30:26.872+0900: 30473.398: [GC (Allocation Failure) [PSYoungGen: 58208K->1920K(58368K)] 368352K->312208K(377856K), 0.0058725 secs] [Times: user=0.04 sys=0.00, real=0.01 secs] 
2019-01-01T01:30:40.946+0900: 30487.473: [GC (Allocation Failure) [PSYoungGen: 58240K->1888K(58368K)] 368528K->312344K(377856K), 0.0053718 secs] [Times: user=0.03 sys=0.00, real=0.00 secs] 
2019-01-01T01:30:55.032+0900: 30501.558: [GC (Allocation Failure) [PSYoungGen: 58208K->1888K(58368K)] 368664K->312504K(377856K), 0.0051908 secs] [Times: user=0.04 sys=0.00, real=0.01 secs] 
2019-01-01T01:31:09.113+0900: 30515.640: [GC (Allocation Failure) [PSYoungGen: 58208K->1824K(58368K)] 368824K->312592K(377856K), 0.0058990 secs] [Times: user=0.03 sys=0.00, real=0.01 secs] 
2019-01-01T01:31:23.213+0900: 30529.740: [GC (Allocation Failure) [PSYoungGen: 58144K->1888K(58368K)] 368912K->312808K(377856K), 0.0055751 secs] [Times: user=0.04 sys=0.00, real=0.01 secs] 
2019-01-01T01:31:37.412+0900: 30543.939: [GC (Allocation Failure) [PSYoungGen: 58208K->1856K(58368K)] 369128K->312920K(377856K), 0.0053638 secs] [Times: user=0.04 sys=0.00, real=0.01 secs] 
2019-01-01T01:31:51.475+0900: 30558.002: [GC (Allocation Failure) [PSYoungGen: 58176K->1856K(58368K)] 369240K->313064K(377856K), 0.0054703 secs] [Times: user=0.04 sys=0.00, real=0.00 secs] 
2019-01-01T01:32:05.632+0900: 30572.159: [GC (Allocation Failure) [PSYoungGen: 58176K->1888K(58368K)] 369384K->313264K(377856K), 0.0073273 secs] [Times: user=0.05 sys=0.01, real=0.01 secs] 
2019-01-01T01:32:19.714+0900: 30586.240: [GC (Allocation Failure) [PSYoungGen: 58208K->1888K(58368K)] 369584K->313416K(377856K), 0.0056355 secs] [Times: user=0.04 sys=0.00, real=0.01 secs] 
2019-01-01T01:32:33.911+0900: 30600.438: [GC (Allocation Failure) [PSYoungGen: 58208K->1856K(58368K)] 369736K->313544K(377856K), 0.0055664 secs] [Times: user=0.04 sys=0.00, real=0.01 secs] 
2019-01-01T01:32:47.979+0900: 30614.506: [GC (Allocation Failure) [PSYoungGen: 58176K->1856K(58368K)] 369864K->313688K(377856K), 0.0069407 secs] [Times: user=0.04 sys=0.00, real=0.01 secs] 
2019-01-01T01:33:02.199+0900: 30628.725: [GC (Allocation Failure) [PSYoungGen: 58176K->1824K(58368K)] 370008K->313792K(377856K), 0.0057819 secs] [Times: user=0.04 sys=0.00, real=0.01 secs] 
2019-01-01T01:33:16.228+0900: 30642.755: [GC (Allocation Failure) [PSYoungGen: 58144K->1888K(58368K)] 370112K->314008K(377856K), 0.0058253 secs] [Times: user=0.03 sys=0.00, real=0.01 secs] 
2019-01-01T01:33:30.286+0900: 30656.813: [GC (Allocation Failure) [PSYoungGen: 58208K->1856K(58368K)] 370328K->314120K(377856K), 0.0055599 secs] [Times: user=0.04 sys=0.00, real=0.00 secs] 
2019-01-01T01:33:44.123+0900: 30670.650: [GC (Allocation Failure) [PSYoungGen: 58176K->1824K(58368K)] 370440K->314232K(377856K), 0.0058384 secs] [Times: user=0.04 sys=0.00, real=0.01 secs] 
2019-01-01T01:33:58.157+0900: 30684.684: [GC (Allocation Failure) [PSYoungGen: 58144K->1888K(58368K)] 370552K->314448K(377856K), 0.0057337 secs] [Times: user=0.04 sys=0.00, real=0.00 secs] 
2019-01-01T01:34:12.197+0900: 30698.723: [GC (Allocation Failure) [PSYoungGen: 58208K->1856K(58368K)] 370768K->314568K(377856K), 0.0058094 secs] [Times: user=0.04 sys=0.00, real=0.00 secs] 
2019-01-01T01:34:26.293+0900: 30712.819: [GC (Allocation Failure) [PSYoungGen: 58176K->1824K(58368K)] 370888K->314688K(377856K), 0.0063815 secs] [Times: user=0.04 sys=0.00, real=0.01 secs] 
2019-01-01T01:34:40.363+0900: 30726.890: [GC (Allocation Failure) [PSYoungGen: 58144K->1824K(58368K)] 371008K->314824K(377856K), 0.0051725 secs] [Times: user=0.04 sys=0.00, real=0.01 secs] 
2019-01-01T01:34:54.452+0900: 30740.978: [GC (Allocation Failure) [PSYoungGen: 58144K->1856K(58368K)] 371144K->315016K(377856K), 0.0059353 secs] [Times: user=0.04 sys=0.00, real=0.01 secs] 
2019-01-01T01:35:08.510+0900: 30755.037: [GC (Allocation Failure) [PSYoungGen: 58176K->1888K(58368K)] 371336K->315200K(377856K), 0.0058299 secs] [Times: user=0.04 sys=0.00, real=0.01 secs] 
2019-01-01T01:35:22.666+0900: 30769.193: [GC (Allocation Failure) [PSYoungGen: 58208K->1888K(58368K)] 371520K->315344K(377856K), 0.0072344 secs] [Times: user=0.06 sys=0.00, real=0.00 secs] 
2019-01-01T01:35:36.525+0900: 30783.052: [GC (Allocation Failure) [PSYoungGen: 58208K->1792K(58368K)] 371664K->315400K(377856K), 0.0054766 secs] [Times: user=0.04 sys=0.00, real=0.00 secs] 
2019-01-01T01:35:50.532+0900: 30797.059: [GC (Allocation Failure) [PSYoungGen: 58112K->1888K(58368K)] 371720K->315640K(377856K), 0.0053144 secs] [Times: user=0.04 sys=0.00, real=0.01 secs] 
2019-01-01T01:36:04.624+0900: 30811.151: [GC (Allocation Failure) [PSYoungGen: 58208K->1824K(58368K)] 371960K->315720K(377856K), 0.0054284 secs] [Times: user=0.04 sys=0.00, real=0.00 secs] 
2019-01-01T01:36:18.685+0900: 30825.212: [GC (Allocation Failure) [PSYoungGen: 58144K->1824K(58368K)] 372040K->315872K(377856K), 0.0049222 secs] [Times: user=0.04 sys=0.00, real=0.00 secs] 
2019-01-01T01:36:32.773+0900: 30839.299: [GC (Allocation Failure) [PSYoungGen: 58144K->1888K(58368K)] 372192K->316088K(377856K), 0.0055339 secs] [Times: user=0.05 sys=0.00, real=0.01 secs] 
2019-01-01T01:36:46.807+0900: 30853.333: [GC (Allocation Failure) [PSYoungGen: 58208K->1856K(58368K)] 372408K->316216K(377856K), 0.0051271 secs] [Times: user=0.03 sys=0.00, real=0.00 secs] 
2019-01-01T01:37:00.908+0900: 30867.434: [GC (Allocation Failure) [PSYoungGen: 58176K->1888K(58368K)] 372536K->316392K(377856K), 0.0053634 secs] [Times: user=0.04 sys=0.00, real=0.00 secs] 
2019-01-01T01:37:14.981+0900: 30881.508: [GC (Allocation Failure) [PSYoungGen: 58208K->1824K(58368K)] 372712K->316496K(377856K), 0.0053478 secs] [Times: user=0.03 sys=0.00, real=0.01 secs] 
2019-01-01T01:37:29.076+0900: 30895.603: [GC (Allocation Failure) [PSYoungGen: 58144K->1888K(58368K)] 372816K->316712K(377856K), 0.0056784 secs] [Times: user=0.04 sys=0.00, real=0.00 secs] 
2019-01-01T01:37:43.079+0900: 30909.606: [GC (Allocation Failure) [PSYoungGen: 58208K->1856K(58368K)] 373032K->316824K(377856K), 0.0054553 secs] [Times: user=0.04 sys=0.00, real=0.01 secs] 
2019-01-01T01:37:57.201+0900: 30923.727: [GC (Allocation Failure) [PSYoungGen: 58176K->1888K(58368K)] 373144K->317016K(377856K), 0.0059073 secs] [Times: user=0.04 sys=0.00, real=0.01 secs] 
2019-01-01T01:38:11.293+0900: 30937.820: [GC (Allocation Failure) [PSYoungGen: 58208K->1888K(58368K)] 373336K->317176K(377856K), 0.0055980 secs] [Times: user=0.04 sys=0.00, real=0.01 secs] 
2019-01-01T01:38:25.414+0900: 30951.941: [GC (Allocation Failure) [PSYoungGen: 58208K->1856K(58368K)] 373496K->317304K(377856K), 0.0072748 secs] [Times: user=0.04 sys=0.00, real=0.00 secs] 
2019-01-01T01:38:39.571+0900: 30966.097: [GC (Allocation Failure) [PSYoungGen: 58176K->1856K(58368K)] 373624K->317448K(377856K), 0.0057734 secs] [Times: user=0.04 sys=0.00, real=0.01 secs] 
2019-01-01T01:38:53.630+0900: 30980.156: [GC (Allocation Failure) [PSYoungGen: 58176K->1888K(58368K)] 373768K->317624K(377856K), 0.0066337 secs] [Times: user=0.05 sys=0.00, real=0.01 secs] 
2019-01-01T01:39:07.695+0900: 30994.222: [GC (Allocation Failure) [PSYoungGen: 58208K->1856K(58368K)] 373944K->317720K(377856K), 0.0057605 secs] [Times: user=0.04 sys=0.00, real=0.00 secs] 
2019-01-01T01:39:21.753+0900: 31008.280: [GC (Allocation Failure) [PSYoungGen: 58176K->1888K(58368K)] 374040K->317888K(377856K), 0.0059576 secs] [Times: user=0.04 sys=0.00, real=0.01 secs] 
2019-01-01T01:39:35.686+0900: 31022.213: [GC (Allocation Failure) [PSYoungGen: 58208K->1920K(58368K)] 374208K->318072K(377856K), 0.0063751 secs] [Times: user=0.04 sys=0.00, real=0.00 secs] 
2019-01-01T01:39:49.726+0900: 31036.253: [GC (Allocation Failure) [PSYoungGen: 58240K->1888K(58368K)] 374392K->318176K(377856K), 0.0059845 secs] [Times: user=0.04 sys=0.00, real=0.00 secs] 
2019-01-01T01:40:03.797+0900: 31050.324: [GC (Allocation Failure) [PSYoungGen: 58208K->1856K(58368K)] 374496K->318296K(377856K), 0.0054350 secs] [Times: user=0.03 sys=0.00, real=0.00 secs] 
2019-01-01T01:40:17.885+0900: 31064.411: [GC (Allocation Failure) [PSYoungGen: 58176K->1856K(58368K)] 374616K->318424K(377856K), 0.0066892 secs] [Times: user=0.04 sys=0.00, real=0.00 secs] 
2019-01-01T01:40:31.948+0900: 31078.475: [GC (Allocation Failure) [PSYoungGen: 58176K->1888K(58368K)] 374744K->318624K(377856K), 0.0058785 secs] [Times: user=0.04 sys=0.00, real=0.01 secs] 
2019-01-01T01:40:46.008+0900: 31092.535: [GC (Allocation Failure) [PSYoungGen: 58208K->1920K(58368K)] 374944K->318808K(377856K), 0.0057696 secs] [Times: user=0.04 sys=0.00, real=0.01 secs] 
2019-01-01T01:41:00.151+0900: 31106.678: [GC (Allocation Failure) [PSYoungGen: 58240K->1888K(58368K)] 375128K->318936K(377856K), 0.0056642 secs] [Times: user=0.04 sys=0.00, real=0.01 secs] 
2019-01-01T01:41:14.215+0900: 31120.742: [GC (Allocation Failure) [PSYoungGen: 58208K->1888K(58368K)] 375256K->319088K(377856K), 0.0053103 secs] [Times: user=0.04 sys=0.00, real=0.00 secs] 
2019-01-01T01:41:28.258+0900: 31134.785: [GC (Allocation Failure) [PSYoungGen: 58208K->1856K(58368K)] 375408K->319216K(377856K), 0.0056189 secs] [Times: user=0.04 sys=0.00, real=0.01 secs] 
2019-01-01T01:41:42.333+0900: 31148.860: [GC (Allocation Failure) [PSYoungGen: 58176K->1888K(58368K)] 375536K->319400K(377856K), 0.0058658 secs] [Times: user=0.04 sys=0.00, real=0.01 secs] 
2019-01-01T01:41:56.364+0900: 31162.891: [GC (Allocation Failure) [PSYoungGen: 58208K->1856K(58368K)] 375720K->319520K(377856K), 0.0065417 secs] [Times: user=0.04 sys=0.00, real=0.00 secs] 
2019-01-01T01:42:10.365+0900: 31176.892: [GC (Allocation Failure) [PSYoungGen: 58176K->1920K(58368K)] 375840K->319728K(377856K), 0.0056101 secs] [Times: user=0.03 sys=0.00, real=0.00 secs] 
2019-01-01T01:42:24.503+0900: 31191.029: [GC (Allocation Failure) [PSYoungGen: 58240K->1888K(58368K)] 376048K->319848K(377856K), 0.0057433 secs] [Times: user=0.04 sys=0.00, real=0.01 secs] 
2019-01-01T01:42:38.566+0900: 31205.093: [GC (Allocation Failure) [PSYoungGen: 58208K->1920K(58368K)] 376168K->320048K(377856K), 0.0051083 secs] [Times: user=0.04 sys=0.00, real=0.00 secs] 
2019-01-01T01:42:52.563+0900: 31219.090: [GC (Allocation Failure) [PSYoungGen: 58240K->1856K(58368K)] 376368K->320136K(377856K), 0.0045875 secs] [Times: user=0.03 sys=0.00, real=0.01 secs] 
2019-01-01T01:43:06.525+0900: 31233.051: [GC (Allocation Failure) [PSYoungGen: 58176K->1888K(58368K)] 376456K->320328K(377856K), 0.0056851 secs] [Times: user=0.04 sys=0.01, real=0.00 secs] 
2019-01-01T01:43:20.542+0900: 31247.069: [GC (Allocation Failure) [PSYoungGen: 58208K->1856K(58368K)] 376648K->320464K(377856K), 0.0052908 secs] [Times: user=0.04 sys=0.00, real=0.01 secs] 
2019-01-01T01:43:34.717+0900: 31261.244: [GC (Allocation Failure) [PSYoungGen: 58176K->1888K(58368K)] 376784K->320656K(377856K), 0.0058118 secs] [Times: user=0.04 sys=0.00, real=0.00 secs] 
2019-01-01T01:43:48.699+0900: 31275.225: [GC (Allocation Failure) [PSYoungGen: 58208K->1888K(58368K)] 376976K->320816K(377856K), 0.0053203 secs] [Times: user=0.03 sys=0.00, real=0.01 secs] 
2019-01-01T01:44:02.747+0900: 31289.274: [GC (Allocation Failure) [PSYoungGen: 58208K->1856K(58368K)] 377136K->320936K(377856K), 0.0061471 secs] [Times: user=0.04 sys=0.00, real=0.00 secs] 
2019-01-01T01:44:16.855+0900: 31303.381: [GC (Allocation Failure) [PSYoungGen: 58176K->1888K(58368K)] 377256K->321104K(377856K), 0.0055714 secs] [Times: user=0.03 sys=0.00, real=0.00 secs] 
2019-01-01T01:44:31.004+0900: 31317.530: [GC (Allocation Failure) [PSYoungGen: 58208K->1952K(58368K)] 377424K->321320K(377856K), 0.0055563 secs] [Times: user=0.04 sys=0.00, real=0.00 secs] 
2019-01-01T01:44:31.009+0900: 31317.536: [Full GC (Ergonomics) [PSYoungGen: 1952K->0K(58368K)] [ParOldGen: 319368K->12164K(501248K)] 321320K->12164K(559616K), [Metaspace: 46509K->46316K(1089536K)], 0.1924549 secs] [Times: user=1.33 sys=0.00, real=0.19 secs] 
2019-01-01T01:44:45.244+0900: 31331.771: [GC (Allocation Failure) [PSYoungGen: 56320K->352K(57856K)] 68484K->12516K(559104K), 0.0026351 secs] [Times: user=0.01 sys=0.00, real=0.00 secs] 
2019-01-01T01:44:59.137+0900: 31345.663: [GC (Allocation Failure) [PSYoungGen: 56160K->512K(58368K)] 68324K->12676K(559616K), 0.0030457 secs] [Times: user=0.01 sys=0.01, real=0.00 secs] 
2019-01-01T01:45:13.078+0900: 31359.605: [GC (Allocation Failure) [PSYoungGen: 56320K->608K(58880K)] 68484K->12772K(560128K), 0.0030965 secs] [Times: user=0.02 sys=0.00, real=0.00 secs] 
2019-01-01T01:45:27.159+0900: 31373.686: [GC (Allocation Failure) [PSYoungGen: 56928K->704K(58880K)] 69092K->12868K(560128K), 0.0034086 secs] [Times: user=0.01 sys=0.00, real=0.00 secs] 
2019-01-01T01:45:41.254+0900: 31387.780: [GC (Allocation Failure) [PSYoungGen: 57024K->896K(59392K)] 69188K->13060K(560640K), 0.0026900 secs] [Times: user=0.01 sys=0.00, real=0.01 secs] 
2019-01-01T01:45:55.434+0900: 31401.960: [GC (Allocation Failure) [PSYoungGen: 57728K->928K(59392K)] 69892K->13092K(560640K), 0.0030855 secs] [Times: user=0.01 sys=0.01, real=0.01 secs] 
2019-01-01T01:46:09.586+0900: 31416.113: [GC (Allocation Failure) [PSYoungGen: 57760K->1088K(59904K)] 69924K->13252K(561152K), 0.0032404 secs] [Times: user=0.01 sys=0.00, real=0.00 secs] 
2019-01-01T01:46:23.866+0900: 31430.393: [GC (Allocation Failure) [PSYoungGen: 58432K->1152K(59904K)] 70596K->13316K(561152K), 0.0035405 secs] [Times: user=0.02 sys=0.00, real=0.00 secs] 
2019-01-01T01:46:38.234+0900: 31444.761: [GC (Allocation Failure) [PSYoungGen: 58496K->1280K(60416K)] 70660K->13444K(561664K), 0.0035786 secs] [Times: user=0.02 sys=0.00, real=0.00 secs] 
2019-01-01T01:46:52.629+0900: 31459.156: [GC (Allocation Failure) [PSYoungGen: 59136K->1376K(60416K)] 71300K->13540K(561664K), 0.0030521 secs] [Times: user=0.02 sys=0.00, real=0.00 secs] 
2019-01-01T01:47:06.812+0900: 31473.339: [GC (Allocation Failure) [PSYoungGen: 59232K->1472K(60928K)] 71396K->13636K(562176K), 0.0033904 secs] [Times: user=0.02 sys=0.00, real=0.01 secs] 
2019-01-01T01:47:21.338+0900: 31487.865: [GC (Allocation Failure) [PSYoungGen: 59840K->1536K(60928K)] 72004K->13700K(562176K), 0.0037432 secs] [Times: user=0.02 sys=0.00, real=0.00 secs] 
2019-01-01T01:47:35.881+0900: 31502.407: [GC (Allocation Failure) [PSYoungGen: 59904K->1664K(61440K)] 72068K->13828K(562688K), 0.0036280 secs] [Times: user=0.02 sys=0.00, real=0.01 secs] 
2019-01-01T01:47:50.518+0900: 31517.045: [GC (Allocation Failure) [PSYoungGen: 60544K->1824K(61440K)] 72708K->13988K(562688K), 0.0036912 secs] [Times: user=0.01 sys=0.00, real=0.00 secs] 
2019-01-01T01:48:05.183+0900: 31531.709: [GC (Allocation Failure) [PSYoungGen: 60704K->1984K(61952K)] 72868K->14148K(563200K), 0.0043286 secs] [Times: user=0.03 sys=0.00, real=0.01 secs] 
2019-01-01T01:48:19.969+0900: 31546.496: [GC (Allocation Failure) [PSYoungGen: 61376K->1920K(61952K)] 73540K->14252K(563200K), 0.0038972 secs] [Times: user=0.02 sys=0.01, real=0.00 secs] 
2019-01-01T01:48:34.786+0900: 31561.312: [GC (Allocation Failure) [PSYoungGen: 61312K->1856K(62464K)] 73644K->14348K(563712K), 0.0039187 secs] [Times: user=0.02 sys=0.00, real=0.00 secs] 
2019-01-01T01:48:49.677+0900: 31576.203: [GC (Allocation Failure) [PSYoungGen: 61760K->1888K(62464K)] 74252K->14540K(563712K), 0.0040687 secs] [Times: user=0.02 sys=0.00, real=0.00 secs] 
2019-01-01T01:49:04.663+0900: 31591.190: [GC (Allocation Failure) [PSYoungGen: 61792K->1888K(62976K)] 74444K->14700K(564224K), 0.0038874 secs] [Times: user=0.03 sys=0.00, real=0.01 secs] 
2019-01-01T01:49:19.754+0900: 31606.281: [GC (Allocation Failure) [PSYoungGen: 62304K->1920K(62976K)] 75116K->14868K(564224K), 0.0037333 secs] [Times: user=0.02 sys=0.00, real=0.00 secs] 
2019-01-01T01:49:34.870+0900: 31621.397: [GC (Allocation Failure) [PSYoungGen: 62336K->1920K(62976K)] 75284K->15020K(564224K), 0.0037877 secs] [Times: user=0.02 sys=0.00, real=0.01 secs] 
2019-01-01T01:49:49.919+0900: 31636.445: [GC (Allocation Failure) [PSYoungGen: 62336K->1952K(63488K)] 75436K->15212K(564736K), 0.0040818 secs] [Times: user=0.02 sys=0.00, real=0.00 secs] 
2019-01-01T01:50:05.059+0900: 31651.585: [GC (Allocation Failure) [PSYoungGen: 62368K->1888K(64000K)] 75628K->15300K(565248K), 0.0038152 secs] [Times: user=0.02 sys=0.00, real=0.00 secs] 
2019-01-01T01:50:20.287+0900: 31666.814: [GC (Allocation Failure) [PSYoungGen: 62816K->1920K(64000K)] 76228K->15484K(565248K), 0.0040203 secs] [Times: user=0.02 sys=0.00, real=0.00 secs] 
2019-01-01T01:50:35.541+0900: 31682.068: [GC (Allocation Failure) [PSYoungGen: 62848K->1952K(64000K)] 76412K->15660K(565248K), 0.0040454 secs] [Times: user=0.03 sys=0.00, real=0.01 secs] 
2019-01-01T01:50:50.679+0900: 31697.205: [GC (Allocation Failure) [PSYoungGen: 63392K->1984K(64000K)] 77100K->15836K(565248K), 0.0045437 secs] [Times: user=0.03 sys=0.00, real=0.00 secs] 
2019-01-01T01:51:06.004+0900: 31712.531: [GC (Allocation Failure) [PSYoungGen: 63424K->1952K(64512K)] 77276K->15948K(565760K), 0.0041549 secs] [Times: user=0.02 sys=0.01, real=0.00 secs] 
2019-01-01T01:51:21.472+0900: 31727.999: [GC (Allocation Failure) [PSYoungGen: 63904K->1920K(64512K)] 77900K->16060K(565760K), 0.0043023 secs] [Times: user=0.03 sys=0.00, real=0.01 secs] 
2019-01-01T01:51:36.914+0900: 31743.440: [GC (Allocation Failure) [PSYoungGen: 63872K->1984K(65024K)] 78012K->16292K(566272K), 0.0042855 secs] [Times: user=0.02 sys=0.01, real=0.01 secs] 
2019-01-01T01:51:52.584+0900: 31759.111: [GC (Allocation Failure) [PSYoungGen: 64448K->1984K(65024K)] 78756K->16444K(566272K), 0.0042083 secs] [Times: user=0.03 sys=0.00, real=0.00 secs] 
2019-01-01T01:52:08.175+0900: 31774.702: [GC (Allocation Failure) [PSYoungGen: 64448K->1920K(65536K)] 78908K->16516K(566784K), 0.0044081 secs] [Times: user=0.02 sys=0.00, real=0.00 secs] 
2019-01-01T01:52:23.956+0900: 31790.483: [GC (Allocation Failure) [PSYoungGen: 64896K->1984K(65536K)] 79492K->16732K(566784K), 0.0043414 secs] [Times: user=0.02 sys=0.00, real=0.00 secs] 
2019-01-01T01:52:39.465+0900: 31805.992: [GC (Allocation Failure) [PSYoungGen: 64960K->1984K(66048K)] 79708K->16900K(567296K), 0.0047539 secs] [Times: user=0.02 sys=0.00, real=0.00 secs] 
2019-01-01T01:52:55.235+0900: 31821.762: [GC (Allocation Failure) [PSYoungGen: 65472K->1984K(66048K)] 80388K->17044K(567296K), 0.0044404 secs] [Times: user=0.02 sys=0.00, real=0.00 secs] 
2019-01-01T01:53:11.041+0900: 31837.568: [GC (Allocation Failure) [PSYoungGen: 65472K->1984K(66560K)] 80532K->17188K(567808K), 0.0041261 secs] [Times: user=0.03 sys=0.00, real=0.01 secs] 
2019-01-01T01:53:27.022+0900: 31853.548: [GC (Allocation Failure) [PSYoungGen: 65984K->2016K(66560K)] 81188K->17364K(567808K), 0.0039947 secs] [Times: user=0.03 sys=0.00, real=0.01 secs] 
2019-01-01T01:53:42.953+0900: 31869.480: [GC (Allocation Failure) [PSYoungGen: 66016K->2080K(67072K)] 81364K->17580K(568320K), 0.0036610 secs] [Times: user=0.02 sys=0.00, real=0.01 secs] 
2019-01-01T01:53:59.045+0900: 31885.571: [GC (Allocation Failure) [PSYoungGen: 66592K->2016K(67072K)] 82092K->17668K(568320K), 0.0042325 secs] [Times: user=0.03 sys=0.00, real=0.00 secs] 
2019-01-01T01:54:15.359+0900: 31901.886: [GC (Allocation Failure) [PSYoungGen: 66528K->2048K(67584K)] 82180K->17860K(568832K), 0.0047299 secs] [Times: user=0.03 sys=0.00, real=0.01 secs] 
2019-01-01T01:54:31.630+0900: 31918.157: [GC (Allocation Failure) [PSYoungGen: 67072K->2080K(67584K)] 82884K->18052K(568832K), 0.0040299 secs] [Times: user=0.02 sys=0.01, real=0.01 secs] 
2019-01-01T01:54:47.701+0900: 31934.227: [GC (Allocation Failure) [PSYoungGen: 67104K->2048K(68096K)] 83076K->18188K(569344K), 0.0040219 secs] [Times: user=0.03 sys=0.00, real=0.01 secs] 
2019-01-01T01:55:04.011+0900: 31950.538: [GC (Allocation Failure) [PSYoungGen: 67584K->2080K(68096K)] 83724K->18372K(569344K), 0.0044881 secs] [Times: user=0.03 sys=0.00, real=0.01 secs] 
2019-01-01T01:55:20.429+0900: 31966.955: [GC (Allocation Failure) [PSYoungGen: 67616K->2112K(68608K)] 83908K->18572K(569856K), 0.0043555 secs] [Times: user=0.03 sys=0.00, real=0.00 secs] 
2019-01-01T01:55:36.896+0900: 31983.423: [GC (Allocation Failure) [PSYoungGen: 68160K->2112K(68608K)] 84620K->18732K(569856K), 0.0046977 secs] [Times: user=0.03 sys=0.00, real=0.00 secs] 
2019-01-01T01:55:53.339+0900: 31999.866: [GC (Allocation Failure) [PSYoungGen: 68160K->2112K(69120K)] 84780K->18884K(570368K), 0.0043008 secs] [Times: user=0.02 sys=0.00, real=0.01 secs] 
2019-01-01T01:56:10.032+0900: 32016.559: [GC (Allocation Failure) [PSYoungGen: 68672K->2112K(69120K)] 85444K->19028K(570368K), 0.0042660 secs] [Times: user=0.02 sys=0.00, real=0.01 secs] 
2019-01-01T01:56:26.725+0900: 32033.252: [GC (Allocation Failure) [PSYoungGen: 68672K->2144K(69632K)] 85588K->19228K(570880K), 0.0041020 secs] [Times: user=0.02 sys=0.01, real=0.00 secs] 
2019-01-01T01:56:43.370+0900: 32049.896: [GC (Allocation Failure) [PSYoungGen: 69216K->2112K(69632K)] 86300K->19356K(570880K), 0.0039913 secs] [Times: user=0.02 sys=0.00, real=0.01 secs] 
2019-01-01T01:57:00.146+0900: 32066.673: [GC (Allocation Failure) [PSYoungGen: 69184K->2176K(70144K)] 86428K->19588K(571392K), 0.0045728 secs] [Times: user=0.03 sys=0.00, real=0.00 secs] 
2019-01-01T01:57:17.041+0900: 32083.568: [GC (Allocation Failure) [PSYoungGen: 69760K->2112K(70144K)] 87172K->19676K(571392K), 0.0045130 secs] [Times: user=0.02 sys=0.00, real=0.01 secs] 
2019-01-01T01:57:33.922+0900: 32100.449: [GC (Allocation Failure) [PSYoungGen: 69696K->2176K(70656K)] 87260K->19908K(571904K), 0.0047474 secs] [Times: user=0.03 sys=0.00, real=0.01 secs] 
2019-01-01T01:57:50.597+0900: 32117.123: [GC (Allocation Failure) [PSYoungGen: 70272K->2144K(70656K)] 88004K->20044K(571904K), 0.0042045 secs] [Times: user=0.03 sys=0.00, real=0.00 secs] 
2019-01-01T01:58:07.516+0900: 32134.042: [GC (Allocation Failure) [PSYoungGen: 70240K->2176K(71168K)] 88140K->20236K(572416K), 0.0036995 secs] [Times: user=0.02 sys=0.00, real=0.00 secs] 
2019-01-01T01:58:24.728+0900: 32151.255: [GC (Allocation Failure) [PSYoungGen: 70784K->2144K(71168K)] 88844K->20356K(572416K), 0.0044379 secs] [Times: user=0.02 sys=0.00, real=0.00 secs] 
2019-01-01T01:58:41.923+0900: 32168.450: [GC (Allocation Failure) [PSYoungGen: 70752K->2208K(71680K)] 88964K->20588K(572928K), 0.0053600 secs] [Times: user=0.03 sys=0.00, real=0.01 secs] 
2019-01-01T01:58:59.262+0900: 32185.788: [GC (Allocation Failure) [PSYoungGen: 71328K->2208K(71680K)] 89708K->20748K(572928K), 0.0043140 secs] [Times: user=0.03 sys=0.00, real=0.01 secs] 
2019-01-01T01:59:16.531+0900: 32203.058: [GC (Allocation Failure) [PSYoungGen: 71328K->2176K(72192K)] 89868K->20884K(573440K), 0.0062343 secs] [Times: user=0.04 sys=0.00, real=0.01 secs] 
2019-01-01T01:59:33.825+0900: 32220.352: [GC (Allocation Failure) [PSYoungGen: 71808K->2208K(72192K)] 90516K->21084K(573440K), 0.0043071 secs] [Times: user=0.02 sys=0.00, real=0.00 secs] 
2019-01-01T01:59:51.170+0900: 32237.697: [GC (Allocation Failure) [PSYoungGen: 71840K->2208K(72704K)] 90716K->21252K(573952K), 0.0041813 secs] [Times: user=0.02 sys=0.00, real=0.01 secs] 
2019-01-01T02:00:08.734+0900: 32255.261: [GC (Allocation Failure) [PSYoungGen: 72352K->2144K(72704K)] 91396K->21364K(573952K), 0.0041487 secs] [Times: user=0.03 sys=0.00, real=0.00 secs] 
2019-01-01T02:00:26.186+0900: 32272.713: [GC (Allocation Failure) [PSYoungGen: 72288K->2208K(73216K)] 91508K->21588K(574464K), 0.0042999 secs] [Times: user=0.02 sys=0.00, real=0.00 secs] 
2019-01-01T02:00:43.893+0900: 32290.420: [GC (Allocation Failure) [PSYoungGen: 72864K->2208K(73216K)] 92244K->21764K(574464K), 0.0042958 secs] [Times: user=0.03 sys=0.00, real=0.01 secs] 
2019-01-01T02:01:01.550+0900: 32308.077: [GC (Allocation Failure) [PSYoungGen: 72864K->2176K(73728K)] 92420K->21900K(574976K), 0.0044338 secs] [Times: user=0.03 sys=0.00, real=0.01 secs] 
2019-01-01T02:01:19.237+0900: 32325.763: [GC (Allocation Failure) [PSYoungGen: 73344K->2208K(73728K)] 93068K->22108K(574976K), 0.0045979 secs] [Times: user=0.03 sys=0.01, real=0.00 secs] 
2019-01-01T02:01:37.017+0900: 32343.544: [GC (Allocation Failure) [PSYoungGen: 73376K->2208K(74240K)] 93276K->22276K(575488K), 0.0046654 secs] [Times: user=0.03 sys=0.00, real=0.00 secs] 
2019-01-01T02:01:54.930+0900: 32361.457: [GC (Allocation Failure) [PSYoungGen: 73888K->2240K(74240K)] 93956K->22468K(575488K), 0.0044525 secs] [Times: user=0.03 sys=0.00, real=0.01 secs] 
2019-01-01T02:02:12.862+0900: 32379.388: [GC (Allocation Failure) [PSYoungGen: 73920K->2272K(74752K)] 94148K->22676K(576000K), 0.0041417 secs] [Times: user=0.03 sys=0.00, real=0.01 secs] 
2019-01-01T02:02:30.970+0900: 32397.496: [GC (Allocation Failure) [PSYoungGen: 74464K->2240K(74752K)] 94868K->22812K(576000K), 0.0041140 secs] [Times: user=0.03 sys=0.00, real=0.01 secs] 
2019-01-01T02:02:48.808+0900: 32415.334: [GC (Allocation Failure) [PSYoungGen: 74432K->2560K(74752K)] 95004K->23348K(576000K), 0.0046683 secs] [Times: user=0.03 sys=0.00, real=0.00 secs] 
2019-01-01T02:03:07.029+0900: 32433.556: [GC (Allocation Failure) [PSYoungGen: 74752K->2464K(75264K)] 95540K->23556K(576512K), 0.0044220 secs] [Times: user=0.03 sys=0.00, real=0.00 secs] 
2019-01-01T02:03:25.126+0900: 32451.652: [GC (Allocation Failure) [PSYoungGen: 74656K->2464K(75776K)] 95748K->23556K(577024K), 0.0045209 secs] [Times: user=0.03 sys=0.00, real=0.00 secs] 
2019-01-01T02:03:43.364+0900: 32469.891: [GC (Allocation Failure) [PSYoungGen: 75168K->2304K(75776K)] 96260K->23564K(577024K), 0.0045524 secs] [Times: user=0.03 sys=0.00, real=0.00 secs] 
2019-01-01T02:04:01.644+0900: 32488.170: [GC (Allocation Failure) [PSYoungGen: 75008K->2208K(76288K)] 96268K->23628K(577536K), 0.0039993 secs] [Times: user=0.02 sys=0.01, real=0.00 secs] 
2019-01-01T02:04:19.936+0900: 32506.463: [GC (Allocation Failure) [PSYoungGen: 75424K->2080K(76288K)] 96844K->23676K(577536K), 0.0044643 secs] [Times: user=0.03 sys=0.00, real=0.00 secs] 
2019-01-01T02:04:38.230+0900: 32524.756: [GC (Allocation Failure) [PSYoungGen: 75296K->1952K(76800K)] 96892K->23716K(578048K), 0.0041473 secs] [Times: user=0.02 sys=0.00, real=0.01 secs] 
2019-01-01T02:04:56.623+0900: 32543.149: [GC (Allocation Failure) [PSYoungGen: 75680K->1856K(76800K)] 97444K->23804K(578048K), 0.0041990 secs] [Times: user=0.02 sys=0.00, real=0.01 secs] 
2019-01-01T02:05:15.081+0900: 32561.607: [GC (Allocation Failure) [PSYoungGen: 75584K->1728K(77312K)] 97532K->23852K(578560K), 0.0043342 secs] [Times: user=0.03 sys=0.00, real=0.01 secs] 
2019-01-01T02:05:33.447+0900: 32579.973: [GC (Allocation Failure) [PSYoungGen: 75968K->1632K(77312K)] 98092K->23924K(578560K), 0.0041916 secs] [Times: user=0.03 sys=0.00, real=0.00 secs] 
2019-01-01T02:05:51.962+0900: 32598.489: [GC (Allocation Failure) [PSYoungGen: 75872K->1504K(77824K)] 98164K->23972K(579072K), 0.0040401 secs] [Times: user=0.02 sys=0.00, real=0.01 secs] 
2019-01-01T02:06:10.606+0900: 32617.133: [GC (Allocation Failure) [PSYoungGen: 76256K->1408K(77824K)] 98724K->24052K(579072K), 0.0037415 secs] [Times: user=0.02 sys=0.00, real=0.00 secs] 
2019-01-01T02:06:29.318+0900: 32635.845: [GC (Allocation Failure) [PSYoungGen: 76160K->1312K(78336K)] 98804K->24124K(579584K), 0.0033006 secs] [Times: user=0.02 sys=0.00, real=0.00 secs] 
2019-01-01T02:06:47.972+0900: 32654.498: [GC (Allocation Failure) [PSYoungGen: 76576K->1152K(78336K)] 99388K->24124K(579584K), 0.0033453 secs] [Times: user=0.01 sys=0.01, real=0.01 secs] 
2019-01-01T02:07:06.720+0900: 32673.247: [GC (Allocation Failure) [PSYoungGen: 76416K->1088K(78848K)] 99388K->24252K(580096K), 0.0035226 secs] [Times: user=0.02 sys=0.00, real=0.01 secs] 
2019-01-01T02:07:25.673+0900: 32692.199: [GC (Allocation Failure) [PSYoungGen: 76864K->896K(78848K)] 100028K->24340K(580096K), 0.0035641 secs] [Times: user=0.01 sys=0.00, real=0.01 secs] 
2019-01-01T02:07:44.581+0900: 32711.108: [GC (Allocation Failure) [PSYoungGen: 76672K->992K(79360K)] 100116K->24508K(580608K), 0.0031909 secs] [Times: user=0.01 sys=0.01, real=0.01 secs] 
2019-01-01T02:08:03.659+0900: 32730.186: [GC (Allocation Failure) [PSYoungGen: 77280K->1056K(79360K)] 100796K->24644K(580608K), 0.0032925 secs] [Times: user=0.02 sys=0.00, real=0.00 secs] 
2019-01-01T02:08:22.757+0900: 32749.284: [GC (Allocation Failure) [PSYoungGen: 77344K->1184K(79872K)] 100932K->24844K(581120K), 0.0029205 secs] [Times: user=0.02 sys=0.00, real=0.00 secs] 
2019-01-01T02:08:41.971+0900: 32768.498: [GC (Allocation Failure) [PSYoungGen: 77984K->1312K(79872K)] 101644K->25052K(581120K), 0.0032801 secs] [Times: user=0.02 sys=0.00, real=0.01 secs] 
2019-01-01T02:09:01.049+0900: 32787.575: [GC (Allocation Failure) [PSYoungGen: 78112K->1536K(80384K)] 101852K->25348K(581632K), 0.0034214 secs] [Times: user=0.01 sys=0.00, real=0.00 secs] 
2019-01-01T02:09:20.320+0900: 32806.847: [GC (Allocation Failure) [PSYoungGen: 78848K->1536K(80384K)] 102660K->25420K(581632K), 0.0029660 secs] [Times: user=0.01 sys=0.00, real=0.00 secs] 
2019-01-01T02:09:39.683+0900: 32826.210: [GC (Allocation Failure) [PSYoungGen: 78848K->1600K(80384K)] 102732K->25564K(581632K), 0.0040751 secs] [Times: user=0.02 sys=0.00, real=0.01 secs] 
2019-01-01T02:09:59.222+0900: 32845.749: [GC (Allocation Failure) [PSYoungGen: 79424K->1760K(80384K)] 103388K->25804K(581632K), 0.0036645 secs] [Times: user=0.01 sys=0.01, real=0.01 secs] 
2019-01-01T02:10:18.354+0900: 32864.880: [GC (Allocation Failure) [PSYoungGen: 79584K->1920K(80896K)] 103628K->26044K(582144K), 0.0038266 secs] [Times: user=0.02 sys=0.00, real=0.00 secs] 
2019-01-01T02:10:37.883+0900: 32884.410: [GC (Allocation Failure) [PSYoungGen: 80256K->2016K(80896K)] 104380K->26220K(582144K), 0.0038732 secs] [Times: user=0.02 sys=0.00, real=0.01 secs] 
2019-01-01T02:10:57.510+0900: 32904.037: [GC (Allocation Failure) [PSYoungGen: 80352K->2080K(81920K)] 104556K->26364K(583168K), 0.0038404 secs] [Times: user=0.02 sys=0.00, real=0.01 secs] 
2019-01-01T02:11:17.145+0900: 32923.672: [GC (Allocation Failure) [PSYoungGen: 80928K->2176K(81920K)] 105212K->26556K(583168K), 0.0043590 secs] [Times: user=0.03 sys=0.00, real=0.00 secs] 
2019-01-01T02:11:36.773+0900: 32943.300: [GC (Allocation Failure) [PSYoungGen: 81024K->2240K(82432K)] 105404K->26708K(583680K), 0.0045779 secs] [Times: user=0.02 sys=0.00, real=0.01 secs] 
2019-01-01T02:11:56.593+0900: 32963.120: [GC (Allocation Failure) [PSYoungGen: 81600K->2304K(82432K)] 106068K->26876K(583680K), 0.0037623 secs] [Times: user=0.02 sys=0.00, real=0.01 secs] 
2019-01-01T02:12:16.428+0900: 32982.955: [GC (Allocation Failure) [PSYoungGen: 81664K->2464K(82944K)] 106236K->27156K(584192K), 0.0041947 secs] [Times: user=0.03 sys=0.00, real=0.00 secs] 
2019-01-01T02:12:36.444+0900: 33002.970: [GC (Allocation Failure) [PSYoungGen: 82336K->2432K(82944K)] 107028K->27284K(584192K), 0.0042331 secs] [Times: user=0.03 sys=0.00, real=0.01 secs] 
2019-01-01T02:12:56.443+0900: 33022.970: [GC (Allocation Failure) [PSYoungGen: 82304K->2432K(83968K)] 107156K->27468K(585216K), 0.0047322 secs] [Times: user=0.03 sys=0.00, real=0.01 secs] 
2019-01-01T02:13:16.551+0900: 33043.078: [GC (Allocation Failure) [PSYoungGen: 82816K->2496K(83968K)] 107852K->27708K(585216K), 0.0041589 secs] [Times: user=0.03 sys=0.00, real=0.01 secs] 
2019-01-01T02:13:36.404+0900: 33062.931: [GC (Allocation Failure) [PSYoungGen: 82880K->2560K(84480K)] 108092K->27948K(585728K), 0.0044918 secs] [Times: user=0.03 sys=0.00, real=0.00 secs] 
2019-01-01T02:13:56.480+0900: 33083.006: [GC (Allocation Failure) [PSYoungGen: 83456K->2496K(84480K)] 108844K->28068K(585728K), 0.0046424 secs] [Times: user=0.04 sys=0.00, real=0.01 secs] 
2019-01-01T02:14:16.696+0900: 33103.223: [GC (Allocation Failure) [PSYoungGen: 83392K->2496K(84992K)] 108964K->28244K(586240K), 0.0043935 secs] [Times: user=0.03 sys=0.00, real=0.00 secs] 
2019-01-01T02:14:36.987+0900: 33123.514: [GC (Allocation Failure) [PSYoungGen: 83904K->2528K(84992K)] 109652K->28460K(586240K), 0.0047703 secs] [Times: user=0.04 sys=0.00, real=0.00 secs] 
2019-01-01T02:14:57.361+0900: 33143.888: [GC (Allocation Failure) [PSYoungGen: 83936K->2464K(85504K)] 109868K->28580K(586752K), 0.0046343 secs] [Times: user=0.03 sys=0.00, real=0.01 secs] 
2019-01-01T02:15:17.535+0900: 33164.062: [GC (Allocation Failure) [PSYoungGen: 84384K->2560K(85504K)] 110500K->28868K(586752K), 0.0049281 secs] [Times: user=0.03 sys=0.00, real=0.00 secs] 
2019-01-01T02:15:37.875+0900: 33184.402: [GC (Allocation Failure) [PSYoungGen: 84480K->2496K(86016K)] 110788K->28988K(587264K), 0.0046425 secs] [Times: user=0.03 sys=0.00, real=0.00 secs] 
2019-01-01T02:15:58.432+0900: 33204.959: [GC (Allocation Failure) [PSYoungGen: 84928K->2592K(86016K)] 111420K->29268K(587264K), 0.0049682 secs] [Times: user=0.03 sys=0.00, real=0.01 secs] 
2019-01-01T02:16:18.971+0900: 33225.497: [GC (Allocation Failure) [PSYoungGen: 85024K->2560K(86528K)] 111700K->29420K(587776K), 0.0046420 secs] [Times: user=0.03 sys=0.00, real=0.01 secs] 
2019-01-01T02:16:39.853+0900: 33246.380: [GC (Allocation Failure) [PSYoungGen: 85504K->2560K(86528K)] 112364K->29604K(587776K), 0.0048166 secs] [Times: user=0.03 sys=0.00, real=0.01 secs] 
2019-01-01T02:17:00.509+0900: 33267.035: [GC (Allocation Failure) [PSYoungGen: 85504K->2592K(87040K)] 112548K->29820K(588288K), 0.0045246 secs] [Times: user=0.03 sys=0.00, real=0.00 secs] 
2019-01-01T02:17:21.394+0900: 33287.921: [GC (Allocation Failure) [PSYoungGen: 86048K->2560K(87040K)] 113276K->29972K(588288K), 0.0042976 secs] [Times: user=0.03 sys=0.00, real=0.00 secs] 
2019-01-01T02:17:42.258+0900: 33308.785: [GC (Allocation Failure) [PSYoungGen: 86016K->2560K(87552K)] 113428K->30156K(588800K), 0.0041700 secs] [Times: user=0.03 sys=0.00, real=0.00 secs] 
2019-01-01T02:18:03.167+0900: 33329.694: [GC (Allocation Failure) [PSYoungGen: 86528K->2560K(87552K)] 114124K->30348K(588800K), 0.0047698 secs] [Times: user=0.02 sys=0.00, real=0.00 secs] 
2019-01-01T02:18:24.229+0900: 33350.756: [GC (Allocation Failure) [PSYoungGen: 86528K->2560K(88064K)] 114316K->30532K(589312K), 0.0050185 secs] [Times: user=0.03 sys=0.01, real=0.01 secs] 
2019-01-01T02:18:45.361+0900: 33371.887: [GC (Allocation Failure) [PSYoungGen: 87040K->2528K(88064K)] 115012K->30700K(589312K), 0.0045723 secs] [Times: user=0.03 sys=0.00, real=0.01 secs] 
2019-01-01T02:19:06.477+0900: 33393.004: [GC (Allocation Failure) [PSYoungGen: 87008K->2624K(88576K)] 115180K->30980K(589824K), 0.0043877 secs] [Times: user=0.03 sys=0.00, real=0.00 secs] 
2019-01-01T02:19:27.658+0900: 33414.185: [GC (Allocation Failure) [PSYoungGen: 87616K->2560K(88576K)] 115972K->31100K(589824K), 0.0045332 secs] [Times: user=0.03 sys=0.00, real=0.00 secs] 
2019-01-01T02:19:48.930+0900: 33435.457: [GC (Allocation Failure) [PSYoungGen: 87552K->2592K(89088K)] 116092K->31324K(590336K), 0.0046247 secs] [Times: user=0.03 sys=0.00, real=0.01 secs] 
2019-01-01T02:20:10.385+0900: 33456.911: [GC (Allocation Failure) [PSYoungGen: 88096K->2560K(89088K)] 116828K->31468K(590336K), 0.0047951 secs] [Times: user=0.03 sys=0.00, real=0.00 secs] 
2019-01-01T02:20:31.812+0900: 33478.339: [GC (Allocation Failure) [PSYoungGen: 88064K->2656K(89088K)] 116972K->31748K(590336K), 0.0042608 secs] [Times: user=0.03 sys=0.00, real=0.01 secs] 
2019-01-01T02:20:53.210+0900: 33499.736: [GC (Allocation Failure) [PSYoungGen: 88672K->2560K(89088K)] 117764K->31852K(590336K), 0.0047717 secs] [Times: user=0.03 sys=0.00, real=0.01 secs] 
2019-01-01T02:21:14.795+0900: 33521.322: [GC (Allocation Failure) [PSYoungGen: 88576K->2656K(89600K)] 117868K->32132K(590848K), 0.0047748 secs] [Times: user=0.03 sys=0.00, real=0.00 secs] 
2019-01-01T02:21:36.413+0900: 33542.939: [GC (Allocation Failure) [PSYoungGen: 89184K->2624K(89600K)] 118660K->32300K(590848K), 0.0047838 secs] [Times: user=0.02 sys=0.00, real=0.01 secs] 
2019-01-01T02:21:58.150+0900: 33564.677: [GC (Allocation Failure) [PSYoungGen: 89152K->2624K(90112K)] 118828K->32500K(591360K), 0.0050716 secs] [Times: user=0.03 sys=0.00, real=0.01 secs] 
2019-01-01T02:22:20.124+0900: 33586.651: [GC (Allocation Failure) [PSYoungGen: 89664K->2656K(90112K)] 119540K->32716K(591360K), 0.0049938 secs] [Times: user=0.04 sys=0.00, real=0.00 secs] 
2019-01-01T02:22:41.599+0900: 33608.126: [GC (Allocation Failure) [PSYoungGen: 89696K->2688K(90624K)] 119756K->32940K(591872K), 0.0050040 secs] [Times: user=0.03 sys=0.00, real=0.01 secs] 
2019-01-01T02:23:03.413+0900: 33629.940: [GC (Allocation Failure) [PSYoungGen: 90240K->2752K(90624K)] 120492K->33204K(591872K), 0.0043270 secs] [Times: user=0.04 sys=0.00, real=0.01 secs] 
2019-01-01T02:23:25.377+0900: 33651.903: [GC (Allocation Failure) [PSYoungGen: 90304K->2688K(91136K)] 120756K->33332K(592384K), 0.0048991 secs] [Times: user=0.03 sys=0.00, real=0.00 secs] 
2019-01-01T02:23:47.386+0900: 33673.913: [GC (Allocation Failure) [PSYoungGen: 90752K->2656K(91136K)] 121396K->33500K(592384K), 0.0050176 secs] [Times: user=0.03 sys=0.00, real=0.00 secs] 
2019-01-01T02:24:09.462+0900: 33695.989: [GC (Allocation Failure) [PSYoungGen: 90720K->2656K(91648K)] 121564K->33692K(592896K), 0.0047679 secs] [Times: user=0.03 sys=0.00, real=0.01 secs] 
2019-01-01T02:24:31.693+0900: 33718.220: [GC (Allocation Failure) [PSYoungGen: 91232K->2688K(91648K)] 122268K->33924K(592896K), 0.0048251 secs] [Times: user=0.04 sys=0.00, real=0.01 secs] 
2019-01-01T02:24:53.845+0900: 33740.371: [GC (Allocation Failure) [PSYoungGen: 91264K->2752K(92160K)] 122500K->34180K(593408K), 0.0049120 secs] [Times: user=0.03 sys=0.00, real=0.00 secs] 
2019-01-01T02:25:16.135+0900: 33762.662: [GC (Allocation Failure) [PSYoungGen: 91840K->2688K(92160K)] 123268K->34300K(593408K), 0.0052509 secs] [Times: user=0.04 sys=0.00, real=0.00 secs] 
2019-01-01T02:25:38.454+0900: 33784.980: [GC (Allocation Failure) [PSYoungGen: 91776K->2752K(92672K)] 123388K->34556K(593920K), 0.0049146 secs] [Times: user=0.04 sys=0.00, real=0.00 secs] 
2019-01-01T02:26:00.933+0900: 33807.460: [GC (Allocation Failure) [PSYoungGen: 92352K->2720K(92672K)] 124156K->34732K(593920K), 0.0047028 secs] [Times: user=0.03 sys=0.00, real=0.01 secs] 
2019-01-01T02:26:23.195+0900: 33829.721: [GC (Allocation Failure) [PSYoungGen: 92320K->2752K(93184K)] 124332K->34964K(594432K), 0.0047598 secs] [Times: user=0.04 sys=0.00, real=0.00 secs] 
2019-01-01T02:26:45.607+0900: 33852.134: [GC (Allocation Failure) [PSYoungGen: 92864K->2784K(93184K)] 125076K->35204K(594432K), 0.0049808 secs] [Times: user=0.03 sys=0.00, real=0.00 secs] 
2019-01-01T02:27:08.301+0900: 33874.828: [GC (Allocation Failure) [PSYoungGen: 92896K->2816K(93696K)] 125316K->35460K(594944K), 0.0047611 secs] [Times: user=0.03 sys=0.00, real=0.01 secs] 
2019-01-01T02:27:30.548+0900: 33897.075: [GC (Allocation Failure) [PSYoungGen: 93440K->2784K(93696K)] 126084K->35636K(594944K), 0.0048146 secs] [Times: user=0.03 sys=0.00, real=0.00 secs] 
2019-01-01T02:27:53.073+0900: 33919.600: [GC (Allocation Failure) [PSYoungGen: 93408K->2752K(94208K)] 126260K->35812K(595456K), 0.0043658 secs] [Times: user=0.03 sys=0.00, real=0.01 secs] 
2019-01-01T02:28:15.846+0900: 33942.373: [GC (Allocation Failure) [PSYoungGen: 93888K->2816K(94208K)] 126948K->36076K(595456K), 0.0050916 secs] [Times: user=0.03 sys=0.00, real=0.00 secs] 
2019-01-01T02:28:38.720+0900: 33965.247: [GC (Allocation Failure) [PSYoungGen: 93952K->2816K(94720K)] 127212K->36292K(595968K), 0.0052660 secs] [Times: user=0.03 sys=0.00, real=0.01 secs] 
2019-01-01T02:29:01.560+0900: 33988.087: [GC (Allocation Failure) [PSYoungGen: 94464K->2848K(94720K)] 127940K->36532K(595968K), 0.0049599 secs] [Times: user=0.03 sys=0.00, real=0.01 secs] 
2019-01-01T02:29:24.545+0900: 34011.071: [GC (Allocation Failure) [PSYoungGen: 94496K->2816K(95232K)] 128180K->36700K(596480K), 0.0048863 secs] [Times: user=0.03 sys=0.00, real=0.00 secs] 
2019-01-01T02:29:47.538+0900: 34034.065: [GC (Allocation Failure) [PSYoungGen: 94976K->2848K(95232K)] 128860K->36924K(596480K), 0.0049462 secs] [Times: user=0.03 sys=0.00, real=0.00 secs] 
2019-01-01T02:30:10.662+0900: 34057.189: [GC (Allocation Failure) [PSYoungGen: 95008K->2816K(95744K)] 129084K->37092K(596992K), 0.0050785 secs] [Times: user=0.04 sys=0.00, real=0.01 secs] 
2019-01-01T02:30:33.939+0900: 34080.465: [GC (Allocation Failure) [PSYoungGen: 95488K->2816K(95744K)] 129764K->37300K(596992K), 0.0048371 secs] [Times: user=0.03 sys=0.00, real=0.00 secs] 
2019-01-01T02:30:57.185+0900: 34103.711: [GC (Allocation Failure) [PSYoungGen: 95488K->2848K(96256K)] 129972K->37532K(597504K), 0.0052807 secs] [Times: user=0.03 sys=0.01, real=0.00 secs] 
2019-01-01T02:31:20.349+0900: 34126.876: [GC (Allocation Failure) [PSYoungGen: 96032K->2912K(96256K)] 130716K->37796K(597504K), 0.0048838 secs] [Times: user=0.04 sys=0.00, real=0.01 secs] 
2019-01-01T02:31:43.568+0900: 34150.095: [GC (Allocation Failure) [PSYoungGen: 96096K->2816K(96768K)] 130980K->37908K(598016K), 0.0051059 secs] [Times: user=0.03 sys=0.00, real=0.01 secs] 
2019-01-01T02:32:07.019+0900: 34173.546: [GC (Allocation Failure) [PSYoungGen: 96512K->2880K(96768K)] 131604K->38196K(598016K), 0.0042907 secs] [Times: user=0.03 sys=0.00, real=0.01 secs] 
2019-01-01T02:32:30.568+0900: 34197.094: [GC (Allocation Failure) [PSYoungGen: 96576K->2880K(97280K)] 131892K->38404K(598528K), 0.0051331 secs] [Times: user=0.03 sys=0.00, real=0.00 secs] 
2019-01-01T02:32:54.053+0900: 34220.580: [GC (Allocation Failure) [PSYoungGen: 97088K->2880K(97280K)] 132612K->38620K(598528K), 0.0050357 secs] [Times: user=0.03 sys=0.00, real=0.01 secs] 
2019-01-01T02:33:17.787+0900: 34244.313: [GC (Allocation Failure) [PSYoungGen: 97088K->2880K(97792K)] 132828K->38828K(599040K), 0.0050967 secs] [Times: user=0.04 sys=0.00, real=0.00 secs] 
2019-01-01T02:33:41.551+0900: 34268.078: [GC (Allocation Failure) [PSYoungGen: 97600K->2912K(97792K)] 133548K->39068K(599040K), 0.0050873 secs] [Times: user=0.03 sys=0.00, real=0.01 secs] 
2019-01-01T02:34:05.020+0900: 34291.546: [GC (Allocation Failure) [PSYoungGen: 97632K->2912K(98304K)] 133788K->39300K(599552K), 0.0050108 secs] [Times: user=0.03 sys=0.00, real=0.01 secs] 
2019-01-01T02:34:28.803+0900: 34315.330: [GC (Allocation Failure) [PSYoungGen: 98144K->2912K(98304K)] 134532K->39492K(599552K), 0.0049057 secs] [Times: user=0.04 sys=0.00, real=0.01 secs] 
2019-01-01T02:34:52.577+0900: 34339.103: [GC (Allocation Failure) [PSYoungGen: 98144K->2912K(99328K)] 134724K->39700K(600576K), 0.0046869 secs] [Times: user=0.03 sys=0.00, real=0.00 secs] 
2019-01-01T02:35:16.525+0900: 34363.052: [GC (Allocation Failure) [PSYoungGen: 98656K->2912K(99328K)] 135444K->39932K(600576K), 0.0045683 secs] [Times: user=0.03 sys=0.00, real=0.00 secs] 
2019-01-01T02:35:40.497+0900: 34387.024: [GC (Allocation Failure) [PSYoungGen: 98656K->2944K(99840K)] 135676K->40172K(601088K), 0.0046677 secs] [Times: user=0.03 sys=0.00, real=0.00 secs] 
2019-01-01T02:36:04.627+0900: 34411.154: [GC (Allocation Failure) [PSYoungGen: 99200K->2976K(99840K)] 136428K->40404K(601088K), 0.0050382 secs] [Times: user=0.03 sys=0.00, real=0.00 secs] 
2019-01-01T02:36:28.706+0900: 34435.233: [GC (Allocation Failure) [PSYoungGen: 99232K->2944K(100352K)] 136660K->40588K(601600K), 0.0050194 secs] [Times: user=0.03 sys=0.00, real=0.00 secs] 
2019-01-01T02:36:52.913+0900: 34459.440: [GC (Allocation Failure) [PSYoungGen: 99712K->2976K(100352K)] 137356K->40852K(601600K), 0.0050169 secs] [Times: user=0.03 sys=0.00, real=0.01 secs] 
2019-01-01T02:37:17.186+0900: 34483.713: [GC (Allocation Failure) [PSYoungGen: 99744K->2976K(100864K)] 137620K->41068K(602112K), 0.0046838 secs] [Times: user=0.03 sys=0.00, real=0.00 secs] 
2019-01-01T02:37:41.489+0900: 34508.016: [GC (Allocation Failure) [PSYoungGen: 100256K->2976K(100864K)] 138348K->41284K(602112K), 0.0051693 secs] [Times: user=0.04 sys=0.00, real=0.01 secs] 
2019-01-01T02:38:05.913+0900: 34532.439: [GC (Allocation Failure) [PSYoungGen: 100256K->3008K(101376K)] 138564K->41532K(602624K), 0.0050435 secs] [Times: user=0.03 sys=0.00, real=0.01 secs] 
2019-01-01T02:38:30.015+0900: 34556.542: [GC (Allocation Failure) [PSYoungGen: 100800K->3008K(101376K)] 139324K->41756K(602624K), 0.0055381 secs] [Times: user=0.03 sys=0.00, real=0.00 secs] 
2019-01-01T02:38:54.393+0900: 34580.920: [GC (Allocation Failure) [PSYoungGen: 100800K->2976K(101888K)] 139548K->41948K(603136K), 0.0053992 secs] [Times: user=0.03 sys=0.00, real=0.01 secs] 
2019-01-01T02:39:18.998+0900: 34605.525: [GC (Allocation Failure) [PSYoungGen: 101280K->3040K(101888K)] 140252K->42236K(603136K), 0.0044950 secs] [Times: user=0.04 sys=0.00, real=0.00 secs] 
2019-01-01T02:39:43.557+0900: 34630.083: [GC (Allocation Failure) [PSYoungGen: 101344K->3008K(102400K)] 140540K->42428K(603648K), 0.0052801 secs] [Times: user=0.03 sys=0.00, real=0.00 secs] 
2019-01-01T02:40:08.292+0900: 34654.819: [GC (Allocation Failure) [PSYoungGen: 101824K->3008K(102400K)] 141244K->42636K(603648K), 0.0046329 secs] [Times: user=0.03 sys=0.00, real=0.01 secs] 
2019-01-01T02:40:32.802+0900: 34679.328: [GC (Allocation Failure) [PSYoungGen: 101824K->2976K(102912K)] 141452K->42812K(604160K), 0.0048812 secs] [Times: user=0.03 sys=0.00, real=0.01 secs] 
2019-01-01T02:40:57.463+0900: 34703.990: [GC (Allocation Failure) [PSYoungGen: 102304K->3104K(102912K)] 142140K->43140K(604160K), 0.0058919 secs] [Times: user=0.04 sys=0.00, real=0.01 secs] 
2019-01-01T02:41:22.243+0900: 34728.770: [GC (Allocation Failure) [PSYoungGen: 102432K->3072K(103424K)] 142468K->43332K(604672K), 0.0058915 secs] [Times: user=0.03 sys=0.00, real=0.01 secs] 
2019-01-01T02:41:47.108+0900: 34753.634: [GC (Allocation Failure) [PSYoungGen: 102912K->3072K(103424K)] 143172K->43556K(604672K), 0.0050188 secs] [Times: user=0.03 sys=0.00, real=0.00 secs] 
2019-01-01T02:42:12.152+0900: 34778.679: [GC (Allocation Failure) [PSYoungGen: 102912K->3040K(103936K)] 143396K->43748K(605184K), 0.0052146 secs] [Times: user=0.04 sys=0.00, real=0.01 secs] 
2019-01-01T02:42:37.361+0900: 34803.888: [GC (Allocation Failure) [PSYoungGen: 103392K->3040K(103936K)] 144100K->43980K(605184K), 0.0052575 secs] [Times: user=0.03 sys=0.00, real=0.01 secs] 
2019-01-01T02:43:02.157+0900: 34828.684: [GC (Allocation Failure) [PSYoungGen: 103392K->3040K(104448K)] 144332K->44212K(605696K), 0.0055049 secs] [Times: user=0.04 sys=0.00, real=0.00 secs] 
2019-01-01T02:43:27.241+0900: 34853.768: [GC (Allocation Failure) [PSYoungGen: 103904K->3040K(104448K)] 145076K->44444K(605696K), 0.0047893 secs] [Times: user=0.04 sys=0.00, real=0.01 secs] 
2019-01-01T02:43:52.540+0900: 34879.066: [GC (Allocation Failure) [PSYoungGen: 103904K->3040K(104960K)] 145308K->44692K(606208K), 0.0051485 secs] [Times: user=0.03 sys=0.00, real=0.01 secs] 
2019-01-01T02:44:17.966+0900: 34904.493: [GC (Allocation Failure) [PSYoungGen: 104416K->3072K(104960K)] 146068K->44948K(606208K), 0.0050477 secs] [Times: user=0.03 sys=0.00, real=0.00 secs] 
2019-01-01T02:44:43.469+0900: 34929.996: [GC (Allocation Failure) [PSYoungGen: 104448K->3040K(105472K)] 146324K->45132K(606720K), 0.0049373 secs] [Times: user=0.03 sys=0.00, real=0.01 secs] 
2019-01-01T02:45:08.602+0900: 34955.128: [GC (Allocation Failure) [PSYoungGen: 104928K->3072K(105472K)] 147020K->45396K(606720K), 0.0052054 secs] [Times: user=0.04 sys=0.00, real=0.01 secs] 
2019-01-01T02:45:33.957+0900: 34980.484: [GC (Allocation Failure) [PSYoungGen: 104960K->3072K(105984K)] 147284K->45620K(607232K), 0.0050585 secs] [Times: user=0.03 sys=0.00, real=0.00 secs] 
2019-01-01T02:45:59.592+0900: 35006.119: [GC (Allocation Failure) [PSYoungGen: 105472K->3104K(105984K)] 148020K->45860K(607232K), 0.0054251 secs] [Times: user=0.04 sys=0.00, real=0.01 secs] 
2019-01-01T02:46:25.154+0900: 35031.681: [GC (Allocation Failure) [PSYoungGen: 105504K->3136K(106496K)] 148260K->46116K(607744K), 0.0051857 secs] [Times: user=0.04 sys=0.00, real=0.00 secs] 
2019-01-01T02:46:50.811+0900: 35057.337: [GC (Allocation Failure) [PSYoungGen: 106048K->3136K(106496K)] 149028K->46348K(607744K), 0.0051467 secs] [Times: user=0.03 sys=0.00, real=0.01 secs] 
2019-01-01T02:47:16.505+0900: 35083.032: [GC (Allocation Failure) [PSYoungGen: 106048K->3104K(107008K)] 149260K->46532K(608256K), 0.0056096 secs] [Times: user=0.04 sys=0.00, real=0.00 secs] 
2019-01-01T02:47:42.259+0900: 35108.786: [GC (Allocation Failure) [PSYoungGen: 106528K->3168K(107008K)] 149956K->46820K(608256K), 0.0049218 secs] [Times: user=0.03 sys=0.00, real=0.01 secs] 
2019-01-01T02:48:08.005+0900: 35134.531: [GC (Allocation Failure) [PSYoungGen: 106592K->3104K(107520K)] 150244K->46988K(608768K), 0.0050693 secs] [Times: user=0.04 sys=0.00, real=0.00 secs] 
2019-01-01T02:48:33.992+0900: 35160.518: [GC (Allocation Failure) [PSYoungGen: 107040K->3136K(107520K)] 150924K->47252K(608768K), 0.0051751 secs] [Times: user=0.03 sys=0.00, real=0.01 secs] 
2019-01-01T02:48:59.917+0900: 35186.444: [GC (Allocation Failure) [PSYoungGen: 107072K->3104K(108032K)] 151188K->47468K(609280K), 0.0047483 secs] [Times: user=0.03 sys=0.01, real=0.00 secs] 
2019-01-01T02:49:25.935+0900: 35212.462: [GC (Allocation Failure) [PSYoungGen: 107552K->3200K(108032K)] 151916K->47780K(609280K), 0.0047707 secs] [Times: user=0.03 sys=0.00, real=0.00 secs] 
2019-01-01T02:49:51.867+0900: 35238.394: [GC (Allocation Failure) [PSYoungGen: 107648K->3200K(108544K)] 152228K->47996K(609792K), 0.0051110 secs] [Times: user=0.03 sys=0.00, real=0.00 secs] 
2019-01-01T02:50:18.176+0900: 35264.703: [GC (Allocation Failure) [PSYoungGen: 108160K->3264K(108544K)] 152956K->48284K(609792K), 0.0049921 secs] [Times: user=0.04 sys=0.00, real=0.00 secs] 
2019-01-01T02:50:44.519+0900: 35291.045: [GC (Allocation Failure) [PSYoungGen: 108224K->3168K(109056K)] 153244K->48412K(610304K), 0.0050390 secs] [Times: user=0.04 sys=0.00, real=0.01 secs] 
2019-01-01T02:51:10.977+0900: 35317.503: [GC (Allocation Failure) [PSYoungGen: 108640K->3168K(109056K)] 153884K->48636K(610304K), 0.0048019 secs] [Times: user=0.04 sys=0.00, real=0.00 secs] 
2019-01-01T02:51:37.107+0900: 35343.633: [GC (Allocation Failure) [PSYoungGen: 108640K->3232K(109568K)] 154108K->48932K(610816K), 0.0052213 secs] [Times: user=0.03 sys=0.00, real=0.00 secs] 
2019-01-01T02:52:03.466+0900: 35369.993: [GC (Allocation Failure) [PSYoungGen: 109216K->3232K(109568K)] 154916K->49172K(610816K), 0.0049552 secs] [Times: user=0.04 sys=0.00, real=0.00 secs] 
2019-01-01T02:52:29.994+0900: 35396.521: [GC (Allocation Failure) [PSYoungGen: 109216K->3264K(110080K)] 155156K->49436K(611328K), 0.0053996 secs] [Times: user=0.04 sys=0.00, real=0.00 secs] 
2019-01-01T02:52:56.573+0900: 35423.100: [GC (Allocation Failure) [PSYoungGen: 109760K->3232K(110080K)] 155932K->49652K(611328K), 0.0051596 secs] [Times: user=0.03 sys=0.00, real=0.01 secs] 
2019-01-01T02:53:23.370+0900: 35449.896: [GC (Allocation Failure) [PSYoungGen: 109728K->3200K(110592K)] 156148K->49844K(611840K), 0.0054857 secs] [Times: user=0.03 sys=0.00, real=0.01 secs] 
2019-01-01T02:53:50.076+0900: 35476.603: [GC (Allocation Failure) [PSYoungGen: 110208K->3264K(110592K)] 156852K->50156K(611840K), 0.0051187 secs] [Times: user=0.04 sys=0.00, real=0.00 secs] 
2019-01-01T02:54:16.729+0900: 35503.255: [GC (Allocation Failure) [PSYoungGen: 110272K->3264K(111104K)] 157164K->50380K(612352K), 0.0049142 secs] [Times: user=0.03 sys=0.00, real=0.00 secs] 
2019-01-01T02:54:43.634+0900: 35530.161: [GC (Allocation Failure) [PSYoungGen: 110784K->3232K(111104K)] 157900K->50580K(612352K), 0.0049307 secs] [Times: user=0.03 sys=0.00, real=0.00 secs] 
2019-01-01T02:55:10.555+0900: 35557.082: [GC (Allocation Failure) [PSYoungGen: 110752K->3232K(111616K)] 158100K->50812K(612864K), 0.0056997 secs] [Times: user=0.03 sys=0.00, real=0.00 secs] 
2019-01-01T02:55:37.487+0900: 35584.013: [GC (Allocation Failure) [PSYoungGen: 111264K->3296K(111616K)] 158844K->51124K(612864K), 0.0054067 secs] [Times: user=0.03 sys=0.00, real=0.00 secs] 
2019-01-01T02:56:04.426+0900: 35610.952: [GC (Allocation Failure) [PSYoungGen: 111328K->3296K(112128K)] 159156K->51372K(613376K), 0.0050800 secs] [Times: user=0.03 sys=0.00, real=0.00 secs] 
2019-01-01T02:56:31.659+0900: 35638.186: [GC (Allocation Failure) [PSYoungGen: 111840K->3296K(112128K)] 159916K->51604K(613376K), 0.0052921 secs] [Times: user=0.03 sys=0.00, real=0.01 secs] 
2019-01-01T02:56:58.790+0900: 35665.317: [GC (Allocation Failure) [PSYoungGen: 111840K->3264K(112640K)] 160148K->51812K(613888K), 0.0047766 secs] [Times: user=0.03 sys=0.00, real=0.01 secs] 
2019-01-01T02:57:26.170+0900: 35692.697: [GC (Allocation Failure) [PSYoungGen: 112320K->3296K(112640K)] 160868K->52076K(613888K), 0.0053671 secs] [Times: user=0.04 sys=0.00, real=0.01 secs] 
2019-01-01T02:57:53.518+0900: 35720.045: [GC (Allocation Failure) [PSYoungGen: 112352K->3296K(113152K)] 161132K->52308K(614400K), 0.0053941 secs] [Times: user=0.04 sys=0.00, real=0.00 secs] 
2019-01-01T02:58:20.769+0900: 35747.296: [GC (Allocation Failure) [PSYoungGen: 112864K->3360K(113152K)] 161876K->52628K(614400K), 0.0056097 secs] [Times: user=0.03 sys=0.00, real=0.01 secs] 
2019-01-01T02:58:48.083+0900: 35774.610: [GC (Allocation Failure) [PSYoungGen: 112928K->3328K(113664K)] 162196K->52844K(614912K), 0.0052808 secs] [Times: user=0.04 sys=0.00, real=0.01 secs] 
2019-01-01T02:59:15.656+0900: 35802.183: [GC (Allocation Failure) [PSYoungGen: 113408K->3296K(113664K)] 162924K->53036K(614912K), 0.0053223 secs] [Times: user=0.04 sys=0.00, real=0.00 secs] 
2019-01-01T02:59:43.171+0900: 35829.697: [GC (Allocation Failure) [PSYoungGen: 113376K->3328K(114176K)] 163116K->53300K(615424K), 0.0052937 secs] [Times: user=0.03 sys=0.00, real=0.01 secs] 
2019-01-01T03:00:10.827+0900: 35857.353: [GC (Allocation Failure) [PSYoungGen: 113920K->3296K(114176K)] 163892K->53516K(615424K), 0.0057876 secs] [Times: user=0.04 sys=0.00, real=0.00 secs] 
2019-01-01T03:00:38.504+0900: 35885.030: [GC (Allocation Failure) [PSYoungGen: 113888K->3328K(114688K)] 164108K->53788K(615936K), 0.0050279 secs] [Times: user=0.03 sys=0.00, real=0.00 secs] 
2019-01-01T03:01:06.358+0900: 35912.885: [GC (Allocation Failure) [PSYoungGen: 114432K->3392K(114688K)] 164892K->54092K(615936K), 0.0051546 secs] [Times: user=0.04 sys=0.00, real=0.00 secs] 
2019-01-01T03:01:34.189+0900: 35940.716: [GC (Allocation Failure) [PSYoungGen: 114496K->3328K(115200K)] 165196K->54268K(616448K), 0.0047803 secs] [Times: user=0.03 sys=0.00, real=0.01 secs] 
2019-01-01T03:02:01.818+0900: 35968.345: [GC (Allocation Failure) [PSYoungGen: 114944K->3392K(115200K)] 165884K->54580K(616448K), 0.0049957 secs] [Times: user=0.03 sys=0.00, real=0.00 secs] 
2019-01-01T03:02:29.742+0900: 35996.268: [GC (Allocation Failure) [PSYoungGen: 115008K->3424K(115712K)] 166196K->54868K(616960K), 0.0047166 secs] [Times: user=0.04 sys=0.00, real=0.01 secs] 
2019-01-01T03:02:57.548+0900: 36024.074: [GC (Allocation Failure) [PSYoungGen: 115552K->3584K(115712K)] 166996K->55316K(616960K), 0.0054308 secs] [Times: user=0.04 sys=0.00, real=0.00 secs] 
2019-01-01T03:03:25.567+0900: 36052.094: [GC (Allocation Failure) [PSYoungGen: 115712K->3392K(116736K)] 167444K->55564K(617984K), 0.0059649 secs] [Times: user=0.04 sys=0.00, real=0.00 secs] 
2019-01-01T03:03:53.674+0900: 36080.201: [GC (Allocation Failure) [PSYoungGen: 116032K->3328K(116736K)] 168204K->55500K(617984K), 0.0047253 secs] [Times: user=0.02 sys=0.00, real=0.00 secs] 
2019-01-01T03:04:21.946+0900: 36108.472: [GC (Allocation Failure) [PSYoungGen: 115968K->3136K(117248K)] 168140K->55548K(618496K), 0.0049922 secs] [Times: user=0.03 sys=0.00, real=0.00 secs] 
2019-01-01T03:04:50.278+0900: 36136.805: [GC (Allocation Failure) [PSYoungGen: 116288K->2976K(117248K)] 168700K->55636K(618496K), 0.0044371 secs] [Times: user=0.03 sys=0.00, real=0.00 secs] 
2019-01-01T03:05:18.408+0900: 36164.935: [GC (Allocation Failure) [PSYoungGen: 116128K->2816K(117760K)] 168788K->55724K(619008K), 0.0049078 secs] [Times: user=0.03 sys=0.00, real=0.00 secs] 
2019-01-01T03:05:46.686+0900: 36193.212: [GC (Allocation Failure) [PSYoungGen: 116480K->2592K(117760K)] 169388K->55748K(619008K), 0.0046850 secs] [Times: user=0.03 sys=0.00, real=0.00 secs] 
2019-01-01T03:06:15.110+0900: 36221.636: [GC (Allocation Failure) [PSYoungGen: 116256K->2432K(118272K)] 169412K->55836K(619520K), 0.0047137 secs] [Times: user=0.03 sys=0.00, real=0.01 secs] 
2019-01-01T03:06:43.749+0900: 36250.276: [GC (Allocation Failure) [PSYoungGen: 116608K->2304K(118272K)] 170012K->55956K(619520K), 0.0041770 secs] [Times: user=0.03 sys=0.00, real=0.00 secs] 
2019-01-01T03:07:12.218+0900: 36278.745: [GC (Allocation Failure) [PSYoungGen: 116480K->2080K(118784K)] 170132K->55980K(620032K), 0.0038217 secs] [Times: user=0.03 sys=0.00, real=0.00 secs] 
2019-01-01T03:07:40.978+0900: 36307.505: [GC (Allocation Failure) [PSYoungGen: 116768K->1952K(118784K)] 170668K->56092K(620032K), 0.0046229 secs] [Times: user=0.02 sys=0.00, real=0.00 secs] 
2019-01-01T03:08:09.689+0900: 36336.216: [GC (Allocation Failure) [PSYoungGen: 116640K->1664K(118784K)] 170780K->56036K(620032K), 0.0039525 secs] [Times: user=0.02 sys=0.00, real=0.00 secs] 
2019-01-01T03:08:38.211+0900: 36364.738: [GC (Allocation Failure) [PSYoungGen: 116352K->1568K(119296K)] 170724K->56188K(620544K), 0.0046126 secs] [Times: user=0.02 sys=0.00, real=0.01 secs] 
2019-01-01T03:09:06.746+0900: 36393.273: [GC (Allocation Failure) [PSYoungGen: 116256K->1440K(119808K)] 170876K->56308K(621056K), 0.0040130 secs] [Times: user=0.02 sys=0.00, real=0.00 secs] 
2019-01-01T03:09:35.524+0900: 36422.051: [GC (Allocation Failure) [PSYoungGen: 116640K->1216K(119808K)] 171508K->56348K(621056K), 0.0039560 secs] [Times: user=0.02 sys=0.00, real=0.00 secs] 
2019-01-01T03:10:04.373+0900: 36450.900: [GC (Allocation Failure) [PSYoungGen: 116416K->992K(120320K)] 171548K->56420K(621568K), 0.0041416 secs] [Times: user=0.02 sys=0.00, real=0.01 secs] 
2019-01-01T03:10:33.308+0900: 36479.835: [GC (Allocation Failure) [PSYoungGen: 116704K->1088K(120320K)] 172132K->56588K(621568K), 0.0029700 secs] [Times: user=0.01 sys=0.00, real=0.00 secs] 
2019-01-01T03:11:02.231+0900: 36508.758: [GC (Allocation Failure) [PSYoungGen: 116800K->1216K(120832K)] 172300K->56788K(622080K), 0.0032520 secs] [Times: user=0.01 sys=0.00, real=0.01 secs] 
2019-01-01T03:11:31.352+0900: 36537.878: [GC (Allocation Failure) [PSYoungGen: 117440K->1472K(120832K)] 173012K->57124K(622080K), 0.0037645 secs] [Times: user=0.02 sys=0.00, real=0.01 secs] 
2019-01-01T03:12:00.420+0900: 36566.946: [GC (Allocation Failure) [PSYoungGen: 117696K->1664K(120320K)] 173348K->57396K(621568K), 0.0039117 secs] [Times: user=0.02 sys=0.00, real=0.00 secs] 
2019-01-01T03:12:29.539+0900: 36596.066: [GC (Allocation Failure) [PSYoungGen: 118400K->1760K(120832K)] 174132K->57572K(622080K), 0.0047328 secs] [Times: user=0.03 sys=0.00, real=0.01 secs] 
2019-01-01T03:12:58.779+0900: 36625.306: [GC (Allocation Failure) [PSYoungGen: 118496K->2016K(121344K)] 174308K->57908K(622592K), 0.0040053 secs] [Times: user=0.02 sys=0.00, real=0.00 secs] 
2019-01-01T03:13:28.205+0900: 36654.731: [GC (Allocation Failure) [PSYoungGen: 119264K->2144K(121344K)] 175156K->58116K(622592K), 0.0045332 secs] [Times: user=0.03 sys=0.00, real=0.00 secs] 
2019-01-01T03:13:57.485+0900: 36684.012: [GC (Allocation Failure) [PSYoungGen: 119392K->2304K(121344K)] 175364K->58364K(622592K), 0.0045585 secs] [Times: user=0.02 sys=0.00, real=0.00 secs] 
2019-01-01T03:14:26.870+0900: 36713.397: [GC (Allocation Failure) [PSYoungGen: 120064K->2496K(121344K)] 176124K->58644K(622592K), 0.0043755 secs] [Times: user=0.02 sys=0.00, real=0.01 secs] 
2019-01-01T03:14:56.244+0900: 36742.771: [GC (Allocation Failure) [PSYoungGen: 120256K->2624K(121344K)] 176404K->58852K(622592K), 0.0053205 secs] [Times: user=0.03 sys=0.00, real=0.00 secs] 
2019-01-01T03:15:25.692+0900: 36772.219: [GC (Allocation Failure) [PSYoungGen: 120384K->2848K(121856K)] 176612K->59164K(623104K), 0.0045758 secs] [Times: user=0.02 sys=0.00, real=0.01 secs] 
2019-01-01T03:15:55.023+0900: 36801.550: [GC (Allocation Failure) [PSYoungGen: 120608K->2976K(122368K)] 176924K->59388K(623616K), 0.0043086 secs] [Times: user=0.02 sys=0.00, real=0.01 secs] 
2019-01-01T03:16:24.501+0900: 36831.028: [GC (Allocation Failure) [PSYoungGen: 121248K->3104K(122368K)] 177660K->59620K(623616K), 0.0048142 secs] [Times: user=0.03 sys=0.00, real=0.01 secs] 
2019-01-01T03:16:54.147+0900: 36860.674: [GC (Allocation Failure) [PSYoungGen: 121376K->3296K(122368K)] 177892K->59932K(623616K), 0.0048056 secs] [Times: user=0.03 sys=0.00, real=0.00 secs] 
2019-01-01T03:17:23.300+0900: 36889.827: [GC (Allocation Failure) [PSYoungGen: 121568K->3360K(122880K)] 178204K->60140K(624128K), 0.0051182 secs] [Times: user=0.03 sys=0.00, real=0.01 secs] 
2019-01-01T03:17:52.707+0900: 36919.234: [GC (Allocation Failure) [PSYoungGen: 121632K->3360K(123392K)] 178412K->60332K(624640K), 0.0055994 secs] [Times: user=0.04 sys=0.00, real=0.00 secs] 
2019-01-01T03:18:22.367+0900: 36948.894: [GC (Allocation Failure) [PSYoungGen: 122144K->3488K(123392K)] 179116K->60700K(624640K), 0.0050449 secs] [Times: user=0.04 sys=0.00, real=0.00 secs] 
2019-01-01T03:18:51.964+0900: 36978.491: [GC (Allocation Failure) [PSYoungGen: 122272K->3456K(124416K)] 179484K->60916K(625664K), 0.0055991 secs] [Times: user=0.04 sys=0.00, real=0.00 secs] 
2019-01-01T03:19:21.764+0900: 37008.290: [GC (Allocation Failure) [PSYoungGen: 122752K->3520K(124416K)] 180212K->61228K(625664K), 0.0053042 secs] [Times: user=0.04 sys=0.01, real=0.00 secs] 
2019-01-01T03:19:51.602+0900: 37038.129: [GC (Allocation Failure) [PSYoungGen: 122816K->3488K(124928K)] 180524K->61436K(626176K), 0.0051995 secs] [Times: user=0.03 sys=0.00, real=0.01 secs] 
2019-01-01T03:20:21.525+0900: 37068.052: [GC (Allocation Failure) [PSYoungGen: 123296K->3456K(124928K)] 181244K->61644K(626176K), 0.0050524 secs] [Times: user=0.03 sys=0.00, real=0.00 secs] 
2019-01-01T03:20:51.491+0900: 37098.018: [GC (Allocation Failure) [PSYoungGen: 123264K->3520K(125440K)] 181452K->61956K(626688K), 0.0054630 secs] [Times: user=0.04 sys=0.00, real=0.01 secs] 
2019-01-01T03:21:21.675+0900: 37128.202: [GC (Allocation Failure) [PSYoungGen: 123840K->3552K(125440K)] 182276K->62236K(626688K), 0.0054573 secs] [Times: user=0.04 sys=0.00, real=0.00 secs] 
2019-01-01T03:21:51.836+0900: 37158.363: [GC (Allocation Failure) [PSYoungGen: 123872K->3552K(125952K)] 182556K->62476K(627200K), 0.0056859 secs] [Times: user=0.04 sys=0.00, real=0.00 secs] 
2019-01-01T03:22:22.113+0900: 37188.640: [GC (Allocation Failure) [PSYoungGen: 124384K->3520K(125952K)] 183308K->62692K(627200K), 0.0056750 secs] [Times: user=0.04 sys=0.00, real=0.01 secs] 
2019-01-01T03:22:52.385+0900: 37218.912: [GC (Allocation Failure) [PSYoungGen: 124352K->3584K(126464K)] 183524K->63020K(627712K), 0.0052756 secs] [Times: user=0.04 sys=0.00, real=0.00 secs] 
2019-01-01T03:23:22.712+0900: 37249.239: [GC (Allocation Failure) [PSYoungGen: 124928K->3584K(126464K)] 184364K->63260K(627712K), 0.0054347 secs] [Times: user=0.04 sys=0.00, real=0.01 secs] 
2019-01-01T03:23:52.984+0900: 37279.511: [GC (Allocation Failure) [PSYoungGen: 124928K->3584K(126976K)] 184604K->63508K(628224K), 0.0055579 secs] [Times: user=0.04 sys=0.00, real=0.00 secs] 
2019-01-01T03:24:23.499+0900: 37310.026: [GC (Allocation Failure) [PSYoungGen: 125440K->3584K(126976K)] 185364K->63772K(628224K), 0.0056532 secs] [Times: user=0.04 sys=0.00, real=0.01 secs] 
2019-01-01T03:24:54.076+0900: 37340.603: [GC (Allocation Failure) [PSYoungGen: 125440K->3648K(127488K)] 185628K->64108K(628736K), 0.0052321 secs] [Times: user=0.04 sys=0.00, real=0.00 secs] 
2019-01-01T03:25:24.653+0900: 37371.180: [GC (Allocation Failure) [PSYoungGen: 126016K->3680K(127488K)] 186476K->64396K(628736K), 0.0058575 secs] [Times: user=0.04 sys=0.00, real=0.01 secs] 
2019-01-01T03:25:55.299+0900: 37401.825: [GC (Allocation Failure) [PSYoungGen: 126048K->3616K(128000K)] 186764K->64588K(629248K), 0.0057683 secs] [Times: user=0.04 sys=0.00, real=0.01 secs] 
2019-01-01T03:26:25.626+0900: 37432.153: [GC (Allocation Failure) [PSYoungGen: 126496K->3616K(128000K)] 187468K->64860K(629248K), 0.0050134 secs] [Times: user=0.04 sys=0.00, real=0.00 secs] 
2019-01-01T03:26:56.230+0900: 37462.757: [GC (Allocation Failure) [PSYoungGen: 126496K->3648K(127488K)] 187740K->65148K(628736K), 0.0056902 secs] [Times: user=0.04 sys=0.00, real=0.01 secs] 
2019-01-01T03:27:27.055+0900: 37493.582: [GC (Allocation Failure) [PSYoungGen: 127040K->3680K(128000K)] 188540K->65428K(629248K), 0.0057651 secs] [Times: user=0.04 sys=0.00, real=0.00 secs] 
2019-01-01T03:27:57.802+0900: 37524.329: [GC (Allocation Failure) [PSYoungGen: 127072K->3648K(128512K)] 188820K->65660K(629760K), 0.0054457 secs] [Times: user=0.04 sys=0.00, real=0.01 secs] 
2019-01-01T03:28:28.857+0900: 37555.384: [GC (Allocation Failure) [PSYoungGen: 127552K->3680K(128512K)] 189564K->65948K(629760K), 0.0055987 secs] [Times: user=0.03 sys=0.00, real=0.00 secs] 
2019-01-01T03:28:59.805+0900: 37586.332: [GC (Allocation Failure) [PSYoungGen: 127584K->3648K(129024K)] 189852K->66188K(630272K), 0.0058326 secs] [Times: user=0.04 sys=0.00, real=0.00 secs] 
2019-01-01T03:29:30.916+0900: 37617.443: [GC (Allocation Failure) [PSYoungGen: 128064K->3712K(129024K)] 190604K->66508K(630272K), 0.0055515 secs] [Times: user=0.04 sys=0.00, real=0.00 secs] 
2019-01-01T03:30:01.995+0900: 37648.522: [GC (Allocation Failure) [PSYoungGen: 128128K->3648K(129536K)] 190924K->66708K(630784K), 0.0059086 secs] [Times: user=0.04 sys=0.00, real=0.00 secs] 
2019-01-01T03:30:33.250+0900: 37679.776: [GC (Allocation Failure) [PSYoungGen: 128576K->3680K(129536K)] 191636K->66996K(630784K), 0.0056615 secs] [Times: user=0.03 sys=0.00, real=0.01 secs] 
2019-01-01T03:31:04.433+0900: 37710.959: [GC (Allocation Failure) [PSYoungGen: 128608K->3712K(130048K)] 191924K->67284K(631296K), 0.0056828 secs] [Times: user=0.03 sys=0.00, real=0.01 secs] 
2019-01-01T03:31:35.748+0900: 37742.274: [GC (Allocation Failure) [PSYoungGen: 129152K->3712K(130048K)] 192724K->67540K(631296K), 0.0053039 secs] [Times: user=0.04 sys=0.00, real=0.00 secs] 
2019-01-01T03:32:06.937+0900: 37773.464: [GC (Allocation Failure) [PSYoungGen: 129152K->3680K(130560K)] 192980K->67780K(631808K), 0.0056402 secs] [Times: user=0.04 sys=0.00, real=0.00 secs] 
2019-01-01T03:32:38.591+0900: 37805.118: [GC (Allocation Failure) [PSYoungGen: 129632K->3744K(130560K)] 193732K->68116K(631808K), 0.0060574 secs] [Times: user=0.04 sys=0.00, real=0.01 secs] 
2019-01-01T03:33:10.032+0900: 37836.558: [GC (Allocation Failure) [PSYoungGen: 129696K->3712K(131072K)] 194068K->68340K(632320K), 0.0062881 secs] [Times: user=0.04 sys=0.00, real=0.01 secs] 
2019-01-01T03:33:41.540+0900: 37868.066: [GC (Allocation Failure) [PSYoungGen: 130176K->3744K(131072K)] 194804K->68620K(632320K), 0.0054889 secs] [Times: user=0.04 sys=0.00, real=0.01 secs] 
2019-01-01T03:34:13.235+0900: 37899.762: [GC (Allocation Failure) [PSYoungGen: 130208K->3680K(131584K)] 195084K->68828K(632832K), 0.0057600 secs] [Times: user=0.04 sys=0.00, real=0.00 secs] 
2019-01-01T03:34:45.030+0900: 37931.556: [GC (Allocation Failure) [PSYoungGen: 130656K->3712K(131584K)] 195804K->69116K(632832K), 0.0052433 secs] [Times: user=0.04 sys=0.00, real=0.01 secs] 
2019-01-01T03:35:16.659+0900: 37963.185: [GC (Allocation Failure) [PSYoungGen: 130688K->3744K(132096K)] 196092K->69420K(633344K), 0.0060376 secs] [Times: user=0.04 sys=0.00, real=0.01 secs] 
2019-01-01T03:35:48.503+0900: 37995.030: [GC (Allocation Failure) [PSYoungGen: 131232K->3776K(132096K)] 196908K->69732K(633344K), 0.0058341 secs] [Times: user=0.04 sys=0.00, real=0.01 secs] 
2019-01-01T03:36:20.391+0900: 38026.918: [GC (Allocation Failure) [PSYoungGen: 131264K->3776K(132608K)] 197220K->69996K(633856K), 0.0056036 secs] [Times: user=0.03 sys=0.00, real=0.01 secs] 
2019-01-01T03:36:52.344+0900: 38058.870: [GC (Allocation Failure) [PSYoungGen: 131776K->3744K(132608K)] 197996K->70236K(633856K), 0.0058022 secs] [Times: user=0.04 sys=0.00, real=0.00 secs] 
2019-01-01T03:37:24.360+0900: 38090.887: [GC (Allocation Failure) [PSYoungGen: 131744K->3744K(132608K)] 198236K->70500K(633856K), 0.0055718 secs] [Times: user=0.04 sys=0.00, real=0.01 secs] 
2019-01-01T03:37:56.317+0900: 38122.844: [GC (Allocation Failure) [PSYoungGen: 132256K->3776K(132608K)] 199012K->70804K(633856K), 0.0057511 secs] [Times: user=0.04 sys=0.00, real=0.00 secs] 
2019-01-01T03:38:28.332+0900: 38154.859: [GC (Allocation Failure) [PSYoungGen: 132288K->3840K(133120K)] 199316K->71132K(634368K), 0.0067136 secs] [Times: user=0.04 sys=0.00, real=0.01 secs] 
2019-01-01T03:39:00.560+0900: 38187.086: [GC (Allocation Failure) [PSYoungGen: 132864K->3840K(133120K)] 200156K->71404K(634368K), 0.0056583 secs] [Times: user=0.03 sys=0.00, real=0.01 secs] 
2019-01-01T03:39:32.875+0900: 38219.402: [GC (Allocation Failure) [PSYoungGen: 132864K->3744K(133632K)] 200428K->71588K(634880K), 0.0057963 secs] [Times: user=0.04 sys=0.00, real=0.00 secs] 
2019-01-01T03:40:05.283+0900: 38251.810: [GC (Allocation Failure) [PSYoungGen: 133280K->3840K(133632K)] 201124K->71956K(634880K), 0.0059426 secs] [Times: user=0.04 sys=0.00, real=0.01 secs] 
2019-01-01T03:40:37.722+0900: 38284.249: [GC (Allocation Failure) [PSYoungGen: 133376K->3776K(134144K)] 201492K->72172K(635392K), 0.0052412 secs] [Times: user=0.04 sys=0.00, real=0.01 secs] 
2019-01-01T03:41:10.053+0900: 38316.580: [GC (Allocation Failure) [PSYoungGen: 133824K->3808K(134144K)] 202220K->72508K(635392K), 0.0058064 secs] [Times: user=0.04 sys=0.00, real=0.01 secs] 
2019-01-01T03:41:42.571+0900: 38349.098: [GC (Allocation Failure) [PSYoungGen: 133856K->3840K(134656K)] 202556K->72812K(635904K), 0.0057980 secs] [Times: user=0.04 sys=0.00, real=0.01 secs] 
2019-01-01T03:42:15.219+0900: 38381.746: [GC (Allocation Failure) [PSYoungGen: 134400K->3808K(134656K)] 203372K->73076K(635904K), 0.0056748 secs] [Times: user=0.04 sys=0.00, real=0.01 secs] 
2019-01-01T03:42:47.354+0900: 38413.881: [GC (Allocation Failure) [PSYoungGen: 134368K->3840K(135168K)] 203636K->73372K(636416K), 0.0063113 secs] [Times: user=0.04 sys=0.00, real=0.00 secs] 
2019-01-01T03:43:20.209+0900: 38446.736: [GC (Allocation Failure) [PSYoungGen: 134912K->3840K(135168K)] 204444K->73660K(636416K), 0.0059001 secs] [Times: user=0.04 sys=0.00, real=0.01 secs] 
2019-01-01T03:43:52.947+0900: 38479.473: [GC (Allocation Failure) [PSYoungGen: 134912K->3904K(135680K)] 204732K->73988K(636928K), 0.0058811 secs] [Times: user=0.04 sys=0.00, real=0.00 secs] 
2019-01-01T03:44:25.865+0900: 38512.392: [GC (Allocation Failure) [PSYoungGen: 135488K->3872K(135680K)] 205572K->74236K(636928K), 0.0057454 secs] [Times: user=0.04 sys=0.00, real=0.00 secs] 
2019-01-01T03:44:58.723+0900: 38545.250: [GC (Allocation Failure) [PSYoungGen: 135456K->3872K(136192K)] 205820K->74516K(637440K), 0.0063271 secs] [Times: user=0.04 sys=0.00, real=0.01 secs] 
2019-01-01T03:45:31.763+0900: 38578.290: [GC (Allocation Failure) [PSYoungGen: 135968K->3904K(136192K)] 206612K->74828K(637440K), 0.0056609 secs] [Times: user=0.04 sys=0.00, real=0.01 secs] 
2019-01-01T03:46:04.812+0900: 38611.339: [GC (Allocation Failure) [PSYoungGen: 136000K->3904K(136704K)] 206924K->75108K(637952K), 0.0060246 secs] [Times: user=0.04 sys=0.00, real=0.01 secs] 
2019-01-01T03:46:38.058+0900: 38644.585: [GC (Allocation Failure) [PSYoungGen: 136512K->3872K(136704K)] 207716K->75356K(637952K), 0.0060757 secs] [Times: user=0.04 sys=0.00, real=0.01 secs] 
2019-01-01T03:47:11.155+0900: 38677.681: [GC (Allocation Failure) [PSYoungGen: 136480K->3872K(137216K)] 207964K->75628K(638464K), 0.0060279 secs] [Times: user=0.04 sys=0.00, real=0.00 secs] 
2019-01-01T03:47:44.463+0900: 38710.989: [GC (Allocation Failure) [PSYoungGen: 136992K->3968K(137216K)] 208748K->76012K(638464K), 0.0060991 secs] [Times: user=0.04 sys=0.00, real=0.01 secs] 
2019-01-01T03:48:17.676+0900: 38744.202: [GC (Allocation Failure) [PSYoungGen: 137088K->4032K(137216K)] 209132K->76348K(638464K), 0.0055679 secs] [Times: user=0.04 sys=0.00, real=0.00 secs] 
2019-01-01T03:48:50.811+0900: 38777.338: [GC (Allocation Failure) [PSYoungGen: 137152K->3936K(137728K)] 209468K->76524K(638976K), 0.0062190 secs] [Times: user=0.04 sys=0.00, real=0.01 secs] 
2019-01-01T03:49:23.994+0900: 38810.521: [GC (Allocation Failure) [PSYoungGen: 137056K->3904K(138240K)] 209644K->76772K(639488K), 0.0062046 secs] [Times: user=0.05 sys=0.00, real=0.00 secs] 
2019-01-01T03:49:57.220+0900: 38843.746: [GC (Allocation Failure) [PSYoungGen: 137536K->3936K(138240K)] 210404K->77108K(639488K), 0.0064980 secs] [Times: user=0.04 sys=0.00, real=0.01 secs] 
2019-01-01T03:50:30.712+0900: 38877.239: [GC (Allocation Failure) [PSYoungGen: 137568K->3968K(138752K)] 210740K->77436K(640000K), 0.0060953 secs] [Times: user=0.05 sys=0.00, real=0.01 secs] 
2019-01-01T03:51:04.296+0900: 38910.823: [GC (Allocation Failure) [PSYoungGen: 138112K->3936K(138752K)] 211580K->77676K(640000K), 0.0061637 secs] [Times: user=0.04 sys=0.00, real=0.00 secs] 
2019-01-01T03:51:37.464+0900: 38943.991: [GC (Allocation Failure) [PSYoungGen: 138080K->4000K(139264K)] 211820K->78028K(640512K), 0.0061080 secs] [Times: user=0.04 sys=0.00, real=0.00 secs] 
2019-01-01T03:52:10.983+0900: 38977.510: [GC (Allocation Failure) [PSYoungGen: 138656K->3968K(139264K)] 212684K->78284K(640512K), 0.0056292 secs] [Times: user=0.04 sys=0.00, real=0.01 secs] 
2019-01-01T03:52:44.615+0900: 39011.141: [GC (Allocation Failure) [PSYoungGen: 138624K->3968K(139776K)] 212940K->78556K(641024K), 0.0057009 secs] [Times: user=0.04 sys=0.00, real=0.00 secs] 
2019-01-01T03:53:18.374+0900: 39044.900: [GC (Allocation Failure) [PSYoungGen: 139136K->4000K(139776K)] 213724K->78876K(641024K), 0.0055938 secs] [Times: user=0.04 sys=0.00, real=0.01 secs] 
2019-01-01T03:53:52.181+0900: 39078.708: [GC (Allocation Failure) [PSYoungGen: 139168K->4000K(140288K)] 214044K->79164K(641536K), 0.0059368 secs] [Times: user=0.04 sys=0.00, real=0.01 secs] 
2019-01-01T03:54:26.127+0900: 39112.654: [GC (Allocation Failure) [PSYoungGen: 139680K->4032K(140288K)] 214844K->79476K(641536K), 0.0060259 secs] [Times: user=0.04 sys=0.00, real=0.00 secs] 
2019-01-01T03:55:00.072+0900: 39146.599: [GC (Allocation Failure) [PSYoungGen: 139712K->4064K(140800K)] 215156K->79796K(642048K), 0.0059664 secs] [Times: user=0.04 sys=0.00, real=0.01 secs] 
2019-01-01T03:55:34.140+0900: 39180.666: [GC (Allocation Failure) [PSYoungGen: 140256K->4000K(140800K)] 215988K->80020K(642048K), 0.0055649 secs] [Times: user=0.05 sys=0.00, real=0.01 secs] 
2019-01-01T03:56:08.140+0900: 39214.666: [GC (Allocation Failure) [PSYoungGen: 140192K->4032K(141312K)] 216212K->80332K(642560K), 0.0056336 secs] [Times: user=0.04 sys=0.00, real=0.01 secs] 
2019-01-01T03:56:42.382+0900: 39248.909: [GC (Allocation Failure) [PSYoungGen: 140736K->4064K(141312K)] 217036K->80644K(642560K), 0.0067715 secs] [Times: user=0.04 sys=0.00, real=0.01 secs] 
2019-01-01T03:57:16.653+0900: 39283.180: [GC (Allocation Failure) [PSYoungGen: 140768K->4064K(141824K)] 217348K->80940K(643072K), 0.0060878 secs] [Times: user=0.04 sys=0.00, real=0.01 secs] 
2019-01-01T03:57:50.899+0900: 39317.426: [GC (Allocation Failure) [PSYoungGen: 141280K->4096K(141824K)] 218156K->81252K(643072K), 0.0057244 secs] [Times: user=0.04 sys=0.00, real=0.01 secs] 
2019-01-01T03:58:25.273+0900: 39351.800: [GC (Allocation Failure) [PSYoungGen: 141312K->4096K(142336K)] 218468K->81548K(643584K), 0.0060033 secs] [Times: user=0.04 sys=0.00, real=0.01 secs] 
2019-01-01T03:58:59.555+0900: 39386.082: [GC (Allocation Failure) [PSYoungGen: 141824K->4064K(142336K)] 219276K->81796K(643584K), 0.0059634 secs] [Times: user=0.04 sys=0.00, real=0.00 secs] 
2019-01-01T03:59:34.147+0900: 39420.673: [GC (Allocation Failure) [PSYoungGen: 141792K->4096K(142848K)] 219524K->82124K(644096K), 0.0060122 secs] [Times: user=0.04 sys=0.00, real=0.00 secs] 
2019-01-01T04:00:08.463+0900: 39454.990: [GC (Allocation Failure) [PSYoungGen: 142336K->4128K(142848K)] 220364K->82444K(644096K), 0.0067011 secs] [Times: user=0.05 sys=0.00, real=0.01 secs] 
2019-01-01T04:00:42.928+0900: 39489.454: [GC (Allocation Failure) [PSYoungGen: 142368K->4160K(143360K)] 220684K->82780K(644608K), 0.0058845 secs] [Times: user=0.04 sys=0.00, real=0.01 secs] 
2019-01-01T04:01:17.739+0900: 39524.265: [GC (Allocation Failure) [PSYoungGen: 142912K->4096K(143360K)] 221532K->83004K(644608K), 0.0058613 secs] [Times: user=0.04 sys=0.00, real=0.01 secs] 
2019-01-01T04:01:52.491+0900: 39559.018: [GC (Allocation Failure) [PSYoungGen: 142848K->4160K(143872K)] 221756K->83372K(645120K), 0.0059278 secs] [Times: user=0.04 sys=0.00, real=0.01 secs] 
2019-01-01T04:02:27.169+0900: 39593.695: [GC (Allocation Failure) [PSYoungGen: 143424K->4096K(143872K)] 222636K->83604K(645120K), 0.0057297 secs] [Times: user=0.04 sys=0.00, real=0.01 secs] 
2019-01-01T04:03:02.108+0900: 39628.635: [GC (Allocation Failure) [PSYoungGen: 143360K->4544K(144384K)] 222868K->84348K(645632K), 0.0063969 secs] [Times: user=0.05 sys=0.00, real=0.01 secs] 
2019-01-01T04:03:37.126+0900: 39663.653: [GC (Allocation Failure) [PSYoungGen: 144320K->4224K(144384K)] 224124K->84324K(645632K), 0.0060423 secs] [Times: user=0.04 sys=0.00, real=0.00 secs] 
2019-01-01T04:04:12.084+0900: 39698.610: [GC (Allocation Failure) [PSYoungGen: 144000K->4000K(144896K)] 224100K->84388K(646144K), 0.0057583 secs] [Times: user=0.04 sys=0.00, real=0.00 secs] 
2019-01-01T04:04:46.640+0900: 39733.167: [GC (Allocation Failure) [PSYoungGen: 144288K->3680K(144896K)] 224676K->84356K(646144K), 0.0055921 secs] [Times: user=0.04 sys=0.00, real=0.01 secs] 
2019-01-01T04:05:21.698+0900: 39768.224: [GC (Allocation Failure) [PSYoungGen: 143968K->3456K(145408K)] 224644K->84412K(646656K), 0.0056061 secs] [Times: user=0.03 sys=0.00, real=0.00 secs] 
2019-01-01T04:05:56.807+0900: 39803.334: [GC (Allocation Failure) [PSYoungGen: 144256K->3232K(145408K)] 225212K->84492K(646656K), 0.0058867 secs] [Times: user=0.04 sys=0.00, real=0.00 secs] 
2019-01-01T04:06:31.979+0900: 39838.506: [GC (Allocation Failure) [PSYoungGen: 144032K->2944K(146432K)] 225292K->84492K(647680K), 0.0054018 secs] [Times: user=0.03 sys=0.00, real=0.01 secs] 
2019-01-01T04:07:07.281+0900: 39873.808: [GC (Allocation Failure) [PSYoungGen: 144256K->2656K(146432K)] 225804K->84492K(647680K), 0.0050295 secs] [Times: user=0.03 sys=0.00, real=0.01 secs] 
2019-01-01T04:07:42.620+0900: 39909.147: [GC (Allocation Failure) [PSYoungGen: 143968K->2464K(146944K)] 225804K->84596K(648192K), 0.0050882 secs] [Times: user=0.03 sys=0.00, real=0.01 secs] 
2019-01-01T04:08:18.105+0900: 39944.631: [GC (Allocation Failure) [PSYoungGen: 144288K->2176K(146944K)] 226420K->84620K(648192K), 0.0042341 secs] [Times: user=0.03 sys=0.00, real=0.00 secs] 
2019-01-01T04:08:53.641+0900: 39980.168: [GC (Allocation Failure) [PSYoungGen: 144000K->1952K(146944K)] 226444K->84692K(648192K), 0.0047115 secs] [Times: user=0.03 sys=0.00, real=0.01 secs] 
2019-01-01T04:09:29.020+0900: 40015.546: [GC (Allocation Failure) [PSYoungGen: 143776K->1664K(147456K)] 226516K->84716K(648704K), 0.0043286 secs] [Times: user=0.03 sys=0.00, real=0.01 secs] 
2019-01-01T04:10:04.471+0900: 40050.998: [GC (Allocation Failure) [PSYoungGen: 143488K->1408K(147968K)] 226540K->84772K(649216K), 0.0042195 secs] [Times: user=0.03 sys=0.00, real=0.01 secs] 
2019-01-01T04:10:40.090+0900: 40086.617: [GC (Allocation Failure) [PSYoungGen: 143744K->1120K(147968K)] 227108K->84796K(649216K), 0.0042575 secs] [Times: user=0.03 sys=0.00, real=0.01 secs] 
2019-01-01T04:11:15.769+0900: 40122.295: [GC (Allocation Failure) [PSYoungGen: 143456K->832K(148480K)] 227132K->84820K(649728K), 0.0036316 secs] [Times: user=0.02 sys=0.00, real=0.00 secs] 
2019-01-01T04:11:51.232+0900: 40157.759: [GC (Allocation Failure) [PSYoungGen: 143680K->640K(148480K)] 227668K->84932K(649728K), 0.0035887 secs] [Times: user=0.01 sys=0.00, real=0.01 secs] 
2019-01-01T04:12:26.860+0900: 40193.387: [GC (Allocation Failure) [PSYoungGen: 143488K->704K(148992K)] 227780K->85020K(650240K), 0.0035048 secs] [Times: user=0.02 sys=0.00, real=0.00 secs] 
2019-01-01T04:13:02.605+0900: 40229.132: [GC (Allocation Failure) [PSYoungGen: 144064K->672K(148992K)] 228380K->84988K(650240K), 0.0031507 secs] [Times: user=0.01 sys=0.00, real=0.00 secs] 
2019-01-01T04:13:38.560+0900: 40265.086: [GC (Allocation Failure) [PSYoungGen: 144032K->672K(149504K)] 228348K->84988K(650752K), 0.0035984 secs] [Times: user=0.01 sys=0.00, real=0.00 secs] 
2019-01-01T04:14:14.498+0900: 40301.024: [GC (Allocation Failure) [PSYoungGen: 144544K->832K(149504K)] 228860K->85164K(650752K), 0.0040096 secs] [Times: user=0.02 sys=0.00, real=0.00 secs] 
2019-01-01T04:14:50.521+0900: 40337.048: [GC (Allocation Failure) [PSYoungGen: 144704K->992K(148992K)] 229036K->85348K(650240K), 0.0046200 secs] [Times: user=0.03 sys=0.00, real=0.01 secs] 
2019-01-01T04:15:26.677+0900: 40373.204: [GC (Allocation Failure) [PSYoungGen: 145376K->1280K(149504K)] 229732K->85652K(650752K), 0.0044033 secs] [Times: user=0.02 sys=0.00, real=0.00 secs] 
2019-01-01T04:16:02.855+0900: 40409.382: [GC (Allocation Failure) [PSYoungGen: 145664K->1440K(148992K)] 230036K->85852K(650240K), 0.0046308 secs] [Times: user=0.02 sys=0.00, real=0.00 secs] 
2019-01-01T04:16:39.158+0900: 40445.684: [GC (Allocation Failure) [PSYoungGen: 146336K->1696K(149504K)] 230748K->86172K(650752K), 0.0055029 secs] [Times: user=0.04 sys=0.00, real=0.00 secs] 
2019-01-01T04:17:15.386+0900: 40481.913: [GC (Allocation Failure) [PSYoungGen: 146592K->1888K(148992K)] 231068K->86428K(650240K), 0.0063244 secs] [Times: user=0.04 sys=0.01, real=0.00 secs] 
2019-01-01T04:17:51.663+0900: 40518.189: [GC (Allocation Failure) [PSYoungGen: 147296K->2048K(149504K)] 231836K->86668K(650752K), 0.0057107 secs] [Times: user=0.04 sys=0.00, real=0.01 secs] 
2019-01-01T04:18:27.953+0900: 40554.479: [GC (Allocation Failure) [PSYoungGen: 147456K->2272K(150016K)] 232076K->86964K(651264K), 0.0044846 secs] [Times: user=0.03 sys=0.00, real=0.01 secs] 
2019-01-01T04:19:04.500+0900: 40591.027: [GC (Allocation Failure) [PSYoungGen: 148192K->2560K(150016K)] 232884K->87324K(651264K), 0.0059344 secs] [Times: user=0.04 sys=0.00, real=0.01 secs] 
2019-01-01T04:19:41.094+0900: 40627.621: [GC (Allocation Failure) [PSYoungGen: 148480K->2816K(150016K)] 233244K->87660K(651264K), 0.0048097 secs] [Times: user=0.03 sys=0.00, real=0.00 secs] 
2019-01-01T04:20:17.359+0900: 40663.885: [GC (Allocation Failure) [PSYoungGen: 148736K->2944K(150528K)] 233580K->87860K(651776K), 0.0047563 secs] [Times: user=0.04 sys=0.00, real=0.00 secs] 
2019-01-01T04:20:53.755+0900: 40700.281: [GC (Allocation Failure) [PSYoungGen: 148864K->3232K(151040K)] 233780K->88228K(652288K), 0.0057524 secs] [Times: user=0.04 sys=0.00, real=0.00 secs] 
2019-01-01T04:21:30.354+0900: 40736.881: [GC (Allocation Failure) [PSYoungGen: 149664K->3392K(151040K)] 234660K->88468K(652288K), 0.0050371 secs] [Times: user=0.03 sys=0.00, real=0.00 secs] 
2019-01-01T04:22:06.970+0900: 40773.497: [GC (Allocation Failure) [PSYoungGen: 149824K->3584K(152064K)] 234900K->88772K(653312K), 0.0055531 secs] [Times: user=0.04 sys=0.00, real=0.01 secs] 
2019-01-01T04:22:43.810+0900: 40810.337: [GC (Allocation Failure) [PSYoungGen: 150528K->3712K(152064K)] 235716K->89052K(653312K), 0.0061674 secs] [Times: user=0.04 sys=0.00, real=0.01 secs] 
2019-01-01T04:23:20.633+0900: 40847.160: [GC (Allocation Failure) [PSYoungGen: 150656K->3840K(153088K)] 235996K->89396K(654336K), 0.0057984 secs] [Times: user=0.04 sys=0.00, real=0.01 secs] 
2019-01-01T04:23:57.548+0900: 40884.075: [GC (Allocation Failure) [PSYoungGen: 151296K->3872K(153088K)] 236852K->89676K(654336K), 0.0078293 secs] [Times: user=0.05 sys=0.00, real=0.01 secs] 
2019-01-01T04:24:34.521+0900: 40921.047: [GC (Allocation Failure) [PSYoungGen: 151328K->3968K(153088K)] 237132K->90012K(654336K), 0.0073164 secs] [Times: user=0.06 sys=0.00, real=0.01 secs] 
2019-01-01T04:25:11.397+0900: 40957.924: [GC (Allocation Failure) [PSYoungGen: 151424K->3936K(153600K)] 237468K->90228K(654848K), 0.0063763 secs] [Times: user=0.05 sys=0.00, real=0.00 secs] 
2019-01-01T04:25:48.387+0900: 40994.914: [GC (Allocation Failure) [PSYoungGen: 151392K->4096K(154112K)] 237684K->90636K(655360K), 0.0078535 secs] [Times: user=0.04 sys=0.01, real=0.01 secs] 
2019-01-01T04:26:25.417+0900: 41031.944: [GC (Allocation Failure) [PSYoungGen: 152064K->4032K(154112K)] 238604K->90820K(655360K), 0.0069869 secs] [Times: user=0.05 sys=0.00, real=0.01 secs] 
2019-01-01T04:27:02.072+0900: 41068.599: [GC (Allocation Failure) [PSYoungGen: 152000K->4032K(154624K)] 238788K->91100K(655872K), 0.0068190 secs] [Times: user=0.05 sys=0.00, real=0.01 secs] 
2019-01-01T04:27:39.130+0900: 41105.656: [GC (Allocation Failure) [PSYoungGen: 152512K->4032K(154624K)] 239580K->91380K(655872K), 0.0060502 secs] [Times: user=0.04 sys=0.00, real=0.01 secs] 
2019-01-01T04:28:16.313+0900: 41142.839: [GC (Allocation Failure) [PSYoungGen: 152512K->4064K(155136K)] 239860K->91708K(656384K), 0.0054987 secs] [Times: user=0.03 sys=0.00, real=0.01 secs] 
2019-01-01T04:28:53.565+0900: 41180.091: [GC (Allocation Failure) [PSYoungGen: 153056K->4064K(155136K)] 240700K->91996K(656384K), 0.0073636 secs] [Times: user=0.06 sys=0.00, real=0.00 secs] 
2019-01-01T04:29:30.925+0900: 41217.451: [GC (Allocation Failure) [PSYoungGen: 153056K->4128K(155648K)] 240988K->92348K(656896K), 0.0072331 secs] [Times: user=0.05 sys=0.00, real=0.00 secs] 
2019-01-01T04:30:08.374+0900: 41254.901: [GC (Allocation Failure) [PSYoungGen: 153632K->4032K(155648K)] 241852K->92556K(656896K), 0.0071901 secs] [Times: user=0.06 sys=0.00, real=0.00 secs] 
2019-01-01T04:30:45.712+0900: 41292.239: [GC (Allocation Failure) [PSYoungGen: 153536K->4160K(156160K)] 242060K->92972K(657408K), 0.0063566 secs] [Times: user=0.04 sys=0.00, real=0.01 secs] 
2019-01-01T04:31:23.115+0900: 41329.641: [GC (Allocation Failure) [PSYoungGen: 154176K->4128K(156160K)] 242988K->93228K(657408K), 0.0059623 secs] [Times: user=0.04 sys=0.00, real=0.00 secs] 
2019-01-01T04:32:00.689+0900: 41367.215: [GC (Allocation Failure) [PSYoungGen: 154144K->4096K(156672K)] 243244K->93484K(657920K), 0.0078965 secs] [Times: user=0.06 sys=0.00, real=0.01 secs] 
2019-01-01T04:32:38.159+0900: 41404.686: [GC (Allocation Failure) [PSYoungGen: 154624K->4160K(156672K)] 244012K->93844K(657920K), 0.0062655 secs] [Times: user=0.05 sys=0.00, real=0.01 secs] 
2019-01-01T04:33:15.672+0900: 41442.198: [GC (Allocation Failure) [PSYoungGen: 154688K->4160K(157184K)] 244372K->94124K(658432K), 0.0067472 secs] [Times: user=0.04 sys=0.00, real=0.01 secs] 
2019-01-01T04:33:53.457+0900: 41479.984: [GC (Allocation Failure) [PSYoungGen: 155200K->4160K(157184K)] 245164K->94420K(658432K), 0.0071828 secs] [Times: user=0.05 sys=0.00, real=0.01 secs] 
2019-01-01T04:34:31.245+0900: 41517.772: [GC (Allocation Failure) [PSYoungGen: 155200K->4160K(157184K)] 245460K->94692K(658432K), 0.0063174 secs] [Times: user=0.04 sys=0.00, real=0.00 secs] 
2019-01-01T04:35:09.111+0900: 41555.637: [GC (Allocation Failure) [PSYoungGen: 155712K->4224K(157184K)] 246244K->95036K(658432K), 0.0069907 secs] [Times: user=0.05 sys=0.00, real=0.01 secs] 
2019-01-01T04:35:46.920+0900: 41593.447: [GC (Allocation Failure) [PSYoungGen: 155776K->4160K(157696K)] 246588K->95268K(658944K), 0.0055859 secs] [Times: user=0.05 sys=0.00, real=0.01 secs] 
2019-01-01T04:36:24.945+0900: 41631.472: [GC (Allocation Failure) [PSYoungGen: 156224K->4224K(157696K)] 247332K->95628K(658944K), 0.0075748 secs] [Times: user=0.06 sys=0.00, real=0.00 secs] 
2019-01-01T04:37:02.894+0900: 41669.420: [GC (Allocation Failure) [PSYoungGen: 156288K->4224K(158208K)] 247692K->95916K(659456K), 0.0065624 secs] [Times: user=0.04 sys=0.00, real=0.01 secs] 
2019-01-01T04:37:40.460+0900: 41706.987: [GC (Allocation Failure) [PSYoungGen: 156800K->4288K(158208K)] 248492K->96268K(659456K), 0.0058870 secs] [Times: user=0.04 sys=0.00, real=0.01 secs] 
2019-01-01T04:38:18.352+0900: 41744.879: [GC (Allocation Failure) [PSYoungGen: 156864K->4256K(158720K)] 248844K->96532K(659968K), 0.0070981 secs] [Times: user=0.05 sys=0.00, real=0.01 secs] 
2019-01-01T04:38:56.551+0900: 41783.077: [GC (Allocation Failure) [PSYoungGen: 157344K->4288K(158720K)] 249620K->96852K(659968K), 0.0057836 secs] [Times: user=0.04 sys=0.00, real=0.01 secs] 
2019-01-01T04:39:34.681+0900: 41821.207: [GC (Allocation Failure) [PSYoungGen: 157376K->4288K(159232K)] 249940K->97148K(660480K), 0.0064115 secs] [Times: user=0.04 sys=0.01, real=0.01 secs] 
2019-01-01T04:40:12.944+0900: 41859.471: [GC (Allocation Failure) [PSYoungGen: 157888K->4288K(159232K)] 250748K->97444K(660480K), 0.0064626 secs] [Times: user=0.05 sys=0.00, real=0.00 secs] 
2019-01-01T04:40:51.175+0900: 41897.702: [GC (Allocation Failure) [PSYoungGen: 157888K->4288K(158720K)] 251044K->97740K(659968K), 0.0063458 secs] [Times: user=0.05 sys=0.00, real=0.00 secs] 
2019-01-01T04:41:29.601+0900: 41936.128: [GC (Allocation Failure) [PSYoungGen: 158400K->4352K(159232K)] 251852K->98108K(660480K), 0.0058877 secs] [Times: user=0.05 sys=0.00, real=0.01 secs] 
2019-01-01T04:42:08.118+0900: 41974.645: [GC (Allocation Failure) [PSYoungGen: 158464K->4320K(159744K)] 252220K->98396K(660992K), 0.0067902 secs] [Times: user=0.05 sys=0.00, real=0.01 secs] 
2019-01-01T04:42:46.620+0900: 42013.147: [GC (Allocation Failure) [PSYoungGen: 158944K->4320K(159744K)] 253020K->98708K(660992K), 0.0067407 secs] [Times: user=0.05 sys=0.00, real=0.01 secs] 
2019-01-01T04:43:25.231+0900: 42051.758: [GC (Allocation Failure) [PSYoungGen: 158944K->4352K(160256K)] 253332K->99028K(661504K), 0.0068520 secs] [Times: user=0.05 sys=0.00, real=0.01 secs] 
2019-01-01T04:44:03.958+0900: 42090.485: [GC (Allocation Failure) [PSYoungGen: 159488K->4384K(160256K)] 254164K->99364K(661504K), 0.0063834 secs] [Times: user=0.05 sys=0.00, real=0.01 secs] 
2019-01-01T04:44:42.789+0900: 42129.316: [GC (Allocation Failure) [PSYoungGen: 159520K->4352K(160768K)] 254500K->99636K(662016K), 0.0062389 secs] [Times: user=0.04 sys=0.00, real=0.01 secs] 
2019-01-01T04:45:21.741+0900: 42168.267: [GC (Allocation Failure) [PSYoungGen: 160000K->4384K(160768K)] 255284K->99972K(662016K), 0.0067837 secs] [Times: user=0.05 sys=0.00, real=0.01 secs] 
2019-01-01T04:46:00.552+0900: 42207.079: [GC (Allocation Failure) [PSYoungGen: 160032K->4320K(161280K)] 255620K->100220K(662528K), 0.0060741 secs] [Times: user=0.05 sys=0.00, real=0.01 secs] 
2019-01-01T04:46:39.686+0900: 42246.212: [GC (Allocation Failure) [PSYoungGen: 160480K->4448K(161280K)] 256380K->100652K(662528K), 0.0072759 secs] [Times: user=0.06 sys=0.00, real=0.00 secs] 
2019-01-01T04:47:18.804+0900: 42285.330: [GC (Allocation Failure) [PSYoungGen: 160608K->4416K(161792K)] 256812K->100924K(663040K), 0.0063374 secs] [Times: user=0.04 sys=0.00, real=0.01 secs] 
2019-01-01T04:47:58.036+0900: 42324.563: [GC (Allocation Failure) [PSYoungGen: 161088K->4448K(161792K)] 257596K->101268K(663040K), 0.0068839 secs] [Times: user=0.04 sys=0.00, real=0.00 secs] 
2019-01-01T04:48:37.053+0900: 42363.580: [GC (Allocation Failure) [PSYoungGen: 161120K->4448K(162304K)] 257940K->101564K(663552K), 0.0059361 secs] [Times: user=0.05 sys=0.00, real=0.01 secs] 
2019-01-01T04:49:16.479+0900: 42403.006: [GC (Allocation Failure) [PSYoungGen: 161632K->4448K(162304K)] 258748K->101868K(663552K), 0.0054260 secs] [Times: user=0.04 sys=0.00, real=0.01 secs] 
2019-01-01T04:49:55.896+0900: 42442.422: [GC (Allocation Failure) [PSYoungGen: 161632K->4512K(162816K)] 259052K->102244K(664064K), 0.0060440 secs] [Times: user=0.04 sys=0.00, real=0.00 secs] 
2019-01-01T04:50:35.406+0900: 42481.933: [GC (Allocation Failure) [PSYoungGen: 162208K->4512K(162816K)] 259940K->102564K(664064K), 0.0066302 secs] [Times: user=0.05 sys=0.00, real=0.00 secs] 
2019-01-01T04:51:14.703+0900: 42521.230: [GC (Allocation Failure) [PSYoungGen: 162208K->4512K(163328K)] 260260K->102892K(664576K), 0.0068900 secs] [Times: user=0.05 sys=0.00, real=0.01 secs] 
2019-01-01T04:51:54.228+0900: 42560.754: [GC (Allocation Failure) [PSYoungGen: 162720K->4512K(163328K)] 261100K->103212K(664576K), 0.0063746 secs] [Times: user=0.05 sys=0.00, real=0.01 secs] 
2019-01-01T04:52:33.690+0900: 42600.217: [GC (Allocation Failure) [PSYoungGen: 162720K->4544K(163840K)] 261420K->103564K(665088K), 0.0081325 secs] [Times: user=0.06 sys=0.00, real=0.01 secs] 
2019-01-01T04:53:13.159+0900: 42639.685: [GC (Allocation Failure) [PSYoungGen: 163264K->4544K(163840K)] 262284K->103884K(665088K), 0.0065561 secs] [Times: user=0.04 sys=0.00, real=0.01 secs] 
2019-01-01T04:53:52.910+0900: 42679.437: [GC (Allocation Failure) [PSYoungGen: 163264K->4512K(164352K)] 262604K->104180K(665600K), 0.0077849 secs] [Times: user=0.06 sys=0.00, real=0.01 secs] 
2019-01-01T04:54:32.789+0900: 42719.316: [GC (Allocation Failure) [PSYoungGen: 163744K->4512K(164352K)] 263412K->104484K(665600K), 0.0071544 secs] [Times: user=0.06 sys=0.00, real=0.01 secs] 
2019-01-01T04:55:12.569+0900: 42759.095: [GC (Allocation Failure) [PSYoungGen: 163744K->4544K(164864K)] 263716K->104844K(666112K), 0.0067739 secs] [Times: user=0.05 sys=0.00, real=0.01 secs] 
2019-01-01T04:55:52.347+0900: 42798.874: [GC (Allocation Failure) [PSYoungGen: 164288K->4512K(164864K)] 264588K->105124K(666112K), 0.0063269 secs] [Times: user=0.04 sys=0.00, real=0.00 secs] 
2019-01-01T04:56:32.402+0900: 42838.929: [GC (Allocation Failure) [PSYoungGen: 164256K->4576K(165376K)] 264868K->105524K(666624K), 0.0064655 secs] [Times: user=0.05 sys=0.00, real=0.01 secs] 
2019-01-01T04:57:12.140+0900: 42878.667: [GC (Allocation Failure) [PSYoungGen: 164832K->4544K(165376K)] 265780K->105804K(666624K), 0.0081742 secs] [Times: user=0.07 sys=0.00, real=0.01 secs] 
2019-01-01T04:57:52.004+0900: 42918.530: [GC (Allocation Failure) [PSYoungGen: 164800K->4576K(165888K)] 266060K->106148K(667136K), 0.0061433 secs] [Times: user=0.05 sys=0.00, real=0.00 secs] 
2019-01-01T04:58:32.180+0900: 42958.707: [GC (Allocation Failure) [PSYoungGen: 165344K->4608K(165888K)] 266916K->106500K(667136K), 0.0080887 secs] [Times: user=0.06 sys=0.00, real=0.01 secs] 
2019-01-01T04:59:12.326+0900: 42998.853: [GC (Allocation Failure) [PSYoungGen: 165376K->4576K(166400K)] 267268K->106796K(667648K), 0.0066159 secs] [Times: user=0.05 sys=0.00, real=0.00 secs] 
2019-01-01T04:59:52.577+0900: 43039.104: [GC (Allocation Failure) [PSYoungGen: 165856K->4608K(166400K)] 268076K->107172K(667648K), 0.0071457 secs] [Times: user=0.05 sys=0.00, real=0.01 secs] 
2019-01-01T05:00:32.890+0900: 43079.417: [GC (Allocation Failure) [PSYoungGen: 165888K->4576K(166912K)] 268452K->107452K(668160K), 0.0064446 secs] [Times: user=0.05 sys=0.00, real=0.01 secs] 
2019-01-01T05:01:13.338+0900: 43119.864: [GC (Allocation Failure) [PSYoungGen: 166368K->4704K(166912K)] 269244K->107900K(668160K), 0.0069889 secs] [Times: user=0.05 sys=0.00, real=0.01 secs] 
2019-01-01T05:01:54.053+0900: 43160.580: [GC (Allocation Failure) [PSYoungGen: 166496K->4640K(167424K)] 269692K->108156K(668672K), 0.0070851 secs] [Times: user=0.06 sys=0.00, real=0.01 secs] 
2019-01-01T05:02:34.850+0900: 43201.377: [GC (Allocation Failure) [PSYoungGen: 166944K->4608K(167424K)] 270460K->108436K(668672K), 0.0073851 secs] [Times: user=0.06 sys=0.00, real=0.01 secs] 
2019-01-01T05:03:15.072+0900: 43241.599: [GC (Allocation Failure) [PSYoungGen: 166912K->4864K(167936K)] 270740K->109020K(669184K), 0.0072586 secs] [Times: user=0.06 sys=0.00, real=0.01 secs] 
2019-01-01T05:03:55.738+0900: 43282.265: [GC (Allocation Failure) [PSYoungGen: 167680K->4640K(167936K)] 271836K->109116K(669184K), 0.0061270 secs] [Times: user=0.05 sys=0.00, real=0.01 secs] 
2019-01-01T05:04:36.620+0900: 43323.146: [GC (Allocation Failure) [PSYoungGen: 167456K->4320K(168448K)] 271932K->109132K(669696K), 0.0067628 secs] [Times: user=0.05 sys=0.00, real=0.01 secs] 
2019-01-01T05:05:17.246+0900: 43363.773: [GC (Allocation Failure) [PSYoungGen: 167648K->4000K(168448K)] 272460K->109148K(669696K), 0.0059093 secs] [Times: user=0.04 sys=0.00, real=0.00 secs] 
2019-01-01T05:05:57.858+0900: 43404.385: [GC (Allocation Failure) [PSYoungGen: 167328K->3712K(168960K)] 272476K->109188K(670208K), 0.0059026 secs] [Times: user=0.04 sys=0.00, real=0.01 secs] 
2019-01-01T05:06:38.817+0900: 43445.344: [GC (Allocation Failure) [PSYoungGen: 167552K->3456K(168960K)] 273028K->109244K(670208K), 0.0055008 secs] [Times: user=0.04 sys=0.00, real=0.00 secs] 
2019-01-01T05:07:19.770+0900: 43486.297: [GC (Allocation Failure) [PSYoungGen: 167296K->3168K(169984K)] 273084K->109292K(671232K), 0.0056206 secs] [Times: user=0.04 sys=0.00, real=0.01 secs] 
2019-01-01T05:08:00.895+0900: 43527.422: [GC (Allocation Failure) [PSYoungGen: 167520K->2880K(169984K)] 273644K->109340K(671232K), 0.0053487 secs] [Times: user=0.03 sys=0.00, real=0.00 secs] 
2019-01-01T05:08:42.020+0900: 43568.547: [GC (Allocation Failure) [PSYoungGen: 167232K->2624K(170496K)] 273692K->109428K(671744K), 0.0049484 secs] [Times: user=0.03 sys=0.00, real=0.01 secs] 
2019-01-01T05:09:23.264+0900: 43609.790: [GC (Allocation Failure) [PSYoungGen: 167488K->2304K(170496K)] 274292K->109444K(671744K), 0.0047949 secs] [Times: user=0.03 sys=0.00, real=0.00 secs] 
2019-01-01T05:10:04.389+0900: 43650.915: [GC (Allocation Failure) [PSYoungGen: 167168K->2016K(171520K)] 274308K->109484K(672768K), 0.0041832 secs] [Times: user=0.03 sys=0.00, real=0.00 secs] 
2019-01-01T05:10:45.812+0900: 43692.339: [GC (Allocation Failure) [PSYoungGen: 167392K->1696K(171520K)] 274860K->109492K(672768K), 0.0043729 secs] [Times: user=0.02 sys=0.00, real=0.01 secs] 
2019-01-01T05:11:27.219+0900: 43733.745: [GC (Allocation Failure) [PSYoungGen: 167072K->1376K(172032K)] 274868K->109508K(673280K), 0.0040825 secs] [Times: user=0.03 sys=0.00, real=0.00 secs] 
2019-01-01T05:12:08.535+0900: 43775.062: [GC (Allocation Failure) [PSYoungGen: 167264K->1088K(172032K)] 275396K->109548K(673280K), 0.0041669 secs] [Times: user=0.03 sys=0.00, real=0.00 secs] 
2019-01-01T05:12:49.832+0900: 43816.359: [GC (Allocation Failure) [PSYoungGen: 166976K->736K(172544K)] 275436K->109524K(673792K), 0.0039133 secs] [Times: user=0.03 sys=0.00, real=0.01 secs] 
2019-01-01T05:13:31.388+0900: 43857.915: [GC (Allocation Failure) [PSYoungGen: 167136K->640K(172544K)] 275924K->109660K(673792K), 0.0037663 secs] [Times: user=0.02 sys=0.00, real=0.00 secs] 
2019-01-01T05:14:12.941+0900: 43899.468: [GC (Allocation Failure) [PSYoungGen: 167040K->640K(172544K)] 276060K->109660K(673792K), 0.0031228 secs] [Times: user=0.02 sys=0.00, real=0.01 secs] 
2019-01-01T05:14:54.656+0900: 43941.183: [GC (Allocation Failure) [PSYoungGen: 167552K->608K(173056K)] 276572K->109628K(674304K), 0.0032073 secs] [Times: user=0.01 sys=0.00, real=0.00 secs] 
2019-01-01T05:15:36.381+0900: 43982.908: [GC (Allocation Failure) [PSYoungGen: 167520K->704K(173568K)] 276540K->109724K(674816K), 0.0032675 secs] [Times: user=0.01 sys=0.00, real=0.01 secs] 
2019-01-01T05:16:17.985+0900: 44024.512: [GC (Allocation Failure) [PSYoungGen: 168128K->672K(173568K)] 277148K->109692K(674816K), 0.0037100 secs] [Times: user=0.02 sys=0.00, real=0.00 secs] 
2019-01-01T05:16:59.817+0900: 44066.344: [GC (Allocation Failure) [PSYoungGen: 168096K->640K(173056K)] 277116K->109668K(674304K), 0.0031909 secs] [Times: user=0.02 sys=0.00, real=0.00 secs] 
2019-01-01T05:17:41.870+0900: 44108.397: [GC (Allocation Failure) [PSYoungGen: 168576K->672K(173568K)] 277604K->109716K(674816K), 0.0031631 secs] [Times: user=0.02 sys=0.00, real=0.00 secs] 
2019-01-01T05:18:23.883+0900: 44150.410: [GC (Allocation Failure) [PSYoungGen: 168608K->576K(174080K)] 277652K->109620K(675328K), 0.0031121 secs] [Times: user=0.02 sys=0.00, real=0.01 secs] 
2019-01-01T05:19:05.881+0900: 44192.408: [GC (Allocation Failure) [PSYoungGen: 169024K->704K(174080K)] 278068K->109748K(675328K), 0.0034106 secs] [Times: user=0.01 sys=0.00, real=0.01 secs] 
2019-01-01T05:19:48.004+0900: 44234.531: [GC (Allocation Failure) [PSYoungGen: 169152K->704K(174080K)] 278196K->109748K(675328K), 0.0031741 secs] [Times: user=0.02 sys=0.00, real=0.00 secs] 
2019-01-01T05:20:30.341+0900: 44276.868: [GC (Allocation Failure) [PSYoungGen: 169664K->672K(174080K)] 278708K->109724K(675328K), 0.0036715 secs] [Times: user=0.02 sys=0.00, real=0.01 secs] 
2019-01-01T05:21:11.933+0900: 44318.460: [GC (Allocation Failure) [PSYoungGen: 169632K->768K(174080K)] 278684K->109820K(675328K), 0.0046011 secs] [Times: user=0.03 sys=0.00, real=0.01 secs] 
2019-01-01T05:21:54.189+0900: 44360.716: [GC (Allocation Failure) [PSYoungGen: 170240K->864K(174080K)] 279292K->109924K(675328K), 0.0049333 secs] [Times: user=0.03 sys=0.00, real=0.01 secs] 
2019-01-01T05:22:36.604+0900: 44403.131: [GC (Allocation Failure) [PSYoungGen: 170336K->928K(174080K)] 279396K->110004K(675328K), 0.0063280 secs] [Times: user=0.04 sys=0.00, real=0.00 secs] 
2019-01-01T05:23:19.186+0900: 44445.713: [GC (Allocation Failure) [PSYoungGen: 170912K->992K(174080K)] 279988K->110076K(675328K), 0.0054343 secs] [Times: user=0.04 sys=0.00, real=0.00 secs] 
2019-01-01T05:24:01.592+0900: 44488.118: [GC (Allocation Failure) [PSYoungGen: 170976K->1088K(173568K)] 280060K->110212K(674816K), 0.0058839 secs] [Times: user=0.04 sys=0.00, real=0.01 secs] 
2019-01-01T05:24:44.249+0900: 44530.776: [GC (Allocation Failure) [PSYoungGen: 171584K->1312K(174080K)] 280708K->110508K(675328K), 0.0060425 secs] [Times: user=0.04 sys=0.00, real=0.01 secs] 
2019-01-01T05:25:26.842+0900: 44573.368: [GC (Allocation Failure) [PSYoungGen: 171808K->1472K(174592K)] 281004K->110700K(675840K), 0.0065386 secs] [Times: user=0.04 sys=0.00, real=0.01 secs] 
2019-01-01T05:26:09.612+0900: 44616.138: [GC (Allocation Failure) [PSYoungGen: 172480K->1632K(174592K)] 281708K->110900K(675840K), 0.0066826 secs] [Times: user=0.05 sys=0.00, real=0.01 secs] 
2019-01-01T05:26:52.386+0900: 44658.913: [GC (Allocation Failure) [PSYoungGen: 172640K->1792K(175104K)] 281908K->111116K(676352K), 0.0087233 secs] [Times: user=0.07 sys=0.01, real=0.01 secs] 
2019-01-01T05:27:35.265+0900: 44701.792: [GC (Allocation Failure) [PSYoungGen: 173312K->1984K(175104K)] 282636K->111388K(676352K), 0.0067078 secs] [Times: user=0.06 sys=0.00, real=0.00 secs] 
2019-01-01T05:28:18.156+0900: 44744.683: [GC (Allocation Failure) [PSYoungGen: 173504K->2144K(175616K)] 282908K->111628K(676864K), 0.0066440 secs] [Times: user=0.05 sys=0.00, real=0.00 secs] 
2019-01-01T05:29:01.261+0900: 44787.788: [GC (Allocation Failure) [PSYoungGen: 174176K->2368K(175616K)] 283660K->111932K(676864K), 0.0068066 secs] [Times: user=0.05 sys=0.00, real=0.01 secs] 
2019-01-01T05:29:44.344+0900: 44830.871: [GC (Allocation Failure) [PSYoungGen: 174400K->2464K(175616K)] 283964K->112116K(676864K), 0.0072984 secs] [Times: user=0.05 sys=0.00, real=0.00 secs] 
2019-01-01T05:30:27.035+0900: 44873.561: [GC (Allocation Failure) [PSYoungGen: 174496K->2688K(176128K)] 284148K->112428K(677376K), 0.0067290 secs] [Times: user=0.04 sys=0.00, real=0.00 secs] 
2019-01-01T05:31:09.952+0900: 44916.479: [GC (Allocation Failure) [PSYoungGen: 174720K->2848K(176640K)] 284460K->112684K(677888K), 0.0074754 secs] [Times: user=0.06 sys=0.00, real=0.01 secs] 
2019-01-01T05:31:53.112+0900: 44959.639: [GC (Allocation Failure) [PSYoungGen: 175392K->3040K(176640K)] 285228K->112980K(677888K), 0.0084044 secs] [Times: user=0.06 sys=0.00, real=0.01 secs] 
2019-01-01T05:32:35.920+0900: 45002.447: [GC (Allocation Failure) [PSYoungGen: 175584K->3200K(177664K)] 285524K->113268K(678912K), 0.0093061 secs] [Times: user=0.08 sys=0.00, real=0.01 secs] 
2019-01-01T05:33:19.167+0900: 45045.694: [GC (Allocation Failure) [PSYoungGen: 176256K->3296K(177664K)] 286324K->113508K(678912K), 0.0060835 secs] [Times: user=0.05 sys=0.00, real=0.00 secs] 
2019-01-01T05:34:02.423+0900: 45088.950: [GC (Allocation Failure) [PSYoungGen: 176352K->3424K(178688K)] 286564K->113788K(679936K), 0.0065849 secs] [Times: user=0.05 sys=0.00, real=0.01 secs] 
2019-01-01T05:34:45.848+0900: 45132.374: [GC (Allocation Failure) [PSYoungGen: 176992K->3584K(178688K)] 287356K->114124K(679936K), 0.0078253 secs] [Times: user=0.06 sys=0.00, real=0.01 secs] 
2019-01-01T05:35:29.262+0900: 45175.789: [GC (Allocation Failure) [PSYoungGen: 177152K->3584K(178688K)] 287692K->114324K(679936K), 0.0086283 secs] [Times: user=0.06 sys=0.00, real=0.01 secs] 
2019-01-01T05:36:12.674+0900: 45219.201: [GC (Allocation Failure) [PSYoungGen: 177152K->3712K(179200K)] 287892K->114660K(680448K), 0.0066252 secs] [Times: user=0.05 sys=0.00, real=0.00 secs] 
2019-01-01T05:36:56.228+0900: 45262.754: [GC (Allocation Failure) [PSYoungGen: 177280K->3712K(179712K)] 288228K->114892K(680960K), 0.0074448 secs] [Times: user=0.05 sys=0.00, real=0.01 secs] 
2019-01-01T05:37:39.527+0900: 45306.054: [GC (Allocation Failure) [PSYoungGen: 177792K->3808K(179712K)] 288972K->115212K(680960K), 0.0069547 secs] [Times: user=0.05 sys=0.00, real=0.01 secs] 
2019-01-01T05:38:22.953+0900: 45349.480: [GC (Allocation Failure) [PSYoungGen: 177888K->3936K(179712K)] 289292K->115572K(680960K), 0.0087623 secs] [Times: user=0.07 sys=0.00, real=0.01 secs] 
2019-01-01T05:39:06.717+0900: 45393.244: [GC (Allocation Failure) [PSYoungGen: 178016K->4000K(180224K)] 289652K->115868K(681472K), 0.0093677 secs] [Times: user=0.08 sys=0.00, real=0.01 secs] 
2019-01-01T05:39:50.046+0900: 45436.572: [GC (Allocation Failure) [PSYoungGen: 178080K->4160K(180736K)] 289948K->116284K(681984K), 0.0099873 secs] [Times: user=0.08 sys=0.00, real=0.01 secs] 
2019-01-01T05:40:33.627+0900: 45480.154: [GC (Allocation Failure) [PSYoungGen: 178752K->4096K(180736K)] 290876K->116484K(681984K), 0.0078835 secs] [Times: user=0.06 sys=0.00, real=0.01 secs] 
2019-01-01T05:41:17.392+0900: 45523.919: [GC (Allocation Failure) [PSYoungGen: 178688K->4192K(181248K)] 291076K->116868K(682496K), 0.0076575 secs] [Times: user=0.05 sys=0.00, real=0.01 secs] 
2019-01-01T05:42:01.171+0900: 45567.698: [GC (Allocation Failure) [PSYoungGen: 179296K->4224K(181248K)] 291972K->117172K(682496K), 0.0093155 secs] [Times: user=0.07 sys=0.00, real=0.01 secs] 
2019-01-01T05:42:44.782+0900: 45611.309: [GC (Allocation Failure) [PSYoungGen: 179328K->4288K(181760K)] 292276K->117524K(683008K), 0.0092499 secs] [Times: user=0.07 sys=0.00, real=0.01 secs] 
2019-01-01T05:43:28.598+0900: 45655.125: [GC (Allocation Failure) [PSYoungGen: 179904K->4320K(181760K)] 293140K->117828K(683008K), 0.0080291 secs] [Times: user=0.07 sys=0.00, real=0.01 secs] 
2019-01-01T05:44:12.354+0900: 45698.880: [GC (Allocation Failure) [PSYoungGen: 179936K->4320K(182784K)] 293444K->118108K(684032K), 0.0103691 secs] [Times: user=0.09 sys=0.00, real=0.01 secs] 
2019-01-01T05:44:56.153+0900: 45742.679: [GC (Allocation Failure) [PSYoungGen: 180448K->4416K(182784K)] 294236K->118500K(684032K), 0.0086074 secs] [Times: user=0.07 sys=0.00, real=0.01 secs] 
2019-01-01T05:45:40.274+0900: 45786.801: [GC (Allocation Failure) [PSYoungGen: 180544K->4448K(183296K)] 294628K->118812K(684544K), 0.0068739 secs] [Times: user=0.05 sys=0.00, real=0.00 secs] 
2019-01-01T05:46:24.412+0900: 45830.939: [GC (Allocation Failure) [PSYoungGen: 181088K->4608K(183296K)] 295452K->119260K(684544K), 0.0077530 secs] [Times: user=0.06 sys=0.00, real=0.01 secs] 
2019-01-01T05:47:08.588+0900: 45875.115: [GC (Allocation Failure) [PSYoungGen: 181248K->4512K(183808K)] 295900K->119460K(685056K), 0.0083339 secs] [Times: user=0.07 sys=0.00, real=0.01 secs] 
2019-01-01T05:47:52.698+0900: 45919.224: [GC (Allocation Failure) [PSYoungGen: 181664K->4576K(183808K)] 296612K->119820K(685056K), 0.0094906 secs] [Times: user=0.07 sys=0.00, real=0.01 secs] 
2019-01-01T05:48:37.100+0900: 45963.627: [GC (Allocation Failure) [PSYoungGen: 181728K->4576K(184320K)] 296972K->120124K(685568K), 0.0102834 secs] [Times: user=0.08 sys=0.00, real=0.01 secs] 
2019-01-01T05:49:21.305+0900: 46007.832: [GC (Allocation Failure) [PSYoungGen: 182240K->4640K(184320K)] 297788K->120516K(685568K), 0.0075807 secs] [Times: user=0.05 sys=0.00, real=0.00 secs] 
2019-01-01T05:50:05.536+0900: 46052.063: [GC (Allocation Failure) [PSYoungGen: 182304K->4640K(184832K)] 298180K->120844K(686080K), 0.0099835 secs] [Times: user=0.08 sys=0.00, real=0.01 secs] 
2019-01-01T05:50:50.062+0900: 46096.588: [GC (Allocation Failure) [PSYoungGen: 182816K->4640K(184832K)] 299020K->121164K(686080K), 0.0093905 secs] [Times: user=0.08 sys=0.00, real=0.01 secs] 
2019-01-01T05:51:34.634+0900: 46141.161: [GC (Allocation Failure) [PSYoungGen: 182816K->4608K(184320K)] 299340K->121460K(685568K), 0.0087329 secs] [Times: user=0.07 sys=0.00, real=0.00 secs] 
2019-01-01T05:52:19.349+0900: 46185.875: [GC (Allocation Failure) [PSYoungGen: 183296K->4704K(184832K)] 300148K->121876K(686080K), 0.0085262 secs] [Times: user=0.06 sys=0.00, real=0.01 secs] 
2019-01-01T05:53:04.128+0900: 46230.655: [GC (Allocation Failure) [PSYoungGen: 183392K->4736K(185344K)] 300564K->122244K(686592K), 0.0065913 secs] [Times: user=0.05 sys=0.00, real=0.01 secs] 
2019-01-01T05:53:48.606+0900: 46275.133: [GC (Allocation Failure) [PSYoungGen: 183936K->4736K(185344K)] 301444K->122564K(686592K), 0.0086425 secs] [Times: user=0.06 sys=0.00, real=0.01 secs] 
2019-01-01T05:54:33.477+0900: 46320.004: [GC (Allocation Failure) [PSYoungGen: 183936K->4672K(185856K)] 301764K->122828K(687104K), 0.0069845 secs] [Times: user=0.06 sys=0.00, real=0.01 secs] 
2019-01-01T05:55:18.364+0900: 46364.891: [GC (Allocation Failure) [PSYoungGen: 184384K->4704K(185856K)] 302540K->123180K(687104K), 0.0100146 secs] [Times: user=0.08 sys=0.00, real=0.01 secs] 
2019-01-01T05:56:03.338+0900: 46409.865: [GC (Allocation Failure) [PSYoungGen: 184416K->4736K(186368K)] 302892K->123532K(687616K), 0.0089523 secs] [Times: user=0.07 sys=0.00, real=0.01 secs] 
2019-01-01T05:56:48.182+0900: 46454.709: [GC (Allocation Failure) [PSYoungGen: 184960K->4736K(186368K)] 303756K->123860K(687616K), 0.0091372 secs] [Times: user=0.07 sys=0.00, real=0.01 secs] 
2019-01-01T05:57:33.069+0900: 46499.596: [GC (Allocation Failure) [PSYoungGen: 184960K->4736K(186880K)] 304084K->124188K(688128K), 0.0082054 secs] [Times: user=0.07 sys=0.00, real=0.01 secs] 
2019-01-01T05:58:18.216+0900: 46544.743: [GC (Allocation Failure) [PSYoungGen: 185472K->4736K(186880K)] 304924K->124516K(688128K), 0.0097213 secs] [Times: user=0.08 sys=0.00, real=0.01 secs] 
2019-01-01T05:59:03.445+0900: 46589.972: [GC (Allocation Failure) [PSYoungGen: 185472K->4768K(187392K)] 305252K->124868K(688640K), 0.0091249 secs] [Times: user=0.07 sys=0.00, real=0.01 secs] 
2019-01-01T05:59:48.792+0900: 46635.318: [GC (Allocation Failure) [PSYoungGen: 186016K->4768K(187392K)] 306116K->125212K(688640K), 0.0093737 secs] [Times: user=0.07 sys=0.00, real=0.01 secs] 
2019-01-01T06:00:34.209+0900: 46680.735: [GC (Allocation Failure) [PSYoungGen: 186016K->4768K(186880K)] 306460K->125548K(688128K), 0.0095142 secs] [Times: user=0.08 sys=0.00, real=0.01 secs] 
2019-01-01T06:01:19.727+0900: 46726.254: [GC (Allocation Failure) [PSYoungGen: 186528K->4800K(187392K)] 307308K->125916K(688640K), 0.0075942 secs] [Times: user=0.06 sys=0.00, real=0.01 secs] 
2019-01-01T06:02:05.249+0900: 46771.775: [GC (Allocation Failure) [PSYoungGen: 186560K->4768K(187904K)] 307676K->126220K(689152K), 0.0078590 secs] [Times: user=0.07 sys=0.00, real=0.01 secs] 
2019-01-01T06:02:50.876+0900: 46817.403: [GC (Allocation Failure) [PSYoungGen: 187040K->5152K(187904K)] 308492K->126940K(689152K), 0.0100913 secs] [Times: user=0.08 sys=0.00, real=0.01 secs] 
2019-01-01T06:03:36.394+0900: 46862.920: [GC (Allocation Failure) [PSYoungGen: 187424K->4832K(187904K)] 309212K->126972K(689152K), 0.0103978 secs] [Times: user=0.09 sys=0.00, real=0.02 secs] 
2019-01-01T06:04:22.108+0900: 46908.635: [GC (Allocation Failure) [PSYoungGen: 187616K->4576K(188416K)] 309756K->127060K(689664K), 0.0094252 secs] [Times: user=0.08 sys=0.00, real=0.01 secs] 
2019-01-01T06:05:07.864+0900: 46954.391: [GC (Allocation Failure) [PSYoungGen: 187360K->4288K(188928K)] 309844K->127092K(690176K), 0.0075152 secs] [Times: user=0.05 sys=0.00, real=0.00 secs] 
2019-01-01T06:05:53.387+0900: 46999.913: [GC (Allocation Failure) [PSYoungGen: 187584K->4032K(188928K)] 310388K->127180K(690176K), 0.0072177 secs] [Times: user=0.06 sys=0.00, real=0.01 secs] 
2019-01-01T06:06:39.066+0900: 47045.592: [GC (Allocation Failure) [PSYoungGen: 187328K->3712K(189440K)] 310476K->127204K(690688K), 0.0059536 secs] [Times: user=0.04 sys=0.00, real=0.00 secs] 
2019-01-01T06:07:24.998+0900: 47091.525: [GC (Allocation Failure) [PSYoungGen: 187520K->3424K(189440K)] 311012K->127244K(690688K), 0.0057995 secs] [Times: user=0.04 sys=0.00, real=0.01 secs] 
2019-01-01T06:08:10.818+0900: 47137.345: [GC (Allocation Failure) [PSYoungGen: 187232K->3072K(190464K)] 311052K->127228K(691712K), 0.0064956 secs] [Times: user=0.04 sys=0.00, real=0.01 secs] 
2019-01-01T06:08:56.897+0900: 47183.424: [GC (Allocation Failure) [PSYoungGen: 187392K->2784K(190464K)] 311548K->127260K(691712K), 0.0048565 secs] [Times: user=0.03 sys=0.00, real=0.00 secs] 
2019-01-01T06:09:42.770+0900: 47229.297: [GC (Allocation Failure) [PSYoungGen: 187104K->2560K(190976K)] 311580K->127364K(692224K), 0.0051143 secs] [Times: user=0.03 sys=0.00, real=0.01 secs] 
2019-01-01T06:10:28.809+0900: 47275.336: [GC (Allocation Failure) [PSYoungGen: 187392K->2240K(190976K)] 312196K->127396K(692224K), 0.0048892 secs] [Times: user=0.03 sys=0.00, real=0.01 secs] 
2019-01-01T06:11:14.874+0900: 47321.401: [GC (Allocation Failure) [PSYoungGen: 187072K->1920K(191488K)] 312228K->127404K(692736K), 0.0048926 secs] [Times: user=0.03 sys=0.00, real=0.00 secs] 
2019-01-01T06:12:00.962+0900: 47367.488: [GC (Allocation Failure) [PSYoungGen: 187264K->1708K(191488K)] 312748K->127545K(692736K), 0.0051382 secs] [Times: user=0.03 sys=0.00, real=0.01 secs] 
2019-01-01T06:12:47.470+0900: 47413.997: [GC (Allocation Failure) [PSYoungGen: 187052K->1355K(192512K)] 312889K->127527K(693760K), 0.0043408 secs] [Times: user=0.02 sys=0.01, real=0.01 secs] 
2019-01-01T06:13:34.002+0900: 47460.529: [GC (Allocation Failure) [PSYoungGen: 187211K->1120K(192512K)] 313383K->127628K(693760K), 0.0041197 secs] [Times: user=0.02 sys=0.00, real=0.01 secs] 
2019-01-01T06:14:20.290+0900: 47506.817: [GC (Allocation Failure) [PSYoungGen: 186976K->690K(193024K)] 313484K->127638K(694272K), 0.0040167 secs] [Times: user=0.02 sys=0.00, real=0.01 secs] 
2019-01-01T06:15:06.992+0900: 47553.519: [GC (Allocation Failure) [PSYoungGen: 187058K->664K(193024K)] 314006K->127628K(694272K), 0.0029534 secs] [Times: user=0.02 sys=0.00, real=0.01 secs] 
2019-01-01T06:15:53.549+0900: 47600.076: [GC (Allocation Failure) [PSYoungGen: 187032K->672K(193536K)] 313996K->127636K(694784K), 0.0034291 secs] [Times: user=0.01 sys=0.00, real=0.00 secs] 
2019-01-01T06:16:40.161+0900: 47646.687: [GC (Allocation Failure) [PSYoungGen: 187552K->715K(193536K)] 314516K->127703K(694784K), 0.0033011 secs] [Times: user=0.01 sys=0.01, real=0.01 secs] 
2019-01-01T06:17:26.953+0900: 47693.480: [GC (Allocation Failure) [PSYoungGen: 187595K->824K(193024K)] 314583K->127812K(694272K), 0.0047347 secs] [Times: user=0.01 sys=0.02, real=0.01 secs] 
2019-01-01T06:18:14.003+0900: 47740.529: [GC (Allocation Failure) [PSYoungGen: 188216K->696K(193536K)] 315204K->127684K(694784K), 0.0034744 secs] [Times: user=0.01 sys=0.00, real=0.01 secs] 
2019-01-01T06:19:00.281+0900: 47786.808: [GC (Allocation Failure) [PSYoungGen: 188088K->736K(194048K)] 315076K->127724K(695296K), 0.0032378 secs] [Times: user=0.01 sys=0.00, real=0.01 secs] 
2019-01-01T06:19:47.174+0900: 47833.701: [GC (Allocation Failure) [PSYoungGen: 188640K->696K(194048K)] 315628K->127692K(695296K), 0.0032180 secs] [Times: user=0.02 sys=0.00, real=0.00 secs] 
2019-01-01T06:20:34.203+0900: 47880.730: [GC (Allocation Failure) [PSYoungGen: 188600K->683K(194048K)] 315596K->127679K(695296K), 0.0033211 secs] [Times: user=0.01 sys=0.00, real=0.01 secs] 
2019-01-01T06:21:21.287+0900: 47927.814: [GC (Allocation Failure) [PSYoungGen: 189099K->696K(194048K)] 316095K->127692K(695296K), 0.0032864 secs] [Times: user=0.02 sys=0.00, real=0.00 secs] 
2019-01-01T06:22:08.288+0900: 47974.815: [GC (Allocation Failure) [PSYoungGen: 189112K->696K(194048K)] 316108K->127692K(695296K), 0.0034690 secs] [Times: user=0.02 sys=0.00, real=0.00 secs] 
2019-01-01T06:22:55.576+0900: 48022.102: [GC (Allocation Failure) [PSYoungGen: 189624K->728K(194048K)] 316620K->127732K(695296K), 0.0032897 secs] [Times: user=0.01 sys=0.01, real=0.00 secs] 
2019-01-01T06:23:42.805+0900: 48069.332: [GC (Allocation Failure) [PSYoungGen: 189656K->640K(193536K)] 316660K->127728K(694784K), 0.0031731 secs] [Times: user=0.02 sys=0.00, real=0.00 secs] 
2019-01-01T06:24:30.061+0900: 48116.587: [GC (Allocation Failure) [PSYoungGen: 190080K->672K(194048K)] 317168K->127768K(695296K), 0.0034000 secs] [Times: user=0.02 sys=0.00, real=0.01 secs] 
2019-01-01T06:25:17.300+0900: 48163.826: [GC (Allocation Failure) [PSYoungGen: 190112K->640K(193536K)] 317208K->127736K(694784K), 0.0034017 secs] [Times: user=0.01 sys=0.00, real=0.00 secs] 
2019-01-01T06:26:04.594+0900: 48211.121: [GC (Allocation Failure) [PSYoungGen: 190592K->640K(194048K)] 317688K->127736K(695296K), 0.0034565 secs] [Times: user=0.01 sys=0.00, real=0.00 secs] 
2019-01-01T06:26:52.117+0900: 48258.644: [GC (Allocation Failure) [PSYoungGen: 190592K->672K(194560K)] 317688K->127776K(695808K), 0.0034882 secs] [Times: user=0.02 sys=0.00, real=0.00 secs] 
2019-01-01T06:27:39.722+0900: 48306.249: [GC (Allocation Failure) [PSYoungGen: 191136K->608K(194560K)] 318240K->127712K(695808K), 0.0034021 secs] [Times: user=0.02 sys=0.00, real=0.01 secs] 
2019-01-01T06:28:27.394+0900: 48353.920: [GC (Allocation Failure) [PSYoungGen: 191072K->640K(194560K)] 318176K->127744K(695808K), 0.0032837 secs] [Times: user=0.02 sys=0.00, real=0.00 secs] 
2019-01-01T06:29:14.816+0900: 48401.343: [GC (Allocation Failure) [PSYoungGen: 191616K->640K(194560K)] 318720K->127752K(695808K), 0.0034575 secs] [Times: user=0.02 sys=0.00, real=0.00 secs] 
2019-01-01T06:30:02.505+0900: 48449.031: [GC (Allocation Failure) [PSYoungGen: 191616K->672K(194048K)] 318728K->127784K(695296K), 0.0037011 secs] [Times: user=0.01 sys=0.01, real=0.00 secs] 
2019-01-01T06:30:50.274+0900: 48496.801: [GC (Allocation Failure) [PSYoungGen: 192160K->672K(194560K)] 319272K->127808K(695808K), 0.0033706 secs] [Times: user=0.02 sys=0.00, real=0.00 secs] 
2019-01-01T06:31:38.182+0900: 48544.709: [GC (Allocation Failure) [PSYoungGen: 192160K->640K(195072K)] 319296K->127776K(696320K), 0.0032717 secs] [Times: user=0.01 sys=0.00, real=0.01 secs] 
2019-01-01T06:32:26.247+0900: 48592.774: [GC (Allocation Failure) [PSYoungGen: 192640K->640K(195072K)] 319776K->127776K(696320K), 0.0034588 secs] [Times: user=0.02 sys=0.00, real=0.00 secs] 
2019-01-01T06:33:14.367+0900: 48640.893: [GC (Allocation Failure) [PSYoungGen: 192640K->608K(195072K)] 319776K->127744K(696320K), 0.0033182 secs] [Times: user=0.01 sys=0.00, real=0.00 secs] 
2019-01-01T06:34:02.512+0900: 48689.039: [GC (Allocation Failure) [PSYoungGen: 193120K->640K(195072K)] 320256K->127776K(696320K), 0.0030927 secs] [Times: user=0.02 sys=0.00, real=0.01 secs] 
2019-01-01T06:34:50.741+0900: 48737.267: [GC (Allocation Failure) [PSYoungGen: 193152K->608K(195584K)] 320288K->127744K(696832K), 0.0031933 secs] [Times: user=0.02 sys=0.00, real=0.01 secs] 
2019-01-01T06:35:39.019+0900: 48785.546: [GC (Allocation Failure) [PSYoungGen: 193632K->672K(195584K)] 320768K->127808K(696832K), 0.0032212 secs] [Times: user=0.02 sys=0.00, real=0.00 secs] 
2019-01-01T06:36:27.300+0900: 48833.826: [GC (Allocation Failure) [PSYoungGen: 193696K->672K(195584K)] 320832K->127808K(696832K), 0.0033521 secs] [Times: user=0.01 sys=0.00, real=0.00 secs] 
2019-01-01T06:37:15.555+0900: 48882.082: [GC (Allocation Failure) [PSYoungGen: 194208K->672K(195584K)] 321344K->127824K(696832K), 0.0041061 secs] [Times: user=0.02 sys=0.00, real=0.00 secs] 
2019-01-01T06:38:03.848+0900: 48930.375: [GC (Allocation Failure) [PSYoungGen: 194208K->704K(196096K)] 321360K->127864K(697344K), 0.0033430 secs] [Times: user=0.01 sys=0.00, real=0.00 secs] 
2019-01-01T06:38:52.310+0900: 48978.837: [GC (Allocation Failure) [PSYoungGen: 194752K->672K(196096K)] 321912K->127832K(697344K), 0.0032511 secs] [Times: user=0.02 sys=0.00, real=0.00 secs] 
2019-01-01T06:39:40.893+0900: 49027.420: [GC (Allocation Failure) [PSYoungGen: 194720K->640K(196608K)] 321880K->127800K(697856K), 0.0039097 secs] [Times: user=0.03 sys=0.00, real=0.01 secs] 
2019-01-01T06:40:29.418+0900: 49075.945: [GC (Allocation Failure) [PSYoungGen: 195200K->672K(196608K)] 322360K->127832K(697856K), 0.0034117 secs] [Times: user=0.01 sys=0.00, real=0.00 secs] 
2019-01-01T06:41:18.117+0900: 49124.644: [GC (Allocation Failure) [PSYoungGen: 195232K->672K(196608K)] 322392K->127832K(697856K), 0.0034144 secs] [Times: user=0.01 sys=0.00, real=0.00 secs] 
2019-01-01T06:42:06.800+0900: 49173.327: [GC (Allocation Failure) [PSYoungGen: 195744K->576K(196608K)] 322904K->127752K(697856K), 0.0039647 secs] [Times: user=0.02 sys=0.00, real=0.01 secs] 
2019-01-01T06:42:55.571+0900: 49222.098: [GC (Allocation Failure) [PSYoungGen: 195648K->640K(197120K)] 322824K->127816K(698368K), 0.0029417 secs] [Times: user=0.02 sys=0.00, real=0.01 secs] 
2019-01-01T06:43:44.190+0900: 49270.716: [GC (Allocation Failure) [PSYoungGen: 196224K->704K(197120K)] 323400K->127880K(698368K), 0.0037080 secs] [Times: user=0.01 sys=0.01, real=0.00 secs] 
2019-01-01T06:44:33.034+0900: 49319.561: [GC (Allocation Failure) [PSYoungGen: 196288K->640K(197632K)] 323464K->127832K(698880K), 0.0035554 secs] [Times: user=0.02 sys=0.00, real=0.00 secs] 
2019-01-01T06:45:22.129+0900: 49368.656: [GC (Allocation Failure) [PSYoungGen: 196736K->608K(197632K)] 323928K->127800K(698880K), 0.0034262 secs] [Times: user=0.02 sys=0.00, real=0.00 secs] 
2019-01-01T06:46:11.143+0900: 49417.670: [GC (Allocation Failure) [PSYoungGen: 196704K->640K(198144K)] 323896K->127840K(699392K), 0.0033501 secs] [Times: user=0.01 sys=0.00, real=0.01 secs] 
2019-01-01T06:47:00.310+0900: 49466.837: [GC (Allocation Failure) [PSYoungGen: 197248K->672K(198144K)] 324448K->127888K(699392K), 0.0029246 secs] [Times: user=0.02 sys=0.00, real=0.00 secs] 
2019-01-01T06:47:49.141+0900: 49515.667: [GC (Allocation Failure) [PSYoungGen: 197280K->704K(198656K)] 324496K->127936K(699904K), 0.0029216 secs] [Times: user=0.01 sys=0.01, real=0.00 secs] 
2019-01-01T06:48:38.598+0900: 49565.125: [GC (Allocation Failure) [PSYoungGen: 197824K->640K(198656K)] 325056K->127880K(699904K), 0.0033773 secs] [Times: user=0.01 sys=0.00, real=0.00 secs] 
2019-01-01T06:49:27.831+0900: 49614.358: [GC (Allocation Failure) [PSYoungGen: 197760K->640K(198656K)] 325000K->127880K(699904K), 0.0034317 secs] [Times: user=0.02 sys=0.00, real=0.01 secs] 
2019-01-01T06:50:17.217+0900: 49663.744: [GC (Allocation Failure) [PSYoungGen: 198272K->640K(199168K)] 325512K->127880K(700416K), 0.0036236 secs] [Times: user=0.02 sys=0.00, real=0.00 secs] 
2019-01-01T06:51:06.852+0900: 49713.378: [GC (Allocation Failure) [PSYoungGen: 198784K->640K(199168K)] 326024K->127888K(700416K), 0.0033239 secs] [Times: user=0.01 sys=0.00, real=0.01 secs] 
2019-01-01T06:51:56.157+0900: 49762.684: [GC (Allocation Failure) [PSYoungGen: 198784K->608K(199168K)] 326032K->127856K(700416K), 0.0032182 secs] [Times: user=0.01 sys=0.00, real=0.00 secs] 
2019-01-01T06:52:45.324+0900: 49811.851: [GC (Allocation Failure) [PSYoungGen: 198752K->640K(199680K)] 326000K->127888K(700928K), 0.0032221 secs] [Times: user=0.02 sys=0.00, real=0.00 secs] 
2019-01-01T06:53:34.922+0900: 49861.449: [GC (Allocation Failure) [PSYoungGen: 199296K->640K(199680K)] 326544K->127888K(700928K), 0.0029366 secs] [Times: user=0.02 sys=0.00, real=0.01 secs] 
2019-01-01T06:54:24.413+0900: 49910.939: [GC (Allocation Failure) [PSYoungGen: 199296K->640K(200192K)] 326544K->127904K(701440K), 0.0032502 secs] [Times: user=0.02 sys=0.00, real=0.01 secs] 
2019-01-01T06:55:14.071+0900: 49960.598: [GC (Allocation Failure) [PSYoungGen: 199808K->608K(200192K)] 327072K->127872K(701440K), 0.0036822 secs] [Times: user=0.02 sys=0.00, real=0.01 secs] 
2019-01-01T06:56:03.903+0900: 50010.429: [GC (Allocation Failure) [PSYoungGen: 199776K->608K(200704K)] 327040K->127872K(701952K), 0.0033083 secs] [Times: user=0.01 sys=0.00, real=0.01 secs] 
2019-01-01T06:56:53.797+0900: 50060.324: [GC (Allocation Failure) [PSYoungGen: 200288K->608K(200704K)] 327552K->127872K(701952K), 0.0035200 secs] [Times: user=0.02 sys=0.00, real=0.00 secs] 
2019-01-01T06:57:43.720+0900: 50110.246: [GC (Allocation Failure) [PSYoungGen: 200288K->672K(201216K)] 327552K->127936K(702464K), 0.0035726 secs] [Times: user=0.02 sys=0.00, real=0.00 secs] 
2019-01-01T06:58:33.735+0900: 50160.262: [GC (Allocation Failure) [PSYoungGen: 200864K->640K(201216K)] 328128K->127904K(702464K), 0.0034987 secs] [Times: user=0.02 sys=0.00, real=0.00 secs] 
2019-01-01T06:59:23.834+0900: 50210.361: [GC (Allocation Failure) [PSYoungGen: 200832K->640K(201728K)] 328096K->127904K(702976K), 0.0031636 secs] [Times: user=0.01 sys=0.00, real=0.00 secs] 
2019-01-01T07:00:14.001+0900: 50260.527: [GC (Allocation Failure) [PSYoungGen: 201344K->640K(201728K)] 328608K->127904K(702976K), 0.0028732 secs] [Times: user=0.01 sys=0.01, real=0.00 secs] 
2019-01-01T07:01:04.168+0900: 50310.694: [GC (Allocation Failure) [PSYoungGen: 201344K->672K(202240K)] 328608K->127936K(703488K), 0.0033467 secs] [Times: user=0.01 sys=0.00, real=0.00 secs] 
2019-01-01T07:01:54.423+0900: 50360.950: [GC (Allocation Failure) [PSYoungGen: 201888K->672K(202240K)] 329152K->127936K(703488K), 0.0034620 secs] [Times: user=0.01 sys=0.00, real=0.01 secs] 
2019-01-01T07:02:43.811+0900: 50410.338: [GC (Allocation Failure) [PSYoungGen: 201888K->672K(202752K)] 329152K->127936K(704000K), 0.0032170 secs] [Times: user=0.02 sys=0.00, real=0.01 secs] 
2019-01-01T07:03:34.010+0900: 50460.536: [GC (Allocation Failure) [PSYoungGen: 202400K->640K(202752K)] 329664K->127904K(704000K), 0.0031234 secs] [Times: user=0.02 sys=0.00, real=0.00 secs] 
2019-01-01T07:04:24.459+0900: 50510.985: [GC (Allocation Failure) [PSYoungGen: 202368K->672K(203264K)] 329632K->127936K(704512K), 0.0035404 secs] [Times: user=0.01 sys=0.01, real=0.00 secs] 
2019-01-01T07:05:15.056+0900: 50561.583: [GC (Allocation Failure) [PSYoungGen: 202912K->672K(203264K)] 330176K->127936K(704512K), 0.0030134 secs] [Times: user=0.01 sys=0.00, real=0.00 secs] 
2019-01-01T07:06:05.451+0900: 50611.977: [GC (Allocation Failure) [PSYoungGen: 202912K->704K(203776K)] 330176K->127968K(705024K), 0.0035090 secs] [Times: user=0.01 sys=0.00, real=0.01 secs] 
2019-01-01T07:06:56.041+0900: 50662.567: [GC (Allocation Failure) [PSYoungGen: 203456K->704K(203776K)] 330720K->127968K(705024K), 0.0031203 secs] [Times: user=0.01 sys=0.01, real=0.01 secs] 
2019-01-01T07:07:46.695+0900: 50713.222: [GC (Allocation Failure) [PSYoungGen: 203456K->640K(204288K)] 330720K->127904K(705536K), 0.0034958 secs] [Times: user=0.02 sys=0.00, real=0.00 secs] 
2019-01-01T07:08:37.402+0900: 50763.929: [GC (Allocation Failure) [PSYoungGen: 203904K->704K(204288K)] 331168K->127968K(705536K), 0.0031593 secs] [Times: user=0.02 sys=0.00, real=0.01 secs] 
2019-01-01T07:09:28.260+0900: 50814.787: [GC (Allocation Failure) [PSYoungGen: 203968K->704K(204800K)] 331232K->127976K(706048K), 0.0036372 secs] [Times: user=0.01 sys=0.00, real=0.00 secs] 
2019-01-01T07:10:19.201+0900: 50865.727: [GC (Allocation Failure) [PSYoungGen: 204480K->672K(204800K)] 331752K->127952K(706048K), 0.0035391 secs] [Times: user=0.02 sys=0.00, real=0.01 secs] 
2019-01-01T07:11:10.141+0900: 50916.668: [GC (Allocation Failure) [PSYoungGen: 204448K->672K(205312K)] 331728K->127952K(706560K), 0.0032516 secs] [Times: user=0.02 sys=0.00, real=0.01 secs] 
2019-01-01T07:12:01.164+0900: 50967.690: [GC (Allocation Failure) [PSYoungGen: 204960K->640K(205312K)] 332240K->127920K(706560K), 0.0031301 secs] [Times: user=0.02 sys=0.00, real=0.01 secs] 
2019-01-01T07:12:52.376+0900: 51018.903: [GC (Allocation Failure) [PSYoungGen: 204928K->704K(205824K)] 332208K->127984K(707072K), 0.0037457 secs] [Times: user=0.02 sys=0.00, real=0.00 secs] 
2019-01-01T07:13:43.460+0900: 51069.987: [GC (Allocation Failure) [PSYoungGen: 205504K->640K(205824K)] 332784K->127920K(707072K), 0.0035568 secs] [Times: user=0.02 sys=0.00, real=0.00 secs] 
2019-01-01T07:14:34.457+0900: 51120.984: [GC (Allocation Failure) [PSYoungGen: 205440K->672K(206336K)] 332720K->127952K(707584K), 0.0028586 secs] [Times: user=0.02 sys=0.00, real=0.00 secs] 
2019-01-01T07:15:25.662+0900: 51172.188: [GC (Allocation Failure) [PSYoungGen: 205984K->640K(206336K)] 333264K->127936K(707584K), 0.0032111 secs] [Times: user=0.01 sys=0.00, real=0.01 secs] 
2019-01-01T07:16:16.811+0900: 51223.338: [GC (Allocation Failure) [PSYoungGen: 205952K->640K(206848K)] 333248K->127960K(708096K), 0.0032572 secs] [Times: user=0.01 sys=0.01, real=0.01 secs] 
2019-01-01T07:17:07.940+0900: 51274.467: [GC (Allocation Failure) [PSYoungGen: 206464K->672K(206848K)] 333784K->127992K(708096K), 0.0032399 secs] [Times: user=0.02 sys=0.00, real=0.00 secs] 
2019-01-01T07:17:59.005+0900: 51325.531: [GC (Allocation Failure) [PSYoungGen: 206496K->672K(207360K)] 333816K->128016K(708608K), 0.0036210 secs] [Times: user=0.01 sys=0.01, real=0.00 secs] 
2019-01-01T07:18:50.498+0900: 51377.025: [GC (Allocation Failure) [PSYoungGen: 207008K->672K(207360K)] 334352K->128024K(708608K), 0.0034044 secs] [Times: user=0.02 sys=0.00, real=0.00 secs] 
2019-01-01T07:19:42.068+0900: 51428.595: [GC (Allocation Failure) [PSYoungGen: 207008K->640K(207872K)] 334360K->128032K(709120K), 0.0035406 secs] [Times: user=0.02 sys=0.00, real=0.00 secs] 
2019-01-01T07:20:33.809+0900: 51480.336: [GC (Allocation Failure) [PSYoungGen: 207488K->704K(207872K)] 334880K->128096K(709120K), 0.0029300 secs] [Times: user=0.02 sys=0.00, real=0.00 secs] 
2019-01-01T07:21:25.522+0900: 51532.049: [GC (Allocation Failure) [PSYoungGen: 207552K->672K(208384K)] 334944K->128064K(709632K), 0.0030882 secs] [Times: user=0.01 sys=0.00, real=0.01 secs] 
2019-01-01T07:22:17.300+0900: 51583.826: [GC (Allocation Failure) [PSYoungGen: 208032K->672K(208384K)] 335424K->128064K(709632K), 0.0032620 secs] [Times: user=0.02 sys=0.00, real=0.00 secs] 
2019-01-01T07:23:08.641+0900: 51635.168: [GC (Allocation Failure) [PSYoungGen: 208032K->672K(208896K)] 335424K->128064K(710144K), 0.0033896 secs] [Times: user=0.02 sys=0.00, real=0.01 secs] 
2019-01-01T07:24:00.406+0900: 51686.933: [GC (Allocation Failure) [PSYoungGen: 208544K->704K(208896K)] 335936K->128096K(710144K), 0.0029745 secs] [Times: user=0.01 sys=0.01, real=0.00 secs] 
2019-01-01T07:24:52.264+0900: 51738.791: [GC (Allocation Failure) [PSYoungGen: 208576K->672K(209408K)] 335968K->128064K(710656K), 0.0034863 secs] [Times: user=0.01 sys=0.00, real=0.00 secs] 
2019-01-01T07:25:44.254+0900: 51790.781: [GC (Allocation Failure) [PSYoungGen: 209056K->672K(209408K)] 336448K->128064K(710656K), 0.0032167 secs] [Times: user=0.02 sys=0.00, real=0.00 secs] 
2019-01-01T07:26:36.308+0900: 51842.835: [GC (Allocation Failure) [PSYoungGen: 209056K->672K(209920K)] 336448K->128072K(711168K), 0.0034954 secs] [Times: user=0.01 sys=0.00, real=0.00 secs] 
2019-01-01T07:27:28.523+0900: 51895.050: [GC (Allocation Failure) [PSYoungGen: 209568K->672K(209920K)] 336968K->128080K(711168K), 0.0035188 secs] [Times: user=0.01 sys=0.00, real=0.01 secs] 
2019-01-01T07:28:20.711+0900: 51947.238: [GC (Allocation Failure) [PSYoungGen: 209568K->672K(210432K)] 336976K->128096K(711680K), 0.0031233 secs] [Times: user=0.02 sys=0.00, real=0.01 secs] 
2019-01-01T07:29:12.419+0900: 51998.945: [GC (Allocation Failure) [PSYoungGen: 210080K->736K(210432K)] 337504K->128160K(711680K), 0.0029003 secs] [Times: user=0.01 sys=0.00, real=0.00 secs] 
2019-01-01T07:30:04.495+0900: 52051.022: [GC (Allocation Failure) [PSYoungGen: 210144K->800K(210944K)] 337568K->128224K(712192K), 0.0033245 secs] [Times: user=0.01 sys=0.00, real=0.00 secs] 
2019-01-01T07:30:56.991+0900: 52103.518: [GC (Allocation Failure) [PSYoungGen: 210720K->896K(210944K)] 338144K->128320K(712192K), 0.0033507 secs] [Times: user=0.02 sys=0.00, real=0.01 secs] 
2019-01-01T07:31:49.326+0900: 52155.852: [GC (Allocation Failure) [PSYoungGen: 210816K->1024K(211456K)] 338240K->128448K(712704K), 0.0037022 secs] [Times: user=0.02 sys=0.00, real=0.00 secs] 
2019-01-01T07:32:42.023+0900: 52208.550: [GC (Allocation Failure) [PSYoungGen: 211456K->1024K(211456K)] 338880K->128512K(712704K), 0.0043508 secs] [Times: user=0.02 sys=0.00, real=0.01 secs] 
2019-01-01T07:33:34.554+0900: 52261.081: [GC (Allocation Failure) [PSYoungGen: 211456K->1280K(212480K)] 338944K->128792K(713728K), 0.0039135 secs] [Times: user=0.02 sys=0.00, real=0.00 secs] 
2019-01-01T07:34:27.250+0900: 52313.776: [GC (Allocation Failure) [PSYoungGen: 212224K->1408K(212480K)] 339736K->128920K(713728K), 0.0040991 secs] [Times: user=0.03 sys=0.00, real=0.01 secs] 
2019-01-01T07:35:20.080+0900: 52366.607: [GC (Allocation Failure) [PSYoungGen: 212352K->1472K(212480K)] 339864K->129032K(713728K), 0.0045232 secs] [Times: user=0.03 sys=0.00, real=0.01 secs] 
2019-01-01T07:36:12.764+0900: 52419.290: [GC (Allocation Failure) [PSYoungGen: 212416K->1600K(212992K)] 339976K->129184K(714240K), 0.0045054 secs] [Times: user=0.03 sys=0.00, real=0.01 secs] 
2019-01-01T07:37:05.255+0900: 52471.782: [GC (Allocation Failure) [PSYoungGen: 212544K->1760K(213504K)] 340128K->129400K(714752K), 0.0048664 secs] [Times: user=0.03 sys=0.00, real=0.00 secs] 
2019-01-01T07:37:58.023+0900: 52524.550: [GC (Allocation Failure) [PSYoungGen: 213216K->1856K(213504K)] 340856K->129560K(714752K), 0.0044267 secs] [Times: user=0.03 sys=0.00, real=0.01 secs] 
2019-01-01T07:38:50.529+0900: 52577.056: [GC (Allocation Failure) [PSYoungGen: 213312K->1984K(214528K)] 341016K->129744K(715776K), 0.0049738 secs] [Times: user=0.03 sys=0.00, real=0.01 secs] 
2019-01-01T07:39:43.539+0900: 52630.066: [GC (Allocation Failure) [PSYoungGen: 213952K->2080K(214528K)] 341712K->129904K(715776K), 0.0046540 secs] [Times: user=0.02 sys=0.00, real=0.01 secs] 
2019-01-01T07:40:36.187+0900: 52682.713: [GC (Allocation Failure) [PSYoungGen: 214048K->2240K(214528K)] 341872K->130144K(715776K), 0.0048280 secs] [Times: user=0.03 sys=0.00, real=0.00 secs] 
2019-01-01T07:41:29.076+0900: 52735.603: [GC (Allocation Failure) [PSYoungGen: 214208K->2304K(215040K)] 342112K->130296K(716288K), 0.0051311 secs] [Times: user=0.03 sys=0.00, real=0.00 secs] 
2019-01-01T07:42:22.002+0900: 52788.529: [GC (Allocation Failure) [PSYoungGen: 214272K->2336K(215040K)] 342264K->130440K(716288K), 0.0052252 secs] [Times: user=0.03 sys=0.00, real=0.01 secs] 
2019-01-01T07:43:15.122+0900: 52841.648: [GC (Allocation Failure) [PSYoungGen: 214304K->2368K(215552K)] 342408K->130600K(716800K), 0.0051375 secs] [Times: user=0.03 sys=0.00, real=0.01 secs] 
2019-01-01T07:44:08.126+0900: 52894.653: [GC (Allocation Failure) [PSYoungGen: 214336K->2400K(216064K)] 342568K->130792K(717312K), 0.0050063 secs] [Times: user=0.03 sys=0.00, real=0.00 secs] 
2019-01-01T07:45:01.187+0900: 52947.714: [GC (Allocation Failure) [PSYoungGen: 214880K->2400K(216064K)] 343272K->130952K(717312K), 0.0052180 secs] [Times: user=0.04 sys=0.00, real=0.00 secs] 
2019-01-01T07:45:53.614+0900: 53000.141: [GC (Allocation Failure) [PSYoungGen: 214880K->2432K(216576K)] 343432K->131144K(717824K), 0.0046162 secs] [Times: user=0.03 sys=0.00, real=0.00 secs] 
2019-01-01T07:46:46.685+0900: 53053.211: [GC (Allocation Failure) [PSYoungGen: 215424K->2400K(216576K)] 344136K->131280K(717824K), 0.0051723 secs] [Times: user=0.03 sys=0.00, real=0.00 secs] 
2019-01-01T07:47:39.920+0900: 53106.447: [GC (Allocation Failure) [PSYoungGen: 215392K->2432K(217088K)] 344272K->131480K(718336K), 0.0049951 secs] [Times: user=0.03 sys=0.00, real=0.01 secs] 
2019-01-01T07:48:33.239+0900: 53159.766: [GC (Allocation Failure) [PSYoungGen: 215936K->2432K(217088K)] 344984K->131648K(718336K), 0.0053588 secs] [Times: user=0.04 sys=0.00, real=0.01 secs] 
2019-01-01T07:49:26.592+0900: 53213.119: [GC (Allocation Failure) [PSYoungGen: 215936K->2368K(217600K)] 345152K->131736K(718848K), 0.0046398 secs] [Times: user=0.04 sys=0.00, real=0.01 secs] 
2019-01-01T07:50:19.954+0900: 53266.480: [GC (Allocation Failure) [PSYoungGen: 216384K->2528K(217600K)] 345752K->132064K(718848K), 0.0054095 secs] [Times: user=0.04 sys=0.00, real=0.01 secs] 
2019-01-01T07:51:13.281+0900: 53319.808: [GC (Allocation Failure) [PSYoungGen: 216544K->2400K(218112K)] 346080K->132104K(719360K), 0.0051690 secs] [Times: user=0.03 sys=0.00, real=0.01 secs] 
2019-01-01T07:52:06.531+0900: 53373.058: [GC (Allocation Failure) [PSYoungGen: 216928K->2464K(218112K)] 346632K->132328K(719360K), 0.0050385 secs] [Times: user=0.03 sys=0.00, real=0.01 secs] 
2019-01-01T07:53:00.178+0900: 53426.705: [GC (Allocation Failure) [PSYoungGen: 216992K->2432K(218624K)] 346856K->132456K(719872K), 0.0051995 secs] [Times: user=0.04 sys=0.00, real=0.00 secs] 
2019-01-01T07:53:53.910+0900: 53480.436: [GC (Allocation Failure) [PSYoungGen: 217472K->2432K(218624K)] 347496K->132624K(719872K), 0.0053470 secs] [Times: user=0.04 sys=0.00, real=0.01 secs] 
2019-01-01T07:54:47.324+0900: 53533.850: [GC (Allocation Failure) [PSYoungGen: 217472K->2432K(219136K)] 347664K->132800K(720384K), 0.0053914 secs] [Times: user=0.03 sys=0.00, real=0.00 secs] 
2019-01-01T07:55:41.296+0900: 53587.823: [GC (Allocation Failure) [PSYoungGen: 217984K->2464K(219136K)] 348352K->132992K(720384K), 0.0053570 secs] [Times: user=0.04 sys=0.00, real=0.00 secs] 
2019-01-01T07:56:35.217+0900: 53641.744: [GC (Allocation Failure) [PSYoungGen: 218016K->2368K(219648K)] 348544K->133048K(720896K), 0.0055337 secs] [Times: user=0.03 sys=0.00, real=0.00 secs] 
2019-01-01T07:57:29.014+0900: 53695.540: [GC (Allocation Failure) [PSYoungGen: 218432K->2432K(219648K)] 349112K->133272K(720896K), 0.0055048 secs] [Times: user=0.03 sys=0.00, real=0.00 secs] 
2019-01-01T07:58:22.746+0900: 53749.272: [GC (Allocation Failure) [PSYoungGen: 218496K->2400K(220160K)] 349336K->133408K(721408K), 0.0051865 secs] [Times: user=0.03 sys=0.00, real=0.00 secs] 
2019-01-01T07:59:16.903+0900: 53803.429: [GC (Allocation Failure) [PSYoungGen: 218976K->2496K(220160K)] 349984K->133664K(721408K), 0.0049854 secs] [Times: user=0.03 sys=0.00, real=0.01 secs] 
2019-01-01T08:00:11.080+0900: 53857.607: [GC (Allocation Failure) [PSYoungGen: 219072K->2432K(220672K)] 350240K->133768K(721920K), 0.0054506 secs] [Times: user=0.03 sys=0.00, real=0.01 secs] 
2019-01-01T08:01:05.347+0900: 53911.874: [GC (Allocation Failure) [PSYoungGen: 219520K->2432K(220672K)] 350856K->133944K(721920K), 0.0050862 secs] [Times: user=0.03 sys=0.00, real=0.00 secs] 
2019-01-01T08:01:59.646+0900: 53966.173: [GC (Allocation Failure) [PSYoungGen: 219520K->2496K(221184K)] 351032K->134176K(722432K), 0.0053615 secs] [Times: user=0.03 sys=0.00, real=0.00 secs] 
2019-01-01T08:02:53.689+0900: 54020.215: [GC (Allocation Failure) [PSYoungGen: 220096K->2560K(221184K)] 351776K->134408K(722432K), 0.0056716 secs] [Times: user=0.03 sys=0.00, real=0.01 secs] 
2019-01-01T08:03:48.028+0900: 54074.554: [GC (Allocation Failure) [PSYoungGen: 220160K->2464K(220672K)] 352008K->134472K(721920K), 0.0053133 secs] [Times: user=0.04 sys=0.00, real=0.00 secs] 
2019-01-01T08:04:42.322+0900: 54128.849: [GC (Allocation Failure) [PSYoungGen: 220576K->2400K(221184K)] 352584K->134568K(722432K), 0.0048682 secs] [Times: user=0.03 sys=0.00, real=0.01 secs] 
2019-01-01T08:05:36.804+0900: 54183.331: [GC (Allocation Failure) [PSYoungGen: 220512K->2208K(221696K)] 352680K->134536K(722944K), 0.0046861 secs] [Times: user=0.03 sys=0.00, real=0.00 secs] 
2019-01-01T08:06:31.454+0900: 54237.981: [GC (Allocation Failure) [PSYoungGen: 220832K->2112K(221696K)] 353160K->134616K(722944K), 0.0047689 secs] [Times: user=0.03 sys=0.00, real=0.00 secs] 
2019-01-01T08:07:25.960+0900: 54292.487: [GC (Allocation Failure) [PSYoungGen: 220736K->1952K(222208K)] 353240K->134632K(723456K), 0.0048048 secs] [Times: user=0.03 sys=0.00, real=0.01 secs] 
2019-01-01T08:08:20.449+0900: 54346.976: [GC (Allocation Failure) [PSYoungGen: 221088K->1792K(222208K)] 353768K->134632K(723456K), 0.0042950 secs] [Times: user=0.02 sys=0.00, real=0.00 secs] 
2019-01-01T08:09:15.226+0900: 54401.753: [GC (Allocation Failure) [PSYoungGen: 220928K->1728K(222720K)] 353768K->134736K(723968K), 0.0043329 secs] [Times: user=0.03 sys=0.00, real=0.00 secs] 
2019-01-01T08:10:09.974+0900: 54456.500: [GC (Allocation Failure) [PSYoungGen: 221376K->1568K(222720K)] 354384K->134728K(723968K), 0.0040000 secs] [Times: user=0.03 sys=0.00, real=0.00 secs] 
2019-01-01T08:11:04.580+0900: 54511.107: [GC (Allocation Failure) [PSYoungGen: 221216K->1472K(223232K)] 354376K->134800K(724480K), 0.0041701 secs] [Times: user=0.02 sys=0.00, real=0.01 secs] 
2019-01-01T08:11:59.376+0900: 54565.903: [GC (Allocation Failure) [PSYoungGen: 221632K->1312K(223232K)] 354960K->134800K(724480K), 0.0038586 secs] [Times: user=0.02 sys=0.00, real=0.00 secs] 
2019-01-01T08:12:54.062+0900: 54620.589: [GC (Allocation Failure) [PSYoungGen: 221472K->1184K(224256K)] 354960K->134848K(725504K), 0.0039291 secs] [Times: user=0.02 sys=0.00, real=0.01 secs] 
2019-01-01T08:13:49.128+0900: 54675.654: [GC (Allocation Failure) [PSYoungGen: 221856K->1088K(224256K)] 355520K->134920K(725504K), 0.0039539 secs] [Times: user=0.02 sys=0.00, real=0.00 secs] 
2019-01-01T08:14:44.030+0900: 54730.557: [GC (Allocation Failure) [PSYoungGen: 221760K->896K(224768K)] 355592K->134888K(726016K), 0.0036795 secs] [Times: user=0.02 sys=0.00, real=0.01 secs] 
2019-01-01T08:15:38.880+0900: 54785.406: [GC (Allocation Failure) [PSYoungGen: 222080K->800K(224768K)] 356072K->134960K(726016K), 0.0033233 secs] [Times: user=0.01 sys=0.00, real=0.00 secs] 
2019-01-01T08:16:34.101+0900: 54840.628: [GC (Allocation Failure) [PSYoungGen: 221984K->704K(225280K)] 356144K->135048K(726528K), 0.0034832 secs] [Times: user=0.02 sys=0.00, real=0.01 secs] 
2019-01-01T08:17:29.167+0900: 54895.694: [GC (Allocation Failure) [PSYoungGen: 222400K->672K(225280K)] 356744K->135024K(726528K), 0.0029040 secs] [Times: user=0.01 sys=0.00, real=0.00 secs] 
2019-01-01T08:18:24.304+0900: 54950.830: [GC (Allocation Failure) [PSYoungGen: 222368K->640K(225792K)] 356720K->134992K(727040K), 0.0031107 secs] [Times: user=0.01 sys=0.00, real=0.01 secs] 
2019-01-01T08:19:19.504+0900: 55006.031: [GC (Allocation Failure) [PSYoungGen: 222848K->704K(225792K)] 357200K->135064K(727040K), 0.0037277 secs] [Times: user=0.02 sys=0.00, real=0.00 secs] 
2019-01-01T08:20:14.799+0900: 55061.325: [GC (Allocation Failure) [PSYoungGen: 222912K->672K(225280K)] 357272K->135032K(726528K), 0.0033992 secs] [Times: user=0.01 sys=0.00, real=0.00 secs] 
2019-01-01T08:21:10.227+0900: 55116.753: [GC (Allocation Failure) [PSYoungGen: 223392K->640K(225792K)] 357752K->135000K(727040K), 0.0033895 secs] [Times: user=0.01 sys=0.01, real=0.00 secs] 
2019-01-01T08:22:05.862+0900: 55172.388: [GC (Allocation Failure) [PSYoungGen: 223360K->704K(226304K)] 357720K->135064K(727552K), 0.0030502 secs] [Times: user=0.02 sys=0.00, real=0.01 secs] 
2019-01-01T08:23:01.668+0900: 55228.195: [GC (Allocation Failure) [PSYoungGen: 223936K->608K(226304K)] 358296K->134968K(727552K), 0.0032315 secs] [Times: user=0.02 sys=0.00, real=0.00 secs] 
2019-01-01T08:23:57.414+0900: 55283.941: [GC (Allocation Failure) [PSYoungGen: 223840K->736K(226816K)] 358200K->135096K(728064K), 0.0036144 secs] [Times: user=0.02 sys=0.00, real=0.00 secs] 
2019-01-01T08:24:53.217+0900: 55339.744: [GC (Allocation Failure) [PSYoungGen: 224480K->704K(226816K)] 358840K->135064K(728064K), 0.0035361 secs] [Times: user=0.02 sys=0.00, real=0.00 secs] 
2019-01-01T08:25:49.082+0900: 55395.609: [GC (Allocation Failure) [PSYoungGen: 224448K->608K(226816K)] 358808K->134968K(728064K), 0.0028550 secs] [Times: user=0.02 sys=0.00, real=0.01 secs] 
2019-01-01T08:26:44.852+0900: 55451.378: [GC (Allocation Failure) [PSYoungGen: 224864K->672K(226816K)] 359224K->135040K(728064K), 0.0031092 secs] [Times: user=0.01 sys=0.00, real=0.01 secs] 
2019-01-01T08:27:40.705+0900: 55507.231: [GC (Allocation Failure) [PSYoungGen: 224928K->672K(227328K)] 359296K->135040K(728576K), 0.0030656 secs] [Times: user=0.02 sys=0.00, real=0.00 secs] 
2019-01-01T08:28:36.703+0900: 55563.230: [GC (Allocation Failure) [PSYoungGen: 225440K->640K(227328K)] 359808K->135008K(728576K), 0.0035314 secs] [Times: user=0.02 sys=0.00, real=0.01 secs] 
2019-01-01T08:29:32.830+0900: 55619.356: [GC (Allocation Failure) [PSYoungGen: 225408K->704K(227840K)] 359776K->135072K(729088K), 0.0031487 secs] [Times: user=0.02 sys=0.00, real=0.00 secs] 
2019-01-01T08:30:29.219+0900: 55675.746: [GC (Allocation Failure) [PSYoungGen: 225984K->672K(227840K)] 360352K->135040K(729088K), 0.0037940 secs] [Times: user=0.02 sys=0.00, real=0.00 secs] 
2019-01-01T08:31:24.752+0900: 55731.279: [GC (Allocation Failure) [PSYoungGen: 225952K->736K(227840K)] 360320K->135104K(729088K), 0.0033399 secs] [Times: user=0.02 sys=0.00, real=0.01 secs] 
2019-01-01T08:32:20.750+0900: 55787.277: [GC (Allocation Failure) [PSYoungGen: 226528K->640K(227840K)] 360896K->135016K(729088K), 0.0033635 secs] [Times: user=0.02 sys=0.00, real=0.00 secs] 
2019-01-01T08:33:17.210+0900: 55843.737: [GC (Allocation Failure) [PSYoungGen: 226432K->672K(228352K)] 360808K->135064K(729600K), 0.0030990 secs] [Times: user=0.01 sys=0.00, real=0.00 secs] 
2019-01-01T08:34:13.385+0900: 55899.912: [GC (Allocation Failure) [PSYoungGen: 226976K->704K(228352K)] 361368K->135104K(729600K), 0.0035863 secs] [Times: user=0.02 sys=0.00, real=0.00 secs] 
2019-01-01T08:35:09.891+0900: 55956.418: [GC (Allocation Failure) [PSYoungGen: 227008K->768K(228864K)] 361408K->135168K(730112K), 0.0037059 secs] [Times: user=0.02 sys=0.00, real=0.01 secs] 
2019-01-01T08:36:06.490+0900: 56013.017: [GC (Allocation Failure) [PSYoungGen: 227584K->864K(228864K)] 361984K->135264K(730112K), 0.0039383 secs] [Times: user=0.02 sys=0.00, real=0.01 secs] 
2019-01-01T08:37:03.240+0900: 56069.767: [GC (Allocation Failure) [PSYoungGen: 227680K->928K(228352K)] 362080K->135328K(729600K), 0.0055609 secs] [Times: user=0.04 sys=0.00, real=0.01 secs] 
2019-01-01T08:38:00.186+0900: 56126.713: [GC (Allocation Failure) [PSYoungGen: 228256K->960K(228864K)] 362656K->135360K(730112K), 0.0056924 secs] [Times: user=0.04 sys=0.00, real=0.00 secs] 
2019-01-01T08:38:56.784+0900: 56183.311: [GC (Allocation Failure) [PSYoungGen: 228288K->1024K(229376K)] 362688K->135424K(730624K), 0.0072073 secs] [Times: user=0.05 sys=0.00, real=0.00 secs] 
2019-01-01T08:39:53.585+0900: 56240.112: [GC (Allocation Failure) [PSYoungGen: 228864K->1088K(229376K)] 363264K->135496K(730624K), 0.0084043 secs] [Times: user=0.07 sys=0.00, real=0.00 secs] 
2019-01-01T08:40:50.266+0900: 56296.793: [GC (Allocation Failure) [PSYoungGen: 228928K->1152K(229376K)] 363336K->135576K(730624K), 0.0085348 secs] [Times: user=0.06 sys=0.00, real=0.01 secs] 
2019-01-01T08:41:46.822+0900: 56353.349: [GC (Allocation Failure) [PSYoungGen: 228992K->1216K(229888K)] 363416K->135656K(731136K), 0.0093758 secs] [Times: user=0.08 sys=0.00, real=0.01 secs] 
2019-01-01T08:42:43.896+0900: 56410.423: [GC (Allocation Failure) [PSYoungGen: 229056K->1280K(230400K)] 363496K->135752K(731648K), 0.0102130 secs] [Times: user=0.08 sys=0.00, real=0.01 secs] 
2019-01-01T08:43:40.888+0900: 56467.415: [GC (Allocation Failure) [PSYoungGen: 229632K->1280K(230400K)] 364104K->135808K(731648K), 0.0072103 secs] [Times: user=0.06 sys=0.00, real=0.01 secs] 
2019-01-01T08:44:37.946+0900: 56524.472: [GC (Allocation Failure) [PSYoungGen: 229632K->1376K(230912K)] 364160K->135968K(732160K), 0.0084461 secs] [Times: user=0.07 sys=0.00, real=0.01 secs] 
2019-01-01T08:45:35.075+0900: 56581.602: [GC (Allocation Failure) [PSYoungGen: 230240K->1440K(230912K)] 364832K->136096K(732160K), 0.0076745 secs] [Times: user=0.06 sys=0.00, real=0.00 secs] 
2019-01-01T08:46:32.298+0900: 56638.825: [GC (Allocation Failure) [PSYoungGen: 230304K->1504K(231424K)] 364960K->136216K(732672K), 0.0084093 secs] [Times: user=0.06 sys=0.00, real=0.01 secs] 
2019-01-01T08:47:29.746+0900: 56696.273: [GC (Allocation Failure) [PSYoungGen: 230880K->1536K(231424K)] 365592K->136328K(732672K), 0.0080526 secs] [Times: user=0.06 sys=0.00, real=0.01 secs] 
2019-01-01T08:48:27.141+0900: 56753.668: [GC (Allocation Failure) [PSYoungGen: 230912K->1536K(231424K)] 365704K->136424K(732672K), 0.0086862 secs] [Times: user=0.06 sys=0.00, real=0.01 secs] 
2019-01-01T08:49:24.423+0900: 56810.950: [GC (Allocation Failure) [PSYoungGen: 230912K->1568K(231936K)] 365800K->136560K(733184K), 0.0103875 secs] [Times: user=0.09 sys=0.00, real=0.01 secs] 
2019-01-01T08:50:21.642+0900: 56868.169: [GC (Allocation Failure) [PSYoungGen: 230944K->1568K(232448K)] 365936K->136664K(733696K), 0.0069378 secs] [Times: user=0.04 sys=0.00, real=0.01 secs] 
2019-01-01T08:51:18.782+0900: 56925.309: [GC (Allocation Failure) [PSYoungGen: 231456K->1504K(232448K)] 366552K->136704K(733696K), 0.0075170 secs] [Times: user=0.06 sys=0.00, real=0.01 secs] 
2019-01-01T08:52:16.052+0900: 56982.579: [GC (Allocation Failure) [PSYoungGen: 231392K->1632K(232960K)] 366592K->136944K(734208K), 0.0072822 secs] [Times: user=0.06 sys=0.00, real=0.01 secs] 
2019-01-01T08:53:13.504+0900: 57040.030: [GC (Allocation Failure) [PSYoungGen: 232032K->1696K(232960K)] 367344K->137112K(734208K), 0.0073762 secs] [Times: user=0.06 sys=0.00, real=0.00 secs] 
2019-01-01T08:54:11.016+0900: 57097.543: [GC (Allocation Failure) [PSYoungGen: 232096K->1728K(233472K)] 367512K->137256K(734720K), 0.0085814 secs] [Times: user=0.07 sys=0.00, real=0.01 secs] 
2019-01-01T08:55:08.710+0900: 57155.237: [GC (Allocation Failure) [PSYoungGen: 232640K->1792K(233472K)] 368168K->137440K(734720K), 0.0091949 secs] [Times: user=0.08 sys=0.00, real=0.01 secs] 
2019-01-01T08:56:05.993+0900: 57212.519: [GC (Allocation Failure) [PSYoungGen: 232704K->1824K(233984K)] 368352K->137576K(735232K), 0.0077660 secs] [Times: user=0.06 sys=0.00, real=0.01 secs] 
2019-01-01T08:57:03.664+0900: 57270.191: [GC (Allocation Failure) [PSYoungGen: 233248K->1920K(233984K)] 369000K->137776K(735232K), 0.0075408 secs] [Times: user=0.05 sys=0.00, real=0.00 secs] 
2019-01-01T08:58:01.392+0900: 57327.918: [GC (Allocation Failure) [PSYoungGen: 233344K->1984K(234496K)] 369200K->137944K(735744K), 0.0088599 secs] [Times: user=0.06 sys=0.00, real=0.01 secs] 
2019-01-01T08:58:59.287+0900: 57385.813: [GC (Allocation Failure) [PSYoungGen: 233920K->2080K(234496K)] 369880K->138152K(735744K), 0.0088457 secs] [Times: user=0.07 sys=0.00, real=0.01 secs] 
2019-01-01T08:59:57.273+0900: 57443.800: [GC (Allocation Failure) [PSYoungGen: 234016K->2144K(235520K)] 370088K->138336K(736768K), 0.0087675 secs] [Times: user=0.07 sys=0.00, real=0.01 secs] 
2019-01-01T09:00:54.819+0900: 57501.346: [GC (Allocation Failure) [PSYoungGen: 234592K->2176K(235520K)] 370784K->138480K(736768K), 0.0099802 secs] [Times: user=0.08 sys=0.00, real=0.01 secs] 
2019-01-01T09:01:52.720+0900: 57559.247: [GC (Allocation Failure) [PSYoungGen: 234624K->2272K(236032K)] 370928K->138680K(737280K), 0.0106367 secs] [Times: user=0.09 sys=0.00, real=0.01 secs] 
2019-01-01T09:02:50.903+0900: 57617.430: [GC (Allocation Failure) [PSYoungGen: 235232K->2432K(236032K)] 371640K->138944K(737280K), 0.0122550 secs] [Times: user=0.10 sys=0.00, real=0.02 secs] 
2019-01-01T09:03:49.045+0900: 57675.572: [GC (Allocation Failure) [PSYoungGen: 235392K->2368K(236032K)] 371904K->139000K(737280K), 0.0103039 secs] [Times: user=0.09 sys=0.00, real=0.01 secs] 
2019-01-01T09:04:46.795+0900: 57733.322: [GC (Allocation Failure) [PSYoungGen: 235328K->2240K(236544K)] 371960K->138984K(737792K), 0.0094120 secs] [Times: user=0.08 sys=0.00, real=0.01 secs] 
2019-01-01T09:05:45.229+0900: 57791.756: [GC (Allocation Failure) [PSYoungGen: 235200K->2208K(237056K)] 371944K->139088K(738304K), 0.0102949 secs] [Times: user=0.08 sys=0.00, real=0.01 secs] 
2019-01-01T09:06:44.078+0900: 57850.605: [GC (Allocation Failure) [PSYoungGen: 235680K->2144K(237056K)] 372560K->139184K(738304K), 0.0086801 secs] [Times: user=0.07 sys=0.00, real=0.01 secs] 
2019-01-01T09:07:43.139+0900: 57909.666: [GC (Allocation Failure) [PSYoungGen: 235616K->1984K(237056K)] 372656K->139192K(738304K), 0.0054613 secs] [Times: user=0.04 sys=0.00, real=0.01 secs] 
2019-01-01T09:08:42.271+0900: 57968.798: [GC (Allocation Failure) [PSYoungGen: 235968K->1792K(237056K)] 373176K->139160K(738304K), 0.0054490 secs] [Times: user=0.04 sys=0.00, real=0.01 secs] 
2019-01-01T09:09:41.320+0900: 58027.847: [GC (Allocation Failure) [PSYoungGen: 235776K->1664K(237568K)] 373144K->139184K(738816K), 0.0048098 secs] [Times: user=0.03 sys=0.00, real=0.01 secs] 
2019-01-01T09:10:40.276+0900: 58086.803: [GC (Allocation Failure) [PSYoungGen: 236160K->1536K(237568K)] 373680K->139224K(738816K), 0.0048617 secs] [Times: user=0.03 sys=0.00, real=0.00 secs] 
2019-01-01T09:11:39.652+0900: 58146.179: [GC (Allocation Failure) [PSYoungGen: 236032K->1440K(238080K)] 373720K->139288K(739328K), 0.0039520 secs] [Times: user=0.03 sys=0.00, real=0.01 secs] 
2019-01-01T09:12:38.909+0900: 58205.435: [GC (Allocation Failure) [PSYoungGen: 236448K->1312K(238080K)] 374296K->139312K(739328K), 0.0037260 secs] [Times: user=0.02 sys=0.00, real=0.00 secs] 
2019-01-01T09:13:38.128+0900: 58264.655: [GC (Allocation Failure) [PSYoungGen: 236320K->1184K(238592K)] 374320K->139352K(739840K), 0.0038997 secs] [Times: user=0.02 sys=0.00, real=0.00 secs] 
2019-01-01T09:14:37.598+0900: 58324.125: [GC (Allocation Failure) [PSYoungGen: 236704K->1088K(238592K)] 374872K->139424K(739840K), 0.0038162 secs] [Times: user=0.01 sys=0.01, real=0.00 secs] 
2019-01-01T09:15:37.108+0900: 58383.635: [GC (Allocation Failure) [PSYoungGen: 236608K->960K(239104K)] 374944K->139456K(740352K), 0.0038133 secs] [Times: user=0.02 sys=0.00, real=0.00 secs] 
2019-01-01T09:16:36.435+0900: 58442.962: [GC (Allocation Failure) [PSYoungGen: 236992K->832K(239104K)] 375488K->139488K(740352K), 0.0038094 secs] [Times: user=0.02 sys=0.00, real=0.00 secs] 
2019-01-01T09:17:36.044+0900: 58502.571: [GC (Allocation Failure) [PSYoungGen: 236864K->672K(239616K)] 375520K->139528K(740864K), 0.0036644 secs] [Times: user=0.02 sys=0.00, real=0.00 secs] 
2019-01-01T09:18:35.726+0900: 58562.253: [GC (Allocation Failure) [PSYoungGen: 237216K->640K(239616K)] 376072K->139504K(740864K), 0.0034080 secs] [Times: user=0.02 sys=0.00, real=0.00 secs] 
2019-01-01T09:19:35.149+0900: 58621.676: [GC (Allocation Failure) [PSYoungGen: 237184K->672K(240128K)] 376048K->139536K(741376K), 0.0035524 secs] [Times: user=0.02 sys=0.00, real=0.00 secs] 
2019-01-01T09:20:34.720+0900: 58681.247: [GC (Allocation Failure) [PSYoungGen: 237728K->576K(240128K)] 376592K->139448K(741376K), 0.0033204 secs] [Times: user=0.02 sys=0.00, real=0.00 secs] 
2019-01-01T09:21:34.570+0900: 58741.096: [GC (Allocation Failure) [PSYoungGen: 237632K->672K(240640K)] 376504K->139544K(741888K), 0.0035328 secs] [Times: user=0.02 sys=0.00, real=0.00 secs] 
2019-01-01T09:22:34.636+0900: 58801.163: [GC (Allocation Failure) [PSYoungGen: 238240K->704K(240640K)] 377112K->139576K(741888K), 0.0035412 secs] [Times: user=0.01 sys=0.00, real=0.00 secs] 
2019-01-01T09:23:34.284+0900: 58860.811: [GC (Allocation Failure) [PSYoungGen: 238272K->704K(240128K)] 377144K->139584K(741376K), 0.0038736 secs] [Times: user=0.02 sys=0.00, real=0.00 secs] 
2019-01-01T09:24:34.004+0900: 58920.531: [GC (Allocation Failure) [PSYoungGen: 238784K->640K(240640K)] 377664K->139528K(741888K), 0.0031536 secs] [Times: user=0.02 sys=0.00, real=0.00 secs] 
2019-01-01T09:25:34.021+0900: 58980.548: [GC (Allocation Failure) [PSYoungGen: 238720K->672K(241152K)] 377608K->139560K(742400K), 0.0033106 secs] [Times: user=0.02 sys=0.00, real=0.01 secs] 
2019-01-01T09:26:34.098+0900: 59040.625: [GC (Allocation Failure) [PSYoungGen: 239264K->704K(241152K)] 378152K->139592K(742400K), 0.0036281 secs] [Times: user=0.02 sys=0.00, real=0.00 secs] 
2019-01-01T09:27:34.166+0900: 59100.693: [GC (Allocation Failure) [PSYoungGen: 239296K->672K(241664K)] 378184K->139568K(742912K), 0.0034737 secs] [Times: user=0.02 sys=0.00, real=0.00 secs] 
2019-01-01T09:28:34.392+0900: 59160.919: [GC (Allocation Failure) [PSYoungGen: 239776K->704K(241664K)] 378672K->139600K(742912K), 0.0036682 secs] [Times: user=0.02 sys=0.00, real=0.01 secs] 
2019-01-01T09:29:34.287+0900: 59220.814: [GC (Allocation Failure) [PSYoungGen: 239808K->672K(241152K)] 378704K->139568K(742400K), 0.0032471 secs] [Times: user=0.02 sys=0.00, real=0.00 secs] 
2019-01-01T09:30:34.714+0900: 59281.241: [GC (Allocation Failure) [PSYoungGen: 240288K->672K(241664K)] 379184K->139568K(742912K), 0.0035138 secs] [Times: user=0.02 sys=0.00, real=0.00 secs] 
2019-01-01T09:31:34.797+0900: 59341.324: [GC (Allocation Failure) [PSYoungGen: 240288K->672K(242176K)] 379184K->139576K(743424K), 0.0033178 secs] [Times: user=0.01 sys=0.00, real=0.00 secs] 
2019-01-01T09:32:35.184+0900: 59401.711: [GC (Allocation Failure) [PSYoungGen: 240800K->640K(242176K)] 379704K->139544K(743424K), 0.0033597 secs] [Times: user=0.02 sys=0.00, real=0.00 secs] 
2019-01-01T09:33:35.419+0900: 59461.946: [GC (Allocation Failure) [PSYoungGen: 240768K->640K(242688K)] 379672K->139552K(743936K), 0.0035980 secs] [Times: user=0.02 sys=0.00, real=0.00 secs] 
2019-01-01T09:34:36.251+0900: 59522.777: [GC (Allocation Failure) [PSYoungGen: 241280K->640K(242688K)] 380192K->139552K(743936K), 0.0031272 secs] [Times: user=0.01 sys=0.00, real=0.01 secs] 
2019-01-01T09:35:36.880+0900: 59583.406: [GC (Allocation Failure) [PSYoungGen: 241280K->672K(243200K)] 380192K->139584K(744448K), 0.0031059 secs] [Times: user=0.02 sys=0.00, real=0.00 secs] 
2019-01-01T09:36:37.640+0900: 59644.167: [GC (Allocation Failure) [PSYoungGen: 241824K->640K(243200K)] 380736K->139552K(744448K), 0.0032491 secs] [Times: user=0.02 sys=0.00, real=0.00 secs] 
2019-01-01T09:37:38.355+0900: 59704.881: [GC (Allocation Failure) [PSYoungGen: 241792K->704K(242688K)] 380704K->139616K(743936K), 0.0036155 secs] [Times: user=0.02 sys=0.00, real=0.00 secs] 
2019-01-01T09:38:39.084+0900: 59765.611: [GC (Allocation Failure) [PSYoungGen: 242368K->704K(243200K)] 381280K->139616K(744448K), 0.0032647 secs] [Times: user=0.02 sys=0.00, real=0.00 secs] 
2019-01-01T09:39:39.900+0900: 59826.426: [GC (Allocation Failure) [PSYoungGen: 242368K->704K(243712K)] 381280K->139616K(744960K), 0.0033582 secs] [Times: user=0.02 sys=0.00, real=0.00 secs] 
2019-01-01T09:40:40.929+0900: 59887.456: [GC (Allocation Failure) [PSYoungGen: 242880K->672K(243712K)] 381792K->139584K(744960K), 0.0032506 secs] [Times: user=0.02 sys=0.00, real=0.00 secs] 
2019-01-01T09:41:41.664+0900: 59948.191: [GC (Allocation Failure) [PSYoungGen: 242848K->704K(244224K)] 381760K->139616K(745472K), 0.0031900 secs] [Times: user=0.02 sys=0.01, real=0.00 secs] 
2019-01-01T09:42:42.690+0900: 60009.217: [GC (Allocation Failure) [PSYoungGen: 243392K->672K(244224K)] 382304K->139584K(745472K), 0.0034970 secs] [Times: user=0.02 sys=0.00, real=0.00 secs] 
2019-01-01T09:43:43.876+0900: 60070.403: [GC (Allocation Failure) [PSYoungGen: 243360K->640K(244736K)] 382272K->139552K(745984K), 0.0033608 secs] [Times: user=0.02 sys=0.00, real=0.00 secs] 
2019-01-01T09:44:45.292+0900: 60131.818: [GC (Allocation Failure) [PSYoungGen: 243840K->672K(244736K)] 382752K->139584K(745984K), 0.0040188 secs] [Times: user=0.02 sys=0.00, real=0.01 secs] 
2019-01-01T09:45:46.699+0900: 60193.226: [GC (Allocation Failure) [PSYoungGen: 243872K->640K(245248K)] 382784K->139552K(746496K), 0.0032202 secs] [Times: user=0.02 sys=0.00, real=0.00 secs] 
2019-01-01T09:46:48.299+0900: 60254.826: [GC (Allocation Failure) [PSYoungGen: 244352K->672K(245248K)] 383264K->139592K(746496K), 0.0033352 secs] [Times: user=0.02 sys=0.00, real=0.00 secs] 
2019-01-01T09:47:49.675+0900: 60316.202: [GC (Allocation Failure) [PSYoungGen: 244384K->640K(245760K)] 383304K->139568K(747008K), 0.0034678 secs] [Times: user=0.02 sys=0.00, real=0.00 secs] 
2019-01-01T09:48:50.963+0900: 60377.489: [GC (Allocation Failure) [PSYoungGen: 244864K->704K(245760K)] 383792K->139640K(747008K), 0.0031791 secs] [Times: user=0.01 sys=0.00, real=0.01 secs] 
2019-01-01T09:49:52.177+0900: 60438.703: [GC (Allocation Failure) [PSYoungGen: 244928K->704K(245760K)] 383864K->139640K(747008K), 0.0033671 secs] [Times: user=0.02 sys=0.00, real=0.00 secs] 
2019-01-01T09:50:53.989+0900: 60500.516: [GC (Allocation Failure) [PSYoungGen: 245440K->640K(246272K)] 384376K->139584K(747520K), 0.0030690 secs] [Times: user=0.02 sys=0.00, real=0.00 secs] 
2019-01-01T09:51:55.838+0900: 60562.364: [GC (Allocation Failure) [PSYoungGen: 245888K->704K(246272K)] 384832K->139648K(747520K), 0.0035040 secs] [Times: user=0.02 sys=0.00, real=0.00 secs] 
2019-01-01T09:52:57.855+0900: 60624.382: [GC (Allocation Failure) [PSYoungGen: 245952K->672K(246272K)] 384896K->139616K(747520K), 0.0033098 secs] [Times: user=0.02 sys=0.00, real=0.00 secs] 
2019-01-01T09:53:59.783+0900: 60686.310: [GC (Allocation Failure) [PSYoungGen: 245920K->640K(246784K)] 384864K->139584K(748032K), 0.0035461 secs] [Times: user=0.02 sys=0.00, real=0.01 secs] 
2019-01-01T09:55:01.820+0900: 60748.347: [GC (Allocation Failure) [PSYoungGen: 246400K->640K(246784K)] 385344K->139584K(748032K), 0.0031851 secs] [Times: user=0.02 sys=0.00, real=0.00 secs] 
2019-01-01T09:56:03.942+0900: 60810.469: [GC (Allocation Failure) [PSYoungGen: 246400K->672K(247296K)] 385344K->139616K(748544K), 0.0032447 secs] [Times: user=0.01 sys=0.00, real=0.01 secs] 
2019-01-01T09:57:05.802+0900: 60872.328: [GC (Allocation Failure) [PSYoungGen: 246944K->640K(247296K)] 385888K->139584K(748544K), 0.0035557 secs] [Times: user=0.02 sys=0.00, real=0.01 secs] 
2019-01-01T09:58:07.729+0900: 60934.255: [GC (Allocation Failure) [PSYoungGen: 246912K->640K(247808K)] 385856K->139584K(749056K), 0.0030802 secs] [Times: user=0.02 sys=0.00, real=0.00 secs] 
2019-01-01T09:59:09.680+0900: 60996.207: [GC (Allocation Failure) [PSYoungGen: 247424K->640K(247808K)] 386368K->139584K(749056K), 0.0031085 secs] [Times: user=0.02 sys=0.00, real=0.00 secs] 
2019-01-01T10:00:11.760+0900: 61058.286: [GC (Allocation Failure) [PSYoungGen: 247424K->704K(248320K)] 386368K->139648K(749568K), 0.0033523 secs] [Times: user=0.02 sys=0.00, real=0.00 secs] 
2019-01-01T10:01:14.138+0900: 61120.665: [GC (Allocation Failure) [PSYoungGen: 248000K->640K(248320K)] 386944K->139600K(749568K), 0.0031458 secs] [Times: user=0.02 sys=0.00, real=0.00 secs] 
2019-01-01T10:02:16.466+0900: 61182.993: [GC (Allocation Failure) [PSYoungGen: 247936K->672K(248832K)] 386896K->139640K(750080K), 0.0030032 secs] [Times: user=0.02 sys=0.00, real=0.00 secs] 
2019-01-01T10:03:18.915+0900: 61245.441: [GC (Allocation Failure) [PSYoungGen: 248480K->736K(248832K)] 387448K->139704K(750080K), 0.0033057 secs] [Times: user=0.01 sys=0.01, real=0.00 secs] 
2019-01-01T10:04:21.460+0900: 61307.987: [GC (Allocation Failure) [PSYoungGen: 248544K->640K(249344K)] 387512K->139608K(750592K), 0.0030530 secs] [Times: user=0.02 sys=0.00, real=0.00 secs] 
2019-01-01T10:05:24.175+0900: 61370.701: [GC (Allocation Failure) [PSYoungGen: 248960K->672K(249344K)] 387928K->139640K(750592K), 0.0036845 secs] [Times: user=0.02 sys=0.00, real=0.00 secs] 
2019-01-01T10:06:26.980+0900: 61433.507: [GC (Allocation Failure) [PSYoungGen: 248992K->672K(249856K)] 387960K->139656K(751104K), 0.0034007 secs] [Times: user=0.02 sys=0.00, real=0.00 secs] 
2019-01-01T10:07:29.774+0900: 61496.301: [GC (Allocation Failure) [PSYoungGen: 249504K->608K(249856K)] 388488K->139592K(751104K), 0.0029977 secs] [Times: user=0.01 sys=0.00, real=0.00 secs] 
2019-01-01T10:08:32.597+0900: 61559.124: [GC (Allocation Failure) [PSYoungGen: 249440K->768K(250368K)] 388424K->139752K(751616K), 0.0034103 secs] [Times: user=0.01 sys=0.00, real=0.00 secs] 
2019-01-01T10:09:35.658+0900: 61622.185: [GC (Allocation Failure) [PSYoungGen: 250112K->640K(250368K)] 389096K->139624K(751616K), 0.0033345 secs] [Times: user=0.01 sys=0.00, real=0.00 secs] 
2019-01-01T10:10:38.674+0900: 61685.201: [GC (Allocation Failure) [PSYoungGen: 249984K->672K(250880K)] 388968K->139656K(752128K), 0.0033513 secs] [Times: user=0.02 sys=0.00, real=0.00 secs] 
2019-01-01T10:11:41.356+0900: 61747.882: [GC (Allocation Failure) [PSYoungGen: 250528K->640K(250880K)] 389512K->139624K(752128K), 0.0035378 secs] [Times: user=0.02 sys=0.00, real=0.00 secs] 
2019-01-01T10:12:44.174+0900: 61810.701: [GC (Allocation Failure) [PSYoungGen: 250496K->736K(251392K)] 389480K->139720K(752640K), 0.0036736 secs] [Times: user=0.02 sys=0.00, real=0.00 secs] 
2019-01-01T10:13:47.183+0900: 61873.710: [GC (Allocation Failure) [PSYoungGen: 251104K->640K(251392K)] 390088K->139624K(752640K), 0.0032474 secs] [Times: user=0.02 sys=0.00, real=0.01 secs] 
2019-01-01T10:14:50.071+0900: 61936.598: [GC (Allocation Failure) [PSYoungGen: 251008K->704K(251904K)] 389992K->139688K(753152K), 0.0032469 secs] [Times: user=0.02 sys=0.00, real=0.01 secs] 
2019-01-01T10:15:53.375+0900: 61999.902: [GC (Allocation Failure) [PSYoungGen: 251584K->672K(251904K)] 390568K->139656K(753152K), 0.0031587 secs] [Times: user=0.02 sys=0.00, real=0.00 secs] 
2019-01-01T10:16:56.725+0900: 62063.251: [GC (Allocation Failure) [PSYoungGen: 251552K->640K(252416K)] 390536K->139624K(753664K), 0.0034927 secs] [Times: user=0.02 sys=0.00, real=0.00 secs] 
2019-01-01T10:18:00.220+0900: 62126.746: [GC (Allocation Failure) [PSYoungGen: 252032K->640K(252416K)] 391016K->139632K(753664K), 0.0030210 secs] [Times: user=0.01 sys=0.00, real=0.00 secs] 
2019-01-01T10:19:03.814+0900: 62190.341: [GC (Allocation Failure) [PSYoungGen: 252032K->608K(252928K)] 391024K->139616K(754176K), 0.0031237 secs] [Times: user=0.01 sys=0.00, real=0.00 secs] 
2019-01-01T10:20:07.442+0900: 62253.969: [GC (Allocation Failure) [PSYoungGen: 252512K->640K(252928K)] 391520K->139672K(754176K), 0.0030947 secs] [Times: user=0.02 sys=0.00, real=0.01 secs] 
2019-01-01T10:21:11.077+0900: 62317.604: [GC (Allocation Failure) [PSYoungGen: 252544K->672K(253440K)] 391576K->139704K(754688K), 0.0032837 secs] [Times: user=0.01 sys=0.00, real=0.00 secs] 
2019-01-01T10:22:14.805+0900: 62381.332: [GC (Allocation Failure) [PSYoungGen: 253088K->704K(253440K)] 392120K->139744K(754688K), 0.0030111 secs] [Times: user=0.01 sys=0.00, real=0.00 secs] 
2019-01-01T10:23:18.645+0900: 62445.171: [GC (Allocation Failure) [PSYoungGen: 253120K->640K(253952K)] 392160K->139680K(755200K), 0.0034569 secs] [Times: user=0.02 sys=0.00, real=0.00 secs] 
2019-01-01T10:24:22.370+0900: 62508.897: [GC (Allocation Failure) [PSYoungGen: 253568K->736K(253952K)] 392608K->139776K(755200K), 0.0031021 secs] [Times: user=0.01 sys=0.00, real=0.00 secs] 
2019-01-01T10:25:25.927+0900: 62572.454: [GC (Allocation Failure) [PSYoungGen: 253664K->704K(254464K)] 392704K->139744K(755712K), 0.0033583 secs] [Times: user=0.02 sys=0.00, real=0.00 secs] 
2019-01-01T10:26:29.868+0900: 62636.394: [GC (Allocation Failure) [PSYoungGen: 254144K->704K(254464K)] 393184K->139744K(755712K), 0.0034924 secs] [Times: user=0.02 sys=0.00, real=0.00 secs] 
2019-01-01T10:27:34.020+0900: 62700.547: [GC (Allocation Failure) [PSYoungGen: 254144K->672K(254976K)] 393184K->139712K(756224K), 0.0031935 secs] [Times: user=0.02 sys=0.00, real=0.00 secs] 
2019-01-01T10:28:38.108+0900: 62764.634: [GC (Allocation Failure) [PSYoungGen: 254624K->640K(254976K)] 393664K->139680K(756224K), 0.0034164 secs] [Times: user=0.01 sys=0.01, real=0.00 secs] 
2019-01-01T10:29:42.120+0900: 62828.646: [GC (Allocation Failure) [PSYoungGen: 254592K->704K(255488K)] 393632K->139744K(756736K), 0.0036304 secs] [Times: user=0.02 sys=0.00, real=0.00 secs] 
2019-01-01T10:30:46.234+0900: 62892.761: [GC (Allocation Failure) [PSYoungGen: 255168K->736K(255488K)] 394208K->139776K(756736K), 0.0032916 secs] [Times: user=0.02 sys=0.00, real=0.00 secs] 
2019-01-01T10:31:50.088+0900: 62956.615: [GC (Allocation Failure) [PSYoungGen: 255200K->736K(256000K)] 394240K->139784K(757248K), 0.0032455 secs] [Times: user=0.01 sys=0.00, real=0.00 secs] 
2019-01-01T10:32:54.166+0900: 63020.693: [GC (Allocation Failure) [PSYoungGen: 255712K->736K(256000K)] 394760K->139784K(757248K), 0.0035980 secs] [Times: user=0.01 sys=0.00, real=0.00 secs] 
2019-01-01T10:33:58.367+0900: 63084.893: [GC (Allocation Failure) [PSYoungGen: 255712K->672K(256512K)] 394760K->139720K(757760K), 0.0036584 secs] [Times: user=0.00 sys=0.02, real=0.00 secs] 
2019-01-01T10:35:02.780+0900: 63149.306: [GC (Allocation Failure) [PSYoungGen: 256160K->640K(256512K)] 395208K->139688K(757760K), 0.0035569 secs] [Times: user=0.01 sys=0.00, real=0.00 secs] 
2019-01-01T10:36:07.194+0900: 63213.721: [GC (Allocation Failure) [PSYoungGen: 256128K->672K(257024K)] 395176K->139720K(758272K), 0.0035258 secs] [Times: user=0.02 sys=0.00, real=0.00 secs] 
2019-01-01T10:37:11.323+0900: 63277.850: [GC (Allocation Failure) [PSYoungGen: 256672K->704K(257024K)] 395720K->139752K(758272K), 0.0032691 secs] [Times: user=0.01 sys=0.00, real=0.01 secs] 
2019-01-01T10:38:15.602+0900: 63342.129: [GC (Allocation Failure) [PSYoungGen: 256704K->704K(257536K)] 395752K->139752K(758784K), 0.0034896 secs] [Times: user=0.01 sys=0.00, real=0.01 secs] 
2019-01-01T10:39:20.091+0900: 63406.618: [GC (Allocation Failure) [PSYoungGen: 257216K->672K(257536K)] 396264K->139728K(758784K), 0.0031154 secs] [Times: user=0.01 sys=0.00, real=0.01 secs] 
2019-01-01T10:40:24.875+0900: 63471.401: [GC (Allocation Failure) [PSYoungGen: 257184K->704K(258048K)] 396240K->139760K(759296K), 0.0034561 secs] [Times: user=0.00 sys=0.01, real=0.00 secs] 
2019-01-01T10:41:29.775+0900: 63536.302: [GC (Allocation Failure) [PSYoungGen: 257728K->640K(258048K)] 396784K->139696K(759296K), 0.0035791 secs] [Times: user=0.00 sys=0.02, real=0.00 secs] 
2019-01-01T10:42:34.656+0900: 63601.183: [GC (Allocation Failure) [PSYoungGen: 257664K->672K(258560K)] 396720K->139728K(759808K), 0.0031831 secs] [Times: user=0.02 sys=0.00, real=0.00 secs] 
2019-01-01T10:43:39.732+0900: 63666.259: [GC (Allocation Failure) [PSYoungGen: 258208K->672K(258560K)] 397264K->139728K(759808K), 0.0033267 secs] [Times: user=0.01 sys=0.00, real=0.01 secs] 
2019-01-01T10:44:44.308+0900: 63730.835: [GC (Allocation Failure) [PSYoungGen: 258208K->704K(259072K)] 397264K->139768K(760320K), 0.0032666 secs] [Times: user=0.01 sys=0.02, real=0.00 secs] 
2019-01-01T10:45:49.202+0900: 63795.728: [GC (Allocation Failure) [PSYoungGen: 258752K->704K(259072K)] 397816K->139768K(760320K), 0.0032934 secs] [Times: user=0.00 sys=0.02, real=0.01 secs] 
2019-01-01T10:46:54.013+0900: 63860.540: [GC (Allocation Failure) [PSYoungGen: 258750K->672K(259584K)] 397815K->139736K(760832K), 0.0034865 secs] [Times: user=0.01 sys=0.00, real=0.01 secs] 
2019-01-01T10:47:58.868+0900: 63925.395: [GC (Allocation Failure) [PSYoungGen: 259232K->736K(259584K)] 398296K->139800K(760832K), 0.0031640 secs] [Times: user=0.01 sys=0.01, real=0.00 secs] 
2019-01-01T10:49:04.127+0900: 63990.653: [GC (Allocation Failure) [PSYoungGen: 259296K->704K(260096K)] 398360K->139792K(761344K), 0.0033675 secs] [Times: user=0.00 sys=0.02, real=0.00 secs] 
2019-01-01T10:50:09.425+0900: 64055.951: [GC (Allocation Failure) [PSYoungGen: 259776K->672K(260096K)] 398864K->139760K(761344K), 0.0033472 secs] [Times: user=0.02 sys=0.00, real=0.00 secs] 
2019-01-01T10:51:14.831+0900: 64121.358: [GC (Allocation Failure) [PSYoungGen: 259744K->576K(260608K)] 398832K->139664K(761856K), 0.0032556 secs] [Times: user=0.02 sys=0.00, real=0.01 secs] 
2019-01-01T10:52:20.286+0900: 64186.813: [GC (Allocation Failure) [PSYoungGen: 260160K->704K(260608K)] 399248K->139792K(761856K), 0.0033320 secs] [Times: user=0.01 sys=0.02, real=0.00 secs] 
2019-01-01T10:53:25.545+0900: 64252.072: [GC (Allocation Failure) [PSYoungGen: 260288K->640K(261120K)] 399376K->139728K(762368K), 0.0037899 secs] [Times: user=0.00 sys=0.01, real=0.00 secs] 
2019-01-01T10:54:30.905+0900: 64317.432: [GC (Allocation Failure) [PSYoungGen: 260736K->640K(261120K)] 399824K->139728K(762368K), 0.0035204 secs] [Times: user=0.01 sys=0.02, real=0.00 secs] 
2019-01-01T10:55:36.306+0900: 64382.832: [GC (Allocation Failure) [PSYoungGen: 260736K->704K(261120K)] 399824K->139792K(762368K), 0.0032356 secs] [Times: user=0.01 sys=0.01, real=0.00 secs] 
2019-01-01T10:56:41.572+0900: 64448.099: [GC (Allocation Failure) [PSYoungGen: 260800K->704K(261120K)] 399888K->139792K(762368K), 0.0032640 secs] [Times: user=0.01 sys=0.00, real=0.01 secs] 
2019-01-01T10:57:46.854+0900: 64513.381: [GC (Allocation Failure) [PSYoungGen: 260800K->672K(261120K)] 399888K->139760K(762368K), 0.0034968 secs] [Times: user=0.01 sys=0.01, real=0.00 secs] 
2019-01-01T10:58:52.344+0900: 64578.871: [GC (Allocation Failure) [PSYoungGen: 260768K->672K(261120K)] 399856K->139760K(762368K), 0.0035871 secs] [Times: user=0.01 sys=0.00, real=0.00 secs] 
2019-01-01T10:59:57.814+0900: 64644.340: [GC (Allocation Failure) [PSYoungGen: 260768K->672K(261120K)] 399856K->139760K(762368K), 0.0028950 secs] [Times: user=0.00 sys=0.01, real=0.01 secs] 
2019-01-01T11:01:03.084+0900: 64709.611: [GC (Allocation Failure) [PSYoungGen: 260768K->704K(261120K)] 399856K->139792K(762368K), 0.0031616 secs] [Times: user=0.01 sys=0.02, real=0.00 secs] 
2019-01-01T11:02:08.826+0900: 64775.353: [GC (Allocation Failure) [PSYoungGen: 260800K->704K(261120K)] 399888K->139792K(762368K), 0.0034322 secs] [Times: user=0.01 sys=0.00, real=0.00 secs] 
2019-01-01T11:03:13.899+0900: 64840.426: [GC (Allocation Failure) [PSYoungGen: 260800K->704K(261120K)] 399888K->139800K(762368K), 0.0033178 secs] [Times: user=0.00 sys=0.02, real=0.00 secs] 
2019-01-01T11:04:19.415+0900: 64905.941: [GC (Allocation Failure) [PSYoungGen: 260800K->672K(261120K)] 399896K->139768K(762368K), 0.0033992 secs] [Times: user=0.00 sys=0.01, real=0.00 secs] 
2019-01-01T11:05:24.968+0900: 64971.495: [GC (Allocation Failure) [PSYoungGen: 260768K->576K(261120K)] 399864K->139672K(762368K), 0.0030276 secs] [Times: user=0.01 sys=0.00, real=0.00 secs] 
2019-01-01T11:06:30.614+0900: 65037.141: [GC (Allocation Failure) [PSYoungGen: 260672K->640K(261120K)] 399768K->139736K(762368K), 0.0033569 secs] [Times: user=0.01 sys=0.00, real=0.00 secs] 
2019-01-01T11:07:36.334+0900: 65102.860: [GC (Allocation Failure) [PSYoungGen: 260736K->640K(261120K)] 399832K->139736K(762368K), 0.0032509 secs] [Times: user=0.02 sys=0.00, real=0.01 secs] 
2019-01-01T11:08:41.874+0900: 65168.400: [GC (Allocation Failure) [PSYoungGen: 260736K->704K(261120K)] 399832K->139800K(762368K), 0.0032772 secs] [Times: user=0.01 sys=0.00, real=0.00 secs] 
2019-01-01T11:09:47.378+0900: 65233.905: [GC (Allocation Failure) [PSYoungGen: 260800K->640K(261120K)] 399896K->139736K(762368K), 0.0032215 secs] [Times: user=0.01 sys=0.00, real=0.00 secs] 
2019-01-01T11:10:52.972+0900: 65299.499: [GC (Allocation Failure) [PSYoungGen: 260736K->672K(261120K)] 399832K->139768K(762368K), 0.0032934 secs] [Times: user=0.02 sys=0.00, real=0.01 secs] 
2019-01-01T11:11:58.518+0900: 65365.044: [GC (Allocation Failure) [PSYoungGen: 260768K->736K(261120K)] 399864K->139832K(762368K), 0.0033505 secs] [Times: user=0.01 sys=0.00, real=0.00 secs] 
2019-01-01T11:13:04.100+0900: 65430.627: [GC (Allocation Failure) [PSYoungGen: 260832K->704K(261120K)] 399928K->139800K(762368K), 0.0034099 secs] [Times: user=0.02 sys=0.00, real=0.00 secs] 
2019-01-01T11:14:09.694+0900: 65496.221: [GC (Allocation Failure) [PSYoungGen: 260800K->672K(261120K)] 399896K->139768K(762368K), 0.0040073 secs] [Times: user=0.01 sys=0.02, real=0.00 secs] 
2019-01-01T11:15:15.155+0900: 65561.681: [GC (Allocation Failure) [PSYoungGen: 260768K->640K(261120K)] 399864K->139736K(762368K), 0.0029527 secs] [Times: user=0.01 sys=0.02, real=0.00 secs] 
2019-01-01T11:16:20.713+0900: 65627.240: [GC (Allocation Failure) [PSYoungGen: 260736K->640K(261120K)] 399832K->139736K(762368K), 0.0034026 secs] [Times: user=0.02 sys=0.00, real=0.01 secs] 
2019-01-01T11:17:26.020+0900: 65692.547: [GC (Allocation Failure) [PSYoungGen: 260736K->672K(261120K)] 399832K->139768K(762368K), 0.0034774 secs] [Times: user=0.00 sys=0.01, real=0.01 secs] 
2019-01-01T11:18:31.600+0900: 65758.127: [GC (Allocation Failure) [PSYoungGen: 260768K->672K(261120K)] 399864K->139768K(762368K), 0.0032595 secs] [Times: user=0.00 sys=0.01, real=0.00 secs] 
2019-01-01T11:19:37.235+0900: 65823.762: [GC (Allocation Failure) [PSYoungGen: 260768K->640K(261120K)] 399864K->139752K(762368K), 0.0028331 secs] [Times: user=0.01 sys=0.00, real=0.00 secs] 
2019-01-01T11:20:42.526+0900: 65889.053: [GC (Allocation Failure) [PSYoungGen: 260736K->608K(261120K)] 399848K->139736K(762368K), 0.0035258 secs] [Times: user=0.00 sys=0.01, real=0.00 secs] 
2019-01-01T11:21:47.754+0900: 65954.281: [GC (Allocation Failure) [PSYoungGen: 260704K->672K(261120K)] 399832K->139816K(762368K), 0.0034639 secs] [Times: user=0.00 sys=0.01, real=0.00 secs] 
2019-01-01T11:22:52.177+0900: 66018.703: [GC (Allocation Failure) [PSYoungGen: 260768K->672K(261120K)] 399912K->139816K(762368K), 0.0034483 secs] [Times: user=0.00 sys=0.01, real=0.00 secs] 
2019-01-01T11:23:57.549+0900: 66084.076: [GC (Allocation Failure) [PSYoungGen: 260768K->672K(261120K)] 399912K->139824K(762368K), 0.0034152 secs] [Times: user=0.01 sys=0.02, real=0.00 secs] 
2019-01-01T11:25:03.077+0900: 66149.604: [GC (Allocation Failure) [PSYoungGen: 260768K->672K(261120K)] 399920K->139840K(762368K), 0.0034436 secs] [Times: user=0.02 sys=0.00, real=0.00 secs] 
2019-01-01T11:26:08.516+0900: 66215.043: [GC (Allocation Failure) [PSYoungGen: 260768K->608K(261120K)] 399936K->139776K(762368K), 0.0037086 secs] [Times: user=0.02 sys=0.00, real=0.00 secs] 
2019-01-01T11:27:14.043+0900: 66280.569: [GC (Allocation Failure) [PSYoungGen: 260704K->640K(261120K)] 399872K->139808K(762368K), 0.0035670 secs] [Times: user=0.00 sys=0.01, real=0.01 secs] 
2019-01-01T11:28:19.376+0900: 66345.902: [GC (Allocation Failure) [PSYoungGen: 260736K->704K(261120K)] 399904K->139872K(762368K), 0.0030368 secs] [Times: user=0.01 sys=0.00, real=0.00 secs] 
2019-01-01T11:29:24.794+0900: 66411.320: [GC (Allocation Failure) [PSYoungGen: 260800K->704K(261120K)] 399968K->139872K(762368K), 0.0033337 secs] [Times: user=0.00 sys=0.01, real=0.01 secs] 
2019-01-01T11:30:30.429+0900: 66476.956: [GC (Allocation Failure) [PSYoungGen: 260800K->704K(261120K)] 399968K->139872K(762368K), 0.0032475 secs] [Times: user=0.01 sys=0.00, real=0.00 secs] 
2019-01-01T11:31:36.068+0900: 66542.595: [GC (Allocation Failure) [PSYoungGen: 260800K->672K(261120K)] 399968K->139848K(762368K), 0.0034018 secs] [Times: user=0.01 sys=0.01, real=0.00 secs] 
2019-01-01T11:32:41.796+0900: 66608.323: [GC (Allocation Failure) [PSYoungGen: 260768K->672K(261120K)] 399944K->139848K(762368K), 0.0034275 secs] [Times: user=0.02 sys=0.00, real=0.00 secs] 
2019-01-01T11:33:47.452+0900: 66673.979: [GC (Allocation Failure) [PSYoungGen: 260768K->704K(261120K)] 399944K->139880K(762368K), 0.0036739 secs] [Times: user=0.01 sys=0.01, real=0.01 secs] 
2019-01-01T11:34:52.926+0900: 66739.453: [GC (Allocation Failure) [PSYoungGen: 260800K->672K(261120K)] 399976K->139848K(762368K), 0.0034609 secs] [Times: user=0.01 sys=0.02, real=0.00 secs] 
2019-01-01T11:35:58.148+0900: 66804.674: [GC (Allocation Failure) [PSYoungGen: 260768K->672K(261120K)] 399944K->139848K(762368K), 0.0035012 secs] [Times: user=0.00 sys=0.01, real=0.00 secs] 
2019-01-01T11:37:03.683+0900: 66870.209: [GC (Allocation Failure) [PSYoungGen: 260768K->672K(261120K)] 399944K->139848K(762368K), 0.0033837 secs] [Times: user=0.02 sys=0.00, real=0.01 secs] 
2019-01-01T11:38:09.190+0900: 66935.717: [GC (Allocation Failure) [PSYoungGen: 260768K->672K(261120K)] 399944K->139848K(762368K), 0.0031519 secs] [Times: user=0.00 sys=0.02, real=0.00 secs] 
2019-01-01T11:39:14.971+0900: 67001.498: [GC (Allocation Failure) [PSYoungGen: 260768K->608K(261120K)] 399944K->139784K(762368K), 0.0034924 secs] [Times: user=0.02 sys=0.00, real=0.01 secs] 
2019-01-01T11:40:20.343+0900: 67066.870: [GC (Allocation Failure) [PSYoungGen: 260704K->640K(261120K)] 399880K->139824K(762368K), 0.0033277 secs] [Times: user=0.02 sys=0.00, real=0.01 secs] 
2019-01-01T11:41:25.917+0900: 67132.444: [GC (Allocation Failure) [PSYoungGen: 260736K->672K(261120K)] 399920K->139856K(762368K), 0.0035875 secs] [Times: user=0.01 sys=0.00, real=0.00 secs] 
2019-01-01T11:42:31.637+0900: 67198.164: [GC (Allocation Failure) [PSYoungGen: 260768K->576K(261120K)] 399952K->139760K(762368K), 0.0034588 secs] [Times: user=0.02 sys=0.00, real=0.00 secs] 
2019-01-01T11:43:37.346+0900: 67263.873: [GC (Allocation Failure) [PSYoungGen: 260672K->672K(261120K)] 399856K->139856K(762368K), 0.0037096 secs] [Times: user=0.01 sys=0.02, real=0.00 secs] 
2019-01-01T11:44:43.222+0900: 67329.749: [GC (Allocation Failure) [PSYoungGen: 260768K->672K(261120K)] 399952K->139856K(762368K), 0.0034930 secs] [Times: user=0.01 sys=0.00, real=0.01 secs] 
2019-01-01T11:45:48.830+0900: 67395.357: [GC (Allocation Failure) [PSYoungGen: 260768K->704K(261120K)] 399952K->139888K(762368K), 0.0033108 secs] [Times: user=0.02 sys=0.00, real=0.00 secs] 
2019-01-01T11:46:54.370+0900: 67460.897: [GC (Allocation Failure) [PSYoungGen: 260800K->640K(261120K)] 399984K->139824K(762368K), 0.0030353 secs] [Times: user=0.00 sys=0.01, real=0.00 secs] 
2019-01-01T11:47:59.935+0900: 67526.462: [GC (Allocation Failure) [PSYoungGen: 260736K->640K(261120K)] 399920K->139832K(762368K), 0.0032882 secs] [Times: user=0.01 sys=0.01, real=0.00 secs] 
2019-01-01T11:49:05.270+0900: 67591.796: [GC (Allocation Failure) [PSYoungGen: 260736K->672K(261120K)] 399928K->139872K(762368K), 0.0033611 secs] [Times: user=0.00 sys=0.01, real=0.00 secs] 
2019-01-01T11:50:10.871+0900: 67657.398: [GC (Allocation Failure) [PSYoungGen: 260768K->672K(261120K)] 399968K->139888K(762368K), 0.0030767 secs] [Times: user=0.01 sys=0.01, real=0.01 secs] 
2019-01-01T11:51:16.238+0900: 67722.765: [GC (Allocation Failure) [PSYoungGen: 260768K->672K(261120K)] 399984K->139888K(762368K), 0.0032019 secs] [Times: user=0.00 sys=0.01, real=0.00 secs] 
2019-01-01T11:52:21.709+0900: 67788.236: [GC (Allocation Failure) [PSYoungGen: 260768K->640K(261120K)] 399984K->139856K(762368K), 0.0031208 secs] [Times: user=0.01 sys=0.01, real=0.00 secs] 
2019-01-01T11:53:27.104+0900: 67853.631: [GC (Allocation Failure) [PSYoungGen: 260736K->672K(261120K)] 399952K->139888K(762368K), 0.0035754 secs] [Times: user=0.00 sys=0.02, real=0.00 secs] 
2019-01-01T11:54:32.565+0900: 67919.092: [GC (Allocation Failure) [PSYoungGen: 260768K->672K(261120K)] 399984K->139888K(762368K), 0.0035807 secs] [Times: user=0.01 sys=0.01, real=0.00 secs] 
2019-01-01T11:55:37.920+0900: 67984.446: [GC (Allocation Failure) [PSYoungGen: 260768K->640K(261120K)] 399984K->139864K(762368K), 0.0031322 secs] [Times: user=0.00 sys=0.01, real=0.00 secs] 
2019-01-01T11:56:43.063+0900: 68049.590: [GC (Allocation Failure) [PSYoungGen: 260736K->704K(261120K)] 399960K->139928K(762368K), 0.0034505 secs] [Times: user=0.01 sys=0.01, real=0.01 secs] 
2019-01-01T11:57:48.341+0900: 68114.868: [GC (Allocation Failure) [PSYoungGen: 260800K->704K(261120K)] 400024K->139928K(762368K), 0.0036098 secs] [Times: user=0.01 sys=0.01, real=0.01 secs] 
2019-01-01T11:58:53.583+0900: 68180.109: [GC (Allocation Failure) [PSYoungGen: 260800K->704K(261120K)] 400024K->139928K(762368K), 0.0029380 secs] [Times: user=0.01 sys=0.01, real=0.01 secs] 
2019-01-01T11:59:59.128+0900: 68245.655: [GC (Allocation Failure) [PSYoungGen: 260800K->640K(261120K)] 400024K->139872K(762368K), 0.0035280 secs] [Times: user=0.00 sys=0.01, real=0.00 secs] 
2019-01-01T12:01:04.867+0900: 68311.394: [GC (Allocation Failure) [PSYoungGen: 260736K->672K(261120K)] 399968K->139904K(762368K), 0.0033890 secs] [Times: user=0.02 sys=0.00, real=0.00 secs] 
2019-01-01T12:02:10.534+0900: 68377.061: [GC (Allocation Failure) [PSYoungGen: 260768K->672K(261120K)] 400000K->139904K(762368K), 0.0032467 secs] [Times: user=0.02 sys=0.00, real=0.00 secs] 
2019-01-01T12:03:15.610+0900: 68442.137: [GC (Allocation Failure) [PSYoungGen: 260768K->640K(261120K)] 400000K->139872K(762368K), 0.0030880 secs] [Times: user=0.02 sys=0.00, real=0.00 secs] 
2019-01-01T12:04:20.871+0900: 68507.398: [GC (Allocation Failure) [PSYoungGen: 260736K->704K(261120K)] 399968K->139936K(762368K), 0.0030401 secs] [Times: user=0.02 sys=0.00, real=0.01 secs] 
2019-01-01T12:05:26.313+0900: 68572.840: [GC (Allocation Failure) [PSYoungGen: 260800K->640K(261120K)] 400032K->139872K(762368K), 0.0028133 secs] [Times: user=0.01 sys=0.00, real=0.01 secs] 
2019-01-01T12:06:31.881+0900: 68638.408: [GC (Allocation Failure) [PSYoungGen: 260736K->640K(261120K)] 399968K->139872K(762368K), 0.0034275 secs] [Times: user=0.01 sys=0.01, real=0.01 secs] 
2019-01-01T12:07:37.643+0900: 68704.170: [GC (Allocation Failure) [PSYoungGen: 260736K->608K(261120K)] 399968K->139840K(762368K), 0.0034177 secs] [Times: user=0.01 sys=0.00, real=0.01 secs] 
2019-01-01T12:08:42.959+0900: 68769.486: [GC (Allocation Failure) [PSYoungGen: 260704K->672K(261120K)] 399936K->139904K(762368K), 0.0032711 secs] [Times: user=0.00 sys=0.02, real=0.00 secs] 
2019-01-01T12:09:48.755+0900: 68835.282: [GC (Allocation Failure) [PSYoungGen: 260768K->704K(261120K)] 400000K->139936K(762368K), 0.0033737 secs] [Times: user=0.01 sys=0.01, real=0.00 secs] 
2019-01-01T12:10:54.323+0900: 68900.850: [GC (Allocation Failure) [PSYoungGen: 260800K->640K(261120K)] 400032K->139872K(762368K), 0.0028468 secs] [Times: user=0.01 sys=0.00, real=0.01 secs] 
2019-01-01T12:11:59.784+0900: 68966.311: [GC (Allocation Failure) [PSYoungGen: 260736K->704K(261120K)] 399968K->139936K(762368K), 0.0029005 secs] [Times: user=0.02 sys=0.00, real=0.00 secs] 
2019-01-01T12:13:05.062+0900: 69031.589: [GC (Allocation Failure) [PSYoungGen: 260800K->640K(261120K)] 400032K->139872K(762368K), 0.0032410 secs] [Times: user=0.01 sys=0.02, real=0.01 secs] 
2019-01-01T12:14:10.978+0900: 69097.505: [GC (Allocation Failure) [PSYoungGen: 260736K->640K(261120K)] 399968K->139872K(762368K), 0.0032741 secs] [Times: user=0.01 sys=0.02, real=0.00 secs] 
2019-01-01T12:15:16.707+0900: 69163.234: [GC (Allocation Failure) [PSYoungGen: 260736K->640K(261120K)] 399968K->139872K(762368K), 0.0029399 secs] [Times: user=0.01 sys=0.01, real=0.00 secs] 
2019-01-01T12:16:22.621+0900: 69229.148: [GC (Allocation Failure) [PSYoungGen: 260736K->704K(261120K)] 399968K->139936K(762368K), 0.0031293 secs] [Times: user=0.02 sys=0.00, real=0.01 secs] 
2019-01-01T12:17:28.139+0900: 69294.666: [GC (Allocation Failure) [PSYoungGen: 260800K->640K(261120K)] 400032K->139872K(762368K), 0.0036969 secs] [Times: user=0.00 sys=0.01, real=0.00 secs] 
2019-01-01T12:18:33.718+0900: 69360.245: [GC (Allocation Failure) [PSYoungGen: 260736K->672K(261120K)] 399968K->139904K(762368K), 0.0032545 secs] [Times: user=0.02 sys=0.00, real=0.00 secs] 
2019-01-01T12:19:39.307+0900: 69425.833: [GC (Allocation Failure) [PSYoungGen: 260768K->640K(261120K)] 400000K->139904K(762368K), 0.0032678 secs] [Times: user=0.00 sys=0.02, real=0.00 secs] 
2019-01-01T12:20:44.866+0900: 69491.393: [GC (Allocation Failure) [PSYoungGen: 260736K->640K(261120K)] 400000K->139912K(762368K), 0.0029595 secs] [Times: user=0.00 sys=0.01, real=0.00 secs] 
2019-01-01T12:21:50.075+0900: 69556.602: [GC (Allocation Failure) [PSYoungGen: 260736K->608K(261120K)] 400008K->139880K(762368K), 0.0033404 secs] [Times: user=0.01 sys=0.01, real=0.00 secs] 
2019-01-01T12:22:55.663+0900: 69622.189: [GC (Allocation Failure) [PSYoungGen: 260704K->672K(261120K)] 399976K->139952K(762368K), 0.0029320 secs] [Times: user=0.02 sys=0.00, real=0.01 secs] 
2019-01-01T12:24:01.359+0900: 69687.886: [GC (Allocation Failure) [PSYoungGen: 260768K->640K(261120K)] 400048K->139920K(762368K), 0.0037637 secs] [Times: user=0.02 sys=0.00, real=0.00 secs] 
2019-01-01T12:25:07.030+0900: 69753.557: [GC (Allocation Failure) [PSYoungGen: 260736K->672K(261120K)] 400016K->139952K(762368K), 0.0029277 secs] [Times: user=0.00 sys=0.02, real=0.00 secs] 
2019-01-01T12:26:12.699+0900: 69819.226: [GC (Allocation Failure) [PSYoungGen: 260768K->672K(261120K)] 400048K->139952K(762368K), 0.0033115 secs] [Times: user=0.02 sys=0.00, real=0.00 secs] 
2019-01-01T12:27:18.302+0900: 69884.829: [GC (Allocation Failure) [PSYoungGen: 260768K->672K(261120K)] 400048K->139952K(762368K), 0.0033432 secs] [Times: user=0.00 sys=0.02, real=0.01 secs] 
2019-01-01T12:28:23.885+0900: 69950.412: [GC (Allocation Failure) [PSYoungGen: 260768K->640K(261120K)] 400048K->139920K(762368K), 0.0033765 secs] [Times: user=0.02 sys=0.00, real=0.00 secs] 
2019-01-01T12:29:29.695+0900: 70016.222: [GC (Allocation Failure) [PSYoungGen: 260736K->640K(261120K)] 400016K->139920K(762368K), 0.0031842 secs] [Times: user=0.02 sys=0.00, real=0.00 secs] 
2019-01-01T12:30:35.060+0900: 70081.587: [GC (Allocation Failure) [PSYoungGen: 260736K->640K(261120K)] 400016K->139920K(762368K), 0.0029266 secs] [Times: user=0.01 sys=0.01, real=0.00 secs] 
2019-01-01T12:31:40.417+0900: 70146.943: [GC (Allocation Failure) [PSYoungGen: 260736K->704K(261120K)] 400016K->139984K(762368K), 0.0032105 secs] [Times: user=0.01 sys=0.00, real=0.00 secs] 
2019-01-01T12:32:46.156+0900: 70212.683: [GC (Allocation Failure) [PSYoungGen: 260800K->640K(261120K)] 400080K->139928K(762368K), 0.0032988 secs] [Times: user=0.01 sys=0.01, real=0.00 secs] 
2019-01-01T12:33:51.398+0900: 70277.925: [GC (Allocation Failure) [PSYoungGen: 260736K->736K(261120K)] 400024K->140024K(762368K), 0.0038995 secs] [Times: user=0.02 sys=0.00, real=0.00 secs] 
2019-01-01T12:34:57.073+0900: 70343.599: [GC (Allocation Failure) [PSYoungGen: 260832K->672K(261120K)] 400120K->139960K(762368K), 0.0030696 secs] [Times: user=0.01 sys=0.01, real=0.01 secs] 
2019-01-01T12:36:02.632+0900: 70409.159: [GC (Allocation Failure) [PSYoungGen: 260768K->640K(261120K)] 400056K->139936K(762368K), 0.0034882 secs] [Times: user=0.01 sys=0.01, real=0.01 secs] 
2019-01-01T12:37:07.839+0900: 70474.365: [GC (Allocation Failure) [PSYoungGen: 260736K->608K(261120K)] 400032K->139904K(762368K), 0.0031843 secs] [Times: user=0.01 sys=0.01, real=0.00 secs] 
2019-01-01T12:38:13.387+0900: 70539.914: [GC (Allocation Failure) [PSYoungGen: 260704K->704K(261120K)] 400000K->140000K(762368K), 0.0034848 secs] [Times: user=0.01 sys=0.01, real=0.00 secs] 
2019-01-01T12:39:19.094+0900: 70605.620: [GC (Allocation Failure) [PSYoungGen: 260800K->768K(261120K)] 400096K->140064K(762368K), 0.0041841 secs] [Times: user=0.02 sys=0.00, real=0.01 secs] 
2019-01-01T12:40:24.838+0900: 70671.365: [GC (Allocation Failure) [PSYoungGen: 260864K->832K(261120K)] 400160K->140128K(762368K), 0.0049744 secs] [Times: user=0.01 sys=0.03, real=0.00 secs] 
2019-01-01T12:41:30.490+0900: 70737.016: [GC (Allocation Failure) [PSYoungGen: 260928K->928K(261120K)] 400224K->140232K(762368K), 0.0060450 secs] [Times: user=0.04 sys=0.00, real=0.01 secs] 
2019-01-01T12:42:36.024+0900: 70802.551: [GC (Allocation Failure) [PSYoungGen: 261024K->992K(261120K)] 400328K->140304K(762368K), 0.0071654 secs] [Times: user=0.05 sys=0.00, real=0.00 secs] 
2019-01-01T12:43:41.806+0900: 70868.333: [GC (Allocation Failure) [PSYoungGen: 261088K->1024K(261120K)] 400400K->140336K(762368K), 0.0076090 secs] [Times: user=0.06 sys=0.00, real=0.01 secs] 
2019-01-01T12:44:47.516+0900: 70934.042: [GC (Allocation Failure) [PSYoungGen: 261120K->1024K(260096K)] 400432K->140392K(761344K), 0.0087457 secs] [Times: user=0.07 sys=0.00, real=0.01 secs] 
2019-01-01T12:45:52.734+0900: 70999.261: [GC (Allocation Failure) [PSYoungGen: 260096K->1216K(260608K)] 399464K->140600K(761856K), 0.0083781 secs] [Times: user=0.07 sys=0.00, real=0.00 secs] 
2019-01-01T12:46:58.253+0900: 71064.779: [GC (Allocation Failure) [PSYoungGen: 260288K->1312K(260608K)] 399672K->140696K(761856K), 0.0082750 secs] [Times: user=0.06 sys=0.00, real=0.01 secs] 
2019-01-01T12:48:03.802+0900: 71130.329: [GC (Allocation Failure) [PSYoungGen: 260384K->1344K(260608K)] 399768K->140752K(761856K), 0.0078551 secs] [Times: user=0.04 sys=0.01, real=0.01 secs] 
2019-01-01T12:49:08.442+0900: 71194.968: [GC (Allocation Failure) [PSYoungGen: 260416K->1408K(259584K)] 399824K->140856K(760832K), 0.0067596 secs] [Times: user=0.05 sys=0.00, real=0.01 secs] 
2019-01-01T12:50:13.268+0900: 71259.795: [GC (Allocation Failure) [PSYoungGen: 259456K->1472K(260096K)] 398904K->140960K(761344K), 0.0067391 secs] [Times: user=0.04 sys=0.00, real=0.01 secs] 
2019-01-01T12:51:18.373+0900: 71324.899: [GC (Allocation Failure) [PSYoungGen: 259520K->1536K(260096K)] 399008K->141072K(761344K), 0.0071887 secs] [Times: user=0.05 sys=0.00, real=0.01 secs] 
2019-01-01T12:52:23.440+0900: 71389.967: [GC (Allocation Failure) [PSYoungGen: 259584K->1568K(260096K)] 399120K->141168K(761344K), 0.0087663 secs] [Times: user=0.06 sys=0.00, real=0.01 secs] 
2019-01-01T12:53:28.418+0900: 71454.945: [GC (Allocation Failure) [PSYoungGen: 259616K->1664K(259072K)] 399216K->141336K(760320K), 0.0108168 secs] [Times: user=0.09 sys=0.00, real=0.01 secs] 
2019-01-01T12:54:33.291+0900: 71519.818: [GC (Allocation Failure) [PSYoungGen: 258688K->1664K(259584K)] 398360K->141424K(760832K), 0.0104342 secs] [Times: user=0.09 sys=0.00, real=0.01 secs] 
2019-01-01T12:55:38.166+0900: 71584.692: [GC (Allocation Failure) [PSYoungGen: 258688K->1664K(259584K)] 398448K->141536K(760832K), 0.0103989 secs] [Times: user=0.09 sys=0.00, real=0.01 secs] 
2019-01-01T12:56:43.189+0900: 71649.715: [GC (Allocation Failure) [PSYoungGen: 258688K->1696K(259584K)] 398560K->141680K(760832K), 0.0116149 secs] [Times: user=0.10 sys=0.00, real=0.01 secs] 
2019-01-01T12:57:48.213+0900: 71714.740: [GC (Allocation Failure) [PSYoungGen: 258720K->1696K(259584K)] 398704K->141784K(760832K), 0.0119186 secs] [Times: user=0.10 sys=0.00, real=0.02 secs] 
2019-01-01T12:58:53.279+0900: 71779.806: [GC (Allocation Failure) [PSYoungGen: 258720K->1728K(259584K)] 398808K->141928K(760832K), 0.0123606 secs] [Times: user=0.10 sys=0.00, real=0.01 secs] 
2019-01-01T12:59:57.986+0900: 71844.512: [GC (Allocation Failure) [PSYoungGen: 258752K->1632K(259584K)] 398952K->141936K(760832K), 0.0123132 secs] [Times: user=0.11 sys=0.00, real=0.01 secs] 
2019-01-01T13:01:03.115+0900: 71909.642: [GC (Allocation Failure) [PSYoungGen: 258656K->1664K(259584K)] 398960K->142072K(760832K), 0.0125759 secs] [Times: user=0.10 sys=0.00, real=0.01 secs] 
2019-01-01T13:02:07.428+0900: 71973.954: [GC (Allocation Failure) [PSYoungGen: 258688K->1664K(259584K)] 399096K->142184K(760832K), 0.0117365 secs] [Times: user=0.10 sys=0.00, real=0.01 secs] 
2019-01-01T13:03:11.704+0900: 72038.230: [GC (Allocation Failure) [PSYoungGen: 258688K->1728K(259584K)] 399208K->142360K(760832K), 0.0094729 secs] [Times: user=0.07 sys=0.00, real=0.00 secs] 
2019-01-01T13:04:15.979+0900: 72102.506: [GC (Allocation Failure) [PSYoungGen: 258752K->1632K(259584K)] 399384K->142384K(760832K), 0.0106856 secs] [Times: user=0.09 sys=0.00, real=0.01 secs] 
2019-01-01T13:05:20.211+0900: 72166.738: [GC (Allocation Failure) [PSYoungGen: 258656K->1568K(259584K)] 399408K->142424K(760832K), 0.0098819 secs] [Times: user=0.08 sys=0.00, real=0.01 secs] 
2019-01-01T13:06:24.427+0900: 72230.954: [GC (Allocation Failure) [PSYoungGen: 258592K->1472K(259584K)] 399448K->142424K(760832K), 0.0088907 secs] [Times: user=0.06 sys=0.00, real=0.01 secs] 
2019-01-01T13:07:28.765+0900: 72295.291: [GC (Allocation Failure) [PSYoungGen: 258496K->1440K(259584K)] 399448K->142504K(760832K), 0.0073076 secs] [Times: user=0.05 sys=0.01, real=0.00 secs] 
2019-01-01T13:08:32.969+0900: 72359.495: [GC (Allocation Failure) [PSYoungGen: 258464K->1376K(259584K)] 399528K->142552K(760832K), 0.0061855 secs] [Times: user=0.05 sys=0.01, real=0.01 secs] 
2019-01-01T13:09:37.207+0900: 72423.734: [GC (Allocation Failure) [PSYoungGen: 258400K->1184K(259584K)] 399576K->142472K(760832K), 0.0056981 secs] [Times: user=0.04 sys=0.00, real=0.00 secs] 
2019-01-01T13:10:41.407+0900: 72487.933: [GC (Allocation Failure) [PSYoungGen: 258208K->1216K(259584K)] 399496K->142616K(760832K), 0.0047729 secs] [Times: user=0.03 sys=0.00, real=0.00 secs] 
2019-01-01T13:11:45.483+0900: 72552.010: [GC (Allocation Failure) [PSYoungGen: 258240K->1184K(258560K)] 399640K->142688K(759808K), 0.0048155 secs] [Times: user=0.03 sys=0.00, real=0.01 secs] 
2019-01-01T13:12:49.611+0900: 72616.138: [GC (Allocation Failure) [PSYoungGen: 258208K->1088K(259072K)] 399712K->142696K(760320K), 0.0040566 secs] [Times: user=0.01 sys=0.02, real=0.01 secs] 
2019-01-01T13:13:53.949+0900: 72680.476: [GC (Allocation Failure) [PSYoungGen: 258112K->1056K(259072K)] 399720K->142784K(760320K), 0.0039102 secs] [Times: user=0.00 sys=0.02, real=0.00 secs] 
2019-01-01T13:14:58.284+0900: 72744.811: [GC (Allocation Failure) [PSYoungGen: 258080K->896K(259584K)] 399808K->142744K(760832K), 0.0034168 secs] [Times: user=0.02 sys=0.00, real=0.00 secs] 
2019-01-01T13:16:02.349+0900: 72808.876: [GC (Allocation Failure) [PSYoungGen: 258432K->864K(259584K)] 400280K->142832K(760832K), 0.0038994 secs] [Times: user=0.02 sys=0.00, real=0.00 secs] 
2019-01-01T13:17:06.509+0900: 72873.036: [GC (Allocation Failure) [PSYoungGen: 258400K->800K(260096K)] 400368K->142880K(761344K), 0.0037954 secs] [Times: user=0.01 sys=0.00, real=0.00 secs] 
2019-01-01T13:18:11.190+0900: 72937.717: [GC (Allocation Failure) [PSYoungGen: 258848K->736K(260096K)] 400928K->142920K(761344K), 0.0038503 secs] [Times: user=0.02 sys=0.00, real=0.01 secs] 
2019-01-01T13:19:15.738+0900: 73002.265: [GC (Allocation Failure) [PSYoungGen: 258784K->640K(260096K)] 400968K->142936K(761344K), 0.0034752 secs] [Times: user=0.02 sys=0.00, real=0.00 secs] 
2019-01-01T13:20:20.388+0900: 73066.915: [GC (Allocation Failure) [PSYoungGen: 258688K->736K(260096K)] 400984K->143040K(761344K), 0.0034677 secs] [Times: user=0.00 sys=0.01, real=0.00 secs] 
2019-01-01T13:21:24.978+0900: 73131.504: [GC (Allocation Failure) [PSYoungGen: 258784K->672K(260096K)] 401088K->142976K(761344K), 0.0033611 secs] [Times: user=0.02 sys=0.00, real=0.00 secs] 
2019-01-01T13:22:29.303+0900: 73195.830: [GC (Allocation Failure) [PSYoungGen: 258720K->672K(260096K)] 401024K->142992K(761344K), 0.0037741 secs] [Times: user=0.02 sys=0.00, real=0.01 secs] 
2019-01-01T13:23:33.966+0900: 73260.493: [GC (Allocation Failure) [PSYoungGen: 258720K->672K(260096K)] 401040K->143000K(761344K), 0.0034159 secs] [Times: user=0.02 sys=0.00, real=0.00 secs] 
2019-01-01T13:24:38.528+0900: 73325.054: [GC (Allocation Failure) [PSYoungGen: 258720K->736K(260096K)] 401048K->143072K(761344K), 0.0035338 secs] [Times: user=0.02 sys=0.00, real=0.00 secs] 
2019-01-01T13:25:43.237+0900: 73389.764: [GC (Allocation Failure) [PSYoungGen: 258784K->672K(260096K)] 401120K->143008K(761344K), 0.0034241 secs] [Times: user=0.02 sys=0.00, real=0.00 secs] 
2019-01-01T13:26:47.923+0900: 73454.450: [GC (Allocation Failure) [PSYoungGen: 258720K->576K(260096K)] 401056K->142912K(761344K), 0.0037444 secs] [Times: user=0.01 sys=0.00, real=0.01 secs] 
2019-01-01T13:27:52.484+0900: 73519.010: [GC (Allocation Failure) [PSYoungGen: 258624K->672K(260096K)] 400960K->143008K(761344K), 0.0031709 secs] [Times: user=0.01 sys=0.00, real=0.00 secs] 
2019-01-01T13:28:56.877+0900: 73583.404: [GC (Allocation Failure) [PSYoungGen: 258720K->704K(260096K)] 401056K->143040K(761344K), 0.0036508 secs] [Times: user=0.02 sys=0.00, real=0.00 secs] 
2019-01-01T13:30:01.441+0900: 73647.968: [GC (Allocation Failure) [PSYoungGen: 258752K->704K(260096K)] 401088K->143072K(761344K), 0.0031144 secs] [Times: user=0.00 sys=0.01, real=0.01 secs] 
2019-01-01T13:31:06.099+0900: 73712.625: [GC (Allocation Failure) [PSYoungGen: 258752K->640K(260096K)] 401120K->143008K(761344K), 0.0031941 secs] [Times: user=0.00 sys=0.01, real=0.00 secs] 
2019-01-01T13:32:10.715+0900: 73777.242: [GC (Allocation Failure) [PSYoungGen: 258688K->672K(259072K)] 401056K->143040K(760320K), 0.0031545 secs] [Times: user=0.02 sys=0.00, real=0.00 secs] 
2019-01-01T13:33:14.729+0900: 73841.255: [GC (Allocation Failure) [PSYoungGen: 258720K->704K(259584K)] 401088K->143072K(760832K), 0.0033624 secs] [Times: user=0.01 sys=0.01, real=0.00 secs] 
2019-01-01T13:34:19.210+0900: 73905.736: [GC (Allocation Failure) [PSYoungGen: 258752K->672K(260096K)] 401120K->143056K(761344K), 0.0030221 secs] [Times: user=0.02 sys=0.00, real=0.00 secs] 
2019-01-01T13:35:23.801+0900: 73970.328: [GC (Allocation Failure) [PSYoungGen: 259232K->672K(260096K)] 401616K->143064K(761344K), 0.0036270 secs] [Times: user=0.02 sys=0.00, real=0.01 secs] 
2019-01-01T13:36:28.477+0900: 74035.003: [GC (Allocation Failure) [PSYoungGen: 259232K->768K(260608K)] 401624K->143160K(761856K), 0.0033896 secs] [Times: user=0.00 sys=0.01, real=0.00 secs] 
2019-01-01T13:37:33.292+0900: 74099.818: [GC (Allocation Failure) [PSYoungGen: 259840K->672K(260608K)] 402232K->143064K(761856K), 0.0034595 secs] [Times: user=0.00 sys=0.01, real=0.01 secs] 
2019-01-01T13:38:37.981+0900: 74164.507: [GC (Allocation Failure) [PSYoungGen: 259744K->640K(260608K)] 402136K->143040K(761856K), 0.0033878 secs] [Times: user=0.02 sys=0.00, real=0.01 secs] 
2019-01-01T13:39:42.419+0900: 74228.946: [GC (Allocation Failure) [PSYoungGen: 259712K->608K(260608K)] 402112K->143008K(761856K), 0.0032193 secs] [Times: user=0.00 sys=0.01, real=0.00 secs] 
2019-01-01T13:40:47.170+0900: 74293.696: [GC (Allocation Failure) [PSYoungGen: 259680K->640K(260608K)] 402080K->143040K(761856K), 0.0030888 secs] [Times: user=0.02 sys=0.00, real=0.00 secs] 
2019-01-01T13:41:51.996+0900: 74358.522: [GC (Allocation Failure) [PSYoungGen: 259712K->672K(260608K)] 402112K->143072K(761856K), 0.0034105 secs] [Times: user=0.01 sys=0.01, real=0.00 secs] 
2019-01-01T13:42:56.367+0900: 74422.894: [GC (Allocation Failure) [PSYoungGen: 259744K->704K(260608K)] 402144K->143104K(761856K), 0.0035837 secs] [Times: user=0.01 sys=0.01, real=0.00 secs] 
2019-01-01T13:44:01.226+0900: 74487.753: [GC (Allocation Failure) [PSYoungGen: 259776K->704K(260608K)] 402176K->143104K(761856K), 0.0030015 secs] [Times: user=0.01 sys=0.00, real=0.00 secs] 
2019-01-01T13:45:05.899+0900: 74552.426: [GC (Allocation Failure) [PSYoungGen: 259776K->704K(260608K)] 402176K->143104K(761856K), 0.0033903 secs] [Times: user=0.01 sys=0.01, real=0.00 secs] 
2019-01-01T13:46:10.725+0900: 74617.251: [GC (Allocation Failure) [PSYoungGen: 259776K->704K(260096K)] 402176K->143104K(761344K), 0.0033271 secs] [Times: user=0.02 sys=0.00, real=0.00 secs] 
2019-01-01T13:47:15.362+0900: 74681.888: [GC (Allocation Failure) [PSYoungGen: 259776K->672K(260096K)] 402176K->143096K(761344K), 0.0041145 secs] [Times: user=0.01 sys=0.01, real=0.01 secs] 
2019-01-01T13:48:20.225+0900: 74746.752: [GC (Allocation Failure) [PSYoungGen: 259744K->704K(260096K)] 402168K->143128K(761344K), 0.0036411 secs] [Times: user=0.01 sys=0.00, real=0.00 secs] 
2019-01-01T13:49:25.056+0900: 74811.583: [GC (Allocation Failure) [PSYoungGen: 259776K->704K(260608K)] 402200K->143136K(761856K), 0.0030541 secs] [Times: user=0.00 sys=0.01, real=0.00 secs] 
2019-01-01T13:50:29.925+0900: 74876.451: [GC (Allocation Failure) [PSYoungGen: 260288K->704K(260608K)] 402720K->143144K(761856K), 0.0031435 secs] [Times: user=0.00 sys=0.02, real=0.00 secs] 
2019-01-01T13:51:34.892+0900: 74941.419: [GC (Allocation Failure) [PSYoungGen: 260288K->672K(261120K)] 402728K->143128K(762368K), 0.0033487 secs] [Times: user=0.01 sys=0.00, real=0.01 secs] 
2019-01-01T13:52:39.825+0900: 75006.352: [GC (Allocation Failure) [PSYoungGen: 260768K->736K(261120K)] 403224K->143192K(762368K), 0.0038276 secs] [Times: user=0.02 sys=0.00, real=0.00 secs] 
2019-01-01T13:53:44.533+0900: 75071.060: [GC (Allocation Failure) [PSYoungGen: 260832K->704K(261120K)] 403288K->143160K(762368K), 0.0030544 secs] [Times: user=0.01 sys=0.02, real=0.01 secs] 
2019-01-01T13:54:49.231+0900: 75135.758: [GC (Allocation Failure) [PSYoungGen: 260800K->672K(261120K)] 403256K->143128K(762368K), 0.0029150 secs] [Times: user=0.02 sys=0.00, real=0.01 secs] 
2019-01-01T13:55:54.010+0900: 75200.536: [GC (Allocation Failure) [PSYoungGen: 260768K->640K(261120K)] 403224K->143096K(762368K), 0.0030334 secs] [Times: user=0.02 sys=0.00, real=0.00 secs] 
2019-01-01T13:56:59.123+0900: 75265.650: [GC (Allocation Failure) [PSYoungGen: 260736K->640K(261120K)] 403192K->143096K(762368K), 0.0036165 secs] [Times: user=0.02 sys=0.00, real=0.01 secs] 
2019-01-01T13:58:04.214+0900: 75330.741: [GC (Allocation Failure) [PSYoungGen: 260736K->704K(261120K)] 403192K->143160K(762368K), 0.0031024 secs] [Times: user=0.00 sys=0.01, real=0.00 secs] 
2019-01-01T13:59:08.767+0900: 75395.294: [GC (Allocation Failure) [PSYoungGen: 260800K->672K(261120K)] 403256K->143136K(762368K), 0.0034008 secs] [Times: user=0.00 sys=0.01, real=0.00 secs] 
2019-01-01T14:00:13.590+0900: 75460.117: [GC (Allocation Failure) [PSYoungGen: 260768K->704K(261120K)] 403232K->143168K(762368K), 0.0032856 secs] [Times: user=0.02 sys=0.00, real=0.00 secs] 
2019-01-01T14:01:18.751+0900: 75525.277: [GC (Allocation Failure) [PSYoungGen: 260800K->640K(261120K)] 403264K->143104K(762368K), 0.0035366 secs] [Times: user=0.00 sys=0.02, real=0.01 secs] 
2019-01-01T14:02:23.711+0900: 75590.238: [GC (Allocation Failure) [PSYoungGen: 260736K->672K(261120K)] 403200K->143144K(762368K), 0.0033264 secs] [Times: user=0.02 sys=0.00, real=0.01 secs] 
2019-01-01T14:03:28.574+0900: 75655.100: [GC (Allocation Failure) [PSYoungGen: 260768K->640K(261120K)] 403240K->143112K(762368K), 0.0033479 secs] [Times: user=0.00 sys=0.02, real=0.00 secs] 
2019-01-01T14:04:33.695+0900: 75720.222: [GC (Allocation Failure) [PSYoungGen: 260736K->704K(261120K)] 403208K->143184K(762368K), 0.0035266 secs] [Times: user=0.00 sys=0.01, real=0.00 secs] 
2019-01-01T14:05:38.359+0900: 75784.886: [GC (Allocation Failure) [PSYoungGen: 260800K->704K(261120K)] 403280K->143184K(762368K), 0.0033329 secs] [Times: user=0.01 sys=0.00, real=0.00 secs] 
2019-01-01T14:06:43.189+0900: 75849.715: [GC (Allocation Failure) [PSYoungGen: 260800K->640K(261120K)] 403280K->143120K(762368K), 0.0031716 secs] [Times: user=0.01 sys=0.00, real=0.00 secs] 
2019-01-01T14:07:48.117+0900: 75914.644: [GC (Allocation Failure) [PSYoungGen: 260736K->704K(261120K)] 403216K->143184K(762368K), 0.0032673 secs] [Times: user=0.02 sys=0.00, real=0.00 secs] 
2019-01-01T14:08:53.067+0900: 75979.594: [GC (Allocation Failure) [PSYoungGen: 260800K->640K(261120K)] 403280K->143120K(762368K), 0.0032398 secs] [Times: user=0.01 sys=0.01, real=0.00 secs] 
2019-01-01T14:09:57.933+0900: 76044.460: [GC (Allocation Failure) [PSYoungGen: 260736K->640K(261120K)] 403216K->143128K(762368K), 0.0036226 secs] [Times: user=0.00 sys=0.02, real=0.01 secs] 
2019-01-01T14:11:02.815+0900: 76109.341: [GC (Allocation Failure) [PSYoungGen: 260736K->672K(261120K)] 403224K->143168K(762368K), 0.0033342 secs] [Times: user=0.01 sys=0.01, real=0.00 secs] 
2019-01-01T14:12:07.769+0900: 76174.296: [GC (Allocation Failure) [PSYoungGen: 260768K->672K(261120K)] 403264K->143168K(762368K), 0.0033382 secs] [Times: user=0.01 sys=0.00, real=0.00 secs] 
2019-01-01T14:13:12.638+0900: 76239.165: [GC (Allocation Failure) [PSYoungGen: 260768K->608K(261120K)] 403264K->143104K(762368K), 0.0035637 secs] [Times: user=0.00 sys=0.01, real=0.00 secs] 
2019-01-01T14:14:17.417+0900: 76303.944: [GC (Allocation Failure) [PSYoungGen: 260704K->672K(261120K)] 403200K->143168K(762368K), 0.0032777 secs] [Times: user=0.00 sys=0.01, real=0.00 secs] 
2019-01-01T14:15:22.568+0900: 76369.095: [GC (Allocation Failure) [PSYoungGen: 260768K->704K(261120K)] 403264K->143200K(762368K), 0.0035587 secs] [Times: user=0.02 sys=0.00, real=0.00 secs] 
2019-01-01T14:16:27.550+0900: 76434.077: [GC (Allocation Failure) [PSYoungGen: 260800K->672K(261120K)] 403296K->143168K(762368K), 0.0029494 secs] [Times: user=0.02 sys=0.00, real=0.00 secs] 
2019-01-01T14:17:32.569+0900: 76499.096: [GC (Allocation Failure) [PSYoungGen: 260768K->672K(261120K)] 403264K->143168K(762368K), 0.0032853 secs] [Times: user=0.02 sys=0.00, real=0.00 secs] 
2019-01-01T14:18:37.322+0900: 76563.849: [GC (Allocation Failure) [PSYoungGen: 260768K->736K(261120K)] 403264K->143232K(762368K), 0.0034709 secs] [Times: user=0.02 sys=0.00, real=0.01 secs] 
2019-01-01T14:19:42.129+0900: 76628.656: [GC (Allocation Failure) [PSYoungGen: 260832K->672K(261120K)] 403328K->143176K(762368K), 0.0033793 secs] [Times: user=0.01 sys=0.00, real=0.00 secs] 
2019-01-01T14:20:47.012+0900: 76693.539: [GC (Allocation Failure) [PSYoungGen: 260768K->640K(261120K)] 403272K->143152K(762368K), 0.0034540 secs] [Times: user=0.02 sys=0.00, real=0.01 secs] 
2019-01-01T14:21:52.073+0900: 76758.600: [GC (Allocation Failure) [PSYoungGen: 260736K->672K(261120K)] 403248K->143184K(762368K), 0.0037187 secs] [Times: user=0.00 sys=0.01, real=0.01 secs] 
2019-01-01T14:22:57.032+0900: 76823.558: [GC (Allocation Failure) [PSYoungGen: 260768K->640K(261120K)] 403280K->143152K(762368K), 0.0031304 secs] [Times: user=0.00 sys=0.02, real=0.01 secs] 
2019-01-01T14:24:02.180+0900: 76888.706: [GC (Allocation Failure) [PSYoungGen: 260736K->672K(261120K)] 403248K->143184K(762368K), 0.0036713 secs] [Times: user=0.02 sys=0.00, real=0.00 secs] 
2019-01-01T14:25:07.292+0900: 76953.819: [GC (Allocation Failure) [PSYoungGen: 260768K->640K(261120K)] 403280K->143152K(762368K), 0.0033963 secs] [Times: user=0.01 sys=0.02, real=0.01 secs] 
2019-01-01T14:26:12.235+0900: 77018.762: [GC (Allocation Failure) [PSYoungGen: 260736K->672K(261120K)] 403248K->143184K(762368K), 0.0032818 secs] [Times: user=0.00 sys=0.01, real=0.00 secs] 
2019-01-01T14:27:16.994+0900: 77083.521: [GC (Allocation Failure) [PSYoungGen: 260768K->672K(261120K)] 403280K->143184K(762368K), 0.0033154 secs] [Times: user=0.00 sys=0.01, real=0.00 secs] 
2019-01-01T14:28:21.762+0900: 77148.289: [GC (Allocation Failure) [PSYoungGen: 260768K->672K(261120K)] 403280K->143184K(762368K), 0.0028995 secs] [Times: user=0.02 sys=0.00, real=0.01 secs] 
2019-01-01T14:29:26.436+0900: 77212.963: [GC (Allocation Failure) [PSYoungGen: 260768K->672K(261120K)] 403280K->143184K(762368K), 0.0031105 secs] [Times: user=0.01 sys=0.01, real=0.00 secs] 
2019-01-01T14:30:31.592+0900: 77278.118: [GC (Allocation Failure) [PSYoungGen: 260768K->704K(261120K)] 403280K->143224K(762368K), 0.0031782 secs] [Times: user=0.01 sys=0.01, real=0.01 secs] 
2019-01-01T14:31:36.500+0900: 77343.026: [GC (Allocation Failure) [PSYoungGen: 260800K->704K(261120K)] 403320K->143224K(762368K), 0.0034878 secs] [Times: user=0.02 sys=0.00, real=0.00 secs] 
2019-01-01T14:32:41.316+0900: 77407.842: [GC (Allocation Failure) [PSYoungGen: 260800K->672K(261120K)] 403320K->143192K(762368K), 0.0031882 secs] [Times: user=0.01 sys=0.01, real=0.00 secs] 
2019-01-01T14:33:46.492+0900: 77473.018: [GC (Allocation Failure) [PSYoungGen: 260768K->672K(261120K)] 403288K->143192K(762368K), 0.0036502 secs] [Times: user=0.01 sys=0.01, real=0.01 secs] 
2019-01-01T14:34:51.457+0900: 77537.984: [GC (Allocation Failure) [PSYoungGen: 260768K->672K(261120K)] 403288K->143192K(762368K), 0.0034147 secs] [Times: user=0.01 sys=0.01, real=0.00 secs] 
2019-01-01T14:35:56.358+0900: 77602.884: [GC (Allocation Failure) [PSYoungGen: 260768K->608K(261120K)] 403288K->143128K(762368K), 0.0033826 secs] [Times: user=0.01 sys=0.00, real=0.00 secs] 
2019-01-01T14:37:01.247+0900: 77667.774: [GC (Allocation Failure) [PSYoungGen: 260704K->672K(261120K)] 403224K->143192K(762368K), 0.0032727 secs] [Times: user=0.02 sys=0.00, real=0.00 secs] 
2019-01-01T14:38:06.041+0900: 77732.568: [GC (Allocation Failure) [PSYoungGen: 260768K->704K(261120K)] 403288K->143224K(762368K), 0.0033328 secs] [Times: user=0.02 sys=0.00, real=0.01 secs] 
2019-01-01T14:39:10.553+0900: 77797.080: [GC (Allocation Failure) [PSYoungGen: 260800K->672K(261120K)] 403320K->143192K(762368K), 0.0033135 secs] [Times: user=0.02 sys=0.00, real=0.01 secs] 
2019-01-01T14:40:15.509+0900: 77862.036: [GC (Allocation Failure) [PSYoungGen: 260768K->640K(261120K)] 403288K->143160K(762368K), 0.0032906 secs] [Times: user=0.00 sys=0.02, real=0.00 secs] 
2019-01-01T14:41:20.631+0900: 77927.158: [GC (Allocation Failure) [PSYoungGen: 260736K->704K(261120K)] 403256K->143224K(762368K), 0.0029691 secs] [Times: user=0.01 sys=0.00, real=0.01 secs] 
2019-01-01T14:42:25.682+0900: 77992.209: [GC (Allocation Failure) [PSYoungGen: 260800K->672K(261120K)] 403320K->143192K(762368K), 0.0035211 secs] [Times: user=0.01 sys=0.01, real=0.01 secs] 
2019-01-01T14:43:30.759+0900: 78057.286: [GC (Allocation Failure) [PSYoungGen: 260768K->640K(261120K)] 403288K->143160K(762368K), 0.0039505 secs] [Times: user=0.00 sys=0.01, real=0.00 secs] 
2019-01-01T14:44:35.714+0900: 78122.240: [GC (Allocation Failure) [PSYoungGen: 260736K->640K(261120K)] 403256K->143160K(762368K), 0.0033051 secs] [Times: user=0.00 sys=0.01, real=0.00 secs] 
2019-01-01T14:45:40.981+0900: 78187.508: [GC (Allocation Failure) [PSYoungGen: 260736K->640K(261120K)] 403256K->143160K(762368K), 0.0033682 secs] [Times: user=0.01 sys=0.02, real=0.01 secs] 
2019-01-01T14:46:46.019+0900: 78252.546: [GC (Allocation Failure) [PSYoungGen: 260736K->704K(261120K)] 403256K->143232K(762368K), 0.0034579 secs] [Times: user=0.02 sys=0.00, real=0.00 secs] 
2019-01-01T14:47:51.047+0900: 78317.574: [GC (Allocation Failure) [PSYoungGen: 260800K->672K(261120K)] 403328K->143200K(762368K), 0.0033529 secs] [Times: user=0.00 sys=0.02, real=0.00 secs] 
2019-01-01T14:48:55.888+0900: 78382.415: [GC (Allocation Failure) [PSYoungGen: 260768K->672K(261120K)] 403296K->143208K(762368K), 0.0034042 secs] [Times: user=0.00 sys=0.01, real=0.00 secs] 
2019-01-01T14:50:00.809+0900: 78447.336: [GC (Allocation Failure) [PSYoungGen: 260768K->672K(261120K)] 403304K->143224K(762368K), 0.0032054 secs] [Times: user=0.02 sys=0.00, real=0.00 secs] 
2019-01-01T14:51:05.965+0900: 78512.491: [GC (Allocation Failure) [PSYoungGen: 260768K->704K(261120K)] 403320K->143264K(762368K), 0.0029501 secs] [Times: user=0.00 sys=0.02, real=0.00 secs] 
2019-01-01T14:52:11.102+0900: 78577.628: [GC (Allocation Failure) [PSYoungGen: 260800K->640K(261120K)] 403360K->143200K(762368K), 0.0034035 secs] [Times: user=0.02 sys=0.00, real=0.01 secs] 
2019-01-01T14:53:16.041+0900: 78642.567: [GC (Allocation Failure) [PSYoungGen: 260736K->672K(261120K)] 403296K->143232K(762368K), 0.0032796 secs] [Times: user=0.02 sys=0.00, real=0.01 secs] 
2019-01-01T14:54:21.085+0900: 78707.612: [GC (Allocation Failure) [PSYoungGen: 260768K->640K(261120K)] 403328K->143200K(762368K), 0.0032954 secs] [Times: user=0.01 sys=0.00, real=0.00 secs] 
2019-01-01T14:55:25.889+0900: 78772.415: [GC (Allocation Failure) [PSYoungGen: 260736K->704K(261120K)] 403296K->143272K(762368K), 0.0033130 secs] [Times: user=0.01 sys=0.00, real=0.00 secs] 
2019-01-01T14:56:30.677+0900: 78837.204: [GC (Allocation Failure) [PSYoungGen: 260800K->672K(261120K)] 403368K->143256K(762368K), 0.0033754 secs] [Times: user=0.01 sys=0.00, real=0.00 secs] 
2019-01-01T14:57:35.302+0900: 78901.828: [GC (Allocation Failure) [PSYoungGen: 260768K->672K(261120K)] 403352K->143256K(762368K), 0.0031921 secs] [Times: user=0.00 sys=0.01, real=0.01 secs] 
2019-01-01T14:58:40.016+0900: 78966.543: [GC (Allocation Failure) [PSYoungGen: 260768K->736K(261120K)] 403352K->143320K(762368K), 0.0032216 secs] [Times: user=0.01 sys=0.01, real=0.00 secs] 
2019-01-01T14:59:44.834+0900: 79031.361: [GC (Allocation Failure) [PSYoungGen: 260832K->672K(261120K)] 403416K->143256K(762368K), 0.0035031 secs] [Times: user=0.02 sys=0.00, real=0.00 secs] 
2019-01-01T15:00:49.833+0900: 79096.359: [GC (Allocation Failure) [PSYoungGen: 260768K->640K(261120K)] 403352K->143224K(762368K), 0.0028855 secs] [Times: user=0.00 sys=0.02, real=0.01 secs] 
2019-01-01T15:01:54.638+0900: 79161.164: [GC (Allocation Failure) [PSYoungGen: 260736K->672K(261120K)] 403320K->143264K(762368K), 0.0032214 secs] [Times: user=0.01 sys=0.01, real=0.00 secs] 
2019-01-01T15:02:59.620+0900: 79226.147: [GC (Allocation Failure) [PSYoungGen: 260768K->672K(261120K)] 403360K->143264K(762368K), 0.0033665 secs] [Times: user=0.01 sys=0.00, real=0.00 secs] 
2019-01-01T15:04:04.491+0900: 79291.018: [GC (Allocation Failure) [PSYoungGen: 260768K->736K(261120K)] 403360K->143328K(762368K), 0.0034208 secs] [Times: user=0.02 sys=0.00, real=0.01 secs] 
2019-01-01T15:05:09.261+0900: 79355.787: [GC (Allocation Failure) [PSYoungGen: 260832K->704K(261120K)] 403424K->143296K(762368K), 0.0031689 secs] [Times: user=0.02 sys=0.00, real=0.01 secs] 
2019-01-01T15:06:14.310+0900: 79420.836: [GC (Allocation Failure) [PSYoungGen: 260800K->672K(261120K)] 403392K->143264K(762368K), 0.0033966 secs] [Times: user=0.01 sys=0.00, real=0.00 secs] 
2019-01-01T15:07:19.337+0900: 79485.864: [GC (Allocation Failure) [PSYoungGen: 260768K->608K(261120K)] 403360K->143200K(762368K), 0.0030544 secs] [Times: user=0.00 sys=0.01, real=0.00 secs] 
2019-01-01T15:08:24.566+0900: 79551.093: [GC (Allocation Failure) [PSYoungGen: 260704K->672K(261120K)] 403296K->143264K(762368K), 0.0033194 secs] [Times: user=0.02 sys=0.00, real=0.00 secs] 
2019-01-01T15:09:29.303+0900: 79615.829: [GC (Allocation Failure) [PSYoungGen: 260768K->640K(261120K)] 403360K->143232K(762368K), 0.0031572 secs] [Times: user=0.01 sys=0.00, real=0.01 secs] 
2019-01-01T15:10:34.343+0900: 79680.870: [GC (Allocation Failure) [PSYoungGen: 260736K->608K(261120K)] 403328K->143200K(762368K), 0.0035414 secs] [Times: user=0.00 sys=0.02, real=0.01 secs] 
2019-01-01T15:11:39.420+0900: 79745.947: [GC (Allocation Failure) [PSYoungGen: 260704K->608K(261120K)] 403296K->143200K(762368K), 0.0032572 secs] [Times: user=0.00 sys=0.01, real=0.00 secs] 
2019-01-01T15:12:44.217+0900: 79810.744: [GC (Allocation Failure) [PSYoungGen: 260704K->640K(261120K)] 403296K->143232K(762368K), 0.0036091 secs] [Times: user=0.02 sys=0.00, real=0.00 secs] 
2019-01-01T15:13:48.900+0900: 79875.427: [GC (Allocation Failure) [PSYoungGen: 260736K->704K(261120K)] 403328K->143296K(762368K), 0.0034083 secs] [Times: user=0.01 sys=0.02, real=0.00 secs] 
2019-01-01T15:14:53.803+0900: 79940.330: [GC (Allocation Failure) [PSYoungGen: 260800K->704K(261120K)] 403392K->143296K(762368K), 0.0033000 secs] [Times: user=0.02 sys=0.00, real=0.01 secs] 
2019-01-01T15:15:58.664+0900: 80005.191: [GC (Allocation Failure) [PSYoungGen: 260800K->704K(261120K)] 403392K->143296K(762368K), 0.0035135 secs] [Times: user=0.02 sys=0.00, real=0.00 secs] 
2019-01-01T15:17:03.825+0900: 80070.352: [GC (Allocation Failure) [PSYoungGen: 260800K->672K(261120K)] 403392K->143264K(762368K), 0.0036560 secs] [Times: user=0.00 sys=0.02, real=0.00 secs] 
2019-01-01T15:18:08.814+0900: 80135.341: [GC (Allocation Failure) [PSYoungGen: 260768K->672K(261120K)] 403360K->143264K(762368K), 0.0033520 secs] [Times: user=0.02 sys=0.00, real=0.00 secs] 
2019-01-01T15:19:13.679+0900: 80200.206: [GC (Allocation Failure) [PSYoungGen: 260768K->672K(261120K)] 403360K->143272K(762368K), 0.0034075 secs] [Times: user=0.02 sys=0.00, real=0.00 secs] 
2019-01-01T15:20:18.803+0900: 80265.329: [GC (Allocation Failure) [PSYoungGen: 260768K->672K(261120K)] 403368K->143280K(762368K), 0.0033609 secs] [Times: user=0.00 sys=0.02, real=0.01 secs] 
2019-01-01T15:21:23.870+0900: 80330.397: [GC (Allocation Failure) [PSYoungGen: 260768K->640K(261120K)] 403376K->143256K(762368K), 0.0031254 secs] [Times: user=0.01 sys=0.00, real=0.00 secs] 
2019-01-01T15:22:28.717+0900: 80395.244: [GC (Allocation Failure) [PSYoungGen: 260736K->672K(261120K)] 403352K->143288K(762368K), 0.0032155 secs] [Times: user=0.02 sys=0.00, real=0.00 secs] 
2019-01-01T15:23:33.581+0900: 80460.108: [GC (Allocation Failure) [PSYoungGen: 260768K->672K(261120K)] 403384K->143288K(762368K), 0.0037008 secs] [Times: user=0.02 sys=0.00, real=0.01 secs] 
2019-01-01T15:24:38.608+0900: 80525.134: [GC (Allocation Failure) [PSYoungGen: 260768K->704K(261120K)] 403384K->143320K(762368K), 0.0031344 secs] [Times: user=0.01 sys=0.00, real=0.00 secs] 
2019-01-01T15:25:43.173+0900: 80589.700: [GC (Allocation Failure) [PSYoungGen: 260800K->672K(261120K)] 403416K->143288K(762368K), 0.0036337 secs] [Times: user=0.02 sys=0.00, real=0.01 secs] 
2019-01-01T15:26:47.884+0900: 80654.410: [GC (Allocation Failure) [PSYoungGen: 260768K->640K(261120K)] 403384K->143256K(762368K), 0.0037043 secs] [Times: user=0.02 sys=0.00, real=0.00 secs] 
2019-01-01T15:27:52.739+0900: 80719.265: [GC (Allocation Failure) [PSYoungGen: 260736K->704K(261120K)] 403352K->143320K(762368K), 0.0034352 secs] [Times: user=0.02 sys=0.00, real=0.00 secs] 
2019-01-01T15:28:57.653+0900: 80784.180: [GC (Allocation Failure) [PSYoungGen: 260800K->672K(261120K)] 403416K->143288K(762368K), 0.0034037 secs] [Times: user=0.01 sys=0.01, real=0.01 secs] 
2019-01-01T15:30:02.649+0900: 80849.176: [GC (Allocation Failure) [PSYoungGen: 260768K->608K(261120K)] 403384K->143232K(762368K), 0.0035947 secs] [Times: user=0.02 sys=0.00, real=0.00 secs] 
2019-01-01T15:31:07.556+0900: 80914.083: [GC (Allocation Failure) [PSYoungGen: 260704K->576K(261120K)] 403328K->143200K(762368K), 0.0035434 secs] [Times: user=0.01 sys=0.02, real=0.00 secs] 
2019-01-01T15:32:12.628+0900: 80979.155: [GC (Allocation Failure) [PSYoungGen: 260672K->672K(261120K)] 403296K->143296K(762368K), 0.0035072 secs] [Times: user=0.01 sys=0.01, real=0.00 secs] 
2019-01-01T15:33:17.803+0900: 81044.329: [GC (Allocation Failure) [PSYoungGen: 260768K->704K(261120K)] 403392K->143328K(762368K), 0.0036290 secs] [Times: user=0.02 sys=0.00, real=0.01 secs] 
2019-01-01T15:34:22.373+0900: 81108.900: [GC (Allocation Failure) [PSYoungGen: 260800K->736K(261120K)] 403424K->143360K(762368K), 0.0033053 secs] [Times: user=0.01 sys=0.01, real=0.01 secs] 
2019-01-01T15:35:27.089+0900: 81173.616: [GC (Allocation Failure) [PSYoungGen: 260832K->672K(261120K)] 403456K->143296K(762368K), 0.0030303 secs] [Times: user=0.01 sys=0.01, real=0.00 secs] 
2019-01-01T15:36:32.096+0900: 81238.623: [GC (Allocation Failure) [PSYoungGen: 260768K->704K(261120K)] 403392K->143328K(762368K), 0.0034233 secs] [Times: user=0.01 sys=0.01, real=0.00 secs] 
2019-01-01T15:37:37.095+0900: 81303.622: [GC (Allocation Failure) [PSYoungGen: 260800K->704K(261120K)] 403424K->143328K(762368K), 0.0032064 secs] [Times: user=0.00 sys=0.01, real=0.00 secs] 
2019-01-01T15:38:42.134+0900: 81368.661: [GC (Allocation Failure) [PSYoungGen: 260800K->672K(261120K)] 403424K->143296K(762368K), 0.0030746 secs] [Times: user=0.02 sys=0.00, real=0.00 secs] 
2019-01-01T15:39:47.173+0900: 81433.700: [GC (Allocation Failure) [PSYoungGen: 260768K->672K(261120K)] 403392K->143296K(762368K), 0.0036624 secs] [Times: user=0.00 sys=0.01, real=0.01 secs] 
2019-01-01T15:40:52.213+0900: 81498.740: [GC (Allocation Failure) [PSYoungGen: 260768K->640K(261120K)] 403392K->143264K(762368K), 0.0029155 secs] [Times: user=0.02 sys=0.00, real=0.01 secs] 
2019-01-01T15:41:57.068+0900: 81563.594: [GC (Allocation Failure) [PSYoungGen: 260736K->640K(261120K)] 403360K->143272K(762368K), 0.0034295 secs] [Times: user=0.00 sys=0.01, real=0.00 secs] 
2019-01-01T15:43:01.616+0900: 81628.143: [GC (Allocation Failure) [PSYoungGen: 260736K->672K(261120K)] 403368K->143312K(762368K), 0.0034167 secs] [Times: user=0.00 sys=0.01, real=0.00 secs] 
2019-01-01T15:44:06.454+0900: 81692.981: [GC (Allocation Failure) [PSYoungGen: 260768K->704K(261120K)] 403408K->143344K(762368K), 0.0030078 secs] [Times: user=0.02 sys=0.00, real=0.00 secs] 
2019-01-01T15:45:11.494+0900: 81758.020: [GC (Allocation Failure) [PSYoungGen: 260800K->672K(261120K)] 403440K->143312K(762368K), 0.0040798 secs] [Times: user=0.03 sys=0.00, real=0.00 secs] 
2019-01-01T15:46:16.518+0900: 81823.045: [GC (Allocation Failure) [PSYoungGen: 260768K->640K(261120K)] 403408K->143288K(762368K), 0.0033222 secs] [Times: user=0.01 sys=0.01, real=0.00 secs] 
2019-01-01T15:47:21.402+0900: 81887.928: [GC (Allocation Failure) [PSYoungGen: 260736K->672K(261120K)] 403384K->143320K(762368K), 0.0033784 secs] [Times: user=0.02 sys=0.00, real=0.01 secs] 
2019-01-01T15:48:26.462+0900: 81952.989: [GC (Allocation Failure) [PSYoungGen: 260768K->672K(261120K)] 403416K->143320K(762368K), 0.0035543 secs] [Times: user=0.00 sys=0.01, real=0.01 secs] 
2019-01-01T15:49:31.260+0900: 82017.786: [GC (Allocation Failure) [PSYoungGen: 260768K->704K(261120K)] 403416K->143368K(762368K), 0.0035287 secs] [Times: user=0.02 sys=0.00, real=0.00 secs] 
2019-01-01T15:50:36.231+0900: 82082.758: [GC (Allocation Failure) [PSYoungGen: 260800K->704K(261120K)] 403464K->143376K(762368K), 0.0030951 secs] [Times: user=0.01 sys=0.00, real=0.01 secs] 
2019-01-01T15:51:41.235+0900: 82147.762: [GC (Allocation Failure) [PSYoungGen: 260800K->704K(261120K)] 403472K->143376K(762368K), 0.0035758 secs] [Times: user=0.02 sys=0.00, real=0.00 secs] 
2019-01-01T15:52:46.242+0900: 82212.769: [GC (Allocation Failure) [PSYoungGen: 260800K->672K(261120K)] 403472K->143344K(762368K), 0.0032989 secs] [Times: user=0.00 sys=0.01, real=0.01 secs] 
2019-01-01T15:53:51.008+0900: 82277.535: [GC (Allocation Failure) [PSYoungGen: 260768K->704K(261120K)] 403440K->143376K(762368K), 0.0032926 secs] [Times: user=0.01 sys=0.01, real=0.00 secs] 
2019-01-01T15:54:55.855+0900: 82342.382: [GC (Allocation Failure) [PSYoungGen: 260800K->672K(261120K)] 403472K->143344K(762368K), 0.0028692 secs] [Times: user=0.00 sys=0.01, real=0.00 secs] 
2019-01-01T15:56:01.029+0900: 82407.556: [GC (Allocation Failure) [PSYoungGen: 260768K->672K(261120K)] 403440K->143344K(762368K), 0.0029410 secs] [Times: user=0.01 sys=0.00, real=0.00 secs] 
2019-01-01T15:57:05.454+0900: 82471.981: [GC (Allocation Failure) [PSYoungGen: 260768K->704K(261120K)] 403440K->143376K(762368K), 0.0028954 secs] [Times: user=0.00 sys=0.02, real=0.00 secs] 
2019-01-01T15:58:10.245+0900: 82536.772: [GC (Allocation Failure) [PSYoungGen: 260800K->672K(261120K)] 403472K->143352K(762368K), 0.0031080 secs] [Times: user=0.02 sys=0.00, real=0.00 secs] 
2019-01-01T15:59:15.247+0900: 82601.774: [GC (Allocation Failure) [PSYoungGen: 260768K->640K(261120K)] 403448K->143320K(762368K), 0.0034614 secs] [Times: user=0.00 sys=0.01, real=0.00 secs] 
2019-01-01T16:00:20.166+0900: 82666.692: [GC (Allocation Failure) [PSYoungGen: 260736K->704K(261120K)] 403416K->143392K(762368K), 0.0033268 secs] [Times: user=0.00 sys=0.01, real=0.00 secs] 
2019-01-01T16:01:25.420+0900: 82731.947: [GC (Allocation Failure) [PSYoungGen: 260800K->704K(261120K)] 403488K->143400K(762368K), 0.0035883 secs] [Times: user=0.02 sys=0.00, real=0.01 secs] 
2019-01-01T16:02:30.551+0900: 82797.078: [GC (Allocation Failure) [PSYoungGen: 260800K->608K(261120K)] 403496K->143304K(762368K), 0.0034564 secs] [Times: user=0.02 sys=0.00, real=0.01 secs] 
2019-01-01T16:03:35.440+0900: 82861.967: [GC (Allocation Failure) [PSYoungGen: 260704K->704K(261120K)] 403400K->143400K(762368K), 0.0035874 secs] [Times: user=0.01 sys=0.00, real=0.01 secs] 
2019-01-01T16:04:40.312+0900: 82926.839: [GC (Allocation Failure) [PSYoungGen: 260800K->704K(261120K)] 403496K->143400K(762368K), 0.0033457 secs] [Times: user=0.02 sys=0.00, real=0.01 secs] 
2019-01-01T16:05:45.081+0900: 82991.608: [GC (Allocation Failure) [PSYoungGen: 260800K->608K(261120K)] 403496K->143304K(762368K), 0.0030234 secs] [Times: user=0.00 sys=0.02, real=0.01 secs] 
2019-01-01T16:06:49.960+0900: 83056.487: [GC (Allocation Failure) [PSYoungGen: 260704K->608K(261120K)] 403400K->143304K(762368K), 0.0036218 secs] [Times: user=0.02 sys=0.00, real=0.00 secs] 
2019-01-01T16:07:54.875+0900: 83121.402: [GC (Allocation Failure) [PSYoungGen: 260704K->640K(261120K)] 403400K->143336K(762368K), 0.0032357 secs] [Times: user=0.01 sys=0.01, real=0.00 secs] 
2019-01-01T16:08:59.934+0900: 83186.460: [GC (Allocation Failure) [PSYoungGen: 260736K->672K(261120K)] 403432K->143376K(762368K), 0.0034161 secs] [Times: user=0.01 sys=0.01, real=0.00 secs] 
2019-01-01T16:10:04.898+0900: 83251.425: [GC (Allocation Failure) [PSYoungGen: 260768K->704K(261120K)] 403472K->143408K(762368K), 0.0034715 secs] [Times: user=0.00 sys=0.02, real=0.00 secs] 
2019-01-01T16:11:09.959+0900: 83316.486: [GC (Allocation Failure) [PSYoungGen: 260800K->672K(261120K)] 403504K->143376K(762368K), 0.0036317 secs] [Times: user=0.02 sys=0.00, real=0.00 secs] 
2019-01-01T16:12:14.944+0900: 83381.470: [GC (Allocation Failure) [PSYoungGen: 260768K->704K(261120K)] 403472K->143408K(762368K), 0.0032019 secs] [Times: user=0.01 sys=0.01, real=0.01 secs] 
2019-01-01T16:13:19.434+0900: 83445.961: [GC (Allocation Failure) [PSYoungGen: 260800K->640K(261120K)] 403504K->143344K(762368K), 0.0030815 secs] [Times: user=0.01 sys=0.00, real=0.00 secs] 
2019-01-01T16:14:24.435+0900: 83510.962: [GC (Allocation Failure) [PSYoungGen: 260736K->704K(261120K)] 403440K->143416K(762368K), 0.0036151 secs] [Times: user=0.02 sys=0.00, real=0.00 secs] 
2019-01-01T16:15:29.346+0900: 83575.873: [GC (Allocation Failure) [PSYoungGen: 260800K->672K(261120K)] 403512K->143384K(762368K), 0.0032522 secs] [Times: user=0.01 sys=0.01, real=0.00 secs] 
2019-01-01T16:16:34.082+0900: 83640.609: [GC (Allocation Failure) [PSYoungGen: 260768K->672K(261120K)] 403480K->143384K(762368K), 0.0030258 secs] [Times: user=0.01 sys=0.00, real=0.01 secs] 
2019-01-01T16:17:38.817+0900: 83705.344: [GC (Allocation Failure) [PSYoungGen: 260768K->704K(261120K)] 403480K->143416K(762368K), 0.0032320 secs] [Times: user=0.02 sys=0.00, real=0.00 secs] 
2019-01-01T16:18:43.768+0900: 83770.294: [GC (Allocation Failure) [PSYoungGen: 260800K->640K(261120K)] 403512K->143368K(762368K), 0.0031098 secs] [Times: user=0.02 sys=0.00, real=0.00 secs] 
2019-01-01T16:19:48.541+0900: 83835.068: [GC (Allocation Failure) [PSYoungGen: 260736K->640K(261120K)] 403464K->143376K(762368K), 0.0032003 secs] [Times: user=0.00 sys=0.01, real=0.01 secs] 
2019-01-01T16:20:53.501+0900: 83900.028: [GC (Allocation Failure) [PSYoungGen: 260736K->704K(261120K)] 403472K->143448K(762368K), 0.0032254 secs] [Times: user=0.01 sys=0.02, real=0.01 secs] 
2019-01-01T16:21:58.262+0900: 83964.788: [GC (Allocation Failure) [PSYoungGen: 260800K->672K(261120K)] 403544K->143416K(762368K), 0.0029064 secs] [Times: user=0.01 sys=0.00, real=0.01 secs] 
2019-01-01T16:23:02.920+0900: 84029.447: [GC (Allocation Failure) [PSYoungGen: 260768K->640K(261120K)] 403512K->143384K(762368K), 0.0036946 secs] [Times: user=0.02 sys=0.00, real=0.01 secs] 
2019-01-01T16:24:07.696+0900: 84094.223: [GC (Allocation Failure) [PSYoungGen: 260736K->736K(261120K)] 403480K->143480K(762368K), 0.0034226 secs] [Times: user=0.02 sys=0.00, real=0.00 secs] 
2019-01-01T16:25:12.473+0900: 84158.999: [GC (Allocation Failure) [PSYoungGen: 260832K->704K(261120K)] 403576K->143448K(762368K), 0.0032613 secs] [Times: user=0.00 sys=0.02, real=0.01 secs] 
2019-01-01T16:26:17.205+0900: 84223.732: [GC (Allocation Failure) [PSYoungGen: 260800K->736K(261120K)] 403544K->143480K(762368K), 0.0032783 secs] [Times: user=0.02 sys=0.00, real=0.00 secs] 
2019-01-01T16:27:21.956+0900: 84288.483: [GC (Allocation Failure) [PSYoungGen: 260832K->640K(261120K)] 403576K->143384K(762368K), 0.0031773 secs] [Times: user=0.01 sys=0.01, real=0.00 secs] 
2019-01-01T16:28:26.895+0900: 84353.422: [GC (Allocation Failure) [PSYoungGen: 260736K->640K(261120K)] 403480K->143384K(762368K), 0.0029189 secs] [Times: user=0.01 sys=0.00, real=0.00 secs] 
2019-01-01T16:29:31.974+0900: 84418.501: [GC (Allocation Failure) [PSYoungGen: 260736K->704K(261120K)] 403480K->143448K(762368K), 0.0034049 secs] [Times: user=0.00 sys=0.01, real=0.00 secs] 
2019-01-01T16:30:37.079+0900: 84483.606: [GC (Allocation Failure) [PSYoungGen: 260800K->640K(261120K)] 403544K->143392K(762368K), 0.0031947 secs] [Times: user=0.02 sys=0.00, real=0.00 secs] 
2019-01-01T16:31:42.040+0900: 84548.566: [GC (Allocation Failure) [PSYoungGen: 260736K->704K(261120K)] 403488K->143456K(762368K), 0.0034261 secs] [Times: user=0.00 sys=0.02, real=0.00 secs] 
2019-01-01T16:32:46.779+0900: 84613.306: [GC (Allocation Failure) [PSYoungGen: 260800K->736K(261120K)] 403552K->143488K(762368K), 0.0036158 secs] [Times: user=0.01 sys=0.00, real=0.00 secs] 
2019-01-01T16:33:51.658+0900: 84678.185: [GC (Allocation Failure) [PSYoungGen: 260832K->704K(261120K)] 403584K->143456K(762368K), 0.0033543 secs] [Times: user=0.02 sys=0.00, real=0.00 secs] 
2019-01-01T16:34:56.345+0900: 84742.872: [GC (Allocation Failure) [PSYoungGen: 260800K->640K(261120K)] 403552K->143392K(762368K), 0.0030270 secs] [Times: user=0.00 sys=0.01, real=0.00 secs] 
2019-01-01T16:36:01.030+0900: 84807.557: [GC (Allocation Failure) [PSYoungGen: 260736K->704K(261120K)] 403488K->143456K(762368K), 0.0035797 secs] [Times: user=0.00 sys=0.01, real=0.00 secs] 
2019-01-01T16:37:05.791+0900: 84872.318: [GC (Allocation Failure) [PSYoungGen: 260800K->704K(261120K)] 403552K->143456K(762368K), 0.0034111 secs] [Times: user=0.02 sys=0.00, real=0.01 secs] 
2019-01-01T16:38:10.689+0900: 84937.216: [GC (Allocation Failure) [PSYoungGen: 260800K->640K(261120K)] 403552K->143392K(762368K), 0.0031279 secs] [Times: user=0.01 sys=0.00, real=0.00 secs] 
2019-01-01T16:39:15.650+0900: 85002.177: [GC (Allocation Failure) [PSYoungGen: 260736K->704K(261120K)] 403488K->143456K(762368K), 0.0034197 secs] [Times: user=0.01 sys=0.00, real=0.00 secs] 
2019-01-01T16:40:20.520+0900: 85067.047: [GC (Allocation Failure) [PSYoungGen: 260800K->640K(261120K)] 403552K->143392K(762368K), 0.0034063 secs] [Times: user=0.01 sys=0.00, real=0.01 secs] 
2019-01-01T16:41:25.253+0900: 85131.779: [GC (Allocation Failure) [PSYoungGen: 260736K->672K(261120K)] 403488K->143424K(762368K), 0.0034146 secs] [Times: user=0.01 sys=0.02, real=0.01 secs] 
2019-01-01T16:42:29.910+0900: 85196.437: [GC (Allocation Failure) [PSYoungGen: 260768K->704K(261120K)] 403520K->143456K(762368K), 0.0035059 secs] [Times: user=0.02 sys=0.00, real=0.01 secs] 
2019-01-01T16:43:34.757+0900: 85261.283: [GC (Allocation Failure) [PSYoungGen: 260800K->736K(261120K)] 403552K->143488K(762368K), 0.0034940 secs] [Times: user=0.02 sys=0.00, real=0.00 secs] 
2019-01-01T16:44:39.704+0900: 85326.231: [GC (Allocation Failure) [PSYoungGen: 260832K->640K(261120K)] 403584K->143416K(762368K), 0.0035699 secs] [Times: user=0.02 sys=0.00, real=0.00 secs] 
2019-01-01T16:45:44.636+0900: 85391.162: [GC (Allocation Failure) [PSYoungGen: 260736K->640K(261120K)] 403512K->143424K(762368K), 0.0033304 secs] [Times: user=0.02 sys=0.00, real=0.00 secs] 
2019-01-01T16:46:49.490+0900: 85456.016: [GC (Allocation Failure) [PSYoungGen: 260736K->672K(261120K)] 403520K->143456K(762368K), 0.0032299 secs] [Times: user=0.01 sys=0.00, real=0.00 secs] 
2019-01-01T16:47:53.989+0900: 85520.515: [GC (Allocation Failure) [PSYoungGen: 260768K->672K(261120K)] 403552K->143456K(762368K), 0.0034247 secs] [Times: user=0.01 sys=0.02, real=0.00 secs] 
2019-01-01T16:48:58.738+0900: 85585.265: [GC (Allocation Failure) [PSYoungGen: 260768K->640K(261120K)] 403552K->143432K(762368K), 0.0033378 secs] [Times: user=0.00 sys=0.01, real=0.00 secs] 
2019-01-01T16:50:03.250+0900: 85649.776: [GC (Allocation Failure) [PSYoungGen: 260736K->704K(261120K)] 403528K->143504K(762368K), 0.0030159 secs] [Times: user=0.00 sys=0.02, real=0.00 secs] 
2019-01-01T16:51:08.235+0900: 85714.762: [GC (Allocation Failure) [PSYoungGen: 260800K->672K(261120K)] 403600K->143472K(762368K), 0.0034340 secs] [Times: user=0.00 sys=0.01, real=0.00 secs] 
2019-01-01T16:52:13.140+0900: 85779.667: [GC (Allocation Failure) [PSYoungGen: 260768K->736K(261120K)] 403568K->143536K(762368K), 0.0029309 secs] [Times: user=0.01 sys=0.00, real=0.00 secs] 
2019-01-01T16:53:18.081+0900: 85844.607: [GC (Allocation Failure) [PSYoungGen: 260832K->672K(261120K)] 403632K->143472K(762368K), 0.0032679 secs] [Times: user=0.01 sys=0.01, real=0.01 secs] 
2019-01-01T16:54:23.069+0900: 85909.595: [GC (Allocation Failure) [PSYoungGen: 260768K->672K(261120K)] 403568K->143480K(762368K), 0.0036208 secs] [Times: user=0.00 sys=0.01, real=0.00 secs] 
2019-01-01T16:55:28.112+0900: 85974.638: [GC (Allocation Failure) [PSYoungGen: 260768K->704K(261120K)] 403576K->143512K(762368K), 0.0036511 secs] [Times: user=0.00 sys=0.02, real=0.01 secs] 
2019-01-01T16:56:33.212+0900: 86039.738: [GC (Allocation Failure) [PSYoungGen: 260800K->704K(261120K)] 403608K->143520K(762368K), 0.0031418 secs] [Times: user=0.00 sys=0.02, real=0.01 secs] 
2019-01-01T16:57:38.218+0900: 86104.745: [GC (Allocation Failure) [PSYoungGen: 260800K->672K(261120K)] 403616K->143488K(762368K), 0.0031500 secs] [Times: user=0.02 sys=0.00, real=0.00 secs] 
2019-01-01T16:58:42.897+0900: 86169.423: [GC (Allocation Failure) [PSYoungGen: 260768K->704K(261120K)] 403584K->143520K(762368K), 0.0033346 secs] [Times: user=0.01 sys=0.01, real=0.00 secs] 
2019-01-01T16:59:47.359+0900: 86233.886: [GC (Allocation Failure) [PSYoungGen: 260800K->640K(261120K)] 403616K->143464K(762368K), 0.0032402 secs] [Times: user=0.02 sys=0.00, real=0.00 secs] 
2019-01-01T17:00:52.389+0900: 86298.916: [GC (Allocation Failure) [PSYoungGen: 260736K->672K(261120K)] 403560K->143496K(762368K), 0.0032772 secs] [Times: user=0.00 sys=0.02, real=0.00 secs] 
2019-01-01T17:01:57.490+0900: 86364.016: [GC (Allocation Failure) [PSYoungGen: 260768K->672K(261120K)] 403592K->143496K(762368K), 0.0034289 secs] [Times: user=0.00 sys=0.01, real=0.00 secs] 
2019-01-01T17:03:02.431+0900: 86428.957: [GC (Allocation Failure) [PSYoungGen: 260768K->672K(261120K)] 403592K->143496K(762368K), 0.0033109 secs] [Times: user=0.00 sys=0.02, real=0.01 secs] 
2019-01-01T17:04:07.359+0900: 86493.886: [GC (Allocation Failure) [PSYoungGen: 260768K->672K(261120K)] 403592K->143496K(762368K), 0.0034559 secs] [Times: user=0.01 sys=0.02, real=0.00 secs] 
2019-01-01T17:05:11.926+0900: 86558.453: [GC (Allocation Failure) [PSYoungGen: 260768K->672K(261120K)] 403592K->143496K(762368K), 0.0035274 secs] [Times: user=0.02 sys=0.00, real=0.00 secs] 
2019-01-01T17:06:16.685+0900: 86623.211: [GC (Allocation Failure) [PSYoungGen: 260768K->672K(261120K)] 403592K->143504K(762368K), 0.0046718 secs] [Times: user=0.00 sys=0.01, real=0.00 secs] 
2019-01-01T17:07:21.617+0900: 86688.143: [GC (Allocation Failure) [PSYoungGen: 260768K->704K(261120K)] 403600K->143536K(762368K), 0.0035313 secs] [Times: user=0.01 sys=0.01, real=0.00 secs] 
2019-01-01T17:08:26.414+0900: 86752.941: [GC (Allocation Failure) [PSYoungGen: 260800K->672K(261120K)] 403632K->143504K(762368K), 0.0034616 secs] [Times: user=0.02 sys=0.00, real=0.00 secs] 
2019-01-01T17:09:31.387+0900: 86817.914: [GC (Allocation Failure) [PSYoungGen: 260768K->640K(261120K)] 403600K->143472K(762368K), 0.0034010 secs] [Times: user=0.02 sys=0.00, real=0.00 secs] 
2019-01-01T17:10:36.454+0900: 86882.981: [GC (Allocation Failure) [PSYoungGen: 260736K->672K(261120K)] 403568K->143504K(762368K), 0.0032721 secs] [Times: user=0.02 sys=0.00, real=0.00 secs] 
2019-01-01T17:11:41.456+0900: 86947.983: [GC (Allocation Failure) [PSYoungGen: 260768K->672K(261120K)] 403600K->143504K(762368K), 0.0031412 secs] [Times: user=0.01 sys=0.01, real=0.00 secs] 
2019-01-01T17:12:46.412+0900: 87012.939: [GC (Allocation Failure) [PSYoungGen: 260768K->672K(261120K)] 403600K->143504K(762368K), 0.0029874 secs] [Times: user=0.00 sys=0.01, real=0.01 secs] 
2019-01-01T17:13:51.335+0900: 87077.861: [GC (Allocation Failure) [PSYoungGen: 260768K->672K(261120K)] 403600K->143504K(762368K), 0.0036785 secs] [Times: user=0.00 sys=0.01, real=0.00 secs] 
2019-01-01T17:14:56.126+0900: 87142.653: [GC (Allocation Failure) [PSYoungGen: 260768K->672K(261120K)] 403600K->143504K(762368K), 0.0032466 secs] [Times: user=0.01 sys=0.02, real=0.00 secs] 
2019-01-01T17:16:00.970+0900: 87207.496: [GC (Allocation Failure) [PSYoungGen: 260768K->672K(261120K)] 403600K->143512K(762368K), 0.0033633 secs] [Times: user=0.01 sys=0.01, real=0.00 secs] 
2019-01-01T17:17:05.625+0900: 87272.152: [GC (Allocation Failure) [PSYoungGen: 260768K->672K(261120K)] 403608K->143512K(762368K), 0.0033696 secs] [Times: user=0.02 sys=0.00, real=0.00 secs] 
2019-01-01T17:18:10.457+0900: 87336.983: [GC (Allocation Failure) [PSYoungGen: 260768K->704K(261120K)] 403608K->143544K(762368K), 0.0031336 secs] [Times: user=0.01 sys=0.00, real=0.00 secs] 
2019-01-01T17:19:15.527+0900: 87402.054: [GC (Allocation Failure) [PSYoungGen: 260800K->672K(261120K)] 403640K->143528K(762368K), 0.0032685 secs] [Times: user=0.00 sys=0.01, real=0.00 secs] 
2019-01-01T17:20:20.102+0900: 87466.628: [GC (Allocation Failure) [PSYoungGen: 260768K->640K(261120K)] 403624K->143504K(762368K), 0.0033138 secs] [Times: user=0.01 sys=0.00, real=0.01 secs] 
2019-01-01T17:21:24.780+0900: 87531.307: [GC (Allocation Failure) [PSYoungGen: 260736K->640K(261120K)] 403600K->143504K(762368K), 0.0034406 secs] [Times: user=0.02 sys=0.00, real=0.00 secs] 
2019-01-01T17:22:29.473+0900: 87596.000: [GC (Allocation Failure) [PSYoungGen: 260736K->608K(261120K)] 403600K->143472K(762368K), 0.0033811 secs] [Times: user=0.00 sys=0.01, real=0.01 secs] 
2019-01-01T17:23:34.148+0900: 87660.675: [GC (Allocation Failure) [PSYoungGen: 260704K->640K(261120K)] 403568K->143504K(762368K), 0.0035820 secs] [Times: user=0.02 sys=0.00, real=0.00 secs] 
2019-01-01T17:24:38.921+0900: 87725.448: [GC (Allocation Failure) [PSYoungGen: 260736K->672K(261120K)] 403600K->143560K(762368K), 0.0031606 secs] [Times: user=0.00 sys=0.01, real=0.01 secs] 
2019-01-01T17:25:43.743+0900: 87790.270: [GC (Allocation Failure) [PSYoungGen: 260768K->640K(261120K)] 403656K->143528K(762368K), 0.0030683 secs] [Times: user=0.00 sys=0.01, real=0.01 secs] 
2019-01-01T17:26:48.566+0900: 87855.093: [GC (Allocation Failure) [PSYoungGen: 260736K->768K(261120K)] 403624K->143656K(762368K), 0.0036085 secs] [Times: user=0.00 sys=0.01, real=0.00 secs] 
2019-01-01T17:27:53.197+0900: 87919.724: [GC (Allocation Failure) [PSYoungGen: 260864K->672K(261120K)] 403752K->143560K(762368K), 0.0033386 secs] [Times: user=0.02 sys=0.00, real=0.00 secs] 
2019-01-01T17:28:58.174+0900: 87984.701: [GC (Allocation Failure) [PSYoungGen: 260768K->672K(261120K)] 403656K->143568K(762368K), 0.0033629 secs] [Times: user=0.02 sys=0.00, real=0.00 secs] 
2019-01-01T17:30:03.109+0900: 88049.636: [GC (Allocation Failure) [PSYoungGen: 260768K->608K(261120K)] 403664K->143504K(762368K), 0.0033669 secs] [Times: user=0.02 sys=0.00, real=0.00 secs] 
2019-01-01T17:31:07.698+0900: 88114.225: [GC (Allocation Failure) [PSYoungGen: 260704K->704K(261120K)] 403600K->143600K(762368K), 0.0036508 secs] [Times: user=0.01 sys=0.01, real=0.00 secs] 
2019-01-01T17:32:12.357+0900: 88178.883: [GC (Allocation Failure) [PSYoungGen: 260800K->640K(261120K)] 403696K->143536K(762368K), 0.0035510 secs] [Times: user=0.01 sys=0.02, real=0.00 secs] 
2019-01-01T17:33:17.298+0900: 88243.824: [GC (Allocation Failure) [PSYoungGen: 260736K->704K(261120K)] 403632K->143600K(762368K), 0.0034118 secs] [Times: user=0.00 sys=0.01, real=0.00 secs] 
2019-01-01T17:34:22.265+0900: 88308.792: [GC (Allocation Failure) [PSYoungGen: 260800K->672K(261120K)] 403696K->143568K(762368K), 0.0034279 secs] [Times: user=0.02 sys=0.00, real=0.00 secs] 
2019-01-01T17:35:26.979+0900: 88373.506: [GC (Allocation Failure) [PSYoungGen: 260768K->672K(261120K)] 403664K->143576K(762368K), 0.0033626 secs] [Times: user=0.00 sys=0.02, real=0.00 secs] 
2019-01-01T17:36:31.930+0900: 88438.456: [GC (Allocation Failure) [PSYoungGen: 260768K->736K(261120K)] 403672K->143640K(762368K), 0.0030833 secs] [Times: user=0.01 sys=0.00, real=0.00 secs] 
2019-01-01T17:37:36.806+0900: 88503.333: [GC (Allocation Failure) [PSYoungGen: 260832K->640K(261120K)] 403736K->143544K(762368K), 0.0035355 secs] [Times: user=0.01 sys=0.01, real=0.00 secs] 
2019-01-01T17:38:41.709+0900: 88568.236: [GC (Allocation Failure) [PSYoungGen: 260736K->736K(261120K)] 403640K->143640K(762368K), 0.0035744 secs] [Times: user=0.00 sys=0.02, real=0.00 secs] 
2019-01-01T17:39:46.546+0900: 88633.073: [GC (Allocation Failure) [PSYoungGen: 260832K->736K(261120K)] 403736K->143640K(762368K), 0.0037672 secs] [Times: user=0.02 sys=0.00, real=0.00 secs] 
2019-01-01T17:40:51.316+0900: 88697.843: [GC (Allocation Failure) [PSYoungGen: 260832K->672K(261120K)] 403736K->143584K(762368K), 0.0032220 secs] [Times: user=0.01 sys=0.02, real=0.00 secs] 
2019-01-01T17:41:56.339+0900: 88762.866: [GC (Allocation Failure) [PSYoungGen: 260768K->672K(261120K)] 403680K->143584K(762368K), 0.0033373 secs] [Times: user=0.02 sys=0.00, real=0.00 secs] 
2019-01-01T17:43:01.236+0900: 88827.763: [GC (Allocation Failure) [PSYoungGen: 260768K->672K(261120K)] 403680K->143584K(762368K), 0.0033523 secs] [Times: user=0.02 sys=0.00, real=0.00 secs] 
2019-01-01T17:44:05.917+0900: 88892.443: [GC (Allocation Failure) [PSYoungGen: 260768K->672K(261120K)] 403680K->143584K(762368K), 0.0036178 secs] [Times: user=0.01 sys=0.01, real=0.00 secs] 
2019-01-01T17:45:10.642+0900: 88957.169: [GC (Allocation Failure) [PSYoungGen: 260768K->672K(261120K)] 403680K->143584K(762368K), 0.0033659 secs] [Times: user=0.01 sys=0.02, real=0.01 secs] 
2019-01-01T17:46:15.505+0900: 89022.032: [GC (Allocation Failure) [PSYoungGen: 260768K->608K(261120K)] 403680K->143520K(762368K), 0.0034256 secs] [Times: user=0.01 sys=0.00, real=0.00 secs] 
2019-01-01T17:47:20.325+0900: 89086.852: [GC (Allocation Failure) [PSYoungGen: 260704K->672K(261120K)] 403616K->143584K(762368K), 0.0032476 secs] [Times: user=0.02 sys=0.00, real=0.00 secs] 
2019-01-01T17:48:24.962+0900: 89151.488: [GC (Allocation Failure) [PSYoungGen: 260768K->704K(261120K)] 403680K->143624K(762368K), 0.0033140 secs] [Times: user=0.02 sys=0.00, real=0.01 secs] 
2019-01-01T17:49:30.038+0900: 89216.565: [GC (Allocation Failure) [PSYoungGen: 260800K->704K(261120K)] 403720K->143632K(762368K), 0.0034289 secs] [Times: user=0.02 sys=0.00, real=0.00 secs] 
2019-01-01T17:50:34.565+0900: 89281.092: [GC (Allocation Failure) [PSYoungGen: 260800K->672K(261120K)] 403728K->143608K(762368K), 0.0035565 secs] [Times: user=0.01 sys=0.00, real=0.00 secs] 
2019-01-01T17:51:39.359+0900: 89345.886: [GC (Allocation Failure) [PSYoungGen: 260768K->704K(261120K)] 403704K->143640K(762368K), 0.0034376 secs] [Times: user=0.02 sys=0.00, real=0.00 secs] 
2019-01-01T17:52:44.187+0900: 89410.714: [GC (Allocation Failure) [PSYoungGen: 260800K->672K(261120K)] 403736K->143616K(762368K), 0.0032705 secs] [Times: user=0.00 sys=0.01, real=0.00 secs] 
2019-01-01T17:53:49.111+0900: 89475.638: [GC (Allocation Failure) [PSYoungGen: 260768K->640K(261120K)] 403712K->143584K(762368K), 0.0036277 secs] [Times: user=0.02 sys=0.00, real=0.01 secs] 
2019-01-01T17:54:54.133+0900: 89540.659: [GC (Allocation Failure) [PSYoungGen: 260736K->704K(261120K)] 403680K->143648K(762368K), 0.0036163 secs] [Times: user=0.02 sys=0.00, real=0.01 secs] 
2019-01-01T17:55:58.738+0900: 89605.265: [GC (Allocation Failure) [PSYoungGen: 260800K->704K(261120K)] 403744K->143648K(762368K), 0.0032235 secs] [Times: user=0.02 sys=0.00, real=0.00 secs] 
2019-01-01T17:57:03.631+0900: 89670.158: [GC (Allocation Failure) [PSYoungGen: 260800K->704K(261120K)] 403744K->143648K(762368K), 0.0033382 secs] [Times: user=0.00 sys=0.01, real=0.01 secs] 
2019-01-01T17:58:08.630+0900: 89735.157: [GC (Allocation Failure) [PSYoungGen: 260800K->704K(261120K)] 403744K->143648K(762368K), 0.0036102 secs] [Times: user=0.01 sys=0.00, real=0.01 secs] 
2019-01-01T17:59:13.510+0900: 89800.037: [GC (Allocation Failure) [PSYoungGen: 260800K->672K(261120K)] 403744K->143616K(762368K), 0.0033878 secs] [Times: user=0.02 sys=0.00, real=0.00 secs] 
2019-01-01T18:00:18.204+0900: 89864.730: [GC (Allocation Failure) [PSYoungGen: 260768K->704K(261120K)] 403712K->143648K(762368K), 0.0035862 secs] [Times: user=0.01 sys=0.00, real=0.01 secs] 
2019-01-01T18:01:23.139+0900: 89929.666: [GC (Allocation Failure) [PSYoungGen: 260800K->672K(261120K)] 403744K->143616K(762368K), 0.0036213 secs] [Times: user=0.01 sys=0.00, real=0.00 secs] 
2019-01-01T18:02:27.747+0900: 89994.274: [GC (Allocation Failure) [PSYoungGen: 260768K->640K(261120K)] 403712K->143584K(762368K), 0.0035120 secs] [Times: user=0.00 sys=0.02, real=0.00 secs] 
2019-01-01T18:03:32.238+0900: 90058.765: [GC (Allocation Failure) [PSYoungGen: 260736K->672K(261120K)] 403680K->143616K(762368K), 0.0034867 secs] [Times: user=0.02 sys=0.00, real=0.00 secs] 
2019-01-01T18:04:37.294+0900: 90123.821: [GC (Allocation Failure) [PSYoungGen: 260768K->736K(261120K)] 403712K->143680K(762368K), 0.0033849 secs] [Times: user=0.02 sys=0.00, real=0.00 secs] 
2019-01-01T18:05:42.112+0900: 90188.639: [GC (Allocation Failure) [PSYoungGen: 260832K->736K(261120K)] 403776K->143680K(762368K), 0.0031949 secs] [Times: user=0.00 sys=0.02, real=0.01 secs] 
2019-01-01T18:06:46.986+0900: 90253.513: [GC (Allocation Failure) [PSYoungGen: 260832K->736K(261120K)] 403776K->143688K(762368K), 0.0032535 secs] [Times: user=0.02 sys=0.00, real=0.00 secs] 
2019-01-01T18:07:51.952+0900: 90318.479: [GC (Allocation Failure) [PSYoungGen: 260832K->736K(261120K)] 403784K->143688K(762368K), 0.0034506 secs] [Times: user=0.02 sys=0.00, real=0.01 secs] 
2019-01-01T18:08:56.636+0900: 90383.162: [GC (Allocation Failure) [PSYoungGen: 260832K->672K(261120K)] 403784K->143624K(762368K), 0.0034344 secs] [Times: user=0.02 sys=0.00, real=0.00 secs] 
2019-01-01T18:10:01.383+0900: 90447.909: [GC (Allocation Failure) [PSYoungGen: 260768K->608K(261120K)] 403720K->143568K(762368K), 0.0035292 secs] [Times: user=0.02 sys=0.00, real=0.01 secs] 
2019-01-01T18:11:06.322+0900: 90512.849: [GC (Allocation Failure) [PSYoungGen: 260704K->704K(261120K)] 403664K->143672K(762368K), 0.0034182 secs] [Times: user=0.02 sys=0.00, real=0.01 secs] 
2019-01-01T18:12:10.982+0900: 90577.508: [GC (Allocation Failure) [PSYoungGen: 260800K->640K(261120K)] 403768K->143608K(762368K), 0.0034934 secs] [Times: user=0.00 sys=0.02, real=0.01 secs] 
2019-01-01T18:13:15.783+0900: 90642.310: [GC (Allocation Failure) [PSYoungGen: 260736K->736K(261120K)] 403704K->143704K(762368K), 0.0031625 secs] [Times: user=0.01 sys=0.00, real=0.01 secs] 
2019-01-01T18:14:20.578+0900: 90707.104: [GC (Allocation Failure) [PSYoungGen: 260832K->640K(261120K)] 403800K->143608K(762368K), 0.0032802 secs] [Times: user=0.01 sys=0.00, real=0.00 secs] 
2019-01-01T18:15:25.292+0900: 90771.819: [GC (Allocation Failure) [PSYoungGen: 260736K->704K(261120K)] 403704K->143672K(762368K), 0.0032450 secs] [Times: user=0.02 sys=0.00, real=0.01 secs] 
2019-01-01T18:16:30.164+0900: 90836.690: [GC (Allocation Failure) [PSYoungGen: 260800K->672K(261120K)] 403768K->143648K(762368K), 0.0036703 secs] [Times: user=0.02 sys=0.00, real=0.00 secs] 
2019-01-01T18:17:35.165+0900: 90901.692: [GC (Allocation Failure) [PSYoungGen: 260768K->640K(261120K)] 403744K->143616K(762368K), 0.0029785 secs] [Times: user=0.02 sys=0.00, real=0.00 secs] 
2019-01-01T18:18:40.112+0900: 90966.639: [GC (Allocation Failure) [PSYoungGen: 260736K->704K(261120K)] 403712K->143688K(762368K), 0.0036598 secs] [Times: user=0.00 sys=0.01, real=0.01 secs] 
2019-01-01T18:19:44.705+0900: 91031.231: [GC (Allocation Failure) [PSYoungGen: 260800K->672K(261120K)] 403784K->143656K(762368K), 0.0032987 secs] [Times: user=0.02 sys=0.00, real=0.00 secs] 
2019-01-01T18:20:49.275+0900: 91095.801: [GC (Allocation Failure) [PSYoungGen: 260768K->736K(261120K)] 403752K->143720K(762368K), 0.0036477 secs] [Times: user=0.00 sys=0.01, real=0.00 secs] 
2019-01-01T18:21:54.330+0900: 91160.856: [GC (Allocation Failure) [PSYoungGen: 260832K->608K(261120K)] 403816K->143600K(762368K), 0.0034498 secs] [Times: user=0.01 sys=0.00, real=0.00 secs] 
2019-01-01T18:22:59.170+0900: 91225.697: [GC (Allocation Failure) [PSYoungGen: 260704K->640K(261120K)] 403696K->143632K(762368K), 0.0036149 secs] [Times: user=0.01 sys=0.01, real=0.01 secs] 
2019-01-01T18:24:04.043+0900: 91290.570: [GC (Allocation Failure) [PSYoungGen: 260736K->640K(261120K)] 403728K->143632K(762368K), 0.0035999 secs] [Times: user=0.02 sys=0.00, real=0.01 secs] 
2019-01-01T18:25:08.816+0900: 91355.342: [GC (Allocation Failure) [PSYoungGen: 260736K->672K(261120K)] 403728K->143664K(762368K), 0.0031149 secs] [Times: user=0.02 sys=0.00, real=0.00 secs] 
2019-01-01T18:26:13.678+0900: 91420.204: [GC (Allocation Failure) [PSYoungGen: 260768K->704K(261120K)] 403760K->143696K(762368K), 0.0030612 secs] [Times: user=0.00 sys=0.01, real=0.00 secs] 
2019-01-01T18:27:18.247+0900: 91484.773: [GC (Allocation Failure) [PSYoungGen: 260800K->672K(261120K)] 403792K->143664K(762368K), 0.0034997 secs] [Times: user=0.02 sys=0.00, real=0.00 secs] 
2019-01-01T18:28:23.057+0900: 91549.584: [GC (Allocation Failure) [PSYoungGen: 260768K->672K(261120K)] 403760K->143664K(762368K), 0.0035162 secs] [Times: user=0.01 sys=0.00, real=0.00 secs] 
2019-01-01T18:29:27.946+0900: 91614.472: [GC (Allocation Failure) [PSYoungGen: 260768K->704K(261120K)] 403760K->143704K(762368K), 0.0033110 secs] [Times: user=0.02 sys=0.00, real=0.00 secs] 
2019-01-01T18:30:32.616+0900: 91679.143: [GC (Allocation Failure) [PSYoungGen: 260800K->736K(261120K)] 403800K->143736K(762368K), 0.0036716 secs] [Times: user=0.00 sys=0.01, real=0.00 secs] 
2019-01-01T18:31:36.935+0900: 91743.461: [GC (Allocation Failure) [PSYoungGen: 260832K->672K(261120K)] 403832K->143672K(762368K), 0.0029768 secs] [Times: user=0.00 sys=0.01, real=0.00 secs] 
2019-01-01T18:32:42.126+0900: 91808.653: [GC (Allocation Failure) [PSYoungGen: 260768K->736K(261120K)] 403768K->143736K(762368K), 0.0035005 secs] [Times: user=0.01 sys=0.01, real=0.00 secs] 
2019-01-01T18:33:46.989+0900: 91873.516: [GC (Allocation Failure) [PSYoungGen: 260832K->704K(261120K)] 403832K->143704K(762368K), 0.0032259 secs] [Times: user=0.02 sys=0.00, real=0.00 secs] 
2019-01-01T18:34:52.078+0900: 91938.605: [GC (Allocation Failure) [PSYoungGen: 260800K->672K(261120K)] 403800K->143672K(762368K), 0.0034807 secs] [Times: user=0.01 sys=0.00, real=0.00 secs] 
2019-01-01T18:35:56.899+0900: 92003.426: [GC (Allocation Failure) [PSYoungGen: 260768K->736K(261120K)] 403768K->143736K(762368K), 0.0032595 secs] [Times: user=0.01 sys=0.01, real=0.00 secs] 
2019-01-01T18:37:01.885+0900: 92068.411: [GC (Allocation Failure) [PSYoungGen: 260832K->608K(261120K)] 403832K->143608K(762368K), 0.0033913 secs] [Times: user=0.02 sys=0.00, real=0.00 secs] 
2019-01-01T18:38:06.758+0900: 92133.285: [GC (Allocation Failure) [PSYoungGen: 260704K->704K(261120K)] 403704K->143704K(762368K), 0.0032836 secs] [Times: user=0.02 sys=0.00, real=0.00 secs] 
2019-01-01T18:39:11.523+0900: 92198.049: [GC (Allocation Failure) [PSYoungGen: 260800K->672K(261120K)] 403800K->143672K(762368K), 0.0033372 secs] [Times: user=0.00 sys=0.01, real=0.01 secs] 
2019-01-01T18:40:16.157+0900: 92262.684: [GC (Allocation Failure) [PSYoungGen: 260768K->640K(261120K)] 403768K->143640K(762368K), 0.0033689 secs] [Times: user=0.02 sys=0.00, real=0.00 secs] 
2019-01-01T18:41:21.011+0900: 92327.538: [GC (Allocation Failure) [PSYoungGen: 260736K->640K(261120K)] 403736K->143640K(762368K), 0.0031534 secs] [Times: user=0.01 sys=0.00, real=0.01 secs] 
2019-01-01T18:42:25.452+0900: 92391.979: [GC (Allocation Failure) [PSYoungGen: 260736K->704K(261120K)] 403736K->143704K(762368K), 0.0035495 secs] [Times: user=0.02 sys=0.00, real=0.01 secs] 
2019-01-01T18:43:30.005+0900: 92456.531: [GC (Allocation Failure) [PSYoungGen: 260800K->672K(261120K)] 403800K->143672K(762368K), 0.0035745 secs] [Times: user=0.00 sys=0.02, real=0.00 secs] 
2019-01-01T18:44:34.845+0900: 92521.372: [GC (Allocation Failure) [PSYoungGen: 260768K->704K(261120K)] 403768K->143704K(762368K), 0.0036450 secs] [Times: user=0.02 sys=0.00, real=0.00 secs] 
2019-01-01T18:45:39.739+0900: 92586.266: [GC (Allocation Failure) [PSYoungGen: 260800K->736K(261120K)] 403800K->143736K(762368K), 0.0033205 secs] [Times: user=0.02 sys=0.00, real=0.00 secs] 
2019-01-01T18:46:44.605+0900: 92651.132: [GC (Allocation Failure) [PSYoungGen: 260832K->704K(261120K)] 403832K->143704K(762368K), 0.0035224 secs] [Times: user=0.00 sys=0.01, real=0.00 secs] 
2019-01-01T18:47:49.488+0900: 92716.015: [GC (Allocation Failure) [PSYoungGen: 260800K->672K(261120K)] 403800K->143672K(762368K), 0.0031061 secs] [Times: user=0.00 sys=0.01, real=0.00 secs] 
2019-01-01T18:48:54.342+0900: 92780.869: [GC (Allocation Failure) [PSYoungGen: 260768K->672K(261120K)] 403768K->143680K(762368K), 0.0030922 secs] [Times: user=0.01 sys=0.00, real=0.01 secs] 
2019-01-01T18:49:59.107+0900: 92845.634: [GC (Allocation Failure) [PSYoungGen: 260768K->704K(261120K)] 403776K->143712K(762368K), 0.0033281 secs] [Times: user=0.00 sys=0.01, real=0.00 secs] 
2019-01-01T18:51:04.117+0900: 92910.644: [GC (Allocation Failure) [PSYoungGen: 260800K->608K(261120K)] 403808K->143624K(762368K), 0.0034788 secs] [Times: user=0.01 sys=0.01, real=0.00 secs] 
2019-01-01T18:52:08.953+0900: 92975.480: [GC (Allocation Failure) [PSYoungGen: 260704K->672K(261120K)] 403720K->143688K(762368K), 0.0032178 secs] [Times: user=0.00 sys=0.02, real=0.01 secs] 
2019-01-01T18:53:13.934+0900: 93040.461: [GC (Allocation Failure) [PSYoungGen: 260768K->640K(261120K)] 403784K->143656K(762368K), 0.0033031 secs] [Times: user=0.02 sys=0.00, real=0.00 secs] 
2019-01-01T18:54:18.675+0900: 93105.202: [GC (Allocation Failure) [PSYoungGen: 260736K->672K(261120K)] 403752K->143696K(762368K), 0.0030702 secs] [Times: user=0.01 sys=0.00, real=0.00 secs] 
2019-01-01T18:55:23.553+0900: 93170.080: [GC (Allocation Failure) [PSYoungGen: 260768K->672K(261120K)] 403792K->143696K(762368K), 0.0035889 secs] [Times: user=0.02 sys=0.00, real=0.01 secs] 
2019-01-01T18:56:28.389+0900: 93234.916: [GC (Allocation Failure) [PSYoungGen: 260768K->704K(261120K)] 403792K->143744K(762368K), 0.0035621 secs] [Times: user=0.01 sys=0.01, real=0.00 secs] 
2019-01-01T18:57:33.294+0900: 93299.821: [GC (Allocation Failure) [PSYoungGen: 260800K->672K(261120K)] 403840K->143712K(762368K), 0.0036499 secs] [Times: user=0.02 sys=0.00, real=0.00 secs] 
2019-01-01T18:58:38.318+0900: 93364.845: [GC (Allocation Failure) [PSYoungGen: 260768K->704K(261120K)] 403808K->143744K(762368K), 0.0032575 secs] [Times: user=0.02 sys=0.00, real=0.00 secs] 
2019-01-01T18:59:43.288+0900: 93429.815: [GC (Allocation Failure) [PSYoungGen: 260800K->672K(261120K)] 403840K->143720K(762368K), 0.0032516 secs] [Times: user=0.02 sys=0.00, real=0.00 secs] 
2019-01-01T19:00:47.828+0900: 93494.355: [GC (Allocation Failure) [PSYoungGen: 260768K->672K(261120K)] 403816K->143720K(762368K), 0.0033824 secs] [Times: user=0.01 sys=0.01, real=0.00 secs] 
2019-01-01T19:01:52.471+0900: 93558.997: [GC (Allocation Failure) [PSYoungGen: 260768K->704K(261120K)] 403816K->143752K(762368K), 0.0030261 secs] [Times: user=0.01 sys=0.00, real=0.00 secs] 
2019-01-01T19:02:57.331+0900: 93623.858: [GC (Allocation Failure) [PSYoungGen: 260800K->640K(261120K)] 403848K->143688K(762368K), 0.0033960 secs] [Times: user=0.02 sys=0.00, real=0.01 secs] 
2019-01-01T19:04:02.229+0900: 93688.756: [GC (Allocation Failure) [PSYoungGen: 260736K->704K(261120K)] 403784K->143752K(762368K), 0.0036036 secs] [Times: user=0.01 sys=0.00, real=0.00 secs] 
2019-01-01T19:05:07.157+0900: 93753.684: [GC (Allocation Failure) [PSYoungGen: 260800K->640K(261120K)] 403848K->143696K(762368K), 0.0029574 secs] [Times: user=0.01 sys=0.01, real=0.00 secs] 
2019-01-01T19:06:11.958+0900: 93818.485: [GC (Allocation Failure) [PSYoungGen: 260736K->672K(261120K)] 403792K->143728K(762368K), 0.0033128 secs] [Times: user=0.01 sys=0.00, real=0.00 secs] 
2019-01-01T19:07:16.623+0900: 93883.150: [GC (Allocation Failure) [PSYoungGen: 260768K->672K(261120K)] 403824K->143728K(762368K), 0.0036186 secs] [Times: user=0.00 sys=0.02, real=0.01 secs] 
2019-01-01T19:08:21.478+0900: 93948.005: [GC (Allocation Failure) [PSYoungGen: 260768K->704K(261120K)] 403824K->143760K(762368K), 0.0034863 secs] [Times: user=0.02 sys=0.00, real=0.00 secs] 
2019-01-01T19:09:25.938+0900: 94012.465: [GC (Allocation Failure) [PSYoungGen: 260800K->672K(261120K)] 403856K->143728K(762368K), 0.0031524 secs] [Times: user=0.02 sys=0.00, real=0.00 secs] 
2019-01-01T19:10:30.540+0900: 94077.067: [GC (Allocation Failure) [PSYoungGen: 260768K->704K(261120K)] 403824K->143760K(762368K), 0.0033493 secs] [Times: user=0.02 sys=0.00, real=0.00 secs] 
2019-01-01T19:11:35.390+0900: 94141.917: [GC (Allocation Failure) [PSYoungGen: 260800K->672K(261120K)] 403856K->143728K(762368K), 0.0036913 secs] [Times: user=0.02 sys=0.00, real=0.01 secs] 
2019-01-01T19:12:39.962+0900: 94206.489: [GC (Allocation Failure) [PSYoungGen: 260768K->704K(261120K)] 403824K->143760K(762368K), 0.0032360 secs] [Times: user=0.00 sys=0.01, real=0.01 secs] 
2019-01-01T19:13:44.845+0900: 94271.372: [GC (Allocation Failure) [PSYoungGen: 260800K->672K(261120K)] 403856K->143728K(762368K), 0.0033699 secs] [Times: user=0.00 sys=0.02, real=0.00 secs] 
2019-01-01T19:14:49.734+0900: 94336.261: [GC (Allocation Failure) [PSYoungGen: 260768K->608K(261120K)] 403824K->143664K(762368K), 0.0031933 secs] [Times: user=0.02 sys=0.00, real=0.00 secs] 
2019-01-01T19:15:54.524+0900: 94401.051: [GC (Allocation Failure) [PSYoungGen: 260704K->640K(261120K)] 403760K->143696K(762368K), 0.0032208 secs] [Times: user=0.00 sys=0.01, real=0.00 secs] 
2019-01-01T19:16:59.501+0900: 94466.028: [GC (Allocation Failure) [PSYoungGen: 260736K->608K(261120K)] 403792K->143664K(762368K), 0.0035620 secs] [Times: user=0.00 sys=0.01, real=0.01 secs] 
2019-01-01T19:18:03.969+0900: 94530.495: [GC (Allocation Failure) [PSYoungGen: 260704K->736K(261120K)] 403760K->143792K(762368K), 0.0033778 secs] [Times: user=0.02 sys=0.00, real=0.00 secs] 
2019-01-01T19:19:08.595+0900: 94595.122: [GC (Allocation Failure) [PSYoungGen: 260832K->704K(261120K)] 403888K->143768K(762368K), 0.0034551 secs] [Times: user=0.02 sys=0.00, real=0.00 secs] 
2019-01-01T19:20:13.401+0900: 94659.927: [GC (Allocation Failure) [PSYoungGen: 260800K->672K(261120K)] 403864K->143744K(762368K), 0.0030037 secs] [Times: user=0.00 sys=0.01, real=0.00 secs] 
2019-01-01T19:21:18.385+0900: 94724.911: [GC (Allocation Failure) [PSYoungGen: 260768K->640K(261120K)] 403840K->143712K(762368K), 0.0031910 secs] [Times: user=0.00 sys=0.02, real=0.00 secs] 
2019-01-01T19:22:23.301+0900: 94789.828: [GC (Allocation Failure) [PSYoungGen: 260736K->736K(261120K)] 403808K->143808K(762368K), 0.0035316 secs] [Times: user=0.01 sys=0.02, real=0.01 secs] 
2019-01-01T19:23:28.087+0900: 94854.613: [GC (Allocation Failure) [PSYoungGen: 260832K->672K(261120K)] 403904K->143744K(762368K), 0.0033861 secs] [Times: user=0.02 sys=0.00, real=0.00 secs] 
2019-01-01T19:24:32.871+0900: 94919.398: [GC (Allocation Failure) [PSYoungGen: 260768K->672K(261120K)] 403840K->143744K(762368K), 0.0034768 secs] [Times: user=0.02 sys=0.00, real=0.01 secs] 
2019-01-01T19:25:37.668+0900: 94984.194: [GC (Allocation Failure) [PSYoungGen: 260768K->704K(261120K)] 403840K->143776K(762368K), 0.0033008 secs] [Times: user=0.01 sys=0.01, real=0.00 secs] 
2019-01-01T19:26:42.572+0900: 95049.099: [GC (Allocation Failure) [PSYoungGen: 260800K->672K(261120K)] 403872K->143744K(762368K), 0.0037712 secs] [Times: user=0.01 sys=0.01, real=0.01 secs] 
2019-01-01T19:27:47.548+0900: 95114.075: [GC (Allocation Failure) [PSYoungGen: 260768K->672K(261120K)] 403840K->143744K(762368K), 0.0033428 secs] [Times: user=0.02 sys=0.00, real=0.00 secs] 
2019-01-01T19:28:52.198+0900: 95178.725: [GC (Allocation Failure) [PSYoungGen: 260768K->672K(261120K)] 403840K->143744K(762368K), 0.0033562 secs] [Times: user=0.02 sys=0.00, real=0.00 secs] 
2019-01-01T19:29:56.897+0900: 95243.424: [GC (Allocation Failure) [PSYoungGen: 260768K->672K(261120K)] 403840K->143744K(762368K), 0.0035866 secs] [Times: user=0.00 sys=0.02, real=0.00 secs] 
2019-01-01T19:31:01.930+0900: 95308.456: [GC (Allocation Failure) [PSYoungGen: 260768K->640K(261120K)] 403840K->143712K(762368K), 0.0033965 secs] [Times: user=0.00 sys=0.01, real=0.00 secs] 
2019-01-01T19:32:06.416+0900: 95372.943: [GC (Allocation Failure) [PSYoungGen: 260736K->640K(261120K)] 403808K->143720K(762368K), 0.0034627 secs] [Times: user=0.02 sys=0.00, real=0.00 secs] 
2019-01-01T19:33:11.060+0900: 95437.587: [GC (Allocation Failure) [PSYoungGen: 260736K->672K(261120K)] 403816K->143752K(762368K), 0.0033053 secs] [Times: user=0.02 sys=0.00, real=0.00 secs] 
2019-01-01T19:34:15.993+0900: 95502.519: [GC (Allocation Failure) [PSYoungGen: 260768K->672K(261120K)] 403848K->143760K(762368K), 0.0034350 secs] [Times: user=0.02 sys=0.00, real=0.01 secs] 
2019-01-01T19:35:20.852+0900: 95567.379: [GC (Allocation Failure) [PSYoungGen: 260768K->672K(261120K)] 403856K->143760K(762368K), 0.0036632 secs] [Times: user=0.02 sys=0.00, real=0.01 secs] 
2019-01-01T19:36:25.744+0900: 95632.271: [GC (Allocation Failure) [PSYoungGen: 260768K->672K(261120K)] 403856K->143760K(762368K), 0.0034152 secs] [Times: user=0.02 sys=0.00, real=0.00 secs] 
2019-01-01T19:37:30.631+0900: 95697.158: [GC (Allocation Failure) [PSYoungGen: 260768K->640K(261120K)] 403856K->143736K(762368K), 0.0032902 secs] [Times: user=0.02 sys=0.00, real=0.01 secs] 
2019-01-01T19:38:35.420+0900: 95761.947: [GC (Allocation Failure) [PSYoungGen: 260736K->672K(261120K)] 403832K->143768K(762368K), 0.0037529 secs] [Times: user=0.02 sys=0.00, real=0.01 secs] 
2019-01-01T19:39:40.068+0900: 95826.595: [GC (Allocation Failure) [PSYoungGen: 260768K->672K(261120K)] 403864K->143768K(762368K), 0.0033716 secs] [Times: user=0.00 sys=0.01, real=0.00 secs] 
2019-01-01T19:40:44.517+0900: 95891.043: [GC (Allocation Failure) [PSYoungGen: 260768K->672K(261120K)] 403864K->143768K(762368K), 0.0031598 secs] [Times: user=0.00 sys=0.01, real=0.00 secs] 
2019-01-01T19:41:49.373+0900: 95955.900: [GC (Allocation Failure) [PSYoungGen: 260768K->672K(261120K)] 403864K->143768K(762368K), 0.0033162 secs] [Times: user=0.02 sys=0.00, real=0.01 secs] 
2019-01-01T19:42:54.330+0900: 96020.856: [GC (Allocation Failure) [PSYoungGen: 260768K->704K(261120K)] 403864K->143800K(762368K), 0.0029100 secs] [Times: user=0.01 sys=0.02, real=0.00 secs] 
2019-01-01T19:43:58.925+0900: 96085.452: [GC (Allocation Failure) [PSYoungGen: 260800K->608K(261120K)] 403896K->143712K(762368K), 0.0033538 secs] [Times: user=0.02 sys=0.00, real=0.00 secs] 
2019-01-01T19:45:03.930+0900: 96150.457: [GC (Allocation Failure) [PSYoungGen: 260704K->672K(261120K)] 403808K->143792K(762368K), 0.0030060 secs] [Times: user=0.00 sys=0.01, real=0.00 secs] 
2019-01-01T19:46:08.757+0900: 96215.284: [GC (Allocation Failure) [PSYoungGen: 260768K->672K(261120K)] 403888K->143792K(762368K), 0.0032685 secs] [Times: user=0.01 sys=0.02, real=0.00 secs] 
2019-01-01T19:47:13.454+0900: 96279.981: [GC (Allocation Failure) [PSYoungGen: 260768K->672K(261120K)] 403888K->143792K(762368K), 0.0033378 secs] [Times: user=0.00 sys=0.01, real=0.00 secs] 
2019-01-01T19:48:18.145+0900: 96344.671: [GC (Allocation Failure) [PSYoungGen: 260768K->704K(261120K)] 403888K->143824K(762368K), 0.0035473 secs] [Times: user=0.00 sys=0.01, real=0.00 secs] 
2019-01-01T19:49:23.142+0900: 96409.669: [GC (Allocation Failure) [PSYoungGen: 260800K->704K(261120K)] 403920K->143832K(762368K), 0.0032989 secs] [Times: user=0.02 sys=0.00, real=0.01 secs] 
2019-01-01T19:50:28.051+0900: 96474.578: [GC (Allocation Failure) [PSYoungGen: 260800K->672K(261120K)] 403928K->143808K(762368K), 0.0034242 secs] [Times: user=0.01 sys=0.01, real=0.01 secs] 
2019-01-01T19:51:33.132+0900: 96539.658: [GC (Allocation Failure) [PSYoungGen: 260768K->640K(261120K)] 403904K->143776K(762368K), 0.0033205 secs] [Times: user=0.02 sys=0.00, real=0.01 secs] 
2019-01-01T19:52:38.052+0900: 96604.579: [GC (Allocation Failure) [PSYoungGen: 260736K->672K(261120K)] 403872K->143808K(762368K), 0.0035985 secs] [Times: user=0.00 sys=0.01, real=0.01 secs] 
2019-01-01T19:53:42.459+0900: 96668.985: [GC (Allocation Failure) [PSYoungGen: 260768K->672K(261120K)] 403904K->143808K(762368K), 0.0031764 secs] [Times: user=0.01 sys=0.02, real=0.00 secs] 
2019-01-01T19:54:47.220+0900: 96733.747: [GC (Allocation Failure) [PSYoungGen: 260768K->608K(261120K)] 403904K->143744K(762368K), 0.0034231 secs] [Times: user=0.02 sys=0.00, real=0.00 secs] 
2019-01-01T19:55:52.083+0900: 96798.610: [GC (Allocation Failure) [PSYoungGen: 260704K->672K(261120K)] 403840K->143816K(762368K), 0.0032432 secs] [Times: user=0.00 sys=0.01, real=0.01 secs] 
2019-01-01T19:56:57.094+0900: 96863.620: [GC (Allocation Failure) [PSYoungGen: 260768K->704K(261120K)] 403912K->143856K(762368K), 0.0034506 secs] [Times: user=0.00 sys=0.02, real=0.00 secs] 
2019-01-01T19:58:02.119+0900: 96928.645: [GC (Allocation Failure) [PSYoungGen: 260800K->640K(261120K)] 403952K->143792K(762368K), 0.0035137 secs] [Times: user=0.00 sys=0.02, real=0.00 secs] 
2019-01-01T19:59:06.989+0900: 96993.515: [GC (Allocation Failure) [PSYoungGen: 260736K->704K(261120K)] 403888K->143856K(762368K), 0.0033672 secs] [Times: user=0.01 sys=0.00, real=0.00 secs] 
2019-01-01T20:00:11.635+0900: 97058.161: [GC (Allocation Failure) [PSYoungGen: 260800K->704K(261120K)] 403952K->143864K(762368K), 0.0037074 secs] [Times: user=0.00 sys=0.02, real=0.00 secs] 
2019-01-01T20:01:16.658+0900: 97123.184: [GC (Allocation Failure) [PSYoungGen: 260800K->704K(261120K)] 403960K->143864K(762368K), 0.0030642 secs] [Times: user=0.01 sys=0.01, real=0.00 secs] 
2019-01-01T20:02:21.489+0900: 97188.016: [GC (Allocation Failure) [PSYoungGen: 260800K->672K(261120K)] 403960K->143832K(762368K), 0.0037289 secs] [Times: user=0.01 sys=0.00, real=0.00 secs] 
2019-01-01T20:03:26.126+0900: 97252.653: [GC (Allocation Failure) [PSYoungGen: 260768K->672K(261120K)] 403928K->143848K(762368K), 0.0034683 secs] [Times: user=0.00 sys=0.02, real=0.00 secs] 
2019-01-01T20:04:30.922+0900: 97317.448: [GC (Allocation Failure) [PSYoungGen: 260768K->672K(261120K)] 403944K->143848K(762368K), 0.0031413 secs] [Times: user=0.02 sys=0.00, real=0.01 secs] 
2019-01-01T20:05:35.986+0900: 97382.513: [GC (Allocation Failure) [PSYoungGen: 260768K->672K(261120K)] 403944K->143848K(762368K), 0.0036339 secs] [Times: user=0.01 sys=0.01, real=0.00 secs] 
2019-01-01T20:06:40.914+0900: 97447.440: [GC (Allocation Failure) [PSYoungGen: 260768K->672K(261120K)] 403944K->143848K(762368K), 0.0034227 secs] [Times: user=0.02 sys=0.00, real=0.00 secs] 
2019-01-01T20:07:45.639+0900: 97512.166: [GC (Allocation Failure) [PSYoungGen: 260768K->704K(261120K)] 403944K->143880K(762368K), 0.0032498 secs] [Times: user=0.02 sys=0.00, real=0.00 secs] 
2019-01-01T20:08:50.270+0900: 97576.796: [GC (Allocation Failure) [PSYoungGen: 260800K->640K(261120K)] 403976K->143816K(762368K), 0.0033855 secs] [Times: user=0.00 sys=0.02, real=0.00 secs] 
2019-01-01T20:09:54.953+0900: 97641.479: [GC (Allocation Failure) [PSYoungGen: 260736K->672K(261120K)] 403912K->143848K(762368K), 0.0037955 secs] [Times: user=0.02 sys=0.00, real=0.01 secs] 
2019-01-01T20:10:59.644+0900: 97706.170: [GC (Allocation Failure) [PSYoungGen: 260768K->736K(261120K)] 403944K->143912K(762368K), 0.0033767 secs] [Times: user=0.02 sys=0.00, real=0.01 secs] 
2019-01-01T20:12:04.436+0900: 97770.963: [GC (Allocation Failure) [PSYoungGen: 260832K->672K(261120K)] 404008K->143848K(762368K), 0.0033326 secs] [Times: user=0.01 sys=0.00, real=0.00 secs] 
2019-01-01T20:13:09.298+0900: 97835.824: [GC (Allocation Failure) [PSYoungGen: 260768K->672K(261120K)] 403944K->143856K(762368K), 0.0034293 secs] [Times: user=0.00 sys=0.01, real=0.00 secs] 
2019-01-01T20:14:14.226+0900: 97900.752: [GC (Allocation Failure) [PSYoungGen: 260768K->704K(261120K)] 403952K->143888K(762368K), 0.0033271 secs] [Times: user=0.00 sys=0.02, real=0.00 secs] 
2019-01-01T20:15:18.901+0900: 97965.428: [GC (Allocation Failure) [PSYoungGen: 260800K->640K(261120K)] 403984K->143840K(762368K), 0.0035379 secs] [Times: user=0.02 sys=0.00, real=0.01 secs] 
2019-01-01T20:16:23.810+0900: 98030.337: [GC (Allocation Failure) [PSYoungGen: 260736K->672K(261120K)] 403936K->143872K(762368K), 0.0035784 secs] [Times: user=0.01 sys=0.01, real=0.01 secs] 
2019-01-01T20:17:28.680+0900: 98095.207: [GC (Allocation Failure) [PSYoungGen: 260768K->672K(261120K)] 403968K->143872K(762368K), 0.0033697 secs] [Times: user=0.02 sys=0.00, real=0.00 secs] 
2019-01-01T20:18:33.249+0900: 98159.776: [GC (Allocation Failure) [PSYoungGen: 260768K->672K(261120K)] 403968K->143872K(762368K), 0.0035380 secs] [Times: user=0.02 sys=0.00, real=0.00 secs] 
2019-01-01T20:19:37.718+0900: 98224.245: [GC (Allocation Failure) [PSYoungGen: 260768K->704K(261120K)] 403968K->143912K(762368K), 0.0030949 secs] [Times: user=0.00 sys=0.01, real=0.00 secs] 
2019-01-01T20:20:42.741+0900: 98289.268: [GC (Allocation Failure) [PSYoungGen: 260800K->736K(261120K)] 404008K->143952K(762368K), 0.0028951 secs] [Times: user=0.02 sys=0.00, real=0.01 secs] 
2019-01-01T20:21:47.608+0900: 98354.134: [GC (Allocation Failure) [PSYoungGen: 260832K->704K(261120K)] 404048K->143920K(762368K), 0.0034824 secs] [Times: user=0.00 sys=0.02, real=0.00 secs] 
2019-01-01T20:22:52.443+0900: 98418.970: [GC (Allocation Failure) [PSYoungGen: 260800K->672K(261120K)] 404016K->143888K(762368K), 0.0038024 secs] [Times: user=0.01 sys=0.01, real=0.01 secs] 
2019-01-01T20:23:57.272+0900: 98483.799: [GC (Allocation Failure) [PSYoungGen: 260768K->672K(261120K)] 403984K->143888K(762368K), 0.0034215 secs] [Times: user=0.00 sys=0.01, real=0.01 secs] 
2019-01-01T20:25:02.193+0900: 98548.720: [GC (Allocation Failure) [PSYoungGen: 260768K->608K(261120K)] 403984K->143824K(762368K), 0.0038127 secs] [Times: user=0.02 sys=0.00, real=0.01 secs] 
2019-01-01T20:26:07.065+0900: 98613.591: [GC (Allocation Failure) [PSYoungGen: 260704K->736K(261120K)] 403920K->143960K(762368K), 0.0038619 secs] [Times: user=0.02 sys=0.00, real=0.00 secs] 
2019-01-01T20:27:11.554+0900: 98678.080: [GC (Allocation Failure) [PSYoungGen: 260832K->672K(261120K)] 404056K->143896K(762368K), 0.0029170 secs] [Times: user=0.00 sys=0.02, real=0.01 secs] 
2019-01-01T20:28:16.428+0900: 98742.954: [GC (Allocation Failure) [PSYoungGen: 260768K->704K(261120K)] 403992K->143928K(762368K), 0.0029347 secs] [Times: user=0.00 sys=0.01, real=0.00 secs] 
2019-01-01T20:29:20.911+0900: 98807.437: [GC (Allocation Failure) [PSYoungGen: 260800K->640K(261120K)] 404024K->143864K(762368K), 0.0032140 secs] [Times: user=0.01 sys=0.01, real=0.01 secs] 
2019-01-01T20:30:25.890+0900: 98872.417: [GC (Allocation Failure) [PSYoungGen: 260736K->704K(261120K)] 403960K->143928K(762368K), 0.0034390 secs] [Times: user=0.01 sys=0.02, real=0.01 secs] 
2019-01-01T20:31:30.738+0900: 98937.265: [GC (Allocation Failure) [PSYoungGen: 260800K->672K(261120K)] 404024K->143896K(762368K), 0.0029776 secs] [Times: user=0.00 sys=0.01, real=0.00 secs] 
2019-01-01T20:32:35.752+0900: 99002.278: [GC (Allocation Failure) [PSYoungGen: 260768K->672K(261120K)] 403992K->143896K(762368K), 0.0034390 secs] [Times: user=0.00 sys=0.01, real=0.01 secs] 
2019-01-01T20:33:40.700+0900: 99067.227: [GC (Allocation Failure) [PSYoungGen: 260768K->640K(261120K)] 403992K->143864K(762368K), 0.0032956 secs] [Times: user=0.02 sys=0.00, real=0.00 secs] 
2019-01-01T20:34:45.293+0900: 99131.820: [GC (Allocation Failure) [PSYoungGen: 260736K->672K(261120K)] 403960K->143904K(762368K), 0.0032924 secs] [Times: user=0.02 sys=0.00, real=0.01 secs] 
2019-01-01T20:35:49.958+0900: 99196.485: [GC (Allocation Failure) [PSYoungGen: 260768K->704K(261120K)] 404000K->143944K(762368K), 0.0034047 secs] [Times: user=0.02 sys=0.00, real=0.00 secs] 
2019-01-01T20:36:54.590+0900: 99261.117: [GC (Allocation Failure) [PSYoungGen: 260800K->608K(261120K)] 404040K->143848K(762368K), 0.0035350 secs] [Times: user=0.01 sys=0.01, real=0.01 secs] 
2019-01-01T20:37:59.469+0900: 99325.996: [GC (Allocation Failure) [PSYoungGen: 260704K->640K(261120K)] 403944K->143880K(762368K), 0.0034605 secs] [Times: user=0.01 sys=0.02, real=0.00 secs] 
2019-01-01T20:39:04.351+0900: 99390.878: [GC (Allocation Failure) [PSYoungGen: 260736K->672K(261120K)] 403976K->143912K(762368K), 0.0035440 secs] [Times: user=0.00 sys=0.02, real=0.01 secs] 
2019-01-01T20:40:09.038+0900: 99455.565: [GC (Allocation Failure) [PSYoungGen: 260768K->672K(261120K)] 404008K->143912K(762368K), 0.0033722 secs] [Times: user=0.00 sys=0.02, real=0.00 secs] 
2019-01-01T20:41:13.596+0900: 99520.123: [GC (Allocation Failure) [PSYoungGen: 260768K->704K(261120K)] 404008K->143944K(762368K), 0.0032951 secs] [Times: user=0.02 sys=0.00, real=0.00 secs] 
2019-01-01T20:42:18.116+0900: 99584.643: [GC (Allocation Failure) [PSYoungGen: 260800K->736K(261120K)] 404040K->143976K(762368K), 0.0032651 secs] [Times: user=0.02 sys=0.00, real=0.00 secs] 
2019-01-01T20:43:23.102+0900: 99649.629: [GC (Allocation Failure) [PSYoungGen: 260832K->736K(261120K)] 404072K->143976K(762368K), 0.0034194 secs] [Times: user=0.01 sys=0.00, real=0.01 secs] 
2019-01-01T20:44:27.561+0900: 99714.087: [GC (Allocation Failure) [PSYoungGen: 260832K->672K(261120K)] 404072K->143912K(762368K), 0.0033359 secs] [Times: user=0.02 sys=0.00, real=0.01 secs] 
2019-01-01T20:45:32.569+0900: 99779.096: [GC (Allocation Failure) [PSYoungGen: 260768K->704K(261120K)] 404008K->143944K(762368K), 0.0032604 secs] [Times: user=0.02 sys=0.00, real=0.00 secs] 
2019-01-01T20:46:37.466+0900: 99843.993: [GC (Allocation Failure) [PSYoungGen: 260800K->608K(261120K)] 404040K->143848K(762368K), 0.0034881 secs] [Times: user=0.00 sys=0.02, real=0.00 secs] 
2019-01-01T20:47:42.394+0900: 99908.920: [GC (Allocation Failure) [PSYoungGen: 260704K->672K(261120K)] 403944K->143912K(762368K), 0.0032312 secs] [Times: user=0.00 sys=0.01, real=0.00 secs] 
2019-01-01T20:48:47.360+0900: 99973.887: [GC (Allocation Failure) [PSYoungGen: 260768K->672K(261120K)] 404008K->143920K(762368K), 0.0029815 secs] [Times: user=0.02 sys=0.00, real=0.00 secs] 
2019-01-01T20:49:51.695+0900: 100038.222: [GC (Allocation Failure) [PSYoungGen: 260768K->704K(261120K)] 404016K->143968K(762368K), 0.0033126 secs] [Times: user=0.00 sys=0.01, real=0.00 secs] 
2019-01-01T20:50:56.082+0900: 100102.609: [GC (Allocation Failure) [PSYoungGen: 260800K->672K(261120K)] 404064K->143944K(762368K), 0.0033509 secs] [Times: user=0.00 sys=0.02, real=0.01 secs] 
2019-01-01T20:52:01.049+0900: 100167.576: [GC (Allocation Failure) [PSYoungGen: 260768K->672K(261120K)] 404040K->143944K(762368K), 0.0033684 secs] [Times: user=0.02 sys=0.00, real=0.00 secs] 
2019-01-01T20:53:05.868+0900: 100232.395: [GC (Allocation Failure) [PSYoungGen: 260768K->640K(261120K)] 404040K->143912K(762368K), 0.0031330 secs] [Times: user=0.01 sys=0.00, real=0.00 secs] 
2019-01-01T20:54:10.735+0900: 100297.262: [GC (Allocation Failure) [PSYoungGen: 260736K->640K(261120K)] 404008K->143912K(762368K), 0.0034541 secs] [Times: user=0.00 sys=0.01, real=0.00 secs] 
2019-01-01T20:55:15.599+0900: 100362.126: [GC (Allocation Failure) [PSYoungGen: 260736K->672K(261120K)] 404008K->143944K(762368K), 0.0034349 secs] [Times: user=0.00 sys=0.01, real=0.00 secs] 
2019-01-01T20:56:20.493+0900: 100427.020: [GC (Allocation Failure) [PSYoungGen: 260768K->608K(261120K)] 404040K->143880K(762368K), 0.0030017 secs] [Times: user=0.01 sys=0.00, real=0.01 secs] 
2019-01-01T20:57:25.355+0900: 100491.882: [GC (Allocation Failure) [PSYoungGen: 260704K->608K(261120K)] 403976K->143880K(762368K), 0.0032280 secs] [Times: user=0.02 sys=0.00, real=0.00 secs] 
2019-01-01T20:58:30.241+0900: 100556.768: [GC (Allocation Failure) [PSYoungGen: 260704K->640K(261120K)] 403976K->143912K(762368K), 0.0037713 secs] [Times: user=0.02 sys=0.00, real=0.01 secs] 
2019-01-01T20:59:35.060+0900: 100621.587: [GC (Allocation Failure) [PSYoungGen: 260736K->672K(261120K)] 404008K->143944K(762368K), 0.0032901 secs] [Times: user=0.02 sys=0.00, real=0.00 secs] 
2019-01-01T21:00:39.666+0900: 100686.193: [GC (Allocation Failure) [PSYoungGen: 260768K->672K(261120K)] 404040K->143944K(762368K), 0.0033983 secs] [Times: user=0.02 sys=0.00, real=0.00 secs] 
2019-01-01T21:01:44.514+0900: 100751.041: [GC (Allocation Failure) [PSYoungGen: 260768K->640K(261120K)] 404040K->143912K(762368K), 0.0028889 secs] [Times: user=0.02 sys=0.00, real=0.00 secs] 
2019-01-01T21:02:49.087+0900: 100815.614: [GC (Allocation Failure) [PSYoungGen: 260736K->672K(261120K)] 404008K->143944K(762368K), 0.0034664 secs] [Times: user=0.00 sys=0.02, real=0.00 secs] 
2019-01-01T21:03:53.989+0900: 100880.516: [GC (Allocation Failure) [PSYoungGen: 260768K->672K(261120K)] 404040K->143944K(762368K), 0.0029822 secs] [Times: user=0.00 sys=0.01, real=0.00 secs] 
2019-01-01T21:04:58.931+0900: 100945.458: [GC (Allocation Failure) [PSYoungGen: 260768K->672K(261120K)] 404040K->143944K(762368K), 0.0037503 secs] [Times: user=0.02 sys=0.00, real=0.01 secs] 
2019-01-01T21:06:03.881+0900: 101010.408: [GC (Allocation Failure) [PSYoungGen: 260768K->608K(261120K)] 404040K->143880K(762368K), 0.0031482 secs] [Times: user=0.01 sys=0.01, real=0.01 secs] 
2019-01-01T21:07:08.802+0900: 101075.329: [GC (Allocation Failure) [PSYoungGen: 260704K->672K(261120K)] 403976K->143944K(762368K), 0.0029426 secs] [Times: user=0.01 sys=0.01, real=0.01 secs] 
2019-01-01T21:08:13.716+0900: 101140.243: [GC (Allocation Failure) [PSYoungGen: 260768K->672K(261120K)] 404040K->143944K(762368K), 0.0035140 secs] [Times: user=0.01 sys=0.02, real=0.00 secs] 
2019-01-01T21:09:18.254+0900: 101204.780: [GC (Allocation Failure) [PSYoungGen: 260768K->704K(261120K)] 404040K->143984K(762368K), 0.0038704 secs] [Times: user=0.02 sys=0.00, real=0.01 secs] 
2019-01-01T21:10:23.105+0900: 101269.632: [GC (Allocation Failure) [PSYoungGen: 260800K->672K(261120K)] 404080K->143952K(762368K), 0.0033100 secs] [Times: user=0.00 sys=0.02, real=0.00 secs] 
2019-01-01T21:11:27.671+0900: 101334.198: [GC (Allocation Failure) [PSYoungGen: 260768K->672K(261120K)] 404048K->143952K(762368K), 0.0039586 secs] [Times: user=0.00 sys=0.01, real=0.01 secs] 
2019-01-01T21:12:32.524+0900: 101399.051: [GC (Allocation Failure) [PSYoungGen: 260768K->672K(261120K)] 404048K->143960K(762368K), 0.0036470 secs] [Times: user=0.02 sys=0.00, real=0.00 secs] 
2019-01-01T21:13:37.386+0900: 101463.913: [GC (Allocation Failure) [PSYoungGen: 260768K->704K(261120K)] 404056K->143992K(762368K), 0.0032971 secs] [Times: user=0.01 sys=0.01, real=0.00 secs] 
2019-01-01T21:14:42.067+0900: 101528.594: [GC (Allocation Failure) [PSYoungGen: 260800K->608K(261120K)] 404088K->143912K(762368K), 0.0034149 secs] [Times: user=0.00 sys=0.02, real=0.00 secs] 
2019-01-01T21:15:46.765+0900: 101593.292: [GC (Allocation Failure) [PSYoungGen: 260704K->704K(261120K)] 404008K->144008K(762368K), 0.0029180 secs] [Times: user=0.01 sys=0.01, real=0.00 secs] 
2019-01-01T21:16:51.776+0900: 101658.303: [GC (Allocation Failure) [PSYoungGen: 260800K->704K(261120K)] 404104K->144008K(762368K), 0.0032095 secs] [Times: user=0.01 sys=0.02, real=0.00 secs] 
2019-01-01T21:17:56.340+0900: 101722.867: [GC (Allocation Failure) [PSYoungGen: 260800K->672K(261120K)] 404104K->143976K(762368K), 0.0032849 secs] [Times: user=0.00 sys=0.01, real=0.00 secs] 
2019-01-01T21:19:00.938+0900: 101787.465: [GC (Allocation Failure) [PSYoungGen: 260768K->640K(261120K)] 404072K->143960K(762368K), 0.0036104 secs] [Times: user=0.00 sys=0.01, real=0.00 secs] 
2019-01-01T21:20:05.782+0900: 101852.309: [GC (Allocation Failure) [PSYoungGen: 260736K->672K(261120K)] 404056K->144000K(762368K), 0.0033062 secs] [Times: user=0.00 sys=0.02, real=0.01 secs] 
2019-01-01T21:21:10.561+0900: 101917.088: [GC (Allocation Failure) [PSYoungGen: 260768K->640K(261120K)] 404096K->143976K(762368K), 0.0036253 secs] [Times: user=0.01 sys=0.02, real=0.01 secs] 
2019-01-01T21:22:15.085+0900: 101981.612: [GC (Allocation Failure) [PSYoungGen: 260736K->672K(261120K)] 404072K->144008K(762368K), 0.0033687 secs] [Times: user=0.01 sys=0.00, real=0.00 secs] 
2019-01-01T21:23:20.013+0900: 102046.540: [GC (Allocation Failure) [PSYoungGen: 260768K->736K(261120K)] 404104K->144080K(762368K), 0.0035604 secs] [Times: user=0.02 sys=0.00, real=0.01 secs] 
2019-01-01T21:24:24.765+0900: 102111.292: [GC (Allocation Failure) [PSYoungGen: 260832K->672K(261120K)] 404176K->144024K(762368K), 0.0033385 secs] [Times: user=0.02 sys=0.00, real=0.00 secs] 
2019-01-01T21:25:29.291+0900: 102175.818: [GC (Allocation Failure) [PSYoungGen: 260768K->608K(261120K)] 404120K->143960K(762368K), 0.0039673 secs] [Times: user=0.02 sys=0.00, real=0.01 secs] 
2019-01-01T21:26:33.810+0900: 102240.336: [GC (Allocation Failure) [PSYoungGen: 260704K->672K(261120K)] 404056K->144024K(762368K), 0.0034163 secs] [Times: user=0.00 sys=0.02, real=0.00 secs] 
2019-01-01T21:27:38.549+0900: 102305.076: [GC (Allocation Failure) [PSYoungGen: 260768K->672K(261120K)] 404120K->144024K(762368K), 0.0034396 secs] [Times: user=0.02 sys=0.00, real=0.00 secs] 
2019-01-01T21:28:43.324+0900: 102369.851: [GC (Allocation Failure) [PSYoungGen: 260768K->640K(261120K)] 404120K->143992K(762368K), 0.0034887 secs] [Times: user=0.02 sys=0.00, real=0.00 secs] 
2019-01-01T21:29:48.101+0900: 102434.628: [GC (Allocation Failure) [PSYoungGen: 260736K->672K(261120K)] 404088K->144024K(762368K), 0.0035489 secs] [Times: user=0.00 sys=0.02, real=0.01 secs] 
2019-01-01T21:30:52.964+0900: 102499.490: [GC (Allocation Failure) [PSYoungGen: 260768K->672K(261120K)] 404120K->144024K(762368K), 0.0034472 secs] [Times: user=0.01 sys=0.01, real=0.01 secs] 
2019-01-01T21:31:57.819+0900: 102564.345: [GC (Allocation Failure) [PSYoungGen: 260768K->672K(261120K)] 404120K->144024K(762368K), 0.0032743 secs] [Times: user=0.00 sys=0.02, real=0.00 secs] 
2019-01-01T21:33:02.805+0900: 102629.332: [GC (Allocation Failure) [PSYoungGen: 260768K->672K(261120K)] 404120K->144024K(762368K), 0.0035913 secs] [Times: user=0.02 sys=0.00, real=0.00 secs] 
2019-01-01T21:34:07.617+0900: 102694.144: [GC (Allocation Failure) [PSYoungGen: 260768K->704K(261120K)] 404120K->144056K(762368K), 0.0035789 secs] [Times: user=0.02 sys=0.00, real=0.00 secs] 
2019-01-01T21:35:12.313+0900: 102758.839: [GC (Allocation Failure) [PSYoungGen: 260800K->736K(261120K)] 404152K->144088K(762368K), 0.0032963 secs] [Times: user=0.01 sys=0.00, real=0.01 secs] 
2019-01-01T21:36:17.230+0900: 102823.757: [GC (Allocation Failure) [PSYoungGen: 260832K->672K(261120K)] 404184K->144024K(762368K), 0.0032447 secs] [Times: user=0.00 sys=0.02, real=0.00 secs] 
2019-01-01T21:37:21.813+0900: 102888.339: [GC (Allocation Failure) [PSYoungGen: 260768K->672K(261120K)] 404120K->144024K(762368K), 0.0033293 secs] [Times: user=0.01 sys=0.00, real=0.01 secs] 
2019-01-01T21:38:26.485+0900: 102953.012: [GC (Allocation Failure) [PSYoungGen: 260768K->704K(261120K)] 404120K->144064K(762368K), 0.0033289 secs] [Times: user=0.02 sys=0.00, real=0.00 secs] 
2019-01-01T21:39:31.316+0900: 103017.842: [GC (Allocation Failure) [PSYoungGen: 260800K->704K(261120K)] 404160K->144064K(762368K), 0.0033426 secs] [Times: user=0.02 sys=0.00, real=0.00 secs] 
2019-01-01T21:40:36.178+0900: 103082.705: [GC (Allocation Failure) [PSYoungGen: 260800K->672K(261120K)] 404160K->144032K(762368K), 0.0029363 secs] [Times: user=0.01 sys=0.00, real=0.00 secs] 
2019-01-01T21:41:40.818+0900: 103147.345: [GC (Allocation Failure) [PSYoungGen: 260768K->672K(261120K)] 404128K->144040K(762368K), 0.0029904 secs] [Times: user=0.02 sys=0.00, real=0.00 secs] 
2019-01-01T21:42:45.571+0900: 103212.097: [GC (Allocation Failure) [PSYoungGen: 260768K->704K(261120K)] 404136K->144072K(762368K), 0.0035674 secs] [Times: user=0.01 sys=0.01, real=0.01 secs] 
2019-01-01T21:43:50.355+0900: 103276.881: [GC (Allocation Failure) [PSYoungGen: 260800K->704K(261120K)] 404168K->144072K(762368K), 0.0030655 secs] [Times: user=0.00 sys=0.01, real=0.00 secs] 
2019-01-01T21:44:55.104+0900: 103341.631: [GC (Allocation Failure) [PSYoungGen: 260800K->736K(261120K)] 404168K->144112K(762368K), 0.0031179 secs] [Times: user=0.00 sys=0.01, real=0.00 secs] 
2019-01-01T21:45:59.879+0900: 103406.406: [GC (Allocation Failure) [PSYoungGen: 260832K->672K(261120K)] 404208K->144048K(762368K), 0.0032760 secs] [Times: user=0.00 sys=0.01, real=0.00 secs] 
2019-01-01T21:47:04.434+0900: 103470.960: [GC (Allocation Failure) [PSYoungGen: 260768K->672K(261120K)] 404144K->144048K(762368K), 0.0030566 secs] [Times: user=0.01 sys=0.00, real=0.01 secs] 
2019-01-01T21:48:09.347+0900: 103535.874: [GC (Allocation Failure) [PSYoungGen: 260768K->672K(261120K)] 404144K->144048K(762368K), 0.0028936 secs] [Times: user=0.02 sys=0.00, real=0.00 secs] 
2019-01-01T21:49:14.070+0900: 103600.596: [GC (Allocation Failure) [PSYoungGen: 260768K->672K(261120K)] 404144K->144056K(762368K), 0.0036077 secs] [Times: user=0.01 sys=0.00, real=0.00 secs] 
2019-01-01T21:50:18.667+0900: 103665.194: [GC (Allocation Failure) [PSYoungGen: 260768K->640K(261120K)] 404152K->144040K(762368K), 0.0033488 secs] [Times: user=0.00 sys=0.02, real=0.00 secs] 
2019-01-01T21:51:23.334+0900: 103729.860: [GC (Allocation Failure) [PSYoungGen: 260736K->704K(261120K)] 404136K->144120K(762368K), 0.0029991 secs] [Times: user=0.01 sys=0.02, real=0.01 secs] 
2019-01-01T21:52:28.339+0900: 103794.866: [GC (Allocation Failure) [PSYoungGen: 260800K->672K(261120K)] 404216K->144096K(762368K), 0.0034747 secs] [Times: user=0.00 sys=0.01, real=0.00 secs] 
2019-01-01T21:53:32.798+0900: 103859.325: [GC (Allocation Failure) [PSYoungGen: 260768K->704K(261120K)] 404192K->144128K(762368K), 0.0037132 secs] [Times: user=0.01 sys=0.01, real=0.00 secs] 
2019-01-01T21:54:37.388+0900: 103923.915: [GC (Allocation Failure) [PSYoungGen: 260800K->640K(261120K)] 404224K->144064K(762368K), 0.0034639 secs] [Times: user=0.00 sys=0.01, real=0.00 secs] 
2019-01-01T21:55:42.252+0900: 103988.778: [GC (Allocation Failure) [PSYoungGen: 260736K->640K(261120K)] 404160K->144088K(762368K), 0.0033425 secs] [Times: user=0.00 sys=0.01, real=0.01 secs] 
2019-01-01T21:56:47.269+0900: 104053.795: [GC (Allocation Failure) [PSYoungGen: 260736K->672K(261120K)] 404184K->144136K(762368K), 0.0033380 secs] [Times: user=0.00 sys=0.01, real=0.00 secs] 
2019-01-01T21:57:51.860+0900: 104118.386: [GC (Allocation Failure) [PSYoungGen: 260768K->672K(261120K)] 404232K->144136K(762368K), 0.0034006 secs] [Times: user=0.00 sys=0.02, real=0.00 secs] 
2019-01-01T21:58:56.503+0900: 104183.029: [GC (Allocation Failure) [PSYoungGen: 260768K->640K(261120K)] 404232K->144104K(762368K), 0.0034786 secs] [Times: user=0.00 sys=0.02, real=0.01 secs] 
2019-01-01T22:00:01.409+0900: 104247.935: [GC (Allocation Failure) [PSYoungGen: 260736K->704K(261120K)] 404200K->144168K(762368K), 0.0034504 secs] [Times: user=0.00 sys=0.02, real=0.00 secs] 
2019-01-01T22:01:06.349+0900: 104312.876: [GC (Allocation Failure) [PSYoungGen: 260800K->736K(261120K)] 404264K->144200K(762368K), 0.0034274 secs] [Times: user=0.02 sys=0.00, real=0.00 secs] 
2019-01-01T22:02:10.985+0900: 104377.512: [GC (Allocation Failure) [PSYoungGen: 260832K->672K(261120K)] 404296K->144136K(762368K), 0.0035918 secs] [Times: user=0.00 sys=0.01, real=0.00 secs] 
2019-01-01T22:03:15.855+0900: 104442.381: [GC (Allocation Failure) [PSYoungGen: 260768K->704K(261120K)] 404232K->144176K(762368K), 0.0034987 secs] [Times: user=0.02 sys=0.00, real=0.00 secs] 
2019-01-01T22:04:20.363+0900: 104506.890: [GC (Allocation Failure) [PSYoungGen: 260800K->672K(261120K)] 404272K->144144K(762368K), 0.0037444 secs] [Times: user=0.02 sys=0.00, real=0.01 secs] 
2019-01-01T22:05:24.974+0900: 104571.500: [GC (Allocation Failure) [PSYoungGen: 260768K->640K(261120K)] 404240K->144128K(762368K), 0.0034383 secs] [Times: user=0.01 sys=0.01, real=0.00 secs] 
2019-01-01T22:06:29.862+0900: 104636.389: [GC (Allocation Failure) [PSYoungGen: 260736K->736K(261120K)] 404224K->144224K(762368K), 0.0029257 secs] [Times: user=0.01 sys=0.00, real=0.01 secs] 
2019-01-01T22:07:34.796+0900: 104701.323: [GC (Allocation Failure) [PSYoungGen: 260832K->640K(261120K)] 404320K->144128K(762368K), 0.0033149 secs] [Times: user=0.02 sys=0.00, real=0.00 secs] 
2019-01-01T22:08:39.674+0900: 104766.200: [GC (Allocation Failure) [PSYoungGen: 260736K->704K(261120K)] 404224K->144192K(762368K), 0.0031877 secs] [Times: user=0.02 sys=0.00, real=0.01 secs] 
2019-01-01T22:09:44.525+0900: 104831.052: [GC (Allocation Failure) [PSYoungGen: 260800K->672K(261120K)] 404288K->144160K(762368K), 0.0030776 secs] [Times: user=0.00 sys=0.01, real=0.00 secs] 
2019-01-01T22:10:49.401+0900: 104895.927: [GC (Allocation Failure) [PSYoungGen: 260768K->672K(261120K)] 404256K->144160K(762368K), 0.0035196 secs] [Times: user=0.02 sys=0.00, real=0.01 secs] 
2019-01-01T22:11:53.877+0900: 104960.404: [GC (Allocation Failure) [PSYoungGen: 260768K->704K(261120K)] 404256K->144192K(762368K), 0.0034360 secs] [Times: user=0.01 sys=0.02, real=0.00 secs] 
2019-01-01T22:12:58.938+0900: 105025.465: [GC (Allocation Failure) [PSYoungGen: 260800K->672K(261120K)] 404288K->144184K(762368K), 0.0029844 secs] [Times: user=0.02 sys=0.00, real=0.00 secs] 
2019-01-01T22:14:03.852+0900: 105090.378: [GC (Allocation Failure) [PSYoungGen: 260768K->704K(261120K)] 404280K->144232K(762368K), 0.0030314 secs] [Times: user=0.00 sys=0.01, real=0.01 secs] 
2019-01-01T22:15:08.472+0900: 105154.999: [GC (Allocation Failure) [PSYoungGen: 260800K->640K(261120K)] 404328K->144168K(762368K), 0.0031715 secs] [Times: user=0.00 sys=0.01, real=0.01 secs] 
2019-01-01T22:16:12.999+0900: 105219.525: [GC (Allocation Failure) [PSYoungGen: 260736K->704K(261120K)] 404264K->144232K(762368K), 0.0033462 secs] [Times: user=0.02 sys=0.00, real=0.00 secs] 
2019-01-01T22:17:17.861+0900: 105284.388: [GC (Allocation Failure) [PSYoungGen: 260800K->672K(261120K)] 404328K->144208K(762368K), 0.0033736 secs] [Times: user=0.01 sys=0.02, real=0.01 secs] 
2019-01-01T22:18:22.811+0900: 105349.338: [GC (Allocation Failure) [PSYoungGen: 260768K->608K(261120K)] 404304K->144144K(762368K), 0.0038573 secs] [Times: user=0.00 sys=0.01, real=0.01 secs] 
2019-01-01T22:19:27.657+0900: 105414.184: [GC (Allocation Failure) [PSYoungGen: 260704K->672K(261120K)] 404240K->144216K(762368K), 0.0035082 secs] [Times: user=0.01 sys=0.01, real=0.00 secs] 
2019-01-01T22:20:32.260+0900: 105478.787: [GC (Allocation Failure) [PSYoungGen: 260768K->736K(261120K)] 404312K->144320K(762368K), 0.0034568 secs] [Times: user=0.00 sys=0.02, real=0.01 secs] 
2019-01-01T22:21:37.162+0900: 105543.689: [GC (Allocation Failure) [PSYoungGen: 260832K->672K(261120K)] 404416K->144256K(762368K), 0.0029662 secs] [Times: user=0.01 sys=0.01, real=0.01 secs] 
2019-01-01T22:22:41.705+0900: 105608.232: [GC (Allocation Failure) [PSYoungGen: 260768K->672K(261120K)] 404352K->144280K(762368K), 0.0032137 secs] [Times: user=0.02 sys=0.00, real=0.00 secs] 
2019-01-01T22:23:46.674+0900: 105673.201: [GC (Allocation Failure) [PSYoungGen: 260768K->640K(261120K)] 404376K->144264K(762368K), 0.0032414 secs] [Times: user=0.02 sys=0.00, real=0.00 secs] 
2019-01-01T22:24:51.176+0900: 105737.703: [GC (Allocation Failure) [PSYoungGen: 260736K->704K(261120K)] 404360K->144328K(762368K), 0.0036979 secs] [Times: user=0.02 sys=0.00, real=0.00 secs] 
2019-01-01T22:25:55.631+0900: 105802.158: [GC (Allocation Failure) [PSYoungGen: 260800K->640K(261120K)] 404424K->144264K(762368K), 0.0033590 secs] [Times: user=0.00 sys=0.02, real=0.01 secs] 
2019-01-01T22:27:00.454+0900: 105866.981: [GC (Allocation Failure) [PSYoungGen: 260736K->640K(261120K)] 404360K->144296K(762368K), 0.0033224 secs] [Times: user=0.00 sys=0.01, real=0.00 secs] 
2019-01-01T22:28:05.355+0900: 105931.882: [GC (Allocation Failure) [PSYoungGen: 260736K->640K(261120K)] 404392K->144296K(762368K), 0.0032130 secs] [Times: user=0.02 sys=0.00, real=0.00 secs] 
2019-01-01T22:29:10.005+0900: 105996.532: [GC (Allocation Failure) [PSYoungGen: 260736K->672K(261120K)] 404392K->144328K(762368K), 0.0036364 secs] [Times: user=0.01 sys=0.02, real=0.00 secs] 
2019-01-01T22:30:14.534+0900: 106061.061: [GC (Allocation Failure) [PSYoungGen: 260768K->704K(261120K)] 404424K->144360K(762368K), 0.0032742 secs] [Times: user=0.00 sys=0.02, real=0.00 secs] 
2019-01-01T22:31:19.467+0900: 106125.994: [GC (Allocation Failure) [PSYoungGen: 260800K->640K(261120K)] 404456K->144296K(762368K), 0.0036347 secs] [Times: user=0.02 sys=0.00, real=0.00 secs] 
2019-01-01T22:32:24.316+0900: 106190.843: [GC (Allocation Failure) [PSYoungGen: 260736K->704K(261120K)] 404392K->144368K(762368K), 0.0033684 secs] [Times: user=0.02 sys=0.00, real=0.00 secs] 
2019-01-01T22:33:29.118+0900: 106255.644: [GC (Allocation Failure) [PSYoungGen: 260800K->704K(261120K)] 404464K->144376K(762368K), 0.0030608 secs] [Times: user=0.02 sys=0.00, real=0.00 secs] 
2019-01-01T22:34:33.680+0900: 106320.207: [GC (Allocation Failure) [PSYoungGen: 260800K->704K(261120K)] 404472K->144376K(762368K), 0.0033334 secs] [Times: user=0.01 sys=0.01, real=0.00 secs] 
2019-01-01T22:35:38.722+0900: 106385.248: [GC (Allocation Failure) [PSYoungGen: 260800K->672K(261120K)] 404472K->144344K(762368K), 0.0034858 secs] [Times: user=0.01 sys=0.01, real=0.01 secs] 
2019-01-01T22:36:43.574+0900: 106450.100: [GC (Allocation Failure) [PSYoungGen: 260768K->640K(261120K)] 404440K->144312K(762368K), 0.0033999 secs] [Times: user=0.01 sys=0.02, real=0.01 secs] 
2019-01-01T22:37:48.311+0900: 106514.838: [GC (Allocation Failure) [PSYoungGen: 260736K->608K(261120K)] 404408K->144280K(762368K), 0.0033295 secs] [Times: user=0.00 sys=0.01, real=0.01 secs] 
2019-01-01T22:38:53.275+0900: 106579.802: [GC (Allocation Failure) [PSYoungGen: 260704K->672K(261120K)] 404376K->144344K(762368K), 0.0032932 secs] [Times: user=0.02 sys=0.00, real=0.00 secs] 
2019-01-01T22:39:58.266+0900: 106644.792: [GC (Allocation Failure) [PSYoungGen: 260768K->704K(261120K)] 404440K->144376K(762368K), 0.0034563 secs] [Times: user=0.01 sys=0.01, real=0.00 secs] 
2019-01-01T22:41:02.819+0900: 106709.346: [GC (Allocation Failure) [PSYoungGen: 260800K->640K(261120K)] 404472K->144312K(762368K), 0.0033560 secs] [Times: user=0.02 sys=0.00, real=0.00 secs] 
2019-01-01T22:42:07.456+0900: 106773.982: [GC (Allocation Failure) [PSYoungGen: 260736K->672K(261120K)] 404408K->144344K(762368K), 0.0035562 secs] [Times: user=0.00 sys=0.01, real=0.00 secs] 
2019-01-01T22:43:12.286+0900: 106838.813: [GC (Allocation Failure) [PSYoungGen: 260768K->672K(261120K)] 404440K->144344K(762368K), 0.0032895 secs] [Times: user=0.00 sys=0.01, real=0.00 secs] 
2019-01-01T22:44:17.201+0900: 106903.727: [GC (Allocation Failure) [PSYoungGen: 260768K->672K(261120K)] 404440K->144344K(762368K), 0.0038403 secs] [Times: user=0.03 sys=0.00, real=0.01 secs] 
2019-01-01T22:45:21.877+0900: 106968.404: [GC (Allocation Failure) [PSYoungGen: 260768K->672K(261120K)] 404440K->144360K(762368K), 0.0047978 secs] [Times: user=0.03 sys=0.00, real=0.00 secs] 
2019-01-01T22:46:26.488+0900: 107033.015: [GC (Allocation Failure) [PSYoungGen: 260768K->672K(261120K)] 404456K->144360K(762368K), 0.0035262 secs] [Times: user=0.01 sys=0.02, real=0.00 secs] 
2019-01-01T22:47:31.442+0900: 107097.968: [GC (Allocation Failure) [PSYoungGen: 260768K->672K(261120K)] 404456K->144360K(762368K), 0.0035597 secs] [Times: user=0.02 sys=0.00, real=0.01 secs] 
2019-01-01T22:48:36.478+0900: 107163.005: [GC (Allocation Failure) [PSYoungGen: 260768K->704K(261120K)] 404456K->144392K(762368K), 0.0034769 secs] [Times: user=0.01 sys=0.00, real=0.00 secs] 
2019-01-01T22:49:41.425+0900: 107227.952: [GC (Allocation Failure) [PSYoungGen: 260800K->736K(261120K)] 404488K->144440K(762368K), 0.0032330 secs] [Times: user=0.00 sys=0.01, real=0.00 secs] 
2019-01-01T22:50:46.039+0900: 107292.566: [GC (Allocation Failure) [PSYoungGen: 260830K->672K(261120K)] 404535K->144400K(762368K), 0.0035426 secs] [Times: user=0.02 sys=0.00, real=0.00 secs] 
2019-01-01T22:51:50.603+0900: 107357.130: [GC (Allocation Failure) [PSYoungGen: 260768K->608K(261120K)] 404496K->144336K(762368K), 0.0035234 secs] [Times: user=0.02 sys=0.00, real=0.01 secs] 
2019-01-01T22:52:55.543+0900: 107422.069: [GC (Allocation Failure) [PSYoungGen: 260704K->672K(261120K)] 404432K->144400K(762368K), 0.0035249 secs] [Times: user=0.01 sys=0.01, real=0.01 secs] 
2019-01-01T22:54:00.495+0900: 107487.021: [GC (Allocation Failure) [PSYoungGen: 260768K->672K(261120K)] 404496K->144400K(762368K), 0.0032766 secs] [Times: user=0.00 sys=0.02, real=0.00 secs] 
2019-01-01T22:55:05.446+0900: 107551.972: [GC (Allocation Failure) [PSYoungGen: 260768K->672K(261120K)] 404496K->144400K(762368K), 0.0031793 secs] [Times: user=0.01 sys=0.00, real=0.00 secs] 
2019-01-01T22:56:10.344+0900: 107616.871: [GC (Allocation Failure) [PSYoungGen: 260768K->704K(261120K)] 404496K->144432K(762368K), 0.0035843 secs] [Times: user=0.00 sys=0.02, real=0.00 secs] 
2019-01-01T22:57:15.167+0900: 107681.693: [GC (Allocation Failure) [PSYoungGen: 260800K->640K(261120K)] 404528K->144368K(762368K), 0.0035291 secs] [Times: user=0.00 sys=0.02, real=0.00 secs] 
2019-01-01T22:58:19.850+0900: 107746.377: [GC (Allocation Failure) [PSYoungGen: 260736K->704K(261120K)] 404464K->144448K(762368K), 0.0030166 secs] [Times: user=0.00 sys=0.01, real=0.00 secs] 
2019-01-01T22:59:24.681+0900: 107811.207: [GC (Allocation Failure) [PSYoungGen: 260800K->640K(261120K)] 404544K->144400K(762368K), 0.0034641 secs] [Times: user=0.02 sys=0.00, real=0.01 secs] 
2019-01-01T23:00:29.482+0900: 107876.009: [GC (Allocation Failure) [PSYoungGen: 260736K->640K(261120K)] 404496K->144400K(762368K), 0.0031015 secs] [Times: user=0.01 sys=0.01, real=0.01 secs] 
2019-01-01T23:01:34.074+0900: 107940.601: [GC (Allocation Failure) [PSYoungGen: 260736K->640K(261120K)] 404496K->144408K(762368K), 0.0034417 secs] [Times: user=0.01 sys=0.01, real=0.00 secs] 
2019-01-01T23:02:38.868+0900: 108005.394: [GC (Allocation Failure) [PSYoungGen: 260736K->672K(261120K)] 404504K->144440K(762368K), 0.0030070 secs] [Times: user=0.01 sys=0.01, real=0.00 secs] 
2019-01-01T23:03:43.120+0900: 108069.647: [GC (Allocation Failure) [PSYoungGen: 260768K->736K(261120K)] 404536K->144504K(762368K), 0.0037136 secs] [Times: user=0.01 sys=0.01, real=0.01 secs] 
2019-01-01T23:04:47.882+0900: 108134.409: [GC (Allocation Failure) [PSYoungGen: 260832K->704K(261120K)] 404600K->144472K(762368K), 0.0033951 secs] [Times: user=0.02 sys=0.00, real=0.01 secs] 
2019-01-01T23:05:52.441+0900: 108198.967: [GC (Allocation Failure) [PSYoungGen: 260800K->672K(261120K)] 404568K->144440K(762368K), 0.0033338 secs] [Times: user=0.02 sys=0.00, real=0.01 secs] 
2019-01-01T23:06:56.999+0900: 108263.525: [GC (Allocation Failure) [PSYoungGen: 260768K->704K(261120K)] 404536K->144472K(762368K), 0.0037058 secs] [Times: user=0.01 sys=0.02, real=0.00 secs] 
2019-01-01T23:08:01.593+0900: 108328.119: [GC (Allocation Failure) [PSYoungGen: 260800K->704K(261120K)] 404568K->144472K(762368K), 0.0030596 secs] [Times: user=0.01 sys=0.00, real=0.01 secs] 
2019-01-01T23:09:06.497+0900: 108393.023: [GC (Allocation Failure) [PSYoungGen: 260800K->672K(261120K)] 404568K->144440K(762368K), 0.0033051 secs] [Times: user=0.00 sys=0.01, real=0.00 secs] 
2019-01-01T23:10:11.319+0900: 108457.845: [GC (Allocation Failure) [PSYoungGen: 260768K->704K(261120K)] 404536K->144472K(762368K), 0.0036316 secs] [Times: user=0.01 sys=0.01, real=0.00 secs] 
2019-01-01T23:11:15.895+0900: 108522.422: [GC (Allocation Failure) [PSYoungGen: 260800K->672K(261120K)] 404568K->144440K(762368K), 0.0029675 secs] [Times: user=0.01 sys=0.00, real=0.00 secs] 
2019-01-01T23:12:20.833+0900: 108587.360: [GC (Allocation Failure) [PSYoungGen: 260768K->672K(261120K)] 404536K->144440K(762368K), 0.0032508 secs] [Times: user=0.01 sys=0.00, real=0.01 secs] 
2019-01-01T23:13:25.707+0900: 108652.234: [GC (Allocation Failure) [PSYoungGen: 260768K->672K(261120K)] 404536K->144440K(762368K), 0.0035218 secs] [Times: user=0.01 sys=0.02, real=0.00 secs] 
2019-01-01T23:14:30.247+0900: 108716.774: [GC (Allocation Failure) [PSYoungGen: 260768K->672K(261120K)] 404536K->144440K(762368K), 0.0036118 secs] [Times: user=0.01 sys=0.01, real=0.00 secs] 
2019-01-01T23:15:35.130+0900: 108781.657: [GC (Allocation Failure) [PSYoungGen: 260768K->704K(261120K)] 404536K->144472K(762368K), 0.0031522 secs] [Times: user=0.02 sys=0.00, real=0.00 secs] 
2019-01-01T23:16:39.974+0900: 108846.501: [GC (Allocation Failure) [PSYoungGen: 260800K->640K(261120K)] 404568K->144408K(762368K), 0.0033203 secs] [Times: user=0.01 sys=0.00, real=0.00 secs] 
2019-01-01T23:17:44.538+0900: 108911.065: [GC (Allocation Failure) [PSYoungGen: 260736K->704K(261120K)] 404504K->144472K(762368K), 0.0035588 secs] [Times: user=0.02 sys=0.00, real=0.00 secs] 
2019-01-01T23:18:49.465+0900: 108975.992: [GC (Allocation Failure) [PSYoungGen: 260800K->672K(261120K)] 404568K->144456K(762368K), 0.0028562 secs] [Times: user=0.01 sys=0.00, real=0.00 secs] 
2019-01-01T23:19:54.420+0900: 109040.947: [GC (Allocation Failure) [PSYoungGen: 260768K->672K(261120K)] 404552K->144456K(762368K), 0.0036064 secs] [Times: user=0.02 sys=0.00, real=0.00 secs] 
2019-01-01T23:20:59.347+0900: 109105.873: [GC (Allocation Failure) [PSYoungGen: 260768K->672K(261120K)] 404552K->144472K(762368K), 0.0034564 secs] [Times: user=0.00 sys=0.01, real=0.00 secs] 
2019-01-01T23:22:04.123+0900: 109170.649: [GC (Allocation Failure) [PSYoungGen: 260768K->672K(261120K)] 404568K->144480K(762368K), 0.0032529 secs] [Times: user=0.00 sys=0.01, real=0.01 secs] 
2019-01-01T23:23:08.719+0900: 109235.246: [GC (Allocation Failure) [PSYoungGen: 260768K->704K(261120K)] 404576K->144512K(762368K), 0.0029183 secs] [Times: user=0.02 sys=0.00, real=0.00 secs] 
2019-01-01T23:24:13.353+0900: 109299.879: [GC (Allocation Failure) [PSYoungGen: 260800K->640K(261120K)] 404608K->144448K(762368K), 0.0037059 secs] [Times: user=0.01 sys=0.02, real=0.01 secs] 
2019-01-01T23:25:18.227+0900: 109364.754: [GC (Allocation Failure) [PSYoungGen: 260736K->672K(261120K)] 404544K->144480K(762368K), 0.0036921 secs] [Times: user=0.02 sys=0.00, real=0.00 secs] 
2019-01-01T23:26:22.933+0900: 109429.459: [GC (Allocation Failure) [PSYoungGen: 260768K->672K(261120K)] 404576K->144488K(762368K), 0.0034166 secs] [Times: user=0.01 sys=0.00, real=0.01 secs] 
2019-01-01T23:27:27.489+0900: 109494.016: [GC (Allocation Failure) [PSYoungGen: 260768K->608K(261120K)] 404584K->144424K(762368K), 0.0032984 secs] [Times: user=0.00 sys=0.02, real=0.00 secs] 
2019-01-01T23:28:32.062+0900: 109558.589: [GC (Allocation Failure) [PSYoungGen: 260704K->640K(261120K)] 404520K->144472K(762368K), 0.0035134 secs] [Times: user=0.02 sys=0.00, real=0.01 secs] 
2019-01-01T23:29:36.965+0900: 109623.491: [GC (Allocation Failure) [PSYoungGen: 260736K->640K(261120K)] 404568K->144472K(762368K), 0.0034344 secs] [Times: user=0.00 sys=0.01, real=0.00 secs] 
2019-01-01T23:30:41.612+0900: 109688.138: [GC (Allocation Failure) [PSYoungGen: 260736K->672K(261120K)] 404568K->144504K(762368K), 0.0034849 secs] [Times: user=0.02 sys=0.00, real=0.01 secs] 
2019-01-01T23:31:46.640+0900: 109753.166: [GC (Allocation Failure) [PSYoungGen: 260768K->672K(261120K)] 404600K->144504K(762368K), 0.0036038 secs] [Times: user=0.02 sys=0.00, real=0.00 secs] 
2019-01-01T23:32:51.034+0900: 109817.561: [GC (Allocation Failure) [PSYoungGen: 260768K->672K(261120K)] 404600K->144512K(762368K), 0.0029351 secs] [Times: user=0.00 sys=0.01, real=0.00 secs] 
2019-01-01T23:33:55.617+0900: 109882.143: [GC (Allocation Failure) [PSYoungGen: 260768K->672K(261120K)] 404608K->144520K(762368K), 0.0029794 secs] [Times: user=0.01 sys=0.00, real=0.00 secs] 
2019-01-01T23:35:00.529+0900: 109947.056: [GC (Allocation Failure) [PSYoungGen: 260768K->672K(261120K)] 404616K->144520K(762368K), 0.0035476 secs] [Times: user=0.01 sys=0.01, real=0.00 secs] 
2019-01-01T23:36:05.399+0900: 110011.925: [GC (Allocation Failure) [PSYoungGen: 260768K->672K(261120K)] 404616K->144520K(762368K), 0.0032489 secs] [Times: user=0.01 sys=0.01, real=0.00 secs] 
2019-01-01T23:37:10.187+0900: 110076.714: [GC (Allocation Failure) [PSYoungGen: 260768K->704K(261120K)] 404616K->144552K(762368K), 0.0033339 secs] [Times: user=0.02 sys=0.00, real=0.00 secs] 
2019-01-01T23:38:14.624+0900: 110141.151: [GC (Allocation Failure) [PSYoungGen: 260800K->672K(261120K)] 404648K->144528K(762368K), 0.0034036 secs] [Times: user=0.02 sys=0.00, real=0.00 secs] 
2019-01-01T23:39:19.496+0900: 110206.023: [GC (Allocation Failure) [PSYoungGen: 260768K->704K(261120K)] 404624K->144560K(762368K), 0.0030602 secs] [Times: user=0.00 sys=0.02, real=0.00 secs] 
2019-01-01T23:40:24.334+0900: 110270.860: [GC (Allocation Failure) [PSYoungGen: 260800K->704K(261120K)] 404656K->144560K(762368K), 0.0030105 secs] [Times: user=0.00 sys=0.01, real=0.01 secs] 
2019-01-01T23:41:29.123+0900: 110335.650: [GC (Allocation Failure) [PSYoungGen: 260800K->672K(261120K)] 404656K->144536K(762368K), 0.0035979 secs] [Times: user=0.01 sys=0.00, real=0.01 secs] 
2019-01-01T23:42:33.750+0900: 110400.277: [GC (Allocation Failure) [PSYoungGen: 260768K->672K(261120K)] 404632K->144544K(762368K), 0.0036738 secs] [Times: user=0.00 sys=0.02, real=0.01 secs] 
2019-01-01T23:43:38.611+0900: 110465.138: [GC (Allocation Failure) [PSYoungGen: 260768K->672K(261120K)] 404640K->144544K(762368K), 0.0036642 secs] [Times: user=0.01 sys=0.02, real=0.01 secs] 
2019-01-01T23:44:43.460+0900: 110529.987: [GC (Allocation Failure) [PSYoungGen: 260768K->672K(261120K)] 404640K->144544K(762368K), 0.0033540 secs] [Times: user=0.01 sys=0.01, real=0.01 secs] 
2019-01-01T23:45:48.407+0900: 110594.934: [GC (Allocation Failure) [PSYoungGen: 260768K->704K(261120K)] 404640K->144576K(762368K), 0.0031853 secs] [Times: user=0.02 sys=0.00, real=0.00 secs] 
2019-01-01T23:46:53.311+0900: 110659.838: [GC (Allocation Failure) [PSYoungGen: 260800K->672K(261120K)] 404672K->144552K(762368K), 0.0032923 secs] [Times: user=0.00 sys=0.02, real=0.01 secs] 
2019-01-01T23:47:57.625+0900: 110724.152: [GC (Allocation Failure) [PSYoungGen: 260768K->672K(261120K)] 404648K->144552K(762368K), 0.0033234 secs] [Times: user=0.00 sys=0.01, real=0.00 secs] 
2019-01-01T23:49:02.304+0900: 110788.830: [GC (Allocation Failure) [PSYoungGen: 260768K->672K(261120K)] 404648K->144568K(762368K), 0.0033186 secs] [Times: user=0.02 sys=0.00, real=0.01 secs] 
2019-01-01T23:50:07.220+0900: 110853.747: [GC (Allocation Failure) [PSYoungGen: 260768K->704K(261120K)] 404664K->144608K(762368K), 0.0035118 secs] [Times: user=0.02 sys=0.00, real=0.00 secs] 
2019-01-01T23:51:11.759+0900: 110918.285: [GC (Allocation Failure) [PSYoungGen: 260800K->704K(261120K)] 404704K->144616K(762368K), 0.0035189 secs] [Times: user=0.01 sys=0.01, real=0.00 secs] 
2019-01-01T23:52:16.521+0900: 110983.048: [GC (Allocation Failure) [PSYoungGen: 260800K->672K(261120K)] 404712K->144584K(762368K), 0.0033761 secs] [Times: user=0.00 sys=0.02, real=0.01 secs] 
2019-01-01T23:53:21.480+0900: 111048.007: [GC (Allocation Failure) [PSYoungGen: 260768K->608K(261120K)] 404680K->144520K(762368K), 0.0033984 secs] [Times: user=0.01 sys=0.00, real=0.00 secs] 
2019-01-01T23:54:26.155+0900: 111112.681: [GC (Allocation Failure) [PSYoungGen: 260704K->672K(261120K)] 404616K->144584K(762368K), 0.0034714 secs] [Times: user=0.02 sys=0.00, real=0.00 secs] 
2019-01-01T23:55:30.724+0900: 111177.251: [GC (Allocation Failure) [PSYoungGen: 260768K->672K(261120K)] 404680K->144584K(762368K), 0.0033789 secs] [Times: user=0.00 sys=0.01, real=0.00 secs] 
2019-01-01T23:56:35.606+0900: 111242.133: [GC (Allocation Failure) [PSYoungGen: 260768K->640K(261120K)] 404680K->144552K(762368K), 0.0035258 secs] [Times: user=0.02 sys=0.00, real=0.00 secs] 
2019-01-01T23:57:40.469+0900: 111306.996: [GC (Allocation Failure) [PSYoungGen: 260736K->768K(261120K)] 404648K->144680K(762368K), 0.0033927 secs] [Times: user=0.01 sys=0.02, real=0.00 secs] 
2019-01-01T23:58:44.868+0900: 111371.395: [GC (Allocation Failure) [PSYoungGen: 260864K->736K(261120K)] 404776K->144648K(762368K), 0.0033378 secs] [Times: user=0.00 sys=0.01, real=0.00 secs] 
2019-01-01T23:59:49.633+0900: 111436.160: [GC (Allocation Failure) [PSYoungGen: 260832K->704K(261120K)] 404744K->144616K(762368K), 0.0034778 secs] [Times: user=0.02 sys=0.00, real=0.01 secs] 
2019-01-02T00:00:54.599+0900: 111501.126: [GC (Allocation Failure) [PSYoungGen: 260800K->640K(261120K)] 404712K->144560K(762368K), 0.0031528 secs] [Times: user=0.00 sys=0.01, real=0.00 secs] 
2019-01-02T00:01:59.435+0900: 111565.962: [GC (Allocation Failure) [PSYoungGen: 260736K->640K(261120K)] 404656K->144560K(762368K), 0.0030686 secs] [Times: user=0.01 sys=0.00, real=0.00 secs] 
2019-01-02T00:03:04.038+0900: 111630.565: [GC (Allocation Failure) [PSYoungGen: 260736K->736K(261120K)] 404656K->144656K(762368K), 0.0034882 secs] [Times: user=0.02 sys=0.00, real=0.00 secs] 
2019-01-02T00:04:08.836+0900: 111695.363: [GC (Allocation Failure) [PSYoungGen: 260832K->640K(261120K)] 404752K->144560K(762368K), 0.0032640 secs] [Times: user=0.00 sys=0.02, real=0.00 secs] 
2019-01-02T00:05:13.643+0900: 111760.170: [GC (Allocation Failure) [PSYoungGen: 260736K->672K(261120K)] 404656K->144592K(762368K), 0.0033436 secs] [Times: user=0.00 sys=0.01, real=0.01 secs] 
2019-01-02T00:06:18.421+0900: 111824.947: [GC (Allocation Failure) [PSYoungGen: 260768K->640K(261120K)] 404688K->144560K(762368K), 0.0028016 secs] [Times: user=0.02 sys=0.00, real=0.00 secs] 
2019-01-02T00:07:23.261+0900: 111889.788: [GC (Allocation Failure) [PSYoungGen: 260736K->704K(261120K)] 404656K->144624K(762368K), 0.0030881 secs] [Times: user=0.00 sys=0.01, real=0.01 secs] 
2019-01-02T00:08:27.771+0900: 111954.298: [GC (Allocation Failure) [PSYoungGen: 260800K->640K(261120K)] 404720K->144560K(762368K), 0.0032576 secs] [Times: user=0.02 sys=0.00, real=0.01 secs] 
2019-01-02T00:09:32.659+0900: 112019.186: [GC (Allocation Failure) [PSYoungGen: 260736K->704K(261120K)] 404656K->144632K(762368K), 0.0033424 secs] [Times: user=0.02 sys=0.00, real=0.00 secs] 
2019-01-02T00:10:37.527+0900: 112084.054: [GC (Allocation Failure) [PSYoungGen: 260800K->672K(261120K)] 404728K->144600K(762368K), 0.0038452 secs] [Times: user=0.02 sys=0.00, real=0.00 secs] 
2019-01-02T00:11:42.408+0900: 112148.935: [GC (Allocation Failure) [PSYoungGen: 260768K->672K(261120K)] 404696K->144600K(762368K), 0.0032916 secs] [Times: user=0.02 sys=0.00, real=0.00 secs] 
2019-01-02T00:12:47.283+0900: 112213.810: [GC (Allocation Failure) [PSYoungGen: 260768K->640K(261120K)] 404696K->144568K(762368K), 0.0036048 secs] [Times: user=0.02 sys=0.00, real=0.01 secs] 
2019-01-02T00:13:51.985+0900: 112278.511: [GC (Allocation Failure) [PSYoungGen: 260736K->672K(261120K)] 404664K->144600K(762368K), 0.0033368 secs] [Times: user=0.00 sys=0.01, real=0.00 secs] 
2019-01-02T00:14:56.550+0900: 112343.077: [GC (Allocation Failure) [PSYoungGen: 260768K->672K(261120K)] 404696K->144600K(762368K), 0.0029821 secs] [Times: user=0.02 sys=0.00, real=0.00 secs] 
2019-01-02T00:16:01.436+0900: 112407.963: [GC (Allocation Failure) [PSYoungGen: 260768K->640K(261120K)] 404696K->144568K(762368K), 0.0031737 secs] [Times: user=0.00 sys=0.01, real=0.00 secs] 
2019-01-02T00:17:06.049+0900: 112472.576: [GC (Allocation Failure) [PSYoungGen: 260736K->672K(261120K)] 404664K->144608K(762368K), 0.0032996 secs] [Times: user=0.00 sys=0.02, real=0.00 secs] 
2019-01-02T00:18:10.611+0900: 112537.137: [GC (Allocation Failure) [PSYoungGen: 260768K->736K(261120K)] 404704K->144680K(762368K), 0.0033500 secs] [Times: user=0.01 sys=0.01, real=0.01 secs] 
2019-01-02T00:19:15.382+0900: 112601.909: [GC (Allocation Failure) [PSYoungGen: 260832K->672K(261120K)] 404776K->144632K(762368K), 0.0030288 secs] [Times: user=0.02 sys=0.00, real=0.01 secs] 
2019-01-02T00:20:20.139+0900: 112666.666: [GC (Allocation Failure) [PSYoungGen: 260768K->640K(261120K)] 404728K->144600K(762368K), 0.0031592 secs] [Times: user=0.01 sys=0.00, real=0.00 secs] 
2019-01-02T00:21:24.933+0900: 112731.460: [GC (Allocation Failure) [PSYoungGen: 260736K->672K(261120K)] 404696K->144656K(762368K), 0.0035231 secs] [Times: user=0.02 sys=0.00, real=0.01 secs] 
2019-01-02T00:22:29.639+0900: 112796.166: [GC (Allocation Failure) [PSYoungGen: 260768K->736K(261120K)] 404752K->144720K(762368K), 0.0033482 secs] [Times: user=0.02 sys=0.00, real=0.00 secs] 
2019-01-02T00:23:34.480+0900: 112861.007: [GC (Allocation Failure) [PSYoungGen: 260832K->640K(261120K)] 404816K->144656K(762368K), 0.0036132 secs] [Times: user=0.02 sys=0.00, real=0.01 secs] 
2019-01-02T00:24:39.459+0900: 112925.985: [GC (Allocation Failure) [PSYoungGen: 260736K->672K(261120K)] 404752K->144720K(762368K), 0.0035536 secs] [Times: user=0.00 sys=0.01, real=0.00 secs] 
2019-01-02T00:25:44.283+0900: 112990.810: [GC (Allocation Failure) [PSYoungGen: 260768K->672K(261120K)] 404816K->144720K(762368K), 0.0033855 secs] [Times: user=0.02 sys=0.00, real=0.01 secs] 
2019-01-02T00:26:49.094+0900: 113055.620: [GC (Allocation Failure) [PSYoungGen: 260768K->640K(261120K)] 404816K->144688K(762368K), 0.0033643 secs] [Times: user=0.00 sys=0.01, real=0.00 secs] 
2019-01-02T00:27:53.882+0900: 113120.408: [GC (Allocation Failure) [PSYoungGen: 260736K->640K(261120K)] 404784K->144688K(762368K), 0.0030402 secs] [Times: user=0.02 sys=0.00, real=0.01 secs] 
2019-01-02T00:28:58.531+0900: 113185.057: [GC (Allocation Failure) [PSYoungGen: 260736K->704K(261120K)] 404784K->144752K(762368K), 0.0035179 secs] [Times: user=0.00 sys=0.01, real=0.01 secs] 
2019-01-02T00:30:03.142+0900: 113249.669: [GC (Allocation Failure) [PSYoungGen: 260800K->704K(261120K)] 404848K->144752K(762368K), 0.0033687 secs] [Times: user=0.00 sys=0.01, real=0.01 secs] 
2019-01-02T00:31:08.034+0900: 113314.560: [GC (Allocation Failure) [PSYoungGen: 260800K->672K(261120K)] 404848K->144728K(762368K), 0.0035728 secs] [Times: user=0.00 sys=0.01, real=0.01 secs] 
2019-01-02T00:32:12.877+0900: 113379.404: [GC (Allocation Failure) [PSYoungGen: 260768K->640K(261120K)] 404824K->144696K(762368K), 0.0035942 secs] [Times: user=0.02 sys=0.00, real=0.00 secs] 
2019-01-02T00:33:17.780+0900: 113444.307: [GC (Allocation Failure) [PSYoungGen: 260736K->704K(261120K)] 404792K->144760K(762368K), 0.0032352 secs] [Times: user=0.01 sys=0.02, real=0.01 secs] 
2019-01-02T00:34:22.522+0900: 113509.049: [GC (Allocation Failure) [PSYoungGen: 260800K->672K(261120K)] 404856K->144728K(762368K), 0.0032875 secs] [Times: user=0.01 sys=0.01, real=0.01 secs] 
2019-01-02T00:35:27.475+0900: 113574.002: [GC (Allocation Failure) [PSYoungGen: 260768K->672K(261120K)] 404824K->144728K(762368K), 0.0032517 secs] [Times: user=0.02 sys=0.00, real=0.00 secs] 
2019-01-02T00:36:32.224+0900: 113638.751: [GC (Allocation Failure) [PSYoungGen: 260768K->704K(261120K)] 404824K->144760K(762368K), 0.0028388 secs] [Times: user=0.02 sys=0.00, real=0.00 secs] 
2019-01-02T00:37:36.939+0900: 113703.466: [GC (Allocation Failure) [PSYoungGen: 260800K->704K(261120K)] 404856K->144760K(762368K), 0.0033183 secs] [Times: user=0.02 sys=0.00, real=0.00 secs] 
2019-01-02T00:38:41.786+0900: 113768.312: [GC (Allocation Failure) [PSYoungGen: 260800K->640K(261120K)] 404856K->144696K(762368K), 0.0034156 secs] [Times: user=0.01 sys=0.00, real=0.00 secs] 
2019-01-02T00:39:46.328+0900: 113832.855: [GC (Allocation Failure) [PSYoungGen: 260736K->672K(261120K)] 404792K->144728K(762368K), 0.0035972 secs] [Times: user=0.01 sys=0.01, real=0.00 secs] 
2019-01-02T00:40:51.103+0900: 113897.630: [GC (Allocation Failure) [PSYoungGen: 260768K->704K(261120K)] 404824K->144760K(762368K), 0.0029564 secs] [Times: user=0.01 sys=0.02, real=0.01 secs] 
2019-01-02T00:41:55.873+0900: 113962.400: [GC (Allocation Failure) [PSYoungGen: 260800K->640K(261120K)] 404856K->144704K(762368K), 0.0031967 secs] [Times: user=0.01 sys=0.00, real=0.01 secs] 
2019-01-02T00:43:00.749+0900: 114027.276: [GC (Allocation Failure) [PSYoungGen: 260736K->672K(261120K)] 404800K->144736K(762368K), 0.0034535 secs] [Times: user=0.02 sys=0.00, real=0.00 secs] 
2019-01-02T00:44:05.327+0900: 114091.854: [GC (Allocation Failure) [PSYoungGen: 260768K->640K(261120K)] 404832K->144704K(762368K), 0.0033603 secs] [Times: user=0.00 sys=0.01, real=0.00 secs] 
2019-01-02T00:45:10.242+0900: 114156.769: [GC (Allocation Failure) [PSYoungGen: 260736K->640K(261120K)] 404800K->144704K(762368K), 0.0035888 secs] [Times: user=0.01 sys=0.02, real=0.01 secs] 
2019-01-02T00:46:15.134+0900: 114221.661: [GC (Allocation Failure) [PSYoungGen: 260736K->704K(261120K)] 404800K->144768K(762368K), 0.0034162 secs] [Times: user=0.02 sys=0.00, real=0.00 secs] 
2019-01-02T00:47:19.722+0900: 114286.249: [GC (Allocation Failure) [PSYoungGen: 260800K->704K(261120K)] 404864K->144768K(762368K), 0.0032195 secs] [Times: user=0.01 sys=0.01, real=0.01 secs] 
2019-01-02T00:48:24.324+0900: 114350.851: [GC (Allocation Failure) [PSYoungGen: 260800K->704K(261120K)] 404864K->144768K(762368K), 0.0036904 secs] [Times: user=0.02 sys=0.00, real=0.00 secs] 
2019-01-02T00:49:28.979+0900: 114415.506: [GC (Allocation Failure) [PSYoungGen: 260800K->672K(261120K)] 404864K->144760K(762368K), 0.0032438 secs] [Times: user=0.02 sys=0.00, real=0.00 secs] 
2019-01-02T00:50:33.827+0900: 114480.354: [GC (Allocation Failure) [PSYoungGen: 260768K->672K(261120K)] 404856K->144808K(762368K), 0.0030925 secs] [Times: user=0.00 sys=0.02, real=0.00 secs] 
2019-01-02T00:51:38.788+0900: 114545.314: [GC (Allocation Failure) [PSYoungGen: 260768K->736K(261120K)] 404904K->144872K(762368K), 0.0034695 secs] [Times: user=0.02 sys=0.00, real=0.00 secs] 
2019-01-02T00:52:43.581+0900: 114610.108: [GC (Allocation Failure) [PSYoungGen: 260832K->672K(261120K)] 404968K->144808K(762368K), 0.0029750 secs] [Times: user=0.01 sys=0.01, real=0.01 secs] 
2019-01-02T00:53:48.125+0900: 114674.652: [GC (Allocation Failure) [PSYoungGen: 260768K->640K(261120K)] 404904K->144784K(762368K), 0.0033129 secs] [Times: user=0.02 sys=0.00, real=0.00 secs] 
2019-01-02T00:54:52.995+0900: 114739.522: [GC (Allocation Failure) [PSYoungGen: 260736K->704K(261120K)] 404880K->144848K(762368K), 0.0031785 secs] [Times: user=0.01 sys=0.00, real=0.00 secs] 
2019-01-02T00:55:57.963+0900: 114804.490: [GC (Allocation Failure) [PSYoungGen: 260800K->736K(261120K)] 404944K->144880K(762368K), 0.0033642 secs] [Times: user=0.02 sys=0.00, real=0.01 secs] 
2019-01-02T00:57:02.599+0900: 114869.126: [GC (Allocation Failure) [PSYoungGen: 260832K->672K(261120K)] 404976K->144824K(762368K), 0.0033265 secs] [Times: user=0.01 sys=0.01, real=0.00 secs] 
2019-01-02T00:58:07.313+0900: 114933.840: [GC (Allocation Failure) [PSYoungGen: 260768K->768K(261120K)] 404920K->144920K(762368K), 0.0032638 secs] [Times: user=0.02 sys=0.00, real=0.01 secs] 
2019-01-02T00:59:12.190+0900: 114998.716: [GC (Allocation Failure) [PSYoungGen: 260864K->576K(261120K)] 405016K->144736K(762368K), 0.0032774 secs] [Times: user=0.00 sys=0.01, real=0.00 secs] 
2019-01-02T01:00:17.134+0900: 115063.661: [GC (Allocation Failure) [PSYoungGen: 260672K->704K(261120K)] 404832K->144872K(762368K), 0.0034800 secs] [Times: user=0.02 sys=0.00, real=0.00 secs] 
2019-01-02T01:01:22.004+0900: 115128.531: [GC (Allocation Failure) [PSYoungGen: 260800K->672K(261120K)] 404968K->144840K(762368K), 0.0029600 secs] [Times: user=0.01 sys=0.00, real=0.00 secs] 
2019-01-02T01:02:26.520+0900: 115193.047: [GC (Allocation Failure) [PSYoungGen: 260768K->704K(261120K)] 404936K->144872K(762368K), 0.0035931 secs] [Times: user=0.02 sys=0.00, real=0.01 secs] 
2019-01-02T01:03:31.398+0900: 115257.925: [GC (Allocation Failure) [PSYoungGen: 260800K->704K(261120K)] 404968K->144880K(762368K), 0.0031339 secs] [Times: user=0.00 sys=0.02, real=0.00 secs] 
2019-01-02T01:04:35.841+0900: 115322.368: [GC (Allocation Failure) [PSYoungGen: 260800K->736K(261120K)] 404976K->144912K(762368K), 0.0033089 secs] [Times: user=0.02 sys=0.00, real=0.01 secs] 
2019-01-02T01:05:40.766+0900: 115387.293: [GC (Allocation Failure) [PSYoungGen: 260832K->672K(261120K)] 405008K->144848K(762368K), 0.0028993 secs] [Times: user=0.01 sys=0.01, real=0.00 secs] 
2019-01-02T01:06:45.438+0900: 115451.965: [GC (Allocation Failure) [PSYoungGen: 260768K->672K(261120K)] 404944K->144848K(762368K), 0.0037868 secs] [Times: user=0.02 sys=0.00, real=0.00 secs] 
2019-01-02T01:07:50.301+0900: 115516.827: [GC (Allocation Failure) [PSYoungGen: 260768K->672K(261120K)] 404944K->144848K(762368K), 0.0033631 secs] [Times: user=0.00 sys=0.02, real=0.01 secs] 
2019-01-02T01:08:54.851+0900: 115581.377: [GC (Allocation Failure) [PSYoungGen: 260768K->704K(261120K)] 404944K->144888K(762368K), 0.0029701 secs] [Times: user=0.00 sys=0.01, real=0.00 secs] 
2019-01-02T01:09:59.652+0900: 115646.179: [GC (Allocation Failure) [PSYoungGen: 260800K->672K(261120K)] 404984K->144856K(762368K), 0.0035108 secs] [Times: user=0.02 sys=0.00, real=0.01 secs] 
2019-01-02T01:11:04.407+0900: 115710.934: [GC (Allocation Failure) [PSYoungGen: 260768K->704K(261120K)] 404952K->144888K(762368K), 0.0034889 secs] [Times: user=0.00 sys=0.01, real=0.00 secs] 
2019-01-02T01:12:09.212+0900: 115775.738: [GC (Allocation Failure) [PSYoungGen: 260800K->672K(261120K)] 404984K->144856K(762368K), 0.0034563 secs] [Times: user=0.00 sys=0.01, real=0.01 secs] 
2019-01-02T01:13:13.917+0900: 115840.444: [GC (Allocation Failure) [PSYoungGen: 260768K->736K(261120K)] 404952K->144920K(762368K), 0.0030089 secs] [Times: user=0.01 sys=0.00, real=0.00 secs] 
2019-01-02T01:14:18.514+0900: 115905.041: [GC (Allocation Failure) [PSYoungGen: 260832K->672K(261120K)] 405016K->144856K(762368K), 0.0036295 secs] [Times: user=0.01 sys=0.02, real=0.00 secs] 
2019-01-02T01:15:23.398+0900: 115969.924: [GC (Allocation Failure) [PSYoungGen: 260768K->704K(261120K)] 404952K->144888K(762368K), 0.0033250 secs] [Times: user=0.01 sys=0.00, real=0.00 secs] 
2019-01-02T01:16:27.827+0900: 116034.354: [GC (Allocation Failure) [PSYoungGen: 260800K->672K(261120K)] 404984K->144856K(762368K), 0.0031678 secs] [Times: user=0.00 sys=0.01, real=0.00 secs] 
2019-01-02T01:17:32.357+0900: 116098.884: [GC (Allocation Failure) [PSYoungGen: 260768K->704K(261120K)] 404952K->144888K(762368K), 0.0035860 secs] [Times: user=0.00 sys=0.02, real=0.00 secs] 
2019-01-02T01:18:37.239+0900: 116163.766: [GC (Allocation Failure) [PSYoungGen: 260800K->672K(261120K)] 404984K->144856K(762368K), 0.0033654 secs] [Times: user=0.02 sys=0.00, real=0.00 secs] 
2019-01-02T01:19:42.068+0900: 116228.594: [GC (Allocation Failure) [PSYoungGen: 260768K->704K(261120K)] 404952K->144920K(762368K), 0.0032145 secs] [Times: user=0.02 sys=0.00, real=0.00 secs] 
2019-01-02T01:20:46.971+0900: 116293.498: [GC (Allocation Failure) [PSYoungGen: 260800K->672K(261120K)] 405016K->144944K(762368K), 0.0032869 secs] [Times: user=0.00 sys=0.01, real=0.01 secs] 
2019-01-02T01:21:51.908+0900: 116358.435: [GC (Allocation Failure) [PSYoungGen: 260768K->672K(261120K)] 405040K->144944K(762368K), 0.0034225 secs] [Times: user=0.02 sys=0.00, real=0.00 secs] 
2019-01-02T01:22:56.793+0900: 116423.320: [GC (Allocation Failure) [PSYoungGen: 260768K->704K(261120K)] 405040K->144976K(762368K), 0.0033239 secs] [Times: user=0.00 sys=0.01, real=0.01 secs] 
2019-01-02T01:24:01.452+0900: 116487.979: [GC (Allocation Failure) [PSYoungGen: 260800K->768K(261120K)] 405072K->145040K(762368K), 0.0033291 secs] [Times: user=0.00 sys=0.02, real=0.01 secs] 
2019-01-02T01:25:06.062+0900: 116552.589: [GC (Allocation Failure) [PSYoungGen: 260864K->704K(261120K)] 405136K->144976K(762368K), 0.0034959 secs] [Times: user=0.01 sys=0.00, real=0.01 secs] 
2019-01-02T01:26:10.957+0900: 116617.483: [GC (Allocation Failure) [PSYoungGen: 260800K->704K(261120K)] 405072K->144984K(762368K), 0.0033972 secs] [Times: user=0.01 sys=0.01, real=0.00 secs] 
2019-01-02T01:27:15.897+0900: 116682.424: [GC (Allocation Failure) [PSYoungGen: 260800K->704K(261120K)] 405080K->144984K(762368K), 0.0032975 secs] [Times: user=0.00 sys=0.02, real=0.00 secs] 
2019-01-02T01:28:20.624+0900: 116747.150: [GC (Allocation Failure) [PSYoungGen: 260800K->672K(261120K)] 405080K->144952K(762368K), 0.0036129 secs] [Times: user=0.00 sys=0.01, real=0.01 secs] 
2019-01-02T01:29:25.393+0900: 116811.919: [GC (Allocation Failure) [PSYoungGen: 260768K->672K(261120K)] 405048K->144952K(762368K), 0.0028369 secs] [Times: user=0.02 sys=0.00, real=0.01 secs] 
2019-01-02T01:30:29.784+0900: 116876.311: [GC (Allocation Failure) [PSYoungGen: 260768K->672K(261120K)] 405048K->144952K(762368K), 0.0030330 secs] [Times: user=0.00 sys=0.02, real=0.00 secs] 
2019-01-02T01:31:34.429+0900: 116940.955: [GC (Allocation Failure) [PSYoungGen: 260768K->672K(261120K)] 405048K->144952K(762368K), 0.0033150 secs] [Times: user=0.01 sys=0.01, real=0.00 secs] 
2019-01-02T01:32:39.070+0900: 117005.597: [GC (Allocation Failure) [PSYoungGen: 260768K->672K(261120K)] 405048K->144952K(762368K), 0.0035779 secs] [Times: user=0.01 sys=0.01, real=0.01 secs] 
2019-01-02T01:33:43.837+0900: 117070.364: [GC (Allocation Failure) [PSYoungGen: 260768K->672K(261120K)] 405048K->144952K(762368K), 0.0033914 secs] [Times: user=0.00 sys=0.01, real=0.00 secs] 
2019-01-02T01:34:48.740+0900: 117135.266: [GC (Allocation Failure) [PSYoungGen: 260768K->640K(261120K)] 405048K->144920K(762368K), 0.0035786 secs] [Times: user=0.01 sys=0.00, real=0.00 secs] 
2019-01-02T01:35:53.215+0900: 117199.741: [GC (Allocation Failure) [PSYoungGen: 260736K->704K(261120K)] 405016K->144984K(762368K), 0.0034229 secs] [Times: user=0.01 sys=0.00, real=0.00 secs] 
2019-01-02T01:36:58.057+0900: 117264.583: [GC (Allocation Failure) [PSYoungGen: 260800K->704K(261120K)] 405080K->144984K(762368K), 0.0029747 secs] [Times: user=0.01 sys=0.01, real=0.00 secs] 
2019-01-02T01:38:02.904+0900: 117329.430: [GC (Allocation Failure) [PSYoungGen: 260800K->704K(261120K)] 405080K->144992K(762368K), 0.0033969 secs] [Times: user=0.02 sys=0.00, real=0.00 secs] 
2019-01-02T01:39:07.775+0900: 117394.302: [GC (Allocation Failure) [PSYoungGen: 260800K->672K(261120K)] 405088K->144960K(762368K), 0.0035374 secs] [Times: user=0.00 sys=0.01, real=0.00 secs] 
2019-01-02T01:40:12.384+0900: 117458.910: [GC (Allocation Failure) [PSYoungGen: 260768K->704K(261120K)] 405056K->145000K(762368K), 0.0033536 secs] [Times: user=0.02 sys=0.00, real=0.00 secs] 
2019-01-02T01:41:16.953+0900: 117523.480: [GC (Allocation Failure) [PSYoungGen: 260800K->672K(261120K)] 405096K->144968K(762368K), 0.0031472 secs] [Times: user=0.00 sys=0.01, real=0.01 secs] 
2019-01-02T01:42:21.732+0900: 117588.259: [GC (Allocation Failure) [PSYoungGen: 260768K->704K(261120K)] 405064K->145000K(762368K), 0.0029848 secs] [Times: user=0.00 sys=0.02, real=0.01 secs] 
2019-01-02T01:43:26.479+0900: 117653.005: [GC (Allocation Failure) [PSYoungGen: 260800K->608K(261120K)] 405096K->144920K(762368K), 0.0036000 secs] [Times: user=0.00 sys=0.01, real=0.00 secs] 
2019-01-02T01:44:31.233+0900: 117717.760: [GC (Allocation Failure) [PSYoungGen: 260704K->672K(261120K)] 405016K->144984K(762368K), 0.0033833 secs] [Times: user=0.00 sys=0.01, real=0.01 secs] 
2019-01-02T01:45:35.803+0900: 117782.330: [GC (Allocation Failure) [PSYoungGen: 260768K->704K(261120K)] 405080K->145016K(762368K), 0.0031761 secs] [Times: user=0.01 sys=0.00, real=0.01 secs] 
2019-01-02T01:46:40.362+0900: 117846.889: [GC (Allocation Failure) [PSYoungGen: 260800K->672K(261120K)] 405112K->144984K(762368K), 0.0034578 secs] [Times: user=0.00 sys=0.02, real=0.01 secs] 
2019-01-02T01:47:44.979+0900: 117911.506: [GC (Allocation Failure) [PSYoungGen: 260768K->736K(261120K)] 405080K->145048K(762368K), 0.0032395 secs] [Times: user=0.00 sys=0.01, real=0.00 secs] 
2019-01-02T01:48:49.445+0900: 117975.972: [GC (Allocation Failure) [PSYoungGen: 260832K->640K(261120K)] 405144K->144992K(762368K), 0.0035770 secs] [Times: user=0.00 sys=0.01, real=0.00 secs] 
2019-01-02T01:49:53.933+0900: 118040.460: [GC (Allocation Failure) [PSYoungGen: 260736K->704K(261120K)] 405088K->145056K(762368K), 0.0037062 secs] [Times: user=0.01 sys=0.01, real=0.01 secs] 
2019-01-02T01:50:58.795+0900: 118105.322: [GC (Allocation Failure) [PSYoungGen: 260800K->704K(261120K)] 405152K->145104K(762368K), 0.0036272 secs] [Times: user=0.01 sys=0.01, real=0.00 secs] 
2019-01-02T01:52:03.457+0900: 118169.984: [GC (Allocation Failure) [PSYoungGen: 260800K->672K(261120K)] 405200K->145072K(762368K), 0.0033403 secs] [Times: user=0.00 sys=0.01, real=0.00 secs] 
2019-01-02T01:53:08.258+0900: 118234.785: [GC (Allocation Failure) [PSYoungGen: 260768K->736K(261120K)] 405168K->145136K(762368K), 0.0033996 secs] [Times: user=0.01 sys=0.00, real=0.00 secs] 
2019-01-02T01:54:12.736+0900: 118299.263: [GC (Allocation Failure) [PSYoungGen: 260832K->672K(261120K)] 405232K->145080K(762368K), 0.0029655 secs] [Times: user=0.02 sys=0.00, real=0.00 secs] 
2019-01-02T01:55:17.206+0900: 118363.733: [GC (Allocation Failure) [PSYoungGen: 260768K->704K(261120K)] 405176K->145112K(762368K), 0.0040158 secs] [Times: user=0.02 sys=0.00, real=0.00 secs] 
2019-01-02T01:56:21.927+0900: 118428.454: [GC (Allocation Failure) [PSYoungGen: 260800K->672K(261120K)] 405208K->145080K(762368K), 0.0029335 secs] [Times: user=0.01 sys=0.00, real=0.00 secs] 
2019-01-02T01:57:26.596+0900: 118493.123: [GC (Allocation Failure) [PSYoungGen: 260768K->640K(261120K)] 405176K->145048K(762368K), 0.0035953 secs] [Times: user=0.02 sys=0.00, real=0.00 secs] 
2019-01-02T01:58:31.345+0900: 118557.872: [GC (Allocation Failure) [PSYoungGen: 260736K->704K(261120K)] 405144K->145112K(762368K), 0.0033843 secs] [Times: user=0.02 sys=0.00, real=0.00 secs] 
2019-01-02T01:59:36.121+0900: 118622.648: [GC (Allocation Failure) [PSYoungGen: 260800K->672K(261120K)] 405208K->145080K(762368K), 0.0036510 secs] [Times: user=0.02 sys=0.00, real=0.01 secs] 
2019-01-02T02:00:41.017+0900: 118687.543: [GC (Allocation Failure) [PSYoungGen: 260768K->736K(261120K)] 405176K->145144K(762368K), 0.0033684 secs] [Times: user=0.00 sys=0.01, real=0.00 secs] 
2019-01-02T02:01:45.750+0900: 118752.277: [GC (Allocation Failure) [PSYoungGen: 260832K->704K(261120K)] 405240K->145120K(762368K), 0.0033785 secs] [Times: user=0.00 sys=0.01, real=0.01 secs] 
2019-01-02T02:02:50.355+0900: 118816.882: [GC (Allocation Failure) [PSYoungGen: 260800K->672K(261120K)] 405216K->145088K(762368K), 0.0034541 secs] [Times: user=0.02 sys=0.00, real=0.00 secs] 
2019-01-02T02:03:55.205+0900: 118881.732: [GC (Allocation Failure) [PSYoungGen: 260768K->672K(261120K)] 405184K->145088K(762368K), 0.0034009 secs] [Times: user=0.00 sys=0.01, real=0.00 secs] 
2019-01-02T02:04:59.603+0900: 118946.130: [GC (Allocation Failure) [PSYoungGen: 260768K->704K(261120K)] 405184K->145120K(762368K), 0.0034983 secs] [Times: user=0.01 sys=0.01, real=0.01 secs] 
2019-01-02T02:06:04.334+0900: 119010.861: [GC (Allocation Failure) [PSYoungGen: 260800K->672K(261120K)] 405216K->145088K(762368K), 0.0035295 secs] [Times: user=0.00 sys=0.01, real=0.00 secs] 
2019-01-02T02:07:09.265+0900: 119075.792: [GC (Allocation Failure) [PSYoungGen: 260768K->672K(261120K)] 405184K->145088K(762368K), 0.0035395 secs] [Times: user=0.00 sys=0.02, real=0.00 secs] 
2019-01-02T02:08:14.135+0900: 119140.662: [GC (Allocation Failure) [PSYoungGen: 260768K->672K(261120K)] 405184K->145088K(762368K), 0.0031374 secs] [Times: user=0.01 sys=0.00, real=0.00 secs] 
2019-01-02T02:09:18.836+0900: 119205.363: [GC (Allocation Failure) [PSYoungGen: 260768K->640K(261120K)] 405184K->145056K(762368K), 0.0035261 secs] [Times: user=0.00 sys=0.01, real=0.00 secs] 
2019-01-02T02:10:23.370+0900: 119269.897: [GC (Allocation Failure) [PSYoungGen: 260736K->672K(261120K)] 405152K->145088K(762368K), 0.0032535 secs] [Times: user=0.02 sys=0.00, real=0.01 secs] 
2019-01-02T02:11:28.136+0900: 119334.663: [GC (Allocation Failure) [PSYoungGen: 260768K->704K(261120K)] 405184K->145120K(762368K), 0.0034741 secs] [Times: user=0.02 sys=0.00, real=0.00 secs] 
2019-01-02T02:12:32.495+0900: 119399.021: [GC (Allocation Failure) [PSYoungGen: 260800K->704K(261120K)] 405216K->145120K(762368K), 0.0033129 secs] [Times: user=0.00 sys=0.01, real=0.00 secs] 
2019-01-02T02:13:37.205+0900: 119463.732: [GC (Allocation Failure) [PSYoungGen: 260800K->672K(261120K)] 405216K->145088K(762368K), 0.0030413 secs] [Times: user=0.02 sys=0.00, real=0.00 secs] 
2019-01-02T02:14:41.594+0900: 119528.121: [GC (Allocation Failure) [PSYoungGen: 260768K->640K(261120K)] 405184K->145056K(762368K), 0.0032471 secs] [Times: user=0.02 sys=0.00, real=0.00 secs] 
2019-01-02T02:15:46.566+0900: 119593.092: [GC (Allocation Failure) [PSYoungGen: 260736K->704K(261120K)] 405152K->145120K(762368K), 0.0031842 secs] [Times: user=0.02 sys=0.00, real=0.00 secs] 
2019-01-02T02:16:51.240+0900: 119657.766: [GC (Allocation Failure) [PSYoungGen: 260800K->672K(261120K)] 405216K->145088K(762368K), 0.0030554 secs] [Times: user=0.01 sys=0.00, real=0.00 secs] 
2019-01-02T02:17:55.668+0900: 119722.195: [GC (Allocation Failure) [PSYoungGen: 260768K->672K(261120K)] 405184K->145096K(762368K), 0.0030894 secs] [Times: user=0.02 sys=0.00, real=0.00 secs] 
2019-01-02T02:19:00.501+0900: 119787.028: [GC (Allocation Failure) [PSYoungGen: 260768K->672K(261120K)] 405192K->145136K(762368K), 0.0030359 secs] [Times: user=0.02 sys=0.00, real=0.01 secs] 
2019-01-02T02:20:05.287+0900: 119851.814: [GC (Allocation Failure) [PSYoungGen: 260768K->608K(261120K)] 405232K->145072K(762368K), 0.0030938 secs] [Times: user=0.01 sys=0.00, real=0.00 secs] 
2019-01-02T02:21:10.134+0900: 119916.661: [GC (Allocation Failure) [PSYoungGen: 260704K->704K(261120K)] 405168K->145208K(762368K), 0.0036837 secs] [Times: user=0.01 sys=0.01, real=0.00 secs] 
2019-01-02T02:22:14.995+0900: 119981.522: [GC (Allocation Failure) [PSYoungGen: 260800K->672K(261120K)] 405304K->145176K(762368K), 0.0033857 secs] [Times: user=0.01 sys=0.01, real=0.00 secs] 
2019-01-02T02:23:19.625+0900: 120046.151: [GC (Allocation Failure) [PSYoungGen: 260768K->704K(261120K)] 405272K->145208K(762368K), 0.0035370 secs] [Times: user=0.00 sys=0.02, real=0.00 secs] 
2019-01-02T02:24:24.216+0900: 120110.743: [GC (Allocation Failure) [PSYoungGen: 260800K->704K(261120K)] 405304K->145224K(762368K), 0.0035540 secs] [Times: user=0.02 sys=0.00, real=0.00 secs] 
2019-01-02T02:25:29.024+0900: 120175.551: [GC (Allocation Failure) [PSYoungGen: 260800K->640K(261120K)] 405320K->145168K(762368K), 0.0036881 secs] [Times: user=0.00 sys=0.01, real=0.00 secs] 
2019-01-02T02:26:33.932+0900: 120240.459: [GC (Allocation Failure) [PSYoungGen: 260736K->704K(261120K)] 405264K->145240K(762368K), 0.0037251 secs] [Times: user=0.01 sys=0.02, real=0.01 secs] 
2019-01-02T02:27:38.707+0900: 120305.234: [GC (Allocation Failure) [PSYoungGen: 260800K->704K(261120K)] 405336K->145240K(762368K), 0.0034227 secs] [Times: user=0.02 sys=0.00, real=0.00 secs] 
2019-01-02T02:28:43.126+0900: 120369.653: [GC (Allocation Failure) [PSYoungGen: 260800K->672K(261120K)] 405336K->145208K(762368K), 0.0034191 secs] [Times: user=0.02 sys=0.00, real=0.00 secs] 
2019-01-02T02:29:48.045+0900: 120434.572: [GC (Allocation Failure) [PSYoungGen: 260768K->672K(261120K)] 405304K->145208K(762368K), 0.0033775 secs] [Times: user=0.00 sys=0.01, real=0.00 secs] 
2019-01-02T02:30:52.901+0900: 120499.428: [GC (Allocation Failure) [PSYoungGen: 260768K->704K(261120K)] 405304K->145240K(762368K), 0.0034079 secs] [Times: user=0.00 sys=0.02, real=0.01 secs] 
2019-01-02T02:31:57.556+0900: 120564.083: [GC (Allocation Failure) [PSYoungGen: 260800K->736K(261120K)] 405336K->145272K(762368K), 0.0028713 secs] [Times: user=0.02 sys=0.00, real=0.00 secs] 
2019-01-02T02:33:02.373+0900: 120628.900: [GC (Allocation Failure) [PSYoungGen: 260832K->672K(261120K)] 405368K->145208K(762368K), 0.0032591 secs] [Times: user=0.02 sys=0.00, real=0.01 secs] 
2019-01-02T02:34:07.064+0900: 120693.591: [GC (Allocation Failure) [PSYoungGen: 260768K->672K(261120K)] 405304K->145208K(762368K), 0.0037262 secs] [Times: user=0.02 sys=0.00, real=0.00 secs] 
2019-01-02T02:35:12.015+0900: 120758.541: [GC (Allocation Failure) [PSYoungGen: 260768K->672K(261120K)] 405304K->145208K(762368K), 0.0031467 secs] [Times: user=0.00 sys=0.01, real=0.00 secs] 
2019-01-02T02:36:16.575+0900: 120823.102: [GC (Allocation Failure) [PSYoungGen: 260768K->736K(261120K)] 405304K->145272K(762368K), 0.0037562 secs] [Times: user=0.00 sys=0.01, real=0.00 secs] 
2019-01-02T02:37:21.198+0900: 120887.725: [GC (Allocation Failure) [PSYoungGen: 260832K->608K(261120K)] 405368K->145144K(762368K), 0.0033542 secs] [Times: user=0.02 sys=0.00, real=0.00 secs] 
2019-01-02T02:38:25.950+0900: 120952.477: [GC (Allocation Failure) [PSYoungGen: 260704K->672K(261120K)] 405240K->145208K(762368K), 0.0033650 secs] [Times: user=0.01 sys=0.01, real=0.00 secs] 
2019-01-02T02:39:30.555+0900: 121017.082: [GC (Allocation Failure) [PSYoungGen: 260768K->672K(261120K)] 405304K->145208K(762368K), 0.0034548 secs] [Times: user=0.02 sys=0.00, real=0.00 secs] 
2019-01-02T02:40:35.044+0900: 121081.571: [GC (Allocation Failure) [PSYoungGen: 260768K->672K(261120K)] 405304K->145208K(762368K), 0.0034460 secs] [Times: user=0.02 sys=0.00, real=0.00 secs] 
2019-01-02T02:41:39.858+0900: 121146.385: [GC (Allocation Failure) [PSYoungGen: 260768K->672K(261120K)] 405304K->145208K(762368K), 0.0037696 secs] [Times: user=0.02 sys=0.00, real=0.00 secs] 
2019-01-02T02:42:44.584+0900: 121211.111: [GC (Allocation Failure) [PSYoungGen: 260768K->672K(261120K)] 405304K->145208K(762368K), 0.0034423 secs] [Times: user=0.02 sys=0.00, real=0.00 secs] 
2019-01-02T02:43:49.326+0900: 121275.853: [GC (Allocation Failure) [PSYoungGen: 260768K->736K(261120K)] 405304K->145272K(762368K), 0.0034194 secs] [Times: user=0.02 sys=0.00, real=0.00 secs] 
2019-01-02T02:44:54.181+0900: 121340.707: [GC (Allocation Failure) [PSYoungGen: 260832K->640K(261120K)] 405368K->145176K(762368K), 0.0033940 secs] [Times: user=0.00 sys=0.01, real=0.01 secs] 
2019-01-02T02:45:58.892+0900: 121405.419: [GC (Allocation Failure) [PSYoungGen: 260736K->672K(261120K)] 405272K->145208K(762368K), 0.0033946 secs] [Times: user=0.01 sys=0.01, real=0.01 secs] 
2019-01-02T02:47:03.693+0900: 121470.220: [GC (Allocation Failure) [PSYoungGen: 260768K->640K(261120K)] 405304K->145184K(762368K), 0.0033385 secs] [Times: user=0.00 sys=0.02, real=0.01 secs] 
2019-01-02T02:48:08.467+0900: 121534.994: [GC (Allocation Failure) [PSYoungGen: 260736K->704K(261120K)] 405280K->145248K(762368K), 0.0032654 secs] [Times: user=0.01 sys=0.00, real=0.00 secs] 
2019-01-02T02:49:13.016+0900: 121599.542: [GC (Allocation Failure) [PSYoungGen: 260800K->672K(261120K)] 405344K->145272K(762368K), 0.0037398 secs] [Times: user=0.00 sys=0.01, real=0.00 secs] 
2019-01-02T02:50:17.872+0900: 121664.399: [GC (Allocation Failure) [PSYoungGen: 260768K->704K(261120K)] 405368K->145304K(762368K), 0.0033548 secs] [Times: user=0.02 sys=0.00, real=0.01 secs] 
2019-01-02T02:51:22.343+0900: 121728.869: [GC (Allocation Failure) [PSYoungGen: 260800K->608K(261120K)] 405400K->145240K(762368K), 0.0029269 secs] [Times: user=0.00 sys=0.02, real=0.01 secs] 
2019-01-02T02:52:26.824+0900: 121793.350: [GC (Allocation Failure) [PSYoungGen: 260704K->672K(261120K)] 405336K->145304K(762368K), 0.0031266 secs] [Times: user=0.00 sys=0.01, real=0.00 secs] 
2019-01-02T02:53:31.650+0900: 121858.177: [GC (Allocation Failure) [PSYoungGen: 260768K->704K(261120K)] 405400K->145336K(762368K), 0.0034632 secs] [Times: user=0.01 sys=0.00, real=0.00 secs] 
2019-01-02T02:54:36.365+0900: 121922.892: [GC (Allocation Failure) [PSYoungGen: 260800K->640K(261120K)] 405432K->145272K(762368K), 0.0036456 secs] [Times: user=0.01 sys=0.02, real=0.00 secs] 
2019-01-02T02:55:41.170+0900: 121987.696: [GC (Allocation Failure) [PSYoungGen: 260736K->704K(261120K)] 405368K->145336K(762368K), 0.0034373 secs] [Times: user=0.01 sys=0.02, real=0.00 secs] 
2019-01-02T02:56:46.030+0900: 122052.557: [GC (Allocation Failure) [PSYoungGen: 260800K->704K(261120K)] 405432K->145336K(762368K), 0.0036485 secs] [Times: user=0.02 sys=0.00, real=0.01 secs] 
2019-01-02T02:57:50.681+0900: 122117.208: [GC (Allocation Failure) [PSYoungGen: 260800K->736K(261120K)] 405432K->145368K(762368K), 0.0036436 secs] [Times: user=0.00 sys=0.02, real=0.01 secs] 
2019-01-02T02:58:55.282+0900: 122181.808: [GC (Allocation Failure) [PSYoungGen: 260832K->672K(261120K)] 405464K->145304K(762368K), 0.0033876 secs] [Times: user=0.01 sys=0.02, real=0.01 secs] 
2019-01-02T03:00:00.114+0900: 122246.641: [GC (Allocation Failure) [PSYoungGen: 260768K->640K(261120K)] 405400K->145272K(762368K), 0.0033698 secs] [Times: user=0.00 sys=0.02, real=0.00 secs] 
2019-01-02T03:01:04.898+0900: 122311.425: [GC (Allocation Failure) [PSYoungGen: 260736K->672K(261120K)] 405368K->145304K(762368K), 0.0029492 secs] [Times: user=0.01 sys=0.01, real=0.00 secs] 
2019-01-02T03:02:09.399+0900: 122375.926: [GC (Allocation Failure) [PSYoungGen: 260768K->704K(261120K)] 405400K->145344K(762368K), 0.0029072 secs] [Times: user=0.01 sys=0.01, real=0.00 secs] 
2019-01-02T03:03:13.943+0900: 122440.469: [GC (Allocation Failure) [PSYoungGen: 260800K->768K(261120K)] 405440K->145408K(762368K), 0.0034373 secs] [Times: user=0.02 sys=0.00, real=0.01 secs] 
2019-01-02T03:04:18.463+0900: 122504.989: [GC (Allocation Failure) [PSYoungGen: 260864K->704K(261120K)] 405504K->145344K(762368K), 0.0033694 secs] [Times: user=0.01 sys=0.01, real=0.01 secs] 
2019-01-02T03:05:23.429+0900: 122569.955: [GC (Allocation Failure) [PSYoungGen: 260800K->640K(261120K)] 405440K->145280K(762368K), 0.0034292 secs] [Times: user=0.01 sys=0.01, real=0.00 secs] 
2019-01-02T03:06:28.081+0900: 122634.608: [GC (Allocation Failure) [PSYoungGen: 260736K->672K(261120K)] 405376K->145312K(762368K), 0.0029498 secs] [Times: user=0.01 sys=0.01, real=0.01 secs] 
2019-01-02T03:07:32.573+0900: 122699.099: [GC (Allocation Failure) [PSYoungGen: 260768K->672K(261120K)] 405408K->145312K(762368K), 0.0030134 secs] [Times: user=0.00 sys=0.01, real=0.01 secs] 
2019-01-02T03:08:37.300+0900: 122763.827: [GC (Allocation Failure) [PSYoungGen: 260768K->672K(261120K)] 405408K->145312K(762368K), 0.0033872 secs] [Times: user=0.02 sys=0.00, real=0.01 secs] 
2019-01-02T03:09:41.867+0900: 122828.394: [GC (Allocation Failure) [PSYoungGen: 260768K->768K(261120K)] 405408K->145408K(762368K), 0.0031735 secs] [Times: user=0.00 sys=0.01, real=0.00 secs] 
2019-01-02T03:10:46.675+0900: 122893.201: [GC (Allocation Failure) [PSYoungGen: 260864K->672K(261120K)] 405504K->145312K(762368K), 0.0030573 secs] [Times: user=0.00 sys=0.01, real=0.00 secs] 
2019-01-02T03:11:51.516+0900: 122958.043: [GC (Allocation Failure) [PSYoungGen: 260768K->704K(261120K)] 405408K->145344K(762368K), 0.0035273 secs] [Times: user=0.02 sys=0.00, real=0.00 secs] 
2019-01-02T03:12:56.118+0900: 123022.645: [GC (Allocation Failure) [PSYoungGen: 260800K->704K(261120K)] 405440K->145344K(762368K), 0.0029403 secs] [Times: user=0.01 sys=0.02, real=0.00 secs] 
2019-01-02T03:14:00.685+0900: 123087.212: [GC (Allocation Failure) [PSYoungGen: 260800K->704K(261120K)] 405440K->145344K(762368K), 0.0032395 secs] [Times: user=0.00 sys=0.02, real=0.00 secs] 
2019-01-02T03:15:05.552+0900: 123152.079: [GC (Allocation Failure) [PSYoungGen: 260800K->736K(261120K)] 405440K->145376K(762368K), 0.0032399 secs] [Times: user=0.01 sys=0.00, real=0.01 secs] 
2019-01-02T03:16:10.376+0900: 123216.903: [GC (Allocation Failure) [PSYoungGen: 260832K->672K(261120K)] 405472K->145312K(762368K), 0.0034634 secs] [Times: user=0.00 sys=0.02, real=0.00 secs] 
2019-01-02T03:17:14.876+0900: 123281.403: [GC (Allocation Failure) [PSYoungGen: 260768K->736K(261120K)] 405408K->145376K(762368K), 0.0035633 secs] [Times: user=0.00 sys=0.01, real=0.00 secs] 
2019-01-02T03:18:19.385+0900: 123345.912: [GC (Allocation Failure) [PSYoungGen: 260832K->672K(261120K)] 405472K->145312K(762368K), 0.0035318 secs] [Times: user=0.01 sys=0.02, real=0.00 secs] 
2019-01-02T03:19:24.006+0900: 123410.533: [GC (Allocation Failure) [PSYoungGen: 260768K->704K(261120K)] 405408K->145376K(762368K), 0.0032105 secs] [Times: user=0.02 sys=0.00, real=0.00 secs] 
2019-01-02T03:20:28.740+0900: 123475.267: [GC (Allocation Failure) [PSYoungGen: 260800K->672K(261120K)] 405472K->145352K(762368K), 0.0033026 secs] [Times: user=0.00 sys=0.01, real=0.00 secs] 
2019-01-02T03:21:33.326+0900: 123539.852: [GC (Allocation Failure) [PSYoungGen: 260768K->672K(261120K)] 405448K->145408K(762368K), 0.0032721 secs] [Times: user=0.01 sys=0.00, real=0.00 secs] 
2019-01-02T03:22:37.700+0900: 123604.227: [GC (Allocation Failure) [PSYoungGen: 260768K->704K(261120K)] 405504K->145440K(762368K), 0.0029879 secs] [Times: user=0.00 sys=0.01, real=0.00 secs] 
2019-01-02T03:23:42.528+0900: 123669.054: [GC (Allocation Failure) [PSYoungGen: 260800K->672K(261120K)] 405536K->145416K(762368K), 0.0032668 secs] [Times: user=0.00 sys=0.01, real=0.00 secs] 
2019-01-02T03:24:47.216+0900: 123733.743: [GC (Allocation Failure) [PSYoungGen: 260768K->704K(261120K)] 405512K->145456K(762368K), 0.0034425 secs] [Times: user=0.00 sys=0.01, real=0.00 secs] 
2019-01-02T03:25:51.788+0900: 123798.314: [GC (Allocation Failure) [PSYoungGen: 260800K->640K(261120K)] 405552K->145400K(762368K), 0.0035969 secs] [Times: user=0.02 sys=0.00, real=0.00 secs] 
2019-01-02T03:26:56.570+0900: 123863.097: [GC (Allocation Failure) [PSYoungGen: 260736K->640K(261120K)] 405496K->145400K(762368K), 0.0029220 secs] [Times: user=0.02 sys=0.00, real=0.00 secs] 
2019-01-02T03:28:01.369+0900: 123927.896: [GC (Allocation Failure) [PSYoungGen: 260736K->608K(261120K)] 405496K->145368K(762368K), 0.0036387 secs] [Times: user=0.01 sys=0.01, real=0.00 secs] 
2019-01-02T03:29:06.076+0900: 123992.602: [GC (Allocation Failure) [PSYoungGen: 260704K->672K(261120K)] 405464K->145440K(762368K), 0.0035823 secs] [Times: user=0.02 sys=0.00, real=0.00 secs] 
2019-01-02T03:30:10.896+0900: 124057.423: [GC (Allocation Failure) [PSYoungGen: 260768K->640K(261120K)] 405536K->145408K(762368K), 0.0034863 secs] [Times: user=0.00 sys=0.01, real=0.00 secs] 
2019-01-02T03:31:15.583+0900: 124122.109: [GC (Allocation Failure) [PSYoungGen: 260736K->672K(261120K)] 405504K->145440K(762368K), 0.0034103 secs] [Times: user=0.00 sys=0.01, real=0.01 secs] 
2019-01-02T03:32:20.386+0900: 124186.912: [GC (Allocation Failure) [PSYoungGen: 260768K->640K(261120K)] 405536K->145408K(762368K), 0.0034632 secs] [Times: user=0.01 sys=0.01, real=0.00 secs] 
2019-01-02T03:33:25.089+0900: 124251.615: [GC (Allocation Failure) [PSYoungGen: 260736K->736K(261120K)] 405504K->145504K(762368K), 0.0029255 secs] [Times: user=0.00 sys=0.02, real=0.00 secs] 
2019-01-02T03:34:29.813+0900: 124316.340: [GC (Allocation Failure) [PSYoungGen: 260832K->672K(261120K)] 405600K->145440K(762368K), 0.0032250 secs] [Times: user=0.02 sys=0.00, real=0.01 secs] 
2019-01-02T03:35:34.602+0900: 124381.129: [GC (Allocation Failure) [PSYoungGen: 260768K->672K(261120K)] 405536K->145440K(762368K), 0.0035547 secs] [Times: user=0.01 sys=0.02, real=0.01 secs] 
2019-01-02T03:36:39.122+0900: 124445.649: [GC (Allocation Failure) [PSYoungGen: 260768K->608K(261120K)] 405536K->145384K(762368K), 0.0029490 secs] [Times: user=0.01 sys=0.02, real=0.01 secs] 
2019-01-02T03:37:43.978+0900: 124510.505: [GC (Allocation Failure) [PSYoungGen: 260704K->672K(261120K)] 405480K->145448K(762368K), 0.0034465 secs] [Times: user=0.01 sys=0.00, real=0.00 secs] 
2019-01-02T03:38:48.628+0900: 124575.155: [GC (Allocation Failure) [PSYoungGen: 260768K->672K(261120K)] 405544K->145448K(762368K), 0.0030070 secs] [Times: user=0.00 sys=0.01, real=0.00 secs] 
2019-01-02T03:39:53.057+0900: 124639.584: [GC (Allocation Failure) [PSYoungGen: 260768K->704K(261120K)] 405544K->145480K(762368K), 0.0033803 secs] [Times: user=0.00 sys=0.01, real=0.00 secs] 
2019-01-02T03:40:57.869+0900: 124704.396: [GC (Allocation Failure) [PSYoungGen: 260800K->736K(261120K)] 405576K->145512K(762368K), 0.0033020 secs] [Times: user=0.01 sys=0.01, real=0.00 secs] 
2019-01-02T03:42:02.645+0900: 124769.172: [GC (Allocation Failure) [PSYoungGen: 260832K->704K(261120K)] 405608K->145480K(762368K), 0.0036087 secs] [Times: user=0.00 sys=0.02, real=0.00 secs] 
2019-01-02T03:43:07.248+0900: 124833.775: [GC (Allocation Failure) [PSYoungGen: 260800K->672K(261120K)] 405576K->145456K(762368K), 0.0033883 secs] [Times: user=0.00 sys=0.02, real=0.00 secs] 
2019-01-02T03:44:11.631+0900: 124898.158: [GC (Allocation Failure) [PSYoungGen: 260768K->704K(261120K)] 405552K->145488K(762368K), 0.0030070 secs] [Times: user=0.02 sys=0.00, real=0.01 secs] 
2019-01-02T03:45:16.358+0900: 124962.884: [GC (Allocation Failure) [PSYoungGen: 260800K->704K(261120K)] 405584K->145488K(762368K), 0.0033283 secs] [Times: user=0.02 sys=0.00, real=0.00 secs] 
2019-01-02T03:46:21.143+0900: 125027.669: [GC (Allocation Failure) [PSYoungGen: 260800K->672K(261120K)] 405584K->145456K(762368K), 0.0062672 secs] [Times: user=0.01 sys=0.03, real=0.01 secs] 
2019-01-02T03:47:26.022+0900: 125092.549: [GC (Allocation Failure) [PSYoungGen: 260768K->672K(261120K)] 405552K->145456K(762368K), 0.0034455 secs] [Times: user=0.01 sys=0.02, real=0.01 secs] 
2019-01-02T03:48:30.874+0900: 125157.401: [GC (Allocation Failure) [PSYoungGen: 260768K->704K(261120K)] 405552K->145488K(762368K), 0.0031720 secs] [Times: user=0.01 sys=0.01, real=0.00 secs] 
2019-01-02T03:49:35.761+0900: 125222.287: [GC (Allocation Failure) [PSYoungGen: 260800K->672K(261120K)] 405584K->145504K(762368K), 0.0035830 secs] [Times: user=0.00 sys=0.01, real=0.01 secs] 
2019-01-02T03:50:40.315+0900: 125286.842: [GC (Allocation Failure) [PSYoungGen: 260768K->640K(261120K)] 405600K->145488K(762368K), 0.0034055 secs] [Times: user=0.02 sys=0.00, real=0.00 secs] 
2019-01-02T03:51:44.911+0900: 125351.438: [GC (Allocation Failure) [PSYoungGen: 260736K->704K(261120K)] 405584K->145552K(762368K), 0.0034438 secs] [Times: user=0.00 sys=0.01, real=0.01 secs] 
2019-01-02T03:52:49.667+0900: 125416.194: [GC (Allocation Failure) [PSYoungGen: 260800K->672K(261120K)] 405648K->145520K(762368K), 0.0033806 secs] [Times: user=0.01 sys=0.01, real=0.00 secs] 
2019-01-02T03:53:54.486+0900: 125481.013: [GC (Allocation Failure) [PSYoungGen: 260768K->672K(261120K)] 405616K->145536K(762368K), 0.0036062 secs] [Times: user=0.00 sys=0.01, real=0.00 secs] 
2019-01-02T03:54:59.336+0900: 125545.862: [GC (Allocation Failure) [PSYoungGen: 260768K->608K(261120K)] 405632K->145512K(762368K), 0.0031645 secs] [Times: user=0.01 sys=0.01, real=0.00 secs] 
2019-01-02T03:56:04.214+0900: 125610.740: [GC (Allocation Failure) [PSYoungGen: 260704K->704K(261120K)] 405608K->145608K(762368K), 0.0030517 secs] [Times: user=0.01 sys=0.02, real=0.00 secs] 
2019-01-02T03:57:09.011+0900: 125675.538: [GC (Allocation Failure) [PSYoungGen: 260800K->704K(261120K)] 405704K->145616K(762368K), 0.0030507 secs] [Times: user=0.02 sys=0.00, real=0.01 secs] 
2019-01-02T03:58:13.572+0900: 125740.099: [GC (Allocation Failure) [PSYoungGen: 260800K->640K(261120K)] 405712K->145552K(762368K), 0.0033101 secs] [Times: user=0.02 sys=0.00, real=0.01 secs] 
2019-01-02T03:59:18.208+0900: 125804.735: [GC (Allocation Failure) [PSYoungGen: 260736K->672K(261120K)] 405648K->145584K(762368K), 0.0031665 secs] [Times: user=0.00 sys=0.01, real=0.00 secs] 
2019-01-02T04:00:22.877+0900: 125869.403: [GC (Allocation Failure) [PSYoungGen: 260768K->672K(261120K)] 405680K->145592K(762368K), 0.0033472 secs] [Times: user=0.01 sys=0.02, real=0.00 secs] 
2019-01-02T04:01:27.343+0900: 125933.870: [GC (Allocation Failure) [PSYoungGen: 260768K->672K(261120K)] 405688K->145592K(762368K), 0.0033817 secs] [Times: user=0.00 sys=0.01, real=0.01 secs] 
2019-01-02T04:02:31.961+0900: 125998.488: [GC (Allocation Failure) [PSYoungGen: 260768K->704K(261120K)] 405688K->145624K(762368K), 0.0032498 secs] [Times: user=0.00 sys=0.01, real=0.01 secs] 
2019-01-02T04:03:36.640+0900: 126063.167: [GC (Allocation Failure) [PSYoungGen: 260800K->672K(261120K)] 405720K->145592K(762368K), 0.0033242 secs] [Times: user=0.00 sys=0.02, real=0.00 secs] 
2019-01-02T04:04:41.471+0900: 126127.998: [GC (Allocation Failure) [PSYoungGen: 260768K->672K(261120K)] 405688K->145592K(762368K), 0.0034013 secs] [Times: user=0.00 sys=0.01, real=0.01 secs] 
2019-01-02T04:05:45.831+0900: 126192.357: [GC (Allocation Failure) [PSYoungGen: 260768K->704K(261120K)] 405688K->145624K(762368K), 0.0034034 secs] [Times: user=0.00 sys=0.02, real=0.01 secs] 
2019-01-02T04:06:50.277+0900: 126256.803: [GC (Allocation Failure) [PSYoungGen: 260800K->672K(261120K)] 405720K->145592K(762368K), 0.0032228 secs] [Times: user=0.02 sys=0.00, real=0.00 secs] 
2019-01-02T04:07:55.084+0900: 126321.611: [GC (Allocation Failure) [PSYoungGen: 260768K->640K(261120K)] 405688K->145568K(762368K), 0.0035752 secs] [Times: user=0.01 sys=0.00, real=0.00 secs] 
2019-01-02T04:08:59.852+0900: 126386.379: [GC (Allocation Failure) [PSYoungGen: 260736K->672K(261120K)] 405664K->145600K(762368K), 0.0030782 secs] [Times: user=0.02 sys=0.00, real=0.01 secs] 
2019-01-02T04:10:04.619+0900: 126451.146: [GC (Allocation Failure) [PSYoungGen: 260768K->640K(261120K)] 405696K->145568K(762368K), 0.0033421 secs] [Times: user=0.02 sys=0.00, real=0.00 secs] 
2019-01-02T04:11:09.322+0900: 126515.848: [GC (Allocation Failure) [PSYoungGen: 260736K->640K(261120K)] 405664K->145568K(762368K), 0.0035077 secs] [Times: user=0.01 sys=0.01, real=0.01 secs] 
2019-01-02T04:12:14.114+0900: 126580.640: [GC (Allocation Failure) [PSYoungGen: 260736K->672K(261120K)] 405664K->145600K(762368K), 0.0035200 secs] [Times: user=0.02 sys=0.00, real=0.01 secs] 
2019-01-02T04:13:18.920+0900: 126645.446: [GC (Allocation Failure) [PSYoungGen: 260768K->672K(261120K)] 405696K->145600K(762368K), 0.0034240 secs] [Times: user=0.00 sys=0.01, real=0.00 secs] 
2019-01-02T04:14:23.727+0900: 126710.254: [GC (Allocation Failure) [PSYoungGen: 260768K->672K(261120K)] 405696K->145600K(762368K), 0.0032492 secs] [Times: user=0.00 sys=0.02, real=0.00 secs] 
2019-01-02T04:15:28.286+0900: 126774.812: [GC (Allocation Failure) [PSYoungGen: 260768K->672K(261120K)] 405696K->145600K(762368K), 0.0036256 secs] [Times: user=0.01 sys=0.02, real=0.00 secs] 
2019-01-02T04:16:32.699+0900: 126839.226: [GC (Allocation Failure) [PSYoungGen: 260768K->672K(261120K)] 405696K->145600K(762368K), 0.0034546 secs] [Times: user=0.00 sys=0.02, real=0.00 secs] 
2019-01-02T04:17:37.541+0900: 126904.068: [GC (Allocation Failure) [PSYoungGen: 260768K->704K(261120K)] 405696K->145632K(762368K), 0.0032621 secs] [Times: user=0.01 sys=0.01, real=0.01 secs] 
2019-01-02T04:18:42.300+0900: 126968.827: [GC (Allocation Failure) [PSYoungGen: 260800K->640K(261120K)] 405728K->145608K(762368K), 0.0032397 secs] [Times: user=0.00 sys=0.01, real=0.00 secs] 
2019-01-02T04:19:47.047+0900: 127033.574: [GC (Allocation Failure) [PSYoungGen: 260736K->640K(261120K)] 405704K->145640K(762368K), 0.0035182 secs] [Times: user=0.00 sys=0.02, real=0.00 secs] 
2019-01-02T04:20:51.796+0900: 127098.323: [GC (Allocation Failure) [PSYoungGen: 260736K->640K(261120K)] 405736K->145704K(762368K), 0.0032825 secs] [Times: user=0.02 sys=0.00, real=0.00 secs] 
2019-01-02T04:21:56.482+0900: 127163.009: [GC (Allocation Failure) [PSYoungGen: 260736K->672K(261120K)] 405800K->145744K(762368K), 0.0034876 secs] [Times: user=0.00 sys=0.01, real=0.01 secs] 
2019-01-02T04:23:00.978+0900: 127227.505: [GC (Allocation Failure) [PSYoungGen: 260768K->672K(261120K)] 405840K->145744K(762368K), 0.0032185 secs] [Times: user=0.01 sys=0.01, real=0.00 secs] 
2019-01-02T04:24:05.703+0900: 127292.229: [GC (Allocation Failure) [PSYoungGen: 260768K->672K(261120K)] 405840K->145744K(762368K), 0.0035933 secs] [Times: user=0.00 sys=0.01, real=0.01 secs] 
2019-01-02T04:25:10.311+0900: 127356.838: [GC (Allocation Failure) [PSYoungGen: 260768K->640K(261120K)] 405840K->145712K(762368K), 0.0033518 secs] [Times: user=0.02 sys=0.00, real=0.01 secs] 
2019-01-02T04:26:14.852+0900: 127421.378: [GC (Allocation Failure) [PSYoungGen: 260736K->704K(261120K)] 405808K->145776K(762368K), 0.0037708 secs] [Times: user=0.00 sys=0.01, real=0.01 secs] 
2019-01-02T04:27:19.709+0900: 127486.236: [GC (Allocation Failure) [PSYoungGen: 260800K->704K(261120K)] 405872K->145776K(762368K), 0.0035248 secs] [Times: user=0.02 sys=0.00, real=0.00 secs] 
2019-01-02T04:28:24.238+0900: 127550.765: [GC (Allocation Failure) [PSYoungGen: 260800K->672K(261120K)] 405872K->145760K(762368K), 0.0035316 secs] [Times: user=0.01 sys=0.02, real=0.00 secs] 
2019-01-02T04:29:28.734+0900: 127615.261: [GC (Allocation Failure) [PSYoungGen: 260768K->672K(261120K)] 405856K->145760K(762368K), 0.0033302 secs] [Times: user=0.00 sys=0.01, real=0.00 secs] 
2019-01-02T04:30:33.604+0900: 127680.131: [GC (Allocation Failure) [PSYoungGen: 260768K->608K(261120K)] 405856K->145696K(762368K), 0.0033173 secs] [Times: user=0.00 sys=0.01, real=0.00 secs] 
2019-01-02T04:31:38.286+0900: 127744.813: [GC (Allocation Failure) [PSYoungGen: 260704K->640K(261120K)] 405792K->145728K(762368K), 0.0034618 secs] [Times: user=0.01 sys=0.01, real=0.00 secs] 
2019-01-02T04:32:43.111+0900: 127809.637: [GC (Allocation Failure) [PSYoungGen: 260736K->672K(261120K)] 405824K->145760K(762368K), 0.0033717 secs] [Times: user=0.00 sys=0.01, real=0.01 secs] 
2019-01-02T04:33:47.637+0900: 127874.164: [GC (Allocation Failure) [PSYoungGen: 260768K->672K(261120K)] 405856K->145760K(762368K), 0.0032943 secs] [Times: user=0.01 sys=0.01, real=0.00 secs] 
2019-01-02T04:34:52.586+0900: 127939.112: [GC (Allocation Failure) [PSYoungGen: 260768K->672K(261120K)] 405856K->145760K(762368K), 0.0033343 secs] [Times: user=0.01 sys=0.02, real=0.00 secs] 
2019-01-02T04:35:57.077+0900: 128003.604: [GC (Allocation Failure) [PSYoungGen: 260768K->672K(261120K)] 405856K->145760K(762368K), 0.0035515 secs] [Times: user=0.01 sys=0.00, real=0.00 secs] 
2019-01-02T04:37:01.570+0900: 128068.096: [GC (Allocation Failure) [PSYoungGen: 260768K->640K(261120K)] 405856K->145728K(762368K), 0.0033342 secs] [Times: user=0.00 sys=0.02, real=0.00 secs] 
2019-01-02T04:38:06.375+0900: 128132.902: [GC (Allocation Failure) [PSYoungGen: 260736K->672K(261120K)] 405824K->145760K(762368K), 0.0031993 secs] [Times: user=0.02 sys=0.00, real=0.00 secs] 
2019-01-02T04:39:11.263+0900: 128197.789: [GC (Allocation Failure) [PSYoungGen: 260768K->640K(261120K)] 405856K->145728K(762368K), 0.0031125 secs] [Times: user=0.00 sys=0.01, real=0.01 secs] 
2019-01-02T04:40:16.131+0900: 128262.658: [GC (Allocation Failure) [PSYoungGen: 260736K->704K(261120K)] 405824K->145800K(762368K), 0.0035213 secs] [Times: user=0.00 sys=0.02, real=0.01 secs] 
2019-01-02T04:41:21.010+0900: 128327.537: [GC (Allocation Failure) [PSYoungGen: 260800K->672K(261120K)] 405896K->145768K(762368K), 0.0032624 secs] [Times: user=0.01 sys=0.02, real=0.00 secs] 
2019-01-02T04:42:25.658+0900: 128392.184: [GC (Allocation Failure) [PSYoungGen: 260768K->672K(261120K)] 405864K->145776K(762368K), 0.0034522 secs] [Times: user=0.02 sys=0.00, real=0.00 secs] 
2019-01-02T04:43:30.111+0900: 128456.638: [GC (Allocation Failure) [PSYoungGen: 260768K->672K(261120K)] 405872K->145776K(762368K), 0.0033555 secs] [Times: user=0.00 sys=0.01, real=0.01 secs] 
2019-01-02T04:44:34.892+0900: 128521.419: [GC (Allocation Failure) [PSYoungGen: 260768K->640K(261120K)] 405872K->145744K(762368K), 0.0032998 secs] [Times: user=0.00 sys=0.01, real=0.01 secs] 
2019-01-02T04:45:39.748+0900: 128586.275: [GC (Allocation Failure) [PSYoungGen: 260736K->608K(261120K)] 405840K->145712K(762368K), 0.0034535 secs] [Times: user=0.00 sys=0.02, real=0.00 secs] 
2019-01-02T04:46:44.398+0900: 128650.925: [GC (Allocation Failure) [PSYoungGen: 260704K->704K(261120K)] 405808K->145808K(762368K), 0.0035998 secs] [Times: user=0.00 sys=0.01, real=0.00 secs] 
2019-01-02T04:47:48.862+0900: 128715.388: [GC (Allocation Failure) [PSYoungGen: 260800K->672K(261120K)] 405904K->145776K(762368K), 0.0031777 secs] [Times: user=0.00 sys=0.01, real=0.01 secs] 
2019-01-02T04:48:53.719+0900: 128780.245: [GC (Allocation Failure) [PSYoungGen: 260768K->736K(261120K)] 405872K->145864K(762368K), 0.0031786 secs] [Times: user=0.00 sys=0.02, real=0.00 secs] 
2019-01-02T04:49:58.550+0900: 128845.076: [GC (Allocation Failure) [PSYoungGen: 260832K->704K(261120K)] 405960K->145832K(762368K), 0.0035460 secs] [Times: user=0.01 sys=0.01, real=0.00 secs] 
2019-01-02T04:51:03.404+0900: 128909.930: [GC (Allocation Failure) [PSYoungGen: 260800K->704K(261120K)] 405928K->145880K(762368K), 0.0029171 secs] [Times: user=0.01 sys=0.01, real=0.01 secs] 
2019-01-02T04:52:08.119+0900: 128974.645: [GC (Allocation Failure) [PSYoungGen: 260800K->576K(261120K)] 405976K->145760K(762368K), 0.0033170 secs] [Times: user=0.00 sys=0.01, real=0.00 secs] 
2019-01-02T04:53:12.677+0900: 129039.204: [GC (Allocation Failure) [PSYoungGen: 260672K->672K(261120K)] 405856K->145856K(762368K), 0.0032591 secs] [Times: user=0.01 sys=0.00, real=0.00 secs] 
2019-01-02T04:54:17.218+0900: 129103.745: [GC (Allocation Failure) [PSYoungGen: 260768K->672K(261120K)] 405952K->145856K(762368K), 0.0035592 secs] [Times: user=0.00 sys=0.02, real=0.00 secs] 
2019-01-02T04:55:21.706+0900: 129168.232: [GC (Allocation Failure) [PSYoungGen: 260768K->736K(261120K)] 405952K->145928K(762368K), 0.0035049 secs] [Times: user=0.00 sys=0.02, real=0.00 secs] 
2019-01-02T04:56:26.656+0900: 129233.182: [GC (Allocation Failure) [PSYoungGen: 260832K->704K(261120K)] 406024K->145896K(762368K), 0.0032093 secs] [Times: user=0.00 sys=0.01, real=0.00 secs] 
2019-01-02T04:57:31.448+0900: 129297.975: [GC (Allocation Failure) [PSYoungGen: 260800K->640K(261120K)] 405992K->145832K(762368K), 0.0034852 secs] [Times: user=0.01 sys=0.01, real=0.00 secs] 
2019-01-02T04:58:36.242+0900: 129362.769: [GC (Allocation Failure) [PSYoungGen: 260736K->672K(261120K)] 405928K->145864K(762368K), 0.0036575 secs] [Times: user=0.00 sys=0.01, real=0.01 secs] 
2019-01-02T04:59:41.046+0900: 129427.573: [GC (Allocation Failure) [PSYoungGen: 260768K->640K(261120K)] 405960K->145832K(762368K), 0.0036048 secs] [Times: user=0.01 sys=0.02, real=0.00 secs] 
2019-01-02T05:00:45.747+0900: 129492.274: [GC (Allocation Failure) [PSYoungGen: 260736K->736K(261120K)] 405928K->145928K(762368K), 0.0035968 secs] [Times: user=0.01 sys=0.01, real=0.00 secs] 
2019-01-02T05:01:50.494+0900: 129557.021: [GC (Allocation Failure) [PSYoungGen: 260832K->704K(261120K)] 406024K->145896K(762368K), 0.0036226 secs] [Times: user=0.00 sys=0.01, real=0.00 secs] 
2019-01-02T05:02:55.370+0900: 129621.896: [GC (Allocation Failure) [PSYoungGen: 260800K->736K(261120K)] 405992K->145936K(762368K), 0.0032095 secs] [Times: user=0.01 sys=0.02, real=0.00 secs] 
2019-01-02T05:04:00.244+0900: 129686.771: [GC (Allocation Failure) [PSYoungGen: 260832K->672K(261120K)] 406032K->145872K(762368K), 0.0034368 secs] [Times: user=0.00 sys=0.02, real=0.00 secs] 
2019-01-02T05:05:04.810+0900: 129751.336: [GC (Allocation Failure) [PSYoungGen: 260768K->672K(261120K)] 405968K->145880K(762368K), 0.0032852 secs] [Times: user=0.00 sys=0.01, real=0.00 secs] 
2019-01-02T05:06:09.458+0900: 129815.985: [GC (Allocation Failure) [PSYoungGen: 260768K->672K(261120K)] 405976K->145880K(762368K), 0.0034098 secs] [Times: user=0.01 sys=0.01, real=0.00 secs] 
2019-01-02T05:07:14.249+0900: 129880.776: [GC (Allocation Failure) [PSYoungGen: 260768K->672K(261120K)] 405976K->145880K(762368K), 0.0029989 secs] [Times: user=0.00 sys=0.02, real=0.00 secs] 
2019-01-02T05:08:18.868+0900: 129945.394: [GC (Allocation Failure) [PSYoungGen: 260768K->704K(261120K)] 405976K->145912K(762368K), 0.0031375 secs] [Times: user=0.01 sys=0.02, real=0.00 secs] 
2019-01-02T05:09:23.306+0900: 130009.832: [GC (Allocation Failure) [PSYoungGen: 260800K->672K(261120K)] 406008K->145880K(762368K), 0.0034571 secs] [Times: user=0.01 sys=0.02, real=0.00 secs] 
2019-01-02T05:10:28.064+0900: 130074.590: [GC (Allocation Failure) [PSYoungGen: 260768K->672K(261120K)] 405976K->145896K(762368K), 0.0033545 secs] [Times: user=0.01 sys=0.01, real=0.00 secs] 
2019-01-02T05:11:32.864+0900: 130139.391: [GC (Allocation Failure) [PSYoungGen: 260768K->672K(261120K)] 405992K->145896K(762368K), 0.0033555 secs] [Times: user=0.00 sys=0.02, real=0.00 secs] 
2019-01-02T05:12:37.568+0900: 130204.095: [GC (Allocation Failure) [PSYoungGen: 260768K->736K(261120K)] 405992K->145960K(762368K), 0.0029959 secs] [Times: user=0.01 sys=0.01, real=0.00 secs] 
2019-01-02T05:13:42.086+0900: 130268.613: [GC (Allocation Failure) [PSYoungGen: 260832K->672K(261120K)] 406056K->145896K(762368K), 0.0033031 secs] [Times: user=0.01 sys=0.01, real=0.00 secs] 
2019-01-02T05:14:46.896+0900: 130333.422: [GC (Allocation Failure) [PSYoungGen: 260768K->640K(261120K)] 405992K->145864K(762368K), 0.0035359 secs] [Times: user=0.00 sys=0.02, real=0.00 secs] 
2019-01-02T05:15:51.780+0900: 130398.307: [GC (Allocation Failure) [PSYoungGen: 260736K->672K(261120K)] 405960K->145896K(762368K), 0.0033513 secs] [Times: user=0.02 sys=0.00, real=0.00 secs] 
2019-01-02T05:16:56.392+0900: 130462.919: [GC (Allocation Failure) [PSYoungGen: 260768K->736K(261120K)] 405992K->145960K(762368K), 0.0036591 secs] [Times: user=0.00 sys=0.01, real=0.01 secs] 
2019-01-02T05:18:00.855+0900: 130527.382: [GC (Allocation Failure) [PSYoungGen: 260832K->672K(261120K)] 406056K->145896K(762368K), 0.0034012 secs] [Times: user=0.00 sys=0.02, real=0.00 secs] 
2019-01-02T05:19:05.401+0900: 130591.928: [GC (Allocation Failure) [PSYoungGen: 260768K->640K(261120K)] 405992K->145896K(762368K), 0.0034119 secs] [Times: user=0.01 sys=0.01, real=0.01 secs] 
2019-01-02T05:20:10.048+0900: 130656.574: [GC (Allocation Failure) [PSYoungGen: 260736K->672K(261120K)] 405992K->145928K(762368K), 0.0029245 secs] [Times: user=0.00 sys=0.01, real=0.00 secs] 
2019-01-02T05:21:14.615+0900: 130721.142: [GC (Allocation Failure) [PSYoungGen: 260768K->640K(261120K)] 406024K->145936K(762368K), 0.0036411 secs] [Times: user=0.02 sys=0.00, real=0.00 secs] 
2019-01-02T05:22:19.246+0900: 130785.772: [GC (Allocation Failure) [PSYoungGen: 260736K->672K(261120K)] 406032K->145968K(762368K), 0.0035073 secs] [Times: user=0.01 sys=0.01, real=0.00 secs] 
2019-01-02T05:23:24.102+0900: 130850.629: [GC (Allocation Failure) [PSYoungGen: 260768K->640K(261120K)] 406064K->145936K(762368K), 0.0036180 secs] [Times: user=0.00 sys=0.02, real=0.01 secs] 
2019-01-02T05:24:28.886+0900: 130915.413: [GC (Allocation Failure) [PSYoungGen: 260736K->672K(261120K)] 406032K->145968K(762368K), 0.0034968 secs] [Times: user=0.00 sys=0.02, real=0.00 secs] 
2019-01-02T05:25:33.614+0900: 130980.141: [GC (Allocation Failure) [PSYoungGen: 260768K->672K(261120K)] 406064K->146016K(762368K), 0.0034292 secs] [Times: user=0.00 sys=0.01, real=0.00 secs] 
2019-01-02T05:26:38.129+0900: 131044.656: [GC (Allocation Failure) [PSYoungGen: 260768K->672K(261120K)] 406112K->146016K(762368K), 0.0033230 secs] [Times: user=0.01 sys=0.02, real=0.00 secs] 
2019-01-02T05:27:42.952+0900: 131109.479: [GC (Allocation Failure) [PSYoungGen: 260768K->672K(261120K)] 406112K->146016K(762368K), 0.0033853 secs] [Times: user=0.00 sys=0.01, real=0.01 secs] 
2019-01-02T05:28:47.759+0900: 131174.286: [GC (Allocation Failure) [PSYoungGen: 260768K->640K(261120K)] 406112K->145984K(762368K), 0.0035051 secs] [Times: user=0.00 sys=0.02, real=0.00 secs] 
2019-01-02T05:29:52.320+0900: 131238.847: [GC (Allocation Failure) [PSYoungGen: 260736K->640K(261120K)] 406080K->145984K(762368K), 0.0033803 secs] [Times: user=0.00 sys=0.02, real=0.01 secs] 
2019-01-02T05:30:56.939+0900: 131303.466: [GC (Allocation Failure) [PSYoungGen: 260736K->672K(261120K)] 406080K->146016K(762368K), 0.0039576 secs] [Times: user=0.01 sys=0.02, real=0.00 secs] 
2019-01-02T05:32:01.521+0900: 131368.048: [GC (Allocation Failure) [PSYoungGen: 260768K->640K(261120K)] 406112K->145984K(762368K), 0.0030774 secs] [Times: user=0.01 sys=0.01, real=0.01 secs] 
2019-01-02T05:33:06.364+0900: 131432.891: [GC (Allocation Failure) [PSYoungGen: 260736K->640K(261120K)] 406080K->145992K(762368K), 0.0034623 secs] [Times: user=0.01 sys=0.01, real=0.00 secs] 
2019-01-02T05:34:11.135+0900: 131497.662: [GC (Allocation Failure) [PSYoungGen: 260736K->672K(261120K)] 406088K->146024K(762368K), 0.0033964 secs] [Times: user=0.00 sys=0.01, real=0.00 secs] 
2019-01-02T05:35:15.986+0900: 131562.513: [GC (Allocation Failure) [PSYoungGen: 260768K->704K(261120K)] 406120K->146056K(762368K), 0.0030036 secs] [Times: user=0.00 sys=0.01, real=0.00 secs] 
2019-01-02T05:36:20.341+0900: 131626.867: [GC (Allocation Failure) [PSYoungGen: 260800K->704K(261120K)] 406152K->146064K(762368K), 0.0031933 secs] [Times: user=0.00 sys=0.01, real=0.01 secs] 
2019-01-02T05:37:24.861+0900: 131691.388: [GC (Allocation Failure) [PSYoungGen: 260800K->672K(261120K)] 406160K->146032K(762368K), 0.0034637 secs] [Times: user=0.00 sys=0.02, real=0.01 secs] 
2019-01-02T05:38:29.648+0900: 131756.174: [GC (Allocation Failure) [PSYoungGen: 260768K->672K(261120K)] 406128K->146032K(762368K), 0.0034232 secs] [Times: user=0.00 sys=0.01, real=0.00 secs] 
2019-01-02T05:39:34.227+0900: 131820.753: [GC (Allocation Failure) [PSYoungGen: 260768K->704K(261120K)] 406128K->146064K(762368K), 0.0032157 secs] [Times: user=0.00 sys=0.01, real=0.00 secs] 
2019-01-02T05:40:39.065+0900: 131885.592: [GC (Allocation Failure) [PSYoungGen: 260800K->672K(261120K)] 406160K->146040K(762368K), 0.0031733 secs] [Times: user=0.01 sys=0.01, real=0.00 secs] 
2019-01-02T05:41:43.686+0900: 131950.213: [GC (Allocation Failure) [PSYoungGen: 260768K->704K(261120K)] 406136K->146080K(762368K), 0.0034371 secs] [Times: user=0.02 sys=0.00, real=0.00 secs] 
2019-01-02T05:42:48.514+0900: 132015.040: [GC (Allocation Failure) [PSYoungGen: 260800K->672K(261120K)] 406176K->146056K(762368K), 0.0033366 secs] [Times: user=0.00 sys=0.01, real=0.00 secs] 
2019-01-02T05:43:52.894+0900: 132079.421: [GC (Allocation Failure) [PSYoungGen: 260768K->704K(261120K)] 406152K->146112K(762368K), 0.0036455 secs] [Times: user=0.00 sys=0.01, real=0.00 secs] 
2019-01-02T05:44:57.387+0900: 132143.914: [GC (Allocation Failure) [PSYoungGen: 260800K->672K(261120K)] 406208K->146104K(762368K), 0.0032470 secs] [Times: user=0.01 sys=0.01, real=0.00 secs] 
2019-01-02T05:46:02.185+0900: 132208.712: [GC (Allocation Failure) [PSYoungGen: 260768K->640K(261120K)] 406200K->146072K(762368K), 0.0035870 secs] [Times: user=0.01 sys=0.02, real=0.00 secs] 
2019-01-02T05:47:06.963+0900: 132273.489: [GC (Allocation Failure) [PSYoungGen: 260736K->672K(261120K)] 406168K->146104K(762368K), 0.0034881 secs] [Times: user=0.00 sys=0.01, real=0.01 secs] 
2019-01-02T05:48:11.836+0900: 132338.363: [GC (Allocation Failure) [PSYoungGen: 260768K->608K(261120K)] 406200K->146048K(762368K), 0.0033831 secs] [Times: user=0.00 sys=0.01, real=0.00 secs] 
2019-01-02T05:49:16.516+0900: 132403.043: [GC (Allocation Failure) [PSYoungGen: 260704K->672K(261120K)] 406144K->146128K(762368K), 0.0031286 secs] [Times: user=0.00 sys=0.02, real=0.00 secs] 
2019-01-02T05:50:21.024+0900: 132467.551: [GC (Allocation Failure) [PSYoungGen: 260768K->640K(261120K)] 406224K->146096K(762368K), 0.0034542 secs] [Times: user=0.01 sys=0.02, real=0.00 secs] 
2019-01-02T05:51:25.766+0900: 132532.293: [GC (Allocation Failure) [PSYoungGen: 260736K->672K(261120K)] 406192K->146144K(762368K), 0.0031832 secs] [Times: user=0.00 sys=0.02, real=0.00 secs] 
2019-01-02T05:52:30.642+0900: 132597.169: [GC (Allocation Failure) [PSYoungGen: 260768K->704K(261120K)] 406240K->146176K(762368K), 0.0034971 secs] [Times: user=0.01 sys=0.01, real=0.01 secs] 
2019-01-02T05:53:35.258+0900: 132661.784: [GC (Allocation Failure) [PSYoungGen: 260800K->704K(261120K)] 406272K->146176K(762368K), 0.0032801 secs] [Times: user=0.01 sys=0.01, real=0.00 secs] 
2019-01-02T05:54:39.811+0900: 132726.337: [GC (Allocation Failure) [PSYoungGen: 260800K->672K(261120K)] 406272K->146144K(762368K), 0.0033893 secs] [Times: user=0.01 sys=0.00, real=0.01 secs] 
2019-01-02T05:55:44.585+0900: 132791.111: [GC (Allocation Failure) [PSYoungGen: 260768K->672K(261120K)] 406240K->146152K(762368K), 0.0035503 secs] [Times: user=0.00 sys=0.01, real=0.00 secs] 
2019-01-02T05:56:49.297+0900: 132855.824: [GC (Allocation Failure) [PSYoungGen: 260768K->672K(261120K)] 406248K->146152K(762368K), 0.0031635 secs] [Times: user=0.01 sys=0.01, real=0.00 secs] 
2019-01-02T05:57:53.717+0900: 132920.243: [GC (Allocation Failure) [PSYoungGen: 260768K->672K(261120K)] 406248K->146160K(762368K), 0.0033028 secs] [Times: user=0.00 sys=0.01, real=0.00 secs] 
2019-01-02T05:58:58.436+0900: 132984.963: [GC (Allocation Failure) [PSYoungGen: 260768K->704K(261120K)] 406256K->146192K(762368K), 0.0033546 secs] [Times: user=0.00 sys=0.02, real=0.00 secs] 
2019-01-02T06:00:03.176+0900: 133049.703: [GC (Allocation Failure) [PSYoungGen: 260800K->608K(261120K)] 406288K->146096K(762368K), 0.0033196 secs] [Times: user=0.01 sys=0.01, real=0.00 secs] 
2019-01-02T06:01:07.531+0900: 133114.057: [GC (Allocation Failure) [PSYoungGen: 260704K->704K(261120K)] 406192K->146192K(762368K), 0.0032969 secs] [Times: user=0.00 sys=0.02, real=0.01 secs] 
2019-01-02T06:02:12.267+0900: 133178.794: [GC (Allocation Failure) [PSYoungGen: 260800K->704K(261120K)] 406288K->146192K(762368K), 0.0036389 secs] [Times: user=0.02 sys=0.00, real=0.00 secs] 
2019-01-02T06:03:17.079+0900: 133243.606: [GC (Allocation Failure) [PSYoungGen: 260800K->640K(261120K)] 406288K->146128K(762368K), 0.0028067 secs] [Times: user=0.00 sys=0.01, real=0.00 secs] 
2019-01-02T06:04:21.772+0900: 133308.298: [GC (Allocation Failure) [PSYoungGen: 260736K->672K(261120K)] 406224K->146160K(762368K), 0.0030317 secs] [Times: user=0.00 sys=0.02, real=0.01 secs] 
2019-01-02T06:05:26.600+0900: 133373.127: [GC (Allocation Failure) [PSYoungGen: 260768K->640K(261120K)] 406256K->146128K(762368K), 0.0033596 secs] [Times: user=0.00 sys=0.01, real=0.00 secs] 
2019-01-02T06:06:31.362+0900: 133437.889: [GC (Allocation Failure) [PSYoungGen: 260736K->672K(261120K)] 406224K->146160K(762368K), 0.0035952 secs] [Times: user=0.00 sys=0.02, real=0.01 secs] 
2019-01-02T06:07:36.115+0900: 133502.642: [GC (Allocation Failure) [PSYoungGen: 260768K->704K(261120K)] 406256K->146192K(762368K), 0.0034049 secs] [Times: user=0.02 sys=0.00, real=0.00 secs] 
2019-01-02T06:08:40.879+0900: 133567.406: [GC (Allocation Failure) [PSYoungGen: 260800K->672K(261120K)] 406288K->146160K(762368K), 0.0036494 secs] [Times: user=0.00 sys=0.01, real=0.00 secs] 
2019-01-02T06:09:45.398+0900: 133631.925: [GC (Allocation Failure) [PSYoungGen: 260768K->704K(261120K)] 406256K->146192K(762368K), 0.0030964 secs] [Times: user=0.00 sys=0.01, real=0.00 secs] 
2019-01-02T06:10:50.257+0900: 133696.784: [GC (Allocation Failure) [PSYoungGen: 260800K->608K(261120K)] 406288K->146096K(762368K), 0.0031006 secs] [Times: user=0.01 sys=0.01, real=0.00 secs] 
2019-01-02T06:11:54.551+0900: 133761.078: [GC (Allocation Failure) [PSYoungGen: 260704K->704K(261120K)] 406192K->146192K(762368K), 0.0053796 secs] [Times: user=0.03 sys=0.00, real=0.01 secs] 
2019-01-02T06:12:59.435+0900: 133825.961: [GC (Allocation Failure) [PSYoungGen: 260800K->672K(261120K)] 406288K->146168K(762368K), 0.0032853 secs] [Times: user=0.01 sys=0.01, real=0.00 secs] 
2019-01-02T06:14:04.396+0900: 133890.923: [GC (Allocation Failure) [PSYoungGen: 260768K->608K(261120K)] 406264K->146104K(762368K), 0.0036806 secs] [Times: user=0.00 sys=0.01, real=0.00 secs] 
2019-01-02T06:15:09.295+0900: 133955.822: [GC (Allocation Failure) [PSYoungGen: 260704K->672K(261120K)] 406200K->146176K(762368K), 0.0030749 secs] [Times: user=0.00 sys=0.02, real=0.00 secs] 
2019-01-02T06:16:13.563+0900: 134020.090: [GC (Allocation Failure) [PSYoungGen: 260768K->768K(261120K)] 406272K->146272K(762368K), 0.0035295 secs] [Times: user=0.02 sys=0.00, real=0.01 secs] 
2019-01-02T06:17:18.061+0900: 134084.588: [GC (Allocation Failure) [PSYoungGen: 260864K->640K(261120K)] 406368K->146144K(762368K), 0.0032604 secs] [Times: user=0.01 sys=0.00, real=0.01 secs] 
2019-01-02T06:18:23.063+0900: 134149.589: [GC (Allocation Failure) [PSYoungGen: 260736K->704K(261120K)] 406240K->146208K(762368K), 0.0031995 secs] [Times: user=0.00 sys=0.01, real=0.01 secs] 
2019-01-02T06:19:27.877+0900: 134214.404: [GC (Allocation Failure) [PSYoungGen: 260800K->640K(261120K)] 406304K->146168K(762368K), 0.0033636 secs] [Times: user=0.00 sys=0.02, real=0.00 secs] 
2019-01-02T06:20:32.150+0900: 134278.677: [GC (Allocation Failure) [PSYoungGen: 260736K->608K(261120K)] 406264K->146136K(762368K), 0.0030328 secs] [Times: user=0.00 sys=0.01, real=0.00 secs] 
2019-01-02T06:21:36.855+0900: 134343.382: [GC (Allocation Failure) [PSYoungGen: 260704K->640K(261120K)] 406232K->146176K(762368K), 0.0038360 secs] [Times: user=0.01 sys=0.01, real=0.00 secs] 
2019-01-02T06:22:41.711+0900: 134408.238: [GC (Allocation Failure) [PSYoungGen: 260736K->704K(261120K)] 406272K->146240K(762368K), 0.0029771 secs] [Times: user=0.01 sys=0.01, real=0.01 secs] 
2019-01-02T06:23:46.609+0900: 134473.136: [GC (Allocation Failure) [PSYoungGen: 260800K->640K(261120K)] 406336K->146176K(762368K), 0.0032392 secs] [Times: user=0.01 sys=0.01, real=0.00 secs] 
2019-01-02T06:24:51.426+0900: 134537.953: [GC (Allocation Failure) [PSYoungGen: 260736K->608K(261120K)] 406272K->146152K(762368K), 0.0032555 secs] [Times: user=0.01 sys=0.01, real=0.00 secs] 
2019-01-02T06:25:56.294+0900: 134602.821: [GC (Allocation Failure) [PSYoungGen: 260704K->704K(261120K)] 406248K->146256K(762368K), 0.0034419 secs] [Times: user=0.00 sys=0.02, real=0.00 secs] 
2019-01-02T06:27:01.137+0900: 134667.663: [GC (Allocation Failure) [PSYoungGen: 260800K->640K(261120K)] 406352K->146192K(762368K), 0.0028125 secs] [Times: user=0.01 sys=0.01, real=0.00 secs] 
2019-01-02T06:28:05.798+0900: 134732.325: [GC (Allocation Failure) [PSYoungGen: 260736K->640K(261120K)] 406288K->146192K(762368K), 0.0033964 secs] [Times: user=0.00 sys=0.01, real=0.00 secs] 
2019-01-02T06:29:10.510+0900: 134797.037: [GC (Allocation Failure) [PSYoungGen: 260736K->672K(261120K)] 406288K->146224K(762368K), 0.0030611 secs] [Times: user=0.00 sys=0.01, real=0.00 secs] 
2019-01-02T06:30:15.229+0900: 134861.756: [GC (Allocation Failure) [PSYoungGen: 260768K->640K(261120K)] 406320K->146192K(762368K), 0.0035906 secs] [Times: user=0.00 sys=0.01, real=0.00 secs] 
2019-01-02T06:31:19.624+0900: 134926.151: [GC (Allocation Failure) [PSYoungGen: 260736K->672K(261120K)] 406288K->146224K(762368K), 0.0028725 secs] [Times: user=0.00 sys=0.01, real=0.00 secs] 
2019-01-02T06:32:24.381+0900: 134990.908: [GC (Allocation Failure) [PSYoungGen: 260768K->640K(261120K)] 406320K->146192K(762368K), 0.0034561 secs] [Times: user=0.01 sys=0.01, real=0.01 secs] 
2019-01-02T06:33:29.166+0900: 135055.693: [GC (Allocation Failure) [PSYoungGen: 260736K->672K(261120K)] 406288K->146224K(762368K), 0.0038033 secs] [Times: user=0.00 sys=0.01, real=0.00 secs] 
2019-01-02T06:34:33.952+0900: 135120.479: [GC (Allocation Failure) [PSYoungGen: 260768K->672K(261120K)] 406320K->146224K(762368K), 0.0034081 secs] [Times: user=0.00 sys=0.01, real=0.01 secs] 
2019-01-02T06:35:38.523+0900: 135185.049: [GC (Allocation Failure) [PSYoungGen: 260768K->672K(261120K)] 406320K->146224K(762368K), 0.0035512 secs] [Times: user=0.00 sys=0.02, real=0.01 secs] 
2019-01-02T06:36:43.241+0900: 135249.768: [GC (Allocation Failure) [PSYoungGen: 260768K->672K(261120K)] 406320K->146224K(762368K), 0.0031015 secs] [Times: user=0.01 sys=0.00, real=0.01 secs] 
2019-01-02T06:37:47.749+0900: 135314.276: [GC (Allocation Failure) [PSYoungGen: 260768K->640K(261120K)] 406320K->146192K(762368K), 0.0032433 secs] [Times: user=0.00 sys=0.02, real=0.00 secs] 
2019-01-02T06:38:52.338+0900: 135378.865: [GC (Allocation Failure) [PSYoungGen: 260736K->640K(261120K)] 406288K->146200K(762368K), 0.0033101 secs] [Times: user=0.00 sys=0.02, real=0.00 secs] 
2019-01-02T06:39:57.206+0900: 135443.733: [GC (Allocation Failure) [PSYoungGen: 260736K->640K(261120K)] 406296K->146200K(762368K), 0.0035817 secs] [Times: user=0.01 sys=0.01, real=0.00 secs] 
2019-01-02T06:41:01.665+0900: 135508.192: [GC (Allocation Failure) [PSYoungGen: 260736K->672K(261120K)] 406296K->146232K(762368K), 0.0033205 secs] [Times: user=0.02 sys=0.00, real=0.00 secs] 
2019-01-02T06:42:06.505+0900: 135573.032: [GC (Allocation Failure) [PSYoungGen: 260768K->640K(261120K)] 406328K->146200K(762368K), 0.0034606 secs] [Times: user=0.00 sys=0.01, real=0.00 secs] 
2019-01-02T06:43:11.413+0900: 135637.940: [GC (Allocation Failure) [PSYoungGen: 260736K->704K(261120K)] 406296K->146272K(762368K), 0.0033476 secs] [Times: user=0.01 sys=0.01, real=0.01 secs] 
2019-01-02T06:44:16.028+0900: 135702.555: [GC (Allocation Failure) [PSYoungGen: 260800K->704K(261120K)] 406368K->146272K(762368K), 0.0034731 secs] [Times: user=0.00 sys=0.02, real=0.00 secs] 
2019-01-02T06:45:20.939+0900: 135767.466: [GC (Allocation Failure) [PSYoungGen: 260800K->640K(261120K)] 406368K->146208K(762368K), 0.0036859 secs] [Times: user=0.02 sys=0.00, real=0.00 secs] 
2019-01-02T06:46:25.674+0900: 135832.200: [GC (Allocation Failure) [PSYoungGen: 260736K->672K(261120K)] 406304K->146240K(762368K), 0.0030172 secs] [Times: user=0.00 sys=0.01, real=0.00 secs] 
2019-01-02T06:47:30.481+0900: 135897.007: [GC (Allocation Failure) [PSYoungGen: 260768K->704K(261120K)] 406336K->146272K(762368K), 0.0034679 secs] [Times: user=0.00 sys=0.02, real=0.01 secs] 
2019-01-02T06:48:35.302+0900: 135961.829: [GC (Allocation Failure) [PSYoungGen: 260800K->672K(261120K)] 406368K->146240K(762368K), 0.0029504 secs] [Times: user=0.01 sys=0.01, real=0.01 secs] 
2019-01-02T06:49:39.859+0900: 136026.386: [GC (Allocation Failure) [PSYoungGen: 260768K->640K(261120K)] 406336K->146216K(762368K), 0.0033426 secs] [Times: user=0.01 sys=0.01, real=0.00 secs] 
2019-01-02T06:50:44.738+0900: 136091.265: [GC (Allocation Failure) [PSYoungGen: 260736K->672K(261120K)] 406312K->146248K(762368K), 0.0030339 secs] [Times: user=0.01 sys=0.01, real=0.00 secs] 
2019-01-02T06:51:49.514+0900: 136156.041: [GC (Allocation Failure) [PSYoungGen: 260768K->704K(261120K)] 406344K->146288K(762368K), 0.0031342 secs] [Times: user=0.00 sys=0.02, real=0.00 secs] 
2019-01-02T06:52:54.155+0900: 136220.681: [GC (Allocation Failure) [PSYoungGen: 260800K->672K(261120K)] 406384K->146256K(762368K), 0.0032139 secs] [Times: user=0.00 sys=0.01, real=0.00 secs] 
2019-01-02T06:53:58.927+0900: 136285.454: [GC (Allocation Failure) [PSYoungGen: 260768K->672K(261120K)] 406352K->146256K(762368K), 0.0035020 secs] [Times: user=0.01 sys=0.01, real=0.00 secs] 
2019-01-02T06:55:03.693+0900: 136350.220: [GC (Allocation Failure) [PSYoungGen: 260768K->640K(261120K)] 406352K->146224K(762368K), 0.0031959 secs] [Times: user=0.00 sys=0.02, real=0.01 secs] 
2019-01-02T06:56:08.010+0900: 136414.536: [GC (Allocation Failure) [PSYoungGen: 260736K->672K(261120K)] 406320K->146264K(762368K), 0.0033516 secs] [Times: user=0.01 sys=0.02, real=0.00 secs] 
2019-01-02T06:57:12.883+0900: 136479.410: [GC (Allocation Failure) [PSYoungGen: 260768K->640K(261120K)] 406360K->146232K(762368K), 0.0036606 secs] [Times: user=0.01 sys=0.01, real=0.01 secs] 
2019-01-02T06:58:17.644+0900: 136544.170: [GC (Allocation Failure) [PSYoungGen: 260736K->672K(261120K)] 406328K->146264K(762368K), 0.0030224 secs] [Times: user=0.00 sys=0.01, real=0.00 secs] 
2019-01-02T06:59:22.236+0900: 136608.763: [GC (Allocation Failure) [PSYoungGen: 260768K->672K(261120K)] 406360K->146272K(762368K), 0.0032294 secs] [Times: user=0.00 sys=0.01, real=0.00 secs] 
2019-01-02T07:00:27.025+0900: 136673.552: [GC (Allocation Failure) [PSYoungGen: 260768K->640K(261120K)] 406368K->146248K(762368K), 0.0031153 secs] [Times: user=0.02 sys=0.00, real=0.00 secs] 
2019-01-02T07:01:31.540+0900: 136738.067: [GC (Allocation Failure) [PSYoungGen: 260736K->672K(261120K)] 406344K->146288K(762368K), 0.0033431 secs] [Times: user=0.00 sys=0.01, real=0.01 secs] 
2019-01-02T07:02:36.531+0900: 136803.057: [GC (Allocation Failure) [PSYoungGen: 260768K->672K(261120K)] 406384K->146288K(762368K), 0.0030157 secs] [Times: user=0.00 sys=0.01, real=0.01 secs] 
2019-01-02T07:03:41.009+0900: 136867.535: [GC (Allocation Failure) [PSYoungGen: 260768K->704K(261120K)] 406384K->146320K(762368K), 0.0035198 secs] [Times: user=0.01 sys=0.02, real=0.00 secs] 
2019-01-02T07:04:45.602+0900: 136932.128: [GC (Allocation Failure) [PSYoungGen: 260800K->672K(261120K)] 406416K->146288K(762368K), 0.0033565 secs] [Times: user=0.00 sys=0.02, real=0.01 secs] 
2019-01-02T07:05:50.504+0900: 136997.031: [GC (Allocation Failure) [PSYoungGen: 260768K->672K(261120K)] 406384K->146296K(762368K), 0.0034621 secs] [Times: user=0.01 sys=0.01, real=0.00 secs] 
2019-01-02T07:06:55.407+0900: 137061.934: [GC (Allocation Failure) [PSYoungGen: 260768K->704K(261120K)] 406392K->146328K(762368K), 0.0034925 secs] [Times: user=0.01 sys=0.02, real=0.00 secs] 
2019-01-02T07:07:59.976+0900: 137126.503: [GC (Allocation Failure) [PSYoungGen: 260800K->704K(261120K)] 406424K->146328K(762368K), 0.0034054 secs] [Times: user=0.01 sys=0.01, real=0.00 secs] 
2019-01-02T07:09:04.594+0900: 137191.121: [GC (Allocation Failure) [PSYoungGen: 260800K->672K(261120K)] 406424K->146296K(762368K), 0.0032449 secs] [Times: user=0.01 sys=0.02, real=0.00 secs] 
2019-01-02T07:10:09.423+0900: 137255.950: [GC (Allocation Failure) [PSYoungGen: 260768K->640K(261120K)] 406392K->146264K(762368K), 0.0032408 secs] [Times: user=0.01 sys=0.01, real=0.01 secs] 
2019-01-02T07:11:14.368+0900: 137320.895: [GC (Allocation Failure) [PSYoungGen: 260736K->672K(261120K)] 406360K->146296K(762368K), 0.0036184 secs] [Times: user=0.02 sys=0.00, real=0.00 secs] 
2019-01-02T07:12:19.068+0900: 137385.595: [GC (Allocation Failure) [PSYoungGen: 260768K->640K(261120K)] 406392K->146264K(762368K), 0.0035634 secs] [Times: user=0.00 sys=0.01, real=0.00 secs] 
2019-01-02T07:13:24.016+0900: 137450.543: [GC (Allocation Failure) [PSYoungGen: 260736K->672K(261120K)] 406360K->146304K(762368K), 0.0034734 secs] [Times: user=0.00 sys=0.02, real=0.00 secs] 
2019-01-02T07:14:28.812+0900: 137515.338: [GC (Allocation Failure) [PSYoungGen: 260768K->640K(261120K)] 406400K->146272K(762368K), 0.0036327 secs] [Times: user=0.01 sys=0.01, real=0.01 secs] 
2019-01-02T07:15:33.532+0900: 137580.058: [GC (Allocation Failure) [PSYoungGen: 260736K->704K(261120K)] 406368K->146336K(762368K), 0.0030700 secs] [Times: user=0.00 sys=0.02, real=0.01 secs] 
2019-01-02T07:16:37.915+0900: 137644.442: [GC (Allocation Failure) [PSYoungGen: 260800K->704K(261120K)] 406432K->146336K(762368K), 0.0033958 secs] [Times: user=0.01 sys=0.00, real=0.00 secs] 
2019-01-02T07:17:42.667+0900: 137709.194: [GC (Allocation Failure) [PSYoungGen: 260800K->672K(261120K)] 406432K->146304K(762368K), 0.0034077 secs] [Times: user=0.00 sys=0.01, real=0.00 secs] 
2019-01-02T07:18:47.427+0900: 137773.954: [GC (Allocation Failure) [PSYoungGen: 260768K->704K(261120K)] 406400K->146344K(762368K), 0.0033828 secs] [Times: user=0.02 sys=0.00, real=0.00 secs] 
2019-01-02T07:19:52.222+0900: 137838.748: [GC (Allocation Failure) [PSYoungGen: 260800K->640K(261120K)] 406440K->146280K(762368K), 0.0038030 secs] [Times: user=0.00 sys=0.02, real=0.01 secs] 
2019-01-02T07:20:57.043+0900: 137903.570: [GC (Allocation Failure) [PSYoungGen: 260736K->640K(261120K)] 406376K->146280K(762368K), 0.0033969 secs] [Times: user=0.01 sys=0.02, real=0.01 secs] 
2019-01-02T07:22:01.785+0900: 137968.311: [GC (Allocation Failure) [PSYoungGen: 260736K->736K(261120K)] 406376K->146400K(762368K), 0.0033723 secs] [Times: user=0.00 sys=0.02, real=0.00 secs] 
2019-01-02T07:23:06.281+0900: 138032.808: [GC (Allocation Failure) [PSYoungGen: 260832K->608K(261120K)] 406496K->146272K(762368K), 0.0032446 secs] [Times: user=0.00 sys=0.01, real=0.01 secs] 
2019-01-02T07:24:11.242+0900: 138097.769: [GC (Allocation Failure) [PSYoungGen: 260704K->640K(261120K)] 406368K->146320K(762368K), 0.0031648 secs] [Times: user=0.00 sys=0.01, real=0.01 secs] 
2019-01-02T07:25:15.950+0900: 138162.477: [GC (Allocation Failure) [PSYoungGen: 260736K->736K(261120K)] 406416K->146416K(762368K), 0.0031798 secs] [Times: user=0.01 sys=0.01, real=0.00 secs] 
2019-01-02T07:26:20.607+0900: 138227.133: [GC (Allocation Failure) [PSYoungGen: 260832K->672K(261120K)] 406512K->146352K(762368K), 0.0037807 secs] [Times: user=0.00 sys=0.02, real=0.00 secs] 
2019-01-02T07:27:25.461+0900: 138291.987: [GC (Allocation Failure) [PSYoungGen: 260768K->672K(261120K)] 406448K->146352K(762368K), 0.0029464 secs] [Times: user=0.00 sys=0.02, real=0.01 secs] 
2019-01-02T07:28:30.403+0900: 138356.930: [GC (Allocation Failure) [PSYoungGen: 260768K->640K(261120K)] 406448K->146328K(762368K), 0.0033156 secs] [Times: user=0.00 sys=0.02, real=0.01 secs] 
2019-01-02T07:29:34.973+0900: 138421.499: [GC (Allocation Failure) [PSYoungGen: 260736K->704K(261120K)] 406424K->146400K(762368K), 0.0036681 secs] [Times: user=0.01 sys=0.01, real=0.01 secs] 
2019-01-02T07:30:39.386+0900: 138485.912: [GC (Allocation Failure) [PSYoungGen: 260800K->672K(261120K)] 406496K->146368K(762368K), 0.0034435 secs] [Times: user=0.01 sys=0.02, real=0.00 secs] 
2019-01-02T07:31:44.091+0900: 138550.618: [GC (Allocation Failure) [PSYoungGen: 260768K->736K(261120K)] 406464K->146432K(762368K), 0.0034041 secs] [Times: user=0.00 sys=0.01, real=0.01 secs] 
2019-01-02T07:32:48.933+0900: 138615.460: [GC (Allocation Failure) [PSYoungGen: 260832K->704K(261120K)] 406528K->146408K(762368K), 0.0033104 secs] [Times: user=0.01 sys=0.01, real=0.01 secs] 
2019-01-02T07:33:53.960+0900: 138680.487: [GC (Allocation Failure) [PSYoungGen: 260800K->640K(261120K)] 406504K->146344K(762368K), 0.0038886 secs] [Times: user=0.01 sys=0.02, real=0.01 secs] 
2019-01-02T07:34:58.669+0900: 138745.196: [GC (Allocation Failure) [PSYoungGen: 260736K->704K(261120K)] 406440K->146408K(762368K), 0.0029159 secs] [Times: user=0.00 sys=0.01, real=0.00 secs] 
2019-01-02T07:36:03.326+0900: 138809.853: [GC (Allocation Failure) [PSYoungGen: 260800K->672K(261120K)] 406504K->146376K(762368K), 0.0032712 secs] [Times: user=0.01 sys=0.01, real=0.00 secs] 
2019-01-02T07:37:07.770+0900: 138874.297: [GC (Allocation Failure) [PSYoungGen: 260768K->672K(261120K)] 406472K->146384K(762368K), 0.0030989 secs] [Times: user=0.00 sys=0.01, real=0.00 secs] 
2019-01-02T07:38:12.324+0900: 138938.850: [GC (Allocation Failure) [PSYoungGen: 260768K->640K(261120K)] 406480K->146360K(762368K), 0.0031575 secs] [Times: user=0.00 sys=0.01, real=0.01 secs] 
2019-01-02T07:39:17.239+0900: 139003.766: [GC (Allocation Failure) [PSYoungGen: 260736K->640K(261120K)] 406456K->146360K(762368K), 0.0029877 secs] [Times: user=0.00 sys=0.01, real=0.00 secs] 
2019-01-02T07:40:22.109+0900: 139068.636: [GC (Allocation Failure) [PSYoungGen: 260736K->704K(261120K)] 406456K->146424K(762368K), 0.0032277 secs] [Times: user=0.02 sys=0.00, real=0.00 secs] 
2019-01-02T07:41:27.025+0900: 139133.551: [GC (Allocation Failure) [PSYoungGen: 260800K->640K(261120K)] 406520K->146376K(762368K), 0.0033875 secs] [Times: user=0.00 sys=0.01, real=0.00 secs] 
2019-01-02T07:42:31.877+0900: 139198.403: [GC (Allocation Failure) [PSYoungGen: 260736K->672K(261120K)] 406472K->146408K(762368K), 0.0034832 secs] [Times: user=0.00 sys=0.01, real=0.00 secs] 
2019-01-02T07:43:36.824+0900: 139263.351: [GC (Allocation Failure) [PSYoungGen: 260768K->640K(261120K)] 406504K->146376K(762368K), 0.0033043 secs] [Times: user=0.01 sys=0.00, real=0.00 secs] 
2019-01-02T07:44:41.595+0900: 139328.122: [GC (Allocation Failure) [PSYoungGen: 260736K->640K(261120K)] 406472K->146376K(762368K), 0.0038227 secs] [Times: user=0.01 sys=0.01, real=0.00 secs] 
2019-01-02T07:45:46.503+0900: 139393.030: [GC (Allocation Failure) [PSYoungGen: 260736K->672K(261120K)] 406472K->146408K(762368K), 0.0033344 secs] [Times: user=0.00 sys=0.01, real=0.01 secs] 
2019-01-02T07:46:51.312+0900: 139457.839: [GC (Allocation Failure) [PSYoungGen: 260768K->640K(261120K)] 406504K->146376K(762368K), 0.0029942 secs] [Times: user=0.01 sys=0.01, real=0.01 secs] 
2019-01-02T07:47:56.249+0900: 139522.775: [GC (Allocation Failure) [PSYoungGen: 260736K->704K(261120K)] 406472K->146440K(762368K), 0.0036872 secs] [Times: user=0.00 sys=0.01, real=0.00 secs] 
2019-01-02T07:49:01.252+0900: 139587.779: [GC (Allocation Failure) [PSYoungGen: 260800K->640K(261120K)] 406536K->146384K(762368K), 0.0030539 secs] [Times: user=0.00 sys=0.01, real=0.01 secs] 
2019-01-02T07:50:05.772+0900: 139652.299: [GC (Allocation Failure) [PSYoungGen: 260736K->640K(261120K)] 406480K->146384K(762368K), 0.0035382 secs] [Times: user=0.01 sys=0.01, real=0.01 secs] 
2019-01-02T07:51:10.510+0900: 139717.037: [GC (Allocation Failure) [PSYoungGen: 260736K->672K(261120K)] 406480K->146416K(762368K), 0.0034516 secs] [Times: user=0.01 sys=0.01, real=0.01 secs] 
2019-01-02T07:52:15.343+0900: 139781.869: [GC (Allocation Failure) [PSYoungGen: 260768K->704K(261120K)] 406512K->146456K(762368K), 0.0030203 secs] [Times: user=0.01 sys=0.01, real=0.01 secs] 
2019-01-02T07:53:20.242+0900: 139846.768: [GC (Allocation Failure) [PSYoungGen: 260800K->640K(261120K)] 406552K->146392K(762368K), 0.0030374 secs] [Times: user=0.01 sys=0.01, real=0.01 secs] 
2019-01-02T07:54:25.027+0900: 139911.554: [GC (Allocation Failure) [PSYoungGen: 260736K->672K(261120K)] 406488K->146424K(762368K), 0.0034917 secs] [Times: user=0.01 sys=0.01, real=0.00 secs] 
2019-01-02T07:55:29.486+0900: 139976.013: [GC (Allocation Failure) [PSYoungGen: 260768K->640K(261120K)] 406520K->146392K(762368K), 0.0036791 secs] [Times: user=0.00 sys=0.02, real=0.00 secs] 
2019-01-02T07:56:34.354+0900: 140040.881: [GC (Allocation Failure) [PSYoungGen: 260736K->672K(261120K)] 406488K->146424K(762368K), 0.0034811 secs] [Times: user=0.00 sys=0.01, real=0.00 secs] 
2019-01-02T07:57:39.243+0900: 140105.770: [GC (Allocation Failure) [PSYoungGen: 260768K->704K(261120K)] 406520K->146456K(762368K), 0.0037110 secs] [Times: user=0.00 sys=0.01, real=0.01 secs] 
2019-01-02T07:58:44.019+0900: 140170.546: [GC (Allocation Failure) [PSYoungGen: 260800K->640K(261120K)] 406552K->146392K(762368K), 0.0036448 secs] [Times: user=0.00 sys=0.01, real=0.00 secs] 
2019-01-02T07:59:48.488+0900: 140235.015: [GC (Allocation Failure) [PSYoungGen: 260736K->640K(261120K)] 406488K->146392K(762368K), 0.0038405 secs] [Times: user=0.00 sys=0.02, real=0.00 secs] 
2019-01-02T08:00:53.231+0900: 140299.758: [GC (Allocation Failure) [PSYoungGen: 260736K->704K(261120K)] 406488K->146456K(762368K), 0.0030292 secs] [Times: user=0.00 sys=0.01, real=0.01 secs] 
2019-01-02T08:01:58.158+0900: 140364.685: [GC (Allocation Failure) [PSYoungGen: 260800K->672K(261120K)] 406552K->146432K(762368K), 0.0032336 secs] [Times: user=0.00 sys=0.01, real=0.00 secs] 
2019-01-02T08:03:02.872+0900: 140429.398: [GC (Allocation Failure) [PSYoungGen: 260768K->704K(261120K)] 406528K->146472K(762368K), 0.0032547 secs] [Times: user=0.02 sys=0.00, real=0.01 secs] 
2019-01-02T08:04:07.688+0900: 140494.215: [GC (Allocation Failure) [PSYoungGen: 260800K->736K(261120K)] 406568K->146512K(762368K), 0.0029744 secs] [Times: user=0.00 sys=0.01, real=0.00 secs] 
2019-01-02T08:05:12.387+0900: 140558.914: [GC (Allocation Failure) [PSYoungGen: 260832K->640K(261120K)] 406608K->146416K(762368K), 0.0033751 secs] [Times: user=0.02 sys=0.00, real=0.00 secs] 
2019-01-02T08:06:17.504+0900: 140624.031: [GC (Allocation Failure) [PSYoungGen: 260736K->640K(261120K)] 406512K->146416K(762368K), 0.0033553 secs] [Times: user=0.02 sys=0.00, real=0.00 secs] 
2019-01-02T08:07:21.883+0900: 140688.410: [GC (Allocation Failure) [PSYoungGen: 260736K->672K(261120K)] 406512K->146448K(762368K), 0.0031043 secs] [Times: user=0.02 sys=0.00, real=0.01 secs] 
2019-01-02T08:08:26.659+0900: 140753.186: [GC (Allocation Failure) [PSYoungGen: 260768K->640K(261120K)] 406544K->146416K(762368K), 0.0033372 secs] [Times: user=0.00 sys=0.01, real=0.00 secs] 
2019-01-02T08:09:31.512+0900: 140818.039: [GC (Allocation Failure) [PSYoungGen: 260736K->672K(261120K)] 406512K->146448K(762368K), 0.0034525 secs] [Times: user=0.01 sys=0.01, real=0.01 secs] 
2019-01-02T08:10:36.363+0900: 140882.890: [GC (Allocation Failure) [PSYoungGen: 260768K->672K(261120K)] 406544K->146448K(762368K), 0.0032135 secs] [Times: user=0.01 sys=0.02, real=0.01 secs] 
2019-01-02T08:11:41.138+0900: 140947.665: [GC (Allocation Failure) [PSYoungGen: 260768K->640K(261120K)] 406544K->146416K(762368K), 0.0032394 secs] [Times: user=0.01 sys=0.01, real=0.00 secs] 
2019-01-02T08:12:46.098+0900: 141012.625: [GC (Allocation Failure) [PSYoungGen: 260736K->704K(261120K)] 406512K->146488K(762368K), 0.0032859 secs] [Times: user=0.00 sys=0.01, real=0.00 secs] 
2019-01-02T08:13:50.775+0900: 141077.302: [GC (Allocation Failure) [PSYoungGen: 260800K->704K(261120K)] 406584K->146488K(762368K), 0.0029172 secs] [Times: user=0.01 sys=0.02, real=0.00 secs] 
2019-01-02T08:14:55.397+0900: 141141.923: [GC (Allocation Failure) [PSYoungGen: 260800K->672K(261120K)] 406584K->146464K(762368K), 0.0031603 secs] [Times: user=0.01 sys=0.01, real=0.00 secs] 
2019-01-02T08:16:00.306+0900: 141206.833: [GC (Allocation Failure) [PSYoungGen: 260768K->704K(261120K)] 406560K->146496K(762368K), 0.0034390 secs] [Times: user=0.00 sys=0.01, real=0.00 secs] 
2019-01-02T08:17:05.138+0900: 141271.665: [GC (Allocation Failure) [PSYoungGen: 260800K->736K(261120K)] 406592K->146536K(762368K), 0.0032814 secs] [Times: user=0.01 sys=0.01, real=0.00 secs] 
2019-01-02T08:18:10.123+0900: 141336.650: [GC (Allocation Failure) [PSYoungGen: 260832K->704K(261120K)] 406632K->146504K(762368K), 0.0034134 secs] [Times: user=0.00 sys=0.02, real=0.01 secs] 
2019-01-02T08:19:14.922+0900: 141401.449: [GC (Allocation Failure) [PSYoungGen: 260800K->704K(261120K)] 406600K->146512K(762368K), 0.0031971 secs] [Times: user=0.02 sys=0.00, real=0.01 secs] 
2019-01-02T08:20:19.623+0900: 141466.150: [GC (Allocation Failure) [PSYoungGen: 260800K->672K(261120K)] 406608K->146480K(762368K), 0.0032979 secs] [Times: user=0.01 sys=0.02, real=0.01 secs] 
2019-01-02T08:21:24.149+0900: 141530.676: [GC (Allocation Failure) [PSYoungGen: 260768K->672K(261120K)] 406576K->146480K(762368K), 0.0033610 secs] [Times: user=0.00 sys=0.01, real=0.00 secs] 
2019-01-02T08:22:29.197+0900: 141595.724: [GC (Allocation Failure) [PSYoungGen: 260768K->672K(261120K)] 406576K->146504K(762368K), 0.0033803 secs] [Times: user=0.01 sys=0.01, real=0.00 secs] 
2019-01-02T08:23:33.662+0900: 141660.188: [GC (Allocation Failure) [PSYoungGen: 260768K->672K(261120K)] 406600K->146512K(762368K), 0.0029574 secs] [Times: user=0.01 sys=0.02, real=0.01 secs] 
2019-01-02T08:24:38.200+0900: 141724.727: [GC (Allocation Failure) [PSYoungGen: 260768K->672K(261120K)] 406608K->146512K(762368K), 0.0033741 secs] [Times: user=0.02 sys=0.00, real=0.00 secs] 
2019-01-02T08:25:43.066+0900: 141789.592: [GC (Allocation Failure) [PSYoungGen: 260768K->640K(261120K)] 406608K->146480K(762368K), 0.0032091 secs] [Times: user=0.02 sys=0.00, real=0.00 secs] 
2019-01-02T08:26:48.001+0900: 141854.527: [GC (Allocation Failure) [PSYoungGen: 260736K->704K(261120K)] 406576K->146544K(762368K), 0.0031736 secs] [Times: user=0.01 sys=0.02, real=0.01 secs] 
2019-01-02T08:27:52.659+0900: 141919.186: [GC (Allocation Failure) [PSYoungGen: 260800K->704K(261120K)] 406640K->146544K(762368K), 0.0035948 secs] [Times: user=0.00 sys=0.01, real=0.00 secs] 
2019-01-02T08:28:57.433+0900: 141983.959: [GC (Allocation Failure) [PSYoungGen: 260800K->704K(261120K)] 406640K->146544K(762368K), 0.0032832 secs] [Times: user=0.00 sys=0.01, real=0.01 secs] 
2019-01-02T08:30:02.161+0900: 142048.687: [GC (Allocation Failure) [PSYoungGen: 260800K->768K(261120K)] 406640K->146624K(762368K), 0.0056398 secs] [Times: user=0.01 sys=0.01, real=0.01 secs] 
2019-01-02T08:31:07.062+0900: 142113.589: [GC (Allocation Failure) [PSYoungGen: 260864K->704K(261120K)] 406720K->146568K(762368K), 0.0033963 secs] [Times: user=0.00 sys=0.01, real=0.01 secs] 
2019-01-02T08:32:11.781+0900: 142178.308: [GC (Allocation Failure) [PSYoungGen: 260800K->640K(261120K)] 406664K->146504K(762368K), 0.0032114 secs] [Times: user=0.01 sys=0.01, real=0.01 secs] 
2019-01-02T08:33:16.584+0900: 142243.111: [GC (Allocation Failure) [PSYoungGen: 260736K->640K(261120K)] 406600K->146504K(762368K), 0.0029878 secs] [Times: user=0.01 sys=0.00, real=0.00 secs] 
2019-01-02T08:34:21.216+0900: 142307.742: [GC (Allocation Failure) [PSYoungGen: 260736K->640K(261120K)] 406600K->146504K(762368K), 0.0033190 secs] [Times: user=0.00 sys=0.02, real=0.00 secs] 
2019-01-02T08:35:25.703+0900: 142372.230: [GC (Allocation Failure) [PSYoungGen: 260736K->704K(261120K)] 406600K->146584K(762368K), 0.0034819 secs] [Times: user=0.01 sys=0.01, real=0.01 secs] 
2019-01-02T08:36:30.720+0900: 142437.246: [GC (Allocation Failure) [PSYoungGen: 260800K->832K(261120K)] 406680K->146712K(762368K), 0.0034567 secs] [Times: user=0.01 sys=0.02, real=0.00 secs] 
2019-01-02T08:37:35.448+0900: 142501.975: [GC (Allocation Failure) [PSYoungGen: 260928K->864K(261120K)] 406808K->146744K(762368K), 0.0038623 secs] [Times: user=0.01 sys=0.01, real=0.00 secs] 
2019-01-02T08:38:40.225+0900: 142566.752: [GC (Allocation Failure) [PSYoungGen: 260960K->928K(261120K)] 406840K->146808K(762368K), 0.0036310 secs] [Times: user=0.00 sys=0.02, real=0.00 secs] 
2019-01-02T08:39:44.689+0900: 142631.215: [GC (Allocation Failure) [PSYoungGen: 261024K->960K(261120K)] 406904K->146840K(762368K), 0.0035750 secs] [Times: user=0.00 sys=0.01, real=0.00 secs] 
2019-01-02T08:40:49.639+0900: 142696.166: [GC (Allocation Failure) [PSYoungGen: 261056K->1024K(260096K)] 406936K->146920K(761344K), 0.0035786 secs] [Times: user=0.00 sys=0.02, real=0.00 secs] 
2019-01-02T08:41:54.261+0900: 142760.788: [GC (Allocation Failure) [PSYoungGen: 260096K->1184K(260608K)] 405992K->147080K(761856K), 0.0037886 secs] [Times: user=0.00 sys=0.02, real=0.01 secs] 
2019-01-02T08:42:58.989+0900: 142825.515: [GC (Allocation Failure) [PSYoungGen: 260256K->1216K(260608K)] 406152K->147112K(761856K), 0.0039947 secs] [Times: user=0.00 sys=0.02, real=0.00 secs] 
2019-01-02T08:44:03.476+0900: 142890.002: [GC (Allocation Failure) [PSYoungGen: 260288K->1280K(260608K)] 406184K->147184K(761856K), 0.0042452 secs] [Times: user=0.00 sys=0.02, real=0.00 secs] 
2019-01-02T08:45:07.727+0900: 142954.254: [GC (Allocation Failure) [PSYoungGen: 260352K->1408K(259584K)] 406256K->147352K(760832K), 0.0047619 secs] [Times: user=0.01 sys=0.02, real=0.00 secs] 
2019-01-02T08:46:12.009+0900: 143018.536: [GC (Allocation Failure) [PSYoungGen: 259456K->1408K(260096K)] 405400K->147376K(761344K), 0.0045391 secs] [Times: user=0.00 sys=0.02, real=0.01 secs] 
2019-01-02T08:47:16.445+0900: 143082.972: [GC (Allocation Failure) [PSYoungGen: 259456K->1536K(260096K)] 405424K->147568K(761344K), 0.0040579 secs] [Times: user=0.01 sys=0.02, real=0.00 secs] 
2019-01-02T08:48:20.406+0900: 143146.933: [GC (Allocation Failure) [PSYoungGen: 259584K->1632K(260096K)] 405616K->147720K(761344K), 0.0042788 secs] [Times: user=0.00 sys=0.02, real=0.00 secs] 
2019-01-02T08:49:24.599+0900: 143211.126: [GC (Allocation Failure) [PSYoungGen: 259680K->1728K(259072K)] 405768K->147864K(760320K), 0.0044774 secs] [Times: user=0.01 sys=0.02, real=0.00 secs] 
2019-01-02T08:50:28.715+0900: 143275.242: [GC (Allocation Failure) [PSYoungGen: 258752K->1728K(259584K)] 404888K->147928K(760832K), 0.0045669 secs] [Times: user=0.01 sys=0.02, real=0.00 secs] 
2019-01-02T08:51:32.830+0900: 143339.357: [GC (Allocation Failure) [PSYoungGen: 258752K->1792K(259584K)] 404952K->148080K(760832K), 0.0046092 secs] [Times: user=0.04 sys=0.00, real=0.01 secs] 
2019-01-02T08:52:36.734+0900: 143403.260: [GC (Allocation Failure) [PSYoungGen: 258816K->1792K(259584K)] 405104K->148200K(760832K), 0.0046199 secs] [Times: user=0.02 sys=0.00, real=0.01 secs] 
2019-01-02T08:53:40.758+0900: 143467.285: [GC (Allocation Failure) [PSYoungGen: 258816K->1824K(259584K)] 405224K->148368K(760832K), 0.0046999 secs] [Times: user=0.00 sys=0.02, real=0.00 secs] 
2019-01-02T08:54:44.963+0900: 143531.490: [GC (Allocation Failure) [PSYoungGen: 258848K->1792K(259584K)] 405392K->148456K(760832K), 0.0046538 secs] [Times: user=0.01 sys=0.02, real=0.01 secs] 
2019-01-02T08:55:49.121+0900: 143595.648: [GC (Allocation Failure) [PSYoungGen: 258816K->1792K(259584K)] 405480K->148568K(760832K), 0.0047594 secs] [Times: user=0.01 sys=0.02, real=0.01 secs] 
2019-01-02T08:56:53.370+0900: 143659.897: [GC (Allocation Failure) [PSYoungGen: 258816K->1792K(259584K)] 405592K->148672K(760832K), 0.0046387 secs] [Times: user=0.01 sys=0.02, real=0.01 secs] 
2019-01-02T08:57:57.265+0900: 143723.792: [GC (Allocation Failure) [PSYoungGen: 258816K->1792K(259584K)] 405696K->148792K(760832K), 0.0047940 secs] [Times: user=0.02 sys=0.00, real=0.00 secs] 
2019-01-02T08:59:01.300+0900: 143787.826: [GC (Allocation Failure) [PSYoungGen: 258816K->1760K(259584K)] 405816K->148872K(760832K), 0.0046959 secs] [Times: user=0.01 sys=0.02, real=0.01 secs] 
2019-01-02T09:00:05.410+0900: 143851.937: [GC (Allocation Failure) [PSYoungGen: 258784K->1760K(259584K)] 405896K->148984K(760832K), 0.0043864 secs] [Times: user=0.00 sys=0.02, real=0.01 secs] 
2019-01-02T09:01:09.724+0900: 143916.251: [GC (Allocation Failure) [PSYoungGen: 258784K->1824K(259584K)] 406008K->149176K(760832K), 0.0045069 secs] [Times: user=0.01 sys=0.02, real=0.00 secs] 
2019-01-02T09:02:14.178+0900: 143980.705: [GC (Allocation Failure) [PSYoungGen: 258848K->1760K(259584K)] 406200K->149248K(760832K), 0.0045199 secs] [Times: user=0.01 sys=0.02, real=0.00 secs] 
2019-01-02T09:03:18.207+0900: 144044.734: [GC (Allocation Failure) [PSYoungGen: 258784K->1856K(259584K)] 406272K->149456K(760832K), 0.0047264 secs] [Times: user=0.01 sys=0.02, real=0.00 secs] 
2019-01-02T09:04:22.271+0900: 144108.797: [GC (Allocation Failure) [PSYoungGen: 258880K->1792K(259584K)] 406480K->149520K(760832K), 0.0124560 secs] [Times: user=0.03 sys=0.06, real=0.01 secs] 
2019-01-02T09:05:26.631+0900: 144173.158: [GC (Allocation Failure) [PSYoungGen: 258816K->1664K(259584K)] 406544K->149504K(760832K), 0.0046528 secs] [Times: user=0.00 sys=0.02, real=0.01 secs] 
2019-01-02T09:06:31.091+0900: 144237.618: [GC (Allocation Failure) [PSYoungGen: 258688K->1600K(259584K)] 406528K->149560K(760832K), 0.0043803 secs] [Times: user=0.02 sys=0.00, real=0.01 secs] 
2019-01-02T09:07:35.475+0900: 144302.002: [GC (Allocation Failure) [PSYoungGen: 258624K->1472K(259584K)] 406584K->149552K(760832K), 0.0044513 secs] [Times: user=0.00 sys=0.02, real=0.00 secs] 
2019-01-02T09:08:39.978+0900: 144366.505: [GC (Allocation Failure) [PSYoungGen: 258496K->1472K(259584K)] 406576K->149688K(760832K), 0.0043810 secs] [Times: user=0.01 sys=0.01, real=0.00 secs] 
2019-01-02T09:09:44.341+0900: 144430.868: [GC (Allocation Failure) [PSYoungGen: 258496K->1312K(259584K)] 406712K->149648K(760832K), 0.0040357 secs] [Times: user=0.01 sys=0.01, real=0.01 secs] 
2019-01-02T09:10:48.634+0900: 144495.161: [GC (Allocation Failure) [PSYoungGen: 258336K->1216K(259584K)] 406672K->149672K(760832K), 0.0039123 secs] [Times: user=0.00 sys=0.02, real=0.00 secs] 
2019-01-02T09:11:52.806+0900: 144559.333: [GC (Allocation Failure) [PSYoungGen: 258240K->1216K(259584K)] 406696K->149792K(760832K), 0.0038291 secs] [Times: user=0.01 sys=0.01, real=0.00 secs] 
2019-01-02T09:12:57.230+0900: 144623.756: [GC (Allocation Failure) [PSYoungGen: 258240K->1152K(259584K)] 406816K->149856K(760832K), 0.0040077 secs] [Times: user=0.00 sys=0.02, real=0.01 secs] 
2019-01-02T09:14:01.759+0900: 144688.286: [GC (Allocation Failure) [PSYoungGen: 258176K->1024K(259584K)] 406880K->149856K(760832K), 0.0031294 secs] [Times: user=0.01 sys=0.01, real=0.00 secs] 
2019-01-02T09:15:06.379+0900: 144752.906: [GC (Allocation Failure) [PSYoungGen: 258048K->960K(259584K)] 406880K->149912K(760832K), 0.0036576 secs] [Times: user=0.00 sys=0.02, real=0.00 secs] 
2019-01-02T09:16:10.935+0900: 144817.462: [GC (Allocation Failure) [PSYoungGen: 257984K->896K(259584K)] 406936K->149976K(760832K), 0.0037331 secs] [Times: user=0.00 sys=0.01, real=0.00 secs] 
2019-01-02T09:17:14.448+0900: 144880.975: [GC (Allocation Failure) [PSYoungGen: 257920K->800K(259584K)] 407000K->149984K(760832K), 0.0031381 secs] [Times: user=0.01 sys=0.02, real=0.00 secs] 
2019-01-02T09:18:19.186+0900: 144945.713: [GC (Allocation Failure) [PSYoungGen: 257824K->704K(259584K)] 407008K->150000K(760832K), 0.0033072 secs] [Times: user=0.00 sys=0.02, real=0.00 secs] 
2019-01-02T09:19:23.760+0900: 145010.287: [GC (Allocation Failure) [PSYoungGen: 257728K->672K(259584K)] 407024K->150080K(760832K), 0.0034365 secs] [Times: user=0.00 sys=0.01, real=0.01 secs] 
2019-01-02T09:20:28.015+0900: 145074.541: [GC (Allocation Failure) [PSYoungGen: 257696K->672K(259584K)] 407104K->150080K(760832K), 0.0033593 secs] [Times: user=0.01 sys=0.01, real=0.00 secs] 
2019-01-02T09:21:32.332+0900: 145138.859: [GC (Allocation Failure) [PSYoungGen: 257696K->608K(259584K)] 407104K->150016K(760832K), 0.0035795 secs] [Times: user=0.01 sys=0.01, real=0.01 secs] 
2019-01-02T09:22:37.033+0900: 145203.560: [GC (Allocation Failure) [PSYoungGen: 257632K->704K(259584K)] 407040K->150120K(760832K), 0.0035824 secs] [Times: user=0.00 sys=0.01, real=0.01 secs] 
2019-01-02T09:23:41.674+0900: 145268.201: [GC (Allocation Failure) [PSYoungGen: 257728K->640K(259584K)] 407144K->150056K(760832K), 0.0033892 secs] [Times: user=0.00 sys=0.02, real=0.00 secs] 
2019-01-02T09:24:45.192+0900: 145331.719: [GC (Allocation Failure) [PSYoungGen: 257664K->608K(258048K)] 407080K->150024K(759296K), 0.0038236 secs] [Times: user=0.00 sys=0.02, real=0.01 secs] 
2019-01-02T09:25:49.433+0900: 145395.959: [GC (Allocation Failure) [PSYoungGen: 257632K->704K(259072K)] 407048K->150120K(760320K), 0.0035428 secs] [Times: user=0.00 sys=0.02, real=0.01 secs] 
2019-01-02T09:26:53.810+0900: 145460.337: [GC (Allocation Failure) [PSYoungGen: 257728K->640K(259072K)] 407144K->150056K(760320K), 0.0035373 secs] [Times: user=0.00 sys=0.01, real=0.00 secs] 
2019-01-02T09:27:58.538+0900: 145525.065: [GC (Allocation Failure) [PSYoungGen: 257664K->640K(259584K)] 407080K->150064K(760832K), 0.0029605 secs] [Times: user=0.02 sys=0.00, real=0.00 secs] 
2019-01-02T09:29:02.971+0900: 145589.498: [GC (Allocation Failure) [PSYoungGen: 258176K->640K(259584K)] 407600K->150064K(760832K), 0.0034929 secs] [Times: user=0.00 sys=0.01, real=0.01 secs] 
2019-01-02T09:30:07.255+0900: 145653.781: [GC (Allocation Failure) [PSYoungGen: 258176K->736K(260096K)] 407600K->150160K(761344K), 0.0033053 secs] [Times: user=0.00 sys=0.01, real=0.00 secs] 
2019-01-02T09:31:11.727+0900: 145718.254: [GC (Allocation Failure) [PSYoungGen: 258784K->672K(260096K)] 408208K->150096K(761344K), 0.0033145 secs] [Times: user=0.00 sys=0.01, real=0.00 secs] 
2019-01-02T09:32:16.485+0900: 145783.011: [GC (Allocation Failure) [PSYoungGen: 258720K->672K(260096K)] 408144K->150104K(761344K), 0.0034544 secs] [Times: user=0.00 sys=0.02, real=0.00 secs] 
2019-01-02T09:33:21.324+0900: 145847.850: [GC (Allocation Failure) [PSYoungGen: 258720K->704K(260096K)] 408152K->150144K(761344K), 0.0030874 secs] [Times: user=0.01 sys=0.01, real=0.01 secs] 
2019-01-02T09:34:26.190+0900: 145912.717: [GC (Allocation Failure) [PSYoungGen: 258752K->640K(259072K)] 408192K->150080K(760320K), 0.0031937 secs] [Times: user=0.01 sys=0.00, real=0.00 secs] 
2019-01-02T09:35:31.040+0900: 145977.567: [GC (Allocation Failure) [PSYoungGen: 258688K->672K(259584K)] 408128K->150112K(760832K), 0.0031011 secs] [Times: user=0.00 sys=0.01, real=0.00 secs] 
2019-01-02T09:36:35.765+0900: 146042.292: [GC (Allocation Failure) [PSYoungGen: 258720K->672K(260096K)] 408160K->150112K(761344K), 0.0035362 secs] [Times: user=0.00 sys=0.01, real=0.00 secs] 
2019-01-02T09:37:40.718+0900: 146107.245: [GC (Allocation Failure) [PSYoungGen: 259232K->640K(260096K)] 408672K->150088K(761344K), 0.0031625 secs] [Times: user=0.00 sys=0.01, real=0.00 secs] 
2019-01-02T09:38:45.476+0900: 146172.003: [GC (Allocation Failure) [PSYoungGen: 259200K->640K(260608K)] 408648K->150088K(761856K), 0.0035053 secs] [Times: user=0.02 sys=0.00, real=0.00 secs] 
2019-01-02T09:39:50.242+0900: 146236.769: [GC (Allocation Failure) [PSYoungGen: 259712K->672K(260608K)] 409160K->150128K(761856K), 0.0036034 secs] [Times: user=0.01 sys=0.02, real=0.01 secs] 
2019-01-02T09:40:55.121+0900: 146301.647: [GC (Allocation Failure) [PSYoungGen: 259744K->672K(260608K)] 409200K->150128K(761856K), 0.0035068 secs] [Times: user=0.01 sys=0.01, real=0.01 secs] 
2019-01-02T09:42:00.075+0900: 146366.602: [GC (Allocation Failure) [PSYoungGen: 259744K->704K(260608K)] 409200K->150168K(761856K), 0.0035063 secs] [Times: user=0.01 sys=0.01, real=0.00 secs] 
2019-01-02T09:43:05.089+0900: 146431.616: [GC (Allocation Failure) [PSYoungGen: 259776K->640K(260608K)] 409240K->150104K(761856K), 0.0036250 secs] [Times: user=0.00 sys=0.02, real=0.00 secs] 
2019-01-02T09:44:09.811+0900: 146496.338: [GC (Allocation Failure) [PSYoungGen: 259712K->672K(260608K)] 409176K->150136K(761856K), 0.0032918 secs] [Times: user=0.00 sys=0.02, real=0.01 secs] 
2019-01-02T09:45:14.400+0900: 146560.926: [GC (Allocation Failure) [PSYoungGen: 259744K->640K(260608K)] 409208K->150104K(761856K), 0.0035725 secs] [Times: user=0.01 sys=0.01, real=0.00 secs] 
2019-01-02T09:46:19.220+0900: 146625.747: [GC (Allocation Failure) [PSYoungGen: 259712K->736K(260608K)] 409176K->150200K(761856K), 0.0033052 secs] [Times: user=0.00 sys=0.01, real=0.01 secs] 
2019-01-02T09:47:23.863+0900: 146690.390: [GC (Allocation Failure) [PSYoungGen: 259808K->640K(260608K)] 409272K->150104K(761856K), 0.0035678 secs] [Times: user=0.01 sys=0.01, real=0.01 secs] 
2019-01-02T09:48:28.714+0900: 146755.241: [GC (Allocation Failure) [PSYoungGen: 259712K->672K(260096K)] 409176K->150136K(761344K), 0.0029080 secs] [Times: user=0.00 sys=0.01, real=0.00 secs] 
2019-01-02T09:49:33.632+0900: 146820.159: [GC (Allocation Failure) [PSYoungGen: 259744K->672K(260096K)] 409208K->150144K(761344K), 0.0034223 secs] [Times: user=0.01 sys=0.01, real=0.01 secs] 
2019-01-02T09:50:38.470+0900: 146884.997: [GC (Allocation Failure) [PSYoungGen: 259744K->736K(260096K)] 409216K->150208K(761344K), 0.0033596 secs] [Times: user=0.01 sys=0.01, real=0.00 secs] 
2019-01-02T09:51:43.275+0900: 146949.802: [GC (Allocation Failure) [PSYoungGen: 259808K->704K(260608K)] 409280K->150184K(761856K), 0.0036381 secs] [Times: user=0.00 sys=0.01, real=0.00 secs] 
2019-01-02T09:52:48.231+0900: 147014.758: [GC (Allocation Failure) [PSYoungGen: 260288K->672K(260608K)] 409768K->150168K(761856K), 0.0036469 secs] [Times: user=0.00 sys=0.02, real=0.01 secs] 
2019-01-02T09:53:52.979+0900: 147079.506: [GC (Allocation Failure) [PSYoungGen: 260256K->704K(261120K)] 409752K->150216K(762368K), 0.0033602 secs] [Times: user=0.01 sys=0.01, real=0.00 secs] 
2019-01-02T09:54:57.780+0900: 147144.306: [GC (Allocation Failure) [PSYoungGen: 260800K->640K(261120K)] 410312K->150152K(762368K), 0.0037090 secs] [Times: user=0.01 sys=0.01, real=0.00 secs] 
2019-01-02T09:56:02.434+0900: 147208.961: [GC (Allocation Failure) [PSYoungGen: 260736K->672K(261120K)] 410248K->150184K(762368K), 0.0032169 secs] [Times: user=0.01 sys=0.01, real=0.00 secs] 
2019-01-02T09:57:07.224+0900: 147273.751: [GC (Allocation Failure) [PSYoungGen: 260768K->640K(261120K)] 410280K->150152K(762368K), 0.0032625 secs] [Times: user=0.02 sys=0.00, real=0.00 secs] 
2019-01-02T09:58:12.261+0900: 147338.788: [GC (Allocation Failure) [PSYoungGen: 260736K->640K(261120K)] 410248K->150152K(762368K), 0.0034261 secs] [Times: user=0.00 sys=0.02, real=0.01 secs] 
2019-01-02T09:59:17.334+0900: 147403.860: [GC (Allocation Failure) [PSYoungGen: 260736K->672K(261120K)] 410248K->150184K(762368K), 0.0033627 secs] [Times: user=0.00 sys=0.02, real=0.00 secs] 
2019-01-02T10:00:22.396+0900: 147468.923: [GC (Allocation Failure) [PSYoungGen: 260768K->640K(261120K)] 410280K->150152K(762368K), 0.0033670 secs] [Times: user=0.01 sys=0.01, real=0.00 secs] 
2019-01-02T10:01:27.576+0900: 147534.102: [GC (Allocation Failure) [PSYoungGen: 260736K->640K(261120K)] 410248K->150160K(762368K), 0.0029090 secs] [Times: user=0.01 sys=0.00, real=0.00 secs] 
2019-01-02T10:02:32.686+0900: 147599.213: [GC (Allocation Failure) [PSYoungGen: 260736K->640K(261120K)] 410256K->150168K(762368K), 0.0034933 secs] [Times: user=0.01 sys=0.02, real=0.00 secs] 
2019-01-02T10:03:37.602+0900: 147664.128: [GC (Allocation Failure) [PSYoungGen: 260736K->672K(261120K)] 410264K->150200K(762368K), 0.0032815 secs] [Times: user=0.01 sys=0.01, real=0.01 secs] 
2019-01-02T10:04:42.483+0900: 147729.010: [GC (Allocation Failure) [PSYoungGen: 260768K->672K(261120K)] 410296K->150200K(762368K), 0.0035255 secs] [Times: user=0.02 sys=0.00, real=0.01 secs] 
2019-01-02T10:05:47.546+0900: 147794.072: [GC (Allocation Failure) [PSYoungGen: 260768K->672K(261120K)] 410296K->150200K(762368K), 0.0032761 secs] [Times: user=0.00 sys=0.01, real=0.00 secs] 
2019-01-02T10:06:52.700+0900: 147859.227: [GC (Allocation Failure) [PSYoungGen: 260768K->704K(261120K)] 410296K->150232K(762368K), 0.0030426 secs] [Times: user=0.00 sys=0.01, real=0.00 secs] 
2019-01-02T10:07:57.330+0900: 147923.857: [GC (Allocation Failure) [PSYoungGen: 260800K->672K(261120K)] 410328K->150200K(762368K), 0.0032823 secs] [Times: user=0.02 sys=0.00, real=0.00 secs] 
2019-01-02T10:09:02.314+0900: 147988.840: [GC (Allocation Failure) [PSYoungGen: 260768K->640K(261120K)] 410296K->150168K(762368K), 0.0034058 secs] [Times: user=0.00 sys=0.01, real=0.00 secs] 
2019-01-02T10:10:07.320+0900: 148053.847: [GC (Allocation Failure) [PSYoungGen: 260736K->640K(261120K)] 410264K->150176K(762368K), 0.0032371 secs] [Times: user=0.00 sys=0.02, real=0.00 secs] 
2019-01-02T10:11:12.415+0900: 148118.942: [GC (Allocation Failure) [PSYoungGen: 260736K->672K(261120K)] 410272K->150208K(762368K), 0.0033035 secs] [Times: user=0.00 sys=0.02, real=0.00 secs] 
2019-01-02T10:12:17.307+0900: 148183.833: [GC (Allocation Failure) [PSYoungGen: 260768K->672K(261120K)] 410304K->150224K(762368K), 0.0035892 secs] [Times: user=0.01 sys=0.01, real=0.00 secs] 
2019-01-02T10:13:22.321+0900: 148248.848: [GC (Allocation Failure) [PSYoungGen: 260768K->672K(261120K)] 410320K->150224K(762368K), 0.0035220 secs] [Times: user=0.00 sys=0.01, real=0.01 secs] 
2019-01-02T10:14:27.221+0900: 148313.748: [GC (Allocation Failure) [PSYoungGen: 260768K->672K(261120K)] 410320K->150224K(762368K), 0.0033589 secs] [Times: user=0.00 sys=0.02, real=0.01 secs] 
2019-01-02T10:15:32.323+0900: 148378.850: [GC (Allocation Failure) [PSYoungGen: 260768K->672K(261120K)] 410320K->150224K(762368K), 0.0032851 secs] [Times: user=0.00 sys=0.01, real=0.01 secs] 
2019-01-02T10:16:37.265+0900: 148443.792: [GC (Allocation Failure) [PSYoungGen: 260768K->672K(261120K)] 410320K->150224K(762368K), 0.0029688 secs] [Times: user=0.00 sys=0.02, real=0.00 secs] 
2019-01-02T10:17:42.193+0900: 148508.720: [GC (Allocation Failure) [PSYoungGen: 260768K->704K(261120K)] 410320K->150256K(762368K), 0.0033302 secs] [Times: user=0.00 sys=0.02, real=0.01 secs] 
2019-01-02T10:18:47.168+0900: 148573.695: [GC (Allocation Failure) [PSYoungGen: 260800K->704K(261120K)] 410352K->150272K(762368K), 0.0033939 secs] [Times: user=0.02 sys=0.00, real=0.00 secs] 
2019-01-02T10:19:51.935+0900: 148638.462: [GC (Allocation Failure) [PSYoungGen: 260800K->704K(261120K)] 410368K->150272K(762368K), 0.0035195 secs] [Times: user=0.00 sys=0.02, real=0.00 secs] 
2019-01-02T10:20:57.064+0900: 148703.591: [GC (Allocation Failure) [PSYoungGen: 260800K->640K(261120K)] 410368K->150208K(762368K), 0.0033696 secs] [Times: user=0.00 sys=0.02, real=0.00 secs] 
2019-01-02T10:22:02.047+0900: 148768.574: [GC (Allocation Failure) [PSYoungGen: 260736K->640K(261120K)] 410304K->150208K(762368K), 0.0034495 secs] [Times: user=0.00 sys=0.02, real=0.00 secs] 
2019-01-02T10:23:06.862+0900: 148833.389: [GC (Allocation Failure) [PSYoungGen: 260736K->672K(261120K)] 410304K->150248K(762368K), 0.0031347 secs] [Times: user=0.02 sys=0.00, real=0.01 secs] 
2019-01-02T10:24:11.528+0900: 148898.055: [GC (Allocation Failure) [PSYoungGen: 260768K->672K(261120K)] 410344K->150248K(762368K), 0.0036688 secs] [Times: user=0.01 sys=0.01, real=0.00 secs] 
2019-01-02T10:25:16.451+0900: 148962.977: [GC (Allocation Failure) [PSYoungGen: 260768K->640K(261120K)] 410344K->150216K(762368K), 0.0039016 secs] [Times: user=0.00 sys=0.01, real=0.01 secs] 
2019-01-02T10:26:21.346+0900: 149027.873: [GC (Allocation Failure) [PSYoungGen: 260736K->640K(261120K)] 410312K->150224K(762368K), 0.0034660 secs] [Times: user=0.00 sys=0.01, real=0.00 secs] 
2019-01-02T10:27:26.461+0900: 149092.988: [GC (Allocation Failure) [PSYoungGen: 260736K->640K(261120K)] 410320K->150224K(762368K), 0.0033633 secs] [Times: user=0.00 sys=0.01, real=0.01 secs] 
2019-01-02T10:28:31.015+0900: 149157.542: [GC (Allocation Failure) [PSYoungGen: 260736K->672K(261120K)] 410320K->150256K(762368K), 0.0034299 secs] [Times: user=0.02 sys=0.00, real=0.00 secs] 
2019-01-02T10:29:35.741+0900: 149222.268: [GC (Allocation Failure) [PSYoungGen: 260768K->704K(261120K)] 410352K->150288K(762368K), 0.0032668 secs] [Times: user=0.00 sys=0.01, real=0.01 secs] 
2019-01-02T10:30:40.520+0900: 149287.047: [GC (Allocation Failure) [PSYoungGen: 260800K->672K(261120K)] 410384K->150256K(762368K), 0.0035883 secs] [Times: user=0.00 sys=0.02, real=0.01 secs] 
2019-01-02T10:31:45.661+0900: 149352.187: [GC (Allocation Failure) [PSYoungGen: 260768K->672K(261120K)] 410352K->150256K(762368K), 0.0032523 secs] [Times: user=0.00 sys=0.01, real=0.01 secs] 
2019-01-02T10:32:50.678+0900: 149417.205: [GC (Allocation Failure) [PSYoungGen: 260768K->704K(261120K)] 410352K->150296K(762368K), 0.0034323 secs] [Times: user=0.01 sys=0.02, real=0.00 secs] 
2019-01-02T10:33:55.274+0900: 149481.801: [GC (Allocation Failure) [PSYoungGen: 260800K->704K(261120K)] 410392K->150296K(762368K), 0.0034037 secs] [Times: user=0.00 sys=0.01, real=0.00 secs] 
2019-01-02T10:34:59.999+0900: 149546.526: [GC (Allocation Failure) [PSYoungGen: 260800K->640K(261120K)] 410392K->150232K(762368K), 0.0037499 secs] [Times: user=0.00 sys=0.01, real=0.00 secs] 
2019-01-02T10:36:04.974+0900: 149611.501: [GC (Allocation Failure) [PSYoungGen: 260736K->672K(261120K)] 410328K->150264K(762368K), 0.0031507 secs] [Times: user=0.00 sys=0.02, real=0.00 secs] 
2019-01-02T10:37:10.152+0900: 149676.679: [GC (Allocation Failure) [PSYoungGen: 260768K->704K(261120K)] 410360K->150304K(762368K), 0.0037885 secs] [Times: user=0.00 sys=0.02, real=0.01 secs] 
2019-01-02T10:38:15.174+0900: 149741.700: [GC (Allocation Failure) [PSYoungGen: 260800K->704K(261120K)] 410400K->150304K(762368K), 0.0033681 secs] [Times: user=0.00 sys=0.02, real=0.00 secs] 
2019-01-02T10:39:20.107+0900: 149806.634: [GC (Allocation Failure) [PSYoungGen: 260800K->672K(261120K)] 410400K->150272K(762368K), 0.0029810 secs] [Times: user=0.00 sys=0.01, real=0.00 secs] 
2019-01-02T10:40:25.070+0900: 149871.597: [GC (Allocation Failure) [PSYoungGen: 260768K->672K(261120K)] 410368K->150280K(762368K), 0.0033486 secs] [Times: user=0.00 sys=0.01, real=0.00 secs] 
2019-01-02T10:41:30.057+0900: 149936.583: [GC (Allocation Failure) [PSYoungGen: 260768K->672K(261120K)] 410376K->150280K(762368K), 0.0034825 secs] [Times: user=0.00 sys=0.02, real=0.00 secs] 
2019-01-02T10:42:35.009+0900: 150001.536: [GC (Allocation Failure) [PSYoungGen: 260768K->608K(261120K)] 410376K->150216K(762368K), 0.0031970 secs] [Times: user=0.02 sys=0.00, real=0.00 secs] 
2019-01-02T10:43:40.013+0900: 150066.539: [GC (Allocation Failure) [PSYoungGen: 260704K->640K(261120K)] 410312K->150248K(762368K), 0.0032837 secs] [Times: user=0.01 sys=0.01, real=0.01 secs] 
2019-01-02T10:44:44.794+0900: 150131.321: [GC (Allocation Failure) [PSYoungGen: 260736K->672K(261120K)] 410344K->150280K(762368K), 0.0031419 secs] [Times: user=0.02 sys=0.00, real=0.00 secs] 
2019-01-02T10:45:49.757+0900: 150196.284: [GC (Allocation Failure) [PSYoungGen: 260768K->672K(261120K)] 410376K->150280K(762368K), 0.0033548 secs] [Times: user=0.00 sys=0.01, real=0.00 secs] 
2019-01-02T10:46:54.647+0900: 150261.174: [GC (Allocation Failure) [PSYoungGen: 260768K->640K(261120K)] 410376K->150256K(762368K), 0.0034813 secs] [Times: user=0.01 sys=0.01, real=0.00 secs] 
2019-01-02T10:47:59.695+0900: 150326.221: [GC (Allocation Failure) [PSYoungGen: 260736K->672K(261120K)] 410352K->150296K(762368K), 0.0035184 secs] [Times: user=0.00 sys=0.01, real=0.00 secs] 
2019-01-02T10:49:04.307+0900: 150390.833: [GC (Allocation Failure) [PSYoungGen: 260768K->672K(261120K)] 410392K->150304K(762368K), 0.0032503 secs] [Times: user=0.00 sys=0.02, real=0.00 secs] 
2019-01-02T10:50:09.154+0900: 150455.681: [GC (Allocation Failure) [PSYoungGen: 260768K->640K(261120K)] 410400K->150272K(762368K), 0.0035308 secs] [Times: user=0.01 sys=0.02, real=0.00 secs] 
2019-01-02T10:51:14.184+0900: 150520.711: [GC (Allocation Failure) [PSYoungGen: 260736K->672K(261120K)] 410368K->150312K(762368K), 0.0033596 secs] [Times: user=0.00 sys=0.02, real=0.00 secs] 
2019-01-02T10:52:18.799+0900: 150585.325: [GC (Allocation Failure) [PSYoungGen: 260768K->640K(261120K)] 410408K->150288K(762368K), 0.0034844 secs] [Times: user=0.00 sys=0.02, real=0.00 secs] 
2019-01-02T10:53:23.480+0900: 150650.007: [GC (Allocation Failure) [PSYoungGen: 260736K->672K(261120K)] 410384K->150328K(762368K), 0.0038324 secs] [Times: user=0.01 sys=0.01, real=0.01 secs] 
2019-01-02T10:54:28.186+0900: 150714.713: [GC (Allocation Failure) [PSYoungGen: 260761K->704K(261120K)] 410418K->150368K(762368K), 0.0034817 secs] [Times: user=0.00 sys=0.02, real=0.00 secs] 
2019-01-02T10:55:32.836+0900: 150779.362: [GC (Allocation Failure) [PSYoungGen: 260800K->640K(261120K)] 410464K->150304K(762368K), 0.0030816 secs] [Times: user=0.00 sys=0.02, real=0.00 secs] 
2019-01-02T10:56:37.814+0900: 150844.341: [GC (Allocation Failure) [PSYoungGen: 260736K->640K(261120K)] 410400K->150304K(762368K), 0.0035474 secs] [Times: user=0.02 sys=0.00, real=0.00 secs] 
2019-01-02T10:57:42.829+0900: 150909.356: [GC (Allocation Failure) [PSYoungGen: 260736K->704K(261120K)] 410400K->150368K(762368K), 0.0033701 secs] [Times: user=0.02 sys=0.00, real=0.00 secs] 
2019-01-02T10:58:47.440+0900: 150973.967: [GC (Allocation Failure) [PSYoungGen: 260800K->672K(261120K)] 410464K->150344K(762368K), 0.0033509 secs] [Times: user=0.00 sys=0.01, real=0.00 secs] 
2019-01-02T10:59:52.384+0900: 151038.911: [GC (Allocation Failure) [PSYoungGen: 260768K->704K(261120K)] 410440K->150376K(762368K), 0.0034683 secs] [Times: user=0.01 sys=0.02, real=0.00 secs] 
2019-01-02T11:00:57.315+0900: 151103.842: [GC (Allocation Failure) [PSYoungGen: 260800K->640K(261120K)] 410472K->150312K(762368K), 0.0035374 secs] [Times: user=0.00 sys=0.01, real=0.00 secs] 
2019-01-02T11:02:01.923+0900: 151168.449: [GC (Allocation Failure) [PSYoungGen: 260736K->704K(261120K)] 410408K->150376K(762368K), 0.0036893 secs] [Times: user=0.00 sys=0.02, real=0.01 secs] 
2019-01-02T11:03:06.496+0900: 151233.022: [GC (Allocation Failure) [PSYoungGen: 260800K->704K(261120K)] 410472K->150376K(762368K), 0.0035284 secs] [Times: user=0.02 sys=0.00, real=0.00 secs] 
2019-01-02T11:04:11.397+0900: 151297.923: [GC (Allocation Failure) [PSYoungGen: 260800K->672K(261120K)] 410472K->150344K(762368K), 0.0034896 secs] [Times: user=0.00 sys=0.02, real=0.00 secs] 
2019-01-02T11:05:16.446+0900: 151362.973: [GC (Allocation Failure) [PSYoungGen: 260768K->640K(261120K)] 410440K->150312K(762368K), 0.0033739 secs] [Times: user=0.00 sys=0.01, real=0.00 secs] 
2019-01-02T11:06:21.408+0900: 151427.935: [GC (Allocation Failure) [PSYoungGen: 260736K->576K(261120K)] 410408K->150248K(762368K), 0.0033614 secs] [Times: user=0.00 sys=0.02, real=0.00 secs] 
2019-01-02T11:07:26.163+0900: 151492.689: [GC (Allocation Failure) [PSYoungGen: 260672K->704K(261120K)] 410344K->150376K(762368K), 0.0035116 secs] [Times: user=0.00 sys=0.01, real=0.01 secs] 
2019-01-02T11:08:30.920+0900: 151557.446: [GC (Allocation Failure) [PSYoungGen: 260800K->640K(261120K)] 410472K->150312K(762368K), 0.0029230 secs] [Times: user=0.00 sys=0.01, real=0.00 secs] 
2019-01-02T11:09:35.669+0900: 151622.196: [GC (Allocation Failure) [PSYoungGen: 260736K->736K(261120K)] 410408K->150408K(762368K), 0.0034610 secs] [Times: user=0.00 sys=0.02, real=0.00 secs] 
2019-01-02T11:10:40.546+0900: 151687.072: [GC (Allocation Failure) [PSYoungGen: 260832K->672K(261120K)] 410504K->150344K(762368K), 0.0035651 secs] [Times: user=0.00 sys=0.02, real=0.00 secs] 
2019-01-02T11:11:45.133+0900: 151751.659: [GC (Allocation Failure) [PSYoungGen: 260768K->704K(261120K)] 410440K->150376K(762368K), 0.0038175 secs] [Times: user=0.01 sys=0.02, real=0.01 secs] 
2019-01-02T11:12:49.782+0900: 151816.309: [GC (Allocation Failure) [PSYoungGen: 260800K->736K(261120K)] 410472K->150408K(762368K), 0.0039325 secs] [Times: user=0.02 sys=0.00, real=0.01 secs] 
2019-01-02T11:13:54.691+0900: 151881.218: [GC (Allocation Failure) [PSYoungGen: 260832K->672K(261120K)] 410504K->150352K(762368K), 0.0033451 secs] [Times: user=0.00 sys=0.01, real=0.01 secs] 
2019-01-02T11:14:59.625+0900: 151946.152: [GC (Allocation Failure) [PSYoungGen: 260768K->640K(261120K)] 410448K->150320K(762368K), 0.0032111 secs] [Times: user=0.00 sys=0.02, real=0.00 secs] 
2019-01-02T11:16:04.402+0900: 152010.929: [GC (Allocation Failure) [PSYoungGen: 260736K->736K(261120K)] 410416K->150432K(762368K), 0.0033479 secs] [Times: user=0.01 sys=0.01, real=0.01 secs] 
2019-01-02T11:17:09.172+0900: 152075.698: [GC (Allocation Failure) [PSYoungGen: 260832K->640K(261120K)] 410528K->150336K(762368K), 0.0036064 secs] [Times: user=0.01 sys=0.01, real=0.01 secs] 
2019-01-02T11:18:13.711+0900: 152140.238: [GC (Allocation Failure) [PSYoungGen: 260736K->640K(261120K)] 410432K->150344K(762368K), 0.0038015 secs] [Times: user=0.02 sys=0.00, real=0.01 secs] 
2019-01-02T11:19:18.299+0900: 152204.826: [GC (Allocation Failure) [PSYoungGen: 260736K->640K(261120K)] 410440K->150360K(762368K), 0.0039599 secs] [Times: user=0.02 sys=0.00, real=0.00 secs] 
2019-01-02T11:20:22.745+0900: 152269.271: [GC (Allocation Failure) [PSYoungGen: 260736K->672K(261120K)] 410456K->150400K(762368K), 0.0035174 secs] [Times: user=0.00 sys=0.01, real=0.00 secs] 
2019-01-02T11:21:27.468+0900: 152333.995: [GC (Allocation Failure) [PSYoungGen: 260768K->672K(261120K)] 410496K->150400K(762368K), 0.0031302 secs] [Times: user=0.01 sys=0.01, real=0.00 secs] 
2019-01-02T11:22:31.717+0900: 152398.244: [GC (Allocation Failure) [PSYoungGen: 260768K->704K(261120K)] 410496K->150432K(762368K), 0.0035045 secs] [Times: user=0.00 sys=0.02, real=0.00 secs] 
2019-01-02T11:23:36.150+0900: 152462.677: [GC (Allocation Failure) [PSYoungGen: 260800K->672K(261120K)] 410528K->150408K(762368K), 0.0033819 secs] [Times: user=0.00 sys=0.02, real=0.01 secs] 
2019-01-02T11:24:40.674+0900: 152527.200: [GC (Allocation Failure) [PSYoungGen: 260768K->736K(261120K)] 410504K->150472K(762368K), 0.0035153 secs] [Times: user=0.00 sys=0.02, real=0.00 secs] 
2019-01-02T11:25:45.301+0900: 152591.827: [GC (Allocation Failure) [PSYoungGen: 260832K->672K(261120K)] 410568K->150408K(762368K), 0.0029926 secs] [Times: user=0.00 sys=0.01, real=0.01 secs] 
2019-01-02T11:26:49.969+0900: 152656.496: [GC (Allocation Failure) [PSYoungGen: 260768K->672K(261120K)] 410504K->150408K(762368K), 0.0033603 secs] [Times: user=0.01 sys=0.01, real=0.00 secs] 
2019-01-02T11:27:54.772+0900: 152721.298: [GC (Allocation Failure) [PSYoungGen: 260768K->640K(261120K)] 410504K->150376K(762368K), 0.0034078 secs] [Times: user=0.00 sys=0.02, real=0.01 secs] 
2019-01-02T11:28:59.577+0900: 152786.103: [GC (Allocation Failure) [PSYoungGen: 260736K->736K(261120K)] 410472K->150472K(762368K), 0.0029663 secs] [Times: user=0.00 sys=0.01, real=0.00 secs] 
2019-01-02T11:30:04.406+0900: 152850.933: [GC (Allocation Failure) [PSYoungGen: 260832K->608K(261120K)] 410568K->150344K(762368K), 0.0034060 secs] [Times: user=0.00 sys=0.02, real=0.00 secs] 
2019-01-02T11:31:09.265+0900: 152915.792: [GC (Allocation Failure) [PSYoungGen: 260704K->704K(261120K)] 410440K->150440K(762368K), 0.0032482 secs] [Times: user=0.01 sys=0.01, real=0.00 secs] 
2019-01-02T11:32:14.040+0900: 152980.566: [GC (Allocation Failure) [PSYoungGen: 260800K->704K(261120K)] 410536K->150440K(762368K), 0.0039005 secs] [Times: user=0.01 sys=0.01, real=0.00 secs] 
2019-01-02T11:33:18.885+0900: 153045.412: [GC (Allocation Failure) [PSYoungGen: 260800K->672K(261120K)] 410536K->150408K(762368K), 0.0034182 secs] [Times: user=0.00 sys=0.01, real=0.00 secs] 
2019-01-02T11:34:23.532+0900: 153110.059: [GC (Allocation Failure) [PSYoungGen: 260768K->672K(261120K)] 410504K->150408K(762368K), 0.0033259 secs] [Times: user=0.01 sys=0.01, real=0.01 secs] 
2019-01-02T11:35:28.148+0900: 153174.675: [GC (Allocation Failure) [PSYoungGen: 260768K->640K(261120K)] 410504K->150376K(762368K), 0.0033590 secs] [Times: user=0.00 sys=0.02, real=0.00 secs] 
2019-01-02T11:36:33.015+0900: 153239.541: [GC (Allocation Failure) [PSYoungGen: 260736K->672K(261120K)] 410472K->150408K(762368K), 0.0036345 secs] [Times: user=0.02 sys=0.00, real=0.00 secs] 
2019-01-02T11:37:37.814+0900: 153304.340: [GC (Allocation Failure) [PSYoungGen: 260768K->736K(261120K)] 410504K->150472K(762368K), 0.0033226 secs] [Times: user=0.00 sys=0.01, real=0.01 secs] 
2019-01-02T11:38:42.149+0900: 153368.675: [GC (Allocation Failure) [PSYoungGen: 260832K->704K(261120K)] 410568K->150440K(762368K), 0.0036036 secs] [Times: user=0.01 sys=0.01, real=0.00 secs] 
2019-01-02T11:39:46.783+0900: 153433.309: [GC (Allocation Failure) [PSYoungGen: 260800K->672K(261120K)] 410536K->150408K(762368K), 0.0032255 secs] [Times: user=0.00 sys=0.02, real=0.01 secs] 
2019-01-02T11:40:51.336+0900: 153497.863: [GC (Allocation Failure) [PSYoungGen: 260768K->640K(261120K)] 410504K->150376K(762368K), 0.0032129 secs] [Times: user=0.01 sys=0.01, real=0.00 secs] 
2019-01-02T11:41:56.294+0900: 153562.821: [GC (Allocation Failure) [PSYoungGen: 260736K->672K(261120K)] 410472K->150408K(762368K), 0.0032741 secs] [Times: user=0.00 sys=0.01, real=0.00 secs] 
2019-01-02T11:43:00.557+0900: 153627.084: [GC (Allocation Failure) [PSYoungGen: 260768K->704K(261120K)] 410504K->150440K(762368K), 0.0034022 secs] [Times: user=0.02 sys=0.00, real=0.00 secs] 
2019-01-02T11:44:05.004+0900: 153691.531: [GC (Allocation Failure) [PSYoungGen: 260800K->608K(261120K)] 410536K->150344K(762368K), 0.0033619 secs] [Times: user=0.01 sys=0.01, real=0.00 secs] 
2019-01-02T11:45:09.658+0900: 153756.185: [GC (Allocation Failure) [PSYoungGen: 260704K->704K(261120K)] 410440K->150440K(762368K), 0.0034103 secs] [Times: user=0.00 sys=0.01, real=0.00 secs] 
2019-01-02T11:46:14.406+0900: 153820.932: [GC (Allocation Failure) [PSYoungGen: 260800K->640K(261120K)] 410536K->150384K(762368K), 0.0035231 secs] [Times: user=0.00 sys=0.01, real=0.00 secs] 
2019-01-02T11:47:19.176+0900: 153885.703: [GC (Allocation Failure) [PSYoungGen: 260736K->640K(261120K)] 410480K->150392K(762368K), 0.0033430 secs] [Times: user=0.01 sys=0.01, real=0.00 secs] 
2019-01-02T11:48:24.008+0900: 153950.535: [GC (Allocation Failure) [PSYoungGen: 260736K->704K(261120K)] 410488K->150456K(762368K), 0.0033457 secs] [Times: user=0.01 sys=0.01, real=0.00 secs] 
2019-01-02T11:49:28.648+0900: 154015.175: [GC (Allocation Failure) [PSYoungGen: 260800K->672K(261120K)] 410552K->150448K(762368K), 0.0034283 secs] [Times: user=0.01 sys=0.02, real=0.00 secs] 
2019-01-02T11:50:32.948+0900: 154079.474: [GC (Allocation Failure) [PSYoungGen: 260768K->640K(261120K)] 410544K->150416K(762368K), 0.0033575 secs] [Times: user=0.00 sys=0.02, real=0.00 secs] 
2019-01-02T11:51:37.550+0900: 154144.077: [GC (Allocation Failure) [PSYoungGen: 260736K->640K(261120K)] 410512K->150416K(762368K), 0.0033697 secs] [Times: user=0.02 sys=0.00, real=0.01 secs] 
2019-01-02T11:52:41.816+0900: 154208.343: [GC (Allocation Failure) [PSYoungGen: 260736K->640K(261120K)] 410512K->150416K(762368K), 0.0033148 secs] [Times: user=0.00 sys=0.01, real=0.00 secs] 
2019-01-02T11:53:46.246+0900: 154272.773: [GC (Allocation Failure) [PSYoungGen: 260736K->704K(261120K)] 410512K->150488K(762368K), 0.0032457 secs] [Times: user=0.00 sys=0.01, real=0.00 secs] 
2019-01-02T11:54:50.611+0900: 154337.138: [GC (Allocation Failure) [PSYoungGen: 260800K->640K(261120K)] 410584K->150432K(762368K), 0.0032609 secs] [Times: user=0.00 sys=0.01, real=0.01 secs] 
2019-01-02T11:55:55.215+0900: 154401.742: [GC (Allocation Failure) [PSYoungGen: 260736K->704K(261120K)] 410528K->150496K(762368K), 0.0031228 secs] [Times: user=0.00 sys=0.01, real=0.00 secs] 
2019-01-02T11:56:59.905+0900: 154466.432: [GC (Allocation Failure) [PSYoungGen: 260800K->672K(261120K)] 410592K->150464K(762368K), 0.0033880 secs] [Times: user=0.01 sys=0.02, real=0.00 secs] 
2019-01-02T11:58:04.547+0900: 154531.074: [GC (Allocation Failure) [PSYoungGen: 260768K->672K(261120K)] 410560K->150472K(762368K), 0.0036126 secs] [Times: user=0.01 sys=0.01, real=0.00 secs] 
2019-01-02T11:59:09.310+0900: 154595.837: [GC (Allocation Failure) [PSYoungGen: 260768K->672K(261120K)] 410568K->150472K(762368K), 0.0034430 secs] [Times: user=0.00 sys=0.01, real=0.00 secs] 
2019-01-02T12:00:14.075+0900: 154660.601: [GC (Allocation Failure) [PSYoungGen: 260768K->672K(261120K)] 410568K->150472K(762368K), 0.0029796 secs] [Times: user=0.00 sys=0.01, real=0.00 secs] 
2019-01-02T12:01:18.796+0900: 154725.322: [GC (Allocation Failure) [PSYoungGen: 260768K->640K(261120K)] 410568K->150440K(762368K), 0.0034681 secs] [Times: user=0.01 sys=0.01, real=0.00 secs] 
2019-01-02T12:02:23.298+0900: 154789.824: [GC (Allocation Failure) [PSYoungGen: 260736K->672K(261120K)] 410536K->150472K(762368K), 0.0033998 secs] [Times: user=0.00 sys=0.01, real=0.00 secs] 
2019-01-02T12:03:28.073+0900: 154854.600: [GC (Allocation Failure) [PSYoungGen: 260768K->640K(261120K)] 410568K->150440K(762368K), 0.0034498 secs] [Times: user=0.00 sys=0.01, real=0.01 secs] 
2019-01-02T12:04:32.602+0900: 154919.129: [GC (Allocation Failure) [PSYoungGen: 260736K->704K(261120K)] 410536K->150504K(762368K), 0.0035140 secs] [Times: user=0.00 sys=0.02, real=0.01 secs] 
2019-01-02T12:05:37.564+0900: 154984.090: [GC (Allocation Failure) [PSYoungGen: 260800K->672K(261120K)] 410600K->150480K(762368K), 0.0037588 secs] [Times: user=0.01 sys=0.01, real=0.00 secs] 
2019-01-02T12:06:42.700+0900: 155049.226: [GC (Allocation Failure) [PSYoungGen: 260768K->704K(261120K)] 410576K->150512K(762368K), 0.0035050 secs] [Times: user=0.00 sys=0.02, real=0.00 secs] 
2019-01-02T12:07:47.599+0900: 155114.125: [GC (Allocation Failure) [PSYoungGen: 260800K->704K(261120K)] 410608K->150520K(762368K), 0.0031225 secs] [Times: user=0.00 sys=0.01, real=0.00 secs] 
2019-01-02T12:08:52.558+0900: 155179.084: [GC (Allocation Failure) [PSYoungGen: 260800K->672K(261120K)] 410616K->150488K(762368K), 0.0028376 secs] [Times: user=0.00 sys=0.01, real=0.00 secs] 
2019-01-02T12:09:57.814+0900: 155244.341: [GC (Allocation Failure) [PSYoungGen: 260768K->704K(261120K)] 410584K->150528K(762368K), 0.0033355 secs] [Times: user=0.00 sys=0.02, real=0.00 secs] 
2019-01-02T12:11:02.936+0900: 155309.462: [GC (Allocation Failure) [PSYoungGen: 260800K->672K(261120K)] 410624K->150496K(762368K), 0.0032137 secs] [Times: user=0.01 sys=0.01, real=0.00 secs] 
2019-01-02T12:12:07.775+0900: 155374.302: [GC (Allocation Failure) [PSYoungGen: 260768K->608K(261120K)] 410592K->150432K(762368K), 0.0034225 secs] [Times: user=0.01 sys=0.01, real=0.00 secs] 
2019-01-02T12:13:12.575+0900: 155439.101: [GC (Allocation Failure) [PSYoungGen: 260704K->736K(261120K)] 410528K->150568K(762368K), 0.0035961 secs] [Times: user=0.00 sys=0.01, real=0.00 secs] 
2019-01-02T12:14:17.568+0900: 155504.095: [GC (Allocation Failure) [PSYoungGen: 260832K->672K(261120K)] 410664K->150504K(762368K), 0.0035954 secs] [Times: user=0.01 sys=0.01, real=0.00 secs] 
2019-01-02T12:15:22.734+0900: 155569.261: [GC (Allocation Failure) [PSYoungGen: 260768K->704K(261120K)] 410600K->150536K(762368K), 0.0033705 secs] [Times: user=0.01 sys=0.01, real=0.00 secs] 
2019-01-02T12:16:27.755+0900: 155634.282: [GC (Allocation Failure) [PSYoungGen: 260800K->704K(261120K)] 410632K->150544K(762368K), 0.0031481 secs] [Times: user=0.00 sys=0.01, real=0.00 secs] 
2019-01-02T12:17:32.583+0900: 155699.110: [GC (Allocation Failure) [PSYoungGen: 260800K->672K(261120K)] 410640K->150512K(762368K), 0.0029199 secs] [Times: user=0.00 sys=0.01, real=0.01 secs] 
2019-01-02T12:18:37.554+0900: 155764.081: [GC (Allocation Failure) [PSYoungGen: 260768K->672K(261120K)] 410608K->150512K(762368K), 0.0033754 secs] [Times: user=0.01 sys=0.01, real=0.00 secs] 
2019-01-02T12:19:42.177+0900: 155828.703: [GC (Allocation Failure) [PSYoungGen: 260768K->672K(261120K)] 410608K->150520K(762368K), 0.0035032 secs] [Times: user=0.00 sys=0.02, real=0.00 secs] 
2019-01-02T12:20:46.869+0900: 155893.396: [GC (Allocation Failure) [PSYoungGen: 260768K->672K(261120K)] 410616K->150520K(762368K), 0.0032573 secs] [Times: user=0.01 sys=0.01, real=0.00 secs] 
2019-01-02T12:21:51.802+0900: 155958.329: [GC (Allocation Failure) [PSYoungGen: 260768K->608K(261120K)] 410616K->150456K(762368K), 0.0028841 secs] [Times: user=0.00 sys=0.01, real=0.01 secs] 
2019-01-02T12:22:56.853+0900: 156023.380: [GC (Allocation Failure) [PSYoungGen: 260704K->736K(261120K)] 410552K->150592K(762368K), 0.0030103 secs] [Times: user=0.00 sys=0.01, real=0.01 secs] 
2019-01-02T12:24:01.912+0900: 156088.439: [GC (Allocation Failure) [PSYoungGen: 260832K->640K(261120K)] 410688K->150504K(762368K), 0.0030244 secs] [Times: user=0.00 sys=0.01, real=0.01 secs] 
2019-01-02T12:25:07.145+0900: 156153.672: [GC (Allocation Failure) [PSYoungGen: 260736K->672K(261120K)] 410600K->150536K(762368K), 0.0033182 secs] [Times: user=0.01 sys=0.01, real=0.00 secs] 
2019-01-02T12:26:12.139+0900: 156218.666: [GC (Allocation Failure) [PSYoungGen: 260768K->672K(261120K)] 410632K->150536K(762368K), 0.0033033 secs] [Times: user=0.00 sys=0.01, real=0.00 secs] 
2019-01-02T12:27:17.295+0900: 156283.822: [GC (Allocation Failure) [PSYoungGen: 260768K->640K(261120K)] 410632K->150512K(762368K), 0.0033453 secs] [Times: user=0.01 sys=0.01, real=0.00 secs] 
2019-01-02T12:28:22.441+0900: 156348.968: [GC (Allocation Failure) [PSYoungGen: 260736K->672K(261120K)] 410608K->150544K(762368K), 0.0035525 secs] [Times: user=0.00 sys=0.02, real=0.01 secs] 
2019-01-02T12:29:27.578+0900: 156414.104: [GC (Allocation Failure) [PSYoungGen: 260768K->672K(261120K)] 410640K->150552K(762368K), 0.0034040 secs] [Times: user=0.00 sys=0.01, real=0.00 secs] 
2019-01-02T12:30:32.685+0900: 156479.212: [GC (Allocation Failure) [PSYoungGen: 260768K->672K(261120K)] 410648K->150552K(762368K), 0.0034427 secs] [Times: user=0.00 sys=0.01, real=0.00 secs] 
2019-01-02T12:31:37.892+0900: 156544.419: [GC (Allocation Failure) [PSYoungGen: 260768K->672K(261120K)] 410648K->150552K(762368K), 0.0035997 secs] [Times: user=0.01 sys=0.00, real=0.01 secs] 
2019-01-02T12:32:43.088+0900: 156609.614: [GC (Allocation Failure) [PSYoungGen: 260768K->672K(261120K)] 410648K->150552K(762368K), 0.0033808 secs] [Times: user=0.00 sys=0.01, real=0.00 secs] 
2019-01-02T12:33:48.167+0900: 156674.693: [GC (Allocation Failure) [PSYoungGen: 260768K->672K(261120K)] 410648K->150552K(762368K), 0.0033055 secs] [Times: user=0.00 sys=0.02, real=0.00 secs] 
2019-01-02T12:34:53.189+0900: 156739.715: [GC (Allocation Failure) [PSYoungGen: 260768K->608K(261120K)] 410648K->150488K(762368K), 0.0035545 secs] [Times: user=0.01 sys=0.02, real=0.00 secs] 
2019-01-02T12:35:58.240+0900: 156804.767: [GC (Allocation Failure) [PSYoungGen: 260704K->704K(261120K)] 410584K->150584K(762368K), 0.0030915 secs] [Times: user=0.00 sys=0.01, real=0.00 secs] 
2019-01-02T12:37:03.114+0900: 156869.640: [GC (Allocation Failure) [PSYoungGen: 260800K->640K(261120K)] 410680K->150520K(762368K), 0.0036474 secs] [Times: user=0.00 sys=0.02, real=0.00 secs] 
2019-01-02T12:38:08.129+0900: 156934.655: [GC (Allocation Failure) [PSYoungGen: 260736K->672K(261120K)] 410616K->150560K(762368K), 0.0035372 secs] [Times: user=0.00 sys=0.01, real=0.00 secs] 
2019-01-02T12:39:12.802+0900: 156999.328: [GC (Allocation Failure) [PSYoungGen: 260768K->672K(261120K)] 410656K->150560K(762368K), 0.0028851 secs] [Times: user=0.01 sys=0.01, real=0.01 secs] 
2019-01-02T12:40:17.857+0900: 157064.384: [GC (Allocation Failure) [PSYoungGen: 260768K->672K(261120K)] 410656K->150560K(762368K), 0.0036412 secs] [Times: user=0.00 sys=0.01, real=0.00 secs] 
2019-01-02T12:41:22.981+0900: 157129.507: [GC (Allocation Failure) [PSYoungGen: 260768K->704K(261120K)] 410656K->150592K(762368K), 0.0030277 secs] [Times: user=0.02 sys=0.00, real=0.01 secs] 
2019-01-02T12:42:28.163+0900: 157194.690: [GC (Allocation Failure) [PSYoungGen: 260800K->640K(261120K)] 410688K->150528K(762368K), 0.0031546 secs] [Times: user=0.00 sys=0.01, real=0.01 secs] 
2019-01-02T12:43:33.147+0900: 157259.673: [GC (Allocation Failure) [PSYoungGen: 260736K->672K(261120K)] 410624K->150560K(762368K), 0.0035922 secs] [Times: user=0.01 sys=0.02, real=0.00 secs] 
2019-01-02T12:44:38.004+0900: 157324.530: [GC (Allocation Failure) [PSYoungGen: 260768K->704K(261120K)] 410656K->150592K(762368K), 0.0035592 secs] [Times: user=0.00 sys=0.01, real=0.00 secs] 
2019-01-02T12:45:42.858+0900: 157389.385: [GC (Allocation Failure) [PSYoungGen: 260800K->704K(261120K)] 410688K->150592K(762368K), 0.0034286 secs] [Times: user=0.01 sys=0.02, real=0.00 secs] 
2019-01-02T12:46:47.595+0900: 157454.122: [GC (Allocation Failure) [PSYoungGen: 260800K->704K(261120K)] 410688K->150592K(762368K), 0.0033547 secs] [Times: user=0.00 sys=0.02, real=0.00 secs] 
2019-01-02T12:47:52.648+0900: 157519.175: [GC (Allocation Failure) [PSYoungGen: 260800K->640K(261120K)] 410688K->150528K(762368K), 0.0034362 secs] [Times: user=0.01 sys=0.00, real=0.00 secs] 
2019-01-02T12:48:57.816+0900: 157584.343: [GC (Allocation Failure) [PSYoungGen: 260736K->704K(261120K)] 410624K->150608K(762368K), 0.0037043 secs] [Times: user=0.00 sys=0.01, real=0.00 secs] 
2019-01-02T12:50:03.037+0900: 157649.564: [GC (Allocation Failure) [PSYoungGen: 260800K->640K(261120K)] 410704K->150544K(762368K), 0.0034273 secs] [Times: user=0.01 sys=0.02, real=0.00 secs] 
2019-01-02T12:51:08.202+0900: 157714.729: [GC (Allocation Failure) [PSYoungGen: 260736K->672K(261120K)] 410640K->150576K(762368K), 0.0034375 secs] [Times: user=0.00 sys=0.01, real=0.01 secs] 
2019-01-02T12:52:13.382+0900: 157779.908: [GC (Allocation Failure) [PSYoungGen: 260768K->672K(261120K)] 410672K->150576K(762368K), 0.0029584 secs] [Times: user=0.00 sys=0.01, real=0.01 secs] 
2019-01-02T12:53:18.476+0900: 157845.003: [GC (Allocation Failure) [PSYoungGen: 260768K->672K(261120K)] 410672K->150576K(762368K), 0.0035523 secs] [Times: user=0.00 sys=0.01, real=0.00 secs] 
2019-01-02T12:54:23.615+0900: 157910.141: [GC (Allocation Failure) [PSYoungGen: 260768K->640K(261120K)] 410672K->150560K(762368K), 0.0036525 secs] [Times: user=0.01 sys=0.00, real=0.00 secs] 
2019-01-02T12:55:28.393+0900: 157974.920: [GC (Allocation Failure) [PSYoungGen: 260736K->640K(261120K)] 410656K->150560K(762368K), 0.0030263 secs] [Times: user=0.01 sys=0.00, real=0.01 secs] 
2019-01-02T12:56:33.329+0900: 158039.856: [GC (Allocation Failure) [PSYoungGen: 260736K->704K(261120K)] 410656K->150624K(762368K), 0.0034232 secs] [Times: user=0.01 sys=0.01, real=0.00 secs] 
2019-01-02T12:57:38.064+0900: 158104.591: [GC (Allocation Failure) [PSYoungGen: 260800K->640K(261120K)] 410720K->150560K(762368K), 0.0035596 secs] [Times: user=0.00 sys=0.02, real=0.00 secs] 
2019-01-02T12:58:43.238+0900: 158169.765: [GC (Allocation Failure) [PSYoungGen: 260736K->704K(261120K)] 410656K->150624K(762368K), 0.0035334 secs] [Times: user=0.00 sys=0.02, real=0.00 secs] 
2019-01-02T12:59:48.284+0900: 158234.811: [GC (Allocation Failure) [PSYoungGen: 260800K->672K(261120K)] 410720K->150592K(762368K), 0.0033449 secs] [Times: user=0.00 sys=0.02, real=0.00 secs] 
2019-01-02T13:00:52.867+0900: 158299.394: [GC (Allocation Failure) [PSYoungGen: 260768K->672K(261120K)] 410688K->150592K(762368K), 0.0033394 secs] [Times: user=0.01 sys=0.00, real=0.00 secs] 
2019-01-02T13:01:57.672+0900: 158364.198: [GC (Allocation Failure) [PSYoungGen: 260768K->640K(261120K)] 410688K->150560K(762368K), 0.0033401 secs] [Times: user=0.01 sys=0.01, real=0.01 secs] 
2019-01-02T13:03:02.445+0900: 158428.972: [GC (Allocation Failure) [PSYoungGen: 260736K->608K(261120K)] 410656K->150528K(762368K), 0.0032389 secs] [Times: user=0.01 sys=0.01, real=0.00 secs] 
2019-01-02T13:04:07.703+0900: 158494.229: [GC (Allocation Failure) [PSYoungGen: 260704K->672K(261120K)] 410624K->150592K(762368K), 0.0035352 secs] [Times: user=0.00 sys=0.01, real=0.01 secs] 
2019-01-02T13:05:12.758+0900: 158559.285: [GC (Allocation Failure) [PSYoungGen: 260768K->672K(261120K)] 410688K->150592K(762368K), 0.0035510 secs] [Times: user=0.00 sys=0.01, real=0.00 secs] 
2019-01-02T13:06:17.909+0900: 158624.435: [GC (Allocation Failure) [PSYoungGen: 260768K->576K(261120K)] 410688K->150496K(762368K), 0.0039114 secs] [Times: user=0.01 sys=0.01, real=0.00 secs] 
2019-01-02T13:07:22.600+0900: 158689.126: [GC (Allocation Failure) [PSYoungGen: 260672K->672K(261120K)] 410592K->150592K(762368K), 0.0036366 secs] [Times: user=0.01 sys=0.01, real=0.00 secs] 
2019-01-02T13:08:27.330+0900: 158753.857: [GC (Allocation Failure) [PSYoungGen: 260768K->672K(261120K)] 410688K->150592K(762368K), 0.0035582 secs] [Times: user=0.00 sys=0.01, real=0.01 secs] 
2019-01-02T13:09:32.284+0900: 158818.811: [GC (Allocation Failure) [PSYoungGen: 260768K->672K(261120K)] 410688K->150592K(762368K), 0.0034895 secs] [Times: user=0.00 sys=0.02, real=0.00 secs] 
2019-01-02T13:10:37.332+0900: 158883.859: [GC (Allocation Failure) [PSYoungGen: 260768K->608K(261120K)] 410688K->150528K(762368K), 0.0032042 secs] [Times: user=0.00 sys=0.02, real=0.01 secs] 
2019-01-02T13:11:42.280+0900: 158948.807: [GC (Allocation Failure) [PSYoungGen: 260704K->672K(261120K)] 410624K->150592K(762368K), 0.0030685 secs] [Times: user=0.01 sys=0.01, real=0.00 secs] 
2019-01-02T13:12:47.279+0900: 159013.806: [GC (Allocation Failure) [PSYoungGen: 260768K->704K(261120K)] 410688K->150624K(762368K), 0.0034901 secs] [Times: user=0.00 sys=0.02, real=0.00 secs] 
2019-01-02T13:13:52.000+0900: 159078.527: [GC (Allocation Failure) [PSYoungGen: 260800K->704K(261120K)] 410720K->150624K(762368K), 0.0035605 secs] [Times: user=0.00 sys=0.01, real=0.01 secs] 
2019-01-02T13:14:57.257+0900: 159143.784: [GC (Allocation Failure) [PSYoungGen: 260800K->704K(261120K)] 410720K->150624K(762368K), 0.0032601 secs] [Times: user=0.00 sys=0.01, real=0.00 secs] 
2019-01-02T13:16:02.280+0900: 159208.807: [GC (Allocation Failure) [PSYoungGen: 260800K->704K(261120K)] 410720K->150624K(762368K), 0.0033613 secs] [Times: user=0.00 sys=0.01, real=0.00 secs] 
2019-01-02T13:17:07.433+0900: 159273.960: [GC (Allocation Failure) [PSYoungGen: 260800K->640K(261120K)] 410720K->150560K(762368K), 0.0035482 secs] [Times: user=0.00 sys=0.02, real=0.01 secs] 
2019-01-02T13:18:12.063+0900: 159338.590: [GC (Allocation Failure) [PSYoungGen: 260736K->640K(261120K)] 410656K->150568K(762368K), 0.0031225 secs] [Times: user=0.00 sys=0.01, real=0.01 secs] 
2019-01-02T13:19:16.870+0900: 159403.397: [GC (Allocation Failure) [PSYoungGen: 260736K->672K(261120K)] 410664K->150616K(762368K), 0.0031599 secs] [Times: user=0.01 sys=0.01, real=0.01 secs] 
2019-01-02T13:20:21.539+0900: 159468.066: [GC (Allocation Failure) [PSYoungGen: 260768K->704K(261120K)] 410712K->150648K(762368K), 0.0029659 secs] [Times: user=0.01 sys=0.01, real=0.00 secs] 
2019-01-02T13:21:26.737+0900: 159533.264: [GC (Allocation Failure) [PSYoungGen: 260800K->672K(261120K)] 410744K->150616K(762368K), 0.0033734 secs] [Times: user=0.01 sys=0.02, real=0.00 secs] 
2019-01-02T13:22:31.813+0900: 159598.340: [GC (Allocation Failure) [PSYoungGen: 260768K->672K(261120K)] 410712K->150616K(762368K), 0.0034931 secs] [Times: user=0.00 sys=0.01, real=0.01 secs] 
2019-01-02T13:23:36.593+0900: 159663.120: [GC (Allocation Failure) [PSYoungGen: 260768K->672K(261120K)] 410712K->150632K(762368K), 0.0033420 secs] [Times: user=0.00 sys=0.02, real=0.01 secs] 
2019-01-02T13:24:41.666+0900: 159728.193: [GC (Allocation Failure) [PSYoungGen: 260768K->672K(261120K)] 410728K->150632K(762368K), 0.0035825 secs] [Times: user=0.00 sys=0.01, real=0.00 secs] 
2019-01-02T13:25:46.422+0900: 159792.949: [GC (Allocation Failure) [PSYoungGen: 260768K->704K(261120K)] 410728K->150664K(762368K), 0.0033421 secs] [Times: user=0.00 sys=0.01, real=0.01 secs] 
2019-01-02T13:26:51.265+0900: 159857.792: [GC (Allocation Failure) [PSYoungGen: 260800K->640K(261120K)] 410760K->150600K(762368K), 0.0035805 secs] [Times: user=0.01 sys=0.01, real=0.00 secs] 
2019-01-02T13:27:56.346+0900: 159922.872: [GC (Allocation Failure) [PSYoungGen: 260736K->608K(261120K)] 410696K->150568K(762368K), 0.0032941 secs] [Times: user=0.00 sys=0.02, real=0.00 secs] 
2019-01-02T13:29:00.991+0900: 159987.517: [GC (Allocation Failure) [PSYoungGen: 260704K->672K(261120K)] 410664K->150632K(762368K), 0.0036139 secs] [Times: user=0.01 sys=0.01, real=0.01 secs] 
2019-01-02T13:30:05.885+0900: 160052.412: [GC (Allocation Failure) [PSYoungGen: 260768K->704K(261120K)] 410728K->150672K(762368K), 0.0031204 secs] [Times: user=0.00 sys=0.01, real=0.00 secs] 
2019-01-02T13:31:10.763+0900: 160117.290: [GC (Allocation Failure) [PSYoungGen: 260800K->704K(261120K)] 410768K->150672K(762368K), 0.0035184 secs] [Times: user=0.02 sys=0.00, real=0.01 secs] 
2019-01-02T13:32:15.747+0900: 160182.273: [GC (Allocation Failure) [PSYoungGen: 260800K->672K(261120K)] 410768K->150640K(762368K), 0.0031762 secs] [Times: user=0.00 sys=0.02, real=0.00 secs] 
2019-01-02T13:33:20.649+0900: 160247.175: [GC (Allocation Failure) [PSYoungGen: 260768K->672K(261120K)] 410736K->150640K(762368K), 0.0035200 secs] [Times: user=0.01 sys=0.02, real=0.00 secs] 
2019-01-02T13:34:25.499+0900: 160312.025: [GC (Allocation Failure) [PSYoungGen: 260768K->640K(261120K)] 410736K->150608K(762368K), 0.0033927 secs] [Times: user=0.00 sys=0.02, real=0.00 secs] 
2019-01-02T13:35:30.323+0900: 160376.850: [GC (Allocation Failure) [PSYoungGen: 260736K->736K(261120K)] 410704K->150704K(762368K), 0.0035219 secs] [Times: user=0.01 sys=0.01, real=0.01 secs] 
2019-01-02T13:36:35.418+0900: 160441.944: [GC (Allocation Failure) [PSYoungGen: 260832K->704K(261120K)] 410800K->150672K(762368K), 0.0035379 secs] [Times: user=0.00 sys=0.02, real=0.00 secs] 
2019-01-02T13:37:40.685+0900: 160507.211: [GC (Allocation Failure) [PSYoungGen: 260800K->640K(261120K)] 410768K->150608K(762368K), 0.0035655 secs] [Times: user=0.00 sys=0.02, real=0.00 secs] 
2019-01-02T13:38:45.468+0900: 160571.994: [GC (Allocation Failure) [PSYoungGen: 260736K->672K(261120K)] 410704K->150656K(762368K), 0.0034273 secs] [Times: user=0.01 sys=0.00, real=0.00 secs] 
2019-01-02T13:39:50.550+0900: 160637.076: [GC (Allocation Failure) [PSYoungGen: 260768K->608K(261120K)] 410752K->150592K(762368K), 0.0034206 secs] [Times: user=0.00 sys=0.01, real=0.00 secs] 
2019-01-02T13:40:55.739+0900: 160702.265: [GC (Allocation Failure) [PSYoungGen: 260704K->640K(261120K)] 410688K->150624K(762368K), 0.0032771 secs] [Times: user=0.00 sys=0.02, real=0.00 secs] 
2019-01-02T13:42:00.750+0900: 160767.276: [GC (Allocation Failure) [PSYoungGen: 260736K->672K(261120K)] 410720K->150672K(762368K), 0.0034475 secs] [Times: user=0.00 sys=0.01, real=0.00 secs] 
2019-01-02T13:43:05.456+0900: 160831.983: [GC (Allocation Failure) [PSYoungGen: 260768K->704K(261120K)] 410768K->150704K(762368K), 0.0030263 secs] [Times: user=0.00 sys=0.01, real=0.00 secs] 
2019-01-02T13:44:10.383+0900: 160896.910: [GC (Allocation Failure) [PSYoungGen: 260800K->672K(261120K)] 410800K->150672K(762368K), 0.0036293 secs] [Times: user=0.01 sys=0.01, real=0.01 secs] 
2019-01-02T13:45:15.554+0900: 160962.081: [GC (Allocation Failure) [PSYoungGen: 260768K->672K(261120K)] 410768K->150672K(762368K), 0.0034584 secs] [Times: user=0.00 sys=0.02, real=0.00 secs] 
2019-01-02T13:46:20.604+0900: 161027.131: [GC (Allocation Failure) [PSYoungGen: 260768K->640K(261120K)] 410768K->150664K(762368K), 0.0033616 secs] [Times: user=0.01 sys=0.01, real=0.00 secs] 
2019-01-02T13:47:25.365+0900: 161091.892: [GC (Allocation Failure) [PSYoungGen: 260736K->640K(261120K)] 410760K->150664K(762368K), 0.0035954 secs] [Times: user=0.00 sys=0.02, real=0.00 secs] 
2019-01-02T13:48:30.220+0900: 161156.747: [GC (Allocation Failure) [PSYoungGen: 260736K->736K(261120K)] 410760K->150760K(762368K), 0.0029696 secs] [Times: user=0.01 sys=0.01, real=0.00 secs] 
2019-01-02T13:49:35.477+0900: 161222.004: [GC (Allocation Failure) [PSYoungGen: 260832K->736K(261120K)] 410856K->150768K(762368K), 0.0033325 secs] [Times: user=0.02 sys=0.00, real=0.00 secs] 
2019-01-02T13:50:40.639+0900: 161287.165: [GC (Allocation Failure) [PSYoungGen: 260832K->672K(261120K)] 410864K->150704K(762368K), 0.0033359 secs] [Times: user=0.00 sys=0.01, real=0.00 secs] 
2019-01-02T13:51:45.847+0900: 161352.374: [GC (Allocation Failure) [PSYoungGen: 260768K->640K(261120K)] 410800K->150672K(762368K), 0.0031631 secs] [Times: user=0.00 sys=0.01, real=0.00 secs] 
2019-01-02T13:52:50.739+0900: 161417.266: [GC (Allocation Failure) [PSYoungGen: 260736K->672K(261120K)] 410768K->150704K(762368K), 0.0033797 secs] [Times: user=0.01 sys=0.01, real=0.00 secs] 
2019-01-02T13:53:55.501+0900: 161482.028: [GC (Allocation Failure) [PSYoungGen: 260768K->736K(261120K)] 410800K->150776K(762368K), 0.0035619 secs] [Times: user=0.01 sys=0.01, real=0.01 secs] 
2019-01-02T13:55:00.544+0900: 161547.071: [GC (Allocation Failure) [PSYoungGen: 260832K->672K(261120K)] 410872K->150728K(762368K), 0.0033661 secs] [Times: user=0.00 sys=0.01, real=0.00 secs] 
2019-01-02T13:56:05.604+0900: 161612.130: [GC (Allocation Failure) [PSYoungGen: 260768K->672K(261120K)] 410824K->150728K(762368K), 0.0032895 secs] [Times: user=0.00 sys=0.01, real=0.01 secs] 
2019-01-02T13:57:10.495+0900: 161677.021: [GC (Allocation Failure) [PSYoungGen: 260768K->704K(261120K)] 410824K->150760K(762368K), 0.0029004 secs] [Times: user=0.01 sys=0.01, real=0.00 secs] 
2019-01-02T13:58:15.527+0900: 161742.054: [GC (Allocation Failure) [PSYoungGen: 260800K->736K(261120K)] 410856K->150792K(762368K), 0.0031405 secs] [Times: user=0.00 sys=0.01, real=0.00 secs] 
2019-01-02T13:59:20.476+0900: 161807.003: [GC (Allocation Failure) [PSYoungGen: 260832K->640K(261120K)] 410888K->150696K(762368K), 0.0033599 secs] [Times: user=0.00 sys=0.01, real=0.00 secs] 
2019-01-02T14:00:25.558+0900: 161872.085: [GC (Allocation Failure) [PSYoungGen: 260736K->640K(261120K)] 410792K->150696K(762368K), 0.0033259 secs] [Times: user=0.01 sys=0.01, real=0.00 secs] 
2019-01-02T14:01:30.325+0900: 161936.851: [GC (Allocation Failure) [PSYoungGen: 260736K->704K(261120K)] 410792K->150760K(762368K), 0.0029867 secs] [Times: user=0.01 sys=0.01, real=0.00 secs] 
2019-01-02T14:02:35.219+0900: 162001.745: [GC (Allocation Failure) [PSYoungGen: 260800K->672K(261120K)] 410856K->150728K(762368K), 0.0035392 secs] [Times: user=0.00 sys=0.02, real=0.00 secs] 
2019-01-02T14:03:40.261+0900: 162066.787: [GC (Allocation Failure) [PSYoungGen: 260768K->672K(261120K)] 410824K->150728K(762368K), 0.0032265 secs] [Times: user=0.00 sys=0.02, real=0.01 secs] 
2019-01-02T14:04:45.202+0900: 162131.729: [GC (Allocation Failure) [PSYoungGen: 260768K->704K(261120K)] 410824K->150760K(762368K), 0.0034184 secs] [Times: user=0.01 sys=0.01, real=0.01 secs] 
2019-01-02T14:05:50.345+0900: 162196.871: [GC (Allocation Failure) [PSYoungGen: 260800K->704K(261120K)] 410856K->150768K(762368K), 0.0033790 secs] [Times: user=0.00 sys=0.02, real=0.00 secs] 
2019-01-02T14:06:55.407+0900: 162261.934: [GC (Allocation Failure) [PSYoungGen: 260800K->576K(261120K)] 410864K->150640K(762368K), 0.0034549 secs] [Times: user=0.02 sys=0.00, real=0.00 secs] 
2019-01-02T14:07:59.883+0900: 162326.410: [GC (Allocation Failure) [PSYoungGen: 260672K->672K(261120K)] 410736K->150736K(762368K), 0.0036589 secs] [Times: user=0.00 sys=0.02, real=0.01 secs] 
2019-01-02T14:09:04.728+0900: 162391.255: [GC (Allocation Failure) [PSYoungGen: 260768K->704K(261120K)] 410832K->150768K(762368K), 0.0034554 secs] [Times: user=0.01 sys=0.02, real=0.00 secs] 
2019-01-02T14:10:09.758+0900: 162456.285: [GC (Allocation Failure) [PSYoungGen: 260800K->736K(261120K)] 410864K->150808K(762368K), 0.0037503 secs] [Times: user=0.02 sys=0.00, real=0.00 secs] 
2019-01-02T14:11:14.761+0900: 162521.288: [GC (Allocation Failure) [PSYoungGen: 260832K->608K(261120K)] 410904K->150688K(762368K), 0.0036611 secs] [Times: user=0.00 sys=0.01, real=0.01 secs] 
2019-01-02T14:12:19.772+0900: 162586.299: [GC (Allocation Failure) [PSYoungGen: 260704K->640K(261120K)] 410784K->150720K(762368K), 0.0033698 secs] [Times: user=0.02 sys=0.00, real=0.01 secs] 
2019-01-02T14:13:24.799+0900: 162651.326: [GC (Allocation Failure) [PSYoungGen: 260736K->704K(261120K)] 410816K->150784K(762368K), 0.0035746 secs] [Times: user=0.00 sys=0.02, real=0.00 secs] 
2019-01-02T14:14:29.876+0900: 162716.403: [GC (Allocation Failure) [PSYoungGen: 260800K->640K(261120K)] 410880K->150720K(762368K), 0.0033599 secs] [Times: user=0.00 sys=0.02, real=0.00 secs] 
2019-01-02T14:15:35.033+0900: 162781.560: [GC (Allocation Failure) [PSYoungGen: 260736K->672K(261120K)] 410816K->150752K(762368K), 0.0035152 secs] [Times: user=0.00 sys=0.02, real=0.01 secs] 
2019-01-02T14:16:39.978+0900: 162846.505: [GC (Allocation Failure) [PSYoungGen: 260768K->704K(261120K)] 410848K->150784K(762368K), 0.0035766 secs] [Times: user=0.00 sys=0.01, real=0.00 secs] 
2019-01-02T14:17:44.485+0900: 162911.012: [GC (Allocation Failure) [PSYoungGen: 260800K->640K(261120K)] 410880K->150720K(762368K), 0.0030188 secs] [Times: user=0.02 sys=0.00, real=0.00 secs] 
2019-01-02T14:18:49.410+0900: 162975.936: [GC (Allocation Failure) [PSYoungGen: 260736K->640K(261120K)] 410816K->150728K(762368K), 0.0034495 secs] [Times: user=0.00 sys=0.02, real=0.00 secs] 
2019-01-02T14:19:54.438+0900: 163040.965: [GC (Allocation Failure) [PSYoungGen: 260736K->672K(261120K)] 410824K->150776K(762368K), 0.0035612 secs] [Times: user=0.00 sys=0.02, real=0.00 secs] 
2019-01-02T14:20:59.480+0900: 163106.007: [GC (Allocation Failure) [PSYoungGen: 260768K->672K(261120K)] 410872K->150776K(762368K), 0.0035769 secs] [Times: user=0.00 sys=0.02, real=0.01 secs] 
2019-01-02T14:22:04.278+0900: 163170.805: [GC (Allocation Failure) [PSYoungGen: 260768K->640K(261120K)] 410872K->150744K(762368K), 0.0033964 secs] [Times: user=0.00 sys=0.02, real=0.00 secs] 
2019-01-02T14:23:08.883+0900: 163235.410: [GC (Allocation Failure) [PSYoungGen: 260736K->672K(261120K)] 410840K->150776K(762368K), 0.0033136 secs] [Times: user=0.01 sys=0.01, real=0.01 secs] 
2019-01-02T14:24:13.997+0900: 163300.524: [GC (Allocation Failure) [PSYoungGen: 260768K->704K(261120K)] 410872K->150816K(762368K), 0.0033405 secs] [Times: user=0.01 sys=0.01, real=0.00 secs] 
2019-01-02T14:25:18.860+0900: 163365.387: [GC (Allocation Failure) [PSYoungGen: 260800K->704K(261120K)] 410912K->150816K(762368K), 0.0036380 secs] [Times: user=0.01 sys=0.02, real=0.00 secs] 
2019-01-02T14:26:24.068+0900: 163430.595: [GC (Allocation Failure) [PSYoungGen: 260800K->672K(261120K)] 410912K->150784K(762368K), 0.0031981 secs] [Times: user=0.01 sys=0.00, real=0.00 secs] 
2019-01-02T14:27:29.156+0900: 163495.682: [GC (Allocation Failure) [PSYoungGen: 260768K->704K(261120K)] 410880K->150824K(762368K), 0.0034792 secs] [Times: user=0.02 sys=0.00, real=0.00 secs] 
2019-01-02T14:28:34.088+0900: 163560.615: [GC (Allocation Failure) [PSYoungGen: 260800K->672K(261120K)] 410920K->150792K(762368K), 0.0034997 secs] [Times: user=0.00 sys=0.01, real=0.00 secs] 
2019-01-02T14:29:38.999+0900: 163625.526: [GC (Allocation Failure) [PSYoungGen: 260768K->640K(261120K)] 410888K->150760K(762368K), 0.0034599 secs] [Times: user=0.00 sys=0.01, real=0.00 secs] 
2019-01-02T14:30:43.856+0900: 163690.383: [GC (Allocation Failure) [PSYoungGen: 260736K->640K(261120K)] 410856K->150760K(762368K), 0.0032420 secs] [Times: user=0.01 sys=0.02, real=0.00 secs] 
2019-01-02T14:31:48.693+0900: 163755.220: [GC (Allocation Failure) [PSYoungGen: 260736K->672K(261120K)] 410856K->150792K(762368K), 0.0036042 secs] [Times: user=0.00 sys=0.01, real=0.01 secs] 
2019-01-02T14:32:53.669+0900: 163820.195: [GC (Allocation Failure) [PSYoungGen: 260768K->640K(261120K)] 410888K->150760K(762368K), 0.0032991 secs] [Times: user=0.00 sys=0.02, real=0.00 secs] 
2019-01-02T14:33:58.796+0900: 163885.322: [GC (Allocation Failure) [PSYoungGen: 260736K->672K(261120K)] 410856K->150792K(762368K), 0.0034548 secs] [Times: user=0.01 sys=0.01, real=0.00 secs] 
2019-01-02T14:35:03.924+0900: 163950.451: [GC (Allocation Failure) [PSYoungGen: 260768K->640K(261120K)] 410888K->150760K(762368K), 0.0031273 secs] [Times: user=0.00 sys=0.01, real=0.00 secs] 
2019-01-02T14:36:09.081+0900: 164015.607: [GC (Allocation Failure) [PSYoungGen: 260736K->672K(261120K)] 410856K->150792K(762368K), 0.0034509 secs] [Times: user=0.01 sys=0.01, real=0.01 secs] 
2019-01-02T14:37:13.873+0900: 164080.400: [GC (Allocation Failure) [PSYoungGen: 260768K->640K(261120K)] 410888K->150760K(762368K), 0.0032033 secs] [Times: user=0.02 sys=0.00, real=0.01 secs] 
2019-01-02T14:38:18.903+0900: 164145.430: [GC (Allocation Failure) [PSYoungGen: 260736K->672K(261120K)] 410856K->150792K(762368K), 0.0034157 secs] [Times: user=0.01 sys=0.02, real=0.01 secs] 
2019-01-02T14:39:23.756+0900: 164210.283: [GC (Allocation Failure) [PSYoungGen: 260768K->704K(261120K)] 410888K->150824K(762368K), 0.0034943 secs] [Times: user=0.00 sys=0.02, real=0.00 secs] 
2019-01-02T14:40:28.607+0900: 164275.134: [GC (Allocation Failure) [PSYoungGen: 260800K->640K(261120K)] 410920K->150768K(762368K), 0.0034180 secs] [Times: user=0.02 sys=0.00, real=0.00 secs] 
2019-01-02T14:41:33.697+0900: 164340.224: [GC (Allocation Failure) [PSYoungGen: 260736K->704K(261120K)] 410864K->150832K(762368K), 0.0032393 secs] [Times: user=0.00 sys=0.01, real=0.00 secs] 
2019-01-02T14:42:38.860+0900: 164405.386: [GC (Allocation Failure) [PSYoungGen: 260800K->672K(261120K)] 410928K->150808K(762368K), 0.0033746 secs] [Times: user=0.01 sys=0.01, real=0.00 secs] 
2019-01-02T14:43:43.801+0900: 164470.328: [GC (Allocation Failure) [PSYoungGen: 260768K->736K(261120K)] 410904K->150872K(762368K), 0.0033234 secs] [Times: user=0.00 sys=0.01, real=0.01 secs] 
2019-01-02T14:44:48.934+0900: 164535.460: [GC (Allocation Failure) [PSYoungGen: 260832K->672K(261120K)] 410968K->150808K(762368K), 0.0033271 secs] [Times: user=0.00 sys=0.02, real=0.01 secs] 
2019-01-02T14:45:53.905+0900: 164600.432: [GC (Allocation Failure) [PSYoungGen: 260768K->704K(261120K)] 410904K->150848K(762368K), 0.0035058 secs] [Times: user=0.00 sys=0.02, real=0.00 secs] 
2019-01-02T14:46:58.674+0900: 164665.201: [GC (Allocation Failure) [PSYoungGen: 260800K->704K(261120K)] 410944K->150848K(762368K), 0.0034486 secs] [Times: user=0.01 sys=0.01, real=0.00 secs] 
2019-01-02T14:48:03.745+0900: 164730.272: [GC (Allocation Failure) [PSYoungGen: 260800K->704K(261120K)] 410944K->150848K(762368K), 0.0034165 secs] [Times: user=0.01 sys=0.02, real=0.00 secs] 
2019-01-02T14:49:08.476+0900: 164795.003: [GC (Allocation Failure) [PSYoungGen: 260800K->640K(261120K)] 410944K->150792K(762368K), 0.0035040 secs] [Times: user=0.02 sys=0.00, real=0.00 secs] 
2019-01-02T14:50:13.503+0900: 164860.029: [GC (Allocation Failure) [PSYoungGen: 260736K->672K(261120K)] 410888K->150824K(762368K), 0.0034186 secs] [Times: user=0.00 sys=0.01, real=0.01 secs] 
2019-01-02T14:51:18.605+0900: 164925.132: [GC (Allocation Failure) [PSYoungGen: 260768K->672K(261120K)] 410920K->150824K(762368K), 0.0034393 secs] [Times: user=0.01 sys=0.02, real=0.00 secs] 
2019-01-02T14:52:23.269+0900: 164989.795: [GC (Allocation Failure) [PSYoungGen: 260768K->704K(261120K)] 410920K->150864K(762368K), 0.0035664 secs] [Times: user=0.01 sys=0.01, real=0.00 secs] 
2019-01-02T14:53:28.010+0900: 165054.536: [GC (Allocation Failure) [PSYoungGen: 260800K->608K(261120K)] 410960K->150768K(762368K), 0.0031914 secs] [Times: user=0.01 sys=0.01, real=0.00 secs] 
2019-01-02T14:54:32.908+0900: 165119.435: [GC (Allocation Failure) [PSYoungGen: 260704K->736K(261120K)] 410864K->150904K(762368K), 0.0034120 secs] [Times: user=0.00 sys=0.02, real=0.00 secs] 
2019-01-02T14:55:37.986+0900: 165184.513: [GC (Allocation Failure) [PSYoungGen: 260832K->640K(261120K)] 411000K->150808K(762368K), 0.0034202 secs] [Times: user=0.01 sys=0.02, real=0.00 secs] 
2019-01-02T14:56:42.957+0900: 165249.484: [GC (Allocation Failure) [PSYoungGen: 260736K->672K(261120K)] 410904K->150848K(762368K), 0.0032343 secs] [Times: user=0.00 sys=0.01, real=0.00 secs] 
2019-01-02T14:57:47.890+0900: 165314.417: [GC (Allocation Failure) [PSYoungGen: 260768K->736K(261120K)] 410944K->150912K(762368K), 0.0031984 secs] [Times: user=0.01 sys=0.01, real=0.00 secs] 
2019-01-02T14:58:52.897+0900: 165379.423: [GC (Allocation Failure) [PSYoungGen: 260832K->640K(261120K)] 411008K->150816K(762368K), 0.0031985 secs] [Times: user=0.02 sys=0.00, real=0.00 secs] 
2019-01-02T14:59:57.798+0900: 165444.324: [GC (Allocation Failure) [PSYoungGen: 260736K->672K(261120K)] 410912K->150848K(762368K), 0.0032405 secs] [Times: user=0.01 sys=0.00, real=0.00 secs] 
2019-01-02T15:01:02.737+0900: 165509.264: [GC (Allocation Failure) [PSYoungGen: 260768K->640K(261120K)] 410944K->150816K(762368K), 0.0033616 secs] [Times: user=0.00 sys=0.01, real=0.00 secs] 
2019-01-02T15:02:07.512+0900: 165574.038: [GC (Allocation Failure) [PSYoungGen: 260736K->672K(261120K)] 410912K->150848K(762368K), 0.0038825 secs] [Times: user=0.01 sys=0.02, real=0.01 secs] 
2019-01-02T15:03:11.952+0900: 165638.478: [GC (Allocation Failure) [PSYoungGen: 260768K->640K(261120K)] 410944K->150816K(762368K), 0.0037303 secs] [Times: user=0.02 sys=0.00, real=0.01 secs] 
2019-01-02T15:04:16.947+0900: 165703.474: [GC (Allocation Failure) [PSYoungGen: 260736K->672K(261120K)] 410912K->150864K(762368K), 0.0028467 secs] [Times: user=0.00 sys=0.01, real=0.00 secs] 
2019-01-02T15:05:21.859+0900: 165768.386: [GC (Allocation Failure) [PSYoungGen: 260768K->640K(261120K)] 410960K->150832K(762368K), 0.0037205 secs] [Times: user=0.01 sys=0.02, real=0.00 secs] 
2019-01-02T15:06:26.603+0900: 165833.130: [GC (Allocation Failure) [PSYoungGen: 260736K->640K(261120K)] 410928K->150832K(762368K), 0.0033880 secs] [Times: user=0.00 sys=0.01, real=0.01 secs] 
2019-01-02T15:07:31.541+0900: 165898.068: [GC (Allocation Failure) [PSYoungGen: 260736K->704K(261120K)] 410928K->150896K(762368K), 0.0034640 secs] [Times: user=0.00 sys=0.02, real=0.01 secs] 
2019-01-02T15:08:36.108+0900: 165962.635: [GC (Allocation Failure) [PSYoungGen: 260800K->672K(261120K)] 410992K->150864K(762368K), 0.0033181 secs] [Times: user=0.00 sys=0.01, real=0.00 secs] 
2019-01-02T15:09:40.602+0900: 166027.129: [GC (Allocation Failure) [PSYoungGen: 260768K->704K(261120K)] 410960K->150912K(762368K), 0.0036173 secs] [Times: user=0.00 sys=0.02, real=0.01 secs] 
2019-01-02T15:10:45.556+0900: 166092.083: [GC (Allocation Failure) [PSYoungGen: 260800K->640K(261120K)] 411008K->150848K(762368K), 0.0034571 secs] [Times: user=0.01 sys=0.01, real=0.00 secs] 
2019-01-02T15:11:50.600+0900: 166157.127: [GC (Allocation Failure) [PSYoungGen: 260736K->576K(261120K)] 410944K->150784K(762368K), 0.0034613 secs] [Times: user=0.00 sys=0.02, real=0.00 secs] 
2019-01-02T15:12:55.464+0900: 166221.991: [GC (Allocation Failure) [PSYoungGen: 260672K->640K(261120K)] 410880K->150848K(762368K), 0.0033549 secs] [Times: user=0.02 sys=0.00, real=0.00 secs] 
2019-01-02T15:14:00.403+0900: 166286.930: [GC (Allocation Failure) [PSYoungGen: 260736K->672K(261120K)] 410944K->150880K(762368K), 0.0033889 secs] [Times: user=0.01 sys=0.02, real=0.01 secs] 
2019-01-02T15:15:05.481+0900: 166352.007: [GC (Allocation Failure) [PSYoungGen: 260768K->640K(261120K)] 410976K->150848K(762368K), 0.0030055 secs] [Times: user=0.00 sys=0.01, real=0.01 secs] 
2019-01-02T15:16:10.511+0900: 166417.038: [GC (Allocation Failure) [PSYoungGen: 260736K->736K(261120K)] 410944K->150944K(762368K), 0.0034055 secs] [Times: user=0.01 sys=0.02, real=0.01 secs] 
2019-01-02T15:17:15.054+0900: 166481.581: [GC (Allocation Failure) [PSYoungGen: 260832K->704K(261120K)] 411040K->150912K(762368K), 0.0035148 secs] [Times: user=0.01 sys=0.02, real=0.00 secs] 
2019-01-02T15:18:19.968+0900: 166546.495: [GC (Allocation Failure) [PSYoungGen: 260800K->640K(261120K)] 411008K->150848K(762368K), 0.0032573 secs] [Times: user=0.00 sys=0.02, real=0.00 secs] 
2019-01-02T15:19:24.878+0900: 166611.405: [GC (Allocation Failure) [PSYoungGen: 260736K->640K(261120K)] 410944K->150864K(762368K), 0.0032128 secs] [Times: user=0.01 sys=0.01, real=0.00 secs] 
2019-01-02T15:20:29.742+0900: 166676.269: [GC (Allocation Failure) [PSYoungGen: 260736K->640K(261120K)] 410960K->150864K(762368K), 0.0036174 secs] [Times: user=0.00 sys=0.02, real=0.01 secs] 
2019-01-02T15:21:34.807+0900: 166741.333: [GC (Allocation Failure) [PSYoungGen: 260736K->704K(261120K)] 410960K->150928K(762368K), 0.0030080 secs] [Times: user=0.01 sys=0.01, real=0.00 secs] 
2019-01-02T15:22:39.600+0900: 166806.127: [GC (Allocation Failure) [PSYoungGen: 260800K->704K(261120K)] 411024K->150928K(762368K), 0.0038941 secs] [Times: user=0.00 sys=0.01, real=0.01 secs] 
2019-01-02T15:23:44.456+0900: 166870.983: [GC (Allocation Failure) [PSYoungGen: 260800K->640K(261120K)] 411024K->150872K(762368K), 0.0034380 secs] [Times: user=0.01 sys=0.02, real=0.00 secs] 
2019-01-02T15:24:49.379+0900: 166935.906: [GC (Allocation Failure) [PSYoungGen: 260736K->672K(261120K)] 410968K->150912K(762368K), 0.0033200 secs] [Times: user=0.01 sys=0.01, real=0.00 secs] 
2019-01-02T15:25:54.545+0900: 167001.072: [GC (Allocation Failure) [PSYoungGen: 260768K->704K(261120K)] 411008K->150944K(762368K), 0.0032726 secs] [Times: user=0.01 sys=0.00, real=0.00 secs] 
2019-01-02T15:26:59.704+0900: 167066.231: [GC (Allocation Failure) [PSYoungGen: 260800K->672K(261120K)] 411040K->150912K(762368K), 0.0035795 secs] [Times: user=0.00 sys=0.01, real=0.00 secs] 
2019-01-02T15:28:04.705+0900: 167131.232: [GC (Allocation Failure) [PSYoungGen: 260768K->640K(261120K)] 411008K->150880K(762368K), 0.0032540 secs] [Times: user=0.00 sys=0.01, real=0.00 secs] 
2019-01-02T15:29:09.482+0900: 167196.008: [GC (Allocation Failure) [PSYoungGen: 260736K->704K(261120K)] 410976K->150952K(762368K), 0.0032004 secs] [Times: user=0.00 sys=0.02, real=0.01 secs] 
2019-01-02T15:30:14.543+0900: 167261.069: [GC (Allocation Failure) [PSYoungGen: 260800K->672K(261120K)] 411048K->150920K(762368K), 0.0033953 secs] [Times: user=0.00 sys=0.01, real=0.01 secs] 
2019-01-02T15:31:19.471+0900: 167325.998: [GC (Allocation Failure) [PSYoungGen: 260768K->640K(261120K)] 411016K->150888K(762368K), 0.0036569 secs] [Times: user=0.01 sys=0.01, real=0.01 secs] 
2019-01-02T15:32:24.488+0900: 167391.014: [GC (Allocation Failure) [PSYoungGen: 260736K->672K(261120K)] 410984K->150928K(762368K), 0.0034091 secs] [Times: user=0.01 sys=0.02, real=0.00 secs] 
2019-01-02T15:33:29.645+0900: 167456.172: [GC (Allocation Failure) [PSYoungGen: 260768K->640K(261120K)] 411024K->150896K(762368K), 0.0031514 secs] [Times: user=0.00 sys=0.01, real=0.00 secs] 
2019-01-02T15:34:34.831+0900: 167521.358: [GC (Allocation Failure) [PSYoungGen: 260736K->640K(261120K)] 410992K->150896K(762368K), 0.0034841 secs] [Times: user=0.00 sys=0.01, real=0.01 secs] 
2019-01-02T15:35:39.811+0900: 167586.338: [GC (Allocation Failure) [PSYoungGen: 260736K->704K(261120K)] 410992K->150968K(762368K), 0.0033910 secs] [Times: user=0.00 sys=0.01, real=0.01 secs] 
2019-01-02T15:36:44.865+0900: 167651.392: [GC (Allocation Failure) [PSYoungGen: 260800K->704K(261120K)] 411064K->150968K(762368K), 0.0030488 secs] [Times: user=0.00 sys=0.01, real=0.00 secs] 
2019-01-02T15:37:49.937+0900: 167716.464: [GC (Allocation Failure) [PSYoungGen: 260800K->672K(261120K)] 411064K->150936K(762368K), 0.0032681 secs] [Times: user=0.00 sys=0.02, real=0.00 secs] 
2019-01-02T15:38:55.082+0900: 167781.608: [GC (Allocation Failure) [PSYoungGen: 260768K->672K(261120K)] 411032K->150944K(762368K), 0.0037454 secs] [Times: user=0.01 sys=0.02, real=0.01 secs] 
2019-01-02T15:39:59.981+0900: 167846.507: [GC (Allocation Failure) [PSYoungGen: 260768K->672K(261120K)] 411040K->150944K(762368K), 0.0033717 secs] [Times: user=0.01 sys=0.00, real=0.01 secs] 
2019-01-02T15:41:04.642+0900: 167911.169: [GC (Allocation Failure) [PSYoungGen: 260768K->672K(261120K)] 411040K->150944K(762368K), 0.0035014 secs] [Times: user=0.00 sys=0.01, real=0.01 secs] 
2019-01-02T15:42:09.816+0900: 167976.343: [GC (Allocation Failure) [PSYoungGen: 260768K->672K(261120K)] 411040K->150944K(762368K), 0.0034946 secs] [Times: user=0.01 sys=0.01, real=0.00 secs] 
2019-01-02T15:43:14.969+0900: 168041.495: [GC (Allocation Failure) [PSYoungGen: 260768K->704K(261120K)] 411040K->150976K(762368K), 0.0035199 secs] [Times: user=0.02 sys=0.00, real=0.00 secs] 
2019-01-02T15:44:20.160+0900: 168106.686: [GC (Allocation Failure) [PSYoungGen: 260800K->704K(261120K)] 411072K->150976K(762368K), 0.0033956 secs] [Times: user=0.01 sys=0.02, real=0.00 secs] 
2019-01-02T15:45:25.003+0900: 168171.530: [GC (Allocation Failure) [PSYoungGen: 260800K->672K(261120K)] 411072K->150944K(762368K), 0.0035053 secs] [Times: user=0.01 sys=0.01, real=0.01 secs] 
2019-01-02T15:46:29.908+0900: 168236.435: [GC (Allocation Failure) [PSYoungGen: 260768K->736K(261120K)] 411040K->151008K(762368K), 0.0037083 secs] [Times: user=0.00 sys=0.01, real=0.00 secs] 
2019-01-02T15:47:34.981+0900: 168301.507: [GC (Allocation Failure) [PSYoungGen: 260832K->672K(261120K)] 411104K->150944K(762368K), 0.0032478 secs] [Times: user=0.00 sys=0.01, real=0.01 secs] 
2019-01-02T15:48:39.815+0900: 168366.342: [GC (Allocation Failure) [PSYoungGen: 260768K->704K(261120K)] 411040K->150976K(762368K), 0.0033982 secs] [Times: user=0.00 sys=0.02, real=0.00 secs] 
2019-01-02T15:49:44.619+0900: 168431.145: [GC (Allocation Failure) [PSYoungGen: 260800K->672K(261120K)] 411072K->150960K(762368K), 0.0034223 secs] [Times: user=0.00 sys=0.02, real=0.00 secs] 
2019-01-02T15:50:49.634+0900: 168496.161: [GC (Allocation Failure) [PSYoungGen: 260768K->672K(261120K)] 411056K->150960K(762368K), 0.0032014 secs] [Times: user=0.00 sys=0.01, real=0.00 secs] 
2019-01-02T15:51:54.586+0900: 168561.113: [GC (Allocation Failure) [PSYoungGen: 260768K->672K(261120K)] 411056K->150960K(762368K), 0.0033836 secs] [Times: user=0.00 sys=0.02, real=0.00 secs] 
2019-01-02T15:52:59.652+0900: 168626.179: [GC (Allocation Failure) [PSYoungGen: 260768K->672K(261120K)] 411056K->150960K(762368K), 0.0029054 secs] [Times: user=0.01 sys=0.00, real=0.01 secs] 
2019-01-02T15:54:04.696+0900: 168691.223: [GC (Allocation Failure) [PSYoungGen: 260768K->672K(261120K)] 411056K->150968K(762368K), 0.0039959 secs] [Times: user=0.00 sys=0.01, real=0.00 secs] 
2019-01-02T15:55:09.809+0900: 168756.336: [GC (Allocation Failure) [PSYoungGen: 260768K->672K(261120K)] 411064K->150968K(762368K), 0.0035743 secs] [Times: user=0.00 sys=0.02, real=0.00 secs] 
2019-01-02T15:56:14.679+0900: 168821.206: [GC (Allocation Failure) [PSYoungGen: 260768K->672K(261120K)] 411064K->150968K(762368K), 0.0033329 secs] [Times: user=0.00 sys=0.01, real=0.00 secs] 
2019-01-02T15:57:19.659+0900: 168886.186: [GC (Allocation Failure) [PSYoungGen: 260768K->672K(261120K)] 411064K->150968K(762368K), 0.0035181 secs] [Times: user=0.00 sys=0.01, real=0.00 secs] 
2019-01-02T15:58:24.716+0900: 168951.242: [GC (Allocation Failure) [PSYoungGen: 260768K->672K(261120K)] 411064K->150968K(762368K), 0.0032524 secs] [Times: user=0.00 sys=0.02, real=0.00 secs] 
2019-01-02T15:59:29.825+0900: 169016.351: [GC (Allocation Failure) [PSYoungGen: 260768K->672K(261120K)] 411064K->150968K(762368K), 0.0031694 secs] [Times: user=0.00 sys=0.01, real=0.00 secs] 
2019-01-02T16:00:34.612+0900: 169081.138: [GC (Allocation Failure) [PSYoungGen: 260768K->640K(261120K)] 411064K->150936K(762368K), 0.0030089 secs] [Times: user=0.00 sys=0.02, real=0.01 secs] 
2019-01-02T16:01:39.428+0900: 169145.955: [GC (Allocation Failure) [PSYoungGen: 260736K->640K(261120K)] 411032K->150944K(762368K), 0.0035374 secs] [Times: user=0.00 sys=0.02, real=0.00 secs] 
2019-01-02T16:02:44.434+0900: 169210.961: [GC (Allocation Failure) [PSYoungGen: 260736K->704K(261120K)] 411040K->151016K(762368K), 0.0035669 secs] [Times: user=0.01 sys=0.01, real=0.00 secs] 
2019-01-02T16:03:49.313+0900: 169275.839: [GC (Allocation Failure) [PSYoungGen: 260800K->672K(261120K)] 411112K->150992K(762368K), 0.0033625 secs] [Times: user=0.00 sys=0.02, real=0.01 secs] 
2019-01-02T16:04:53.928+0900: 169340.455: [GC (Allocation Failure) [PSYoungGen: 260768K->704K(261120K)] 411088K->151024K(762368K), 0.0034043 secs] [Times: user=0.01 sys=0.01, real=0.00 secs] 
2019-01-02T16:05:58.876+0900: 169405.402: [GC (Allocation Failure) [PSYoungGen: 260800K->640K(261120K)] 411120K->150960K(762368K), 0.0034439 secs] [Times: user=0.00 sys=0.01, real=0.00 secs] 
2019-01-02T16:07:03.965+0900: 169470.492: [GC (Allocation Failure) [PSYoungGen: 260736K->704K(261120K)] 411056K->151024K(762368K), 0.0028418 secs] [Times: user=0.00 sys=0.01, real=0.00 secs] 
2019-01-02T16:08:09.095+0900: 169535.622: [GC (Allocation Failure) [PSYoungGen: 260800K->640K(261120K)] 411120K->150960K(762368K), 0.0036168 secs] [Times: user=0.00 sys=0.02, real=0.00 secs] 
2019-01-02T16:09:14.263+0900: 169600.790: [GC (Allocation Failure) [PSYoungGen: 260736K->704K(261120K)] 411056K->151032K(762368K), 0.0037501 secs] [Times: user=0.01 sys=0.01, real=0.01 secs] 
2019-01-02T16:10:19.136+0900: 169665.663: [GC (Allocation Failure) [PSYoungGen: 260800K->672K(261120K)] 411128K->151000K(762368K), 0.0035277 secs] [Times: user=0.00 sys=0.01, real=0.00 secs] 
2019-01-02T16:11:23.817+0900: 169730.343: [GC (Allocation Failure) [PSYoungGen: 260768K->672K(261120K)] 411096K->151000K(762368K), 0.0033733 secs] [Times: user=0.00 sys=0.01, real=0.00 secs] 
2019-01-02T16:12:28.729+0900: 169795.255: [GC (Allocation Failure) [PSYoungGen: 260768K->640K(261120K)] 411096K->150976K(762368K), 0.0032636 secs] [Times: user=0.00 sys=0.01, real=0.00 secs] 
2019-01-02T16:13:33.858+0900: 169860.385: [GC (Allocation Failure) [PSYoungGen: 260736K->608K(261120K)] 411072K->150952K(762368K), 0.0033270 secs] [Times: user=0.01 sys=0.01, real=0.00 secs] 
2019-01-02T16:14:38.880+0900: 169925.407: [GC (Allocation Failure) [PSYoungGen: 260704K->704K(261120K)] 411048K->151048K(762368K), 0.0035724 secs] [Times: user=0.01 sys=0.01, real=0.01 secs] 
2019-01-02T16:15:43.861+0900: 169990.388: [GC (Allocation Failure) [PSYoungGen: 260800K->768K(261120K)] 411144K->151112K(762368K), 0.0033235 secs] [Times: user=0.00 sys=0.02, real=0.01 secs] 
2019-01-02T16:16:48.901+0900: 170055.428: [GC (Allocation Failure) [PSYoungGen: 260864K->608K(261120K)] 411208K->150952K(762368K), 0.0036453 secs] [Times: user=0.01 sys=0.01, real=0.01 secs] 
2019-01-02T16:17:53.891+0900: 170120.417: [GC (Allocation Failure) [PSYoungGen: 260704K->672K(261120K)] 411048K->151016K(762368K), 0.0034447 secs] [Times: user=0.00 sys=0.01, real=0.01 secs] 
2019-01-02T16:18:58.699+0900: 170185.226: [GC (Allocation Failure) [PSYoungGen: 260768K->672K(261120K)] 411112K->151024K(762368K), 0.0034810 secs] [Times: user=0.01 sys=0.01, real=0.00 secs] 
2019-01-02T16:20:03.886+0900: 170250.413: [GC (Allocation Failure) [PSYoungGen: 260768K->672K(261120K)] 411120K->151024K(762368K), 0.0034006 secs] [Times: user=0.01 sys=0.01, real=0.00 secs] 
2019-01-02T16:21:08.935+0900: 170315.462: [GC (Allocation Failure) [PSYoungGen: 260768K->704K(261120K)] 411120K->151056K(762368K), 0.0033606 secs] [Times: user=0.00 sys=0.01, real=0.00 secs] 
2019-01-02T16:22:13.472+0900: 170379.998: [GC (Allocation Failure) [PSYoungGen: 260800K->704K(261120K)] 411152K->151056K(762368K), 0.0030849 secs] [Times: user=0.02 sys=0.00, real=0.01 secs] 
2019-01-02T16:23:18.649+0900: 170445.176: [GC (Allocation Failure) [PSYoungGen: 260800K->640K(261120K)] 411152K->151000K(762368K), 0.0030680 secs] [Times: user=0.02 sys=0.00, real=0.00 secs] 
2019-01-02T16:24:23.707+0900: 170510.234: [GC (Allocation Failure) [PSYoungGen: 260736K->672K(261120K)] 411096K->151032K(762368K), 0.0031433 secs] [Times: user=0.00 sys=0.01, real=0.00 secs] 
2019-01-02T16:25:28.712+0900: 170575.239: [GC (Allocation Failure) [PSYoungGen: 260768K->672K(261120K)] 411128K->151040K(762368K), 0.0034999 secs] [Times: user=0.00 sys=0.02, real=0.01 secs] 
2019-01-02T16:26:33.411+0900: 170639.938: [GC (Allocation Failure) [PSYoungGen: 260768K->672K(261120K)] 411136K->151048K(762368K), 0.0033729 secs] [Times: user=0.00 sys=0.02, real=0.01 secs] 
2019-01-02T16:27:38.555+0900: 170705.081: [GC (Allocation Failure) [PSYoungGen: 260768K->704K(261120K)] 411144K->151080K(762368K), 0.0035040 secs] [Times: user=0.01 sys=0.02, real=0.00 secs] 
2019-01-02T16:28:43.665+0900: 170770.192: [GC (Allocation Failure) [PSYoungGen: 260800K->704K(261120K)] 411176K->151080K(762368K), 0.0033217 secs] [Times: user=0.01 sys=0.01, real=0.00 secs] 
2019-01-02T16:29:48.539+0900: 170835.066: [GC (Allocation Failure) [PSYoungGen: 260800K->704K(261120K)] 411176K->151080K(762368K), 0.0037213 secs] [Times: user=0.01 sys=0.01, real=0.00 secs] 
2019-01-02T16:30:53.282+0900: 170899.809: [GC (Allocation Failure) [PSYoungGen: 260800K->640K(261120K)] 411176K->151016K(762368K), 0.0034692 secs] [Times: user=0.00 sys=0.02, real=0.01 secs] 
2019-01-02T16:31:58.300+0900: 170964.826: [GC (Allocation Failure) [PSYoungGen: 260736K->672K(261120K)] 411112K->151056K(762368K), 0.0035413 secs] [Times: user=0.02 sys=0.00, real=0.00 secs] 
2019-01-02T16:33:03.406+0900: 171029.933: [GC (Allocation Failure) [PSYoungGen: 260768K->672K(261120K)] 411152K->151064K(762368K), 0.0029450 secs] [Times: user=0.00 sys=0.01, real=0.00 secs] 
2019-01-02T16:34:08.448+0900: 171094.974: [GC (Allocation Failure) [PSYoungGen: 260768K->640K(261120K)] 411160K->151032K(762368K), 0.0034993 secs] [Times: user=0.00 sys=0.01, real=0.00 secs] 
2019-01-02T16:35:13.461+0900: 171159.988: [GC (Allocation Failure) [PSYoungGen: 260736K->704K(261120K)] 411128K->151096K(762368K), 0.0037168 secs] [Times: user=0.00 sys=0.01, real=0.01 secs] 
2019-01-02T16:36:18.307+0900: 171224.833: [GC (Allocation Failure) [PSYoungGen: 260800K->672K(261120K)] 411192K->151064K(762368K), 0.0030733 secs] [Times: user=0.01 sys=0.01, real=0.00 secs] 
2019-01-02T16:37:23.216+0900: 171289.743: [GC (Allocation Failure) [PSYoungGen: 260768K->672K(261120K)] 411160K->151072K(762368K), 0.0033406 secs] [Times: user=0.00 sys=0.02, real=0.00 secs] 
2019-01-02T16:38:28.009+0900: 171354.536: [GC (Allocation Failure) [PSYoungGen: 260768K->640K(261120K)] 411168K->151040K(762368K), 0.0034102 secs] [Times: user=0.01 sys=0.02, real=0.00 secs] 
2019-01-02T16:39:32.812+0900: 171419.339: [GC (Allocation Failure) [PSYoungGen: 260736K->704K(261120K)] 411136K->151104K(762368K), 0.0034607 secs] [Times: user=0.01 sys=0.00, real=0.01 secs] 
2019-01-02T16:40:37.756+0900: 171484.283: [GC (Allocation Failure) [PSYoungGen: 260800K->704K(261120K)] 411200K->151104K(762368K), 0.0035983 secs] [Times: user=0.00 sys=0.02, real=0.00 secs] 
2019-01-02T16:41:42.768+0900: 171549.294: [GC (Allocation Failure) [PSYoungGen: 260800K->704K(261120K)] 411200K->151104K(762368K), 0.0033632 secs] [Times: user=0.01 sys=0.01, real=0.00 secs] 
2019-01-02T16:42:47.799+0900: 171614.326: [GC (Allocation Failure) [PSYoungGen: 260800K->672K(261120K)] 411200K->151080K(762368K), 0.0032691 secs] [Times: user=0.01 sys=0.02, real=0.00 secs] 
2019-01-02T16:43:52.530+0900: 171679.057: [GC (Allocation Failure) [PSYoungGen: 260768K->704K(261120K)] 411176K->151112K(762368K), 0.0033530 secs] [Times: user=0.01 sys=0.00, real=0.01 secs] 
2019-01-02T16:44:57.237+0900: 171743.763: [GC (Allocation Failure) [PSYoungGen: 260800K->704K(261120K)] 411208K->151112K(762368K), 0.0035427 secs] [Times: user=0.01 sys=0.01, real=0.00 secs] 
2019-01-02T16:46:02.394+0900: 171808.921: [GC (Allocation Failure) [PSYoungGen: 260800K->640K(261120K)] 411208K->151048K(762368K), 0.0030747 secs] [Times: user=0.01 sys=0.00, real=0.00 secs] 
2019-01-02T16:47:07.452+0900: 171873.978: [GC (Allocation Failure) [PSYoungGen: 260736K->672K(261120K)] 411144K->151080K(762368K), 0.0038753 secs] [Times: user=0.01 sys=0.02, real=0.01 secs] 
2019-01-02T16:48:12.540+0900: 171939.066: [GC (Allocation Failure) [PSYoungGen: 260768K->672K(261120K)] 411176K->151080K(762368K), 0.0029057 secs] [Times: user=0.00 sys=0.01, real=0.00 secs] 
2019-01-02T16:49:17.560+0900: 172004.087: [GC (Allocation Failure) [PSYoungGen: 260768K->576K(261120K)] 411176K->150992K(762368K), 0.0034929 secs] [Times: user=0.00 sys=0.01, real=0.01 secs] 
2019-01-02T16:50:22.595+0900: 172069.121: [GC (Allocation Failure) [PSYoungGen: 260672K->672K(261120K)] 411088K->151096K(762368K), 0.0033731 secs] [Times: user=0.00 sys=0.02, real=0.00 secs] 
2019-01-02T16:51:27.598+0900: 172134.125: [GC (Allocation Failure) [PSYoungGen: 260768K->672K(261120K)] 411192K->151096K(762368K), 0.0035825 secs] [Times: user=0.00 sys=0.02, real=0.00 secs] 
2019-01-02T16:52:32.558+0900: 172199.085: [GC (Allocation Failure) [PSYoungGen: 260768K->672K(261120K)] 411192K->151096K(762368K), 0.0035875 secs] [Times: user=0.00 sys=0.01, real=0.00 secs] 
2019-01-02T16:53:37.591+0900: 172264.118: [GC (Allocation Failure) [PSYoungGen: 260768K->640K(261120K)] 411192K->151064K(762368K), 0.0031962 secs] [Times: user=0.00 sys=0.01, real=0.01 secs] 
2019-01-02T16:54:42.328+0900: 172328.855: [GC (Allocation Failure) [PSYoungGen: 260736K->672K(261120K)] 411160K->151112K(762368K), 0.0033693 secs] [Times: user=0.00 sys=0.01, real=0.00 secs] 
2019-01-02T16:55:47.084+0900: 172393.611: [GC (Allocation Failure) [PSYoungGen: 260768K->672K(261120K)] 411208K->151120K(762368K), 0.0035487 secs] [Times: user=0.01 sys=0.01, real=0.00 secs] 
2019-01-02T16:56:52.207+0900: 172458.734: [GC (Allocation Failure) [PSYoungGen: 260768K->672K(261120K)] 411216K->151120K(762368K), 0.0033175 secs] [Times: user=0.01 sys=0.02, real=0.00 secs] 
2019-01-02T16:57:57.071+0900: 172523.598: [GC (Allocation Failure) [PSYoungGen: 260768K->640K(261120K)] 411216K->151088K(762368K), 0.0034885 secs] [Times: user=0.00 sys=0.01, real=0.01 secs] 
2019-01-02T16:59:02.144+0900: 172588.671: [GC (Allocation Failure) [PSYoungGen: 260736K->736K(261120K)] 411184K->151184K(762368K), 0.0033769 secs] [Times: user=0.00 sys=0.01, real=0.00 secs] 
2019-01-02T17:00:07.325+0900: 172653.852: [GC (Allocation Failure) [PSYoungGen: 260832K->672K(261120K)] 411280K->151120K(762368K), 0.0033461 secs] [Times: user=0.00 sys=0.01, real=0.00 secs] 
2019-01-02T17:01:11.736+0900: 172718.263: [GC (Allocation Failure) [PSYoungGen: 260768K->704K(261120K)] 411216K->151152K(762368K), 0.0036178 secs] [Times: user=0.00 sys=0.01, real=0.00 secs] 
2019-01-02T17:02:16.665+0900: 172783.192: [GC (Allocation Failure) [PSYoungGen: 260800K->640K(261120K)] 411248K->151104K(762368K), 0.0033564 secs] [Times: user=0.00 sys=0.01, real=0.00 secs] 
2019-01-02T17:03:21.665+0900: 172848.191: [GC (Allocation Failure) [PSYoungGen: 260736K->672K(261120K)] 411200K->151136K(762368K), 0.0035461 secs] [Times: user=0.00 sys=0.02, real=0.00 secs] 
2019-01-02T17:04:26.564+0900: 172913.091: [GC (Allocation Failure) [PSYoungGen: 260768K->736K(261120K)] 411232K->151200K(762368K), 0.0032194 secs] [Times: user=0.00 sys=0.01, real=0.00 secs] 
2019-01-02T17:05:31.188+0900: 172977.714: [GC (Allocation Failure) [PSYoungGen: 260832K->640K(261120K)] 411296K->151104K(762368K), 0.0030745 secs] [Times: user=0.01 sys=0.01, real=0.00 secs] 
2019-01-02T17:06:36.304+0900: 173042.830: [GC (Allocation Failure) [PSYoungGen: 260736K->640K(261120K)] 411200K->151104K(762368K), 0.0032178 secs] [Times: user=0.00 sys=0.01, real=0.01 secs] 
2019-01-02T17:07:41.211+0900: 173107.737: [GC (Allocation Failure) [PSYoungGen: 260736K->672K(261120K)] 411200K->151136K(762368K), 0.0030002 secs] [Times: user=0.01 sys=0.01, real=0.01 secs] 
2019-01-02T17:08:46.267+0900: 173172.794: [GC (Allocation Failure) [PSYoungGen: 260768K->640K(261120K)] 411232K->151104K(762368K), 0.0034802 secs] [Times: user=0.02 sys=0.00, real=0.00 secs] 
2019-01-02T17:09:51.518+0900: 173238.045: [GC (Allocation Failure) [PSYoungGen: 260736K->672K(261120K)] 411200K->151136K(762368K), 0.0029877 secs] [Times: user=0.00 sys=0.01, real=0.00 secs] 
2019-01-02T17:10:56.094+0900: 173302.621: [GC (Allocation Failure) [PSYoungGen: 260768K->672K(261120K)] 411232K->151136K(762368K), 0.0034245 secs] [Times: user=0.00 sys=0.02, real=0.00 secs] 
2019-01-02T17:12:00.864+0900: 173367.391: [GC (Allocation Failure) [PSYoungGen: 260768K->672K(261120K)] 411232K->151136K(762368K), 0.0032602 secs] [Times: user=0.00 sys=0.02, real=0.00 secs] 
2019-01-02T17:13:05.923+0900: 173432.450: [GC (Allocation Failure) [PSYoungGen: 260768K->704K(261120K)] 411232K->151168K(762368K), 0.0033914 secs] [Times: user=0.00 sys=0.02, real=0.01 secs] 
2019-01-02T17:14:11.024+0900: 173497.550: [GC (Allocation Failure) [PSYoungGen: 260800K->704K(261120K)] 411264K->151168K(762368K), 0.0032087 secs] [Times: user=0.00 sys=0.02, real=0.00 secs] 
2019-01-02T17:15:16.188+0900: 173562.714: [GC (Allocation Failure) [PSYoungGen: 260800K->672K(261120K)] 411264K->151136K(762368K), 0.0032117 secs] [Times: user=0.00 sys=0.01, real=0.00 secs] 
2019-01-02T17:16:21.320+0900: 173627.846: [GC (Allocation Failure) [PSYoungGen: 260768K->608K(261120K)] 411232K->151080K(762368K), 0.0032346 secs] [Times: user=0.00 sys=0.02, real=0.00 secs] 
2019-01-02T17:17:26.298+0900: 173692.825: [GC (Allocation Failure) [PSYoungGen: 260704K->608K(261120K)] 411176K->151080K(762368K), 0.0031076 secs] [Times: user=0.00 sys=0.02, real=0.00 secs] 
2019-01-02T17:18:31.342+0900: 173757.869: [GC (Allocation Failure) [PSYoungGen: 260704K->640K(261120K)] 411176K->151112K(762368K), 0.0038710 secs] [Times: user=0.02 sys=0.00, real=0.01 secs] 
2019-01-02T17:19:36.399+0900: 173822.926: [GC (Allocation Failure) [PSYoungGen: 260736K->704K(261120K)] 411208K->151192K(762368K), 0.0033734 secs] [Times: user=0.00 sys=0.02, real=0.00 secs] 
2019-01-02T17:20:41.365+0900: 173887.892: [GC (Allocation Failure) [PSYoungGen: 260800K->704K(261120K)] 411288K->151192K(762368K), 0.0032708 secs] [Times: user=0.01 sys=0.01, real=0.00 secs] 
2019-01-02T17:21:45.985+0900: 173952.512: [GC (Allocation Failure) [PSYoungGen: 260800K->672K(261120K)] 411288K->151168K(762368K), 0.0033439 secs] [Times: user=0.00 sys=0.02, real=0.00 secs] 
2019-01-02T17:22:50.852+0900: 174017.378: [GC (Allocation Failure) [PSYoungGen: 260768K->640K(261120K)] 411264K->151136K(762368K), 0.0032466 secs] [Times: user=0.01 sys=0.00, real=0.01 secs] 
2019-01-02T17:23:55.943+0900: 174082.470: [GC (Allocation Failure) [PSYoungGen: 260736K->640K(261120K)] 411232K->151136K(762368K), 0.0031796 secs] [Times: user=0.00 sys=0.01, real=0.01 secs] 
2019-01-02T17:25:01.079+0900: 174147.606: [GC (Allocation Failure) [PSYoungGen: 260736K->672K(261120K)] 411232K->151176K(762368K), 0.0034957 secs] [Times: user=0.01 sys=0.02, real=0.00 secs] 
2019-01-02T17:26:06.124+0900: 174212.651: [GC (Allocation Failure) [PSYoungGen: 260768K->672K(261120K)] 411272K->151184K(762368K), 0.0031608 secs] [Times: user=0.01 sys=0.01, real=0.00 secs] 
2019-01-02T17:27:11.320+0900: 174277.847: [GC (Allocation Failure) [PSYoungGen: 260768K->672K(261120K)] 411280K->151184K(762368K), 0.0036624 secs] [Times: user=0.01 sys=0.01, real=0.01 secs] 
2019-01-02T17:28:16.441+0900: 174342.968: [GC (Allocation Failure) [PSYoungGen: 260768K->608K(261120K)] 411280K->151120K(762368K), 0.0035245 secs] [Times: user=0.01 sys=0.02, real=0.01 secs] 
2019-01-02T17:29:21.154+0900: 174407.680: [GC (Allocation Failure) [PSYoungGen: 260704K->672K(261120K)] 411216K->151184K(762368K), 0.0032425 secs] [Times: user=0.00 sys=0.02, real=0.00 secs] 
2019-01-02T17:30:26.042+0900: 174472.568: [GC (Allocation Failure) [PSYoungGen: 260768K->704K(261120K)] 411280K->151216K(762368K), 0.0034147 secs] [Times: user=0.02 sys=0.00, real=0.01 secs] 
2019-01-02T17:31:30.752+0900: 174537.279: [GC (Allocation Failure) [PSYoungGen: 260800K->672K(261120K)] 411312K->151192K(762368K), 0.0034372 secs] [Times: user=0.00 sys=0.02, real=0.01 secs] 
2019-01-02T17:32:35.622+0900: 174602.149: [GC (Allocation Failure) [PSYoungGen: 260768K->736K(261120K)] 411288K->151264K(762368K), 0.0029100 secs] [Times: user=0.00 sys=0.01, real=0.01 secs] 
2019-01-02T17:33:40.329+0900: 174666.856: [GC (Allocation Failure) [PSYoungGen: 260832K->672K(261120K)] 411360K->151200K(762368K), 0.0034493 secs] [Times: user=0.00 sys=0.01, real=0.00 secs] 
2019-01-02T17:34:45.478+0900: 174732.005: [GC (Allocation Failure) [PSYoungGen: 260768K->672K(261120K)] 411296K->151200K(762368K), 0.0038140 secs] [Times: user=0.00 sys=0.02, real=0.00 secs] 
2019-01-02T17:35:50.476+0900: 174797.003: [GC (Allocation Failure) [PSYoungGen: 260768K->640K(261120K)] 411296K->151168K(762368K), 0.0036225 secs] [Times: user=0.00 sys=0.02, real=0.00 secs] 
2019-01-02T17:36:55.492+0900: 174862.018: [GC (Allocation Failure) [PSYoungGen: 260736K->672K(261120K)] 411264K->151200K(762368K), 0.0032264 secs] [Times: user=0.00 sys=0.02, real=0.01 secs] 
2019-01-02T17:38:00.522+0900: 174927.049: [GC (Allocation Failure) [PSYoungGen: 260768K->704K(261120K)] 411296K->151232K(762368K), 0.0037367 secs] [Times: user=0.00 sys=0.02, real=0.01 secs] 
2019-01-02T17:39:05.679+0900: 174992.205: [GC (Allocation Failure) [PSYoungGen: 260800K->640K(261120K)] 411328K->151168K(762368K), 0.0030619 secs] [Times: user=0.00 sys=0.01, real=0.00 secs] 
2019-01-02T17:40:10.905+0900: 175057.432: [GC (Allocation Failure) [PSYoungGen: 260736K->704K(261120K)] 411264K->151232K(762368K), 0.0028524 secs] [Times: user=0.00 sys=0.01, real=0.00 secs] 
2019-01-02T17:41:15.951+0900: 175122.478: [GC (Allocation Failure) [PSYoungGen: 260800K->672K(261120K)] 411328K->151200K(762368K), 0.0034515 secs] [Times: user=0.00 sys=0.01, real=0.01 secs] 
2019-01-02T17:42:21.084+0900: 175187.610: [GC (Allocation Failure) [PSYoungGen: 260768K->672K(261120K)] 411296K->151200K(762368K), 0.0031791 secs] [Times: user=0.00 sys=0.01, real=0.00 secs] 
2019-01-02T17:43:26.161+0900: 175252.688: [GC (Allocation Failure) [PSYoungGen: 260768K->672K(261120K)] 411296K->151216K(762368K), 0.0034141 secs] [Times: user=0.02 sys=0.00, real=0.01 secs] 
2019-01-02T17:44:30.959+0900: 175317.485: [GC (Allocation Failure) [PSYoungGen: 260768K->672K(261120K)] 411312K->151216K(762368K), 0.0033308 secs] [Times: user=0.00 sys=0.01, real=0.00 secs] 
2019-01-02T17:45:36.046+0900: 175382.573: [GC (Allocation Failure) [PSYoungGen: 260768K->672K(261120K)] 411312K->151216K(762368K), 0.0030002 secs] [Times: user=0.01 sys=0.02, real=0.00 secs] 
2019-01-02T17:46:41.201+0900: 175447.727: [GC (Allocation Failure) [PSYoungGen: 260768K->704K(261120K)] 411312K->151248K(762368K), 0.0033904 secs] [Times: user=0.00 sys=0.02, real=0.01 secs] 
2019-01-02T17:47:45.951+0900: 175512.478: [GC (Allocation Failure) [PSYoungGen: 260800K->736K(261120K)] 411344K->151288K(762368K), 0.0033581 secs] [Times: user=0.01 sys=0.01, real=0.01 secs] 
2019-01-02T17:48:50.894+0900: 175577.421: [GC (Allocation Failure) [PSYoungGen: 260832K->672K(261120K)] 411384K->151232K(762368K), 0.0034678 secs] [Times: user=0.01 sys=0.01, real=0.00 secs] 
2019-01-02T17:49:55.899+0900: 175642.426: [GC (Allocation Failure) [PSYoungGen: 260768K->672K(261120K)] 411328K->151248K(762368K), 0.0033120 secs] [Times: user=0.01 sys=0.01, real=0.00 secs] 
2019-01-02T17:51:01.049+0900: 175707.576: [GC (Allocation Failure) [PSYoungGen: 260768K->672K(261120K)] 411344K->151248K(762368K), 0.0036767 secs] [Times: user=0.00 sys=0.01, real=0.00 secs] 
2019-01-02T17:52:06.220+0900: 175772.746: [GC (Allocation Failure) [PSYoungGen: 260768K->640K(261120K)] 411344K->151216K(762368K), 0.0034612 secs] [Times: user=0.01 sys=0.00, real=0.00 secs] 
2019-01-02T17:53:11.270+0900: 175837.797: [GC (Allocation Failure) [PSYoungGen: 260736K->640K(261120K)] 411312K->151224K(762368K), 0.0036603 secs] [Times: user=0.01 sys=0.01, real=0.00 secs] 
2019-01-02T17:54:16.577+0900: 175903.104: [GC (Allocation Failure) [PSYoungGen: 260736K->608K(261120K)] 411320K->151192K(762368K), 0.0033623 secs] [Times: user=0.00 sys=0.02, real=0.00 secs] 
2019-01-02T17:55:21.719+0900: 175968.246: [GC (Allocation Failure) [PSYoungGen: 260704K->672K(261120K)] 411288K->151264K(762368K), 0.0034113 secs] [Times: user=0.00 sys=0.01, real=0.00 secs] 
2019-01-02T17:56:26.546+0900: 176033.072: [GC (Allocation Failure) [PSYoungGen: 260768K->576K(261120K)] 411360K->151168K(762368K), 0.0034331 secs] [Times: user=0.01 sys=0.01, real=0.00 secs] 
2019-01-02T17:57:31.742+0900: 176098.269: [GC (Allocation Failure) [PSYoungGen: 260672K->704K(261120K)] 411264K->151296K(762368K), 0.0037414 secs] [Times: user=0.01 sys=0.01, real=0.01 secs] 
2019-01-02T17:58:36.653+0900: 176163.180: [GC (Allocation Failure) [PSYoungGen: 260800K->672K(261120K)] 411392K->151264K(762368K), 0.0031327 secs] [Times: user=0.00 sys=0.01, real=0.01 secs] 
2019-01-02T17:59:41.698+0900: 176228.225: [GC (Allocation Failure) [PSYoungGen: 260768K->672K(261120K)] 411360K->151264K(762368K), 0.0030835 secs] [Times: user=0.01 sys=0.01, real=0.00 secs] 
2019-01-02T18:00:46.796+0900: 176293.323: [GC (Allocation Failure) [PSYoungGen: 260768K->704K(261120K)] 411360K->151296K(762368K), 0.0036915 secs] [Times: user=0.01 sys=0.01, real=0.00 secs] 
2019-01-02T18:01:52.089+0900: 176358.616: [GC (Allocation Failure) [PSYoungGen: 260800K->640K(261120K)] 411392K->151232K(762368K), 0.0036375 secs] [Times: user=0.00 sys=0.02, real=0.00 secs] 
2019-01-02T18:02:57.253+0900: 176423.780: [GC (Allocation Failure) [PSYoungGen: 260736K->640K(261120K)] 411328K->151232K(762368K), 0.0034236 secs] [Times: user=0.00 sys=0.01, real=0.01 secs] 
2019-01-02T18:04:02.395+0900: 176488.922: [GC (Allocation Failure) [PSYoungGen: 260736K->672K(261120K)] 411328K->151264K(762368K), 0.0035462 secs] [Times: user=0.00 sys=0.02, real=0.00 secs] 
2019-01-02T18:05:07.407+0900: 176553.933: [GC (Allocation Failure) [PSYoungGen: 260768K->672K(261120K)] 411360K->151264K(762368K), 0.0035927 secs] [Times: user=0.00 sys=0.01, real=0.00 secs] 
2019-01-02T18:06:12.065+0900: 176618.591: [GC (Allocation Failure) [PSYoungGen: 260768K->672K(261120K)] 411360K->151264K(762368K), 0.0035073 secs] [Times: user=0.00 sys=0.01, real=0.00 secs] 
2019-01-02T18:07:17.302+0900: 176683.829: [GC (Allocation Failure) [PSYoungGen: 260768K->704K(261120K)] 411360K->151296K(762368K), 0.0031196 secs] [Times: user=0.01 sys=0.01, real=0.01 secs] 
2019-01-02T18:08:22.466+0900: 176748.993: [GC (Allocation Failure) [PSYoungGen: 260800K->640K(261120K)] 411392K->151232K(762368K), 0.0037374 secs] [Times: user=0.00 sys=0.02, real=0.00 secs] 
2019-01-02T18:09:27.721+0900: 176814.248: [GC (Allocation Failure) [PSYoungGen: 260736K->640K(261120K)] 411328K->151240K(762368K), 0.0032920 secs] [Times: user=0.00 sys=0.01, real=0.01 secs] 
2019-01-02T18:10:32.973+0900: 176879.499: [GC (Allocation Failure) [PSYoungGen: 260736K->608K(261120K)] 411336K->151208K(762368K), 0.0031874 secs] [Times: user=0.00 sys=0.01, real=0.01 secs] 
2019-01-02T18:11:38.065+0900: 176944.592: [GC (Allocation Failure) [PSYoungGen: 260704K->672K(261120K)] 411304K->151272K(762368K), 0.0038546 secs] [Times: user=0.02 sys=0.00, real=0.00 secs] 
2019-01-02T18:12:43.146+0900: 177009.672: [GC (Allocation Failure) [PSYoungGen: 260768K->704K(261120K)] 411368K->151304K(762368K), 0.0034571 secs] [Times: user=0.01 sys=0.01, real=0.00 secs] 
2019-01-02T18:13:48.192+0900: 177074.719: [GC (Allocation Failure) [PSYoungGen: 260800K->704K(261120K)] 411400K->151304K(762368K), 0.0032320 secs] [Times: user=0.01 sys=0.01, real=0.01 secs] 
2019-01-02T18:14:52.960+0900: 177139.486: [GC (Allocation Failure) [PSYoungGen: 260800K->640K(261120K)] 411400K->151240K(762368K), 0.0035015 secs] [Times: user=0.00 sys=0.01, real=0.00 secs] 
2019-01-02T18:15:57.961+0900: 177204.487: [GC (Allocation Failure) [PSYoungGen: 260736K->640K(261120K)] 411336K->151240K(762368K), 0.0036036 secs] [Times: user=0.01 sys=0.00, real=0.01 secs] 
2019-01-02T18:17:02.962+0900: 177269.488: [GC (Allocation Failure) [PSYoungGen: 260736K->672K(261120K)] 411336K->151272K(762368K), 0.0032924 secs] [Times: user=0.00 sys=0.02, real=0.01 secs] 
2019-01-02T18:18:07.887+0900: 177334.413: [GC (Allocation Failure) [PSYoungGen: 260768K->640K(261120K)] 411368K->151240K(762368K), 0.0030297 secs] [Times: user=0.01 sys=0.01, real=0.00 secs] 
2019-01-02T18:19:13.005+0900: 177399.532: [GC (Allocation Failure) [PSYoungGen: 260736K->672K(261120K)] 411336K->151288K(762368K), 0.0032731 secs] [Times: user=0.01 sys=0.01, real=0.00 secs] 
2019-01-02T18:20:18.009+0900: 177464.536: [GC (Allocation Failure) [PSYoungGen: 260768K->672K(261120K)] 411384K->151296K(762368K), 0.0028580 secs] [Times: user=0.00 sys=0.02, real=0.00 secs] 
2019-01-02T18:21:22.807+0900: 177529.333: [GC (Allocation Failure) [PSYoungGen: 260768K->672K(261120K)] 411392K->151296K(762368K), 0.0036285 secs] [Times: user=0.00 sys=0.02, real=0.00 secs] 
2019-01-02T18:22:27.859+0900: 177594.386: [GC (Allocation Failure) [PSYoungGen: 260768K->704K(261120K)] 411392K->151328K(762368K), 0.0030999 secs] [Times: user=0.01 sys=0.01, real=0.00 secs] 
2019-01-02T18:23:33.117+0900: 177659.644: [GC (Allocation Failure) [PSYoungGen: 260800K->736K(261120K)] 411424K->151360K(762368K), 0.0033009 secs] [Times: user=0.01 sys=0.02, real=0.00 secs] 
2019-01-02T18:24:38.302+0900: 177724.829: [GC (Allocation Failure) [PSYoungGen: 260832K->704K(261120K)] 411456K->151328K(762368K), 0.0033779 secs] [Times: user=0.00 sys=0.02, real=0.01 secs] 
2019-01-02T18:25:42.747+0900: 177789.274: [GC (Allocation Failure) [PSYoungGen: 260800K->704K(261120K)] 411424K->151336K(762368K), 0.0035239 secs] [Times: user=0.00 sys=0.02, real=0.00 secs] 
2019-01-02T18:26:47.522+0900: 177854.048: [GC (Allocation Failure) [PSYoungGen: 260800K->640K(261120K)] 411432K->151272K(762368K), 0.0032584 secs] [Times: user=0.01 sys=0.02, real=0.01 secs] 
2019-01-02T18:27:52.470+0900: 177918.997: [GC (Allocation Failure) [PSYoungGen: 260736K->640K(261120K)] 411368K->151272K(762368K), 0.0034143 secs] [Times: user=0.00 sys=0.01, real=0.01 secs] 
2019-01-02T18:28:57.379+0900: 177983.906: [GC (Allocation Failure) [PSYoungGen: 260736K->736K(261120K)] 411368K->151368K(762368K), 0.0033671 secs] [Times: user=0.00 sys=0.02, real=0.00 secs] 
2019-01-02T18:30:02.305+0900: 178048.832: [GC (Allocation Failure) [PSYoungGen: 260832K->640K(261120K)] 411464K->151272K(762368K), 0.0032052 secs] [Times: user=0.01 sys=0.01, real=0.00 secs] 
2019-01-02T18:31:07.321+0900: 178113.848: [GC (Allocation Failure) [PSYoungGen: 260736K->640K(261120K)] 411368K->151272K(762368K), 0.0034373 secs] [Times: user=0.01 sys=0.01, real=0.01 secs] 
2019-01-02T18:32:12.139+0900: 178178.666: [GC (Allocation Failure) [PSYoungGen: 260736K->736K(261120K)] 411368K->151368K(762368K), 0.0034210 secs] [Times: user=0.01 sys=0.01, real=0.00 secs] 
2019-01-02T18:33:16.603+0900: 178243.130: [GC (Allocation Failure) [PSYoungGen: 260832K->672K(261120K)] 411464K->151304K(762368K), 0.0033930 secs] [Times: user=0.00 sys=0.02, real=0.01 secs] 
2019-01-02T18:34:21.347+0900: 178307.874: [GC (Allocation Failure) [PSYoungGen: 260768K->672K(261120K)] 411400K->151304K(762368K), 0.0035881 secs] [Times: user=0.00 sys=0.01, real=0.00 secs] 
2019-01-02T18:35:26.217+0900: 178372.744: [GC (Allocation Failure) [PSYoungGen: 260768K->672K(261120K)] 411400K->151312K(762368K), 0.0033689 secs] [Times: user=0.00 sys=0.02, real=0.00 secs] 
2019-01-02T18:36:31.146+0900: 178437.673: [GC (Allocation Failure) [PSYoungGen: 260768K->704K(261120K)] 411408K->151344K(762368K), 0.0034990 secs] [Times: user=0.01 sys=0.02, real=0.00 secs] 
2019-01-02T18:37:35.606+0900: 178502.132: [GC (Allocation Failure) [PSYoungGen: 260800K->672K(261120K)] 411440K->151312K(762368K), 0.0036099 secs] [Times: user=0.00 sys=0.02, real=0.00 secs] 
2019-01-02T18:38:40.470+0900: 178566.997: [GC (Allocation Failure) [PSYoungGen: 260768K->672K(261120K)] 411408K->151312K(762368K), 0.0032725 secs] [Times: user=0.01 sys=0.00, real=0.00 secs] 
2019-01-02T18:39:45.182+0900: 178631.709: [GC (Allocation Failure) [PSYoungGen: 260768K->704K(261120K)] 411408K->151344K(762368K), 0.0035771 secs] [Times: user=0.01 sys=0.01, real=0.01 secs] 
2019-01-02T18:40:49.778+0900: 178696.305: [GC (Allocation Failure) [PSYoungGen: 260800K->704K(261120K)] 411440K->151344K(762368K), 0.0031755 secs] [Times: user=0.00 sys=0.01, real=0.00 secs] 
2019-01-02T18:41:54.527+0900: 178761.054: [GC (Allocation Failure) [PSYoungGen: 260800K->704K(261120K)] 411440K->151352K(762368K), 0.0037872 secs] [Times: user=0.02 sys=0.00, real=0.00 secs] 
2019-01-02T18:42:59.367+0900: 178825.894: [GC (Allocation Failure) [PSYoungGen: 260800K->640K(261120K)] 411448K->151296K(762368K), 0.0035349 secs] [Times: user=0.01 sys=0.01, real=0.00 secs] 
2019-01-02T18:44:03.927+0900: 178890.453: [GC (Allocation Failure) [PSYoungGen: 260736K->640K(261120K)] 411392K->151304K(762368K), 0.0033321 secs] [Times: user=0.00 sys=0.01, real=0.00 secs] 
2019-01-02T18:45:08.494+0900: 178955.021: [GC (Allocation Failure) [PSYoungGen: 260736K->736K(261120K)] 411400K->151400K(762368K), 0.0030898 secs] [Times: user=0.01 sys=0.01, real=0.00 secs] 
2019-01-02T18:46:13.410+0900: 179019.937: [GC (Allocation Failure) [PSYoungGen: 260832K->704K(261120K)] 411496K->151368K(762368K), 0.0035290 secs] [Times: user=0.01 sys=0.02, real=0.01 secs] 
2019-01-02T18:47:18.265+0900: 179084.792: [GC (Allocation Failure) [PSYoungGen: 260800K->704K(261120K)] 411464K->151368K(762368K), 0.0032977 secs] [Times: user=0.01 sys=0.02, real=0.00 secs] 
2019-01-02T18:48:22.936+0900: 179149.463: [GC (Allocation Failure) [PSYoungGen: 260800K->704K(261120K)] 411464K->151368K(762368K), 0.0042254 secs] [Times: user=0.02 sys=0.00, real=0.00 secs] 
2019-01-02T18:49:27.743+0900: 179214.269: [GC (Allocation Failure) [PSYoungGen: 260800K->704K(261120K)] 411464K->151376K(762368K), 0.0038050 secs] [Times: user=0.00 sys=0.01, real=0.01 secs] 
2019-01-02T18:50:32.473+0900: 179279.000: [GC (Allocation Failure) [PSYoungGen: 260800K->672K(261120K)] 411472K->151344K(762368K), 0.0034936 secs] [Times: user=0.01 sys=0.01, real=0.01 secs] 
2019-01-02T18:51:36.833+0900: 179343.360: [GC (Allocation Failure) [PSYoungGen: 260768K->736K(261120K)] 411440K->151408K(762368K), 0.0032385 secs] [Times: user=0.01 sys=0.01, real=0.01 secs] 
2019-01-02T18:52:41.914+0900: 179408.440: [GC (Allocation Failure) [PSYoungGen: 260832K->640K(261120K)] 411504K->151312K(762368K), 0.0034861 secs] [Times: user=0.00 sys=0.01, real=0.00 secs] 
2019-01-02T18:53:46.683+0900: 179473.209: [GC (Allocation Failure) [PSYoungGen: 260736K->704K(261120K)] 411408K->151384K(762368K), 0.0033679 secs] [Times: user=0.00 sys=0.01, real=0.01 secs] 
2019-01-02T18:54:51.419+0900: 179537.946: [GC (Allocation Failure) [PSYoungGen: 260800K->704K(261120K)] 411480K->151384K(762368K), 0.0031753 secs] [Times: user=0.00 sys=0.01, real=0.00 secs] 
2019-01-02T18:55:55.673+0900: 179602.199: [GC (Allocation Failure) [PSYoungGen: 260800K->672K(261120K)] 411480K->151368K(762368K), 0.0034180 secs] [Times: user=0.00 sys=0.01, real=0.01 secs] 
2019-01-02T18:57:00.473+0900: 179667.000: [GC (Allocation Failure) [PSYoungGen: 260768K->704K(261120K)] 411464K->151400K(762368K), 0.0035888 secs] [Times: user=0.00 sys=0.01, real=0.01 secs] 
2019-01-02T18:58:05.184+0900: 179731.710: [GC (Allocation Failure) [PSYoungGen: 260800K->672K(261120K)] 411496K->151368K(762368K), 0.0038431 secs] [Times: user=0.01 sys=0.02, real=0.00 secs] 
2019-01-02T18:59:09.547+0900: 179796.074: [GC (Allocation Failure) [PSYoungGen: 260768K->672K(261120K)] 411464K->151368K(762368K), 0.0033531 secs] [Times: user=0.00 sys=0.02, real=0.00 secs] 
2019-01-02T19:00:14.400+0900: 179860.927: [GC (Allocation Failure) [PSYoungGen: 260768K->704K(261120K)] 411464K->151408K(762368K), 0.0036416 secs] [Times: user=0.02 sys=0.00, real=0.01 secs] 
2019-01-02T19:01:18.943+0900: 179925.470: [GC (Allocation Failure) [PSYoungGen: 260800K->736K(261120K)] 411504K->151440K(762368K), 0.0033483 secs] [Times: user=0.00 sys=0.01, real=0.01 secs] 
2019-01-02T19:02:23.508+0900: 179990.035: [GC (Allocation Failure) [PSYoungGen: 260832K->640K(261120K)] 411536K->151344K(762368K), 0.0036628 secs] [Times: user=0.00 sys=0.02, real=0.00 secs] 
2019-01-02T19:03:28.166+0900: 180054.693: [GC (Allocation Failure) [PSYoungGen: 260736K->640K(261120K)] 411440K->151344K(762368K), 0.0035748 secs] [Times: user=0.00 sys=0.02, real=0.00 secs] 
2019-01-02T19:04:32.738+0900: 180119.264: [GC (Allocation Failure) [PSYoungGen: 260736K->640K(261120K)] 411440K->151344K(762368K), 0.0035660 secs] [Times: user=0.00 sys=0.02, real=0.00 secs] 
2019-01-02T19:05:37.186+0900: 180183.713: [GC (Allocation Failure) [PSYoungGen: 260736K->704K(261120K)] 411440K->151408K(762368K), 0.0033401 secs] [Times: user=0.00 sys=0.01, real=0.00 secs] 
2019-01-02T19:06:41.915+0900: 180248.441: [GC (Allocation Failure) [PSYoungGen: 260800K->704K(261120K)] 411504K->151408K(762368K), 0.0030093 secs] [Times: user=0.02 sys=0.00, real=0.00 secs] 
2019-01-02T19:07:46.503+0900: 180313.029: [GC (Allocation Failure) [PSYoungGen: 260800K->672K(261120K)] 411504K->151384K(762368K), 0.0033676 secs] [Times: user=0.01 sys=0.01, real=0.01 secs] 
2019-01-02T19:08:50.950+0900: 180377.477: [GC (Allocation Failure) [PSYoungGen: 260768K->608K(261120K)] 411480K->151320K(762368K), 0.0033126 secs] [Times: user=0.01 sys=0.02, real=0.01 secs] 
2019-01-02T19:09:55.869+0900: 180442.396: [GC (Allocation Failure) [PSYoungGen: 260704K->672K(261120K)] 411416K->151384K(762368K), 0.0032721 secs] [Times: user=0.01 sys=0.02, real=0.00 secs] 
2019-01-02T19:11:00.414+0900: 180506.941: [GC (Allocation Failure) [PSYoungGen: 260768K->640K(261120K)] 411480K->151352K(762368K), 0.0032203 secs] [Times: user=0.00 sys=0.01, real=0.00 secs] 
2019-01-02T19:12:04.834+0900: 180571.361: [GC (Allocation Failure) [PSYoungGen: 260736K->640K(261120K)] 411448K->151352K(762368K), 0.0032378 secs] [Times: user=0.01 sys=0.01, real=0.00 secs] 
2019-01-02T19:13:09.705+0900: 180636.232: [GC (Allocation Failure) [PSYoungGen: 260736K->672K(261120K)] 411448K->151384K(762368K), 0.0034715 secs] [Times: user=0.02 sys=0.00, real=0.00 secs] 
2019-01-02T19:14:14.394+0900: 180700.921: [GC (Allocation Failure) [PSYoungGen: 260768K->704K(261120K)] 411480K->151416K(762368K), 0.0032880 secs] [Times: user=0.01 sys=0.01, real=0.00 secs] 
2019-01-02T19:15:19.259+0900: 180765.786: [GC (Allocation Failure) [PSYoungGen: 260800K->640K(261120K)] 411512K->151352K(762368K), 0.0034433 secs] [Times: user=0.00 sys=0.02, real=0.00 secs] 
2019-01-02T19:16:23.761+0900: 180830.288: [GC (Allocation Failure) [PSYoungGen: 260736K->672K(261120K)] 411448K->151392K(762368K), 0.0034712 secs] [Times: user=0.00 sys=0.01, real=0.01 secs] 
2019-01-02T19:17:28.242+0900: 180894.769: [GC (Allocation Failure) [PSYoungGen: 260768K->672K(261120K)] 411488K->151392K(762368K), 0.0033390 secs] [Times: user=0.00 sys=0.02, real=0.01 secs] 
2019-01-02T19:18:33.077+0900: 180959.604: [GC (Allocation Failure) [PSYoungGen: 260768K->704K(261120K)] 411488K->151432K(762368K), 0.0031029 secs] [Times: user=0.00 sys=0.01, real=0.00 secs] 
2019-01-02T19:19:37.835+0900: 181024.361: [GC (Allocation Failure) [PSYoungGen: 260800K->672K(261120K)] 411528K->151416K(762368K), 0.0031764 secs] [Times: user=0.00 sys=0.02, real=0.00 secs] 
2019-01-02T19:20:42.404+0900: 181088.930: [GC (Allocation Failure) [PSYoungGen: 260768K->640K(261120K)] 411512K->151384K(762368K), 0.0031161 secs] [Times: user=0.00 sys=0.01, real=0.00 secs] 
2019-01-02T19:21:47.027+0900: 181153.553: [GC (Allocation Failure) [PSYoungGen: 260736K->672K(261120K)] 411480K->151416K(762368K), 0.0035401 secs] [Times: user=0.00 sys=0.02, real=0.00 secs] 
2019-01-02T19:22:51.880+0900: 181218.407: [GC (Allocation Failure) [PSYoungGen: 260768K->672K(261120K)] 411512K->151416K(762368K), 0.0028611 secs] [Times: user=0.01 sys=0.01, real=0.00 secs] 
2019-01-02T19:23:56.409+0900: 181282.936: [GC (Allocation Failure) [PSYoungGen: 260768K->640K(261120K)] 411512K->151384K(762368K), 0.0032670 secs] [Times: user=0.01 sys=0.02, real=0.00 secs] 
2019-01-02T19:25:01.297+0900: 181347.824: [GC (Allocation Failure) [PSYoungGen: 260736K->640K(261120K)] 411480K->151384K(762368K), 0.0031007 secs] [Times: user=0.00 sys=0.01, real=0.00 secs] 
2019-01-02T19:26:06.105+0900: 181412.632: [GC (Allocation Failure) [PSYoungGen: 260736K->736K(261120K)] 411480K->151488K(762368K), 0.0035185 secs] [Times: user=0.01 sys=0.01, real=0.00 secs] 
2019-01-02T19:27:10.635+0900: 181477.162: [GC (Allocation Failure) [PSYoungGen: 260832K->672K(261120K)] 411584K->151424K(762368K), 0.0034558 secs] [Times: user=0.00 sys=0.02, real=0.00 secs] 
2019-01-02T19:28:15.375+0900: 181541.902: [GC (Allocation Failure) [PSYoungGen: 260768K->672K(261120K)] 411520K->151424K(762368K), 0.0031648 secs] [Times: user=0.02 sys=0.00, real=0.00 secs] 
2019-01-02T19:29:20.127+0900: 181606.654: [GC (Allocation Failure) [PSYoungGen: 260768K->640K(261120K)] 411520K->151392K(762368K), 0.0034716 secs] [Times: user=0.01 sys=0.02, real=0.00 secs] 
2019-01-02T19:30:24.939+0900: 181671.466: [GC (Allocation Failure) [PSYoungGen: 260736K->704K(261120K)] 411488K->151456K(762368K), 0.0031076 secs] [Times: user=0.00 sys=0.02, real=0.00 secs] 
2019-01-02T19:31:29.465+0900: 181735.991: [GC (Allocation Failure) [PSYoungGen: 260800K->672K(261120K)] 411552K->151424K(762368K), 0.0034184 secs] [Times: user=0.00 sys=0.01, real=0.00 secs] 
2019-01-02T19:32:34.057+0900: 181800.584: [GC (Allocation Failure) [PSYoungGen: 260768K->704K(261120K)] 411520K->151456K(762368K), 0.0034988 secs] [Times: user=0.00 sys=0.01, real=0.00 secs] 
2019-01-02T19:33:38.914+0900: 181865.441: [GC (Allocation Failure) [PSYoungGen: 260800K->640K(261120K)] 411552K->151392K(762368K), 0.0033942 secs] [Times: user=0.00 sys=0.01, real=0.00 secs] 
2019-01-02T19:34:43.705+0900: 181930.232: [GC (Allocation Failure) [PSYoungGen: 260736K->640K(261120K)] 411488K->151400K(762368K), 0.0036155 secs] [Times: user=0.01 sys=0.02, real=0.00 secs] 
2019-01-02T19:35:48.637+0900: 181995.164: [GC (Allocation Failure) [PSYoungGen: 260736K->704K(261120K)] 411496K->151464K(762368K), 0.0034107 secs] [Times: user=0.01 sys=0.01, real=0.00 secs] 
2019-01-02T19:36:53.465+0900: 182059.992: [GC (Allocation Failure) [PSYoungGen: 260800K->704K(261120K)] 411560K->151464K(762368K), 0.0035964 secs] [Times: user=0.00 sys=0.02, real=0.00 secs] 
2019-01-02T19:37:58.403+0900: 182124.930: [GC (Allocation Failure) [PSYoungGen: 260800K->704K(261120K)] 411560K->151464K(762368K), 0.0034014 secs] [Times: user=0.01 sys=0.01, real=0.01 secs] 
2019-01-02T19:39:03.287+0900: 182189.814: [GC (Allocation Failure) [PSYoungGen: 260800K->640K(261120K)] 411560K->151400K(762368K), 0.0034516 secs] [Times: user=0.00 sys=0.01, real=0.00 secs] 
2019-01-02T19:40:08.230+0900: 182254.757: [GC (Allocation Failure) [PSYoungGen: 260736K->704K(261120K)] 411496K->151464K(762368K), 0.0034445 secs] [Times: user=0.01 sys=0.02, real=0.01 secs] 
2019-01-02T19:41:12.687+0900: 182319.214: [GC (Allocation Failure) [PSYoungGen: 260800K->672K(261120K)] 411560K->151432K(762368K), 0.0029840 secs] [Times: user=0.01 sys=0.01, real=0.00 secs] 
2019-01-02T19:42:17.739+0900: 182384.265: [GC (Allocation Failure) [PSYoungGen: 260768K->704K(261120K)] 411528K->151464K(762368K), 0.0033870 secs] [Times: user=0.00 sys=0.02, real=0.00 secs] 
2019-01-02T19:43:22.709+0900: 182449.236: [GC (Allocation Failure) [PSYoungGen: 260800K->640K(261120K)] 411560K->151408K(762368K), 0.0031754 secs] [Times: user=0.01 sys=0.02, real=0.00 secs] 
2019-01-02T19:44:27.254+0900: 182513.781: [GC (Allocation Failure) [PSYoungGen: 260736K->672K(261120K)] 411504K->151448K(762368K), 0.0032816 secs] [Times: user=0.00 sys=0.01, real=0.00 secs] 
2019-01-02T19:45:32.040+0900: 182578.567: [GC (Allocation Failure) [PSYoungGen: 260768K->672K(261120K)] 411544K->151448K(762368K), 0.0035252 secs] [Times: user=0.00 sys=0.01, real=0.01 secs] 
2019-01-02T19:46:36.698+0900: 182643.225: [GC (Allocation Failure) [PSYoungGen: 260768K->608K(261120K)] 411544K->151384K(762368K), 0.0034579 secs] [Times: user=0.00 sys=0.01, real=0.00 secs] 
2019-01-02T19:47:41.482+0900: 182708.009: [GC (Allocation Failure) [PSYoungGen: 260704K->672K(261120K)] 411480K->151448K(762368K), 0.0036126 secs] [Times: user=0.00 sys=0.01, real=0.01 secs] 
2019-01-02T19:48:46.062+0900: 182772.588: [GC (Allocation Failure) [PSYoungGen: 260768K->640K(261120K)] 411544K->151424K(762368K), 0.0035332 secs] [Times: user=0.02 sys=0.00, real=0.01 secs] 
2019-01-02T19:49:50.849+0900: 182837.376: [GC (Allocation Failure) [PSYoungGen: 260736K->672K(261120K)] 411520K->151472K(762368K), 0.0033001 secs] [Times: user=0.02 sys=0.00, real=0.00 secs] 
2019-01-02T19:50:55.926+0900: 182902.453: [GC (Allocation Failure) [PSYoungGen: 260768K->672K(261120K)] 411568K->151472K(762368K), 0.0033116 secs] [Times: user=0.01 sys=0.02, real=0.00 secs] 
2019-01-02T19:52:00.745+0900: 182967.272: [GC (Allocation Failure) [PSYoungGen: 260768K->672K(261120K)] 411568K->151472K(762368K), 0.0034149 secs] [Times: user=0.01 sys=0.01, real=0.00 secs] 
2019-01-02T19:53:05.339+0900: 183031.865: [GC (Allocation Failure) [PSYoungGen: 260768K->640K(261120K)] 411568K->151440K(762368K), 0.0030355 secs] [Times: user=0.02 sys=0.00, real=0.00 secs] 
2019-01-02T19:54:10.029+0900: 183096.556: [GC (Allocation Failure) [PSYoungGen: 260736K->672K(261120K)] 411536K->151480K(762368K), 0.0031089 secs] [Times: user=0.00 sys=0.02, real=0.00 secs] 
2019-01-02T19:55:14.798+0900: 183161.325: [GC (Allocation Failure) [PSYoungGen: 260768K->672K(261120K)] 411576K->151480K(762368K), 0.0029970 secs] [Times: user=0.00 sys=0.01, real=0.00 secs] 
2019-01-02T19:56:19.716+0900: 183226.242: [GC (Allocation Failure) [PSYoungGen: 260768K->672K(261120K)] 411576K->151496K(762368K), 0.0029557 secs] [Times: user=0.00 sys=0.02, real=0.00 secs] 
2019-01-02T19:57:24.762+0900: 183291.289: [GC (Allocation Failure) [PSYoungGen: 260768K->672K(261120K)] 411592K->151496K(762368K), 0.0033163 secs] [Times: user=0.00 sys=0.01, real=0.01 secs] 
2019-01-02T19:58:29.661+0900: 183356.187: [GC (Allocation Failure) [PSYoungGen: 260768K->672K(261120K)] 411592K->151496K(762368K), 0.0035218 secs] [Times: user=0.02 sys=0.00, real=0.01 secs] 
2019-01-02T19:59:34.126+0900: 183420.653: [GC (Allocation Failure) [PSYoungGen: 260768K->672K(261120K)] 411592K->151504K(762368K), 0.0035300 secs] [Times: user=0.02 sys=0.00, real=0.00 secs] 
2019-01-02T20:00:39.072+0900: 183485.599: [GC (Allocation Failure) [PSYoungGen: 260768K->672K(261120K)] 411600K->151504K(762368K), 0.0035237 secs] [Times: user=0.01 sys=0.02, real=0.01 secs] 
2019-01-02T20:01:44.122+0900: 183550.649: [GC (Allocation Failure) [PSYoungGen: 260768K->640K(261120K)] 411600K->151472K(762368K), 0.0032546 secs] [Times: user=0.00 sys=0.01, real=0.01 secs] 
2019-01-02T20:02:48.792+0900: 183615.319: [GC (Allocation Failure) [PSYoungGen: 260736K->736K(261120K)] 411568K->151568K(762368K), 0.0037474 secs] [Times: user=0.00 sys=0.01, real=0.01 secs] 
2019-01-02T20:03:53.566+0900: 183680.092: [GC (Allocation Failure) [PSYoungGen: 260832K->640K(261120K)] 411664K->151472K(762368K), 0.0029044 secs] [Times: user=0.00 sys=0.01, real=0.00 secs] 
2019-01-02T20:04:58.256+0900: 183744.782: [GC (Allocation Failure) [PSYoungGen: 260736K->608K(261120K)] 411568K->151448K(762368K), 0.0034141 secs] [Times: user=0.00 sys=0.01, real=0.00 secs] 
2019-01-02T20:06:02.952+0900: 183809.478: [GC (Allocation Failure) [PSYoungGen: 260704K->640K(261120K)] 411544K->151480K(762368K), 0.0035303 secs] [Times: user=0.00 sys=0.01, real=0.01 secs] 
2019-01-02T20:07:07.889+0900: 183874.416: [GC (Allocation Failure) [PSYoungGen: 260736K->672K(261120K)] 411576K->151512K(762368K), 0.0033418 secs] [Times: user=0.01 sys=0.02, real=0.00 secs] 
2019-01-02T20:08:12.443+0900: 183938.970: [GC (Allocation Failure) [PSYoungGen: 260768K->704K(261120K)] 411608K->151544K(762368K), 0.0032453 secs] [Times: user=0.02 sys=0.00, real=0.01 secs] 
2019-01-02T20:09:17.318+0900: 184003.845: [GC (Allocation Failure) [PSYoungGen: 260800K->768K(261120K)] 411640K->151608K(762368K), 0.0032900 secs] [Times: user=0.00 sys=0.01, real=0.00 secs] 
2019-01-02T20:10:22.199+0900: 184068.725: [GC (Allocation Failure) [PSYoungGen: 260864K->704K(261120K)] 411704K->151544K(762368K), 0.0033619 secs] [Times: user=0.01 sys=0.02, real=0.00 secs] 
2019-01-02T20:11:27.174+0900: 184133.701: [GC (Allocation Failure) [PSYoungGen: 260800K->672K(261120K)] 411640K->151512K(762368K), 0.0033443 secs] [Times: user=0.01 sys=0.02, real=0.00 secs] 
2019-01-02T20:12:32.073+0900: 184198.600: [GC (Allocation Failure) [PSYoungGen: 260768K->608K(261120K)] 411608K->151448K(762368K), 0.0036693 secs] [Times: user=0.01 sys=0.00, real=0.01 secs] 
2019-01-02T20:13:36.630+0900: 184263.157: [GC (Allocation Failure) [PSYoungGen: 260704K->704K(261120K)] 411544K->151552K(762368K), 0.0034002 secs] [Times: user=0.00 sys=0.02, real=0.01 secs] 
2019-01-02T20:14:41.354+0900: 184327.881: [GC (Allocation Failure) [PSYoungGen: 260800K->640K(261120K)] 411648K->151488K(762368K), 0.0032855 secs] [Times: user=0.00 sys=0.02, real=0.00 secs] 
2019-01-02T20:15:45.902+0900: 184392.429: [GC (Allocation Failure) [PSYoungGen: 260736K->704K(261120K)] 411584K->151552K(762368K), 0.0034484 secs] [Times: user=0.00 sys=0.01, real=0.01 secs] 
2019-01-02T20:16:50.960+0900: 184457.486: [GC (Allocation Failure) [PSYoungGen: 260800K->640K(261120K)] 411648K->151496K(762368K), 0.0034661 secs] [Times: user=0.01 sys=0.02, real=0.00 secs] 
2019-01-02T20:17:55.909+0900: 184522.436: [GC (Allocation Failure) [PSYoungGen: 260736K->672K(261120K)] 411592K->151528K(762368K), 0.0030095 secs] [Times: user=0.01 sys=0.01, real=0.00 secs] 
2019-01-02T20:19:00.834+0900: 184587.361: [GC (Allocation Failure) [PSYoungGen: 260768K->736K(261120K)] 411624K->151600K(762368K), 0.0032527 secs] [Times: user=0.00 sys=0.01, real=0.00 secs] 
2019-01-02T20:20:05.376+0900: 184651.903: [GC (Allocation Failure) [PSYoungGen: 260832K->672K(261120K)] 411696K->151536K(762368K), 0.0034354 secs] [Times: user=0.00 sys=0.02, real=0.00 secs] 
2019-01-02T20:21:10.498+0900: 184717.025: [GC (Allocation Failure) [PSYoungGen: 260768K->672K(261120K)] 411632K->151544K(762368K), 0.0033869 secs] [Times: user=0.01 sys=0.00, real=0.00 secs] 
2019-01-02T20:22:15.142+0900: 184781.669: [GC (Allocation Failure) [PSYoungGen: 260768K->704K(261120K)] 411640K->151576K(762368K), 0.0035868 secs] [Times: user=0.00 sys=0.01, real=0.01 secs] 
2019-01-02T20:23:19.743+0900: 184846.270: [GC (Allocation Failure) [PSYoungGen: 260800K->704K(261120K)] 411672K->151592K(762368K), 0.0033809 secs] [Times: user=0.01 sys=0.01, real=0.01 secs] 
2019-01-02T20:24:24.382+0900: 184910.908: [GC (Allocation Failure) [PSYoungGen: 260800K->672K(261120K)] 411688K->151560K(762368K), 0.0029547 secs] [Times: user=0.01 sys=0.01, real=0.01 secs] 
2019-01-02T20:25:29.527+0900: 184976.053: [GC (Allocation Failure) [PSYoungGen: 260768K->640K(261120K)] 411656K->151536K(762368K), 0.0032827 secs] [Times: user=0.00 sys=0.01, real=0.00 secs] 
2019-01-02T20:26:34.364+0900: 185040.891: [GC (Allocation Failure) [PSYoungGen: 260736K->672K(261120K)] 411632K->151576K(762368K), 0.0035007 secs] [Times: user=0.01 sys=0.02, real=0.00 secs] 
2019-01-02T20:27:39.380+0900: 185105.907: [GC (Allocation Failure) [PSYoungGen: 260768K->608K(261120K)] 411672K->151512K(762368K), 0.0032596 secs] [Times: user=0.00 sys=0.02, real=0.00 secs] 
2019-01-02T20:28:44.435+0900: 185170.962: [GC (Allocation Failure) [PSYoungGen: 260704K->672K(261120K)] 411608K->151576K(762368K), 0.0038167 secs] [Times: user=0.01 sys=0.01, real=0.00 secs] 
2019-01-02T20:29:49.425+0900: 185235.951: [GC (Allocation Failure) [PSYoungGen: 260768K->704K(261120K)] 411672K->151608K(762368K), 0.0028923 secs] [Times: user=0.01 sys=0.02, real=0.00 secs] 
2019-01-02T20:30:53.998+0900: 185300.525: [GC (Allocation Failure) [PSYoungGen: 260800K->672K(261120K)] 411704K->151576K(762368K), 0.0035174 secs] [Times: user=0.00 sys=0.02, real=0.00 secs] 
2019-01-02T20:31:58.748+0900: 185365.274: [GC (Allocation Failure) [PSYoungGen: 260768K->672K(261120K)] 411672K->151576K(762368K), 0.0036276 secs] [Times: user=0.00 sys=0.01, real=0.00 secs] 
2019-01-02T20:33:03.825+0900: 185430.352: [GC (Allocation Failure) [PSYoungGen: 260768K->640K(261120K)] 411672K->151544K(762368K), 0.0034379 secs] [Times: user=0.00 sys=0.01, real=0.00 secs] 
2019-01-02T20:34:09.001+0900: 185495.528: [GC (Allocation Failure) [PSYoungGen: 260736K->608K(261120K)] 411640K->151512K(762368K), 0.0036266 secs] [Times: user=0.00 sys=0.01, real=0.01 secs] 
2019-01-02T20:35:13.848+0900: 185560.375: [GC (Allocation Failure) [PSYoungGen: 260704K->672K(261120K)] 411608K->151576K(762368K), 0.0037031 secs] [Times: user=0.02 sys=0.00, real=0.00 secs] 
2019-01-02T20:36:18.803+0900: 185625.330: [GC (Allocation Failure) [PSYoungGen: 260768K->672K(261120K)] 411672K->151576K(762368K), 0.0033433 secs] [Times: user=0.00 sys=0.01, real=0.01 secs] 
2019-01-02T20:37:23.368+0900: 185689.895: [GC (Allocation Failure) [PSYoungGen: 260768K->672K(261120K)] 411672K->151576K(762368K), 0.0032832 secs] [Times: user=0.00 sys=0.02, real=0.00 secs] 
2019-01-02T20:38:28.148+0900: 185754.674: [GC (Allocation Failure) [PSYoungGen: 260768K->640K(261120K)] 411672K->151544K(762368K), 0.0032327 secs] [Times: user=0.00 sys=0.02, real=0.00 secs] 
2019-01-02T20:39:33.006+0900: 185819.533: [GC (Allocation Failure) [PSYoungGen: 260736K->640K(261120K)] 411640K->151544K(762368K), 0.0031917 secs] [Times: user=0.00 sys=0.02, real=0.00 secs] 
2019-01-02T20:40:38.119+0900: 185884.646: [GC (Allocation Failure) [PSYoungGen: 260736K->704K(261120K)] 411640K->151608K(762368K), 0.0034193 secs] [Times: user=0.00 sys=0.01, real=0.00 secs] 
2019-01-02T20:41:42.548+0900: 185949.075: [GC (Allocation Failure) [PSYoungGen: 260800K->640K(261120K)] 411704K->151544K(762368K), 0.0035726 secs] [Times: user=0.00 sys=0.01, real=0.00 secs] 
2019-01-02T20:42:47.416+0900: 186013.943: [GC (Allocation Failure) [PSYoungGen: 260736K->736K(261120K)] 411640K->151640K(762368K), 0.0032220 secs] [Times: user=0.00 sys=0.02, real=0.00 secs] 
2019-01-02T20:43:52.068+0900: 186078.594: [GC (Allocation Failure) [PSYoungGen: 260832K->672K(261120K)] 411736K->151576K(762368K), 0.0036104 secs] [Times: user=0.01 sys=0.01, real=0.00 secs] 
2019-01-02T20:44:57.006+0900: 186143.533: [GC (Allocation Failure) [PSYoungGen: 260768K->704K(261120K)] 411672K->151616K(762368K), 0.0035785 secs] [Times: user=0.02 sys=0.00, real=0.00 secs] 
2019-01-02T20:46:02.153+0900: 186208.679: [GC (Allocation Failure) [PSYoungGen: 260800K->704K(261120K)] 411712K->151616K(762368K), 0.0030867 secs] [Times: user=0.01 sys=0.01, real=0.01 secs] 
2019-01-02T20:47:07.080+0900: 186273.606: [GC (Allocation Failure) [PSYoungGen: 260800K->704K(261120K)] 411712K->151616K(762368K), 0.0036354 secs] [Times: user=0.00 sys=0.02, real=0.00 secs] 
2019-01-02T20:48:11.955+0900: 186338.481: [GC (Allocation Failure) [PSYoungGen: 260800K->672K(261120K)] 411712K->151584K(762368K), 0.0032280 secs] [Times: user=0.00 sys=0.01, real=0.00 secs] 
2019-01-02T20:49:16.863+0900: 186403.390: [GC (Allocation Failure) [PSYoungGen: 260768K->704K(261120K)] 411680K->151624K(762368K), 0.0032290 secs] [Times: user=0.00 sys=0.02, real=0.01 secs] 
2019-01-02T20:50:21.477+0900: 186468.003: [GC (Allocation Failure) [PSYoungGen: 260800K->640K(261120K)] 411720K->151560K(762368K), 0.0034654 secs] [Times: user=0.02 sys=0.00, real=0.00 secs] 
2019-01-02T20:51:26.545+0900: 186533.072: [GC (Allocation Failure) [PSYoungGen: 260736K->704K(261120K)] 411656K->151624K(762368K), 0.0034795 secs] [Times: user=0.00 sys=0.02, real=0.00 secs] 
2019-01-02T20:52:31.717+0900: 186598.244: [GC (Allocation Failure) [PSYoungGen: 260800K->704K(261120K)] 411720K->151624K(762368K), 0.0032697 secs] [Times: user=0.01 sys=0.01, real=0.00 secs] 
2019-01-02T20:53:36.642+0900: 186663.168: [GC (Allocation Failure) [PSYoungGen: 260800K->704K(261120K)] 411720K->151624K(762368K), 0.0033578 secs] [Times: user=0.00 sys=0.02, real=0.01 secs] 
2019-01-02T20:54:41.792+0900: 186728.319: [GC (Allocation Failure) [PSYoungGen: 260800K->704K(261120K)] 411720K->151624K(762368K), 0.0035049 secs] [Times: user=0.01 sys=0.01, real=0.01 secs] 
2019-01-02T20:55:46.796+0900: 186793.323: [GC (Allocation Failure) [PSYoungGen: 260800K->640K(261120K)] 411720K->151568K(762368K), 0.0033719 secs] [Times: user=0.00 sys=0.01, real=0.00 secs] 
2019-01-02T20:56:51.869+0900: 186858.395: [GC (Allocation Failure) [PSYoungGen: 260736K->672K(261120K)] 411664K->151600K(762368K), 0.0035454 secs] [Times: user=0.00 sys=0.02, real=0.00 secs] 
2019-01-02T20:57:56.458+0900: 186922.985: [GC (Allocation Failure) [PSYoungGen: 260768K->608K(261120K)] 411696K->151536K(762368K), 0.0038367 secs] [Times: user=0.00 sys=0.02, real=0.00 secs] 
2019-01-02T20:59:01.431+0900: 186987.958: [GC (Allocation Failure) [PSYoungGen: 260704K->640K(261120K)] 411632K->151568K(762368K), 0.0037309 secs] [Times: user=0.01 sys=0.02, real=0.01 secs] 
2019-01-02T21:00:06.432+0900: 187052.959: [GC (Allocation Failure) [PSYoungGen: 260736K->704K(261120K)] 411664K->151632K(762368K), 0.0032318 secs] [Times: user=0.00 sys=0.01, real=0.01 secs] 
2019-01-02T21:01:11.467+0900: 187117.994: [GC (Allocation Failure) [PSYoungGen: 260800K->672K(261120K)] 411728K->151600K(762368K), 0.0034408 secs] [Times: user=0.01 sys=0.02, real=0.00 secs] 
2019-01-02T21:02:16.682+0900: 187183.209: [GC (Allocation Failure) [PSYoungGen: 260768K->640K(261120K)] 411696K->151568K(762368K), 0.0033776 secs] [Times: user=0.00 sys=0.01, real=0.01 secs] 
2019-01-02T21:03:21.013+0900: 187247.540: [GC (Allocation Failure) [PSYoungGen: 260736K->640K(261120K)] 411664K->151576K(762368K), 0.0031642 secs] [Times: user=0.00 sys=0.01, real=0.01 secs] 
2019-01-02T21:04:25.572+0900: 187312.099: [GC (Allocation Failure) [PSYoungGen: 260736K->608K(261120K)] 411672K->151544K(762368K), 0.0034283 secs] [Times: user=0.00 sys=0.02, real=0.01 secs] 
2019-01-02T21:05:30.485+0900: 187377.012: [GC (Allocation Failure) [PSYoungGen: 260704K->672K(261120K)] 411640K->151616K(762368K), 0.0034305 secs] [Times: user=0.00 sys=0.02, real=0.00 secs] 
2019-01-02T21:06:35.400+0900: 187441.927: [GC (Allocation Failure) [PSYoungGen: 260768K->736K(261120K)] 411712K->151688K(762368K), 0.0034325 secs] [Times: user=0.01 sys=0.01, real=0.01 secs] 
2019-01-02T21:07:40.311+0900: 187506.837: [GC (Allocation Failure) [PSYoungGen: 260832K->672K(261120K)] 411784K->151624K(762368K), 0.0034512 secs] [Times: user=0.00 sys=0.01, real=0.01 secs] 
2019-01-02T21:08:45.248+0900: 187571.775: [GC (Allocation Failure) [PSYoungGen: 260768K->704K(261120K)] 411720K->151656K(762368K), 0.0034097 secs] [Times: user=0.00 sys=0.01, real=0.00 secs] 
2019-01-02T21:09:50.207+0900: 187636.734: [GC (Allocation Failure) [PSYoungGen: 260800K->640K(261120K)] 411752K->151592K(762368K), 0.0032544 secs] [Times: user=0.00 sys=0.01, real=0.00 secs] 
2019-01-02T21:10:55.262+0900: 187701.789: [GC (Allocation Failure) [PSYoungGen: 260736K->640K(261120K)] 411688K->151592K(762368K), 0.0032721 secs] [Times: user=0.00 sys=0.01, real=0.01 secs] 
2019-01-02T21:12:00.253+0900: 187766.780: [GC (Allocation Failure) [PSYoungGen: 260736K->704K(261120K)] 411688K->151656K(762368K), 0.0033687 secs] [Times: user=0.01 sys=0.01, real=0.01 secs] 
2019-01-02T21:13:05.341+0900: 187831.868: [GC (Allocation Failure) [PSYoungGen: 260800K->704K(261120K)] 411752K->151656K(762368K), 0.0035962 secs] [Times: user=0.01 sys=0.01, real=0.01 secs] 
2019-01-02T21:14:10.348+0900: 187896.875: [GC (Allocation Failure) [PSYoungGen: 260800K->640K(261120K)] 411752K->151592K(762368K), 0.0037421 secs] [Times: user=0.00 sys=0.01, real=0.00 secs] 
2019-01-02T21:15:15.278+0900: 187961.805: [GC (Allocation Failure) [PSYoungGen: 260736K->576K(261120K)] 411688K->151528K(762368K), 0.0037140 secs] [Times: user=0.02 sys=0.00, real=0.00 secs] 
2019-01-02T21:16:19.947+0900: 188026.474: [GC (Allocation Failure) [PSYoungGen: 260672K->704K(261120K)] 411624K->151656K(762368K), 0.0037501 secs] [Times: user=0.00 sys=0.01, real=0.00 secs] 
2019-01-02T21:17:25.070+0900: 188091.597: [GC (Allocation Failure) [PSYoungGen: 260800K->704K(261120K)] 411752K->151656K(762368K), 0.0036583 secs] [Times: user=0.00 sys=0.02, real=0.01 secs] 
2019-01-02T21:18:30.058+0900: 188156.585: [GC (Allocation Failure) [PSYoungGen: 260800K->672K(261120K)] 411752K->151632K(762368K), 0.0030859 secs] [Times: user=0.00 sys=0.01, real=0.00 secs] 
2019-01-02T21:19:34.803+0900: 188221.330: [GC (Allocation Failure) [PSYoungGen: 260768K->704K(261120K)] 411728K->151672K(762368K), 0.0029367 secs] [Times: user=0.00 sys=0.02, real=0.01 secs] 
2019-01-02T21:20:39.914+0900: 188286.440: [GC (Allocation Failure) [PSYoungGen: 260800K->640K(261120K)] 411768K->151608K(762368K), 0.0034434 secs] [Times: user=0.00 sys=0.02, real=0.00 secs] 
2019-01-02T21:21:44.945+0900: 188351.472: [GC (Allocation Failure) [PSYoungGen: 260736K->672K(261120K)] 411704K->151640K(762368K), 0.0033470 secs] [Times: user=0.01 sys=0.02, real=0.00 secs] 
2019-01-02T21:22:50.088+0900: 188416.614: [GC (Allocation Failure) [PSYoungGen: 260768K->672K(261120K)] 411736K->151640K(762368K), 0.0035210 secs] [Times: user=0.00 sys=0.02, real=0.00 secs] 
2019-01-02T21:23:54.976+0900: 188481.503: [GC (Allocation Failure) [PSYoungGen: 260768K->640K(261120K)] 411736K->151608K(762368K), 0.0034799 secs] [Times: user=0.00 sys=0.01, real=0.00 secs] 
2019-01-02T21:25:00.148+0900: 188546.675: [GC (Allocation Failure) [PSYoungGen: 260736K->672K(261120K)] 411704K->151640K(762368K), 0.0033286 secs] [Times: user=0.00 sys=0.01, real=0.00 secs] 
2019-01-02T21:26:05.384+0900: 188611.910: [GC (Allocation Failure) [PSYoungGen: 260768K->672K(261120K)] 411736K->151640K(762368K), 0.0033764 secs] [Times: user=0.01 sys=0.02, real=0.00 secs] 
2019-01-02T21:27:09.688+0900: 188676.214: [GC (Allocation Failure) [PSYoungGen: 260768K->672K(261120K)] 411736K->151648K(762368K), 0.0030209 secs] [Times: user=0.01 sys=0.02, real=0.00 secs] 
2019-01-02T21:28:14.448+0900: 188740.975: [GC (Allocation Failure) [PSYoungGen: 260768K->704K(261120K)] 411744K->151680K(762368K), 0.0037167 secs] [Times: user=0.00 sys=0.01, real=0.00 secs] 
2019-01-02T21:29:19.429+0900: 188805.956: [GC (Allocation Failure) [PSYoungGen: 260800K->640K(261120K)] 411776K->151616K(762368K), 0.0028851 secs] [Times: user=0.00 sys=0.01, real=0.00 secs] 
2019-01-02T21:30:24.569+0900: 188871.096: [GC (Allocation Failure) [PSYoungGen: 260736K->704K(261120K)] 411712K->151680K(762368K), 0.0033990 secs] [Times: user=0.00 sys=0.01, real=0.00 secs] 
2019-01-02T21:31:29.680+0900: 188936.207: [GC (Allocation Failure) [PSYoungGen: 260800K->704K(261120K)] 411776K->151680K(762368K), 0.0035728 secs] [Times: user=0.01 sys=0.01, real=0.00 secs] 
2019-01-02T21:32:34.647+0900: 189001.173: [GC (Allocation Failure) [PSYoungGen: 260800K->672K(261120K)] 411776K->151648K(762368K), 0.0037754 secs] [Times: user=0.01 sys=0.01, real=0.00 secs] 
2019-01-02T21:33:39.774+0900: 189066.300: [GC (Allocation Failure) [PSYoungGen: 260768K->640K(261120K)] 411744K->151616K(762368K), 0.0033018 secs] [Times: user=0.01 sys=0.01, real=0.00 secs] 
2019-01-02T21:34:44.845+0900: 189131.372: [GC (Allocation Failure) [PSYoungGen: 260736K->672K(261120K)] 411712K->151656K(762368K), 0.0035762 secs] [Times: user=0.01 sys=0.01, real=0.00 secs] 
2019-01-02T21:35:49.848+0900: 189196.375: [GC (Allocation Failure) [PSYoungGen: 260768K->672K(261120K)] 411752K->151656K(762368K), 0.0034827 secs] [Times: user=0.00 sys=0.01, real=0.00 secs] 
2019-01-02T21:36:54.864+0900: 189261.391: [GC (Allocation Failure) [PSYoungGen: 260768K->672K(261120K)] 411752K->151656K(762368K), 0.0035149 secs] [Times: user=0.00 sys=0.02, real=0.00 secs] 
2019-01-02T21:37:59.822+0900: 189326.349: [GC (Allocation Failure) [PSYoungGen: 260768K->704K(261120K)] 411752K->151688K(762368K), 0.0033600 secs] [Times: user=0.01 sys=0.01, real=0.01 secs] 
2019-01-02T21:39:04.465+0900: 189390.992: [GC (Allocation Failure) [PSYoungGen: 260800K->704K(261120K)] 411784K->151688K(762368K), 0.0036657 secs] [Times: user=0.01 sys=0.01, real=0.00 secs] 
2019-01-02T21:40:09.569+0900: 189456.095: [GC (Allocation Failure) [PSYoungGen: 260800K->672K(261120K)] 411784K->151656K(762368K), 0.0033445 secs] [Times: user=0.02 sys=0.00, real=0.00 secs] 
2019-01-02T21:41:14.680+0900: 189521.207: [GC (Allocation Failure) [PSYoungGen: 260768K->608K(261120K)] 411752K->151592K(762368K), 0.0034501 secs] [Times: user=0.01 sys=0.01, real=0.00 secs] 
2019-01-02T21:42:19.812+0900: 189586.339: [GC (Allocation Failure) [PSYoungGen: 260704K->704K(261120K)] 411688K->151696K(762368K), 0.0037490 secs] [Times: user=0.00 sys=0.02, real=0.01 secs] 
2019-01-02T21:43:24.715+0900: 189651.242: [GC (Allocation Failure) [PSYoungGen: 260800K->672K(261120K)] 411792K->151664K(762368K), 0.0033017 secs] [Times: user=0.01 sys=0.02, real=0.00 secs] 
2019-01-02T21:44:29.271+0900: 189715.798: [GC (Allocation Failure) [PSYoungGen: 260768K->672K(261120K)] 411760K->151664K(762368K), 0.0032795 secs] [Times: user=0.01 sys=0.01, real=0.01 secs] 
2019-01-02T21:45:34.330+0900: 189780.856: [GC (Allocation Failure) [PSYoungGen: 260768K->608K(261120K)] 411760K->151600K(762368K), 0.0035702 secs] [Times: user=0.01 sys=0.01, real=0.00 secs] 
2019-01-02T21:46:39.345+0900: 189845.872: [GC (Allocation Failure) [PSYoungGen: 260704K->736K(261120K)] 411696K->151736K(762368K), 0.0034227 secs] [Times: user=0.00 sys=0.02, real=0.00 secs] 
2019-01-02T21:47:44.088+0900: 189910.614: [GC (Allocation Failure) [PSYoungGen: 260832K->640K(261120K)] 411832K->151640K(762368K), 0.0033844 secs] [Times: user=0.01 sys=0.01, real=0.00 secs] 
2019-01-02T21:48:48.752+0900: 189975.279: [GC (Allocation Failure) [PSYoungGen: 260736K->640K(261120K)] 411736K->151656K(762368K), 0.0030554 secs] [Times: user=0.01 sys=0.01, real=0.01 secs] 
2019-01-02T21:49:53.562+0900: 190040.089: [GC (Allocation Failure) [PSYoungGen: 260736K->640K(261120K)] 411752K->151656K(762368K), 0.0030502 secs] [Times: user=0.02 sys=0.00, real=0.01 secs] 
2019-01-02T21:50:58.583+0900: 190105.110: [GC (Allocation Failure) [PSYoungGen: 260736K->608K(261120K)] 411752K->151632K(762368K), 0.0034652 secs] [Times: user=0.01 sys=0.00, real=0.01 secs] 
2019-01-02T21:52:03.542+0900: 190170.068: [GC (Allocation Failure) [PSYoungGen: 260704K->704K(261120K)] 411728K->151728K(762368K), 0.0035461 secs] [Times: user=0.00 sys=0.01, real=0.01 secs] 
2019-01-02T21:53:08.168+0900: 190234.695: [GC (Allocation Failure) [PSYoungGen: 260800K->704K(261120K)] 411824K->151728K(762368K), 0.0032413 secs] [Times: user=0.00 sys=0.01, real=0.00 secs] 
2019-01-02T21:54:13.137+0900: 190299.664: [GC (Allocation Failure) [PSYoungGen: 260800K->672K(261120K)] 411824K->151696K(762368K), 0.0029757 secs] [Times: user=0.01 sys=0.01, real=0.00 secs] 
2019-01-02T21:55:18.243+0900: 190364.770: [GC (Allocation Failure) [PSYoungGen: 260768K->672K(261120K)] 411792K->151696K(762368K), 0.0035050 secs] [Times: user=0.00 sys=0.02, real=0.01 secs] 
2019-01-02T21:56:23.342+0900: 190429.869: [GC (Allocation Failure) [PSYoungGen: 260768K->640K(261120K)] 411792K->151672K(762368K), 0.0033258 secs] [Times: user=0.01 sys=0.01, real=0.01 secs] 
2019-01-02T21:57:28.341+0900: 190494.868: [GC (Allocation Failure) [PSYoungGen: 260736K->704K(261120K)] 411768K->151736K(762368K), 0.0035454 secs] [Times: user=0.01 sys=0.01, real=0.01 secs] 
2019-01-02T21:58:33.116+0900: 190559.643: [GC (Allocation Failure) [PSYoungGen: 260800K->704K(261120K)] 411832K->151736K(762368K), 0.0034059 secs] [Times: user=0.00 sys=0.01, real=0.00 secs] 
2019-01-02T21:59:37.868+0900: 190624.395: [GC (Allocation Failure) [PSYoungGen: 260800K->640K(261120K)] 411832K->151680K(762368K), 0.0029363 secs] [Times: user=0.00 sys=0.01, real=0.00 secs] 
2019-01-02T22:00:42.687+0900: 190689.214: [GC (Allocation Failure) [PSYoungGen: 260736K->672K(261120K)] 411776K->151712K(762368K), 0.0033744 secs] [Times: user=0.00 sys=0.01, real=0.00 secs] 
2019-01-02T22:01:47.597+0900: 190754.123: [GC (Allocation Failure) [PSYoungGen: 260768K->736K(261120K)] 411808K->151776K(762368K), 0.0036730 secs] [Times: user=0.00 sys=0.01, real=0.00 secs] 
2019-01-02T22:02:52.559+0900: 190819.086: [GC (Allocation Failure) [PSYoungGen: 260832K->640K(261120K)] 411872K->151688K(762368K), 0.0033723 secs] [Times: user=0.00 sys=0.02, real=0.00 secs] 
2019-01-02T22:03:57.566+0900: 190884.093: [GC (Allocation Failure) [PSYoungGen: 260736K->672K(261120K)] 411784K->151720K(762368K), 0.0033438 secs] [Times: user=0.00 sys=0.02, real=0.00 secs] 
2019-01-02T22:05:02.572+0900: 190949.098: [GC (Allocation Failure) [PSYoungGen: 260768K->704K(261120K)] 411816K->151752K(762368K), 0.0036364 secs] [Times: user=0.02 sys=0.00, real=0.01 secs] 
2019-01-02T22:06:07.361+0900: 191013.888: [GC (Allocation Failure) [PSYoungGen: 260800K->672K(261120K)] 411848K->151720K(762368K), 0.0033981 secs] [Times: user=0.01 sys=0.01, real=0.01 secs] 
2019-01-02T22:07:12.024+0900: 191078.551: [GC (Allocation Failure) [PSYoungGen: 260768K->672K(261120K)] 411816K->151720K(762368K), 0.0029349 secs] [Times: user=0.02 sys=0.00, real=0.00 secs] 
2019-01-02T22:08:16.998+0900: 191143.525: [GC (Allocation Failure) [PSYoungGen: 260768K->704K(261120K)] 411816K->151752K(762368K), 0.0035228 secs] [Times: user=0.00 sys=0.02, real=0.00 secs] 
2019-01-02T22:09:22.088+0900: 191208.615: [GC (Allocation Failure) [PSYoungGen: 260800K->640K(261120K)] 411848K->151688K(762368K), 0.0035816 secs] [Times: user=0.01 sys=0.01, real=0.00 secs] 
2019-01-02T22:10:26.671+0900: 191273.198: [GC (Allocation Failure) [PSYoungGen: 260736K->704K(261120K)] 411784K->151752K(762368K), 0.0041129 secs] [Times: user=0.00 sys=0.01, real=0.01 secs] 
2019-01-02T22:11:31.618+0900: 191338.145: [GC (Allocation Failure) [PSYoungGen: 260800K->672K(261120K)] 411848K->151728K(762368K), 0.0035020 secs] [Times: user=0.01 sys=0.02, real=0.00 secs] 
2019-01-02T22:12:36.627+0900: 191403.154: [GC (Allocation Failure) [PSYoungGen: 260768K->672K(261120K)] 411824K->151728K(762368K), 0.0034897 secs] [Times: user=0.01 sys=0.01, real=0.00 secs] 
2019-01-02T22:13:41.718+0900: 191468.245: [GC (Allocation Failure) [PSYoungGen: 260768K->768K(261120K)] 411824K->151824K(762368K), 0.0035200 secs] [Times: user=0.01 sys=0.02, real=0.00 secs] 
2019-01-02T22:14:46.785+0900: 191533.312: [GC (Allocation Failure) [PSYoungGen: 260864K->672K(261120K)] 411920K->151728K(762368K), 0.0033300 secs] [Times: user=0.00 sys=0.01, real=0.00 secs] 
2019-01-02T22:15:51.835+0900: 191598.361: [GC (Allocation Failure) [PSYoungGen: 260768K->672K(261120K)] 411824K->151728K(762368K), 0.0033015 secs] [Times: user=0.01 sys=0.02, real=0.00 secs] 
2019-01-02T22:16:56.766+0900: 191663.292: [GC (Allocation Failure) [PSYoungGen: 260768K->672K(261120K)] 411824K->151728K(762368K), 0.0033363 secs] [Times: user=0.00 sys=0.02, real=0.00 secs] 
2019-01-02T22:18:01.744+0900: 191728.271: [GC (Allocation Failure) [PSYoungGen: 260768K->640K(261120K)] 411824K->151696K(762368K), 0.0033515 secs] [Times: user=0.01 sys=0.01, real=0.00 secs] 
2019-01-02T22:19:06.818+0900: 191793.345: [GC (Allocation Failure) [PSYoungGen: 260736K->704K(261120K)] 411792K->151768K(762368K), 0.0036579 secs] [Times: user=0.02 sys=0.00, real=0.00 secs] 
2019-01-02T22:20:11.326+0900: 191857.853: [GC (Allocation Failure) [PSYoungGen: 260800K->672K(261120K)] 411864K->151736K(762368K), 0.0036491 secs] [Times: user=0.00 sys=0.01, real=0.00 secs] 
2019-01-02T22:21:16.121+0900: 191922.648: [GC (Allocation Failure) [PSYoungGen: 260768K->672K(261120K)] 411832K->151736K(762368K), 0.0036027 secs] [Times: user=0.00 sys=0.01, real=0.01 secs] 
2019-01-02T22:22:21.180+0900: 191987.707: [GC (Allocation Failure) [PSYoungGen: 260768K->608K(261120K)] 411832K->151672K(762368K), 0.0029511 secs] [Times: user=0.00 sys=0.01, real=0.00 secs] 
2019-01-02T22:23:26.140+0900: 192052.667: [GC (Allocation Failure) [PSYoungGen: 260704K->704K(261120K)] 411768K->151768K(762368K), 0.0036859 secs] [Times: user=0.02 sys=0.00, real=0.01 secs] 
2019-01-02T22:24:31.134+0900: 192117.660: [GC (Allocation Failure) [PSYoungGen: 260800K->736K(261120K)] 411864K->151800K(762368K), 0.0035970 secs] [Times: user=0.00 sys=0.01, real=0.00 secs] 
2019-01-02T22:25:36.206+0900: 192182.733: [GC (Allocation Failure) [PSYoungGen: 260832K->704K(261120K)] 411896K->151768K(762368K), 0.0034300 secs] [Times: user=0.00 sys=0.02, real=0.00 secs] 
2019-01-02T22:26:40.788+0900: 192247.315: [GC (Allocation Failure) [PSYoungGen: 260800K->672K(261120K)] 411864K->151744K(762368K), 0.0030868 secs] [Times: user=0.00 sys=0.02, real=0.00 secs] 
2019-01-02T22:27:45.589+0900: 192312.116: [GC (Allocation Failure) [PSYoungGen: 260768K->672K(261120K)] 411840K->151752K(762368K), 0.0031583 secs] [Times: user=0.02 sys=0.00, real=0.00 secs] 
2019-01-02T22:28:50.590+0900: 192377.117: [GC (Allocation Failure) [PSYoungGen: 260768K->704K(261120K)] 411848K->151784K(762368K), 0.0034724 secs] [Times: user=0.00 sys=0.02, real=0.01 secs] 
2019-01-02T22:29:55.419+0900: 192441.945: [GC (Allocation Failure) [PSYoungGen: 260800K->672K(261120K)] 411880K->151760K(762368K), 0.0034597 secs] [Times: user=0.01 sys=0.01, real=0.00 secs] 
2019-01-02T22:31:00.043+0900: 192506.570: [GC (Allocation Failure) [PSYoungGen: 260768K->672K(261120K)] 411856K->151760K(762368K), 0.0032166 secs] [Times: user=0.00 sys=0.02, real=0.01 secs] 
2019-01-02T22:32:04.935+0900: 192571.462: [GC (Allocation Failure) [PSYoungGen: 260768K->672K(261120K)] 411856K->151768K(762368K), 0.0029764 secs] [Times: user=0.00 sys=0.01, real=0.00 secs] 
2019-01-02T22:33:10.161+0900: 192636.688: [GC (Allocation Failure) [PSYoungGen: 260768K->736K(261120K)] 411864K->151840K(762368K), 0.0035191 secs] [Times: user=0.01 sys=0.00, real=0.01 secs] 
2019-01-02T22:34:15.172+0900: 192701.699: [GC (Allocation Failure) [PSYoungGen: 260832K->704K(261120K)] 411936K->151808K(762368K), 0.0034166 secs] [Times: user=0.01 sys=0.02, real=0.01 secs] 
2019-01-02T22:35:20.228+0900: 192766.755: [GC (Allocation Failure) [PSYoungGen: 260800K->704K(261120K)] 411904K->151808K(762368K), 0.0033935 secs] [Times: user=0.00 sys=0.02, real=0.00 secs] 
2019-01-02T22:36:24.953+0900: 192831.479: [GC (Allocation Failure) [PSYoungGen: 260800K->672K(261120K)] 411904K->151776K(762368K), 0.0032552 secs] [Times: user=0.00 sys=0.01, real=0.01 secs] 
2019-01-02T22:37:29.677+0900: 192896.204: [GC (Allocation Failure) [PSYoungGen: 260768K->704K(261120K)] 411872K->151816K(762368K), 0.0035649 secs] [Times: user=0.00 sys=0.02, real=0.00 secs] 
2019-01-02T22:38:34.598+0900: 192961.125: [GC (Allocation Failure) [PSYoungGen: 260800K->672K(261120K)] 411912K->151784K(762368K), 0.0029759 secs] [Times: user=0.00 sys=0.01, real=0.00 secs] 
2019-01-02T22:39:39.641+0900: 193026.168: [GC (Allocation Failure) [PSYoungGen: 260768K->640K(261120K)] 411880K->151760K(762368K), 0.0031828 secs] [Times: user=0.01 sys=0.02, real=0.01 secs] 
2019-01-02T22:40:44.626+0900: 193091.153: [GC (Allocation Failure) [PSYoungGen: 260736K->640K(261120K)] 411856K->151760K(762368K), 0.0038401 secs] [Times: user=0.02 sys=0.00, real=0.00 secs] 
2019-01-02T22:41:49.531+0900: 193156.057: [GC (Allocation Failure) [PSYoungGen: 260736K->672K(261120K)] 411856K->151792K(762368K), 0.0033442 secs] [Times: user=0.01 sys=0.01, real=0.01 secs] 
2019-01-02T22:42:54.547+0900: 193221.074: [GC (Allocation Failure) [PSYoungGen: 260768K->672K(261120K)] 411888K->151792K(762368K), 0.0033746 secs] [Times: user=0.00 sys=0.01, real=0.00 secs] 
2019-01-02T22:43:59.459+0900: 193285.986: [GC (Allocation Failure) [PSYoungGen: 260768K->640K(261120K)] 411888K->151760K(762368K), 0.0036342 secs] [Times: user=0.00 sys=0.01, real=0.00 secs] 
2019-01-02T22:45:04.303+0900: 193350.830: [GC (Allocation Failure) [PSYoungGen: 260736K->640K(261120K)] 411856K->151760K(762368K), 0.0033178 secs] [Times: user=0.00 sys=0.01, real=0.01 secs] 
2019-01-02T22:46:09.327+0900: 193415.854: [GC (Allocation Failure) [PSYoungGen: 260736K->640K(261120K)] 411856K->151760K(762368K), 0.0033988 secs] [Times: user=0.00 sys=0.01, real=0.00 secs] 
2019-01-02T22:47:14.401+0900: 193480.927: [GC (Allocation Failure) [PSYoungGen: 260736K->640K(261120K)] 411856K->151768K(762368K), 0.0034718 secs] [Times: user=0.01 sys=0.00, real=0.01 secs] 
2019-01-02T22:48:19.060+0900: 193545.587: [GC (Allocation Failure) [PSYoungGen: 260736K->672K(261120K)] 411864K->151800K(762368K), 0.0031881 secs] [Times: user=0.01 sys=0.02, real=0.00 secs] 
2019-01-02T22:49:24.061+0900: 193610.588: [GC (Allocation Failure) [PSYoungGen: 260768K->672K(261120K)] 411896K->151808K(762368K), 0.0034545 secs] [Times: user=0.01 sys=0.00, real=0.01 secs] 
2019-01-02T22:50:29.221+0900: 193675.748: [GC (Allocation Failure) [PSYoungGen: 260768K->704K(261120K)] 411904K->151840K(762368K), 0.0033875 secs] [Times: user=0.00 sys=0.01, real=0.01 secs] 
2019-01-02T22:51:34.386+0900: 193740.913: [GC (Allocation Failure) [PSYoungGen: 260800K->704K(261120K)] 411936K->151840K(762368K), 0.0034831 secs] [Times: user=0.00 sys=0.01, real=0.00 secs] 
2019-01-02T22:52:39.281+0900: 193805.808: [GC (Allocation Failure) [PSYoungGen: 260800K->672K(261120K)] 411936K->151808K(762368K), 0.0036337 secs] [Times: user=0.00 sys=0.01, real=0.01 secs] 
2019-01-02T22:53:44.008+0900: 193870.535: [GC (Allocation Failure) [PSYoungGen: 260768K->672K(261120K)] 411904K->151808K(762368K), 0.0032013 secs] [Times: user=0.00 sys=0.02, real=0.00 secs] 
2019-01-02T22:54:49.248+0900: 193935.775: [GC (Allocation Failure) [PSYoungGen: 260768K->640K(261120K)] 411904K->151776K(762368K), 0.0032952 secs] [Times: user=0.00 sys=0.01, real=0.00 secs] 
2019-01-02T22:55:54.354+0900: 194000.881: [GC (Allocation Failure) [PSYoungGen: 260736K->672K(261120K)] 411872K->151808K(762368K), 0.0033891 secs] [Times: user=0.01 sys=0.01, real=0.00 secs] 
2019-01-02T22:56:59.507+0900: 194066.034: [GC (Allocation Failure) [PSYoungGen: 260768K->672K(261120K)] 411904K->151816K(762368K), 0.0033106 secs] [Times: user=0.00 sys=0.02, real=0.00 secs] 
2019-01-02T22:58:04.364+0900: 194130.890: [GC (Allocation Failure) [PSYoungGen: 260768K->704K(261120K)] 411912K->151848K(762368K), 0.0028058 secs] [Times: user=0.00 sys=0.01, real=0.01 secs] 
2019-01-02T22:59:09.289+0900: 194195.816: [GC (Allocation Failure) [PSYoungGen: 260800K->704K(261120K)] 411944K->151856K(762368K), 0.0029562 secs] [Times: user=0.00 sys=0.01, real=0.00 secs] 
2019-01-02T23:00:14.332+0900: 194260.859: [GC (Allocation Failure) [PSYoungGen: 260800K->672K(261120K)] 411952K->151824K(762368K), 0.0033178 secs] [Times: user=0.02 sys=0.00, real=0.01 secs] 
2019-01-02T23:01:19.325+0900: 194325.851: [GC (Allocation Failure) [PSYoungGen: 260768K->640K(261120K)] 411920K->151792K(762368K), 0.0032658 secs] [Times: user=0.00 sys=0.02, real=0.00 secs] 
2019-01-02T23:02:24.320+0900: 194390.846: [GC (Allocation Failure) [PSYoungGen: 260736K->640K(261120K)] 411888K->151792K(762368K), 0.0035879 secs] [Times: user=0.00 sys=0.01, real=0.00 secs] 
2019-01-02T23:03:28.869+0900: 194455.396: [GC (Allocation Failure) [PSYoungGen: 260736K->672K(261120K)] 411888K->151824K(762368K), 0.0036012 secs] [Times: user=0.00 sys=0.01, real=0.00 secs] 
2019-01-02T23:04:33.907+0900: 194520.434: [GC (Allocation Failure) [PSYoungGen: 260768K->672K(261120K)] 411920K->151832K(762368K), 0.0030175 secs] [Times: user=0.00 sys=0.01, real=0.00 secs] 
2019-01-02T23:05:38.706+0900: 194585.232: [GC (Allocation Failure) [PSYoungGen: 260768K->704K(261120K)] 411928K->151864K(762368K), 0.0030287 secs] [Times: user=0.01 sys=0.02, real=0.00 secs] 
2019-01-02T23:06:43.619+0900: 194650.146: [GC (Allocation Failure) [PSYoungGen: 260800K->672K(261120K)] 411960K->151832K(762368K), 0.0035038 secs] [Times: user=0.00 sys=0.02, real=0.00 secs] 
2019-01-02T23:07:48.433+0900: 194714.960: [GC (Allocation Failure) [PSYoungGen: 260768K->672K(261120K)] 411928K->151840K(762368K), 0.0032072 secs] [Times: user=0.00 sys=0.01, real=0.01 secs] 
2019-01-02T23:08:53.508+0900: 194780.035: [GC (Allocation Failure) [PSYoungGen: 260768K->640K(261120K)] 411936K->151808K(762368K), 0.0032365 secs] [Times: user=0.00 sys=0.01, real=0.00 secs] 
2019-01-02T23:09:58.605+0900: 194845.132: [GC (Allocation Failure) [PSYoungGen: 260736K->640K(261120K)] 411904K->151808K(762368K), 0.0035022 secs] [Times: user=0.00 sys=0.01, real=0.00 secs] 
2019-01-02T23:11:03.351+0900: 194909.878: [GC (Allocation Failure) [PSYoungGen: 260736K->640K(261120K)] 411904K->151808K(762368K), 0.0029576 secs] [Times: user=0.02 sys=0.00, real=0.01 secs] 
2019-01-02T23:12:08.112+0900: 194974.639: [GC (Allocation Failure) [PSYoungGen: 260736K->672K(261120K)] 411904K->151840K(762368K), 0.0029278 secs] [Times: user=0.01 sys=0.01, real=0.01 secs] 
2019-01-02T23:13:13.236+0900: 195039.763: [GC (Allocation Failure) [PSYoungGen: 260768K->672K(261120K)] 411936K->151848K(762368K), 0.0034541 secs] [Times: user=0.01 sys=0.02, real=0.00 secs] 
2019-01-02T23:14:18.324+0900: 195104.851: [GC (Allocation Failure) [PSYoungGen: 260768K->640K(261120K)] 411944K->151816K(762368K), 0.0032737 secs] [Times: user=0.01 sys=0.00, real=0.00 secs] 
2019-01-02T23:15:23.512+0900: 195170.039: [GC (Allocation Failure) [PSYoungGen: 260736K->640K(261120K)] 411912K->151824K(762368K), 0.0035365 secs] [Times: user=0.00 sys=0.01, real=0.01 secs] 
2019-01-02T23:16:28.564+0900: 195235.091: [GC (Allocation Failure) [PSYoungGen: 260736K->672K(261120K)] 411920K->151856K(762368K), 0.0033425 secs] [Times: user=0.01 sys=0.01, real=0.00 secs] 
2019-01-02T23:17:33.535+0900: 195300.061: [GC (Allocation Failure) [PSYoungGen: 260768K->640K(261120K)] 411952K->151824K(762368K), 0.0032584 secs] [Times: user=0.00 sys=0.02, real=0.00 secs] 
2019-01-02T23:18:38.722+0900: 195365.249: [GC (Allocation Failure) [PSYoungGen: 260736K->640K(261120K)] 411920K->151824K(762368K), 0.0034965 secs] [Times: user=0.00 sys=0.01, real=0.01 secs] 
2019-01-02T23:19:43.754+0900: 195430.281: [GC (Allocation Failure) [PSYoungGen: 260736K->640K(261120K)] 411920K->151832K(762368K), 0.0035337 secs] [Times: user=0.01 sys=0.01, real=0.00 secs] 
2019-01-02T23:20:48.823+0900: 195495.350: [GC (Allocation Failure) [PSYoungGen: 260736K->704K(261120K)] 411928K->151896K(762368K), 0.0033661 secs] [Times: user=0.01 sys=0.02, real=0.01 secs] 
2019-01-02T23:21:53.790+0900: 195560.316: [GC (Allocation Failure) [PSYoungGen: 260800K->672K(261120K)] 411992K->151864K(762368K), 0.0034144 secs] [Times: user=0.00 sys=0.02, real=0.00 secs] 
2019-01-02T23:22:58.878+0900: 195625.404: [GC (Allocation Failure) [PSYoungGen: 260768K->640K(261120K)] 411960K->151840K(762368K), 0.0032713 secs] [Times: user=0.00 sys=0.02, real=0.00 secs] 
2019-01-02T23:24:04.013+0900: 195690.540: [GC (Allocation Failure) [PSYoungGen: 260736K->640K(261120K)] 411936K->151840K(762368K), 0.0029648 secs] [Times: user=0.00 sys=0.02, real=0.01 secs] 
2019-01-02T23:25:09.023+0900: 195755.549: [GC (Allocation Failure) [PSYoungGen: 260736K->640K(261120K)] 411936K->151848K(762368K), 0.0029706 secs] [Times: user=0.01 sys=0.01, real=0.01 secs] 
2019-01-02T23:26:13.999+0900: 195820.526: [GC (Allocation Failure) [PSYoungGen: 260736K->640K(261120K)] 411944K->151848K(762368K), 0.0030208 secs] [Times: user=0.00 sys=0.01, real=0.00 secs] 
2019-01-02T23:27:18.887+0900: 195885.414: [GC (Allocation Failure) [PSYoungGen: 260736K->640K(261120K)] 411944K->151864K(762368K), 0.0034163 secs] [Times: user=0.00 sys=0.01, real=0.00 secs] 
2019-01-02T23:28:23.742+0900: 195950.269: [GC (Allocation Failure) [PSYoungGen: 260736K->672K(261120K)] 411960K->151896K(762368K), 0.0036816 secs] [Times: user=0.01 sys=0.02, real=0.01 secs] 
2019-01-02T23:29:28.434+0900: 196014.960: [GC (Allocation Failure) [PSYoungGen: 260768K->672K(261120K)] 411992K->151896K(762368K), 0.0035320 secs] [Times: user=0.00 sys=0.02, real=0.00 secs] 
2019-01-02T23:30:33.279+0900: 196079.806: [GC (Allocation Failure) [PSYoungGen: 260768K->736K(261120K)] 411992K->151960K(762368K), 0.0034097 secs] [Times: user=0.01 sys=0.01, real=0.00 secs] 
2019-01-02T23:31:37.987+0900: 196144.514: [GC (Allocation Failure) [PSYoungGen: 260832K->736K(261120K)] 412056K->151960K(762368K), 0.0033217 secs] [Times: user=0.00 sys=0.02, real=0.00 secs] 
2019-01-02T23:32:43.249+0900: 196209.776: [GC (Allocation Failure) [PSYoungGen: 260832K->736K(261120K)] 412056K->151960K(762368K), 0.0033225 secs] [Times: user=0.01 sys=0.01, real=0.00 secs] 
2019-01-02T23:33:48.402+0900: 196274.928: [GC (Allocation Failure) [PSYoungGen: 260832K->704K(261120K)] 412056K->151928K(762368K), 0.0033370 secs] [Times: user=0.00 sys=0.02, real=0.01 secs] 
2019-01-02T23:34:53.691+0900: 196340.218: [GC (Allocation Failure) [PSYoungGen: 260800K->704K(261120K)] 412024K->151936K(762368K), 0.0031306 secs] [Times: user=0.01 sys=0.00, real=0.01 secs] 
2019-01-02T23:35:58.631+0900: 196405.158: [GC (Allocation Failure) [PSYoungGen: 260800K->672K(261120K)] 412032K->151904K(762368K), 0.0036034 secs] [Times: user=0.01 sys=0.00, real=0.01 secs] 
2019-01-02T23:37:03.620+0900: 196470.147: [GC (Allocation Failure) [PSYoungGen: 260768K->640K(261120K)] 412000K->151880K(762368K), 0.0032078 secs] [Times: user=0.00 sys=0.01, real=0.00 secs] 
2019-01-02T23:38:08.717+0900: 196535.244: [GC (Allocation Failure) [PSYoungGen: 260736K->672K(261120K)] 411976K->151912K(762368K), 0.0033915 secs] [Times: user=0.01 sys=0.02, real=0.00 secs] 
2019-01-02T23:39:13.801+0900: 196600.327: [GC (Allocation Failure) [PSYoungGen: 260768K->704K(261120K)] 412008K->151944K(762368K), 0.0034735 secs] [Times: user=0.01 sys=0.01, real=0.01 secs] 
2019-01-02T23:40:18.995+0900: 196665.522: [GC (Allocation Failure) [PSYoungGen: 260800K->704K(261120K)] 412040K->151944K(762368K), 0.0036629 secs] [Times: user=0.01 sys=0.01, real=0.00 secs] 
2019-01-02T23:41:23.719+0900: 196730.246: [GC (Allocation Failure) [PSYoungGen: 260800K->704K(261120K)] 412040K->151944K(762368K), 0.0034103 secs] [Times: user=0.01 sys=0.02, real=0.00 secs] 
2019-01-02T23:42:28.576+0900: 196795.102: [GC (Allocation Failure) [PSYoungGen: 260800K->608K(261120K)] 412040K->151872K(762368K), 0.0034515 secs] [Times: user=0.01 sys=0.02, real=0.00 secs] 
2019-01-02T23:43:33.687+0900: 196860.214: [GC (Allocation Failure) [PSYoungGen: 260704K->672K(261120K)] 411968K->151944K(762368K), 0.0035165 secs] [Times: user=0.00 sys=0.01, real=0.00 secs] 
2019-01-02T23:44:38.698+0900: 196925.225: [GC (Allocation Failure) [PSYoungGen: 260768K->640K(261120K)] 412040K->151912K(762368K), 0.0030034 secs] [Times: user=0.00 sys=0.01, real=0.00 secs] 
2019-01-02T23:45:43.625+0900: 196990.151: [GC (Allocation Failure) [PSYoungGen: 260736K->640K(261120K)] 412008K->151912K(762368K), 0.0034556 secs] [Times: user=0.01 sys=0.02, real=0.00 secs] 
2019-01-02T23:46:48.292+0900: 197054.819: [GC (Allocation Failure) [PSYoungGen: 260736K->640K(261120K)] 412008K->151920K(762368K), 0.0034167 secs] [Times: user=0.02 sys=0.00, real=0.01 secs] 
2019-01-02T23:47:53.326+0900: 197119.853: [GC (Allocation Failure) [PSYoungGen: 260736K->608K(261120K)] 412016K->151888K(762368K), 0.0030221 secs] [Times: user=0.01 sys=0.01, real=0.00 secs] 
2019-01-02T23:48:58.342+0900: 197184.869: [GC (Allocation Failure) [PSYoungGen: 260704K->672K(261120K)] 411984K->151952K(762368K), 0.0034427 secs] [Times: user=0.00 sys=0.01, real=0.01 secs] 
2019-01-02T23:50:03.519+0900: 197250.046: [GC (Allocation Failure) [PSYoungGen: 260768K->672K(261120K)] 412048K->151960K(762368K), 0.0034396 secs] [Times: user=0.00 sys=0.01, real=0.00 secs] 
2019-01-02T23:51:08.680+0900: 197315.206: [GC (Allocation Failure) [PSYoungGen: 260768K->640K(261120K)] 412056K->151936K(762368K), 0.0036709 secs] [Times: user=0.01 sys=0.01, real=0.00 secs] 
2019-01-02T23:52:13.847+0900: 197380.373: [GC (Allocation Failure) [PSYoungGen: 260736K->704K(261120K)] 412032K->152008K(762368K), 0.0034187 secs] [Times: user=0.01 sys=0.01, real=0.00 secs] 
2019-01-02T23:53:18.394+0900: 197444.921: [GC (Allocation Failure) [PSYoungGen: 260800K->672K(261120K)] 412104K->151976K(762368K), 0.0028756 secs] [Times: user=0.01 sys=0.02, real=0.00 secs] 
2019-01-02T23:54:23.268+0900: 197509.795: [GC (Allocation Failure) [PSYoungGen: 260768K->640K(261120K)] 412072K->151944K(762368K), 0.0033031 secs] [Times: user=0.00 sys=0.01, real=0.00 secs] 
2019-01-02T23:55:28.343+0900: 197574.870: [GC (Allocation Failure) [PSYoungGen: 260736K->704K(261120K)] 412040K->152032K(762368K), 0.0034871 secs] [Times: user=0.00 sys=0.02, real=0.01 secs] 
2019-01-02T23:56:33.650+0900: 197640.177: [GC (Allocation Failure) [PSYoungGen: 260800K->704K(261120K)] 412128K->152032K(762368K), 0.0034858 secs] [Times: user=0.01 sys=0.01, real=0.01 secs] 
2019-01-02T23:57:38.751+0900: 197705.278: [GC (Allocation Failure) [PSYoungGen: 260800K->608K(261120K)] 412128K->151944K(762368K), 0.0034945 secs] [Times: user=0.00 sys=0.01, real=0.01 secs] 
2019-01-02T23:58:43.459+0900: 197769.985: [GC (Allocation Failure) [PSYoungGen: 260704K->704K(261120K)] 412040K->152040K(762368K), 0.0029888 secs] [Times: user=0.00 sys=0.02, real=0.00 secs] 
2019-01-02T23:59:48.187+0900: 197834.714: [GC (Allocation Failure) [PSYoungGen: 260800K->672K(261120K)] 412136K->152008K(762368K), 0.0033798 secs] [Times: user=0.01 sys=0.02, real=0.00 secs] 
2019-01-03T00:00:53.183+0900: 197899.709: [GC (Allocation Failure) [PSYoungGen: 260768K->640K(261120K)] 412104K->151976K(762368K), 0.0033232 secs] [Times: user=0.00 sys=0.02, real=0.01 secs] 
2019-01-03T00:01:58.168+0900: 197964.695: [GC (Allocation Failure) [PSYoungGen: 260736K->704K(261120K)] 412072K->152048K(762368K), 0.0036509 secs] [Times: user=0.00 sys=0.01, real=0.00 secs] 
2019-01-03T00:03:03.151+0900: 198029.677: [GC (Allocation Failure) [PSYoungGen: 260800K->704K(261120K)] 412144K->152048K(762368K), 0.0034137 secs] [Times: user=0.00 sys=0.02, real=0.01 secs] 
2019-01-03T00:04:08.188+0900: 198094.714: [GC (Allocation Failure) [PSYoungGen: 260800K->672K(261120K)] 412144K->152016K(762368K), 0.0035199 secs] [Times: user=0.01 sys=0.01, real=0.00 secs] 
2019-01-03T00:05:13.264+0900: 198159.791: [GC (Allocation Failure) [PSYoungGen: 260768K->704K(261120K)] 412112K->152048K(762368K), 0.0037074 secs] [Times: user=0.00 sys=0.01, real=0.00 secs] 
2019-01-03T00:06:18.200+0900: 198224.727: [GC (Allocation Failure) [PSYoungGen: 260800K->736K(261120K)] 412144K->152080K(762368K), 0.0037043 secs] [Times: user=0.01 sys=0.01, real=0.01 secs] 
2019-01-03T00:07:23.251+0900: 198289.778: [GC (Allocation Failure) [PSYoungGen: 260832K->672K(261120K)] 412176K->152016K(762368K), 0.0036379 secs] [Times: user=0.00 sys=0.01, real=0.01 secs] 
2019-01-03T00:08:28.445+0900: 198354.972: [GC (Allocation Failure) [PSYoungGen: 260768K->704K(261120K)] 412112K->152048K(762368K), 0.0035088 secs] [Times: user=0.02 sys=0.00, real=0.00 secs] 
2019-01-03T00:09:33.207+0900: 198419.734: [GC (Allocation Failure) [PSYoungGen: 260800K->672K(261120K)] 412144K->152024K(762368K), 0.0028900 secs] [Times: user=0.00 sys=0.02, real=0.00 secs] 
2019-01-03T00:10:38.091+0900: 198484.617: [GC (Allocation Failure) [PSYoungGen: 260768K->640K(261120K)] 412120K->151992K(762368K), 0.0034642 secs] [Times: user=0.00 sys=0.02, real=0.01 secs] 
2019-01-03T00:11:43.300+0900: 198549.827: [GC (Allocation Failure) [PSYoungGen: 260736K->672K(261120K)] 412088K->152024K(762368K), 0.0035253 secs] [Times: user=0.00 sys=0.02, real=0.01 secs] 
2019-01-03T00:12:48.393+0900: 198614.920: [GC (Allocation Failure) [PSYoungGen: 260768K->640K(261120K)] 412120K->151992K(762368K), 0.0033796 secs] [Times: user=0.01 sys=0.01, real=0.01 secs] 
2019-01-03T00:13:53.395+0900: 198679.922: [GC (Allocation Failure) [PSYoungGen: 260736K->608K(261120K)] 412088K->151960K(762368K), 0.0035660 secs] [Times: user=0.01 sys=0.02, real=0.00 secs] 
2019-01-03T00:14:58.483+0900: 198745.010: [GC (Allocation Failure) [PSYoungGen: 260704K->672K(261120K)] 412056K->152024K(762368K), 0.0033771 secs] [Times: user=0.00 sys=0.02, real=0.01 secs] 
2019-01-03T00:16:03.632+0900: 198810.159: [GC (Allocation Failure) [PSYoungGen: 260768K->672K(261120K)] 412120K->152024K(762368K), 0.0031145 secs] [Times: user=0.00 sys=0.01, real=0.01 secs] 
2019-01-03T00:17:08.815+0900: 198875.341: [GC (Allocation Failure) [PSYoungGen: 260768K->704K(261120K)] 412120K->152056K(762368K), 0.0033728 secs] [Times: user=0.00 sys=0.02, real=0.00 secs] 
2019-01-03T00:18:13.894+0900: 198940.421: [GC (Allocation Failure) [PSYoungGen: 260800K->704K(261120K)] 412152K->152072K(762368K), 0.0034878 secs] [Times: user=0.02 sys=0.00, real=0.00 secs] 
2019-01-03T00:19:19.063+0900: 199005.589: [GC (Allocation Failure) [PSYoungGen: 260800K->704K(261120K)] 412168K->152088K(762368K), 0.0035638 secs] [Times: user=0.00 sys=0.01, real=0.01 secs] 
2019-01-03T00:20:24.086+0900: 199070.612: [GC (Allocation Failure) [PSYoungGen: 260800K->736K(261120K)] 412184K->152120K(762368K), 0.0035888 secs] [Times: user=0.02 sys=0.00, real=0.00 secs] 
2019-01-03T00:21:28.999+0900: 199135.526: [GC (Allocation Failure) [PSYoungGen: 260832K->672K(261120K)] 412216K->152056K(762368K), 0.0031270 secs] [Times: user=0.01 sys=0.02, real=0.00 secs] 
2019-01-03T00:22:34.158+0900: 199200.684: [GC (Allocation Failure) [PSYoungGen: 260768K->640K(261120K)] 412152K->152032K(762368K), 0.0034004 secs] [Times: user=0.01 sys=0.01, real=0.00 secs] 
2019-01-03T00:23:39.342+0900: 199265.869: [GC (Allocation Failure) [PSYoungGen: 260736K->704K(261120K)] 412128K->152096K(762368K), 0.0030085 secs] [Times: user=0.00 sys=0.01, real=0.01 secs] 
2019-01-03T00:24:43.822+0900: 199330.348: [GC (Allocation Failure) [PSYoungGen: 260800K->640K(261120K)] 412192K->152040K(762368K), 0.0030843 secs] [Times: user=0.00 sys=0.02, real=0.01 secs] 
2019-01-03T00:25:48.804+0900: 199395.331: [GC (Allocation Failure) [PSYoungGen: 260736K->704K(261120K)] 412136K->152104K(762368K), 0.0035139 secs] [Times: user=0.00 sys=0.01, real=0.00 secs] 
2019-01-03T00:26:53.783+0900: 199460.310: [GC (Allocation Failure) [PSYoungGen: 260800K->640K(261120K)] 412200K->152040K(762368K), 0.0034787 secs] [Times: user=0.00 sys=0.02, real=0.01 secs] 
2019-01-03T00:27:58.870+0900: 199525.396: [GC (Allocation Failure) [PSYoungGen: 260736K->672K(261120K)] 412136K->152072K(762368K), 0.0033198 secs] [Times: user=0.01 sys=0.02, real=0.00 secs] 
2019-01-03T00:29:03.947+0900: 199590.474: [GC (Allocation Failure) [PSYoungGen: 260768K->672K(261120K)] 412168K->152072K(762368K), 0.0034420 secs] [Times: user=0.02 sys=0.00, real=0.00 secs] 
2019-01-03T00:30:08.888+0900: 199655.414: [GC (Allocation Failure) [PSYoungGen: 260768K->672K(261120K)] 412168K->152072K(762368K), 0.0033424 secs] [Times: user=0.01 sys=0.02, real=0.00 secs] 
2019-01-03T00:31:14.084+0900: 199720.610: [GC (Allocation Failure) [PSYoungGen: 260768K->704K(261120K)] 412168K->152104K(762368K), 0.0033649 secs] [Times: user=0.01 sys=0.02, real=0.00 secs] 
2019-01-03T00:32:19.111+0900: 199785.638: [GC (Allocation Failure) [PSYoungGen: 260799K->704K(261120K)] 412200K->152120K(762368K), 0.0029397 secs] [Times: user=0.01 sys=0.01, real=0.01 secs] 
2019-01-03T00:33:24.099+0900: 199850.626: [GC (Allocation Failure) [PSYoungGen: 260800K->608K(261120K)] 412216K->152024K(762368K), 0.0035983 secs] [Times: user=0.00 sys=0.01, real=0.00 secs] 
2019-01-03T00:34:29.240+0900: 199915.767: [GC (Allocation Failure) [PSYoungGen: 260704K->672K(261120K)] 412120K->152088K(762368K), 0.0035114 secs] [Times: user=0.01 sys=0.01, real=0.01 secs] 
2019-01-03T00:35:34.166+0900: 199980.693: [GC (Allocation Failure) [PSYoungGen: 260768K->704K(261120K)] 412184K->152120K(762368K), 0.0031726 secs] [Times: user=0.00 sys=0.02, real=0.00 secs] 
2019-01-03T00:36:39.000+0900: 200045.527: [GC (Allocation Failure) [PSYoungGen: 260800K->672K(261120K)] 412216K->152088K(762368K), 0.0032250 secs] [Times: user=0.02 sys=0.00, real=0.00 secs] 
2019-01-03T00:37:44.060+0900: 200110.586: [GC (Allocation Failure) [PSYoungGen: 260768K->640K(261120K)] 412184K->152064K(762368K), 0.0033984 secs] [Times: user=0.00 sys=0.01, real=0.00 secs] 
2019-01-03T00:38:49.185+0900: 200175.712: [GC (Allocation Failure) [PSYoungGen: 260736K->672K(261120K)] 412160K->152096K(762368K), 0.0036467 secs] [Times: user=0.00 sys=0.01, real=0.00 secs] 
2019-01-03T00:39:54.318+0900: 200240.844: [GC (Allocation Failure) [PSYoungGen: 260768K->704K(261120K)] 412192K->152128K(762368K), 0.0033352 secs] [Times: user=0.01 sys=0.01, real=0.00 secs] 
2019-01-03T00:40:59.542+0900: 200306.069: [GC (Allocation Failure) [PSYoungGen: 260800K->672K(261120K)] 412224K->152096K(762368K), 0.0037960 secs] [Times: user=0.01 sys=0.01, real=0.01 secs] 
2019-01-03T00:42:04.771+0900: 200371.298: [GC (Allocation Failure) [PSYoungGen: 260768K->672K(261120K)] 412192K->152096K(762368K), 0.0030492 secs] [Times: user=0.00 sys=0.01, real=0.01 secs] 
2019-01-03T00:43:09.989+0900: 200436.516: [GC (Allocation Failure) [PSYoungGen: 260768K->640K(261120K)] 412192K->152064K(762368K), 0.0033760 secs] [Times: user=0.01 sys=0.01, real=0.00 secs] 
2019-01-03T00:44:15.178+0900: 200501.705: [GC (Allocation Failure) [PSYoungGen: 260736K->672K(261120K)] 412160K->152096K(762368K), 0.0033908 secs] [Times: user=0.01 sys=0.02, real=0.00 secs] 
2019-01-03T00:45:20.180+0900: 200566.707: [GC (Allocation Failure) [PSYoungGen: 260768K->608K(261120K)] 412192K->152040K(762368K), 0.0033710 secs] [Times: user=0.01 sys=0.00, real=0.01 secs] 
2019-01-03T00:46:25.197+0900: 200631.723: [GC (Allocation Failure) [PSYoungGen: 260704K->640K(261120K)] 412136K->152072K(762368K), 0.0037591 secs] [Times: user=0.00 sys=0.01, real=0.00 secs] 
2019-01-03T00:47:30.156+0900: 200696.683: [GC (Allocation Failure) [PSYoungGen: 260736K->736K(261120K)] 412168K->152168K(762368K), 0.0035416 secs] [Times: user=0.01 sys=0.02, real=0.00 secs] 
2019-01-03T00:48:34.965+0900: 200761.492: [GC (Allocation Failure) [PSYoungGen: 260832K->672K(261120K)] 412264K->152104K(762368K), 0.0032979 secs] [Times: user=0.01 sys=0.01, real=0.00 secs] 
2019-01-03T00:49:39.881+0900: 200826.407: [GC (Allocation Failure) [PSYoungGen: 260768K->640K(261120K)] 412200K->152088K(762368K), 0.0032713 secs] [Times: user=0.00 sys=0.02, real=0.01 secs] 
2019-01-03T00:50:44.709+0900: 200891.236: [GC (Allocation Failure) [PSYoungGen: 260736K->640K(261120K)] 412184K->152088K(762368K), 0.0031312 secs] [Times: user=0.00 sys=0.01, real=0.00 secs] 
2019-01-03T00:51:49.747+0900: 200956.274: [GC (Allocation Failure) [PSYoungGen: 260736K->704K(261120K)] 412184K->152152K(762368K), 0.0037026 secs] [Times: user=0.00 sys=0.01, real=0.00 secs] 
2019-01-03T00:52:54.594+0900: 201021.120: [GC (Allocation Failure) [PSYoungGen: 260800K->672K(261120K)] 412248K->152120K(762368K), 0.0034569 secs] [Times: user=0.00 sys=0.02, real=0.00 secs] 
2019-01-03T00:53:59.638+0900: 201086.165: [GC (Allocation Failure) [PSYoungGen: 260768K->704K(261120K)] 412216K->152160K(762368K), 0.0034444 secs] [Times: user=0.01 sys=0.01, real=0.00 secs] 
2019-01-03T00:55:04.401+0900: 201150.928: [GC (Allocation Failure) [PSYoungGen: 260800K->640K(261120K)] 412256K->152096K(762368K), 0.0033097 secs] [Times: user=0.00 sys=0.01, real=0.01 secs] 
2019-01-03T00:56:09.477+0900: 201216.003: [GC (Allocation Failure) [PSYoungGen: 260736K->704K(261120K)] 412192K->152160K(762368K), 0.0033427 secs] [Times: user=0.01 sys=0.02, real=0.00 secs] 
2019-01-03T00:57:14.297+0900: 201280.824: [GC (Allocation Failure) [PSYoungGen: 260800K->672K(261120K)] 412256K->152128K(762368K), 0.0033600 secs] [Times: user=0.00 sys=0.01, real=0.00 secs] 
2019-01-03T00:58:19.452+0900: 201345.978: [GC (Allocation Failure) [PSYoungGen: 260768K->640K(261120K)] 412224K->152112K(762368K), 0.0029851 secs] [Times: user=0.01 sys=0.02, real=0.01 secs] 
2019-01-03T00:59:24.287+0900: 201410.814: [GC (Allocation Failure) [PSYoungGen: 260736K->672K(261120K)] 412208K->152160K(762368K), 0.0030755 secs] [Times: user=0.00 sys=0.01, real=0.00 secs] 
2019-01-03T01:00:29.050+0900: 201475.576: [GC (Allocation Failure) [PSYoungGen: 260768K->672K(261120K)] 412256K->152160K(762368K), 0.0035044 secs] [Times: user=0.00 sys=0.02, real=0.00 secs] 
2019-01-03T01:01:34.154+0900: 201540.681: [GC (Allocation Failure) [PSYoungGen: 260768K->640K(261120K)] 412256K->152128K(762368K), 0.0033918 secs] [Times: user=0.02 sys=0.00, real=0.00 secs] 
2019-01-03T01:02:39.291+0900: 201605.818: [GC (Allocation Failure) [PSYoungGen: 260736K->672K(261120K)] 412224K->152160K(762368K), 0.0035706 secs] [Times: user=0.02 sys=0.00, real=0.01 secs] 
2019-01-03T01:03:44.176+0900: 201670.702: [GC (Allocation Failure) [PSYoungGen: 260768K->672K(261120K)] 412256K->152160K(762368K), 0.0035120 secs] [Times: user=0.00 sys=0.01, real=0.00 secs] 
2019-01-03T01:04:49.088+0900: 201735.615: [GC (Allocation Failure) [PSYoungGen: 260768K->704K(261120K)] 412256K->152192K(762368K), 0.0032701 secs] [Times: user=0.02 sys=0.00, real=0.00 secs] 
2019-01-03T01:05:54.143+0900: 201800.670: [GC (Allocation Failure) [PSYoungGen: 260800K->672K(257024K)] 412288K->152168K(758272K), 0.0032503 secs] [Times: user=0.01 sys=0.01, real=0.01 secs] 
2019-01-03T01:06:58.229+0900: 201864.756: [GC (Allocation Failure) [PSYoungGen: 256672K->512K(252416K)] 408168K->152104K(753664K), 0.0037589 secs] [Times: user=0.01 sys=0.00, real=0.00 secs] 
2019-01-03T01:08:00.972+0900: 201927.499: [GC (Allocation Failure) [PSYoungGen: 252416K->896K(248832K)] 404008K->152488K(750080K), 0.0036340 secs] [Times: user=0.02 sys=0.00, real=0.01 secs] 
2019-01-03T01:09:03.025+0900: 201989.552: [GC (Allocation Failure) [PSYoungGen: 248704K->1024K(244736K)] 400296K->152680K(745984K), 0.0036792 secs] [Times: user=0.00 sys=0.02, real=0.00 secs] 
2019-01-03T01:10:03.962+0900: 202050.489: [GC (Allocation Failure) [PSYoungGen: 244736K->1024K(241152K)] 396392K->153080K(742400K), 0.0046103 secs] [Times: user=0.01 sys=0.02, real=0.01 secs] 
2019-01-03T01:11:03.737+0900: 202110.264: [GC (Allocation Failure) [PSYoungGen: 241152K->512K(237056K)] 393208K->153536K(738304K), 0.0043217 secs] [Times: user=0.01 sys=0.02, real=0.00 secs] 
2019-01-03T01:12:02.752+0900: 202169.279: [GC (Allocation Failure) [PSYoungGen: 237056K->1216K(234496K)] 390080K->154240K(735744K), 0.0036355 secs] [Times: user=0.01 sys=0.02, real=0.01 secs] 
2019-01-03T01:13:01.050+0900: 202227.577: [GC (Allocation Failure) [PSYoungGen: 234176K->1536K(230912K)] 387200K->154616K(732160K), 0.0041311 secs] [Times: user=0.01 sys=0.03, real=0.01 secs] 
2019-01-03T01:13:58.130+0900: 202284.657: [GC (Allocation Failure) [PSYoungGen: 230912K->2048K(227840K)] 383992K->155144K(729088K), 0.0043184 secs] [Times: user=0.00 sys=0.02, real=0.01 secs] 
2019-01-03T01:14:54.617+0900: 202341.143: [GC (Allocation Failure) [PSYoungGen: 227840K->1024K(223744K)] 380936K->155456K(724992K), 0.0051444 secs] [Times: user=0.03 sys=0.00, real=0.00 secs] 
2019-01-03T01:15:50.180+0900: 202396.706: [GC (Allocation Failure) [PSYoungGen: 223744K->1728K(221696K)] 378176K->156240K(722944K), 0.0048033 secs] [Times: user=0.01 sys=0.02, real=0.01 secs] 
2019-01-03T01:16:45.171+0900: 202451.698: [GC (Allocation Failure) [PSYoungGen: 221376K->2112K(219136K)] 375888K->156624K(720384K), 0.0049698 secs] [Times: user=0.01 sys=0.03, real=0.01 secs] 
2019-01-03T01:17:39.429+0900: 202505.955: [GC (Allocation Failure) [PSYoungGen: 218688K->2528K(216064K)] 373200K->157040K(717312K), 0.0055754 secs] [Times: user=0.01 sys=0.03, real=0.01 secs] 
2019-01-03T01:18:32.947+0900: 202559.473: [GC (Allocation Failure) [PSYoungGen: 216032K->1536K(211968K)] 370544K->157288K(713216K), 0.0050638 secs] [Times: user=0.01 sys=0.03, real=0.00 secs] 
2019-01-03T01:19:25.604+0900: 202612.130: [GC (Allocation Failure) [PSYoungGen: 211968K->2176K(209920K)] 367720K->158008K(711168K), 0.0051323 secs] [Times: user=0.00 sys=0.03, real=0.00 secs] 
2019-01-03T01:20:17.175+0900: 202663.702: [GC (Allocation Failure) [PSYoungGen: 209536K->2528K(206848K)] 365368K->158360K(708096K), 0.0053302 secs] [Times: user=0.01 sys=0.03, real=0.00 secs] 
2019-01-03T01:21:08.158+0900: 202714.685: [GC (Allocation Failure) [PSYoungGen: 206816K->2944K(204800K)] 362648K->158776K(706048K), 0.0056729 secs] [Times: user=0.01 sys=0.03, real=0.01 secs] 
2019-01-03T01:21:58.706+0900: 202765.233: [GC (Allocation Failure) [PSYoungGen: 204672K->2048K(201216K)] 360504K->159016K(702464K), 0.0057637 secs] [Times: user=0.01 sys=0.03, real=0.00 secs] 
2019-01-03T01:22:48.633+0900: 202815.160: [GC (Allocation Failure) [PSYoungGen: 201216K->2528K(199168K)] 358184K->159632K(700416K), 0.0054274 secs] [Times: user=0.01 sys=0.02, real=0.01 secs] 
2019-01-03T01:23:37.892+0900: 202864.418: [GC (Allocation Failure) [PSYoungGen: 199136K->2944K(197120K)] 356240K->160048K(698368K), 0.0054494 secs] [Times: user=0.04 sys=0.00, real=0.01 secs] 
2019-01-03T01:24:26.538+0900: 202913.065: [GC (Allocation Failure) [PSYoungGen: 196992K->3264K(195072K)] 354096K->160512K(696320K), 0.0064081 secs] [Times: user=0.00 sys=0.03, real=0.01 secs] 
2019-01-03T01:25:14.504+0900: 202961.031: [GC (Allocation Failure) [PSYoungGen: 194752K->3072K(192000K)] 352000K->160712K(693248K), 0.0057118 secs] [Times: user=0.04 sys=0.00, real=0.00 secs] 
2019-01-03T01:26:01.779+0900: 203008.306: [GC (Allocation Failure) [PSYoungGen: 192000K->3424K(189952K)] 349640K->161328K(691200K), 0.0060435 secs] [Times: user=0.01 sys=0.03, real=0.01 secs] 
2019-01-03T01:26:48.553+0900: 203055.080: [GC (Allocation Failure) [PSYoungGen: 189792K->3712K(187904K)] 347696K->161616K(689152K), 0.0056369 secs] [Times: user=0.04 sys=0.00, real=0.01 secs] 
2019-01-03T01:27:34.531+0900: 203101.057: [GC (Allocation Failure) [PSYoungGen: 187520K->4064K(185856K)] 345424K->162072K(687104K), 0.0064651 secs] [Times: user=0.04 sys=0.00, real=0.01 secs] 
2019-01-03T01:28:20.042+0900: 203146.568: [GC (Allocation Failure) [PSYoungGen: 185824K->2560K(182272K)] 343832K->162288K(683520K), 0.0066504 secs] [Times: user=0.01 sys=0.04, real=0.01 secs] 
2019-01-03T01:29:04.916+0900: 203191.443: [GC (Allocation Failure) [PSYoungGen: 182272K->2880K(180736K)] 342000K->162896K(681984K), 0.0064378 secs] [Times: user=0.03 sys=0.00, real=0.00 secs] 
2019-01-03T01:29:49.491+0900: 203236.017: [GC (Allocation Failure) [PSYoungGen: 180544K->3200K(179200K)] 340560K->163216K(680448K), 0.0062759 secs] [Times: user=0.01 sys=0.03, real=0.01 secs] 
2019-01-03T01:30:33.291+0900: 203279.818: [GC (Allocation Failure) [PSYoungGen: 178816K->3392K(177152K)] 338832K->163544K(678400K), 0.0062766 secs] [Times: user=0.01 sys=0.04, real=0.01 secs] 
2019-01-03T01:31:16.622+0900: 203323.149: [GC (Allocation Failure) [PSYoungGen: 176960K->3648K(175616K)] 337112K->164016K(676864K), 0.0064119 secs] [Times: user=0.05 sys=0.00, real=0.01 secs] 
2019-01-03T01:31:59.570+0900: 203366.096: [GC (Allocation Failure) [PSYoungGen: 175168K->3840K(173568K)] 335536K->164416K(674816K), 0.0066812 secs] [Times: user=0.02 sys=0.03, real=0.01 secs] 
2019-01-03T01:32:42.056+0900: 203408.583: [GC (Allocation Failure) [PSYoungGen: 173312K->3584K(171008K)] 333888K->164584K(672256K), 0.0066935 secs] [Times: user=0.04 sys=0.00, real=0.00 secs] 
2019-01-03T01:33:24.086+0900: 203450.613: [GC (Allocation Failure) [PSYoungGen: 171008K->3648K(169472K)] 332008K->165144K(670720K), 0.0068580 secs] [Times: user=0.04 sys=0.00, real=0.00 secs] 
2019-01-03T01:34:05.313+0900: 203491.840: [GC (Allocation Failure) [PSYoungGen: 169024K->3968K(167424K)] 330520K->165464K(668672K), 0.0063327 secs] [Times: user=0.01 sys=0.03, real=0.01 secs] 
2019-01-03T01:34:46.229+0900: 203532.755: [GC (Allocation Failure) [PSYoungGen: 167296K->4000K(165888K)] 328792K->165776K(667136K), 0.0067440 secs] [Times: user=0.04 sys=0.00, real=0.01 secs] 
2019-01-03T01:35:26.566+0900: 203573.093: [GC (Allocation Failure) [PSYoungGen: 165792K->3584K(163840K)] 327568K->165984K(665088K), 0.0062864 secs] [Times: user=0.05 sys=0.00, real=0.00 secs] 
2019-01-03T01:36:06.549+0900: 203613.076: [GC (Allocation Failure) [PSYoungGen: 163840K->3808K(162816K)] 326240K->166520K(664064K), 0.0062847 secs] [Times: user=0.02 sys=0.03, real=0.01 secs] 
2019-01-03T01:36:46.169+0900: 203652.695: [GC (Allocation Failure) [PSYoungGen: 162528K->4096K(161280K)] 325240K->166808K(662528K), 0.0058433 secs] [Times: user=0.05 sys=0.00, real=0.01 secs] 
2019-01-03T01:37:25.326+0900: 203691.853: [GC (Allocation Failure) [PSYoungGen: 161280K->4352K(160256K)] 323992K->167200K(661504K), 0.0063616 secs] [Times: user=0.01 sys=0.03, real=0.00 secs] 
2019-01-03T01:38:04.161+0900: 203730.687: [GC (Allocation Failure) [PSYoungGen: 160000K->3072K(157184K)] 322848K->167296K(658432K), 0.0066737 secs] [Times: user=0.05 sys=0.00, real=0.01 secs] 
2019-01-03T01:38:42.750+0900: 203769.277: [GC (Allocation Failure) [PSYoungGen: 157184K->3456K(156160K)] 321408K->167920K(657408K), 0.0054399 secs] [Times: user=0.04 sys=0.00, real=0.01 secs] 
2019-01-03T01:39:20.937+0900: 203807.463: [GC (Allocation Failure) [PSYoungGen: 156032K->3680K(155136K)] 320496K->168144K(656384K), 0.0065342 secs] [Times: user=0.01 sys=0.03, real=0.00 secs] 
2019-01-03T01:39:58.715+0900: 203845.241: [GC (Allocation Failure) [PSYoungGen: 154720K->3776K(153600K)] 319184K->168488K(654848K), 0.0063905 secs] [Times: user=0.01 sys=0.04, real=0.00 secs] 
2019-01-03T01:40:36.306+0900: 203882.833: [GC (Allocation Failure) [PSYoungGen: 153280K->3584K(151552K)] 317992K->168648K(652800K), 0.0060358 secs] [Times: user=0.02 sys=0.03, real=0.00 secs] 
2019-01-03T01:41:12.966+0900: 203919.493: [GC (Allocation Failure) [PSYoungGen: 151552K->3584K(150016K)] 316616K->169128K(651264K), 0.0061144 secs] [Times: user=0.01 sys=0.03, real=0.00 secs] 
2019-01-03T01:41:49.666+0900: 203956.193: [GC (Allocation Failure) [PSYoungGen: 150016K->3936K(148992K)] 315560K->169480K(650240K), 0.0062557 secs] [Times: user=0.01 sys=0.03, real=0.00 secs] 
2019-01-03T01:42:25.965+0900: 203992.492: [GC (Allocation Failure) [PSYoungGen: 148832K->3904K(147456K)] 314376K->169744K(648704K), 0.0066527 secs] [Times: user=0.04 sys=0.00, real=0.00 secs] 
2019-01-03T01:43:01.897+0900: 204028.424: [GC (Allocation Failure) [PSYoungGen: 147264K->2560K(144384K)] 313104K->169920K(645632K), 0.0076968 secs] [Times: user=0.01 sys=0.03, real=0.01 secs] 
2019-01-03T01:43:37.337+0900: 204063.863: [GC (Allocation Failure) [PSYoungGen: 144384K->2816K(143360K)] 311744K->170448K(644608K), 0.0054658 secs] [Times: user=0.01 sys=0.03, real=0.00 secs] 
2019-01-03T01:44:12.321+0900: 204098.847: [GC (Allocation Failure) [PSYoungGen: 143104K->3072K(141824K)] 310736K->170704K(643072K), 0.0049215 secs] [Times: user=0.01 sys=0.03, real=0.01 secs] 
2019-01-03T01:44:47.064+0900: 204133.591: [GC (Allocation Failure) [PSYoungGen: 141824K->3200K(141312K)] 309456K->170984K(642560K), 0.0053861 secs] [Times: user=0.00 sys=0.03, real=0.00 secs] 
2019-01-03T01:45:21.426+0900: 204167.953: [GC (Allocation Failure) [PSYoungGen: 140928K->3328K(140288K)] 308712K->171280K(641536K), 0.0056080 secs] [Times: user=0.01 sys=0.03, real=0.00 secs] 
2019-01-03T01:45:55.674+0900: 204202.200: [GC (Allocation Failure) [PSYoungGen: 140032K->3456K(139264K)] 307984K->171592K(640512K), 0.0057472 secs] [Times: user=0.03 sys=0.00, real=0.00 secs] 
2019-01-03T01:46:29.612+0900: 204236.139: [GC (Allocation Failure) [PSYoungGen: 139136K->3584K(138240K)] 307272K->171872K(639488K), 0.0056998 secs] [Times: user=0.01 sys=0.03, real=0.01 secs] 
2019-01-03T01:47:03.150+0900: 204269.677: [GC (Allocation Failure) [PSYoungGen: 138240K->3744K(137728K)] 306528K->172192K(638976K), 0.0060551 secs] [Times: user=0.01 sys=0.03, real=0.01 secs] 
2019-01-03T01:47:36.742+0900: 204303.269: [GC (Allocation Failure) [PSYoungGen: 137376K->2048K(134656K)] 305824K->172376K(635904K), 0.0062038 secs] [Times: user=0.04 sys=0.00, real=0.01 secs] 
2019-01-03T01:48:10.041+0900: 204336.568: [GC (Allocation Failure) [PSYoungGen: 134656K->2240K(134144K)] 304984K->172824K(635392K), 0.0049906 secs] [Times: user=0.00 sys=0.03, real=0.01 secs] 
2019-01-03T01:48:42.629+0900: 204369.156: [GC (Allocation Failure) [PSYoungGen: 133824K->2528K(133120K)] 304408K->173112K(634368K), 0.0051143 secs] [Times: user=0.00 sys=0.02, real=0.01 secs] 
2019-01-03T01:49:15.161+0900: 204401.688: [GC (Allocation Failure) [PSYoungGen: 133088K->2624K(132608K)] 303672K->173376K(633856K), 0.0051101 secs] [Times: user=0.01 sys=0.02, real=0.01 secs] 
2019-01-03T01:49:47.563+0900: 204434.090: [GC (Allocation Failure) [PSYoungGen: 132160K->2720K(131584K)] 302912K->173656K(632832K), 0.0054118 secs] [Times: user=0.01 sys=0.02, real=0.01 secs] 
2019-01-03T01:50:19.672+0900: 204466.199: [GC (Allocation Failure) [PSYoungGen: 131232K->2880K(130560K)] 302168K->174040K(631808K), 0.0053321 secs] [Times: user=0.00 sys=0.03, real=0.01 secs] 
2019-01-03T01:50:51.534+0900: 204498.060: [GC (Allocation Failure) [PSYoungGen: 130368K->2912K(129536K)] 301528K->174280K(630784K), 0.0055452 secs] [Times: user=0.01 sys=0.02, real=0.01 secs] 
2019-01-03T01:51:23.173+0900: 204529.700: [GC (Allocation Failure) [PSYoungGen: 129376K->2976K(128512K)] 300744K->174536K(629760K), 0.0060370 secs] [Times: user=0.01 sys=0.03, real=0.01 secs] 
2019-01-03T01:51:54.338+0900: 204560.865: [GC (Allocation Failure) [PSYoungGen: 128416K->3040K(127488K)] 299976K->174824K(628736K), 0.0057042 secs] [Times: user=0.04 sys=0.00, real=0.01 secs] 
2019-01-03T01:52:25.391+0900: 204591.917: [GC (Allocation Failure) [PSYoungGen: 127456K->3168K(126976K)] 299240K->175144K(628224K), 0.0057794 secs] [Times: user=0.00 sys=0.03, real=0.01 secs] 
2019-01-03T01:52:56.270+0900: 204622.796: [GC (Allocation Failure) [PSYoungGen: 126560K->3072K(125440K)] 298536K->175288K(626688K), 0.0049958 secs] [Times: user=0.00 sys=0.03, real=0.01 secs] 
2019-01-03T01:53:26.775+0900: 204653.301: [GC (Allocation Failure) [PSYoungGen: 125440K->3136K(124928K)] 297656K->175624K(626176K), 0.0058813 secs] [Times: user=0.04 sys=0.00, real=0.00 secs] 
2019-01-03T01:53:56.890+0900: 204683.417: [GC (Allocation Failure) [PSYoungGen: 124480K->3072K(123392K)] 296968K->175744K(624640K), 0.0056986 secs] [Times: user=0.01 sys=0.03, real=0.01 secs] 
2019-01-03T01:54:27.105+0900: 204713.632: [GC (Allocation Failure) [PSYoungGen: 123392K->3328K(122880K)] 296064K->176200K(624128K), 0.0064748 secs] [Times: user=0.00 sys=0.03, real=0.00 secs] 
2019-01-03T01:54:56.948+0900: 204743.475: [GC (Allocation Failure) [PSYoungGen: 122624K->2048K(120320K)] 295496K->176264K(621568K), 0.0058624 secs] [Times: user=0.02 sys=0.03, real=0.01 secs] 
2019-01-03T01:55:26.512+0900: 204773.038: [GC (Allocation Failure) [PSYoungGen: 120320K->2336K(119808K)] 294536K->176752K(621056K), 0.0053592 secs] [Times: user=0.01 sys=0.02, real=0.01 secs] 
2019-01-03T01:55:55.862+0900: 204802.388: [GC (Allocation Failure) [PSYoungGen: 119584K->2528K(118784K)] 294000K->176944K(620032K), 0.0048829 secs] [Times: user=0.00 sys=0.03, real=0.01 secs] 
2019-01-03T01:56:24.991+0900: 204831.517: [GC (Allocation Failure) [PSYoungGen: 118752K->2624K(118272K)] 293168K->177216K(619520K), 0.0056648 secs] [Times: user=0.01 sys=0.02, real=0.01 secs] 
2019-01-03T01:56:53.675+0900: 204860.201: [GC (Allocation Failure) [PSYoungGen: 117824K->2720K(117248K)] 292416K->177488K(618496K), 0.0051425 secs] [Times: user=0.04 sys=0.00, real=0.00 secs] 
2019-01-03T01:57:22.142+0900: 204888.669: [GC (Allocation Failure) [PSYoungGen: 116896K->2720K(116224K)] 291664K->177664K(617472K), 0.0054719 secs] [Times: user=0.01 sys=0.03, real=0.01 secs] 
2019-01-03T01:57:50.440+0900: 204916.967: [GC (Allocation Failure) [PSYoungGen: 115872K->2560K(114688K)] 290816K->177824K(615936K), 0.0056351 secs] [Times: user=0.03 sys=0.00, real=0.01 secs] 
2019-01-03T01:58:18.504+0900: 204945.031: [GC (Allocation Failure) [PSYoungGen: 114688K->2688K(114176K)] 289952K->178264K(615424K), 0.0056360 secs] [Times: user=0.04 sys=0.00, real=0.00 secs] 
2019-01-03T01:58:46.265+0900: 204972.792: [GC (Allocation Failure) [PSYoungGen: 113792K->2976K(113152K)] 289368K->178552K(614400K), 0.0047549 secs] [Times: user=0.04 sys=0.00, real=0.00 secs] 
2019-01-03T01:59:13.724+0900: 205000.251: [GC (Allocation Failure) [PSYoungGen: 113056K->2976K(112640K)] 288632K->178720K(613888K), 0.0059698 secs] [Times: user=0.04 sys=0.00, real=0.00 secs] 
2019-01-03T01:59:41.115+0900: 205027.642: [GC (Allocation Failure) [PSYoungGen: 112544K->2560K(111616K)] 288288K->178816K(612864K), 0.0057777 secs] [Times: user=0.00 sys=0.04, real=0.00 secs] 
2019-01-03T02:00:08.274+0900: 205054.801: [GC (Allocation Failure) [PSYoungGen: 111616K->2752K(111616K)] 287872K->179248K(612864K), 0.0057367 secs] [Times: user=0.04 sys=0.00, real=0.00 secs] 
2019-01-03T02:00:35.510+0900: 205082.037: [GC (Allocation Failure) [PSYoungGen: 111296K->2912K(111104K)] 287792K->179408K(612352K), 0.0047148 secs] [Times: user=0.01 sys=0.03, real=0.01 secs] 
2019-01-03T02:01:02.458+0900: 205108.985: [GC (Allocation Failure) [PSYoungGen: 110944K->3040K(110592K)] 287440K->179680K(611840K), 0.0057673 secs] [Times: user=0.01 sys=0.02, real=0.01 secs] 
2019-01-03T02:01:29.273+0900: 205135.800: [GC (Allocation Failure) [PSYoungGen: 110560K->1536K(108544K)] 287200K->179768K(609792K), 0.0058719 secs] [Times: user=0.01 sys=0.03, real=0.01 secs] 
2019-01-03T02:01:55.870+0900: 205162.397: [GC (Allocation Failure) [PSYoungGen: 108544K->1888K(108544K)] 286776K->180296K(609792K), 0.0044873 secs] [Times: user=0.01 sys=0.02, real=0.01 secs] 
2019-01-03T02:02:22.553+0900: 205189.079: [GC (Allocation Failure) [PSYoungGen: 108384K->1984K(108032K)] 286792K->180392K(609280K), 0.0059230 secs] [Times: user=0.00 sys=0.02, real=0.01 secs] 
2019-01-03T02:02:49.016+0900: 205215.543: [GC (Allocation Failure) [PSYoungGen: 107968K->2624K(108544K)] 286376K->181200K(609792K), 0.0052655 secs] [Times: user=0.03 sys=0.00, real=0.00 secs] 
2019-01-03T02:03:15.413+0900: 205241.939: [GC (Allocation Failure) [PSYoungGen: 108096K->2496K(107520K)] 286672K->181232K(608768K), 0.0054930 secs] [Times: user=0.01 sys=0.02, real=0.01 secs] 
2019-01-03T02:03:41.694+0900: 205268.221: [GC (Allocation Failure) [PSYoungGen: 107456K->2304K(107008K)] 286192K->181200K(608256K), 0.0049483 secs] [Times: user=0.00 sys=0.04, real=0.00 secs] 
2019-01-03T02:04:07.914+0900: 205294.441: [GC (Allocation Failure) [PSYoungGen: 106752K->2208K(106496K)] 285648K->181272K(607744K), 0.0050107 secs] [Times: user=0.01 sys=0.02, real=0.00 secs] 
2019-01-03T02:04:33.762+0900: 205320.289: [GC (Allocation Failure) [PSYoungGen: 106144K->2080K(105984K)] 285208K->181312K(607232K), 0.0052256 secs] [Times: user=0.03 sys=0.00, real=0.01 secs] 
2019-01-03T02:04:59.612+0900: 205346.138: [GC (Allocation Failure) [PSYoungGen: 105504K->1984K(104960K)] 284736K->181384K(606208K), 0.0056258 secs] [Times: user=0.01 sys=0.03, real=0.01 secs] 
2019-01-03T02:05:25.440+0900: 205371.966: [GC (Allocation Failure) [PSYoungGen: 104896K->1792K(104448K)] 284296K->181360K(605696K), 0.0055960 secs] [Times: user=0.03 sys=0.00, real=0.01 secs] 
2019-01-03T02:05:50.654+0900: 205397.181: [GC (Allocation Failure) [PSYoungGen: 104192K->1728K(103936K)] 283760K->181464K(605184K), 0.0049486 secs] [Times: user=0.00 sys=0.02, real=0.00 secs] 
2019-01-03T02:06:16.047+0900: 205422.574: [GC (Allocation Failure) [PSYoungGen: 103616K->1600K(103424K)] 283352K->181488K(604672K), 0.0047830 secs] [Times: user=0.00 sys=0.02, real=0.00 secs] 
2019-01-03T02:06:41.398+0900: 205447.924: [GC (Allocation Failure) [PSYoungGen: 102976K->1568K(102912K)] 282864K->181568K(604160K), 0.0047128 secs] [Times: user=0.01 sys=0.02, real=0.00 secs] 
2019-01-03T02:07:06.536+0900: 205473.062: [GC (Allocation Failure) [PSYoungGen: 102432K->1472K(101888K)] 282432K->181576K(603136K), 0.0041995 secs] [Times: user=0.00 sys=0.02, real=0.00 secs] 
2019-01-03T02:07:31.625+0900: 205498.152: [GC (Allocation Failure) [PSYoungGen: 101824K->1440K(101376K)] 281928K->181640K(602624K), 0.0046815 secs] [Times: user=0.03 sys=0.00, real=0.00 secs] 
2019-01-03T02:07:56.637+0900: 205523.163: [GC (Allocation Failure) [PSYoungGen: 101280K->1376K(100864K)] 281480K->181680K(602112K), 0.0042627 secs] [Times: user=0.00 sys=0.02, real=0.00 secs] 
2019-01-03T02:08:21.464+0900: 205547.990: [GC (Allocation Failure) [PSYoungGen: 100704K->1152K(100352K)] 281008K->181704K(601600K), 0.0044175 secs] [Times: user=0.03 sys=0.00, real=0.00 secs] 
2019-01-03T02:08:46.008+0900: 205572.534: [GC (Allocation Failure) [PSYoungGen: 99968K->928K(99328K)] 280520K->181728K(600576K), 0.0041492 secs] [Times: user=0.00 sys=0.02, real=0.00 secs] 
2019-01-03T02:09:10.456+0900: 205596.982: [GC (Allocation Failure) [PSYoungGen: 99232K->544K(98816K)] 280032K->181712K(600064K), 0.0036588 secs] [Times: user=0.01 sys=0.01, real=0.00 secs] 
2019-01-03T02:09:34.779+0900: 205621.306: [GC (Allocation Failure) [PSYoungGen: 98336K->704K(101376K)] 279504K->181920K(602624K), 0.0035745 secs] [Times: user=0.01 sys=0.00, real=0.00 secs] 
2019-01-03T02:09:59.186+0900: 205645.713: [GC (Allocation Failure) [PSYoungGen: 97984K->864K(97792K)] 279200K->182144K(599040K), 0.0039697 secs] [Times: user=0.00 sys=0.02, real=0.00 secs] 
2019-01-03T02:10:23.378+0900: 205669.905: [GC (Allocation Failure) [PSYoungGen: 97632K->1024K(97280K)] 278912K->182368K(598528K), 0.0040432 secs] [Times: user=0.01 sys=0.02, real=0.00 secs] 
2019-01-03T02:10:47.474+0900: 205694.001: [GC (Allocation Failure) [PSYoungGen: 97280K->1184K(97280K)] 278624K->182600K(598528K), 0.0040186 secs] [Times: user=0.01 sys=0.01, real=0.00 secs] 
2019-01-03T02:11:11.451+0900: 205717.978: [GC (Allocation Failure) [PSYoungGen: 96928K->1376K(96768K)] 278344K->182864K(598016K), 0.0043900 secs] [Times: user=0.00 sys=0.02, real=0.01 secs] 
2019-01-03T02:11:35.381+0900: 205741.908: [GC (Allocation Failure) [PSYoungGen: 96608K->1568K(96768K)] 278096K->183128K(598016K), 0.0037467 secs] [Times: user=0.01 sys=0.02, real=0.01 secs] 
2019-01-03T02:11:59.014+0900: 205765.541: [GC (Allocation Failure) [PSYoungGen: 96288K->1760K(96256K)] 277848K->183400K(597504K), 0.0044240 secs] [Times: user=0.02 sys=0.00, real=0.00 secs] 
2019-01-03T02:12:22.564+0900: 205789.091: [GC (Allocation Failure) [PSYoungGen: 95968K->1888K(95744K)] 277608K->183608K(596992K), 0.0043698 secs] [Times: user=0.00 sys=0.02, real=0.00 secs] 
2019-01-03T02:12:46.130+0900: 205812.657: [GC (Allocation Failure) [PSYoungGen: 95584K->2080K(95744K)] 277304K->183880K(596992K), 0.0045230 secs] [Times: user=0.01 sys=0.02, real=0.01 secs] 
2019-01-03T02:13:09.444+0900: 205835.971: [GC (Allocation Failure) [PSYoungGen: 95264K->2048K(94720K)] 277064K->183976K(595968K), 0.0056598 secs] [Times: user=0.01 sys=0.02, real=0.00 secs] 
2019-01-03T02:13:32.666+0900: 205859.193: [GC (Allocation Failure) [PSYoungGen: 94720K->2272K(94720K)] 276648K->184288K(595968K), 0.0045291 secs] [Times: user=0.00 sys=0.02, real=0.00 secs] 
2019-01-03T02:13:55.762+0900: 205882.288: [GC (Allocation Failure) [PSYoungGen: 94432K->2464K(94208K)] 276448K->184480K(595456K), 0.0047391 secs] [Times: user=0.01 sys=0.02, real=0.01 secs] 
2019-01-03T02:14:18.727+0900: 205905.254: [GC (Allocation Failure) [PSYoungGen: 94112K->2592K(94208K)] 276128K->184688K(595456K), 0.0051234 secs] [Times: user=0.01 sys=0.03, real=0.00 secs] 
2019-01-03T02:14:41.611+0900: 205928.137: [GC (Allocation Failure) [PSYoungGen: 93728K->2048K(92672K)] 275824K->184744K(593920K), 0.0052043 secs] [Times: user=0.01 sys=0.02, real=0.01 secs] 
2019-01-03T02:15:03.958+0900: 205950.484: [GC (Allocation Failure) [PSYoungGen: 92672K->2240K(92672K)] 275368K->185136K(593920K), 0.0052429 secs] [Times: user=0.01 sys=0.02, real=0.00 secs] 
2019-01-03T02:15:26.493+0900: 205973.020: [GC (Allocation Failure) [PSYoungGen: 92352K->2400K(92160K)] 275248K->185296K(593408K), 0.0055314 secs] [Times: user=0.00 sys=0.03, real=0.01 secs] 
2019-01-03T02:15:48.880+0900: 205995.407: [GC (Allocation Failure) [PSYoungGen: 92000K->2464K(91648K)] 274896K->185512K(592896K), 0.0055797 secs] [Times: user=0.01 sys=0.02, real=0.01 secs] 
2019-01-03T02:16:11.096+0900: 206017.623: [GC (Allocation Failure) [PSYoungGen: 91552K->2496K(91136K)] 274600K->185696K(592384K), 0.0048282 secs] [Times: user=0.01 sys=0.03, real=0.00 secs] 
2019-01-03T02:16:33.373+0900: 206039.899: [GC (Allocation Failure) [PSYoungGen: 91072K->2592K(91136K)] 274272K->185960K(592384K), 0.0055387 secs] [Times: user=0.01 sys=0.03, real=0.01 secs] 
2019-01-03T02:16:55.377+0900: 206061.904: [GC (Allocation Failure) [PSYoungGen: 90656K->2048K(89600K)] 274024K->185960K(590848K), 0.0050116 secs] [Times: user=0.01 sys=0.03, real=0.00 secs] 
2019-01-03T02:17:17.252+0900: 206083.779: [GC (Allocation Failure) [PSYoungGen: 89600K->2240K(89600K)] 273512K->186392K(590848K), 0.0054093 secs] [Times: user=0.04 sys=0.00, real=0.01 secs] 
2019-01-03T02:17:38.948+0900: 206105.475: [GC (Allocation Failure) [PSYoungGen: 89280K->2336K(89088K)] 273432K->186488K(590336K), 0.0050353 secs] [Times: user=0.01 sys=0.03, real=0.00 secs] 
2019-01-03T02:18:00.533+0900: 206127.059: [GC (Allocation Failure) [PSYoungGen: 88864K->2400K(88576K)] 273016K->186704K(589824K), 0.0059425 secs] [Times: user=0.03 sys=0.00, real=0.01 secs] 
2019-01-03T02:18:21.928+0900: 206148.454: [GC (Allocation Failure) [PSYoungGen: 88416K->2432K(88064K)] 272720K->186896K(589312K), 0.0050341 secs] [Times: user=0.01 sys=0.02, real=0.00 secs] 
2019-01-03T02:18:43.425+0900: 206169.952: [GC (Allocation Failure) [PSYoungGen: 87936K->2496K(87552K)] 272400K->187128K(588800K), 0.0049010 secs] [Times: user=0.01 sys=0.03, real=0.00 secs] 
2019-01-03T02:19:04.667+0900: 206191.194: [GC (Allocation Failure) [PSYoungGen: 87488K->2560K(87040K)] 272120K->187368K(588288K), 0.0047331 secs] [Times: user=0.01 sys=0.03, real=0.00 secs] 
2019-01-03T02:19:25.758+0900: 206212.285: [GC (Allocation Failure) [PSYoungGen: 87040K->2496K(86528K)] 271848K->187584K(587776K), 0.0055485 secs] [Times: user=0.01 sys=0.03, real=0.01 secs] 
2019-01-03T02:19:46.650+0900: 206233.176: [GC (Allocation Failure) [PSYoungGen: 86464K->2624K(86528K)] 271552K->187712K(587776K), 0.0047066 secs] [Times: user=0.00 sys=0.02, real=0.01 secs] 
2019-01-03T02:20:07.525+0900: 206254.051: [GC (Allocation Failure) [PSYoungGen: 86080K->2560K(85504K)] 271168K->187808K(586752K), 0.0052669 secs] [Times: user=0.03 sys=0.00, real=0.00 secs] 
2019-01-03T02:20:28.311+0900: 206274.837: [GC (Allocation Failure) [PSYoungGen: 85504K->2656K(85504K)] 270752K->188080K(586752K), 0.0054776 secs] [Times: user=0.03 sys=0.00, real=0.01 secs] 
2019-01-03T02:20:48.899+0900: 206295.426: [GC (Allocation Failure) [PSYoungGen: 85088K->2624K(84992K)] 270512K->188232K(586240K), 0.0058022 secs] [Times: user=0.01 sys=0.03, real=0.01 secs] 
2019-01-03T02:21:09.179+0900: 206315.706: [GC (Allocation Failure) [PSYoungGen: 84544K->2720K(84480K)] 270152K->188528K(585728K), 0.0046022 secs] [Times: user=0.01 sys=0.03, real=0.01 secs] 
2019-01-03T02:21:29.459+0900: 206335.985: [GC (Allocation Failure) [PSYoungGen: 84128K->2592K(83968K)] 269936K->188600K(585216K), 0.0055310 secs] [Times: user=0.01 sys=0.03, real=0.01 secs] 
2019-01-03T02:21:49.791+0900: 206356.318: [GC (Allocation Failure) [PSYoungGen: 83488K->2624K(83456K)] 269496K->188824K(584704K), 0.0056196 secs] [Times: user=0.01 sys=0.03, real=0.01 secs] 
2019-01-03T02:22:09.871+0900: 206376.398: [GC (Allocation Failure) [PSYoungGen: 83008K->2592K(82944K)] 269208K->189008K(584192K), 0.0053205 secs] [Times: user=0.01 sys=0.03, real=0.01 secs] 
2019-01-03T02:22:29.888+0900: 206396.415: [GC (Allocation Failure) [PSYoungGen: 82464K->2688K(82432K)] 268880K->189320K(583680K), 0.0055810 secs] [Times: user=0.00 sys=0.03, real=0.00 secs] 
2019-01-03T02:22:49.577+0900: 206416.103: [GC (Allocation Failure) [PSYoungGen: 82048K->2688K(81920K)] 268680K->189528K(583168K), 0.0052143 secs] [Times: user=0.00 sys=0.02, real=0.00 secs] 
2019-01-03T02:23:09.286+0900: 206435.813: [GC (Allocation Failure) [PSYoungGen: 81536K->2592K(81408K)] 268376K->189656K(582656K), 0.0055713 secs] [Times: user=0.04 sys=0.00, real=0.00 secs] 
2019-01-03T02:23:28.860+0900: 206455.387: [GC (Allocation Failure) [PSYoungGen: 80928K->2560K(80384K)] 267992K->189840K(581632K), 0.0050706 secs] [Times: user=0.01 sys=0.03, real=0.01 secs] 
2019-01-03T02:23:48.478+0900: 206475.004: [GC (Allocation Failure) [PSYoungGen: 80384K->2528K(79872K)] 267664K->190016K(581120K), 0.0054845 secs] [Times: user=0.01 sys=0.03, real=0.00 secs] 
2019-01-03T02:24:07.847+0900: 206494.374: [GC (Allocation Failure) [PSYoungGen: 79840K->2560K(79360K)] 267328K->190240K(580608K), 0.0054419 secs] [Times: user=0.01 sys=0.03, real=0.00 secs] 
2019-01-03T02:24:26.960+0900: 206513.486: [GC (Allocation Failure) [PSYoungGen: 79360K->2560K(78848K)] 267040K->190448K(580096K), 0.0052683 secs] [Times: user=0.01 sys=0.02, real=0.01 secs] 
2019-01-03T02:24:46.030+0900: 206532.557: [GC (Allocation Failure) [PSYoungGen: 78848K->2368K(78336K)] 266736K->190632K(579584K), 0.0053425 secs] [Times: user=0.01 sys=0.03, real=0.01 secs] 
2019-01-03T02:25:04.979+0900: 206551.506: [GC (Allocation Failure) [PSYoungGen: 78144K->2464K(78336K)] 266408K->190728K(579584K), 0.0051688 secs] [Times: user=0.03 sys=0.00, real=0.01 secs] 
2019-01-03T02:25:23.884+0900: 206570.410: [GC (Allocation Failure) [PSYoungGen: 78240K->2464K(78848K)] 266504K->190928K(580096K), 0.0051207 secs] [Times: user=0.01 sys=0.02, real=0.01 secs] 
2019-01-03T02:25:42.809+0900: 206589.336: [GC (Allocation Failure) [PSYoungGen: 78240K->2464K(78848K)] 266704K->191128K(580096K), 0.0052296 secs] [Times: user=0.04 sys=0.00, real=0.01 secs] 
2019-01-03T02:26:01.730+0900: 206608.257: [GC (Allocation Failure) [PSYoungGen: 78240K->2464K(78848K)] 266904K->191312K(580096K), 0.0052646 secs] [Times: user=0.01 sys=0.02, real=0.01 secs] 
2019-01-03T02:26:20.724+0900: 206627.251: [GC (Allocation Failure) [PSYoungGen: 78240K->2432K(78848K)] 267088K->191472K(580096K), 0.0052901 secs] [Times: user=0.01 sys=0.02, real=0.00 secs] 
2019-01-03T02:26:39.732+0900: 206646.259: [GC (Allocation Failure) [PSYoungGen: 78208K->2464K(78848K)] 267248K->191704K(580096K), 0.0052501 secs] [Times: user=0.01 sys=0.03, real=0.01 secs] 
2019-01-03T02:26:58.687+0900: 206665.214: [GC (Allocation Failure) [PSYoungGen: 78240K->2432K(78848K)] 267480K->191872K(580096K), 0.0054598 secs] [Times: user=0.01 sys=0.03, real=0.00 secs] 
2019-01-03T02:27:17.675+0900: 206684.201: [GC (Allocation Failure) [PSYoungGen: 78208K->2400K(78848K)] 267648K->192032K(580096K), 0.0055926 secs] [Times: user=0.01 sys=0.03, real=0.00 secs] 
2019-01-03T02:27:36.596+0900: 206703.123: [GC (Allocation Failure) [PSYoungGen: 78176K->2400K(78848K)] 267808K->192224K(580096K), 0.0050801 secs] [Times: user=0.01 sys=0.02, real=0.00 secs] 
2019-01-03T02:27:55.266+0900: 206721.792: [GC (Allocation Failure) [PSYoungGen: 78176K->2368K(78848K)] 268000K->192384K(580096K), 0.0054943 secs] [Times: user=0.01 sys=0.03, real=0.00 secs] 
2019-01-03T02:28:14.155+0900: 206740.681: [GC (Allocation Failure) [PSYoungGen: 78144K->2464K(78848K)] 268160K->192664K(580096K), 0.0049938 secs] [Times: user=0.03 sys=0.00, real=0.00 secs] 
2019-01-03T02:28:33.083+0900: 206759.610: [GC (Allocation Failure) [PSYoungGen: 78240K->2368K(78848K)] 268440K->192752K(580096K), 0.0051554 secs] [Times: user=0.01 sys=0.03, real=0.01 secs] 
2019-01-03T02:28:52.003+0900: 206778.530: [GC (Allocation Failure) [PSYoungGen: 78144K->2432K(78848K)] 268528K->193008K(580096K), 0.0044002 secs] [Times: user=0.03 sys=0.00, real=0.01 secs] 
2019-01-03T02:29:10.906+0900: 206797.433: [GC (Allocation Failure) [PSYoungGen: 78208K->2464K(78848K)] 268784K->193224K(580096K), 0.0047866 secs] [Times: user=0.03 sys=0.00, real=0.00 secs] 
2019-01-03T02:29:29.856+0900: 206816.383: [GC (Allocation Failure) [PSYoungGen: 78240K->2400K(78848K)] 269000K->193336K(580096K), 0.0055884 secs] [Times: user=0.01 sys=0.02, real=0.00 secs] 
2019-01-03T02:29:48.796+0900: 206835.323: [GC (Allocation Failure) [PSYoungGen: 78176K->2400K(78848K)] 269112K->193504K(580096K), 0.0051964 secs] [Times: user=0.00 sys=0.03, real=0.00 secs] 
2019-01-03T02:30:07.691+0900: 206854.218: [GC (Allocation Failure) [PSYoungGen: 78176K->2400K(78848K)] 269280K->193680K(580096K), 0.0048011 secs] [Times: user=0.04 sys=0.00, real=0.01 secs] 
2019-01-03T02:30:26.647+0900: 206873.173: [GC (Allocation Failure) [PSYoungGen: 78176K->2432K(78848K)] 269456K->193888K(580096K), 0.0051636 secs] [Times: user=0.01 sys=0.03, real=0.00 secs] 
2019-01-03T02:30:45.649+0900: 206892.176: [GC (Allocation Failure) [PSYoungGen: 78208K->2400K(78848K)] 269664K->194040K(580096K), 0.0051110 secs] [Times: user=0.00 sys=0.03, real=0.01 secs] 
2019-01-03T02:31:04.580+0900: 206911.106: [GC (Allocation Failure) [PSYoungGen: 78176K->2464K(78848K)] 269816K->194280K(580096K), 0.0050893 secs] [Times: user=0.04 sys=0.00, real=0.01 secs] 
2019-01-03T02:31:23.604+0900: 206930.131: [GC (Allocation Failure) [PSYoungGen: 78240K->2432K(78848K)] 270056K->194440K(580096K), 0.0063709 secs] [Times: user=0.01 sys=0.03, real=0.00 secs] 
2019-01-03T02:31:42.582+0900: 206949.109: [GC (Allocation Failure) [PSYoungGen: 78208K->2432K(78848K)] 270216K->194632K(580096K), 0.0056422 secs] [Times: user=0.01 sys=0.03, real=0.01 secs] 
2019-01-03T02:32:01.513+0900: 206968.040: [GC (Allocation Failure) [PSYoungGen: 78208K->2432K(78848K)] 270408K->194808K(580096K), 0.0051741 secs] [Times: user=0.01 sys=0.03, real=0.01 secs] 
2019-01-03T02:32:20.225+0900: 206986.752: [GC (Allocation Failure) [PSYoungGen: 78208K->2432K(78336K)] 270584K->194992K(579584K), 0.0053074 secs] [Times: user=0.01 sys=0.03, real=0.00 secs] 
2019-01-03T02:32:39.142+0900: 207005.668: [GC (Allocation Failure) [PSYoungGen: 78208K->2432K(78336K)] 270768K->195168K(579584K), 0.0049079 secs] [Times: user=0.01 sys=0.02, real=0.01 secs] 
2019-01-03T02:32:58.029+0900: 207024.556: [GC (Allocation Failure) [PSYoungGen: 78208K->2496K(78336K)] 270944K->195416K(579584K), 0.0050479 secs] [Times: user=0.01 sys=0.03, real=0.01 secs] 
2019-01-03T02:33:17.049+0900: 207043.576: [GC (Allocation Failure) [PSYoungGen: 78272K->2432K(78336K)] 271192K->195552K(579584K), 0.0054220 secs] [Times: user=0.01 sys=0.03, real=0.01 secs] 
2019-01-03T02:33:35.991+0900: 207062.517: [GC (Allocation Failure) [PSYoungGen: 78208K->2432K(78336K)] 271328K->195728K(579584K), 0.0051628 secs] [Times: user=0.01 sys=0.02, real=0.01 secs] 
2019-01-03T02:33:54.990+0900: 207081.517: [GC (Allocation Failure) [PSYoungGen: 78208K->2368K(78336K)] 271504K->195832K(579584K), 0.0056258 secs] [Times: user=0.01 sys=0.02, real=0.01 secs] 
2019-01-03T02:34:13.960+0900: 207100.486: [GC (Allocation Failure) [PSYoungGen: 78144K->2432K(78336K)] 271608K->196088K(579584K), 0.0051945 secs] [Times: user=0.04 sys=0.00, real=0.01 secs] 
2019-01-03T02:34:32.956+0900: 207119.483: [GC (Allocation Failure) [PSYoungGen: 78208K->2432K(78336K)] 271864K->196264K(579584K), 0.0051164 secs] [Times: user=0.01 sys=0.02, real=0.00 secs] 
2019-01-03T02:34:51.890+0900: 207138.417: [GC (Allocation Failure) [PSYoungGen: 78208K->2368K(78336K)] 272040K->196392K(579584K), 0.0054715 secs] [Times: user=0.01 sys=0.03, real=0.01 secs] 
2019-01-03T02:35:10.838+0900: 207157.365: [GC (Allocation Failure) [PSYoungGen: 78144K->2400K(78336K)] 272168K->196608K(579584K), 0.0044117 secs] [Times: user=0.01 sys=0.02, real=0.00 secs] 
2019-01-03T02:35:29.849+0900: 207176.376: [GC (Allocation Failure) [PSYoungGen: 78176K->2400K(78336K)] 272384K->196784K(579584K), 0.0052873 secs] [Times: user=0.03 sys=0.00, real=0.01 secs] 
2019-01-03T02:35:48.842+0900: 207195.369: [GC (Allocation Failure) [PSYoungGen: 78176K->2464K(78336K)] 272560K->197048K(579584K), 0.0052422 secs] [Times: user=0.03 sys=0.00, real=0.01 secs] 
2019-01-03T02:36:07.871+0900: 207214.398: [GC (Allocation Failure) [PSYoungGen: 78240K->2400K(78336K)] 272824K->197168K(579584K), 0.0050056 secs] [Times: user=0.01 sys=0.03, real=0.01 secs] 
2019-01-03T02:36:26.820+0900: 207233.347: [GC (Allocation Failure) [PSYoungGen: 78176K->2400K(78336K)] 272944K->197352K(579584K), 0.0049705 secs] [Times: user=0.01 sys=0.03, real=0.01 secs] 
2019-01-03T02:36:45.832+0900: 207252.359: [GC (Allocation Failure) [PSYoungGen: 78176K->2432K(78336K)] 273128K->197576K(579584K), 0.0049446 secs] [Times: user=0.01 sys=0.03, real=0.01 secs] 
2019-01-03T02:37:04.857+0900: 207271.384: [GC (Allocation Failure) [PSYoungGen: 78208K->2400K(78336K)] 273352K->197728K(579584K), 0.0050121 secs] [Times: user=0.03 sys=0.00, real=0.00 secs] 
2019-01-03T02:37:23.848+0900: 207290.375: [GC (Allocation Failure) [PSYoungGen: 78176K->2368K(78336K)] 273504K->197896K(579584K), 0.0051519 secs] [Times: user=0.01 sys=0.03, real=0.00 secs] 
2019-01-03T02:37:42.664+0900: 207309.191: [GC (Allocation Failure) [PSYoungGen: 78144K->2432K(78336K)] 273672K->198128K(579584K), 0.0061394 secs] [Times: user=0.04 sys=0.00, real=0.00 secs] 
2019-01-03T02:38:01.558+0900: 207328.085: [GC (Allocation Failure) [PSYoungGen: 78208K->2432K(78336K)] 273904K->198304K(579584K), 0.0041951 secs] [Times: user=0.01 sys=0.02, real=0.00 secs] 
2019-01-03T02:38:20.553+0900: 207347.080: [GC (Allocation Failure) [PSYoungGen: 78208K->2400K(78336K)] 274080K->198448K(579584K), 0.0047891 secs] [Times: user=0.01 sys=0.02, real=0.01 secs] 
2019-01-03T02:38:39.551+0900: 207366.077: [GC (Allocation Failure) [PSYoungGen: 78176K->2368K(78336K)] 274224K->198600K(579584K), 0.0050692 secs] [Times: user=0.00 sys=0.03, real=0.01 secs] 
2019-01-03T02:38:58.519+0900: 207385.046: [GC (Allocation Failure) [PSYoungGen: 78144K->2368K(78336K)] 274376K->198784K(579584K), 0.0057458 secs] [Times: user=0.01 sys=0.02, real=0.01 secs] 
2019-01-03T02:39:17.486+0900: 207404.013: [GC (Allocation Failure) [PSYoungGen: 78144K->2432K(78336K)] 274560K->199040K(579584K), 0.0047466 secs] [Times: user=0.01 sys=0.02, real=0.00 secs] 
2019-01-03T02:39:36.476+0900: 207423.003: [GC (Allocation Failure) [PSYoungGen: 78208K->2400K(78336K)] 274816K->199192K(579584K), 0.0051123 secs] [Times: user=0.01 sys=0.03, real=0.00 secs] 
2019-01-03T02:39:55.453+0900: 207441.980: [GC (Allocation Failure) [PSYoungGen: 78176K->2368K(78336K)] 274968K->199344K(579584K), 0.0051034 secs] [Times: user=0.01 sys=0.03, real=0.01 secs] 
2019-01-03T02:40:14.379+0900: 207460.905: [GC (Allocation Failure) [PSYoungGen: 78144K->2400K(78336K)] 275120K->199568K(579584K), 0.0052350 secs] [Times: user=0.00 sys=0.03, real=0.01 secs] 
2019-01-03T02:40:33.316+0900: 207479.843: [GC (Allocation Failure) [PSYoungGen: 78176K->2464K(78336K)] 275344K->199816K(579584K), 0.0049146 secs] [Times: user=0.01 sys=0.03, real=0.00 secs] 
2019-01-03T02:40:52.287+0900: 207498.813: [GC (Allocation Failure) [PSYoungGen: 78240K->2400K(78336K)] 275592K->199936K(579584K), 0.0051258 secs] [Times: user=0.01 sys=0.03, real=0.00 secs] 
2019-01-03T02:41:11.238+0900: 207517.765: [GC (Allocation Failure) [PSYoungGen: 78176K->2432K(78336K)] 275712K->200152K(579584K), 0.0052355 secs] [Times: user=0.01 sys=0.03, real=0.00 secs] 
2019-01-03T02:41:30.216+0900: 207536.743: [GC (Allocation Failure) [PSYoungGen: 78208K->2400K(78336K)] 275928K->200312K(579584K), 0.0055039 secs] [Times: user=0.00 sys=0.02, real=0.00 secs] 
2019-01-03T02:41:49.092+0900: 207555.619: [GC (Allocation Failure) [PSYoungGen: 78176K->2464K(78336K)] 276088K->200552K(579584K), 0.0052702 secs] [Times: user=0.01 sys=0.03, real=0.01 secs] 
2019-01-03T02:42:08.007+0900: 207574.533: [GC (Allocation Failure) [PSYoungGen: 78240K->2400K(78336K)] 276328K->200672K(579584K), 0.0055785 secs] [Times: user=0.04 sys=0.00, real=0.00 secs] 
2019-01-03T02:42:26.982+0900: 207593.509: [GC (Allocation Failure) [PSYoungGen: 78176K->2400K(78336K)] 276448K->200848K(579584K), 0.0055836 secs] [Times: user=0.04 sys=0.00, real=0.01 secs] 
2019-01-03T02:42:45.974+0900: 207612.501: [GC (Allocation Failure) [PSYoungGen: 78176K->2400K(78336K)] 276624K->201024K(579584K), 0.0052452 secs] [Times: user=0.01 sys=0.03, real=0.00 secs] 
2019-01-03T02:43:04.928+0900: 207631.455: [GC (Allocation Failure) [PSYoungGen: 78176K->2432K(78336K)] 276800K->201224K(579584K), 0.0051403 secs] [Times: user=0.01 sys=0.02, real=0.00 secs] 
2019-01-03T02:43:23.746+0900: 207650.273: [GC (Allocation Failure) [PSYoungGen: 78208K->2400K(78336K)] 277000K->201376K(579584K), 0.0048080 secs] [Times: user=0.00 sys=0.02, real=0.00 secs] 
2019-01-03T02:43:42.594+0900: 207669.121: [GC (Allocation Failure) [PSYoungGen: 78176K->2432K(78336K)] 277152K->201576K(579584K), 0.0055847 secs] [Times: user=0.00 sys=0.03, real=0.00 secs] 
2019-01-03T02:44:01.616+0900: 207688.143: [GC (Allocation Failure) [PSYoungGen: 78208K->2400K(78336K)] 277352K->201736K(579584K), 0.0050681 secs] [Times: user=0.01 sys=0.02, real=0.00 secs] 
2019-01-03T02:44:20.580+0900: 207707.106: [GC (Allocation Failure) [PSYoungGen: 78176K->2464K(78336K)] 277512K->201984K(579584K), 0.0050690 secs] [Times: user=0.04 sys=0.00, real=0.01 secs] 
2019-01-03T02:44:39.381+0900: 207725.908: [GC (Allocation Failure) [PSYoungGen: 78240K->2432K(78336K)] 277760K->202136K(579584K), 0.0042614 secs] [Times: user=0.00 sys=0.03, real=0.01 secs] 
2019-01-03T02:44:58.282+0900: 207744.808: [GC (Allocation Failure) [PSYoungGen: 78208K->2400K(78336K)] 277912K->202280K(579584K), 0.0050312 secs] [Times: user=0.01 sys=0.03, real=0.01 secs] 
2019-01-03T02:45:17.218+0900: 207763.745: [GC (Allocation Failure) [PSYoungGen: 78176K->2432K(78336K)] 278056K->202504K(579584K), 0.0049615 secs] [Times: user=0.01 sys=0.03, real=0.00 secs] 
2019-01-03T02:45:36.195+0900: 207782.722: [GC (Allocation Failure) [PSYoungGen: 78208K->2400K(78336K)] 278280K->202656K(579584K), 0.0052457 secs] [Times: user=0.01 sys=0.03, real=0.00 secs] 
2019-01-03T02:45:55.139+0900: 207801.666: [GC (Allocation Failure) [PSYoungGen: 78176K->2464K(78336K)] 278432K->202912K(579584K), 0.0056333 secs] [Times: user=0.00 sys=0.02, real=0.01 secs] 
2019-01-03T02:46:14.135+0900: 207820.662: [GC (Allocation Failure) [PSYoungGen: 78240K->2464K(78336K)] 278688K->203088K(579584K), 0.0050087 secs] [Times: user=0.01 sys=0.02, real=0.00 secs] 
2019-01-03T02:46:33.131+0900: 207839.658: [GC (Allocation Failure) [PSYoungGen: 78240K->2400K(78336K)] 278864K->203208K(579584K), 0.0053445 secs] [Times: user=0.01 sys=0.03, real=0.01 secs] 
2019-01-03T02:46:52.139+0900: 207858.666: [GC (Allocation Failure) [PSYoungGen: 78176K->2400K(78336K)] 278984K->203400K(579584K), 0.0052589 secs] [Times: user=0.04 sys=0.00, real=0.01 secs] 
2019-01-03T02:47:11.138+0900: 207877.665: [GC (Allocation Failure) [PSYoungGen: 78176K->2432K(78336K)] 279176K->203632K(579584K), 0.0055534 secs] [Times: user=0.04 sys=0.00, real=0.01 secs] 
2019-01-03T02:47:30.043+0900: 207896.570: [GC (Allocation Failure) [PSYoungGen: 78208K->2464K(78336K)] 279408K->203848K(579584K), 0.0052308 secs] [Times: user=0.01 sys=0.03, real=0.01 secs] 
2019-01-03T02:47:49.089+0900: 207915.616: [GC (Allocation Failure) [PSYoungGen: 78240K->2400K(78336K)] 279624K->203968K(579584K), 0.0055614 secs] [Times: user=0.01 sys=0.03, real=0.01 secs] 
2019-01-03T02:48:07.791+0900: 207934.317: [GC (Allocation Failure) [PSYoungGen: 78176K->2432K(78336K)] 279744K->204168K(579584K), 0.0051617 secs] [Times: user=0.01 sys=0.02, real=0.01 secs] 
2019-01-03T02:48:26.727+0900: 207953.253: [GC (Allocation Failure) [PSYoungGen: 78208K->2432K(78336K)] 279944K->204352K(579584K), 0.0050869 secs] [Times: user=0.00 sys=0.03, real=0.00 secs] 
2019-01-03T02:48:45.688+0900: 207972.215: [GC (Allocation Failure) [PSYoungGen: 78208K->2400K(78336K)] 280128K->204504K(579584K), 0.0049546 secs] [Times: user=0.03 sys=0.00, real=0.00 secs] 
2019-01-03T02:49:04.664+0900: 207991.191: [GC (Allocation Failure) [PSYoungGen: 78176K->2432K(78336K)] 280280K->204728K(579584K), 0.0053438 secs] [Times: user=0.04 sys=0.00, real=0.00 secs] 
2019-01-03T02:49:23.584+0900: 208010.111: [GC (Allocation Failure) [PSYoungGen: 78208K->2400K(78336K)] 280504K->204872K(579584K), 0.0053029 secs] [Times: user=0.01 sys=0.03, real=0.00 secs] 
2019-01-03T02:49:42.550+0900: 208029.077: [GC (Allocation Failure) [PSYoungGen: 78176K->2464K(78336K)] 280648K->205120K(579584K), 0.0056410 secs] [Times: user=0.01 sys=0.02, real=0.01 secs] 
2019-01-03T02:50:01.397+0900: 208047.924: [GC (Allocation Failure) [PSYoungGen: 78240K->2400K(78336K)] 280896K->205240K(579584K), 0.0048789 secs] [Times: user=0.03 sys=0.00, real=0.00 secs] 
2019-01-03T02:50:20.233+0900: 208066.760: [GC (Allocation Failure) [PSYoungGen: 78176K->2400K(78336K)] 281016K->205424K(579584K), 0.0052026 secs] [Times: user=0.01 sys=0.03, real=0.01 secs] 
2019-01-03T02:50:39.201+0900: 208085.728: [GC (Allocation Failure) [PSYoungGen: 78176K->2432K(78336K)] 281200K->205656K(579584K), 0.0049192 secs] [Times: user=0.01 sys=0.02, real=0.01 secs] 
2019-01-03T02:50:58.159+0900: 208104.685: [GC (Allocation Failure) [PSYoungGen: 78208K->2432K(78336K)] 281432K->205848K(579584K), 0.0053019 secs] [Times: user=0.01 sys=0.03, real=0.01 secs] 
2019-01-03T02:51:17.115+0900: 208123.641: [GC (Allocation Failure) [PSYoungGen: 78208K->2400K(78336K)] 281624K->206008K(579584K), 0.0052301 secs] [Times: user=0.01 sys=0.03, real=0.00 secs] 
2019-01-03T02:51:35.807+0900: 208142.333: [GC (Allocation Failure) [PSYoungGen: 78176K->2368K(78336K)] 281784K->206160K(579584K), 0.0052142 secs] [Times: user=0.01 sys=0.02, real=0.00 secs] 
2019-01-03T02:51:54.615+0900: 208161.142: [GC (Allocation Failure) [PSYoungGen: 78144K->2400K(78336K)] 281936K->206376K(579584K), 0.0052640 secs] [Times: user=0.03 sys=0.00, real=0.00 secs] 
2019-01-03T02:52:13.549+0900: 208180.076: [GC (Allocation Failure) [PSYoungGen: 78176K->2400K(78336K)] 282152K->206568K(579584K), 0.0053556 secs] [Times: user=0.04 sys=0.00, real=0.01 secs] 
2019-01-03T02:52:32.514+0900: 208199.040: [GC (Allocation Failure) [PSYoungGen: 78176K->2400K(78336K)] 282344K->206752K(579584K), 0.0053442 secs] [Times: user=0.03 sys=0.00, real=0.00 secs] 
2019-01-03T02:52:51.461+0900: 208217.988: [GC (Allocation Failure) [PSYoungGen: 78176K->2368K(78336K)] 282528K->206912K(579584K), 0.0053900 secs] [Times: user=0.01 sys=0.03, real=0.01 secs] 
2019-01-03T02:53:10.380+0900: 208236.907: [GC (Allocation Failure) [PSYoungGen: 78144K->2400K(78336K)] 282688K->207128K(579584K), 0.0049779 secs] [Times: user=0.01 sys=0.02, real=0.01 secs] 
2019-01-03T02:53:29.337+0900: 208255.864: [GC (Allocation Failure) [PSYoungGen: 78176K->2368K(78336K)] 282904K->207280K(579584K), 0.0054109 secs] [Times: user=0.01 sys=0.02, real=0.00 secs] 
2019-01-03T02:53:48.300+0900: 208274.826: [GC (Allocation Failure) [PSYoungGen: 78144K->2400K(78336K)] 283056K->207496K(579584K), 0.0051009 secs] [Times: user=0.03 sys=0.00, real=0.01 secs] 
2019-01-03T02:54:07.264+0900: 208293.790: [GC (Allocation Failure) [PSYoungGen: 78176K->2432K(78336K)] 283272K->207712K(579584K), 0.0051324 secs] [Times: user=0.04 sys=0.00, real=0.00 secs] 
2019-01-03T02:54:26.222+0900: 208312.749: [GC (Allocation Failure) [PSYoungGen: 78208K->2432K(78336K)] 283488K->207888K(579584K), 0.0053632 secs] [Times: user=0.03 sys=0.00, real=0.01 secs] 
2019-01-03T02:54:45.209+0900: 208331.736: [GC (Allocation Failure) [PSYoungGen: 78208K->2464K(78336K)] 283664K->208096K(579584K), 0.0051806 secs] [Times: user=0.01 sys=0.03, real=0.01 secs] 
2019-01-03T02:55:04.196+0900: 208350.722: [GC (Allocation Failure) [PSYoungGen: 78240K->2432K(78336K)] 283872K->208248K(579584K), 0.0052511 secs] [Times: user=0.04 sys=0.00, real=0.00 secs] 
2019-01-03T02:55:23.230+0900: 208369.757: [GC (Allocation Failure) [PSYoungGen: 78208K->2464K(78336K)] 284024K->208456K(579584K), 0.0051911 secs] [Times: user=0.00 sys=0.02, real=0.01 secs] 
2019-01-03T02:55:41.965+0900: 208388.492: [GC (Allocation Failure) [PSYoungGen: 78240K->2432K(78336K)] 284232K->208600K(579584K), 0.0050167 secs] [Times: user=0.04 sys=0.00, real=0.00 secs] 
2019-01-03T02:56:00.843+0900: 208407.370: [GC (Allocation Failure) [PSYoungGen: 78208K->2432K(78336K)] 284376K->208792K(579584K), 0.0052720 secs] [Times: user=0.04 sys=0.00, real=0.01 secs] 
2019-01-03T02:56:19.790+0900: 208426.316: [GC (Allocation Failure) [PSYoungGen: 78208K->2368K(78336K)] 284568K->208904K(579584K), 0.0049808 secs] [Times: user=0.00 sys=0.03, real=0.01 secs] 
2019-01-03T02:56:38.742+0900: 208445.269: [GC (Allocation Failure) [PSYoungGen: 78144K->2464K(78336K)] 284680K->209200K(579584K), 0.0055589 secs] [Times: user=0.01 sys=0.03, real=0.01 secs] 
2019-01-03T02:56:57.671+0900: 208464.197: [GC (Allocation Failure) [PSYoungGen: 78240K->2432K(78336K)] 284976K->209336K(579584K), 0.0048139 secs] [Times: user=0.03 sys=0.00, real=0.01 secs] 
2019-01-03T02:57:16.587+0900: 208483.113: [GC (Allocation Failure) [PSYoungGen: 78208K->2368K(78336K)] 285112K->209456K(579584K), 0.0052135 secs] [Times: user=0.01 sys=0.03, real=0.00 secs] 
2019-01-03T02:57:35.579+0900: 208502.105: [GC (Allocation Failure) [PSYoungGen: 78144K->2432K(78336K)] 285232K->209696K(579584K), 0.0051092 secs] [Times: user=0.01 sys=0.03, real=0.01 secs] 
2019-01-03T02:57:54.508+0900: 208521.035: [GC (Allocation Failure) [PSYoungGen: 78208K->2432K(78336K)] 285472K->209880K(579584K), 0.0047884 secs] [Times: user=0.01 sys=0.03, real=0.00 secs] 
2019-01-03T02:58:13.376+0900: 208539.902: [GC (Allocation Failure) [PSYoungGen: 78208K->2496K(78336K)] 285656K->210136K(579584K), 0.0051154 secs] [Times: user=0.01 sys=0.02, real=0.00 secs] 
2019-01-03T02:58:32.312+0900: 208558.839: [GC (Allocation Failure) [PSYoungGen: 78272K->2400K(78336K)] 285912K->210224K(579584K), 0.0054360 secs] [Times: user=0.04 sys=0.00, real=0.01 secs] 
2019-01-03T02:58:51.184+0900: 208577.710: [GC (Allocation Failure) [PSYoungGen: 78176K->2400K(78336K)] 286000K->210416K(579584K), 0.0077870 secs] [Times: user=0.06 sys=0.00, real=0.00 secs] 
2019-01-03T02:59:10.161+0900: 208596.688: [GC (Allocation Failure) [PSYoungGen: 78176K->2400K(78336K)] 286192K->210600K(579584K), 0.0052899 secs] [Times: user=0.00 sys=0.03, real=0.01 secs] 
2019-01-03T02:59:29.126+0900: 208615.652: [GC (Allocation Failure) [PSYoungGen: 78176K->2400K(78336K)] 286376K->210784K(579584K), 0.0057672 secs] [Times: user=0.01 sys=0.03, real=0.00 secs] 
2019-01-03T02:59:48.094+0900: 208634.621: [GC (Allocation Failure) [PSYoungGen: 78176K->2368K(78336K)] 286560K->210928K(579584K), 0.0053241 secs] [Times: user=0.01 sys=0.03, real=0.00 secs] 
2019-01-03T03:00:07.035+0900: 208653.561: [GC (Allocation Failure) [PSYoungGen: 78144K->2368K(78336K)] 286704K->211120K(579584K), 0.0052941 secs] [Times: user=0.01 sys=0.03, real=0.00 secs] 
2019-01-03T03:00:25.922+0900: 208672.449: [GC (Allocation Failure) [PSYoungGen: 78144K->2368K(78336K)] 286896K->211296K(579584K), 0.0050713 secs] [Times: user=0.00 sys=0.03, real=0.01 secs] 
2019-01-03T03:00:44.898+0900: 208691.425: [GC (Allocation Failure) [PSYoungGen: 78144K->2432K(78336K)] 287072K->211536K(579584K), 0.0049501 secs] [Times: user=0.01 sys=0.02, real=0.00 secs] 
2019-01-03T03:01:03.889+0900: 208710.416: [GC (Allocation Failure) [PSYoungGen: 78208K->2368K(78336K)] 287312K->211648K(579584K), 0.0057037 secs] [Times: user=0.01 sys=0.03, real=0.01 secs] 
2019-01-03T03:01:22.785+0900: 208729.312: [GC (Allocation Failure) [PSYoungGen: 78144K->2400K(78336K)] 287424K->211872K(579584K), 0.0044886 secs] [Times: user=0.00 sys=0.03, real=0.00 secs] 
2019-01-03T03:01:41.678+0900: 208748.205: [GC (Allocation Failure) [PSYoungGen: 78176K->2400K(78336K)] 287648K->212064K(579584K), 0.0050092 secs] [Times: user=0.01 sys=0.02, real=0.00 secs] 
2019-01-03T03:02:00.642+0900: 208767.169: [GC (Allocation Failure) [PSYoungGen: 78176K->2464K(78336K)] 287840K->212312K(579584K), 0.0056206 secs] [Times: user=0.04 sys=0.00, real=0.01 secs] 
2019-01-03T03:02:19.647+0900: 208786.174: [GC (Allocation Failure) [PSYoungGen: 78240K->2400K(78336K)] 288088K->212424K(579584K), 0.0052422 secs] [Times: user=0.03 sys=0.00, real=0.00 secs] 
2019-01-03T03:02:38.621+0900: 208805.148: [GC (Allocation Failure) [PSYoungGen: 78176K->2432K(78336K)] 288200K->212648K(579584K), 0.0056819 secs] [Times: user=0.01 sys=0.02, real=0.01 secs] 
2019-01-03T03:02:57.391+0900: 208823.917: [GC (Allocation Failure) [PSYoungGen: 78208K->2560K(77824K)] 288424K->213048K(579072K), 0.0060670 secs] [Times: user=0.01 sys=0.03, real=0.01 secs] 
2019-01-03T03:03:16.250+0900: 208842.777: [GC (Allocation Failure) [PSYoungGen: 77824K->2464K(78336K)] 288312K->213272K(579584K), 0.0054198 secs] [Times: user=0.01 sys=0.03, real=0.01 secs] 
2019-01-03T03:03:35.126+0900: 208861.653: [GC (Allocation Failure) [PSYoungGen: 77728K->2560K(78336K)] 288536K->213368K(579584K), 0.0051031 secs] [Times: user=0.04 sys=0.00, real=0.00 secs] 
2019-01-03T03:03:53.625+0900: 208880.152: [GC (Allocation Failure) [PSYoungGen: 77824K->2464K(78336K)] 288632K->213448K(579584K), 0.0049512 secs] [Times: user=0.01 sys=0.03, real=0.00 secs] 
2019-01-03T03:04:12.390+0900: 208898.917: [GC (Allocation Failure) [PSYoungGen: 77728K->2464K(78336K)] 288712K->213632K(579584K), 0.0051795 secs] [Times: user=0.03 sys=0.00, real=0.01 secs] 
2019-01-03T03:04:31.124+0900: 208917.651: [GC (Allocation Failure) [PSYoungGen: 77728K->2368K(78336K)] 288896K->213720K(579584K), 0.0056880 secs] [Times: user=0.04 sys=0.00, real=0.00 secs] 
2019-01-03T03:04:49.913+0900: 208936.439: [GC (Allocation Failure) [PSYoungGen: 77632K->2240K(78336K)] 288984K->213776K(579584K), 0.0053869 secs] [Times: user=0.01 sys=0.03, real=0.01 secs] 
2019-01-03T03:05:08.746+0900: 208955.272: [GC (Allocation Failure) [PSYoungGen: 77504K->2208K(78336K)] 289040K->213928K(579584K), 0.0057361 secs] [Times: user=0.01 sys=0.03, real=0.00 secs] 
2019-01-03T03:05:27.534+0900: 208974.061: [GC (Allocation Failure) [PSYoungGen: 77472K->2144K(78336K)] 289192K->214048K(579584K), 0.0051453 secs] [Times: user=0.03 sys=0.00, real=0.00 secs] 
2019-01-03T03:05:46.361+0900: 208992.888: [GC (Allocation Failure) [PSYoungGen: 77408K->2048K(78336K)] 289312K->214144K(579584K), 0.0049840 secs] [Times: user=0.01 sys=0.02, real=0.01 secs] 
2019-01-03T03:06:05.178+0900: 209011.704: [GC (Allocation Failure) [PSYoungGen: 77312K->2048K(78336K)] 289408K->214336K(579584K), 0.0051105 secs] [Times: user=0.01 sys=0.03, real=0.00 secs] 
2019-01-03T03:06:23.979+0900: 209030.506: [GC (Allocation Failure) [PSYoungGen: 77312K->1920K(78336K)] 289600K->214392K(579584K), 0.0052235 secs] [Times: user=0.01 sys=0.03, real=0.01 secs] 
2019-01-03T03:06:42.683+0900: 209049.209: [GC (Allocation Failure) [PSYoungGen: 77184K->1856K(78336K)] 289656K->214528K(579584K), 0.0049805 secs] [Times: user=0.00 sys=0.03, real=0.01 secs] 
2019-01-03T03:07:01.496+0900: 209068.022: [GC (Allocation Failure) [PSYoungGen: 77120K->1792K(78336K)] 289792K->214656K(579584K), 0.0048946 secs] [Times: user=0.01 sys=0.02, real=0.00 secs] 
2019-01-03T03:07:20.328+0900: 209086.855: [GC (Allocation Failure) [PSYoungGen: 77056K->1664K(78336K)] 289920K->214712K(579584K), 0.0047513 secs] [Times: user=0.03 sys=0.00, real=0.00 secs] 
2019-01-03T03:07:39.216+0900: 209105.743: [GC (Allocation Failure) [PSYoungGen: 76928K->1504K(78336K)] 289976K->214880K(579584K), 0.0052601 secs] [Times: user=0.01 sys=0.02, real=0.00 secs] 
2019-01-03T03:07:57.893+0900: 209124.419: [GC (Allocation Failure) [PSYoungGen: 76768K->1632K(78336K)] 290144K->215120K(579584K), 0.0041480 secs] [Times: user=0.01 sys=0.02, real=0.01 secs] 
2019-01-03T03:08:16.663+0900: 209143.190: [GC (Allocation Failure) [PSYoungGen: 76896K->1632K(78336K)] 290384K->215240K(579584K), 0.0040541 secs] [Times: user=0.01 sys=0.02, real=0.01 secs] 
2019-01-03T03:08:35.504+0900: 209162.031: [GC (Allocation Failure) [PSYoungGen: 76896K->1696K(78336K)] 290504K->215416K(579584K), 0.0044072 secs] [Times: user=0.03 sys=0.00, real=0.00 secs] 
2019-01-03T03:08:54.360+0900: 209180.886: [GC (Allocation Failure) [PSYoungGen: 76960K->1728K(78336K)] 290680K->215576K(579584K), 0.0042520 secs] [Times: user=0.00 sys=0.02, real=0.01 secs] 
2019-01-03T03:09:13.177+0900: 209199.704: [GC (Allocation Failure) [PSYoungGen: 76992K->1792K(78336K)] 290840K->215752K(579584K), 0.0043492 secs] [Times: user=0.00 sys=0.02, real=0.00 secs] 
2019-01-03T03:09:32.002+0900: 209218.529: [GC (Allocation Failure) [PSYoungGen: 77056K->1856K(78336K)] 291016K->215928K(579584K), 0.0044642 secs] [Times: user=0.03 sys=0.00, real=0.01 secs] 
2019-01-03T03:09:50.834+0900: 209237.360: [GC (Allocation Failure) [PSYoungGen: 77120K->1920K(78336K)] 291192K->216104K(579584K), 0.0045739 secs] [Times: user=0.00 sys=0.02, real=0.00 secs] 
2019-01-03T03:10:09.751+0900: 209256.277: [GC (Allocation Failure) [PSYoungGen: 77184K->2048K(77312K)] 291368K->216344K(578560K), 0.0051113 secs] [Times: user=0.03 sys=0.00, real=0.01 secs] 
2019-01-03T03:10:28.599+0900: 209275.125: [GC (Allocation Failure) [PSYoungGen: 77312K->2080K(77824K)] 291608K->216488K(579072K), 0.0047694 secs] [Times: user=0.00 sys=0.02, real=0.00 secs] 
2019-01-03T03:10:47.308+0900: 209293.835: [GC (Allocation Failure) [PSYoungGen: 77344K->2176K(77824K)] 291752K->216696K(579072K), 0.0045788 secs] [Times: user=0.03 sys=0.00, real=0.00 secs] 
2019-01-03T03:11:06.101+0900: 209312.628: [GC (Allocation Failure) [PSYoungGen: 77440K->2208K(78336K)] 291960K->216856K(579584K), 0.0050432 secs] [Times: user=0.01 sys=0.03, real=0.01 secs] 
2019-01-03T03:11:24.784+0900: 209331.310: [GC (Allocation Failure) [PSYoungGen: 77472K->2240K(78336K)] 292120K->217024K(579584K), 0.0047118 secs] [Times: user=0.01 sys=0.03, real=0.00 secs] 
2019-01-03T03:11:43.496+0900: 209350.023: [GC (Allocation Failure) [PSYoungGen: 77504K->2336K(78336K)] 292288K->217248K(579584K), 0.0049489 secs] [Times: user=0.01 sys=0.02, real=0.00 secs] 
2019-01-03T03:12:02.348+0900: 209368.875: [GC (Allocation Failure) [PSYoungGen: 77600K->2336K(78336K)] 292512K->217400K(579584K), 0.0050974 secs] [Times: user=0.03 sys=0.00, real=0.00 secs] 
2019-01-03T03:12:21.342+0900: 209387.869: [GC (Allocation Failure) [PSYoungGen: 77600K->2368K(78336K)] 292664K->217584K(579584K), 0.0053423 secs] [Times: user=0.01 sys=0.02, real=0.01 secs] 
2019-01-03T03:12:39.867+0900: 209406.394: [GC (Allocation Failure) [PSYoungGen: 77632K->2368K(78336K)] 292848K->217776K(579584K), 0.0053705 secs] [Times: user=0.03 sys=0.00, real=0.00 secs] 
2019-01-03T03:12:58.561+0900: 209425.088: [GC (Allocation Failure) [PSYoungGen: 77632K->2368K(78336K)] 293040K->217968K(579584K), 0.0052915 secs] [Times: user=0.03 sys=0.00, real=0.01 secs] 
2019-01-03T03:13:17.326+0900: 209443.852: [GC (Allocation Failure) [PSYoungGen: 77632K->2336K(78336K)] 293232K->218128K(579584K), 0.0048300 secs] [Times: user=0.01 sys=0.02, real=0.00 secs] 
2019-01-03T03:13:36.115+0900: 209462.641: [GC (Allocation Failure) [PSYoungGen: 77600K->2368K(78336K)] 293392K->218336K(579584K), 0.0057230 secs] [Times: user=0.01 sys=0.03, real=0.00 secs] 
2019-01-03T03:13:54.940+0900: 209481.467: [GC (Allocation Failure) [PSYoungGen: 77632K->2368K(78336K)] 293600K->218512K(579584K), 0.0053245 secs] [Times: user=0.01 sys=0.03, real=0.01 secs] 
2019-01-03T03:14:13.816+0900: 209500.343: [GC (Allocation Failure) [PSYoungGen: 77632K->2400K(78336K)] 293776K->218728K(579584K), 0.0050010 secs] [Times: user=0.01 sys=0.03, real=0.00 secs] 
2019-01-03T03:14:32.649+0900: 209519.176: [GC (Allocation Failure) [PSYoungGen: 77664K->2432K(78336K)] 293992K->218952K(579584K), 0.0052988 secs] [Times: user=0.01 sys=0.03, real=0.01 secs] 
2019-01-03T03:14:51.466+0900: 209537.993: [GC (Allocation Failure) [PSYoungGen: 77696K->2400K(78336K)] 294216K->219096K(579584K), 0.0050661 secs] [Times: user=0.01 sys=0.03, real=0.00 secs] 
2019-01-03T03:15:10.242+0900: 209556.769: [GC (Allocation Failure) [PSYoungGen: 77664K->2336K(78336K)] 294360K->219208K(579584K), 0.0057074 secs] [Times: user=0.04 sys=0.00, real=0.01 secs] 
2019-01-03T03:15:29.114+0900: 209575.640: [GC (Allocation Failure) [PSYoungGen: 77600K->2368K(78336K)] 294472K->219432K(579584K), 0.0049027 secs] [Times: user=0.01 sys=0.02, real=0.00 secs] 
2019-01-03T03:15:47.805+0900: 209594.332: [GC (Allocation Failure) [PSYoungGen: 77632K->2400K(78336K)] 294696K->219640K(579584K), 0.0044931 secs] [Times: user=0.01 sys=0.02, real=0.00 secs] 
2019-01-03T03:16:06.565+0900: 209613.091: [GC (Allocation Failure) [PSYoungGen: 77664K->2400K(78336K)] 294904K->219808K(579584K), 0.0057132 secs] [Times: user=0.00 sys=0.02, real=0.00 secs] 
2019-01-03T03:16:25.384+0900: 209631.911: [GC (Allocation Failure) [PSYoungGen: 77664K->2400K(78336K)] 295072K->219992K(579584K), 0.0054933 secs] [Times: user=0.01 sys=0.03, real=0.00 secs] 
2019-01-03T03:16:44.166+0900: 209650.693: [GC (Allocation Failure) [PSYoungGen: 77664K->2368K(78336K)] 295256K->220160K(579584K), 0.0055180 secs] [Times: user=0.03 sys=0.00, real=0.00 secs] 
2019-01-03T03:17:02.963+0900: 209669.489: [GC (Allocation Failure) [PSYoungGen: 77632K->2400K(78336K)] 295424K->220384K(579584K), 0.0049990 secs] [Times: user=0.01 sys=0.02, real=0.01 secs] 
2019-01-03T03:17:21.762+0900: 209688.288: [GC (Allocation Failure) [PSYoungGen: 77664K->2368K(78336K)] 295648K->220536K(579584K), 0.0050691 secs] [Times: user=0.00 sys=0.03, real=0.01 secs] 
2019-01-03T03:17:40.586+0900: 209707.113: [GC (Allocation Failure) [PSYoungGen: 77632K->2368K(78336K)] 295800K->220712K(579584K), 0.0051842 secs] [Times: user=0.01 sys=0.03, real=0.00 secs] 
2019-01-03T03:17:59.398+0900: 209725.925: [GC (Allocation Failure) [PSYoungGen: 77632K->2432K(78336K)] 295976K->220968K(579584K), 0.0054449 secs] [Times: user=0.01 sys=0.03, real=0.01 secs] 
2019-01-03T03:18:18.114+0900: 209744.641: [GC (Allocation Failure) [PSYoungGen: 77696K->2368K(78336K)] 296232K->221072K(579584K), 0.0054702 secs] [Times: user=0.04 sys=0.00, real=0.00 secs] 
2019-01-03T03:18:36.905+0900: 209763.432: [GC (Allocation Failure) [PSYoungGen: 77632K->2368K(78336K)] 296336K->221248K(579584K), 0.0056072 secs] [Times: user=0.01 sys=0.03, real=0.00 secs] 
2019-01-03T03:18:55.710+0900: 209782.236: [GC (Allocation Failure) [PSYoungGen: 77632K->2400K(78336K)] 296512K->221456K(579584K), 0.0047998 secs] [Times: user=0.01 sys=0.03, real=0.01 secs] 
2019-01-03T03:19:14.551+0900: 209801.078: [GC (Allocation Failure) [PSYoungGen: 77664K->2432K(78336K)] 296720K->221664K(579584K), 0.0052934 secs] [Times: user=0.01 sys=0.03, real=0.01 secs] 
2019-01-03T03:19:33.385+0900: 209819.911: [GC (Allocation Failure) [PSYoungGen: 77696K->2400K(78336K)] 296928K->221832K(579584K), 0.0049088 secs] [Times: user=0.01 sys=0.03, real=0.00 secs] 
2019-01-03T03:19:52.246+0900: 209838.773: [GC (Allocation Failure) [PSYoungGen: 77664K->2400K(78336K)] 297096K->222024K(579584K), 0.0053308 secs] [Times: user=0.01 sys=0.02, real=0.00 secs] 
2019-01-03T03:20:11.027+0900: 209857.554: [GC (Allocation Failure) [PSYoungGen: 77664K->2400K(78336K)] 297288K->222208K(579584K), 0.0053834 secs] [Times: user=0.01 sys=0.03, real=0.00 secs] 
2019-01-03T03:20:29.808+0900: 209876.334: [GC (Allocation Failure) [PSYoungGen: 77664K->2368K(78336K)] 297472K->222352K(579584K), 0.0052999 secs] [Times: user=0.01 sys=0.03, real=0.00 secs] 
2019-01-03T03:20:48.632+0900: 209895.159: [GC (Allocation Failure) [PSYoungGen: 77632K->2368K(77824K)] 297616K->222544K(579072K), 0.0054843 secs] [Times: user=0.04 sys=0.00, real=0.01 secs] 
2019-01-03T03:21:07.502+0900: 209914.029: [GC (Allocation Failure) [PSYoungGen: 77632K->2464K(77312K)] 297808K->222824K(578560K), 0.0054794 secs] [Times: user=0.01 sys=0.02, real=0.01 secs] 
2019-01-03T03:21:25.863+0900: 209932.389: [GC (Allocation Failure) [PSYoungGen: 77216K->2464K(77824K)] 297576K->223008K(579072K), 0.0055479 secs] [Times: user=0.03 sys=0.00, real=0.01 secs] 
2019-01-03T03:21:44.539+0900: 209951.066: [GC (Allocation Failure) [PSYoungGen: 77216K->2464K(77824K)] 297760K->223192K(579072K), 0.0057468 secs] [Times: user=0.01 sys=0.03, real=0.01 secs] 
2019-01-03T03:22:03.191+0900: 209969.717: [GC (Allocation Failure) [PSYoungGen: 77216K->2432K(77824K)] 297944K->223328K(579072K), 0.0056127 secs] [Times: user=0.01 sys=0.03, real=0.01 secs] 
2019-01-03T03:22:21.819+0900: 209988.346: [GC (Allocation Failure) [PSYoungGen: 77184K->2400K(77824K)] 298080K->223480K(579072K), 0.0059114 secs] [Times: user=0.01 sys=0.03, real=0.01 secs] 
2019-01-03T03:22:40.495+0900: 210007.022: [GC (Allocation Failure) [PSYoungGen: 77152K->2432K(77312K)] 298232K->223704K(578560K), 0.0049213 secs] [Times: user=0.01 sys=0.03, real=0.00 secs] 
2019-01-03T03:22:59.143+0900: 210025.669: [GC (Allocation Failure) [PSYoungGen: 77184K->2400K(77312K)] 298456K->223848K(578560K), 0.0055150 secs] [Times: user=0.01 sys=0.03, real=0.01 secs] 
2019-01-03T03:23:17.853+0900: 210044.380: [GC (Allocation Failure) [PSYoungGen: 77152K->2336K(77312K)] 298600K->223968K(578560K), 0.0054775 secs] [Times: user=0.01 sys=0.02, real=0.01 secs] 
2019-01-03T03:23:36.533+0900: 210063.060: [GC (Allocation Failure) [PSYoungGen: 77088K->2400K(77312K)] 298720K->224216K(578560K), 0.0048669 secs] [Times: user=0.04 sys=0.00, real=0.01 secs] 
2019-01-03T03:23:55.181+0900: 210081.707: [GC (Allocation Failure) [PSYoungGen: 77152K->2400K(77312K)] 298968K->224400K(578560K), 0.0048815 secs] [Times: user=0.01 sys=0.03, real=0.01 secs] 
2019-01-03T03:24:13.871+0900: 210100.398: [GC (Allocation Failure) [PSYoungGen: 77152K->2400K(77312K)] 299152K->224584K(578560K), 0.0052658 secs] [Times: user=0.01 sys=0.03, real=0.01 secs] 
2019-01-03T03:24:32.483+0900: 210119.010: [GC (Allocation Failure) [PSYoungGen: 77152K->2368K(77312K)] 299336K->224752K(578560K), 0.0056452 secs] [Times: user=0.01 sys=0.03, real=0.01 secs] 
2019-01-03T03:24:51.126+0900: 210137.653: [GC (Allocation Failure) [PSYoungGen: 77120K->2336K(77312K)] 299504K->224896K(578560K), 0.0048423 secs] [Times: user=0.04 sys=0.00, real=0.00 secs] 
2019-01-03T03:25:09.815+0900: 210156.342: [GC (Allocation Failure) [PSYoungGen: 77088K->2368K(77312K)] 299648K->225120K(578560K), 0.0053267 secs] [Times: user=0.03 sys=0.00, real=0.00 secs] 
2019-01-03T03:25:28.536+0900: 210175.063: [GC (Allocation Failure) [PSYoungGen: 77120K->2400K(77312K)] 299872K->225336K(578560K), 0.0052590 secs] [Times: user=0.01 sys=0.03, real=0.00 secs] 
2019-01-03T03:25:47.207+0900: 210193.733: [GC (Allocation Failure) [PSYoungGen: 77152K->2368K(77312K)] 300088K->225488K(578560K), 0.0056545 secs] [Times: user=0.01 sys=0.03, real=0.00 secs] 
2019-01-03T03:26:05.780+0900: 210212.306: [GC (Allocation Failure) [PSYoungGen: 77120K->2432K(77312K)] 300240K->225720K(578560K), 0.0054430 secs] [Times: user=0.03 sys=0.00, real=0.01 secs] 
2019-01-03T03:26:24.638+0900: 210231.164: [GC (Allocation Failure) [PSYoungGen: 77184K->2368K(77312K)] 300472K->225848K(578560K), 0.0052316 secs] [Times: user=0.01 sys=0.03, real=0.00 secs] 
2019-01-03T03:26:43.069+0900: 210249.596: [GC (Allocation Failure) [PSYoungGen: 77120K->2336K(77312K)] 300600K->225992K(578560K), 0.0052120 secs] [Times: user=0.00 sys=0.03, real=0.01 secs] 
2019-01-03T03:27:01.726+0900: 210268.253: [GC (Allocation Failure) [PSYoungGen: 77088K->2368K(77312K)] 300744K->226200K(578560K), 0.0053312 secs] [Times: user=0.01 sys=0.02, real=0.00 secs] 
2019-01-03T03:27:20.414+0900: 210286.940: [GC (Allocation Failure) [PSYoungGen: 77120K->2400K(77312K)] 300952K->226416K(578560K), 0.0051874 secs] [Times: user=0.04 sys=0.00, real=0.01 secs] 
2019-01-03T03:27:39.105+0900: 210305.632: [GC (Allocation Failure) [PSYoungGen: 77152K->2400K(77312K)] 301168K->226592K(578560K), 0.0054800 secs] [Times: user=0.01 sys=0.03, real=0.00 secs] 
2019-01-03T03:27:57.815+0900: 210324.342: [GC (Allocation Failure) [PSYoungGen: 77152K->2400K(77312K)] 301344K->226760K(578560K), 0.0051295 secs] [Times: user=0.04 sys=0.00, real=0.00 secs] 
2019-01-03T03:28:16.498+0900: 210343.025: [GC (Allocation Failure) [PSYoungGen: 77152K->2400K(77312K)] 301512K->226952K(578560K), 0.0053512 secs] [Times: user=0.01 sys=0.03, real=0.01 secs] 
2019-01-03T03:28:35.192+0900: 210361.719: [GC (Allocation Failure) [PSYoungGen: 77152K->2400K(77312K)] 301704K->227136K(578560K), 0.0054890 secs] [Times: user=0.01 sys=0.03, real=0.01 secs] 
2019-01-03T03:28:53.885+0900: 210380.412: [GC (Allocation Failure) [PSYoungGen: 77152K->2432K(77312K)] 301888K->227352K(578560K), 0.0052034 secs] [Times: user=0.03 sys=0.00, real=0.00 secs] 
2019-01-03T03:29:12.481+0900: 210399.008: [GC (Allocation Failure) [PSYoungGen: 77184K->2432K(77312K)] 302104K->227528K(578560K), 0.0054354 secs] [Times: user=0.00 sys=0.03, real=0.01 secs] 
2019-01-03T03:29:31.173+0900: 210417.699: [GC (Allocation Failure) [PSYoungGen: 77184K->2400K(77312K)] 302280K->227672K(578560K), 0.0051108 secs] [Times: user=0.01 sys=0.03, real=0.01 secs] 
2019-01-03T03:29:49.812+0900: 210436.338: [GC (Allocation Failure) [PSYoungGen: 77152K->2368K(77312K)] 302424K->227824K(578560K), 0.0051084 secs] [Times: user=0.01 sys=0.03, real=0.01 secs] 
2019-01-03T03:30:08.550+0900: 210455.076: [GC (Allocation Failure) [PSYoungGen: 77120K->2400K(77312K)] 302576K->228024K(578560K), 0.0049903 secs] [Times: user=0.01 sys=0.02, real=0.01 secs] 
2019-01-03T03:30:27.152+0900: 210473.679: [GC (Allocation Failure) [PSYoungGen: 77152K->2336K(77312K)] 302776K->228136K(578560K), 0.0049989 secs] [Times: user=0.03 sys=0.00, real=0.01 secs] 
2019-01-03T03:30:45.782+0900: 210492.309: [GC (Allocation Failure) [PSYoungGen: 77088K->2400K(77312K)] 302888K->228384K(578560K), 0.0051233 secs] [Times: user=0.01 sys=0.02, real=0.01 secs] 
2019-01-03T03:31:04.467+0900: 210510.994: [GC (Allocation Failure) [PSYoungGen: 77152K->2400K(77312K)] 303136K->228576K(578560K), 0.0052138 secs] [Times: user=0.04 sys=0.00, real=0.00 secs] 
2019-01-03T03:31:23.012+0900: 210529.539: [GC (Allocation Failure) [PSYoungGen: 77152K->2432K(77312K)] 303328K->228784K(578560K), 0.0056379 secs] [Times: user=0.03 sys=0.00, real=0.01 secs] 
2019-01-03T03:31:41.839+0900: 210548.366: [GC (Allocation Failure) [PSYoungGen: 77184K->2432K(77312K)] 303536K->228960K(578560K), 0.0048914 secs] [Times: user=0.01 sys=0.03, real=0.01 secs] 
2019-01-03T03:32:00.180+0900: 210566.706: [GC (Allocation Failure) [PSYoungGen: 77184K->2368K(77312K)] 303712K->229072K(578560K), 0.0051222 secs] [Times: user=0.01 sys=0.03, real=0.01 secs] 
2019-01-03T03:32:18.856+0900: 210585.383: [GC (Allocation Failure) [PSYoungGen: 77120K->2368K(77312K)] 303824K->229256K(578560K), 0.0050913 secs] [Times: user=0.04 sys=0.00, real=0.00 secs] 
2019-01-03T03:32:37.545+0900: 210604.072: [GC (Allocation Failure) [PSYoungGen: 77120K->2432K(77312K)] 304008K->229504K(578560K), 0.0049061 secs] [Times: user=0.01 sys=0.02, real=0.00 secs] 
2019-01-03T03:32:56.365+0900: 210622.891: [GC (Allocation Failure) [PSYoungGen: 77184K->2400K(77312K)] 304256K->229648K(578560K), 0.0051661 secs] [Times: user=0.04 sys=0.00, real=0.00 secs] 
2019-01-03T03:33:15.038+0900: 210641.564: [GC (Allocation Failure) [PSYoungGen: 77152K->2400K(77312K)] 304400K->229824K(578560K), 0.0057225 secs] [Times: user=0.04 sys=0.00, real=0.00 secs] 
2019-01-03T03:33:33.668+0900: 210660.195: [GC (Allocation Failure) [PSYoungGen: 77152K->2368K(77312K)] 304576K->229976K(578560K), 0.0052842 secs] [Times: user=0.04 sys=0.00, real=0.00 secs] 
2019-01-03T03:33:52.330+0900: 210678.857: [GC (Allocation Failure) [PSYoungGen: 77120K->2400K(77312K)] 304728K->230200K(578560K), 0.0053220 secs] [Times: user=0.01 sys=0.03, real=0.01 secs] 
2019-01-03T03:34:10.955+0900: 210697.481: [GC (Allocation Failure) [PSYoungGen: 77152K->2400K(77312K)] 304952K->230368K(578560K), 0.0053943 secs] [Times: user=0.01 sys=0.03, real=0.00 secs] 
2019-01-03T03:34:29.667+0900: 210716.194: [GC (Allocation Failure) [PSYoungGen: 77152K->2432K(77312K)] 305120K->230568K(578560K), 0.0050166 secs] [Times: user=0.03 sys=0.00, real=0.00 secs] 
2019-01-03T03:34:48.399+0900: 210734.925: [GC (Allocation Failure) [PSYoungGen: 77184K->2432K(77312K)] 305320K->230760K(578560K), 0.0052794 secs] [Times: user=0.04 sys=0.00, real=0.01 secs] 
2019-01-03T03:35:07.049+0900: 210753.576: [GC (Allocation Failure) [PSYoungGen: 77184K->2432K(77312K)] 305512K->230936K(578560K), 0.0054498 secs] [Times: user=0.01 sys=0.03, real=0.01 secs] 
2019-01-03T03:35:25.891+0900: 210772.418: [GC (Allocation Failure) [PSYoungGen: 77184K->2368K(77312K)] 305688K->231048K(578560K), 0.0050028 secs] [Times: user=0.01 sys=0.03, real=0.01 secs] 
2019-01-03T03:35:44.305+0900: 210790.831: [GC (Allocation Failure) [PSYoungGen: 77120K->2400K(77312K)] 305800K->231264K(578560K), 0.0056025 secs] [Times: user=0.04 sys=0.00, real=0.00 secs] 
2019-01-03T03:36:02.999+0900: 210809.526: [GC (Allocation Failure) [PSYoungGen: 77152K->2432K(77312K)] 306016K->231472K(578560K), 0.0054330 secs] [Times: user=0.00 sys=0.02, real=0.01 secs] 
2019-01-03T03:36:21.706+0900: 210828.233: [GC (Allocation Failure) [PSYoungGen: 77184K->2432K(77312K)] 306224K->231648K(578560K), 0.0051181 secs] [Times: user=0.04 sys=0.00, real=0.00 secs] 
2019-01-03T03:36:40.427+0900: 210846.954: [GC (Allocation Failure) [PSYoungGen: 77184K->2400K(77312K)] 306400K->231800K(578560K), 0.0053778 secs] [Times: user=0.03 sys=0.00, real=0.00 secs] 
2019-01-03T03:36:59.119+0900: 210865.646: [GC (Allocation Failure) [PSYoungGen: 77152K->2368K(77312K)] 306552K->231944K(578560K), 0.0049945 secs] [Times: user=0.04 sys=0.00, real=0.01 secs] 
2019-01-03T03:37:17.796+0900: 210884.322: [GC (Allocation Failure) [PSYoungGen: 77120K->2336K(77312K)] 306696K->232088K(578560K), 0.0048731 secs] [Times: user=0.04 sys=0.00, real=0.00 secs] 
2019-01-03T03:37:36.486+0900: 210903.013: [GC (Allocation Failure) [PSYoungGen: 77088K->2400K(77312K)] 306840K->232336K(578560K), 0.0051856 secs] [Times: user=0.01 sys=0.03, real=0.00 secs] 
2019-01-03T03:37:55.080+0900: 210921.606: [GC (Allocation Failure) [PSYoungGen: 77152K->2304K(77312K)] 307088K->232432K(578560K), 0.0052991 secs] [Times: user=0.01 sys=0.03, real=0.01 secs] 
2019-01-03T03:38:13.655+0900: 210940.182: [GC (Allocation Failure) [PSYoungGen: 77056K->2368K(77312K)] 307184K->232680K(578560K), 0.0055521 secs] [Times: user=0.01 sys=0.03, real=0.00 secs] 
2019-01-03T03:38:32.292+0900: 210958.818: [GC (Allocation Failure) [PSYoungGen: 77120K->2336K(77312K)] 307432K->232832K(578560K), 0.0052731 secs] [Times: user=0.04 sys=0.00, real=0.01 secs] 
2019-01-03T03:38:50.934+0900: 210977.461: [GC (Allocation Failure) [PSYoungGen: 77088K->2400K(77312K)] 307584K->233080K(578560K), 0.0045618 secs] [Times: user=0.04 sys=0.00, real=0.00 secs] 
2019-01-03T03:39:09.625+0900: 210996.152: [GC (Allocation Failure) [PSYoungGen: 77152K->2368K(77312K)] 307832K->233224K(578560K), 0.0052090 secs] [Times: user=0.01 sys=0.03, real=0.00 secs] 
2019-01-03T03:39:28.309+0900: 211014.835: [GC (Allocation Failure) [PSYoungGen: 77120K->2368K(77312K)] 307976K->233416K(578560K), 0.0055940 secs] [Times: user=0.00 sys=0.03, real=0.01 secs] 
2019-01-03T03:39:47.005+0900: 211033.532: [GC (Allocation Failure) [PSYoungGen: 77120K->2400K(77312K)] 308168K->233632K(578560K), 0.0055090 secs] [Times: user=0.04 sys=0.00, real=0.00 secs] 
2019-01-03T03:40:05.805+0900: 211052.332: [GC (Allocation Failure) [PSYoungGen: 77152K->2368K(77312K)] 308384K->233784K(578560K), 0.0062790 secs] [Times: user=0.04 sys=0.00, real=0.00 secs] 
2019-01-03T03:40:24.469+0900: 211070.995: [GC (Allocation Failure) [PSYoungGen: 77120K->2368K(77312K)] 308536K->233960K(578560K), 0.0061113 secs] [Times: user=0.01 sys=0.03, real=0.01 secs] 
2019-01-03T03:40:43.191+0900: 211089.717: [GC (Allocation Failure) [PSYoungGen: 77120K->2400K(77312K)] 308712K->234184K(578560K), 0.0060705 secs] [Times: user=0.01 sys=0.03, real=0.01 secs] 
2019-01-03T03:41:01.604+0900: 211108.131: [GC (Allocation Failure) [PSYoungGen: 77152K->2368K(77312K)] 308936K->234336K(578560K), 0.0052222 secs] [Times: user=0.01 sys=0.02, real=0.00 secs] 
2019-01-03T03:41:20.269+0900: 211126.796: [GC (Allocation Failure) [PSYoungGen: 77120K->2400K(77312K)] 309088K->234536K(578560K), 0.0052745 secs] [Times: user=0.02 sys=0.03, real=0.01 secs] 
2019-01-03T03:41:38.946+0900: 211145.473: [GC (Allocation Failure) [PSYoungGen: 77152K->2400K(77312K)] 309288K->234712K(578560K), 0.0051804 secs] [Times: user=0.01 sys=0.03, real=0.00 secs] 
2019-01-03T03:41:57.560+0900: 211164.087: [GC (Allocation Failure) [PSYoungGen: 77152K->2368K(77312K)] 309464K->234864K(578560K), 0.0051665 secs] [Times: user=0.01 sys=0.03, real=0.01 secs] 
2019-01-03T03:42:16.453+0900: 211182.980: [GC (Allocation Failure) [PSYoungGen: 77120K->2400K(77312K)] 309616K->235064K(578560K), 0.0056515 secs] [Times: user=0.04 sys=0.00, real=0.01 secs] 
2019-01-03T03:42:35.118+0900: 211201.645: [GC (Allocation Failure) [PSYoungGen: 77152K->2432K(77312K)] 309816K->235264K(578560K), 0.0049123 secs] [Times: user=0.01 sys=0.02, real=0.00 secs] 
2019-01-03T03:42:53.752+0900: 211220.279: [GC (Allocation Failure) [PSYoungGen: 77184K->2368K(77312K)] 310016K->235368K(578560K), 0.0052462 secs] [Times: user=0.01 sys=0.03, real=0.01 secs] 
2019-01-03T03:43:12.366+0900: 211238.893: [GC (Allocation Failure) [PSYoungGen: 77120K->2368K(77312K)] 310120K->235536K(578560K), 0.0054046 secs] [Times: user=0.00 sys=0.03, real=0.00 secs] 
2019-01-03T03:43:31.079+0900: 211257.606: [GC (Allocation Failure) [PSYoungGen: 77120K->2400K(77312K)] 310288K->235736K(578560K), 0.0056078 secs] [Times: user=0.02 sys=0.03, real=0.01 secs] 
2019-01-03T03:43:49.786+0900: 211276.313: [GC (Allocation Failure) [PSYoungGen: 77152K->2400K(77312K)] 310488K->235904K(578560K), 0.0045200 secs] [Times: user=0.04 sys=0.00, real=0.00 secs] 
2019-01-03T03:44:08.184+0900: 211294.711: [GC (Allocation Failure) [PSYoungGen: 77152K->2368K(77312K)] 310656K->236064K(578560K), 0.0053845 secs] [Times: user=0.04 sys=0.00, real=0.00 secs] 
2019-01-03T03:44:26.825+0900: 211313.352: [GC (Allocation Failure) [PSYoungGen: 77120K->2368K(77312K)] 310816K->236232K(578560K), 0.0052601 secs] [Times: user=0.03 sys=0.00, real=0.00 secs] 
2019-01-03T03:44:45.466+0900: 211331.993: [GC (Allocation Failure) [PSYoungGen: 77120K->2368K(77312K)] 310984K->236424K(578560K), 0.0050203 secs] [Times: user=0.01 sys=0.03, real=0.00 secs] 
2019-01-03T03:45:04.156+0900: 211350.682: [GC (Allocation Failure) [PSYoungGen: 77120K->2400K(77312K)] 311176K->236632K(578560K), 0.0053816 secs] [Times: user=0.01 sys=0.02, real=0.00 secs] 
2019-01-03T03:45:22.802+0900: 211369.329: [GC (Allocation Failure) [PSYoungGen: 77152K->2368K(77312K)] 311384K->236784K(578560K), 0.0053212 secs] [Times: user=0.01 sys=0.03, real=0.01 secs] 
2019-01-03T03:45:41.479+0900: 211388.006: [GC (Allocation Failure) [PSYoungGen: 77120K->2368K(77312K)] 311536K->236960K(578560K), 0.0059129 secs] [Times: user=0.04 sys=0.00, real=0.01 secs] 
2019-01-03T03:46:00.147+0900: 211406.673: [GC (Allocation Failure) [PSYoungGen: 77120K->2368K(77312K)] 311712K->237144K(578560K), 0.0054577 secs] [Times: user=0.03 sys=0.00, real=0.00 secs] 
2019-01-03T03:46:18.824+0900: 211425.351: [GC (Allocation Failure) [PSYoungGen: 77120K->2368K(77312K)] 311896K->237312K(578560K), 0.0057808 secs] [Times: user=0.01 sys=0.03, real=0.00 secs] 
2019-01-03T03:46:37.570+0900: 211444.097: [GC (Allocation Failure) [PSYoungGen: 77120K->2368K(77312K)] 312064K->237504K(578560K), 0.0061556 secs] [Times: user=0.01 sys=0.03, real=0.01 secs] 
2019-01-03T03:46:56.113+0900: 211462.640: [GC (Allocation Failure) [PSYoungGen: 77120K->2400K(77312K)] 312256K->237728K(578560K), 0.0053150 secs] [Times: user=0.03 sys=0.00, real=0.01 secs] 
2019-01-03T03:47:14.707+0900: 211481.234: [GC (Allocation Failure) [PSYoungGen: 77152K->2368K(77312K)] 312480K->237864K(578560K), 0.0053129 secs] [Times: user=0.01 sys=0.03, real=0.00 secs] 
2019-01-03T03:47:33.403+0900: 211499.929: [GC (Allocation Failure) [PSYoungGen: 77120K->2368K(77312K)] 312616K->238048K(578560K), 0.0045015 secs] [Times: user=0.01 sys=0.02, real=0.01 secs] 
2019-01-03T03:47:51.932+0900: 211518.459: [GC (Allocation Failure) [PSYoungGen: 77120K->2432K(77312K)] 312800K->238296K(578560K), 0.0045587 secs] [Times: user=0.01 sys=0.02, real=0.01 secs] 
2019-01-03T03:48:10.532+0900: 211537.059: [GC (Allocation Failure) [PSYoungGen: 77184K->2336K(77312K)] 313048K->238376K(578560K), 0.0054099 secs] [Times: user=0.01 sys=0.03, real=0.01 secs] 
2019-01-03T03:48:29.177+0900: 211555.704: [GC (Allocation Failure) [PSYoungGen: 77088K->2336K(77312K)] 313128K->238560K(578560K), 0.0051822 secs] [Times: user=0.01 sys=0.03, real=0.00 secs] 
2019-01-03T03:48:48.010+0900: 211574.537: [GC (Allocation Failure) [PSYoungGen: 77088K->2336K(77312K)] 313312K->238744K(578560K), 0.0059025 secs] [Times: user=0.00 sys=0.04, real=0.01 secs] 
2019-01-03T03:49:06.704+0900: 211593.230: [GC (Allocation Failure) [PSYoungGen: 77088K->2368K(77312K)] 313496K->238968K(578560K), 0.0051411 secs] [Times: user=0.01 sys=0.02, real=0.01 secs] 
2019-01-03T03:49:25.457+0900: 211611.984: [GC (Allocation Failure) [PSYoungGen: 77120K->2400K(77312K)] 313720K->239192K(578560K), 0.0053053 secs] [Times: user=0.01 sys=0.03, real=0.00 secs] 
2019-01-03T03:49:44.150+0900: 211630.676: [GC (Allocation Failure) [PSYoungGen: 77152K->2400K(77312K)] 313944K->239384K(578560K), 0.0049112 secs] [Times: user=0.04 sys=0.00, real=0.01 secs] 
2019-01-03T03:50:02.777+0900: 211649.304: [GC (Allocation Failure) [PSYoungGen: 77152K->2368K(77312K)] 314136K->239520K(578560K), 0.0053525 secs] [Times: user=0.01 sys=0.03, real=0.00 secs] 
2019-01-03T03:50:21.549+0900: 211668.076: [GC (Allocation Failure) [PSYoungGen: 77120K->2400K(77312K)] 314272K->239712K(578560K), 0.0047759 secs] [Times: user=0.03 sys=0.00, real=0.01 secs] 
2019-01-03T03:50:40.303+0900: 211686.830: [GC (Allocation Failure) [PSYoungGen: 77152K->2400K(77312K)] 314464K->239904K(578560K), 0.0052054 secs] [Times: user=0.01 sys=0.03, real=0.01 secs] 
2019-01-03T03:50:58.703+0900: 211705.230: [GC (Allocation Failure) [PSYoungGen: 77152K->2432K(77312K)] 314656K->240112K(578560K), 0.0057153 secs] [Times: user=0.00 sys=0.02, real=0.01 secs] 
2019-01-03T03:51:17.346+0900: 211723.873: [GC (Allocation Failure) [PSYoungGen: 77184K->2368K(77312K)] 314864K->240224K(578560K), 0.0058851 secs] [Times: user=0.01 sys=0.03, real=0.00 secs] 
2019-01-03T03:51:36.051+0900: 211742.578: [GC (Allocation Failure) [PSYoungGen: 77120K->2432K(77312K)] 314976K->240464K(578560K), 0.0053544 secs] [Times: user=0.04 sys=0.00, real=0.01 secs] 
2019-01-03T03:51:54.715+0900: 211761.241: [GC (Allocation Failure) [PSYoungGen: 77184K->2432K(77312K)] 315216K->240648K(578560K), 0.0059339 secs] [Times: user=0.01 sys=0.03, real=0.00 secs] 
2019-01-03T03:52:13.417+0900: 211779.944: [GC (Allocation Failure) [PSYoungGen: 77184K->2336K(77312K)] 315400K->240736K(578560K), 0.0052091 secs] [Times: user=0.00 sys=0.03, real=0.00 secs] 
2019-01-03T03:52:32.153+0900: 211798.679: [GC (Allocation Failure) [PSYoungGen: 77088K->2304K(77312K)] 315488K->240888K(578560K), 0.0056236 secs] [Times: user=0.01 sys=0.03, real=0.01 secs] 
2019-01-03T03:52:50.864+0900: 211817.391: [GC (Allocation Failure) [PSYoungGen: 77056K->2400K(77312K)] 315640K->241176K(578560K), 0.0056027 secs] [Times: user=0.01 sys=0.03, real=0.00 secs] 
2019-01-03T03:53:09.276+0900: 211835.802: [GC (Allocation Failure) [PSYoungGen: 77152K->2400K(77312K)] 315928K->241368K(578560K), 0.0052346 secs] [Times: user=0.01 sys=0.03, real=0.00 secs] 
2019-01-03T03:53:27.929+0900: 211854.456: [GC (Allocation Failure) [PSYoungGen: 77152K->2368K(77312K)] 316120K->241520K(578560K), 0.0056612 secs] [Times: user=0.01 sys=0.03, real=0.01 secs] 
2019-01-03T03:53:46.611+0900: 211873.138: [GC (Allocation Failure) [PSYoungGen: 77120K->2368K(77312K)] 316272K->241696K(578560K), 0.0055045 secs] [Times: user=0.01 sys=0.03, real=0.01 secs] 
2019-01-03T03:54:05.285+0900: 211891.811: [GC (Allocation Failure) [PSYoungGen: 77120K->2400K(77312K)] 316448K->241912K(578560K), 0.0048834 secs] [Times: user=0.01 sys=0.03, real=0.00 secs] 
2019-01-03T03:54:23.957+0900: 211910.483: [GC (Allocation Failure) [PSYoungGen: 77152K->2336K(77312K)] 316664K->242032K(578560K), 0.0053117 secs] [Times: user=0.00 sys=0.03, real=0.00 secs] 
2019-01-03T03:54:42.638+0900: 211929.165: [GC (Allocation Failure) [PSYoungGen: 77088K->2368K(77312K)] 316784K->242256K(578560K), 0.0055240 secs] [Times: user=0.04 sys=0.00, real=0.01 secs] 
2019-01-03T03:55:01.361+0900: 211947.888: [GC (Allocation Failure) [PSYoungGen: 77120K->2368K(77312K)] 317008K->242448K(578560K), 0.0047914 secs] [Times: user=0.01 sys=0.02, real=0.01 secs] 
2019-01-03T03:55:20.058+0900: 211966.584: [GC (Allocation Failure) [PSYoungGen: 77120K->2368K(77312K)] 317200K->242632K(578560K), 0.0052479 secs] [Times: user=0.01 sys=0.03, real=0.00 secs] 
2019-01-03T03:55:38.805+0900: 211985.332: [GC (Allocation Failure) [PSYoungGen: 77120K->2400K(77312K)] 317384K->242832K(578560K), 0.0053764 secs] [Times: user=0.01 sys=0.03, real=0.00 secs] 
2019-01-03T03:55:57.141+0900: 212003.667: [GC (Allocation Failure) [PSYoungGen: 77152K->2336K(77312K)] 317584K->242952K(578560K), 0.0048422 secs] [Times: user=0.01 sys=0.03, real=0.01 secs] 
2019-01-03T03:56:15.904+0900: 212022.431: [GC (Allocation Failure) [PSYoungGen: 77088K->2368K(77312K)] 317704K->243168K(578560K), 0.0055862 secs] [Times: user=0.04 sys=0.00, real=0.00 secs] 
2019-01-03T03:56:34.559+0900: 212041.086: [GC (Allocation Failure) [PSYoungGen: 77120K->2368K(77312K)] 317920K->243336K(578560K), 0.0054246 secs] [Times: user=0.04 sys=0.00, real=0.01 secs] 
2019-01-03T03:56:53.244+0900: 212059.771: [GC (Allocation Failure) [PSYoungGen: 77120K->2368K(77312K)] 318088K->243520K(578560K), 0.0056261 secs] [Times: user=0.03 sys=0.00, real=0.00 secs] 
2019-01-03T03:57:11.920+0900: 212078.447: [GC (Allocation Failure) [PSYoungGen: 77120K->2432K(77312K)] 318272K->243768K(578560K), 0.0048790 secs] [Times: user=0.04 sys=0.00, real=0.01 secs] 
2019-01-03T03:57:30.625+0900: 212097.152: [GC (Allocation Failure) [PSYoungGen: 77184K->2336K(77312K)] 318520K->243856K(578560K), 0.0061934 secs] [Times: user=0.02 sys=0.03, real=0.00 secs] 
2019-01-03T03:57:49.331+0900: 212115.858: [GC (Allocation Failure) [PSYoungGen: 77088K->2432K(77312K)] 318608K->244144K(578560K), 0.0054079 secs] [Times: user=0.00 sys=0.03, real=0.01 secs] 
2019-01-03T03:58:07.781+0900: 212134.307: [GC (Allocation Failure) [PSYoungGen: 77184K->2400K(77312K)] 318896K->244296K(578560K), 0.0049775 secs] [Times: user=0.03 sys=0.00, real=0.01 secs] 
2019-01-03T03:58:26.378+0900: 212152.905: [GC (Allocation Failure) [PSYoungGen: 77152K->2368K(77312K)] 319048K->244456K(578560K), 0.0051656 secs] [Times: user=0.04 sys=0.00, real=0.00 secs] 
2019-01-03T03:58:45.058+0900: 212171.585: [GC (Allocation Failure) [PSYoungGen: 77120K->2400K(77312K)] 319208K->244688K(578560K), 0.0058243 secs] [Times: user=0.04 sys=0.00, real=0.01 secs] 
2019-01-03T03:59:03.714+0900: 212190.241: [GC (Allocation Failure) [PSYoungGen: 77152K->2368K(77312K)] 319440K->244848K(578560K), 0.0049432 secs] [Times: user=0.00 sys=0.03, real=0.00 secs] 
2019-01-03T03:59:22.370+0900: 212208.897: [GC (Allocation Failure) [PSYoungGen: 77120K->2368K(77312K)] 319600K->245024K(578560K), 0.0048341 secs] [Times: user=0.01 sys=0.02, real=0.01 secs] 
2019-01-03T03:59:41.040+0900: 212227.567: [GC (Allocation Failure) [PSYoungGen: 77120K->2336K(77312K)] 319776K->245176K(578560K), 0.0052813 secs] [Times: user=0.01 sys=0.03, real=0.01 secs] 
2019-01-03T03:59:59.735+0900: 212246.261: [GC (Allocation Failure) [PSYoungGen: 77088K->2400K(77312K)] 319928K->245424K(578560K), 0.0057649 secs] [Times: user=0.01 sys=0.03, real=0.00 secs] 
2019-01-03T04:00:18.185+0900: 212264.711: [GC (Allocation Failure) [PSYoungGen: 77152K->2400K(77312K)] 320176K->245624K(578560K), 0.0051270 secs] [Times: user=0.01 sys=0.03, real=0.00 secs] 
2019-01-03T04:00:36.849+0900: 212283.376: [GC (Allocation Failure) [PSYoungGen: 77152K->2304K(77312K)] 320376K->245712K(578560K), 0.0055333 secs] [Times: user=0.01 sys=0.03, real=0.01 secs] 
2019-01-03T04:00:55.447+0900: 212301.974: [GC (Allocation Failure) [PSYoungGen: 77056K->2336K(77312K)] 320464K->245928K(578560K), 0.0049734 secs] [Times: user=0.01 sys=0.03, real=0.00 secs] 
2019-01-03T04:01:14.138+0900: 212320.664: [GC (Allocation Failure) [PSYoungGen: 77088K->2368K(77312K)] 320680K->246136K(578560K), 0.0049747 secs] [Times: user=0.03 sys=0.00, real=0.00 secs] 
2019-01-03T04:01:32.826+0900: 212339.353: [GC (Allocation Failure) [PSYoungGen: 77120K->2368K(77312K)] 320888K->246312K(578560K), 0.0052955 secs] [Times: user=0.02 sys=0.02, real=0.00 secs] 
2019-01-03T04:01:51.511+0900: 212358.038: [GC (Allocation Failure) [PSYoungGen: 77120K->2304K(77312K)] 321064K->246432K(578560K), 0.0054029 secs] [Times: user=0.01 sys=0.02, real=0.01 secs] 
2019-01-03T04:02:10.208+0900: 212376.735: [GC (Allocation Failure) [PSYoungGen: 77056K->2368K(77312K)] 321184K->246680K(578560K), 0.0053514 secs] [Times: user=0.01 sys=0.03, real=0.00 secs] 
2019-01-03T04:02:28.676+0900: 212395.203: [GC (Allocation Failure) [PSYoungGen: 77120K->2400K(77312K)] 321432K->246896K(578560K), 0.0055579 secs] [Times: user=0.04 sys=0.00, real=0.00 secs] 
2019-01-03T04:02:47.212+0900: 212413.738: [GC (Allocation Failure) [PSYoungGen: 77152K->2560K(76800K)] 321648K->247376K(578048K), 0.0054881 secs] [Times: user=0.01 sys=0.03, real=0.01 secs] 
2019-01-03T04:03:05.778+0900: 212432.305: [GC (Allocation Failure) [PSYoungGen: 76800K->2496K(77312K)] 321616K->247592K(578560K), 0.0049753 secs] [Times: user=0.01 sys=0.03, real=0.00 secs] 
2019-01-03T04:03:24.314+0900: 212450.841: [GC (Allocation Failure) [PSYoungGen: 76736K->2528K(77312K)] 321832K->247624K(578560K), 0.0054135 secs] [Times: user=0.04 sys=0.00, real=0.00 secs] 
2019-01-03T04:03:42.833+0900: 212469.359: [GC (Allocation Failure) [PSYoungGen: 76768K->2368K(77312K)] 321864K->247632K(578560K), 0.0053342 secs] [Times: user=0.04 sys=0.00, real=0.01 secs] 
2019-01-03T04:04:01.384+0900: 212487.910: [GC (Allocation Failure) [PSYoungGen: 76608K->2336K(77312K)] 321872K->247768K(578560K), 0.0052615 secs] [Times: user=0.01 sys=0.02, real=0.00 secs] 
2019-01-03T04:04:19.921+0900: 212506.448: [GC (Allocation Failure) [PSYoungGen: 76576K->2208K(77312K)] 322008K->247816K(578560K), 0.0052402 secs] [Times: user=0.03 sys=0.00, real=0.01 secs] 
2019-01-03T04:04:38.500+0900: 212525.027: [GC (Allocation Failure) [PSYoungGen: 76448K->2080K(77312K)] 322056K->247864K(578560K), 0.0048290 secs] [Times: user=0.01 sys=0.03, real=0.01 secs] 
2019-01-03T04:04:57.071+0900: 212543.598: [GC (Allocation Failure) [PSYoungGen: 76320K->1984K(77312K)] 322104K->247928K(578560K), 0.0048223 secs] [Times: user=0.01 sys=0.03, real=0.01 secs] 
2019-01-03T04:05:15.715+0900: 212562.241: [GC (Allocation Failure) [PSYoungGen: 76224K->1920K(77312K)] 322168K->248048K(578560K), 0.0048743 secs] [Times: user=0.01 sys=0.03, real=0.00 secs] 
2019-01-03T04:05:34.275+0900: 212580.802: [GC (Allocation Failure) [PSYoungGen: 76160K->1824K(77312K)] 322288K->248128K(578560K), 0.0047724 secs] [Times: user=0.01 sys=0.02, real=0.00 secs] 
2019-01-03T04:05:52.756+0900: 212599.283: [GC (Allocation Failure) [PSYoungGen: 76064K->1728K(77312K)] 322368K->248200K(578560K), 0.0061692 secs] [Times: user=0.01 sys=0.03, real=0.00 secs] 
2019-01-03T04:06:11.284+0900: 212617.810: [GC (Allocation Failure) [PSYoungGen: 75968K->1664K(77312K)] 322440K->248312K(578560K), 0.0046505 secs] [Times: user=0.01 sys=0.02, real=0.00 secs] 
2019-01-03T04:06:29.632+0900: 212636.158: [GC (Allocation Failure) [PSYoungGen: 75904K->1568K(77312K)] 322552K->248392K(578560K), 0.0053682 secs] [Times: user=0.04 sys=0.00, real=0.01 secs] 
2019-01-03T04:06:48.077+0900: 212654.604: [GC (Allocation Failure) [PSYoungGen: 75808K->1504K(77312K)] 322632K->248512K(578560K), 0.0043698 secs] [Times: user=0.01 sys=0.02, real=0.00 secs] 
2019-01-03T04:07:06.608+0900: 212673.135: [GC (Allocation Failure) [PSYoungGen: 75744K->1344K(77312K)] 322752K->248528K(578560K), 0.0046671 secs] [Times: user=0.00 sys=0.02, real=0.00 secs] 
2019-01-03T04:07:25.314+0900: 212691.840: [GC (Allocation Failure) [PSYoungGen: 75584K->1088K(77312K)] 322768K->248624K(578560K), 0.0043310 secs] [Times: user=0.01 sys=0.02, real=0.00 secs] 
2019-01-03T04:07:43.676+0900: 212710.203: [GC (Allocation Failure) [PSYoungGen: 75328K->1216K(77312K)] 322864K->248832K(578560K), 0.0038474 secs] [Times: user=0.01 sys=0.02, real=0.00 secs] 
2019-01-03T04:08:02.121+0900: 212728.648: [GC (Allocation Failure) [PSYoungGen: 75456K->1280K(77312K)] 323072K->248976K(578560K), 0.0040856 secs] [Times: user=0.00 sys=0.02, real=0.01 secs] 
2019-01-03T04:08:20.664+0900: 212747.191: [GC (Allocation Failure) [PSYoungGen: 75520K->1344K(77312K)] 323216K->249120K(578560K), 0.0041646 secs] [Times: user=0.01 sys=0.02, real=0.00 secs] 
2019-01-03T04:08:39.230+0900: 212765.757: [GC (Allocation Failure) [PSYoungGen: 75584K->1440K(77312K)] 323360K->249296K(578560K), 0.0046963 secs] [Times: user=0.03 sys=0.00, real=0.01 secs] 
2019-01-03T04:08:57.870+0900: 212784.396: [GC (Allocation Failure) [PSYoungGen: 75680K->1568K(77312K)] 323536K->249496K(578560K), 0.0043242 secs] [Times: user=0.03 sys=0.00, real=0.01 secs] 
2019-01-03T04:09:16.411+0900: 212802.938: [GC (Allocation Failure) [PSYoungGen: 75808K->1664K(77312K)] 323736K->249680K(578560K), 0.0036857 secs] [Times: user=0.00 sys=0.02, real=0.01 secs] 
2019-01-03T04:09:34.985+0900: 212821.511: [GC (Allocation Failure) [PSYoungGen: 75904K->1824K(77312K)] 323920K->249944K(578560K), 0.0041171 secs] [Times: user=0.01 sys=0.02, real=0.00 secs] 
2019-01-03T04:09:53.483+0900: 212840.010: [GC (Allocation Failure) [PSYoungGen: 76064K->1856K(76288K)] 324184K->250072K(577536K), 0.0048715 secs] [Times: user=0.01 sys=0.02, real=0.01 secs] 
2019-01-03T04:10:11.930+0900: 212858.456: [GC (Allocation Failure) [PSYoungGen: 76096K->1952K(76288K)] 324312K->250256K(577536K), 0.0040686 secs] [Times: user=0.01 sys=0.02, real=0.01 secs] 
2019-01-03T04:10:30.332+0900: 212876.858: [GC (Allocation Failure) [PSYoungGen: 75680K->2048K(76800K)] 323984K->250456K(578048K), 0.0051152 secs] [Times: user=0.03 sys=0.00, real=0.01 secs] 
2019-01-03T04:10:48.725+0900: 212895.252: [GC (Allocation Failure) [PSYoungGen: 75776K->2048K(76800K)] 324184K->250536K(578048K), 0.0053784 secs] [Times: user=0.00 sys=0.03, real=0.00 secs] 
2019-01-03T04:11:07.144+0900: 212913.671: [GC (Allocation Failure) [PSYoungGen: 75776K->2176K(76800K)] 324264K->250768K(578048K), 0.0050156 secs] [Times: user=0.01 sys=0.02, real=0.00 secs] 
2019-01-03T04:11:25.554+0900: 212932.080: [GC (Allocation Failure) [PSYoungGen: 75904K->2272K(76800K)] 324496K->250968K(578048K), 0.0049385 secs] [Times: user=0.01 sys=0.02, real=0.01 secs] 
2019-01-03T04:11:44.029+0900: 212950.556: [GC (Allocation Failure) [PSYoungGen: 76000K->2272K(76800K)] 324696K->251096K(578048K), 0.0051107 secs] [Times: user=0.01 sys=0.03, real=0.01 secs] 
2019-01-03T04:12:02.602+0900: 212969.128: [GC (Allocation Failure) [PSYoungGen: 76000K->2336K(76800K)] 324824K->251296K(578048K), 0.0051617 secs] [Times: user=0.04 sys=0.00, real=0.01 secs] 
2019-01-03T04:12:20.775+0900: 212987.302: [GC (Allocation Failure) [PSYoungGen: 76064K->2304K(76800K)] 325024K->251440K(578048K), 0.0053077 secs] [Times: user=0.03 sys=0.00, real=0.00 secs] 
2019-01-03T04:12:39.167+0900: 213005.694: [GC (Allocation Failure) [PSYoungGen: 76032K->2304K(76800K)] 325168K->251616K(578048K), 0.0052390 secs] [Times: user=0.02 sys=0.03, real=0.00 secs] 
2019-01-03T04:12:57.560+0900: 213024.087: [GC (Allocation Failure) [PSYoungGen: 76032K->2304K(76800K)] 325344K->251792K(578048K), 0.0048110 secs] [Times: user=0.03 sys=0.00, real=0.01 secs] 
2019-01-03T04:13:15.998+0900: 213042.524: [GC (Allocation Failure) [PSYoungGen: 76032K->2368K(76800K)] 325520K->252040K(578048K), 0.0054812 secs] [Times: user=0.01 sys=0.03, real=0.00 secs] 
2019-01-03T04:13:34.372+0900: 213060.899: [GC (Allocation Failure) [PSYoungGen: 76096K->2368K(76800K)] 325768K->252216K(578048K), 0.0053404 secs] [Times: user=0.01 sys=0.02, real=0.01 secs] 
2019-01-03T04:13:52.802+0900: 213079.329: [GC (Allocation Failure) [PSYoungGen: 76096K->2336K(76800K)] 325944K->252368K(578048K), 0.0052309 secs] [Times: user=0.03 sys=0.00, real=0.01 secs] 
2019-01-03T04:14:11.215+0900: 213097.741: [GC (Allocation Failure) [PSYoungGen: 76064K->2336K(76800K)] 326096K->252544K(578048K), 0.0050736 secs] [Times: user=0.03 sys=0.00, real=0.00 secs] 
2019-01-03T04:14:29.295+0900: 213115.822: [GC (Allocation Failure) [PSYoungGen: 76064K->2336K(76800K)] 326272K->252720K(578048K), 0.0052252 secs] [Times: user=0.01 sys=0.02, real=0.00 secs] 
2019-01-03T04:14:47.875+0900: 213134.401: [GC (Allocation Failure) [PSYoungGen: 76064K->2336K(76800K)] 326448K->252896K(578048K), 0.0051569 secs] [Times: user=0.01 sys=0.02, real=0.00 secs] 
2019-01-03T04:15:06.288+0900: 213152.815: [GC (Allocation Failure) [PSYoungGen: 76064K->2336K(76800K)] 326624K->253064K(578048K), 0.0062449 secs] [Times: user=0.01 sys=0.02, real=0.01 secs] 
2019-01-03T04:15:24.593+0900: 213171.119: [GC (Allocation Failure) [PSYoungGen: 76064K->2272K(76800K)] 326792K->253184K(578048K), 0.0056258 secs] [Times: user=0.02 sys=0.02, real=0.01 secs] 
2019-01-03T04:15:42.881+0900: 213189.408: [GC (Allocation Failure) [PSYoungGen: 76000K->2336K(76800K)] 326912K->253424K(578048K), 0.0053136 secs] [Times: user=0.01 sys=0.03, real=0.01 secs] 
2019-01-03T04:16:01.286+0900: 213207.813: [GC (Allocation Failure) [PSYoungGen: 76064K->2304K(76800K)] 327152K->253560K(578048K), 0.0066760 secs] [Times: user=0.01 sys=0.03, real=0.00 secs] 
2019-01-03T04:16:19.662+0900: 213226.189: [GC (Allocation Failure) [PSYoungGen: 76032K->2272K(76800K)] 327288K->253720K(578048K), 0.0056775 secs] [Times: user=0.04 sys=0.00, real=0.01 secs] 
2019-01-03T04:16:37.991+0900: 213244.517: [GC (Allocation Failure) [PSYoungGen: 76000K->2368K(76800K)] 327448K->254000K(578048K), 0.0053870 secs] [Times: user=0.01 sys=0.03, real=0.01 secs] 
2019-01-03T04:16:56.317+0900: 213262.844: [GC (Allocation Failure) [PSYoungGen: 76096K->2336K(76800K)] 327728K->254128K(578048K), 0.0052698 secs] [Times: user=0.01 sys=0.03, real=0.00 secs] 
2019-01-03T04:17:14.813+0900: 213281.339: [GC (Allocation Failure) [PSYoungGen: 76064K->2304K(76800K)] 327856K->254288K(578048K), 0.0060541 secs] [Times: user=0.01 sys=0.03, real=0.01 secs] 
2019-01-03T04:17:33.027+0900: 213299.554: [GC (Allocation Failure) [PSYoungGen: 76032K->2368K(76800K)] 328016K->254528K(578048K), 0.0052182 secs] [Times: user=0.01 sys=0.03, real=0.00 secs] 
2019-01-03T04:17:51.399+0900: 213317.926: [GC (Allocation Failure) [PSYoungGen: 76096K->2272K(76800K)] 328256K->254608K(578048K), 0.0045611 secs] [Times: user=0.01 sys=0.02, real=0.01 secs] 
2019-01-03T04:18:09.777+0900: 213336.304: [GC (Allocation Failure) [PSYoungGen: 76000K->2304K(76800K)] 328336K->254816K(578048K), 0.0050582 secs] [Times: user=0.04 sys=0.00, real=0.00 secs] 
2019-01-03T04:18:28.187+0900: 213354.714: [GC (Allocation Failure) [PSYoungGen: 76032K->2368K(76800K)] 328544K->255064K(578048K), 0.0057065 secs] [Times: user=0.01 sys=0.03, real=0.00 secs] 
2019-01-03T04:18:46.573+0900: 213373.100: [GC (Allocation Failure) [PSYoungGen: 76096K->2336K(76800K)] 328792K->255208K(578048K), 0.0053344 secs] [Times: user=0.01 sys=0.03, real=0.01 secs] 
2019-01-03T04:19:05.031+0900: 213391.558: [GC (Allocation Failure) [PSYoungGen: 76064K->2368K(76800K)] 328936K->255416K(578048K), 0.0053595 secs] [Times: user=0.01 sys=0.03, real=0.01 secs] 
2019-01-03T04:19:23.466+0900: 213409.992: [GC (Allocation Failure) [PSYoungGen: 76096K->2336K(76800K)] 329144K->255568K(578048K), 0.0054908 secs] [Times: user=0.01 sys=0.03, real=0.00 secs] 
2019-01-03T04:19:41.585+0900: 213428.111: [GC (Allocation Failure) [PSYoungGen: 76064K->2368K(76800K)] 329296K->255784K(578048K), 0.0048653 secs] [Times: user=0.01 sys=0.03, real=0.00 secs] 
2019-01-03T04:19:59.893+0900: 213446.420: [GC (Allocation Failure) [PSYoungGen: 76096K->2304K(76800K)] 329512K->255896K(578048K), 0.0054282 secs] [Times: user=0.01 sys=0.03, real=0.01 secs] 
2019-01-03T04:20:18.263+0900: 213464.789: [GC (Allocation Failure) [PSYoungGen: 76032K->2368K(76800K)] 329624K->256136K(578048K), 0.0049103 secs] [Times: user=0.03 sys=0.00, real=0.01 secs] 
2019-01-03T04:20:36.646+0900: 213483.172: [GC (Allocation Failure) [PSYoungGen: 76096K->2336K(76288K)] 329864K->256304K(577536K), 0.0048807 secs] [Times: user=0.01 sys=0.02, real=0.00 secs] 
2019-01-03T04:20:54.898+0900: 213501.425: [GC (Allocation Failure) [PSYoungGen: 76064K->2304K(76288K)] 330032K->256448K(577536K), 0.0050042 secs] [Times: user=0.01 sys=0.03, real=0.00 secs] 
2019-01-03T04:21:13.082+0900: 213519.609: [GC (Allocation Failure) [PSYoungGen: 76032K->2048K(75776K)] 330176K->256472K(577024K), 0.0052272 secs] [Times: user=0.01 sys=0.03, real=0.01 secs] 
2019-01-03T04:21:31.660+0900: 213538.187: [GC (Allocation Failure) [PSYoungGen: 75776K->2080K(76288K)] 330200K->256800K(577536K), 0.0051850 secs] [Times: user=0.00 sys=0.02, real=0.01 secs] 
2019-01-03T04:21:50.057+0900: 213556.584: [GC (Allocation Failure) [PSYoungGen: 75808K->2208K(76288K)] 330528K->256928K(577536K), 0.0055043 secs] [Times: user=0.01 sys=0.03, real=0.00 secs] 
2019-01-03T04:22:08.414+0900: 213574.941: [GC (Allocation Failure) [PSYoungGen: 75936K->2208K(76288K)] 330656K->257096K(577536K), 0.0054291 secs] [Times: user=0.03 sys=0.00, real=0.00 secs] 
2019-01-03T04:22:26.925+0900: 213593.452: [GC (Allocation Failure) [PSYoungGen: 75936K->2272K(76288K)] 330824K->257328K(577536K), 0.0048707 secs] [Times: user=0.01 sys=0.03, real=0.00 secs] 
2019-01-03T04:22:45.279+0900: 213611.806: [GC (Allocation Failure) [PSYoungGen: 76000K->2336K(76288K)] 331056K->257552K(577536K), 0.0048813 secs] [Times: user=0.01 sys=0.02, real=0.01 secs] 
2019-01-03T04:23:03.676+0900: 213630.203: [GC (Allocation Failure) [PSYoungGen: 76064K->2304K(76288K)] 331280K->257688K(577536K), 0.0052766 secs] [Times: user=0.04 sys=0.00, real=0.00 secs] 
2019-01-03T04:23:22.156+0900: 213648.682: [GC (Allocation Failure) [PSYoungGen: 76032K->2240K(76288K)] 331416K->257800K(577536K), 0.0049985 secs] [Times: user=0.01 sys=0.02, real=0.00 secs] 
2019-01-03T04:23:40.502+0900: 213667.028: [GC (Allocation Failure) [PSYoungGen: 75968K->2272K(76288K)] 331528K->258008K(577536K), 0.0048259 secs] [Times: user=0.01 sys=0.02, real=0.01 secs] 
2019-01-03T04:23:58.816+0900: 213685.343: [GC (Allocation Failure) [PSYoungGen: 76000K->2336K(76288K)] 331736K->258248K(577536K), 0.0053859 secs] [Times: user=0.03 sys=0.00, real=0.00 secs] 
2019-01-03T04:24:17.336+0900: 213703.863: [GC (Allocation Failure) [PSYoungGen: 76064K->2304K(76288K)] 331976K->258376K(577536K), 0.0054682 secs] [Times: user=0.00 sys=0.04, real=0.00 secs] 
2019-01-03T04:24:35.724+0900: 213722.251: [GC (Allocation Failure) [PSYoungGen: 76032K->2400K(76288K)] 332104K->258632K(577536K), 0.0046392 secs] [Times: user=0.01 sys=0.02, real=0.00 secs] 
2019-01-03 04:24:54 GC log file has reached the maximum size. Saved as artifacts/gc.log.0
