Java HotSpot(TM) 64-Bit Server VM (25.171-b11) for linux-amd64 JRE (1.8.0_171-b11), built on Mar 28 2018 17:07:08 by "java_re" with gcc 4.3.0 20080428 (Red Hat 4.3.0-8)
Memory: 4k page, physical 32766844k(25463620k free), swap 16515068k(16515068k free)
CommandLine flags: -XX:GCLogFileSize=1048576 -XX:+HeapDumpOnOutOfMemoryError -XX:HeapDumpPath=artifacts/heapdump -XX:InitialHeapSize=524269504 -XX:MaxHeapSize=805306368 -XX:NumberOfGCLogFiles=10 -XX:+PrintGC -XX:+PrintGCDateStamps -XX:+PrintGCDetails -XX:+PrintGCTimeStamps -XX:+UseCompressedClassPointers -XX:+UseCompressedOops -XX:+UseGCLogFileRotation -XX:+UseParallelGC 
2018-12-31T17:02:36.620+0900: 3.119: [GC (Metadata GC Threshold) [PSYoungGen: 79693K->15226K(149504K)] 79693K->15306K(491008K), 0.0264084 secs] [Times: user=0.08 sys=0.03, real=0.03 secs] 
2018-12-31T17:02:36.647+0900: 3.146: [Full GC (Metadata GC Threshold) [PSYoungGen: 15226K->0K(149504K)] [ParOldGen: 80K->14635K(235008K)] 15306K->14635K(384512K), [Metaspace: 20992K->20992K(1067008K)], 0.0638438 secs] [Times: user=0.27 sys=0.01, real=0.06 secs] 
2018-12-31T17:02:39.689+0900: 6.188: [GC (Allocation Failure) [PSYoungGen: 128512K->14748K(149504K)] 143147K->29519K(384512K), 0.0310837 secs] [Times: user=0.12 sys=0.02, real=0.03 secs] 
2018-12-31T17:02:39.961+0900: 6.460: [GC (Metadata GC Threshold) [PSYoungGen: 25315K->5811K(149504K)] 40087K->20590K(384512K), 0.0092364 secs] [Times: user=0.05 sys=0.00, real=0.01 secs] 
2018-12-31T17:02:39.970+0900: 6.469: [Full GC (Metadata GC Threshold) [PSYoungGen: 5811K->0K(149504K)] [ParOldGen: 14779K->11414K(355328K)] 20590K->11414K(504832K), [Metaspace: 34912K->34912K(1079296K)], 0.0837859 secs] [Times: user=0.40 sys=0.01, real=0.09 secs] 
2018-12-31T17:03:14.722+0900: 41.221: [GC (Allocation Failure) [PSYoungGen: 128512K->7603K(185344K)] 139926K->19025K(540672K), 0.0143895 secs] [Times: user=0.04 sys=0.04, real=0.02 secs] 
2018-12-31T17:05:44.533+0900: 191.032: [GC (Allocation Failure) [PSYoungGen: 184243K->4008K(197632K)] 195665K->15438K(552960K), 0.0075326 secs] [Times: user=0.03 sys=0.02, real=0.01 secs] 
2018-12-31T17:08:03.601+0900: 330.100: [GC (Allocation Failure) [PSYoungGen: 180648K->4792K(179200K)] 192078K->16230K(534528K), 0.0118710 secs] [Times: user=0.03 sys=0.05, real=0.01 secs] 
2018-12-31T17:10:28.375+0900: 474.874: [GC (Allocation Failure) [PSYoungGen: 178872K->4104K(176128K)] 190310K->15550K(531456K), 0.0061153 secs] [Times: user=0.03 sys=0.00, real=0.00 secs] 
2018-12-31T17:12:57.227+0900: 623.726: [GC (Allocation Failure) [PSYoungGen: 175624K->3912K(173056K)] 187070K->15366K(528384K), 0.0091248 secs] [Times: user=0.03 sys=0.03, real=0.01 secs] 
2018-12-31T17:15:09.293+0900: 755.792: [GC (Allocation Failure) [PSYoungGen: 172872K->4392K(171008K)] 184326K->15854K(526336K), 0.0116281 secs] [Times: user=0.03 sys=0.04, real=0.02 secs] 
2018-12-31T17:17:23.997+0900: 890.496: [GC (Allocation Failure) [PSYoungGen: 170792K->4200K(168448K)] 182254K->15670K(523776K), 0.0080059 secs] [Times: user=0.03 sys=0.01, real=0.01 secs] 
2018-12-31T17:19:49.218+0900: 1035.717: [GC (Allocation Failure) [PSYoungGen: 168040K->3816K(165376K)] 179510K->15294K(520704K), 0.0074725 secs] [Times: user=0.03 sys=0.02, real=0.01 secs] 
2018-12-31T17:21:57.494+0900: 1163.993: [GC (Allocation Failure) [PSYoungGen: 165096K->4072K(162816K)] 176574K->15558K(518144K), 0.0060511 secs] [Times: user=0.03 sys=0.00, real=0.00 secs] 
2018-12-31T17:23:55.080+0900: 1281.579: [GC (Allocation Failure) [PSYoungGen: 162792K->4296K(161280K)] 174278K->15790K(516608K), 0.0066099 secs] [Times: user=0.04 sys=0.00, real=0.01 secs] 
2018-12-31T17:26:11.165+0900: 1417.664: [GC (Allocation Failure) [PSYoungGen: 160968K->3880K(161280K)] 172462K->15382K(516608K), 0.0061117 secs] [Times: user=0.03 sys=0.00, real=0.00 secs] 
2018-12-31T17:28:12.097+0900: 1538.596: [GC (Allocation Failure) [PSYoungGen: 158504K->4168K(157184K)] 170006K->15678K(512512K), 0.0063756 secs] [Times: user=0.03 sys=0.00, real=0.00 secs] 
2018-12-31T17:30:12.990+0900: 1659.489: [GC (Allocation Failure) [PSYoungGen: 156744K->4136K(161792K)] 168254K->15654K(517120K), 0.0062575 secs] [Times: user=0.03 sys=0.00, real=0.01 secs] 
2018-12-31T17:32:15.392+0900: 1781.892: [GC (Allocation Failure) [PSYoungGen: 154664K->4136K(153088K)] 166182K->15662K(508416K), 0.0071397 secs] [Times: user=0.03 sys=0.00, real=0.01 secs] 
2018-12-31T17:33:48.559+0900: 1875.058: [GC (Allocation Failure) [PSYoungGen: 152616K->4680K(156672K)] 164142K->16214K(512000K), 0.0078691 secs] [Times: user=0.04 sys=0.00, real=0.01 secs] 
2018-12-31T17:35:41.566+0900: 1988.066: [GC (Allocation Failure) [PSYoungGen: 151112K->960K(145408K)] 162646K->15766K(500736K), 0.0065798 secs] [Times: user=0.03 sys=0.00, real=0.00 secs] 
2018-12-31T17:37:35.999+0900: 2102.498: [GC (Allocation Failure) [PSYoungGen: 145344K->768K(153088K)] 160150K->15622K(508416K), 0.0059782 secs] [Times: user=0.02 sys=0.00, real=0.01 secs] 
2018-12-31T17:39:26.492+0900: 2212.991: [GC (Allocation Failure) [PSYoungGen: 143104K->928K(141312K)] 157958K->15910K(496640K), 0.0041806 secs] [Times: user=0.02 sys=0.00, real=0.01 secs] 
2018-12-31T17:41:13.530+0900: 2320.029: [GC (Allocation Failure) [PSYoungGen: 141195K->960K(149504K)] 156178K->16014K(504832K), 0.0042728 secs] [Times: user=0.02 sys=0.00, real=0.01 secs] 
2018-12-31T17:42:56.085+0900: 2422.584: [GC (Allocation Failure) [PSYoungGen: 139712K->928K(138240K)] 154766K->16030K(493568K), 0.0043079 secs] [Times: user=0.01 sys=0.00, real=0.00 secs] 
2018-12-31T17:44:53.331+0900: 2539.830: [GC (Allocation Failure) [PSYoungGen: 138144K->512K(145920K)] 153246K->15686K(501248K), 0.0035094 secs] [Times: user=0.02 sys=0.00, real=0.01 secs] 
2018-12-31T17:46:47.271+0900: 2653.770: [GC (Allocation Failure) [PSYoungGen: 136192K->576K(135168K)] 151366K->15806K(490496K), 0.0041883 secs] [Times: user=0.01 sys=0.00, real=0.01 secs] 
2018-12-31T17:48:31.805+0900: 2758.304: [GC (Allocation Failure) [PSYoungGen: 134720K->832K(141312K)] 149950K->16110K(496640K), 0.0039162 secs] [Times: user=0.01 sys=0.00, real=0.00 secs] 
2018-12-31T17:50:20.604+0900: 2867.103: [GC (Allocation Failure) [PSYoungGen: 133380K->672K(132096K)] 148659K->16014K(487424K), 0.0037152 secs] [Times: user=0.02 sys=0.00, real=0.00 secs] 
2018-12-31T17:52:07.477+0900: 2973.976: [GC (Allocation Failure) [PSYoungGen: 131744K->704K(137216K)] 147086K->16094K(492544K), 0.0035613 secs] [Times: user=0.01 sys=0.00, real=0.00 secs] 
2018-12-31T17:53:39.758+0900: 3066.257: [GC (Allocation Failure) [PSYoungGen: 130137K->896K(129024K)] 145528K->16326K(484352K), 0.0044611 secs] [Times: user=0.02 sys=0.00, real=0.00 secs] 
2018-12-31T17:55:15.700+0900: 3162.199: [GC (Allocation Failure) [PSYoungGen: 128896K->896K(134144K)] 144326K->16358K(489472K), 0.0045874 secs] [Times: user=0.01 sys=0.00, real=0.01 secs] 
2018-12-31T17:56:56.743+0900: 3263.242: [GC (Allocation Failure) [PSYoungGen: 127360K->704K(125952K)] 142822K->16222K(481280K), 0.0037623 secs] [Times: user=0.01 sys=0.00, real=0.01 secs] 
2018-12-31T17:58:31.124+0900: 3357.623: [GC (Allocation Failure) [PSYoungGen: 125632K->800K(129536K)] 141150K->16358K(484864K), 0.0041021 secs] [Times: user=0.01 sys=0.00, real=0.01 secs] 
2018-12-31T18:00:07.896+0900: 3454.395: [GC (Allocation Failure) [PSYoungGen: 124192K->704K(122880K)] 139750K->16318K(478208K), 0.0040700 secs] [Times: user=0.01 sys=0.00, real=0.00 secs] 
2018-12-31T18:01:44.767+0900: 3551.267: [GC (Allocation Failure) [PSYoungGen: 122560K->608K(125440K)] 138174K->16270K(480768K), 0.0039315 secs] [Times: user=0.01 sys=0.00, real=0.00 secs] 
2018-12-31T18:02:54.410+0900: 3620.909: [GC (Allocation Failure) [PSYoungGen: 120928K->1216K(120320K)] 136590K->16918K(475648K), 0.0048024 secs] [Times: user=0.01 sys=0.00, real=0.01 secs] 
2018-12-31T18:04:27.535+0900: 3714.034: [GC (Allocation Failure) [PSYoungGen: 120000K->640K(123392K)] 135702K->16358K(478720K), 0.0037327 secs] [Times: user=0.02 sys=0.00, real=0.00 secs] 
2018-12-31T18:06:00.638+0900: 3807.137: [GC (Allocation Failure) [PSYoungGen: 118400K->640K(117760K)] 134118K->16406K(473088K), 0.0037175 secs] [Times: user=0.01 sys=0.00, real=0.00 secs] 
2018-12-31T18:07:41.193+0900: 3907.692: [GC (Allocation Failure) [PSYoungGen: 117376K->480K(119808K)] 133142K->16278K(475136K), 0.0037244 secs] [Times: user=0.01 sys=0.00, real=0.01 secs] 
2018-12-31T18:09:16.567+0900: 4003.066: [GC (Allocation Failure) [PSYoungGen: 116192K->576K(115712K)] 131990K->16398K(471040K), 0.0036870 secs] [Times: user=0.02 sys=0.00, real=0.00 secs] 
2018-12-31T18:10:50.868+0900: 4097.367: [GC (Allocation Failure) [PSYoungGen: 115264K->480K(117248K)] 131086K->16334K(472576K), 0.0038371 secs] [Times: user=0.01 sys=0.00, real=0.00 secs] 
2018-12-31T18:12:24.706+0900: 4191.205: [GC (Allocation Failure) [PSYoungGen: 114144K->576K(113664K)] 129998K->16486K(468992K), 0.0035829 secs] [Times: user=0.02 sys=0.00, real=0.00 secs] 
2018-12-31T18:13:42.272+0900: 4268.771: [GC (Allocation Failure) [PSYoungGen: 113216K->928K(114688K)] 129126K->16878K(470016K), 0.0039211 secs] [Times: user=0.02 sys=0.00, real=0.01 secs] 
2018-12-31T18:15:04.111+0900: 4350.610: [GC (Allocation Failure) [PSYoungGen: 112544K->800K(111616K)] 128494K->16766K(466944K), 0.0035962 secs] [Times: user=0.01 sys=0.00, real=0.01 secs] 
2018-12-31T18:16:16.862+0900: 4423.361: [GC (Allocation Failure) [PSYoungGen: 111392K->992K(112128K)] 127358K->16982K(467456K), 0.0062334 secs] [Times: user=0.03 sys=0.00, real=0.01 secs] 
2018-12-31T18:17:34.545+0900: 4501.044: [GC (Allocation Failure) [PSYoungGen: 110560K->896K(109568K)] 126550K->16902K(464896K), 0.0043908 secs] [Times: user=0.02 sys=0.00, real=0.00 secs] 
2018-12-31T18:19:02.154+0900: 4588.653: [GC (Allocation Failure) [PSYoungGen: 109440K->608K(110080K)] 125446K->16622K(465408K), 0.0037063 secs] [Times: user=0.01 sys=0.00, real=0.00 secs] 
2018-12-31T18:20:20.446+0900: 4666.945: [GC (Allocation Failure) [PSYoungGen: 108128K->736K(107520K)] 124142K->16766K(462848K), 0.0042959 secs] [Times: user=0.02 sys=0.00, real=0.00 secs] 
2018-12-31T18:21:23.630+0900: 4730.129: [GC (Allocation Failure) [PSYoungGen: 107232K->1088K(107008K)] 123262K->17158K(462336K), 0.0043819 secs] [Times: user=0.02 sys=0.00, real=0.01 secs] 
2018-12-31T18:22:33.890+0900: 4800.389: [GC (Allocation Failure) [PSYoungGen: 106560K->864K(105472K)] 122630K->16934K(460800K), 0.0039749 secs] [Times: user=0.01 sys=0.00, real=0.01 secs] 
2018-12-31T18:23:47.636+0900: 4874.135: [GC (Allocation Failure) [PSYoungGen: 105312K->800K(105472K)] 121382K->16902K(460800K), 0.0039461 secs] [Times: user=0.01 sys=0.00, real=0.00 secs] 
2018-12-31T18:25:12.275+0900: 4958.774: [GC (Allocation Failure) [PSYoungGen: 104224K->416K(102912K)] 120326K->16518K(458240K), 0.0032155 secs] [Times: user=0.01 sys=0.00, real=0.00 secs] 
2018-12-31T18:26:27.819+0900: 5034.318: [GC (Allocation Failure) [PSYoungGen: 102816K->704K(102400K)] 118918K->16846K(457728K), 0.0035663 secs] [Times: user=0.01 sys=0.00, real=0.00 secs] 
2018-12-31T18:27:48.698+0900: 5115.197: [GC (Allocation Failure) [PSYoungGen: 102080K->608K(101376K)] 118222K->16758K(456704K), 0.0035934 secs] [Times: user=0.02 sys=0.00, real=0.00 secs] 
2018-12-31T18:29:00.223+0900: 5186.722: [GC (Allocation Failure) [PSYoungGen: 100960K->800K(100352K)] 117110K->16966K(455680K), 0.0037894 secs] [Times: user=0.01 sys=0.00, real=0.01 secs] 
2018-12-31T18:30:09.707+0900: 5256.206: [GC (Allocation Failure) [PSYoungGen: 100128K->864K(99328K)] 116294K->17054K(454656K), 0.0037103 secs] [Times: user=0.01 sys=0.00, real=0.00 secs] 
2018-12-31T18:31:19.255+0900: 5325.754: [GC (Allocation Failure) [PSYoungGen: 99168K->768K(98304K)] 115358K->17006K(453632K), 0.0038717 secs] [Times: user=0.01 sys=0.00, real=0.00 secs] 
2018-12-31T18:32:16.764+0900: 5383.263: [GC (Allocation Failure) [PSYoungGen: 98048K->1056K(97792K)] 114286K->17310K(453120K), 0.0038847 secs] [Times: user=0.01 sys=0.00, real=0.00 secs] 
2018-12-31T18:33:19.230+0900: 5445.729: [GC (Allocation Failure) [PSYoungGen: 97312K->864K(96256K)] 113566K->17126K(451584K), 0.0043555 secs] [Times: user=0.01 sys=0.00, real=0.01 secs] 
2018-12-31T18:34:40.648+0900: 5527.147: [GC (Allocation Failure) [PSYoungGen: 96096K->384K(94720K)] 112358K->16662K(450048K), 0.0032741 secs] [Times: user=0.01 sys=0.00, real=0.00 secs] 
2018-12-31T18:36:00.414+0900: 5606.913: [GC (Allocation Failure) [PSYoungGen: 94592K->448K(94208K)] 110870K->16726K(449536K), 0.0035072 secs] [Times: user=0.01 sys=0.00, real=0.00 secs] 
2018-12-31T18:37:10.378+0900: 5676.877: [GC (Allocation Failure) [PSYoungGen: 94144K->704K(95232K)] 110422K->16990K(450560K), 0.0033780 secs] [Times: user=0.01 sys=0.00, real=0.00 secs] 
2018-12-31T18:38:10.336+0900: 5736.835: [GC (Allocation Failure) [PSYoungGen: 93888K->864K(93696K)] 110174K->17158K(449024K), 0.0037628 secs] [Times: user=0.01 sys=0.00, real=0.00 secs] 
2018-12-31T18:39:26.597+0900: 5813.096: [GC (Allocation Failure) [PSYoungGen: 93536K->640K(93184K)] 109830K->16934K(448512K), 0.0031922 secs] [Times: user=0.01 sys=0.00, real=0.00 secs] 
2018-12-31T18:40:39.936+0900: 5886.435: [GC (Allocation Failure) [PSYoungGen: 92800K->544K(92672K)] 109094K->16854K(448000K), 0.0031091 secs] [Times: user=0.01 sys=0.00, real=0.00 secs] 
2018-12-31T18:41:43.642+0900: 5950.142: [GC (Allocation Failure) [PSYoungGen: 92192K->736K(92160K)] 108502K->17078K(447488K), 0.0040827 secs] [Times: user=0.02 sys=0.00, real=0.01 secs] 
2018-12-31T18:42:39.318+0900: 6005.817: [GC (Allocation Failure) [PSYoungGen: 91872K->1120K(92160K)] 108214K->17486K(447488K), 0.0035727 secs] [Times: user=0.01 sys=0.00, real=0.00 secs] 
2018-12-31T18:43:45.160+0900: 6071.659: [GC (Allocation Failure) [PSYoungGen: 91744K->704K(91136K)] 108110K->17070K(446464K), 0.0038511 secs] [Times: user=0.01 sys=0.01, real=0.01 secs] 
2018-12-31T18:44:49.377+0900: 6135.876: [GC (Allocation Failure) [PSYoungGen: 90816K->768K(90624K)] 107182K->17150K(445952K), 0.0036210 secs] [Times: user=0.02 sys=0.01, real=0.00 secs] 
2018-12-31T18:45:52.563+0900: 6199.062: [GC (Allocation Failure) [PSYoungGen: 90368K->832K(90112K)] 106750K->17214K(445440K), 0.0037299 secs] [Times: user=0.01 sys=0.00, real=0.01 secs] 
2018-12-31T18:46:53.939+0900: 6260.438: [GC (Allocation Failure) [PSYoungGen: 89920K->800K(89600K)] 106302K->17238K(444928K), 0.0043761 secs] [Times: user=0.02 sys=0.00, real=0.00 secs] 
2018-12-31T18:48:05.919+0900: 6332.418: [GC (Allocation Failure) [PSYoungGen: 89376K->544K(89088K)] 105814K->17022K(444416K), 0.0033840 secs] [Times: user=0.02 sys=0.00, real=0.00 secs] 
2018-12-31T18:49:12.702+0900: 6399.201: [GC (Allocation Failure) [PSYoungGen: 88608K->640K(88576K)] 105086K->17142K(443904K), 0.0033084 secs] [Times: user=0.01 sys=0.00, real=0.01 secs] 
2018-12-31T18:50:14.915+0900: 6461.414: [GC (Allocation Failure) [PSYoungGen: 88192K->768K(88064K)] 104694K->17310K(443392K), 0.0035459 secs] [Times: user=0.00 sys=0.01, real=0.00 secs] 
2018-12-31T18:51:23.050+0900: 6529.549: [GC (Allocation Failure) [PSYoungGen: 87808K->608K(87552K)] 104350K->17150K(442880K), 0.0034474 secs] [Times: user=0.01 sys=0.00, real=0.00 secs] 
2018-12-31T18:52:31.183+0900: 6597.682: [GC (Allocation Failure) [PSYoungGen: 87136K->640K(87040K)] 103678K->17206K(442368K), 0.0039349 secs] [Times: user=0.01 sys=0.00, real=0.01 secs] 
2018-12-31T18:53:35.516+0900: 6662.015: [GC (Allocation Failure) [PSYoungGen: 86656K->704K(86528K)] 103222K->17286K(441856K), 0.0037353 secs] [Times: user=0.02 sys=0.00, real=0.00 secs] 
2018-12-31T18:54:49.925+0900: 6736.424: [GC (Allocation Failure) [PSYoungGen: 86208K->384K(85504K)] 102790K->16966K(440832K), 0.0032349 secs] [Times: user=0.01 sys=0.00, real=0.00 secs] 
2018-12-31T18:56:01.951+0900: 6808.450: [GC (Allocation Failure) [PSYoungGen: 85376K->416K(84992K)] 101958K->17022K(440320K), 0.0040209 secs] [Times: user=0.01 sys=0.00, real=0.01 secs] 
2018-12-31T18:57:00.179+0900: 6866.678: [GC (Allocation Failure) [PSYoungGen: 84896K->896K(85504K)] 101502K->17518K(440832K), 0.0032536 secs] [Times: user=0.01 sys=0.00, real=0.00 secs] 
2018-12-31T18:58:12.824+0900: 6939.323: [GC (Allocation Failure) [PSYoungGen: 84864K->448K(83968K)] 101486K->17078K(439296K), 0.0033066 secs] [Times: user=0.01 sys=0.00, real=0.01 secs] 
2018-12-31T18:59:23.969+0900: 7010.468: [GC (Allocation Failure) [PSYoungGen: 83904K->480K(84480K)] 100534K->17134K(439808K), 0.0031220 secs] [Times: user=0.02 sys=0.00, real=0.00 secs] 
2018-12-31T19:00:24.170+0900: 7070.669: [GC (Allocation Failure) [PSYoungGen: 83424K->672K(83456K)] 100078K->17334K(438784K), 0.0043175 secs] [Times: user=0.01 sys=0.00, real=0.01 secs] 
2018-12-31T19:01:28.232+0900: 7134.731: [GC (Allocation Failure) [PSYoungGen: 83104K->512K(82432K)] 99766K->17206K(437760K), 0.0031658 secs] [Times: user=0.01 sys=0.00, real=0.01 secs] 
2018-12-31T19:02:16.990+0900: 7183.489: [GC (Allocation Failure) [PSYoungGen: 82432K->1056K(82944K)] 99126K->17758K(438272K), 0.0037297 secs] [Times: user=0.01 sys=0.00, real=0.01 secs] 
2018-12-31T19:03:05.144+0900: 7231.643: [GC (Allocation Failure) [PSYoungGen: 82464K->960K(81920K)] 99166K->17686K(437248K), 0.0038560 secs] [Times: user=0.01 sys=0.00, real=0.01 secs] 
2018-12-31T19:04:05.275+0900: 7291.774: [GC (Allocation Failure) [PSYoungGen: 81856K->704K(81408K)] 98582K->17430K(436736K), 0.0035261 secs] [Times: user=0.02 sys=0.00, real=0.00 secs] 
2018-12-31T19:05:02.358+0900: 7348.857: [GC (Allocation Failure) [PSYoungGen: 81088K->800K(80896K)] 97814K->17534K(436224K), 0.0035439 secs] [Times: user=0.01 sys=0.00, real=0.00 secs] 
2018-12-31T19:05:55.159+0900: 7401.658: [GC (Allocation Failure) [PSYoungGen: 80672K->928K(80384K)] 97406K->17718K(435712K), 0.0040690 secs] [Times: user=0.01 sys=0.00, real=0.00 secs] 
2018-12-31T19:06:43.240+0900: 7449.739: [GC (Allocation Failure) [PSYoungGen: 80288K->864K(79872K)] 97078K->17662K(435200K), 0.0038474 secs] [Times: user=0.01 sys=0.00, real=0.01 secs] 
2018-12-31T19:07:37.653+0900: 7504.152: [GC (Allocation Failure) [PSYoungGen: 79712K->736K(79360K)] 96510K->17582K(434688K), 0.0032098 secs] [Times: user=0.02 sys=0.00, real=0.01 secs] 
2018-12-31T19:08:33.919+0900: 7560.418: [GC (Allocation Failure) [PSYoungGen: 79072K->704K(78848K)] 95918K->17550K(434176K), 0.0038532 secs] [Times: user=0.01 sys=0.00, real=0.00 secs] 
2018-12-31T19:09:30.143+0900: 7616.642: [GC (Allocation Failure) [PSYoungGen: 78528K->608K(78336K)] 95374K->17454K(433664K), 0.0034468 secs] [Times: user=0.01 sys=0.00, real=0.01 secs] 
2018-12-31T19:10:23.360+0900: 7669.859: [GC (Allocation Failure) [PSYoungGen: 77920K->704K(77824K)] 94766K->17558K(433152K), 0.0037131 secs] [Times: user=0.01 sys=0.00, real=0.01 secs] 
2018-12-31T19:11:14.601+0900: 7721.100: [GC (Allocation Failure) [PSYoungGen: 77504K->800K(77312K)] 94358K->17662K(432640K), 0.0033852 secs] [Times: user=0.01 sys=0.00, real=0.01 secs] 
2018-12-31T19:12:10.878+0900: 7777.377: [GC (Allocation Failure) [PSYoungGen: 77088K->672K(76800K)] 93950K->17534K(432128K), 0.0034222 secs] [Times: user=0.02 sys=0.00, real=0.00 secs] 
2018-12-31T19:13:03.036+0900: 7829.535: [GC (Allocation Failure) [PSYoungGen: 76448K->640K(76288K)] 93310K->17510K(431616K), 0.0036451 secs] [Times: user=0.01 sys=0.00, real=0.00 secs] 
2018-12-31T19:13:57.767+0900: 7884.266: [GC (Allocation Failure) [PSYoungGen: 75904K->608K(76288K)] 92774K->17486K(431616K), 0.0035157 secs] [Times: user=0.02 sys=0.00, real=0.00 secs] 
2018-12-31T19:14:54.239+0900: 7940.738: [GC (Allocation Failure) [PSYoungGen: 75360K->704K(75264K)] 92238K->17582K(430592K), 0.0029587 secs] [Times: user=0.01 sys=0.00, real=0.00 secs] 
2018-12-31T19:15:52.415+0900: 7998.914: [GC (Allocation Failure) [PSYoungGen: 74876K->608K(74752K)] 91755K->17502K(430080K), 0.0030129 secs] [Times: user=0.01 sys=0.00, real=0.00 secs] 
2018-12-31T19:16:47.858+0900: 8054.357: [GC (Allocation Failure) [PSYoungGen: 74336K->512K(73728K)] 91230K->17543K(429056K), 0.0030890 secs] [Times: user=0.01 sys=0.00, real=0.00 secs] 
2018-12-31T19:17:49.665+0900: 8116.164: [GC (Allocation Failure) [PSYoungGen: 73728K->384K(73728K)] 90759K->17447K(429056K), 0.0031924 secs] [Times: user=0.01 sys=0.01, real=0.00 secs] 
2018-12-31T19:18:43.040+0900: 8169.539: [GC (Allocation Failure) [PSYoungGen: 73088K->640K(73216K)] 90151K->17703K(428544K), 0.0033768 secs] [Times: user=0.01 sys=0.00, real=0.01 secs] 
2018-12-31T19:19:33.608+0900: 8220.107: [GC (Allocation Failure) [PSYoungGen: 72832K->640K(72704K)] 89895K->17711K(428032K), 0.0036843 secs] [Times: user=0.01 sys=0.00, real=0.00 secs] 
2018-12-31T19:20:25.204+0900: 8271.703: [GC (Allocation Failure) [PSYoungGen: 72320K->512K(71680K)] 89391K->17719K(427008K), 0.0034619 secs] [Times: user=0.01 sys=0.00, real=0.00 secs] 
2018-12-31T19:21:17.966+0900: 8324.465: [GC (Allocation Failure) [PSYoungGen: 71680K->608K(71680K)] 88887K->17839K(427008K), 0.0032900 secs] [Times: user=0.01 sys=0.00, real=0.00 secs] 
2018-12-31T19:22:13.319+0900: 8379.818: [GC (Allocation Failure) [PSYoungGen: 71264K->544K(71168K)] 88495K->17775K(426496K), 0.0028070 secs] [Times: user=0.01 sys=0.00, real=0.00 secs] 
2018-12-31T19:23:06.404+0900: 8432.903: [GC (Allocation Failure) [PSYoungGen: 70688K->544K(70656K)] 87919K->17775K(425984K), 0.0036628 secs] [Times: user=0.02 sys=0.00, real=0.00 secs] 
2018-12-31T19:24:05.394+0900: 8491.893: [GC (Allocation Failure) [PSYoungGen: 70176K->416K(69632K)] 87407K->17655K(424960K), 0.0029383 secs] [Times: user=0.01 sys=0.00, real=0.00 secs] 
2018-12-31T19:25:05.056+0900: 8551.555: [GC (Allocation Failure) [PSYoungGen: 69536K->384K(69632K)] 86775K->17639K(424960K), 0.0032929 secs] [Times: user=0.01 sys=0.00, real=0.00 secs] 
2018-12-31T19:25:54.476+0900: 8600.975: [GC (Allocation Failure) [PSYoungGen: 68992K->608K(69120K)] 86247K->17863K(424448K), 0.0028981 secs] [Times: user=0.01 sys=0.00, real=0.00 secs] 
2018-12-31T19:26:47.252+0900: 8653.751: [GC (Allocation Failure) [PSYoungGen: 68704K->544K(68608K)] 85959K->17799K(423936K), 0.0033283 secs] [Times: user=0.01 sys=0.00, real=0.01 secs] 
2018-12-31T19:27:38.153+0900: 8704.652: [GC (Allocation Failure) [PSYoungGen: 68128K->512K(67584K)] 85383K->17839K(422912K), 0.0033871 secs] [Times: user=0.01 sys=0.00, real=0.01 secs] 
2018-12-31T19:28:29.884+0900: 8756.383: [GC (Allocation Failure) [PSYoungGen: 67584K->576K(67584K)] 84911K->17911K(422912K), 0.0033319 secs] [Times: user=0.01 sys=0.00, real=0.00 secs] 
2018-12-31T19:29:23.857+0900: 8810.356: [GC (Allocation Failure) [PSYoungGen: 67136K->512K(66560K)] 84471K->17847K(421888K), 0.0030896 secs] [Times: user=0.01 sys=0.00, real=0.00 secs] 
2018-12-31T19:30:17.072+0900: 8863.571: [GC (Allocation Failure) [PSYoungGen: 66560K->416K(66560K)] 83895K->17799K(421888K), 0.0032246 secs] [Times: user=0.01 sys=0.00, real=0.01 secs] 
2018-12-31T19:31:10.017+0900: 8916.516: [GC (Allocation Failure) [PSYoungGen: 65952K->512K(65536K)] 83335K->17935K(420864K), 0.0034645 secs] [Times: user=0.01 sys=0.00, real=0.00 secs] 
2018-12-31T19:32:04.147+0900: 8970.646: [GC (Allocation Failure) [PSYoungGen: 65536K->448K(65536K)] 82959K->17895K(420864K), 0.0030322 secs] [Times: user=0.01 sys=0.00, real=0.00 secs] 
2018-12-31T19:32:26.082+0900: 8992.581: [GC (Allocation Failure) [PSYoungGen: 64960K->992K(65536K)] 82407K->18631K(420864K), 0.0037890 secs] [Times: user=0.01 sys=0.00, real=0.01 secs] 
2018-12-31T19:33:05.957+0900: 9032.456: [GC (Allocation Failure) [PSYoungGen: 65504K->768K(65536K)] 83143K->18487K(420864K), 0.0034840 secs] [Times: user=0.01 sys=0.00, real=0.00 secs] 
2018-12-31T19:33:53.747+0900: 9080.246: [GC (Allocation Failure) [PSYoungGen: 65280K->512K(65024K)] 82999K->18287K(420352K), 0.0034068 secs] [Times: user=0.01 sys=0.01, real=0.00 secs] 
2018-12-31T19:34:45.115+0900: 9131.614: [GC (Allocation Failure) [PSYoungGen: 65024K->512K(65536K)] 82799K->18295K(420864K), 0.0032680 secs] [Times: user=0.01 sys=0.00, real=0.00 secs] 
2018-12-31T19:35:35.095+0900: 9181.595: [GC (Allocation Failure) [PSYoungGen: 65024K->512K(65024K)] 82807K->18295K(420352K), 0.0033678 secs] [Times: user=0.01 sys=0.00, real=0.00 secs] 
2018-12-31T19:36:20.911+0900: 9227.410: [GC (Allocation Failure) [PSYoungGen: 65024K->736K(65536K)] 82807K->18519K(420864K), 0.0038957 secs] [Times: user=0.01 sys=0.00, real=0.01 secs] 
2018-12-31T19:37:04.262+0900: 9270.761: [GC (Allocation Failure) [PSYoungGen: 65248K->672K(65536K)] 83031K->18455K(420864K), 0.0031688 secs] [Times: user=0.01 sys=0.00, real=0.01 secs] 
2018-12-31T19:37:51.970+0900: 9318.469: [GC (Allocation Failure) [PSYoungGen: 65184K->544K(65536K)] 82967K->18327K(420864K), 0.0034605 secs] [Times: user=0.02 sys=0.00, real=0.01 secs] 
2018-12-31T19:38:45.786+0900: 9372.285: [GC (Allocation Failure) [PSYoungGen: 65056K->480K(65024K)] 82839K->18263K(420352K), 0.0031978 secs] [Times: user=0.01 sys=0.00, real=0.00 secs] 
2018-12-31T19:39:43.327+0900: 9429.826: [GC (Allocation Failure) [PSYoungGen: 64992K->256K(65536K)] 82775K->18079K(420864K), 0.0025823 secs] [Times: user=0.01 sys=0.00, real=0.00 secs] 
2018-12-31T19:40:33.101+0900: 9479.600: [GC (Allocation Failure) [PSYoungGen: 64768K->480K(65024K)] 82591K->18335K(420352K), 0.0033473 secs] [Times: user=0.01 sys=0.00, real=0.01 secs] 
2018-12-31T19:41:22.439+0900: 9528.938: [GC (Allocation Failure) [PSYoungGen: 64992K->512K(65536K)] 82847K->18367K(420864K), 0.0037272 secs] [Times: user=0.01 sys=0.00, real=0.00 secs] 
2018-12-31T19:42:12.015+0900: 9578.514: [GC (Allocation Failure) [PSYoungGen: 65024K->544K(65536K)] 82879K->18399K(420864K), 0.0033509 secs] [Times: user=0.02 sys=0.00, real=0.00 secs] 
2018-12-31T19:43:05.878+0900: 9632.377: [GC (Allocation Failure) [PSYoungGen: 65056K->448K(65024K)] 82911K->18303K(420352K), 0.0029410 secs] [Times: user=0.01 sys=0.00, real=0.00 secs] 
2018-12-31T19:43:57.312+0900: 9683.811: [GC (Allocation Failure) [PSYoungGen: 64960K->448K(65024K)] 82815K->18303K(420352K), 0.0030704 secs] [Times: user=0.00 sys=0.00, real=0.01 secs] 
2018-12-31T19:44:43.499+0900: 9729.998: [GC (Allocation Failure) [PSYoungGen: 64960K->608K(65536K)] 82815K->18487K(420864K), 0.0033764 secs] [Times: user=0.01 sys=0.00, real=0.00 secs] 
2018-12-31T19:45:36.922+0900: 9783.421: [GC (Allocation Failure) [PSYoungGen: 65120K->416K(65024K)] 82999K->18351K(420352K), 0.0030441 secs] [Times: user=0.01 sys=0.00, real=0.01 secs] 
2018-12-31T19:46:22.907+0900: 9829.406: [GC (Allocation Failure) [PSYoungGen: 64928K->576K(65536K)] 82863K->18519K(420864K), 0.0033411 secs] [Times: user=0.01 sys=0.01, real=0.00 secs] 
2018-12-31T19:47:05.055+0900: 9871.554: [GC (Allocation Failure) [PSYoungGen: 65088K->640K(65536K)] 83031K->18591K(420864K), 0.0031109 secs] [Times: user=0.01 sys=0.00, real=0.00 secs] 
2018-12-31T19:47:56.598+0900: 9923.097: [GC (Allocation Failure) [PSYoungGen: 65152K->480K(65024K)] 83103K->18439K(420352K), 0.0030689 secs] [Times: user=0.01 sys=0.00, real=0.00 secs] 
2018-12-31T19:48:46.685+0900: 9973.184: [GC (Allocation Failure) [PSYoungGen: 64992K->448K(65024K)] 82951K->18407K(420352K), 0.0033563 secs] [Times: user=0.01 sys=0.00, real=0.00 secs] 
2018-12-31T19:49:38.658+0900: 10025.157: [GC (Allocation Failure) [PSYoungGen: 64960K->384K(65536K)] 82919K->18343K(420864K), 0.0030064 secs] [Times: user=0.01 sys=0.00, real=0.00 secs] 
2018-12-31T19:50:25.011+0900: 10071.510: [GC (Allocation Failure) [PSYoungGen: 64896K->544K(65536K)] 82855K->18503K(420864K), 0.0032167 secs] [Times: user=0.01 sys=0.00, real=0.01 secs] 
2018-12-31T19:51:08.396+0900: 10114.895: [GC (Allocation Failure) [PSYoungGen: 65056K->768K(65536K)] 83015K->18727K(420864K), 0.0030683 secs] [Times: user=0.01 sys=0.01, real=0.00 secs] 
2018-12-31T19:51:54.193+0900: 10160.692: [GC (Allocation Failure) [PSYoungGen: 65280K->512K(65024K)] 83239K->18599K(420352K), 0.0033737 secs] [Times: user=0.01 sys=0.00, real=0.01 secs] 
2018-12-31T19:52:43.616+0900: 10210.115: [GC (Allocation Failure) [PSYoungGen: 65024K->608K(65536K)] 83111K->18719K(420864K), 0.0033908 secs] [Times: user=0.01 sys=0.00, real=0.00 secs] 
2018-12-31T19:53:22.544+0900: 10249.043: [GC (Allocation Failure) [PSYoungGen: 65120K->832K(65536K)] 83231K->18943K(420864K), 0.0037733 secs] [Times: user=0.01 sys=0.00, real=0.00 secs] 
2018-12-31T19:54:10.631+0900: 10297.130: [GC (Allocation Failure) [PSYoungGen: 65344K->544K(65536K)] 83455K->18655K(420864K), 0.0033456 secs] [Times: user=0.01 sys=0.00, real=0.01 secs] 
2018-12-31T19:55:02.029+0900: 10348.528: [GC (Allocation Failure) [PSYoungGen: 65056K->480K(65024K)] 83167K->18591K(420352K), 0.0032620 secs] [Times: user=0.01 sys=0.00, real=0.00 secs] 
2018-12-31T19:55:54.053+0900: 10400.552: [GC (Allocation Failure) [PSYoungGen: 64992K->480K(65536K)] 83103K->18591K(420864K), 0.0031146 secs] [Times: user=0.01 sys=0.01, real=0.01 secs] 
2018-12-31T19:56:39.392+0900: 10445.891: [GC (Allocation Failure) [PSYoungGen: 64992K->640K(65536K)] 83103K->18807K(420864K), 0.0035148 secs] [Times: user=0.01 sys=0.00, real=0.01 secs] 
2018-12-31T19:57:23.911+0900: 10490.410: [GC (Allocation Failure) [PSYoungGen: 65152K->672K(65536K)] 83319K->18855K(420864K), 0.0035725 secs] [Times: user=0.01 sys=0.00, real=0.01 secs] 
2018-12-31T19:58:13.680+0900: 10540.179: [GC (Allocation Failure) [PSYoungGen: 65184K->512K(65024K)] 83367K->18711K(420352K), 0.0032347 secs] [Times: user=0.02 sys=0.00, real=0.00 secs] 
2018-12-31T19:58:59.614+0900: 10586.113: [GC (Allocation Failure) [PSYoungGen: 65024K->640K(65536K)] 83223K->18847K(420864K), 0.0035701 secs] [Times: user=0.01 sys=0.00, real=0.00 secs] 
2018-12-31T19:59:49.055+0900: 10635.554: [GC (Allocation Failure) [PSYoungGen: 65152K->448K(65024K)] 83359K->18663K(420352K), 0.0031913 secs] [Times: user=0.01 sys=0.00, real=0.00 secs] 
2018-12-31T20:00:35.236+0900: 10681.735: [GC (Allocation Failure) [PSYoungGen: 64960K->544K(65536K)] 83175K->18759K(420864K), 0.0033753 secs] [Times: user=0.01 sys=0.00, real=0.00 secs] 
2018-12-31T20:01:27.333+0900: 10733.832: [GC (Allocation Failure) [PSYoungGen: 65056K->480K(65024K)] 83271K->18695K(420352K), 0.0031504 secs] [Times: user=0.01 sys=0.00, real=0.01 secs] 
2018-12-31T20:02:18.989+0900: 10785.488: [GC (Allocation Failure) [PSYoungGen: 64992K->480K(65536K)] 83207K->18711K(420864K), 0.0027188 secs] [Times: user=0.01 sys=0.01, real=0.00 secs] 
2018-12-31T20:02:42.907+0900: 10809.406: [GC (Allocation Failure) [PSYoungGen: 64992K->1024K(65536K)] 83223K->19375K(420864K), 0.0038673 secs] [Times: user=0.01 sys=0.00, real=0.00 secs] 
2018-12-31T20:03:40.961+0900: 10867.460: [GC (Allocation Failure) [PSYoungGen: 65536K->384K(65024K)] 83887K->18799K(420352K), 0.0026446 secs] [Times: user=0.01 sys=0.00, real=0.01 secs] 
2018-12-31T20:04:34.309+0900: 10920.808: [GC (Allocation Failure) [PSYoungGen: 64896K->480K(65024K)] 83311K->18895K(420352K), 0.0029164 secs] [Times: user=0.01 sys=0.00, real=0.00 secs] 
2018-12-31T20:05:26.377+0900: 10972.876: [GC (Allocation Failure) [PSYoungGen: 64992K->480K(65536K)] 83407K->18895K(420864K), 0.0030526 secs] [Times: user=0.01 sys=0.00, real=0.00 secs] 
2018-12-31T20:06:12.540+0900: 11019.039: [GC (Allocation Failure) [PSYoungGen: 64992K->640K(65536K)] 83407K->19055K(420864K), 0.0032824 secs] [Times: user=0.01 sys=0.00, real=0.00 secs] 
2018-12-31T20:07:00.366+0900: 11066.865: [GC (Allocation Failure) [PSYoungGen: 65152K->576K(65536K)] 83567K->18991K(420864K), 0.0030023 secs] [Times: user=0.01 sys=0.00, real=0.00 secs] 
2018-12-31T20:07:54.031+0900: 11120.530: [GC (Allocation Failure) [PSYoungGen: 65088K->448K(65024K)] 83503K->18863K(420352K), 0.0027878 secs] [Times: user=0.01 sys=0.00, real=0.01 secs] 
2018-12-31T20:08:42.139+0900: 11168.638: [GC (Allocation Failure) [PSYoungGen: 64960K->576K(65536K)] 83375K->18991K(420864K), 0.0030305 secs] [Times: user=0.01 sys=0.00, real=0.00 secs] 
2018-12-31T20:09:25.207+0900: 11211.706: [GC (Allocation Failure) [PSYoungGen: 65088K->704K(65536K)] 83503K->19119K(420864K), 0.0035190 secs] [Times: user=0.01 sys=0.00, real=0.00 secs] 
2018-12-31T20:10:08.038+0900: 11254.537: [GC (Allocation Failure) [PSYoungGen: 65216K->672K(65536K)] 83631K->19087K(420864K), 0.0034230 secs] [Times: user=0.01 sys=0.00, real=0.00 secs] 
2018-12-31T20:10:54.297+0900: 11300.796: [GC (Allocation Failure) [PSYoungGen: 65184K->480K(65024K)] 83599K->19015K(420352K), 0.0033000 secs] [Times: user=0.01 sys=0.00, real=0.00 secs] 
2018-12-31T20:11:45.837+0900: 11352.336: [GC (Allocation Failure) [PSYoungGen: 64992K->544K(65536K)] 83527K->19079K(420864K), 0.0032173 secs] [Times: user=0.01 sys=0.00, real=0.00 secs] 
2018-12-31T20:12:29.495+0900: 11395.994: [GC (Allocation Failure) [PSYoungGen: 65056K->640K(65536K)] 83591K->19175K(420864K), 0.0030658 secs] [Times: user=0.01 sys=0.00, real=0.00 secs] 
2018-12-31T20:13:17.527+0900: 11444.026: [GC (Allocation Failure) [PSYoungGen: 65152K->608K(65536K)] 83687K->19175K(420864K), 0.0033123 secs] [Times: user=0.01 sys=0.00, real=0.00 secs] 
2018-12-31T20:14:09.460+0900: 11495.959: [GC (Allocation Failure) [PSYoungGen: 65120K->480K(65024K)] 83687K->19063K(420352K), 0.0031188 secs] [Times: user=0.01 sys=0.00, real=0.00 secs] 
2018-12-31T20:15:01.474+0900: 11547.973: [GC (Allocation Failure) [PSYoungGen: 64992K->480K(65536K)] 83575K->19119K(420864K), 0.0031958 secs] [Times: user=0.02 sys=0.00, real=0.00 secs] 
2018-12-31T20:15:56.881+0900: 11603.381: [GC (Allocation Failure) [PSYoungGen: 64992K->416K(65024K)] 83631K->19095K(420352K), 0.0031690 secs] [Times: user=0.01 sys=0.00, real=0.01 secs] 
2018-12-31T20:16:39.048+0900: 11645.547: [GC (Allocation Failure) [PSYoungGen: 64928K->672K(65536K)] 83607K->19359K(420864K), 0.0033234 secs] [Times: user=0.02 sys=0.00, real=0.00 secs] 
2018-12-31T20:17:35.269+0900: 11701.768: [GC (Allocation Failure) [PSYoungGen: 65184K->384K(65024K)] 83871K->19071K(420352K), 0.0030674 secs] [Times: user=0.01 sys=0.00, real=0.00 secs] 
2018-12-31T20:18:27.478+0900: 11753.977: [GC (Allocation Failure) [PSYoungGen: 64896K->448K(65536K)] 83583K->19135K(420864K), 0.0031629 secs] [Times: user=0.01 sys=0.00, real=0.00 secs] 
2018-12-31T20:19:24.988+0900: 11811.487: [GC (Allocation Failure) [PSYoungGen: 64960K->256K(65536K)] 83647K->18943K(420864K), 0.0028146 secs] [Times: user=0.01 sys=0.00, real=0.00 secs] 
2018-12-31T20:20:16.912+0900: 11863.411: [GC (Allocation Failure) [PSYoungGen: 64768K->480K(65536K)] 83455K->19207K(420864K), 0.0031235 secs] [Times: user=0.02 sys=0.00, real=0.01 secs] 
2018-12-31T20:21:09.122+0900: 11915.621: [GC (Allocation Failure) [PSYoungGen: 64992K->448K(65536K)] 83719K->19175K(420864K), 0.0027942 secs] [Times: user=0.01 sys=0.00, real=0.01 secs] 
2018-12-31T20:21:59.859+0900: 11966.358: [GC (Allocation Failure) [PSYoungGen: 64960K->544K(65536K)] 83687K->19271K(420864K), 0.0031467 secs] [Times: user=0.02 sys=0.00, real=0.00 secs] 
2018-12-31T20:22:52.039+0900: 12018.538: [GC (Allocation Failure) [PSYoungGen: 65056K->416K(65536K)] 83783K->19143K(420864K), 0.0028530 secs] [Times: user=0.01 sys=0.00, real=0.00 secs] 
2018-12-31T20:23:37.804+0900: 12064.303: [GC (Allocation Failure) [PSYoungGen: 64928K->640K(65536K)] 83655K->19375K(420864K), 0.0035781 secs] [Times: user=0.01 sys=0.00, real=0.00 secs] 
2018-12-31T20:24:25.710+0900: 12112.209: [GC (Allocation Failure) [PSYoungGen: 65152K->512K(65536K)] 83887K->19271K(420864K), 0.0034222 secs] [Times: user=0.01 sys=0.00, real=0.00 secs] 
2018-12-31T20:25:17.135+0900: 12163.634: [GC (Allocation Failure) [PSYoungGen: 65024K->416K(65536K)] 83783K->19175K(420864K), 0.0031440 secs] [Times: user=0.01 sys=0.00, real=0.00 secs] 
2018-12-31T20:26:13.258+0900: 12219.757: [GC (Allocation Failure) [PSYoungGen: 64928K->352K(65536K)] 83687K->19111K(420864K), 0.0030142 secs] [Times: user=0.02 sys=0.00, real=0.00 secs] 
2018-12-31T20:27:10.601+0900: 12277.100: [GC (Allocation Failure) [PSYoungGen: 64864K->320K(65536K)] 83623K->19087K(420864K), 0.0030738 secs] [Times: user=0.01 sys=0.00, real=0.01 secs] 
2018-12-31T20:28:00.242+0900: 12326.741: [GC (Allocation Failure) [PSYoungGen: 64832K->416K(65536K)] 83599K->19191K(420864K), 0.0031537 secs] [Times: user=0.01 sys=0.00, real=0.01 secs] 
2018-12-31T20:28:57.994+0900: 12384.493: [GC (Allocation Failure) [PSYoungGen: 64928K->320K(65536K)] 83703K->19095K(420864K), 0.0029511 secs] [Times: user=0.01 sys=0.00, real=0.00 secs] 
2018-12-31T20:29:55.440+0900: 12441.939: [GC (Allocation Failure) [PSYoungGen: 64829K->352K(65536K)] 83605K->19143K(420864K), 0.0029763 secs] [Times: user=0.00 sys=0.00, real=0.00 secs] 
2018-12-31T20:30:50.671+0900: 12497.170: [GC (Allocation Failure) [PSYoungGen: 64864K->448K(65536K)] 83655K->19239K(420864K), 0.0030174 secs] [Times: user=0.01 sys=0.00, real=0.01 secs] 
2018-12-31T20:31:40.922+0900: 12547.421: [GC (Allocation Failure) [PSYoungGen: 64960K->512K(65536K)] 83751K->19303K(420864K), 0.0030430 secs] [Times: user=0.01 sys=0.00, real=0.01 secs] 
2018-12-31T20:32:18.169+0900: 12584.669: [GC (Allocation Failure) [PSYoungGen: 65024K->928K(65536K)] 83815K->19719K(420864K), 0.0031804 secs] [Times: user=0.02 sys=0.00, real=0.00 secs] 
2018-12-31T20:32:54.924+0900: 12621.423: [GC (Allocation Failure) [PSYoungGen: 65440K->864K(65536K)] 84231K->19655K(420864K), 0.0036416 secs] [Times: user=0.01 sys=0.00, real=0.00 secs] 
2018-12-31T20:33:51.150+0900: 12677.649: [GC (Allocation Failure) [PSYoungGen: 65376K->384K(65536K)] 84167K->19175K(420864K), 0.0029909 secs] [Times: user=0.01 sys=0.00, real=0.00 secs] 
2018-12-31T20:34:33.579+0900: 12720.078: [GC (Allocation Failure) [PSYoungGen: 64896K->672K(65536K)] 83687K->19463K(420864K), 0.0032321 secs] [Times: user=0.01 sys=0.00, real=0.00 secs] 
2018-12-31T20:35:17.490+0900: 12763.989: [GC (Allocation Failure) [PSYoungGen: 65184K->736K(65536K)] 83975K->19543K(420864K), 0.0031847 secs] [Times: user=0.02 sys=0.00, real=0.00 secs] 
2018-12-31T20:36:02.673+0900: 12809.172: [GC (Allocation Failure) [PSYoungGen: 65248K->672K(65536K)] 84055K->19479K(420864K), 0.0030532 secs] [Times: user=0.01 sys=0.00, real=0.01 secs] 
2018-12-31T20:36:56.892+0900: 12863.392: [GC (Allocation Failure) [PSYoungGen: 65184K->480K(65536K)] 83991K->19287K(420864K), 0.0027034 secs] [Times: user=0.02 sys=0.00, real=0.01 secs] 
2018-12-31T20:37:44.375+0900: 12910.874: [GC (Allocation Failure) [PSYoungGen: 64992K->544K(65536K)] 83799K->19351K(420864K), 0.0033925 secs] [Times: user=0.01 sys=0.00, real=0.00 secs] 
2018-12-31T20:38:29.904+0900: 12956.403: [GC (Allocation Failure) [PSYoungGen: 65001K->608K(65536K)] 83809K->19415K(420864K), 0.0029805 secs] [Times: user=0.01 sys=0.00, real=0.00 secs] 
2018-12-31T20:39:17.597+0900: 13004.096: [GC (Allocation Failure) [PSYoungGen: 65120K->640K(65536K)] 83927K->19447K(420864K), 0.0036147 secs] [Times: user=0.01 sys=0.00, real=0.00 secs] 
2018-12-31T20:39:58.607+0900: 13045.106: [GC (Allocation Failure) [PSYoungGen: 65152K->768K(65536K)] 83959K->19575K(420864K), 0.0035925 secs] [Times: user=0.02 sys=0.00, real=0.00 secs] 
2018-12-31T20:40:45.793+0900: 13092.292: [GC (Allocation Failure) [PSYoungGen: 65280K->640K(65536K)] 84087K->19447K(420864K), 0.0034551 secs] [Times: user=0.01 sys=0.00, real=0.01 secs] 
2018-12-31T20:41:39.132+0900: 13145.631: [GC (Allocation Failure) [PSYoungGen: 65152K->448K(65536K)] 83959K->19255K(420864K), 0.0030399 secs] [Times: user=0.01 sys=0.00, real=0.01 secs] 
2018-12-31T20:42:33.216+0900: 13199.715: [GC (Allocation Failure) [PSYoungGen: 64960K->352K(65536K)] 83767K->19183K(420864K), 0.0028731 secs] [Times: user=0.01 sys=0.00, real=0.00 secs] 
2018-12-31T20:43:23.057+0900: 13249.556: [GC (Allocation Failure) [PSYoungGen: 64864K->512K(65536K)] 83695K->19343K(420864K), 0.0030202 secs] [Times: user=0.02 sys=0.00, real=0.00 secs] 
2018-12-31T20:44:06.958+0900: 13293.457: [GC (Allocation Failure) [PSYoungGen: 65024K->768K(65536K)] 83855K->19607K(420864K), 0.0037113 secs] [Times: user=0.02 sys=0.00, real=0.00 secs] 
2018-12-31T20:44:59.585+0900: 13346.084: [GC (Allocation Failure) [PSYoungGen: 65280K->640K(65536K)] 84119K->19487K(420864K), 0.0029923 secs] [Times: user=0.01 sys=0.00, real=0.00 secs] 
2018-12-31T20:45:50.080+0900: 13396.579: [GC (Allocation Failure) [PSYoungGen: 65152K->544K(65536K)] 83999K->19391K(420864K), 0.0034586 secs] [Times: user=0.01 sys=0.00, real=0.00 secs] 
2018-12-31T20:46:32.159+0900: 13438.658: [GC (Allocation Failure) [PSYoungGen: 65056K->640K(65536K)] 83903K->19487K(420864K), 0.0034883 secs] [Times: user=0.01 sys=0.00, real=0.00 secs] 
2018-12-31T20:47:23.845+0900: 13490.345: [GC (Allocation Failure) [PSYoungGen: 65152K->448K(65536K)] 83999K->19303K(420864K), 0.0030745 secs] [Times: user=0.01 sys=0.00, real=0.00 secs] 
2018-12-31T20:48:15.652+0900: 13542.151: [GC (Allocation Failure) [PSYoungGen: 64960K->480K(65536K)] 83815K->19343K(420864K), 0.0027216 secs] [Times: user=0.01 sys=0.00, real=0.01 secs] 
2018-12-31T20:49:07.402+0900: 13593.901: [GC (Allocation Failure) [PSYoungGen: 64992K->480K(65536K)] 83855K->19343K(420864K), 0.0031075 secs] [Times: user=0.01 sys=0.00, real=0.01 secs] 
2018-12-31T20:49:57.233+0900: 13643.732: [GC (Allocation Failure) [PSYoungGen: 64992K->512K(65536K)] 83855K->19375K(420864K), 0.0030268 secs] [Times: user=0.00 sys=0.01, real=0.01 secs] 
2018-12-31T20:50:48.611+0900: 13695.110: [GC (Allocation Failure) [PSYoungGen: 65024K->480K(65536K)] 83887K->19359K(420864K), 0.0031436 secs] [Times: user=0.01 sys=0.00, real=0.01 secs] 
2018-12-31T20:51:38.577+0900: 13745.076: [GC (Allocation Failure) [PSYoungGen: 64992K->448K(65536K)] 83871K->19335K(420864K), 0.0032796 secs] [Times: user=0.01 sys=0.00, real=0.00 secs] 
2018-12-31T20:52:22.516+0900: 13789.015: [GC (Allocation Failure) [PSYoungGen: 64960K->672K(65536K)] 83847K->19559K(420864K), 0.0034460 secs] [Times: user=0.02 sys=0.00, real=0.00 secs] 
2018-12-31T20:53:07.859+0900: 13834.358: [GC (Allocation Failure) [PSYoungGen: 65184K->576K(65536K)] 84071K->19463K(420864K), 0.0033085 secs] [Times: user=0.01 sys=0.00, real=0.00 secs] 
2018-12-31T20:53:57.894+0900: 13884.393: [GC (Allocation Failure) [PSYoungGen: 65088K->512K(65536K)] 83975K->19399K(420864K), 0.0032148 secs] [Times: user=0.02 sys=0.00, real=0.00 secs] 
2018-12-31T20:54:38.446+0900: 13924.945: [GC (Allocation Failure) [PSYoungGen: 65024K->672K(65536K)] 83911K->19559K(420864K), 0.0036019 secs] [Times: user=0.01 sys=0.00, real=0.00 secs] 
2018-12-31T20:55:26.241+0900: 13972.740: [GC (Allocation Failure) [PSYoungGen: 65184K->576K(65536K)] 84071K->19463K(420864K), 0.0032322 secs] [Times: user=0.01 sys=0.00, real=0.01 secs] 
2018-12-31T20:56:18.250+0900: 14024.749: [GC (Allocation Failure) [PSYoungGen: 65088K->448K(65536K)] 83975K->19343K(420864K), 0.0026091 secs] [Times: user=0.01 sys=0.00, real=0.00 secs] 
2018-12-31T20:57:10.349+0900: 14076.848: [GC (Allocation Failure) [PSYoungGen: 64960K->480K(65536K)] 83855K->19391K(420864K), 0.0034142 secs] [Times: user=0.01 sys=0.00, real=0.00 secs] 
2018-12-31T20:57:58.086+0900: 14124.585: [GC (Allocation Failure) [PSYoungGen: 64992K->608K(65536K)] 83903K->19519K(420864K), 0.0028344 secs] [Times: user=0.01 sys=0.00, real=0.00 secs] 
2018-12-31T20:58:44.008+0900: 14170.507: [GC (Allocation Failure) [PSYoungGen: 65120K->608K(65536K)] 84031K->19519K(420864K), 0.0030832 secs] [Times: user=0.01 sys=0.00, real=0.00 secs] 
2018-12-31T20:59:38.219+0900: 14224.718: [GC (Allocation Failure) [PSYoungGen: 65120K->448K(65536K)] 84031K->19359K(420864K), 0.0029249 secs] [Times: user=0.02 sys=0.00, real=0.00 secs] 
2018-12-31T21:00:27.520+0900: 14274.019: [GC (Allocation Failure) [PSYoungGen: 64960K->576K(65536K)] 83871K->19487K(420864K), 0.0027035 secs] [Times: user=0.01 sys=0.00, real=0.00 secs] 
2018-12-31T21:01:11.439+0900: 14317.938: [GC (Allocation Failure) [PSYoungGen: 65088K->608K(65536K)] 83999K->19519K(420864K), 0.0036728 secs] [Times: user=0.02 sys=0.00, real=0.00 secs] 
2018-12-31T21:01:53.280+0900: 14359.779: [GC (Allocation Failure) [PSYoungGen: 65120K->736K(65536K)] 84031K->19647K(420864K), 0.0036336 secs] [Times: user=0.01 sys=0.00, real=0.01 secs] 
2018-12-31T21:02:19.083+0900: 14385.582: [GC (Allocation Failure) [PSYoungGen: 65248K->1024K(65536K)] 84159K->19991K(420864K), 0.0038056 secs] [Times: user=0.01 sys=0.00, real=0.01 secs] 
2018-12-31T21:02:59.544+0900: 14426.043: [GC (Allocation Failure) [PSYoungGen: 65536K->736K(65536K)] 84503K->19703K(420864K), 0.0034485 secs] [Times: user=0.02 sys=0.00, real=0.00 secs] 
2018-12-31T21:03:55.251+0900: 14481.750: [GC (Allocation Failure) [PSYoungGen: 65248K->416K(65536K)] 84215K->19383K(420864K), 0.0027000 secs] [Times: user=0.01 sys=0.00, real=0.01 secs] 
2018-12-31T21:04:41.238+0900: 14527.737: [GC (Allocation Failure) [PSYoungGen: 64928K->544K(65536K)] 83895K->19511K(420864K), 0.0032058 secs] [Times: user=0.01 sys=0.00, real=0.00 secs] 
2018-12-31T21:05:34.969+0900: 14581.469: [GC (Allocation Failure) [PSYoungGen: 65056K->480K(65536K)] 84023K->19463K(420864K), 0.0028935 secs] [Times: user=0.02 sys=0.00, real=0.00 secs] 
2018-12-31T21:06:26.725+0900: 14633.224: [GC (Allocation Failure) [PSYoungGen: 64992K->512K(65536K)] 83975K->19495K(420864K), 0.0030727 secs] [Times: user=0.01 sys=0.00, real=0.00 secs] 
2018-12-31T21:07:12.443+0900: 14678.942: [GC (Allocation Failure) [PSYoungGen: 65023K->544K(65536K)] 84007K->19527K(420864K), 0.0034549 secs] [Times: user=0.02 sys=0.00, real=0.01 secs] 
2018-12-31T21:08:03.187+0900: 14729.686: [GC (Allocation Failure) [PSYoungGen: 65056K->512K(65536K)] 84039K->19495K(420864K), 0.0029785 secs] [Times: user=0.01 sys=0.00, real=0.00 secs] 
2018-12-31T21:08:49.659+0900: 14776.158: [GC (Allocation Failure) [PSYoungGen: 65024K->544K(65536K)] 84007K->19527K(420864K), 0.0029586 secs] [Times: user=0.01 sys=0.00, real=0.00 secs] 
2018-12-31T21:09:41.659+0900: 14828.158: [GC (Allocation Failure) [PSYoungGen: 65056K->480K(65536K)] 84039K->19471K(420864K), 0.0031717 secs] [Times: user=0.01 sys=0.00, real=0.00 secs] 
2018-12-31T21:10:33.792+0900: 14880.291: [GC (Allocation Failure) [PSYoungGen: 64992K->448K(65536K)] 83983K->19439K(420864K), 0.0032358 secs] [Times: user=0.01 sys=0.01, real=0.01 secs] 
2018-12-31T21:11:19.974+0900: 14926.473: [GC (Allocation Failure) [PSYoungGen: 64960K->608K(65536K)] 83951K->19599K(420864K), 0.0030225 secs] [Times: user=0.01 sys=0.00, real=0.00 secs] 
2018-12-31T21:12:11.254+0900: 14977.753: [GC (Allocation Failure) [PSYoungGen: 65120K->512K(65536K)] 84111K->19503K(420864K), 0.0030174 secs] [Times: user=0.01 sys=0.00, real=0.00 secs] 
2018-12-31T21:13:03.245+0900: 15029.745: [GC (Allocation Failure) [PSYoungGen: 65024K->480K(65536K)] 84015K->19471K(420864K), 0.0030960 secs] [Times: user=0.02 sys=0.00, real=0.00 secs] 
2018-12-31T21:13:59.076+0900: 15085.575: [GC (Allocation Failure) [PSYoungGen: 64992K->384K(65536K)] 83983K->19407K(420864K), 0.0030157 secs] [Times: user=0.01 sys=0.01, real=0.00 secs] 
2018-12-31T21:14:56.832+0900: 15143.331: [GC (Allocation Failure) [PSYoungGen: 64896K->352K(65536K)] 83919K->19407K(420864K), 0.0029374 secs] [Times: user=0.02 sys=0.00, real=0.01 secs] 
2018-12-31T21:15:51.050+0900: 15197.549: [GC (Allocation Failure) [PSYoungGen: 64864K->480K(65536K)] 83919K->19559K(420864K), 0.0028125 secs] [Times: user=0.02 sys=0.00, real=0.00 secs] 
2018-12-31T21:16:46.363+0900: 15252.862: [GC (Allocation Failure) [PSYoungGen: 64992K->384K(65536K)] 84071K->19503K(420864K), 0.0027470 secs] [Times: user=0.01 sys=0.00, real=0.01 secs] 
2018-12-31T21:17:42.438+0900: 15308.937: [GC (Allocation Failure) [PSYoungGen: 64896K->416K(65536K)] 84015K->19543K(420864K), 0.0026564 secs] [Times: user=0.01 sys=0.00, real=0.00 secs] 
2018-12-31T21:18:39.714+0900: 15366.213: [GC (Allocation Failure) [PSYoungGen: 64928K->384K(65536K)] 84055K->19519K(420864K), 0.0029013 secs] [Times: user=0.01 sys=0.00, real=0.00 secs] 
2018-12-31T21:19:37.934+0900: 15424.433: [GC (Allocation Failure) [PSYoungGen: 64896K->384K(65536K)] 84031K->19519K(420864K), 0.0028630 secs] [Times: user=0.01 sys=0.00, real=0.00 secs] 
2018-12-31T21:20:33.651+0900: 15480.150: [GC (Allocation Failure) [PSYoungGen: 64896K->384K(65536K)] 84031K->19527K(420864K), 0.0031092 secs] [Times: user=0.01 sys=0.00, real=0.01 secs] 
2018-12-31T21:21:31.376+0900: 15537.875: [GC (Allocation Failure) [PSYoungGen: 64896K->320K(65536K)] 84039K->19463K(420864K), 0.0029427 secs] [Times: user=0.01 sys=0.00, real=0.00 secs] 
2018-12-31T21:22:26.871+0900: 15593.370: [GC (Allocation Failure) [PSYoungGen: 64832K->384K(65536K)] 83975K->19543K(420864K), 0.0029337 secs] [Times: user=0.01 sys=0.00, real=0.01 secs] 
2018-12-31T21:23:22.813+0900: 15649.312: [GC (Allocation Failure) [PSYoungGen: 64896K->352K(65536K)] 84055K->19527K(420864K), 0.0028736 secs] [Times: user=0.01 sys=0.00, real=0.01 secs] 
2018-12-31T21:24:14.559+0900: 15701.058: [GC (Allocation Failure) [PSYoungGen: 64864K->512K(65536K)] 84039K->19687K(420864K), 0.0031010 secs] [Times: user=0.01 sys=0.00, real=0.00 secs] 
2018-12-31T21:25:04.286+0900: 15750.786: [GC (Allocation Failure) [PSYoungGen: 65024K->416K(65536K)] 84199K->19631K(420864K), 0.0033118 secs] [Times: user=0.01 sys=0.00, real=0.00 secs] 
2018-12-31T21:25:56.356+0900: 15802.855: [GC (Allocation Failure) [PSYoungGen: 64928K->480K(65536K)] 84143K->19695K(420864K), 0.0031171 secs] [Times: user=0.01 sys=0.00, real=0.00 secs] 
2018-12-31T21:26:49.986+0900: 15856.485: [GC (Allocation Failure) [PSYoungGen: 64992K->480K(65536K)] 84207K->19703K(420864K), 0.0027934 secs] [Times: user=0.01 sys=0.00, real=0.00 secs] 
2018-12-31T21:27:39.812+0900: 15906.311: [GC (Allocation Failure) [PSYoungGen: 64992K->512K(65536K)] 84215K->19735K(420864K), 0.0032127 secs] [Times: user=0.01 sys=0.00, real=0.01 secs] 
2018-12-31T21:28:31.776+0900: 15958.275: [GC (Allocation Failure) [PSYoungGen: 65024K->512K(65536K)] 84247K->19743K(420864K), 0.0027667 secs] [Times: user=0.01 sys=0.00, real=0.00 secs] 
2018-12-31T21:29:19.684+0900: 16006.183: [GC (Allocation Failure) [PSYoungGen: 65024K->576K(65536K)] 84255K->19823K(420864K), 0.0033810 secs] [Times: user=0.01 sys=0.00, real=0.00 secs] 
2018-12-31T21:30:07.380+0900: 16053.879: [GC (Allocation Failure) [PSYoungGen: 65088K->576K(65536K)] 84335K->19823K(420864K), 0.0033421 secs] [Times: user=0.01 sys=0.00, real=0.00 secs] 
2018-12-31T21:30:59.256+0900: 16105.755: [GC (Allocation Failure) [PSYoungGen: 65088K->416K(65536K)] 84335K->19671K(420864K), 0.0031504 secs] [Times: user=0.01 sys=0.00, real=0.00 secs] 
2018-12-31T21:31:50.781+0900: 16157.280: [GC (Allocation Failure) [PSYoungGen: 64928K->480K(65536K)] 84183K->19743K(420864K), 0.0028956 secs] [Times: user=0.01 sys=0.00, real=0.01 secs] 
2018-12-31T21:32:23.268+0900: 16189.767: [GC (Allocation Failure) [PSYoungGen: 64992K->928K(65536K)] 84255K->20191K(420864K), 0.0036925 secs] [Times: user=0.02 sys=0.00, real=0.00 secs] 
2018-12-31T21:33:03.481+0900: 16229.980: [GC (Allocation Failure) [PSYoungGen: 65440K->768K(65536K)] 84703K->20031K(420864K), 0.0035362 secs] [Times: user=0.01 sys=0.00, real=0.01 secs] 
2018-12-31T21:33:59.285+0900: 16285.784: [GC (Allocation Failure) [PSYoungGen: 65280K->320K(65536K)] 84543K->19583K(420864K), 0.0029667 secs] [Times: user=0.01 sys=0.00, real=0.00 secs] 
2018-12-31T21:34:43.467+0900: 16329.966: [GC (Allocation Failure) [PSYoungGen: 64832K->704K(65536K)] 84095K->19967K(420864K), 0.0031085 secs] [Times: user=0.01 sys=0.00, real=0.00 secs] 
2018-12-31T21:35:35.308+0900: 16381.807: [GC (Allocation Failure) [PSYoungGen: 65216K->480K(65536K)] 84479K->19743K(420864K), 0.0028278 secs] [Times: user=0.01 sys=0.00, real=0.00 secs] 
2018-12-31T21:36:18.890+0900: 16425.389: [GC (Allocation Failure) [PSYoungGen: 64992K->544K(65536K)] 84255K->19831K(420864K), 0.0033959 secs] [Times: user=0.01 sys=0.00, real=0.01 secs] 
2018-12-31T21:37:13.055+0900: 16479.554: [GC (Allocation Failure) [PSYoungGen: 65056K->384K(65536K)] 84343K->19671K(420864K), 0.0030569 secs] [Times: user=0.01 sys=0.00, real=0.00 secs] 
2018-12-31T21:38:03.255+0900: 16529.754: [GC (Allocation Failure) [PSYoungGen: 64896K->544K(65536K)] 84183K->19839K(420864K), 0.0031433 secs] [Times: user=0.01 sys=0.00, real=0.00 secs] 
2018-12-31T21:38:57.033+0900: 16583.532: [GC (Allocation Failure) [PSYoungGen: 65056K->448K(65536K)] 84351K->19751K(420864K), 0.0030551 secs] [Times: user=0.01 sys=0.00, real=0.01 secs] 
2018-12-31T21:39:51.199+0900: 16637.698: [GC (Allocation Failure) [PSYoungGen: 64960K->480K(65536K)] 84263K->19783K(420864K), 0.0031246 secs] [Times: user=0.01 sys=0.00, real=0.00 secs] 
2018-12-31T21:40:45.257+0900: 16691.756: [GC (Allocation Failure) [PSYoungGen: 64992K->448K(65536K)] 84295K->19751K(420864K), 0.0031305 secs] [Times: user=0.01 sys=0.00, real=0.00 secs] 
2018-12-31T21:41:39.155+0900: 16745.654: [GC (Allocation Failure) [PSYoungGen: 64960K->384K(65536K)] 84263K->19687K(420864K), 0.0029508 secs] [Times: user=0.02 sys=0.00, real=0.00 secs] 
2018-12-31T21:42:33.322+0900: 16799.821: [GC (Allocation Failure) [PSYoungGen: 64896K->384K(65536K)] 84199K->19687K(420864K), 0.0031912 secs] [Times: user=0.01 sys=0.00, real=0.01 secs] 
2018-12-31T21:43:27.184+0900: 16853.684: [GC (Allocation Failure) [PSYoungGen: 64896K->448K(65536K)] 84199K->19751K(420864K), 0.0029968 secs] [Times: user=0.01 sys=0.00, real=0.00 secs] 
2018-12-31T21:44:24.911+0900: 16911.410: [GC (Allocation Failure) [PSYoungGen: 64960K->384K(65536K)] 84263K->19687K(420864K), 0.0030056 secs] [Times: user=0.01 sys=0.00, real=0.01 secs] 
2018-12-31T21:45:12.947+0900: 16959.446: [GC (Allocation Failure) [PSYoungGen: 64896K->608K(65536K)] 84199K->19927K(420864K), 0.0031149 secs] [Times: user=0.01 sys=0.00, real=0.00 secs] 
2018-12-31T21:46:00.998+0900: 17007.497: [GC (Allocation Failure) [PSYoungGen: 65120K->512K(65536K)] 84439K->19839K(420864K), 0.0031499 secs] [Times: user=0.02 sys=0.00, real=0.00 secs] 
2018-12-31T21:46:50.930+0900: 17057.429: [GC (Allocation Failure) [PSYoungGen: 65024K->480K(65536K)] 84351K->19807K(420864K), 0.0032559 secs] [Times: user=0.01 sys=0.00, real=0.00 secs] 
2018-12-31T21:47:42.537+0900: 17109.036: [GC (Allocation Failure) [PSYoungGen: 64992K->480K(65536K)] 84319K->19807K(420864K), 0.0033201 secs] [Times: user=0.01 sys=0.00, real=0.00 secs] 
2018-12-31T21:48:38.207+0900: 17164.706: [GC (Allocation Failure) [PSYoungGen: 64992K->288K(65536K)] 84319K->19615K(420864K), 0.0028691 secs] [Times: user=0.01 sys=0.00, real=0.00 secs] 
2018-12-31T21:49:25.996+0900: 17212.495: [GC (Allocation Failure) [PSYoungGen: 64800K->512K(65536K)] 84127K->19839K(420864K), 0.0033317 secs] [Times: user=0.01 sys=0.00, real=0.00 secs] 
2018-12-31T21:50:17.903+0900: 17264.402: [GC (Allocation Failure) [PSYoungGen: 65024K->448K(65536K)] 84351K->19775K(420864K), 0.0032792 secs] [Times: user=0.01 sys=0.00, real=0.01 secs] 
2018-12-31T21:51:07.342+0900: 17313.841: [GC (Allocation Failure) [PSYoungGen: 64960K->480K(65536K)] 84287K->19807K(420864K), 0.0031445 secs] [Times: user=0.02 sys=0.00, real=0.01 secs] 
2018-12-31T21:51:59.166+0900: 17365.665: [GC (Allocation Failure) [PSYoungGen: 64992K->512K(65536K)] 84319K->19847K(420864K), 0.0031122 secs] [Times: user=0.02 sys=0.00, real=0.00 secs] 
2018-12-31T21:52:51.243+0900: 17417.742: [GC (Allocation Failure) [PSYoungGen: 65024K->480K(65536K)] 84359K->19815K(420864K), 0.0031377 secs] [Times: user=0.01 sys=0.00, real=0.01 secs] 
2018-12-31T21:53:39.222+0900: 17465.721: [GC (Allocation Failure) [PSYoungGen: 64992K->576K(65536K)] 84327K->19919K(420864K), 0.0031383 secs] [Times: user=0.02 sys=0.00, real=0.01 secs] 
2018-12-31T21:54:31.258+0900: 17517.757: [GC (Allocation Failure) [PSYoungGen: 65088K->480K(65536K)] 84431K->19823K(420864K), 0.0032328 secs] [Times: user=0.01 sys=0.00, real=0.00 secs] 
2018-12-31T21:55:21.286+0900: 17567.785: [GC (Allocation Failure) [PSYoungGen: 64992K->544K(65536K)] 84335K->19887K(420864K), 0.0029951 secs] [Times: user=0.01 sys=0.00, real=0.00 secs] 
2018-12-31T21:56:07.221+0900: 17613.720: [GC (Allocation Failure) [PSYoungGen: 65056K->576K(65536K)] 84399K->19919K(420864K), 0.0029435 secs] [Times: user=0.01 sys=0.00, real=0.01 secs] 
2018-12-31T21:57:01.140+0900: 17667.639: [GC (Allocation Failure) [PSYoungGen: 65088K->416K(65536K)] 84431K->19759K(420864K), 0.0030510 secs] [Times: user=0.01 sys=0.00, real=0.00 secs] 
2018-12-31T21:57:43.055+0900: 17709.554: [GC (Allocation Failure) [PSYoungGen: 64928K->800K(65536K)] 84271K->20151K(420864K), 0.0033425 secs] [Times: user=0.02 sys=0.00, real=0.00 secs] 
2018-12-31T21:58:33.108+0900: 17759.607: [GC (Allocation Failure) [PSYoungGen: 65312K->576K(65536K)] 84663K->19927K(420864K), 0.0033277 secs] [Times: user=0.01 sys=0.00, real=0.00 secs] 
2018-12-31T21:59:27.319+0900: 17813.818: [GC (Allocation Failure) [PSYoungGen: 65088K->352K(65536K)] 84439K->19759K(420864K), 0.0027174 secs] [Times: user=0.02 sys=0.00, real=0.00 secs] 
2018-12-31T22:00:22.488+0900: 17868.987: [GC (Allocation Failure) [PSYoungGen: 64864K->544K(65536K)] 84271K->19951K(420864K), 0.0032553 secs] [Times: user=0.02 sys=0.00, real=0.00 secs] 
2018-12-31T22:01:11.398+0900: 17917.897: [GC (Allocation Failure) [PSYoungGen: 65056K->576K(65536K)] 84463K->19999K(420864K), 0.0029327 secs] [Times: user=0.01 sys=0.00, real=0.00 secs] 
2018-12-31T22:02:00.580+0900: 17967.079: [GC (Allocation Failure) [PSYoungGen: 65088K->544K(65536K)] 84511K->19967K(420864K), 0.0031405 secs] [Times: user=0.02 sys=0.00, real=0.00 secs] 
2018-12-31T22:02:29.030+0900: 17995.529: [GC (Allocation Failure) [PSYoungGen: 65056K->1024K(65536K)] 84479K->20447K(420864K), 0.0040185 secs] [Times: user=0.02 sys=0.01, real=0.01 secs] 
2018-12-31T22:03:14.872+0900: 18041.371: [GC (Allocation Failure) [PSYoungGen: 65536K->576K(65536K)] 84959K->19999K(420864K), 0.0033014 secs] [Times: user=0.01 sys=0.00, real=0.01 secs] 
2018-12-31T22:04:12.538+0900: 18099.037: [GC (Allocation Failure) [PSYoungGen: 65088K->256K(65536K)] 84511K->19679K(420864K), 0.0028367 secs] [Times: user=0.01 sys=0.00, real=0.00 secs] 
2018-12-31T22:05:01.541+0900: 18148.041: [GC (Allocation Failure) [PSYoungGen: 64768K->640K(65536K)] 84191K->20063K(420864K), 0.0029484 secs] [Times: user=0.01 sys=0.00, real=0.01 secs] 
2018-12-31T22:05:56.272+0900: 18202.771: [GC (Allocation Failure) [PSYoungGen: 65152K->384K(65536K)] 84575K->19823K(420864K), 0.0036088 secs] [Times: user=0.01 sys=0.00, real=0.01 secs] 
2018-12-31T22:06:53.744+0900: 18260.243: [GC (Allocation Failure) [PSYoungGen: 64896K->352K(65536K)] 84335K->19791K(420864K), 0.0031405 secs] [Times: user=0.01 sys=0.01, real=0.00 secs] 
2018-12-31T22:07:48.026+0900: 18314.525: [GC (Allocation Failure) [PSYoungGen: 64864K->416K(65536K)] 84303K->19855K(420864K), 0.0029855 secs] [Times: user=0.01 sys=0.00, real=0.00 secs] 
2018-12-31T22:08:39.773+0900: 18366.272: [GC (Allocation Failure) [PSYoungGen: 64928K->512K(65536K)] 84367K->19951K(420864K), 0.0031147 secs] [Times: user=0.02 sys=0.00, real=0.01 secs] 
2018-12-31T22:09:35.038+0900: 18421.537: [GC (Allocation Failure) [PSYoungGen: 65024K->352K(65536K)] 84463K->19791K(420864K), 0.0026438 secs] [Times: user=0.01 sys=0.00, real=0.00 secs] 
2018-12-31T22:10:33.000+0900: 18479.499: [GC (Allocation Failure) [PSYoungGen: 64864K->384K(65536K)] 84303K->19823K(420864K), 0.0025439 secs] [Times: user=0.01 sys=0.00, real=0.00 secs] 
2018-12-31T22:11:29.217+0900: 18535.716: [GC (Allocation Failure) [PSYoungGen: 64896K->384K(65536K)] 84335K->19823K(420864K), 0.0029890 secs] [Times: user=0.01 sys=0.00, real=0.00 secs] 
2018-12-31T22:12:20.743+0900: 18587.242: [GC (Allocation Failure) [PSYoungGen: 64896K->512K(65536K)] 84335K->19951K(420864K), 0.0031671 secs] [Times: user=0.01 sys=0.00, real=0.01 secs] 
2018-12-31T22:13:10.618+0900: 18637.117: [GC (Allocation Failure) [PSYoungGen: 65024K->448K(65536K)] 84463K->19887K(420864K), 0.0034608 secs] [Times: user=0.01 sys=0.00, real=0.00 secs] 
2018-12-31T22:14:04.582+0900: 18691.082: [GC (Allocation Failure) [PSYoungGen: 64960K->320K(65536K)] 84399K->19759K(420864K), 0.0027988 secs] [Times: user=0.01 sys=0.00, real=0.01 secs] 
2018-12-31T22:14:56.032+0900: 18742.531: [GC (Allocation Failure) [PSYoungGen: 64832K->480K(65536K)] 84271K->19919K(420864K), 0.0031418 secs] [Times: user=0.01 sys=0.00, real=0.01 secs] 
2018-12-31T22:15:51.712+0900: 18798.211: [GC (Allocation Failure) [PSYoungGen: 64992K->352K(65536K)] 84431K->19791K(420864K), 0.0028157 secs] [Times: user=0.01 sys=0.00, real=0.01 secs] 
2018-12-31T22:16:43.447+0900: 18849.946: [GC (Allocation Failure) [PSYoungGen: 64864K->480K(65536K)] 84303K->19927K(420864K), 0.0032430 secs] [Times: user=0.01 sys=0.00, real=0.00 secs] 
2018-12-31T22:17:37.616+0900: 18904.115: [GC (Allocation Failure) [PSYoungGen: 64992K->384K(65536K)] 84439K->19831K(420864K), 0.0030206 secs] [Times: user=0.01 sys=0.00, real=0.00 secs] 
2018-12-31T22:18:30.983+0900: 18957.482: [GC (Allocation Failure) [PSYoungGen: 64896K->448K(65536K)] 84343K->19895K(420864K), 0.0031417 secs] [Times: user=0.01 sys=0.00, real=0.01 secs] 
2018-12-31T22:19:21.251+0900: 19007.750: [GC (Allocation Failure) [PSYoungGen: 64960K->480K(65536K)] 84407K->19927K(420864K), 0.0028970 secs] [Times: user=0.01 sys=0.00, real=0.01 secs] 
2018-12-31T22:20:14.213+0900: 19060.712: [GC (Allocation Failure) [PSYoungGen: 64992K->544K(65536K)] 84439K->19991K(420864K), 0.0029640 secs] [Times: user=0.01 sys=0.00, real=0.01 secs] 
2018-12-31T22:21:06.595+0900: 19113.094: [GC (Allocation Failure) [PSYoungGen: 65056K->448K(65536K)] 84503K->19895K(420864K), 0.0033958 secs] [Times: user=0.01 sys=0.00, real=0.00 secs] 
2018-12-31T22:21:56.715+0900: 19163.214: [GC (Allocation Failure) [PSYoungGen: 64960K->512K(65536K)] 84407K->19959K(420864K), 0.0034758 secs] [Times: user=0.02 sys=0.01, real=0.00 secs] 
2018-12-31T22:22:48.532+0900: 19215.031: [GC (Allocation Failure) [PSYoungGen: 65024K->480K(65536K)] 84471K->19927K(420864K), 0.0033264 secs] [Times: user=0.01 sys=0.00, real=0.01 secs] 
2018-12-31T22:23:40.262+0900: 19266.761: [GC (Allocation Failure) [PSYoungGen: 64992K->416K(65536K)] 84439K->19863K(420864K), 0.0031562 secs] [Times: user=0.02 sys=0.00, real=0.01 secs] 
2018-12-31T22:24:36.298+0900: 19322.797: [GC (Allocation Failure) [PSYoungGen: 64928K->288K(65536K)] 84375K->19735K(420864K), 0.0030014 secs] [Times: user=0.01 sys=0.00, real=0.00 secs] 
2018-12-31T22:25:28.335+0900: 19374.834: [GC (Allocation Failure) [PSYoungGen: 64800K->480K(65536K)] 84247K->19927K(420864K), 0.0031541 secs] [Times: user=0.01 sys=0.00, real=0.00 secs] 
2018-12-31T22:26:21.951+0900: 19428.450: [GC (Allocation Failure) [PSYoungGen: 64992K->480K(65536K)] 84439K->19927K(420864K), 0.0026737 secs] [Times: user=0.01 sys=0.01, real=0.01 secs] 
2018-12-31T22:27:17.968+0900: 19484.467: [GC (Allocation Failure) [PSYoungGen: 64992K->320K(65536K)] 84439K->19767K(420864K), 0.0025861 secs] [Times: user=0.01 sys=0.00, real=0.00 secs] 
2018-12-31T22:28:16.200+0900: 19542.699: [GC (Allocation Failure) [PSYoungGen: 64832K->288K(65536K)] 84279K->19743K(420864K), 0.0029487 secs] [Times: user=0.02 sys=0.00, real=0.00 secs] 
2018-12-31T22:29:14.428+0900: 19600.927: [GC (Allocation Failure) [PSYoungGen: 64800K->352K(65536K)] 84255K->19807K(420864K), 0.0029299 secs] [Times: user=0.01 sys=0.00, real=0.00 secs] 
2018-12-31T22:30:11.804+0900: 19658.303: [GC (Allocation Failure) [PSYoungGen: 64864K->384K(65536K)] 84319K->19847K(420864K), 0.0024899 secs] [Times: user=0.02 sys=0.00, real=0.00 secs] 
2018-12-31T22:31:09.891+0900: 19716.390: [GC (Allocation Failure) [PSYoungGen: 64896K->352K(65536K)] 84359K->19823K(420864K), 0.0029755 secs] [Times: user=0.01 sys=0.00, real=0.01 secs] 
2018-12-31T22:32:04.103+0900: 19770.602: [GC (Allocation Failure) [PSYoungGen: 64864K->352K(65536K)] 84335K->19855K(420864K), 0.0027281 secs] [Times: user=0.01 sys=0.00, real=0.01 secs] 
2018-12-31T22:32:36.107+0900: 19802.606: [GC (Allocation Failure) [PSYoungGen: 64864K->992K(65536K)] 84367K->20543K(420864K), 0.0040723 secs] [Times: user=0.01 sys=0.01, real=0.00 secs] 
2018-12-31T22:33:17.778+0900: 19844.277: [GC (Allocation Failure) [PSYoungGen: 65504K->736K(65536K)] 85055K->20287K(420864K), 0.0036545 secs] [Times: user=0.01 sys=0.00, real=0.00 secs] 
2018-12-31T22:34:07.838+0900: 19894.337: [GC (Allocation Failure) [PSYoungGen: 65248K->544K(65536K)] 84799K->20095K(420864K), 0.0032932 secs] [Times: user=0.01 sys=0.00, real=0.00 secs] 
2018-12-31T22:35:01.795+0900: 19948.294: [GC (Allocation Failure) [PSYoungGen: 65056K->416K(65536K)] 84607K->19975K(420864K), 0.0029213 secs] [Times: user=0.01 sys=0.00, real=0.00 secs] 
2018-12-31T22:35:54.000+0900: 20000.499: [GC (Allocation Failure) [PSYoungGen: 64928K->416K(65536K)] 84487K->19999K(420864K), 0.0030247 secs] [Times: user=0.01 sys=0.00, real=0.00 secs] 
2018-12-31T22:36:42.723+0900: 20049.222: [GC (Allocation Failure) [PSYoungGen: 64928K->480K(65536K)] 84511K->20063K(420864K), 0.0028508 secs] [Times: user=0.00 sys=0.00, real=0.01 secs] 
2018-12-31T22:37:35.704+0900: 20102.203: [GC (Allocation Failure) [PSYoungGen: 64992K->512K(65536K)] 84575K->20095K(420864K), 0.0028194 secs] [Times: user=0.01 sys=0.00, real=0.00 secs] 
2018-12-31T22:38:27.807+0900: 20154.306: [GC (Allocation Failure) [PSYoungGen: 65024K->448K(65536K)] 84607K->20031K(420864K), 0.0033061 secs] [Times: user=0.01 sys=0.00, real=0.00 secs] 
2018-12-31T22:39:19.814+0900: 20206.313: [GC (Allocation Failure) [PSYoungGen: 64960K->448K(65536K)] 84543K->20031K(420864K), 0.0031730 secs] [Times: user=0.01 sys=0.00, real=0.00 secs] 
2018-12-31T22:40:09.880+0900: 20256.379: [GC (Allocation Failure) [PSYoungGen: 64960K->416K(65536K)] 84543K->19999K(420864K), 0.0032943 secs] [Times: user=0.01 sys=0.00, real=0.00 secs] 
2018-12-31T22:41:07.233+0900: 20313.732: [GC (Allocation Failure) [PSYoungGen: 64928K->320K(65536K)] 84511K->19903K(420864K), 0.0028011 secs] [Times: user=0.01 sys=0.00, real=0.01 secs] 
2018-12-31T22:42:03.454+0900: 20369.954: [GC (Allocation Failure) [PSYoungGen: 64832K->384K(65536K)] 84415K->20007K(420864K), 0.0029245 secs] [Times: user=0.01 sys=0.00, real=0.00 secs] 
2018-12-31T22:42:51.642+0900: 20418.141: [GC (Allocation Failure) [PSYoungGen: 64896K->608K(65536K)] 84519K->20231K(420864K), 0.0032242 secs] [Times: user=0.01 sys=0.00, real=0.01 secs] 
2018-12-31T22:43:44.881+0900: 20471.380: [GC (Allocation Failure) [PSYoungGen: 65120K->448K(65536K)] 84743K->20071K(420864K), 0.0028952 secs] [Times: user=0.02 sys=0.00, real=0.01 secs] 
2018-12-31T22:44:35.055+0900: 20521.554: [GC (Allocation Failure) [PSYoungGen: 64960K->544K(65536K)] 84583K->20167K(420864K), 0.0032577 secs] [Times: user=0.01 sys=0.00, real=0.00 secs] 
2018-12-31T22:45:22.125+0900: 20568.624: [GC (Allocation Failure) [PSYoungGen: 65056K->576K(65536K)] 84679K->20247K(420864K), 0.0033045 secs] [Times: user=0.01 sys=0.00, real=0.00 secs] 
2018-12-31T22:46:13.311+0900: 20619.810: [GC (Allocation Failure) [PSYoungGen: 65088K->480K(65536K)] 84759K->20167K(420864K), 0.0028515 secs] [Times: user=0.01 sys=0.00, real=0.01 secs] 
2018-12-31T22:47:04.095+0900: 20670.594: [GC (Allocation Failure) [PSYoungGen: 64992K->640K(65536K)] 84679K->20327K(420864K), 0.0032986 secs] [Times: user=0.01 sys=0.00, real=0.00 secs] 
2018-12-31T22:47:52.866+0900: 20719.365: [GC (Allocation Failure) [PSYoungGen: 65152K->608K(65536K)] 84839K->20295K(420864K), 0.0032336 secs] [Times: user=0.01 sys=0.00, real=0.00 secs] 
2018-12-31T22:48:44.076+0900: 20770.575: [GC (Allocation Failure) [PSYoungGen: 65120K->480K(65536K)] 84807K->20167K(420864K), 0.0032132 secs] [Times: user=0.02 sys=0.00, real=0.00 secs] 
2018-12-31T22:49:37.662+0900: 20824.161: [GC (Allocation Failure) [PSYoungGen: 64992K->416K(65536K)] 84679K->20103K(420864K), 0.0030548 secs] [Times: user=0.00 sys=0.00, real=0.01 secs] 
2018-12-31T22:50:27.488+0900: 20873.987: [GC (Allocation Failure) [PSYoungGen: 64928K->416K(65536K)] 84615K->20103K(420864K), 0.0028666 secs] [Times: user=0.01 sys=0.00, real=0.00 secs] 
2018-12-31T22:51:17.345+0900: 20923.844: [GC (Allocation Failure) [PSYoungGen: 64928K->480K(65536K)] 84615K->20167K(420864K), 0.0028321 secs] [Times: user=0.01 sys=0.00, real=0.00 secs] 
2018-12-31T22:52:09.016+0900: 20975.515: [GC (Allocation Failure) [PSYoungGen: 64992K->448K(65536K)] 84679K->20135K(420864K), 0.0031318 secs] [Times: user=0.02 sys=0.00, real=0.00 secs] 
2018-12-31T22:53:03.103+0900: 21029.602: [GC (Allocation Failure) [PSYoungGen: 64960K->416K(65536K)] 84647K->20119K(420864K), 0.0028719 secs] [Times: user=0.01 sys=0.00, real=0.01 secs] 
2018-12-31T22:54:00.577+0900: 21087.076: [GC (Allocation Failure) [PSYoungGen: 64928K->320K(65536K)] 84631K->20023K(420864K), 0.0026082 secs] [Times: user=0.01 sys=0.00, real=0.00 secs] 
2018-12-31T22:54:56.582+0900: 21143.081: [GC (Allocation Failure) [PSYoungGen: 64832K->384K(65536K)] 84535K->20087K(420864K), 0.0031541 secs] [Times: user=0.01 sys=0.00, real=0.01 secs] 
2018-12-31T22:55:46.751+0900: 21193.250: [GC (Allocation Failure) [PSYoungGen: 64896K->544K(65536K)] 84599K->20247K(420864K), 0.0077444 secs] [Times: user=0.05 sys=0.00, real=0.01 secs] 
2018-12-31T22:56:37.964+0900: 21244.463: [GC (Allocation Failure) [PSYoungGen: 65056K->384K(65536K)] 84759K->20087K(420864K), 0.0030176 secs] [Times: user=0.01 sys=0.00, real=0.00 secs] 
2018-12-31T22:57:32.173+0900: 21298.672: [GC (Allocation Failure) [PSYoungGen: 64896K->352K(65536K)] 84599K->20055K(420864K), 0.0030653 secs] [Times: user=0.01 sys=0.00, real=0.01 secs] 
2018-12-31T22:58:29.771+0900: 21356.270: [GC (Allocation Failure) [PSYoungGen: 64864K->288K(65536K)] 84567K->20015K(420864K), 0.0029800 secs] [Times: user=0.01 sys=0.00, real=0.01 secs] 
2018-12-31T22:59:23.618+0900: 21410.117: [GC (Allocation Failure) [PSYoungGen: 64800K->416K(65536K)] 84527K->20143K(420864K), 0.0028680 secs] [Times: user=0.01 sys=0.00, real=0.00 secs] 
2018-12-31T23:00:11.773+0900: 21458.272: [GC (Allocation Failure) [PSYoungGen: 64928K->608K(65536K)] 84655K->20335K(420864K), 0.0032776 secs] [Times: user=0.02 sys=0.00, real=0.01 secs] 
2018-12-31T23:01:01.205+0900: 21507.704: [GC (Allocation Failure) [PSYoungGen: 65120K->512K(65536K)] 84847K->20239K(420864K), 0.0031045 secs] [Times: user=0.01 sys=0.00, real=0.00 secs] 
2018-12-31T23:01:51.209+0900: 21557.708: [GC (Allocation Failure) [PSYoungGen: 65024K->480K(65536K)] 84751K->20215K(420864K), 0.0030184 secs] [Times: user=0.01 sys=0.00, real=0.00 secs] 
2018-12-31T23:02:20.726+0900: 21587.225: [GC (Allocation Failure) [PSYoungGen: 64992K->992K(65536K)] 84727K->20768K(420864K), 0.0036493 secs] [Times: user=0.02 sys=0.00, real=0.00 secs] 
2018-12-31T23:03:01.491+0900: 21627.990: [GC (Allocation Failure) [PSYoungGen: 65504K->736K(65536K)] 85280K->20512K(420864K), 0.0035524 secs] [Times: user=0.01 sys=0.00, real=0.01 secs] 
2018-12-31T23:03:51.463+0900: 21677.962: [GC (Allocation Failure) [PSYoungGen: 65248K->544K(65536K)] 85024K->20320K(420864K), 0.0027990 secs] [Times: user=0.01 sys=0.00, real=0.01 secs] 
2018-12-31T23:04:44.932+0900: 21731.431: [GC (Allocation Failure) [PSYoungGen: 65056K->416K(65536K)] 84832K->20192K(420864K), 0.0031926 secs] [Times: user=0.01 sys=0.00, real=0.01 secs] 
2018-12-31T23:05:36.057+0900: 21782.556: [GC (Allocation Failure) [PSYoungGen: 64928K->576K(65536K)] 84704K->20352K(420864K), 0.0027567 secs] [Times: user=0.01 sys=0.00, real=0.00 secs] 
2018-12-31T23:06:32.331+0900: 21838.830: [GC (Allocation Failure) [PSYoungGen: 65088K->416K(65536K)] 84864K->20192K(420864K), 0.0030149 secs] [Times: user=0.01 sys=0.00, real=0.01 secs] 
2018-12-31T23:07:21.905+0900: 21888.404: [GC (Allocation Failure) [PSYoungGen: 64928K->512K(65536K)] 84704K->20288K(420864K), 0.0031274 secs] [Times: user=0.01 sys=0.00, real=0.00 secs] 
2018-12-31T23:08:09.819+0900: 21936.318: [GC (Allocation Failure) [PSYoungGen: 65024K->576K(65536K)] 84800K->20352K(420864K), 0.0033108 secs] [Times: user=0.01 sys=0.00, real=0.00 secs] 
2018-12-31T23:09:05.802+0900: 21992.301: [GC (Allocation Failure) [PSYoungGen: 65088K->352K(65536K)] 84864K->20128K(420864K), 0.0026619 secs] [Times: user=0.01 sys=0.00, real=0.01 secs] 
2018-12-31T23:10:03.239+0900: 22049.738: [GC (Allocation Failure) [PSYoungGen: 64864K->320K(65536K)] 84640K->20096K(420864K), 0.0030966 secs] [Times: user=0.01 sys=0.00, real=0.00 secs] 
2018-12-31T23:10:54.978+0900: 22101.477: [GC (Allocation Failure) [PSYoungGen: 64832K->480K(65536K)] 84608K->20256K(420864K), 0.0028408 secs] [Times: user=0.01 sys=0.00, real=0.00 secs] 
2018-12-31T23:11:46.601+0900: 22153.100: [GC (Allocation Failure) [PSYoungGen: 64992K->512K(65536K)] 84768K->20288K(420864K), 0.0031582 secs] [Times: user=0.01 sys=0.00, real=0.01 secs] 
2018-12-31T23:12:36.838+0900: 22203.337: [GC (Allocation Failure) [PSYoungGen: 65024K->544K(65536K)] 84800K->20320K(420864K), 0.0033689 secs] [Times: user=0.01 sys=0.00, real=0.00 secs] 
2018-12-31T23:13:24.496+0900: 22250.995: [GC (Allocation Failure) [PSYoungGen: 65056K->608K(65536K)] 84832K->20384K(420864K), 0.0031685 secs] [Times: user=0.01 sys=0.00, real=0.00 secs] 
2018-12-31T23:14:12.225+0900: 22298.724: [GC (Allocation Failure) [PSYoungGen: 65120K->608K(65536K)] 84896K->20384K(420864K), 0.0033785 secs] [Times: user=0.01 sys=0.00, real=0.00 secs] 
2018-12-31T23:15:00.413+0900: 22346.912: [GC (Allocation Failure) [PSYoungGen: 65120K->480K(65536K)] 84896K->20272K(420864K), 0.0032537 secs] [Times: user=0.01 sys=0.00, real=0.01 secs] 
2018-12-31T23:15:46.453+0900: 22392.952: [GC (Allocation Failure) [PSYoungGen: 64992K->640K(65536K)] 84784K->20448K(420864K), 0.0032876 secs] [Times: user=0.01 sys=0.00, real=0.01 secs] 
2018-12-31T23:16:34.317+0900: 22440.816: [GC (Allocation Failure) [PSYoungGen: 65152K->640K(65536K)] 84960K->20448K(420864K), 0.0035130 secs] [Times: user=0.01 sys=0.00, real=0.00 secs] 
2018-12-31T23:17:32.014+0900: 22498.513: [GC (Allocation Failure) [PSYoungGen: 65152K->320K(65536K)] 84960K->20128K(420864K), 0.0028559 secs] [Times: user=0.01 sys=0.00, real=0.00 secs] 
2018-12-31T23:18:25.678+0900: 22552.177: [GC (Allocation Failure) [PSYoungGen: 64832K->480K(65536K)] 84640K->20288K(420864K), 0.0029902 secs] [Times: user=0.01 sys=0.00, real=0.00 secs] 
2018-12-31T23:19:23.463+0900: 22609.962: [GC (Allocation Failure) [PSYoungGen: 64992K->352K(65536K)] 84800K->20160K(420864K), 0.0028237 secs] [Times: user=0.01 sys=0.00, real=0.01 secs] 
2018-12-31T23:20:17.627+0900: 22664.127: [GC (Allocation Failure) [PSYoungGen: 64864K->384K(65536K)] 84672K->20192K(420864K), 0.0029540 secs] [Times: user=0.01 sys=0.00, real=0.00 secs] 
2018-12-31T23:21:15.133+0900: 22721.632: [GC (Allocation Failure) [PSYoungGen: 64896K->320K(65536K)] 84704K->20152K(420864K), 0.0027673 secs] [Times: user=0.01 sys=0.00, real=0.01 secs] 
2018-12-31T23:22:11.132+0900: 22777.631: [GC (Allocation Failure) [PSYoungGen: 64832K->416K(65536K)] 84664K->20248K(420864K), 0.0027388 secs] [Times: user=0.01 sys=0.00, real=0.01 secs] 
2018-12-31T23:23:05.775+0900: 22832.274: [GC (Allocation Failure) [PSYoungGen: 64901K->448K(65536K)] 84733K->20280K(420864K), 0.0029695 secs] [Times: user=0.01 sys=0.00, real=0.00 secs] 
2018-12-31T23:23:58.991+0900: 22885.490: [GC (Allocation Failure) [PSYoungGen: 64960K->480K(65536K)] 84792K->20312K(420864K), 0.0031573 secs] [Times: user=0.01 sys=0.00, real=0.01 secs] 
2018-12-31T23:24:52.766+0900: 22939.265: [GC (Allocation Failure) [PSYoungGen: 64992K->448K(65536K)] 84824K->20280K(420864K), 0.0031188 secs] [Times: user=0.01 sys=0.00, real=0.00 secs] 
2018-12-31T23:25:44.844+0900: 22991.343: [GC (Allocation Failure) [PSYoungGen: 64960K->480K(65536K)] 84792K->20312K(420864K), 0.0031971 secs] [Times: user=0.01 sys=0.01, real=0.00 secs] 
2018-12-31T23:26:36.987+0900: 23043.486: [GC (Allocation Failure) [PSYoungGen: 64992K->480K(65536K)] 84824K->20312K(420864K), 0.0028520 secs] [Times: user=0.01 sys=0.00, real=0.00 secs] 
2018-12-31T23:27:30.390+0900: 23096.889: [GC (Allocation Failure) [PSYoungGen: 64992K->448K(65536K)] 84824K->20280K(420864K), 0.0029695 secs] [Times: user=0.01 sys=0.00, real=0.00 secs] 
2018-12-31T23:28:28.625+0900: 23155.124: [GC (Allocation Failure) [PSYoungGen: 64960K->352K(65536K)] 84792K->20184K(420864K), 0.0025696 secs] [Times: user=0.01 sys=0.00, real=0.00 secs] 
2018-12-31T23:29:22.317+0900: 23208.816: [GC (Allocation Failure) [PSYoungGen: 64864K->448K(65536K)] 84696K->20280K(420864K), 0.0028179 secs] [Times: user=0.01 sys=0.00, real=0.00 secs] 
2018-12-31T23:30:10.536+0900: 23257.035: [GC (Allocation Failure) [PSYoungGen: 64930K->544K(65536K)] 84762K->20384K(420864K), 0.0033375 secs] [Times: user=0.01 sys=0.00, real=0.00 secs] 
2018-12-31T23:30:55.439+0900: 23301.938: [GC (Allocation Failure) [PSYoungGen: 65056K->640K(65536K)] 84896K->20480K(420864K), 0.0035782 secs] [Times: user=0.02 sys=0.00, real=0.00 secs] 
2018-12-31T23:31:51.099+0900: 23357.598: [GC (Allocation Failure) [PSYoungGen: 65152K->384K(65536K)] 84992K->20224K(420864K), 0.0031099 secs] [Times: user=0.02 sys=0.00, real=0.00 secs] 
2018-12-31T23:32:22.608+0900: 23389.107: [GC (Allocation Failure) [PSYoungGen: 64896K->928K(65536K)] 84736K->20768K(420864K), 0.0035546 secs] [Times: user=0.01 sys=0.00, real=0.00 secs] 
2018-12-31T23:33:06.725+0900: 23433.224: [GC (Allocation Failure) [PSYoungGen: 65440K->608K(65536K)] 85280K->20448K(420864K), 0.0029960 secs] [Times: user=0.01 sys=0.00, real=0.00 secs] 
2018-12-31T23:33:58.516+0900: 23485.015: [GC (Allocation Failure) [PSYoungGen: 65120K->480K(65536K)] 84960K->20320K(420864K), 0.0031195 secs] [Times: user=0.01 sys=0.00, real=0.00 secs] 
2018-12-31T23:34:50.332+0900: 23536.831: [GC (Allocation Failure) [PSYoungGen: 64992K->448K(65536K)] 84832K->20288K(420864K), 0.0031172 secs] [Times: user=0.01 sys=0.00, real=0.01 secs] 
2018-12-31T23:35:40.376+0900: 23586.875: [GC (Allocation Failure) [PSYoungGen: 64960K->544K(65536K)] 84800K->20384K(420864K), 0.0032157 secs] [Times: user=0.02 sys=0.00, real=0.00 secs] 
2018-12-31T23:36:33.113+0900: 23639.612: [GC (Allocation Failure) [PSYoungGen: 65056K->512K(65536K)] 84896K->20352K(420864K), 0.0030982 secs] [Times: user=0.02 sys=0.00, real=0.01 secs] 
2018-12-31T23:37:26.145+0900: 23692.644: [GC (Allocation Failure) [PSYoungGen: 65024K->512K(65536K)] 84864K->20352K(420864K), 0.0030755 secs] [Times: user=0.01 sys=0.00, real=0.00 secs] 
2018-12-31T23:38:17.936+0900: 23744.435: [GC (Allocation Failure) [PSYoungGen: 65024K->416K(65536K)] 84864K->20256K(420864K), 0.0030994 secs] [Times: user=0.01 sys=0.00, real=0.00 secs] 
2018-12-31T23:39:11.464+0900: 23797.963: [GC (Allocation Failure) [PSYoungGen: 64928K->416K(65536K)] 84768K->20256K(420864K), 0.0032052 secs] [Times: user=0.01 sys=0.00, real=0.00 secs] 
2018-12-31T23:40:03.433+0900: 23849.932: [GC (Allocation Failure) [PSYoungGen: 64928K->512K(65536K)] 84768K->20352K(420864K), 0.0028042 secs] [Times: user=0.01 sys=0.00, real=0.01 secs] 
2018-12-31T23:40:55.617+0900: 23902.116: [GC (Allocation Failure) [PSYoungGen: 65024K->448K(65536K)] 84864K->20288K(420864K), 0.0027849 secs] [Times: user=0.01 sys=0.00, real=0.00 secs] 
2018-12-31T23:41:47.020+0900: 23953.519: [GC (Allocation Failure) [PSYoungGen: 64960K->416K(65536K)] 84800K->20256K(420864K), 0.0031522 secs] [Times: user=0.01 sys=0.00, real=0.00 secs] 
2018-12-31T23:42:39.033+0900: 24005.532: [GC (Allocation Failure) [PSYoungGen: 64928K->384K(65536K)] 84768K->20224K(420864K), 0.0030545 secs] [Times: user=0.01 sys=0.00, real=0.01 secs] 
2018-12-31T23:43:23.209+0900: 24049.708: [GC (Allocation Failure) [PSYoungGen: 64896K->640K(65536K)] 84736K->20480K(420864K), 0.0033389 secs] [Times: user=0.02 sys=0.00, real=0.00 secs] 
2018-12-31T23:44:15.114+0900: 24101.613: [GC (Allocation Failure) [PSYoungGen: 65152K->512K(65536K)] 84992K->20352K(420864K), 0.0031977 secs] [Times: user=0.01 sys=0.00, real=0.00 secs] 
2018-12-31T23:45:08.631+0900: 24155.130: [GC (Allocation Failure) [PSYoungGen: 65024K->384K(65536K)] 84864K->20232K(420864K), 0.0029775 secs] [Times: user=0.01 sys=0.00, real=0.00 secs] 
2018-12-31T23:45:56.617+0900: 24203.116: [GC (Allocation Failure) [PSYoungGen: 64896K->608K(65536K)] 84744K->20456K(420864K), 0.0030331 secs] [Times: user=0.01 sys=0.00, real=0.00 secs] 
2018-12-31T23:46:51.743+0900: 24258.242: [GC (Allocation Failure) [PSYoungGen: 65120K->352K(65536K)] 84968K->20200K(420864K), 0.0031773 secs] [Times: user=0.01 sys=0.00, real=0.01 secs] 
2018-12-31T23:47:41.302+0900: 24307.801: [GC (Allocation Failure) [PSYoungGen: 64864K->480K(65536K)] 84712K->20328K(420864K), 0.0031751 secs] [Times: user=0.01 sys=0.00, real=0.01 secs] 
2018-12-31T23:48:35.511+0900: 24362.010: [GC (Allocation Failure) [PSYoungGen: 64992K->416K(65536K)] 84840K->20264K(420864K), 0.0038240 secs] [Times: user=0.02 sys=0.00, real=0.01 secs] 
2018-12-31T23:49:33.180+0900: 24419.679: [GC (Allocation Failure) [PSYoungGen: 64928K->288K(65536K)] 84776K->20136K(420864K), 0.0030942 secs] [Times: user=0.02 sys=0.00, real=0.00 secs] 
2018-12-31T23:50:23.058+0900: 24469.557: [GC (Allocation Failure) [PSYoungGen: 64800K->480K(65536K)] 84648K->20328K(420864K), 0.0033055 secs] [Times: user=0.01 sys=0.01, real=0.00 secs] 
2018-12-31T23:51:19.158+0900: 24525.657: [GC (Allocation Failure) [PSYoungGen: 64992K->352K(65536K)] 84840K->20200K(420864K), 0.0030089 secs] [Times: user=0.01 sys=0.00, real=0.00 secs] 
2018-12-31T23:52:11.327+0900: 24577.826: [GC (Allocation Failure) [PSYoungGen: 64864K->480K(65536K)] 84712K->20328K(420864K), 0.0031701 secs] [Times: user=0.01 sys=0.00, real=0.00 secs] 
2018-12-31T23:52:59.226+0900: 24625.725: [GC (Allocation Failure) [PSYoungGen: 64992K->576K(65536K)] 84840K->20432K(420864K), 0.0034737 secs] [Times: user=0.02 sys=0.00, real=0.00 secs] 
2018-12-31T23:53:54.842+0900: 24681.341: [GC (Allocation Failure) [PSYoungGen: 65088K->384K(65536K)] 84944K->20240K(420864K), 0.0027315 secs] [Times: user=0.01 sys=0.00, real=0.01 secs] 
2018-12-31T23:54:52.183+0900: 24738.682: [GC (Allocation Failure) [PSYoungGen: 64896K->320K(65536K)] 84752K->20176K(420864K), 0.0029873 secs] [Times: user=0.01 sys=0.00, real=0.01 secs] 
2018-12-31T23:55:50.047+0900: 24796.546: [GC (Allocation Failure) [PSYoungGen: 64832K->384K(65536K)] 84688K->20240K(420864K), 0.0024910 secs] [Times: user=0.01 sys=0.00, real=0.00 secs] 
2018-12-31T23:56:47.486+0900: 24853.985: [GC (Allocation Failure) [PSYoungGen: 64896K->320K(65536K)] 84752K->20176K(420864K), 0.0027280 secs] [Times: user=0.01 sys=0.00, real=0.00 secs] 
2018-12-31T23:57:37.703+0900: 24904.202: [GC (Allocation Failure) [PSYoungGen: 64832K->544K(65536K)] 84688K->20416K(420864K), 0.0027825 secs] [Times: user=0.01 sys=0.00, real=0.01 secs] 
2018-12-31T23:58:30.114+0900: 24956.613: [GC (Allocation Failure) [PSYoungGen: 65056K->480K(65536K)] 84928K->20352K(420864K), 0.0029795 secs] [Times: user=0.02 sys=0.00, real=0.00 secs] 
2018-12-31T23:59:20.289+0900: 25006.788: [GC (Allocation Failure) [PSYoungGen: 64992K->640K(65536K)] 84864K->20512K(420864K), 0.0031856 secs] [Times: user=0.01 sys=0.00, real=0.00 secs] 
2019-01-01T00:00:13.309+0900: 25059.808: [GC (Allocation Failure) [PSYoungGen: 65152K->480K(65536K)] 85024K->20352K(420864K), 0.0030507 secs] [Times: user=0.01 sys=0.00, real=0.00 secs] 
2019-01-01T00:01:09.068+0900: 25115.567: [GC (Allocation Failure) [PSYoungGen: 64992K->416K(65536K)] 84864K->20288K(420864K), 0.0029844 secs] [Times: user=0.01 sys=0.00, real=0.00 secs] 
2019-01-01T00:01:54.673+0900: 25161.172: [GC (Allocation Failure) [PSYoungGen: 64928K->576K(65536K)] 84800K->20448K(420864K), 0.0032827 secs] [Times: user=0.00 sys=0.00, real=0.01 secs] 
2019-01-01T00:02:23.311+0900: 25189.810: [GC (Allocation Failure) [PSYoungGen: 65040K->992K(65536K)] 84912K->20872K(420864K), 0.0036537 secs] [Times: user=0.01 sys=0.00, real=0.01 secs] 
2019-01-01T00:03:02.797+0900: 25229.296: [GC (Allocation Failure) [PSYoungGen: 65504K->768K(65536K)] 85384K->20648K(420864K), 0.0036877 secs] [Times: user=0.01 sys=0.00, real=0.00 secs] 
2019-01-01T00:03:52.336+0900: 25278.835: [GC (Allocation Failure) [PSYoungGen: 65280K->480K(65536K)] 85160K->20360K(420864K), 0.0029063 secs] [Times: user=0.01 sys=0.00, real=0.00 secs] 
2019-01-01T00:04:36.303+0900: 25322.802: [GC (Allocation Failure) [PSYoungGen: 64992K->640K(65536K)] 84872K->20520K(420864K), 0.0033358 secs] [Times: user=0.01 sys=0.00, real=0.01 secs] 
2019-01-01T00:05:26.515+0900: 25373.014: [GC (Allocation Failure) [PSYoungGen: 65152K->480K(65536K)] 85032K->20360K(420864K), 0.0040240 secs] [Times: user=0.02 sys=0.00, real=0.00 secs] 
2019-01-01T00:06:04.479+0900: 25410.978: [GC (Allocation Failure) [PSYoungGen: 64992K->768K(65536K)] 84872K->20648K(420864K), 0.0031768 secs] [Times: user=0.01 sys=0.00, real=0.00 secs] 
2019-01-01T00:06:55.248+0900: 25461.747: [GC (Allocation Failure) [PSYoungGen: 65280K->544K(65536K)] 85160K->20424K(420864K), 0.0027788 secs] [Times: user=0.01 sys=0.00, real=0.00 secs] 
2019-01-01T00:07:50.115+0900: 25516.614: [GC (Allocation Failure) [PSYoungGen: 65056K->384K(65536K)] 84936K->20264K(420864K), 0.0031623 secs] [Times: user=0.01 sys=0.00, real=0.00 secs] 
2019-01-01T00:08:42.325+0900: 25568.824: [GC (Allocation Failure) [PSYoungGen: 64896K->448K(65536K)] 84776K->20328K(420864K), 0.0030999 secs] [Times: user=0.01 sys=0.00, real=0.00 secs] 
2019-01-01T00:09:34.090+0900: 25620.589: [GC (Allocation Failure) [PSYoungGen: 64960K->480K(65536K)] 84840K->20368K(420864K), 0.0031337 secs] [Times: user=0.01 sys=0.00, real=0.00 secs] 
2019-01-01T00:10:25.829+0900: 25672.328: [GC (Allocation Failure) [PSYoungGen: 64992K->512K(65536K)] 84880K->20400K(420864K), 0.0030401 secs] [Times: user=0.01 sys=0.00, real=0.00 secs] 
2019-01-01T00:11:20.206+0900: 25726.705: [GC (Allocation Failure) [PSYoungGen: 65024K->384K(65536K)] 84912K->20280K(420864K), 0.0026983 secs] [Times: user=0.01 sys=0.00, real=0.00 secs] 
2019-01-01T00:12:08.286+0900: 25774.785: [GC (Allocation Failure) [PSYoungGen: 64896K->544K(65536K)] 84792K->20456K(420864K), 0.0034876 secs] [Times: user=0.01 sys=0.00, real=0.00 secs] 
2019-01-01T00:12:54.319+0900: 25820.818: [GC (Allocation Failure) [PSYoungGen: 65056K->576K(65536K)] 84968K->20488K(420864K), 0.0030032 secs] [Times: user=0.02 sys=0.00, real=0.00 secs] 
2019-01-01T00:13:48.022+0900: 25874.521: [GC (Allocation Failure) [PSYoungGen: 65088K->416K(65536K)] 85000K->20328K(420864K), 0.0034908 secs] [Times: user=0.02 sys=0.00, real=0.01 secs] 
2019-01-01T00:14:39.744+0900: 25926.243: [GC (Allocation Failure) [PSYoungGen: 64928K->480K(65536K)] 84840K->20408K(420864K), 0.0030030 secs] [Times: user=0.01 sys=0.00, real=0.00 secs] 
2019-01-01T00:15:27.941+0900: 25974.440: [GC (Allocation Failure) [PSYoungGen: 64992K->512K(65536K)] 84920K->20448K(420864K), 0.0028585 secs] [Times: user=0.01 sys=0.00, real=0.01 secs] 
2019-01-01T00:16:21.296+0900: 26027.795: [GC (Allocation Failure) [PSYoungGen: 65024K->480K(65536K)] 84960K->20416K(420864K), 0.0030634 secs] [Times: user=0.02 sys=0.00, real=0.00 secs] 
2019-01-01T00:17:11.400+0900: 26077.899: [GC (Allocation Failure) [PSYoungGen: 64992K->480K(65536K)] 84928K->20416K(420864K), 0.0029728 secs] [Times: user=0.01 sys=0.00, real=0.00 secs] 
2019-01-01T00:18:02.651+0900: 26129.151: [GC (Allocation Failure) [PSYoungGen: 64868K->480K(65536K)] 84804K->20416K(420864K), 0.0034161 secs] [Times: user=0.01 sys=0.00, real=0.01 secs] 
2019-01-01T00:18:51.184+0900: 26177.683: [GC (Allocation Failure) [PSYoungGen: 64992K->576K(65536K)] 84928K->20512K(420864K), 0.0032962 secs] [Times: user=0.01 sys=0.00, real=0.00 secs] 
2019-01-01T00:19:42.951+0900: 26229.450: [GC (Allocation Failure) [PSYoungGen: 65088K->512K(65536K)] 85024K->20448K(420864K), 0.0030135 secs] [Times: user=0.01 sys=0.00, real=0.01 secs] 
2019-01-01T00:20:41.134+0900: 26287.633: [GC (Allocation Failure) [PSYoungGen: 65024K->288K(65536K)] 84960K->20232K(420864K), 0.0029156 secs] [Times: user=0.01 sys=0.00, real=0.00 secs] 
2019-01-01T00:21:39.079+0900: 26345.578: [GC (Allocation Failure) [PSYoungGen: 64800K->320K(65536K)] 84744K->20264K(420864K), 0.0028558 secs] [Times: user=0.01 sys=0.00, real=0.00 secs] 
2019-01-01T00:22:36.635+0900: 26403.134: [GC (Allocation Failure) [PSYoungGen: 64832K->352K(65536K)] 84776K->20296K(420864K), 0.0026078 secs] [Times: user=0.01 sys=0.00, real=0.00 secs] 
2019-01-01T00:23:28.840+0900: 26455.339: [GC (Allocation Failure) [PSYoungGen: 64864K->416K(65536K)] 84808K->20360K(420864K), 0.0028572 secs] [Times: user=0.01 sys=0.00, real=0.00 secs] 
2019-01-01T00:24:24.517+0900: 26511.016: [GC (Allocation Failure) [PSYoungGen: 64928K->352K(65536K)] 84872K->20296K(420864K), 0.0027144 secs] [Times: user=0.01 sys=0.00, real=0.00 secs] 
2019-01-01T00:25:18.320+0900: 26564.819: [GC (Allocation Failure) [PSYoungGen: 64864K->416K(65536K)] 84808K->20360K(420864K), 0.0029874 secs] [Times: user=0.01 sys=0.00, real=0.00 secs] 
2019-01-01T00:26:14.492+0900: 26620.991: [GC (Allocation Failure) [PSYoungGen: 64928K->352K(65536K)] 84872K->20296K(420864K), 0.0026683 secs] [Times: user=0.02 sys=0.00, real=0.01 secs] 
2019-01-01T00:27:11.881+0900: 26678.380: [GC (Allocation Failure) [PSYoungGen: 64864K->288K(65536K)] 84808K->20232K(420864K), 0.0027375 secs] [Times: user=0.01 sys=0.00, real=0.00 secs] 
2019-01-01T00:28:05.930+0900: 26732.429: [GC (Allocation Failure) [PSYoungGen: 64800K->352K(65536K)] 84744K->20296K(420864K), 0.0030335 secs] [Times: user=0.01 sys=0.00, real=0.00 secs] 
2019-01-01T00:28:59.415+0900: 26785.914: [GC (Allocation Failure) [PSYoungGen: 64864K->416K(65536K)] 84808K->20360K(420864K), 0.0027599 secs] [Times: user=0.01 sys=0.00, real=0.00 secs] 
2019-01-01T00:29:57.375+0900: 26843.874: [GC (Allocation Failure) [PSYoungGen: 64928K->288K(65536K)] 84872K->20232K(420864K), 0.0025355 secs] [Times: user=0.01 sys=0.00, real=0.00 secs] 
2019-01-01T00:30:55.576+0900: 26902.075: [GC (Allocation Failure) [PSYoungGen: 64800K->352K(65536K)] 84744K->20304K(420864K), 0.0028202 secs] [Times: user=0.01 sys=0.00, real=0.00 secs] 
2019-01-01T00:31:53.455+0900: 26959.954: [GC (Allocation Failure) [PSYoungGen: 64864K->288K(65536K)] 84816K->20240K(420864K), 0.0025158 secs] [Times: user=0.01 sys=0.00, real=0.00 secs] 
2019-01-01T00:32:27.832+0900: 26994.331: [GC (Allocation Failure) [PSYoungGen: 64800K->832K(65536K)] 84752K->20784K(420864K), 0.0036751 secs] [Times: user=0.01 sys=0.00, real=0.01 secs] 
2019-01-01T00:33:07.344+0900: 27033.843: [GC (Allocation Failure) [PSYoungGen: 65344K->672K(65536K)] 85296K->20624K(420864K), 0.0035663 secs] [Times: user=0.01 sys=0.00, real=0.00 secs] 
2019-01-01T00:33:59.330+0900: 27085.829: [GC (Allocation Failure) [PSYoungGen: 65184K->384K(65536K)] 85136K->20336K(420864K), 0.0031852 secs] [Times: user=0.01 sys=0.00, real=0.00 secs] 
2019-01-01T00:34:57.111+0900: 27143.610: [GC (Allocation Failure) [PSYoungGen: 64896K->384K(65536K)] 84848K->20336K(420864K), 0.0032464 secs] [Times: user=0.01 sys=0.00, real=0.01 secs] 
2019-01-01T00:35:50.868+0900: 27197.367: [GC (Allocation Failure) [PSYoungGen: 64896K->480K(65536K)] 84848K->20432K(420864K), 0.0030382 secs] [Times: user=0.01 sys=0.00, real=0.00 secs] 
2019-01-01T00:36:44.184+0900: 27250.683: [GC (Allocation Failure) [PSYoungGen: 64992K->448K(65536K)] 84944K->20400K(420864K), 0.0031299 secs] [Times: user=0.01 sys=0.00, real=0.00 secs] 
2019-01-01T00:37:38.050+0900: 27304.549: [GC (Allocation Failure) [PSYoungGen: 64960K->384K(65536K)] 84912K->20336K(420864K), 0.0030653 secs] [Times: user=0.01 sys=0.01, real=0.00 secs] 
2019-01-01T00:38:32.154+0900: 27358.653: [GC (Allocation Failure) [PSYoungGen: 64896K->416K(65536K)] 84848K->20368K(420864K), 0.0030319 secs] [Times: user=0.01 sys=0.00, real=0.01 secs] 
2019-01-01T00:39:27.711+0900: 27414.210: [GC (Allocation Failure) [PSYoungGen: 64928K->416K(65536K)] 84880K->20368K(420864K), 0.0025723 secs] [Times: user=0.02 sys=0.00, real=0.00 secs] 
2019-01-01T00:40:21.929+0900: 27468.428: [GC (Allocation Failure) [PSYoungGen: 64928K->416K(65536K)] 84880K->20368K(420864K), 0.0030168 secs] [Times: user=0.01 sys=0.00, real=0.00 secs] 
2019-01-01T00:41:18.078+0900: 27524.577: [GC (Allocation Failure) [PSYoungGen: 64928K->384K(65536K)] 84880K->20336K(420864K), 0.0029866 secs] [Times: user=0.01 sys=0.00, real=0.00 secs] 
2019-01-01T00:42:15.421+0900: 27581.920: [GC (Allocation Failure) [PSYoungGen: 64896K->352K(65536K)] 84848K->20304K(420864K), 0.0025405 secs] [Times: user=0.01 sys=0.00, real=0.00 secs] 
2019-01-01T00:43:13.593+0900: 27640.092: [GC (Allocation Failure) [PSYoungGen: 64864K->384K(65536K)] 84816K->20336K(420864K), 0.0028906 secs] [Times: user=0.01 sys=0.00, real=0.01 secs] 
2019-01-01T00:44:11.421+0900: 27697.920: [GC (Allocation Failure) [PSYoungGen: 64896K->320K(65536K)] 84848K->20272K(420864K), 0.0031161 secs] [Times: user=0.01 sys=0.00, real=0.01 secs] 
2019-01-01T00:45:09.348+0900: 27755.847: [GC (Allocation Failure) [PSYoungGen: 64832K->320K(65536K)] 84784K->20272K(420864K), 0.0028684 secs] [Times: user=0.01 sys=0.00, real=0.00 secs] 
2019-01-01T00:46:03.251+0900: 27809.750: [GC (Allocation Failure) [PSYoungGen: 64832K->448K(65536K)] 84784K->20424K(420864K), 0.0038577 secs] [Times: user=0.01 sys=0.00, real=0.01 secs] 
2019-01-01T00:46:59.476+0900: 27865.975: [GC (Allocation Failure) [PSYoungGen: 64960K->384K(65536K)] 84936K->20392K(420864K), 0.0026361 secs] [Times: user=0.01 sys=0.00, real=0.00 secs] 
2019-01-01T00:47:55.066+0900: 27921.565: [GC (Allocation Failure) [PSYoungGen: 64896K->320K(65536K)] 84904K->20328K(420864K), 0.0030530 secs] [Times: user=0.01 sys=0.00, real=0.00 secs] 
2019-01-01T00:48:52.873+0900: 27979.372: [GC (Allocation Failure) [PSYoungGen: 64832K->256K(65536K)] 84840K->20264K(420864K), 0.0030634 secs] [Times: user=0.01 sys=0.00, real=0.01 secs] 
2019-01-01T00:49:50.536+0900: 28037.035: [GC (Allocation Failure) [PSYoungGen: 64768K->320K(65536K)] 84776K->20328K(420864K), 0.0031391 secs] [Times: user=0.00 sys=0.00, real=0.00 secs] 
2019-01-01T00:50:48.313+0900: 28094.812: [GC (Allocation Failure) [PSYoungGen: 64832K->288K(65536K)] 84840K->20296K(420864K), 0.0027947 secs] [Times: user=0.01 sys=0.00, real=0.01 secs] 
2019-01-01T00:51:42.077+0900: 28148.576: [GC (Allocation Failure) [PSYoungGen: 64800K->416K(65536K)] 84808K->20424K(420864K), 0.0030726 secs] [Times: user=0.01 sys=0.00, real=0.00 secs] 
2019-01-01T00:52:39.652+0900: 28206.151: [GC (Allocation Failure) [PSYoungGen: 64928K->288K(65536K)] 84936K->20296K(420864K), 0.0028853 secs] [Times: user=0.01 sys=0.00, real=0.01 secs] 
2019-01-01T00:53:37.038+0900: 28263.537: [GC (Allocation Failure) [PSYoungGen: 64800K->320K(65536K)] 84808K->20328K(420864K), 0.0030871 secs] [Times: user=0.01 sys=0.00, real=0.00 secs] 
2019-01-01T00:54:34.989+0900: 28321.488: [GC (Allocation Failure) [PSYoungGen: 64832K->320K(65536K)] 84840K->20328K(420864K), 0.0027184 secs] [Times: user=0.01 sys=0.00, real=0.00 secs] 
2019-01-01T00:55:32.440+0900: 28378.939: [GC (Allocation Failure) [PSYoungGen: 64832K->320K(65536K)] 84840K->20344K(420864K), 0.0027347 secs] [Times: user=0.01 sys=0.00, real=0.00 secs] 
2019-01-01T00:56:29.850+0900: 28436.349: [GC (Allocation Failure) [PSYoungGen: 64832K->352K(65024K)] 84856K->20376K(420352K), 0.0030360 secs] [Times: user=0.01 sys=0.00, real=0.00 secs] 
2019-01-01T00:57:27.937+0900: 28494.437: [GC (Allocation Failure) [PSYoungGen: 64864K->352K(65024K)] 84888K->20376K(420352K), 0.0029017 secs] [Times: user=0.01 sys=0.00, real=0.00 secs] 
2019-01-01T00:58:26.170+0900: 28552.669: [GC (Allocation Failure) [PSYoungGen: 64864K->352K(65024K)] 84888K->20376K(420352K), 0.0025512 secs] [Times: user=0.01 sys=0.00, real=0.00 secs] 
2019-01-01T00:59:19.388+0900: 28605.887: [GC (Allocation Failure) [PSYoungGen: 64864K->416K(65024K)] 84888K->20440K(420352K), 0.0031866 secs] [Times: user=0.02 sys=0.00, real=0.00 secs] 
2019-01-01T01:00:17.611+0900: 28664.110: [GC (Allocation Failure) [PSYoungGen: 64928K->352K(65024K)] 84952K->20376K(420352K), 0.0027088 secs] [Times: user=0.02 sys=0.00, real=0.01 secs] 
2019-01-01T01:01:15.703+0900: 28722.202: [GC (Allocation Failure) [PSYoungGen: 64864K->288K(65024K)] 84888K->20312K(420352K), 0.0030328 secs] [Times: user=0.01 sys=0.00, real=0.01 secs] 
2019-01-01T01:02:09.239+0900: 28775.738: [GC (Allocation Failure) [PSYoungGen: 64800K->416K(65024K)] 84824K->20440K(420352K), 0.0031462 secs] [Times: user=0.01 sys=0.00, real=0.00 secs] 
2019-01-01T01:02:43.182+0900: 28809.681: [GC (Allocation Failure) [PSYoungGen: 64928K->512K(65024K)] 84952K->20912K(420352K), 0.0038617 secs] [Times: user=0.01 sys=0.00, real=0.01 secs] 
2019-01-01T01:03:29.501+0900: 28856.000: [GC (Allocation Failure) [PSYoungGen: 65024K->576K(65536K)] 85424K->20976K(420864K), 0.0033565 secs] [Times: user=0.01 sys=0.00, real=0.01 secs] 
2019-01-01T01:04:23.580+0900: 28910.079: [GC (Allocation Failure) [PSYoungGen: 65088K->416K(65536K)] 85488K->20816K(420864K), 0.0034558 secs] [Times: user=0.01 sys=0.00, real=0.00 secs] 
2019-01-01T01:05:21.478+0900: 28967.977: [GC (Allocation Failure) [PSYoungGen: 64928K->320K(65536K)] 85328K->20752K(420864K), 0.0028179 secs] [Times: user=0.01 sys=0.00, real=0.00 secs] 
2019-01-01T01:06:19.041+0900: 29025.540: [GC (Allocation Failure) [PSYoungGen: 64832K->352K(65536K)] 85264K->20784K(420864K), 0.0029598 secs] [Times: user=0.01 sys=0.00, real=0.01 secs] 
2019-01-01T01:07:13.257+0900: 29079.756: [GC (Allocation Failure) [PSYoungGen: 64864K->384K(65536K)] 85296K->20816K(420864K), 0.0030131 secs] [Times: user=0.01 sys=0.00, real=0.00 secs] 
2019-01-01T01:08:07.460+0900: 29133.959: [GC (Allocation Failure) [PSYoungGen: 64896K->416K(65536K)] 85328K->20848K(420864K), 0.0034355 secs] [Times: user=0.02 sys=0.00, real=0.00 secs] 
2019-01-01T01:09:05.390+0900: 29191.889: [GC (Allocation Failure) [PSYoungGen: 64928K->288K(65536K)] 85360K->20720K(420864K), 0.0025620 secs] [Times: user=0.01 sys=0.00, real=0.00 secs] 
2019-01-01T01:09:55.281+0900: 29241.780: [GC (Allocation Failure) [PSYoungGen: 64800K->512K(65536K)] 85232K->20944K(420864K), 0.0030526 secs] [Times: user=0.01 sys=0.00, real=0.01 secs] 
2019-01-01T01:10:53.116+0900: 29299.615: [GC (Allocation Failure) [PSYoungGen: 65024K->352K(65536K)] 85456K->20784K(420864K), 0.0030598 secs] [Times: user=0.01 sys=0.00, real=0.00 secs] 
2019-01-01T01:11:47.334+0900: 29353.833: [GC (Allocation Failure) [PSYoungGen: 64864K->480K(65536K)] 85296K->20912K(420864K), 0.0033844 secs] [Times: user=0.02 sys=0.00, real=0.00 secs] 
2019-01-01T01:12:44.573+0900: 29411.072: [GC (Allocation Failure) [PSYoungGen: 64992K->352K(65536K)] 85424K->20808K(420864K), 0.0030171 secs] [Times: user=0.01 sys=0.00, real=0.01 secs] 
2019-01-01T01:13:42.529+0900: 29469.029: [GC (Allocation Failure) [PSYoungGen: 64864K->352K(65536K)] 85320K->20808K(420864K), 0.0029177 secs] [Times: user=0.02 sys=0.00, real=0.00 secs] 
2019-01-01T01:14:40.289+0900: 29526.788: [GC (Allocation Failure) [PSYoungGen: 64864K->352K(65536K)] 85320K->20808K(420864K), 0.0028538 secs] [Times: user=0.01 sys=0.00, real=0.00 secs] 
2019-01-01T01:15:38.280+0900: 29584.779: [GC (Allocation Failure) [PSYoungGen: 64864K->320K(65536K)] 85320K->20776K(420864K), 0.0027234 secs] [Times: user=0.01 sys=0.00, real=0.00 secs] 
2019-01-01T01:16:36.458+0900: 29642.957: [GC (Allocation Failure) [PSYoungGen: 64832K->288K(65536K)] 85288K->20768K(420864K), 0.0028081 secs] [Times: user=0.01 sys=0.00, real=0.00 secs] 
2019-01-01T01:17:34.216+0900: 29700.716: [GC (Allocation Failure) [PSYoungGen: 64800K->384K(65536K)] 85280K->20936K(420864K), 0.0042462 secs] [Times: user=0.01 sys=0.01, real=0.00 secs] 
2019-01-01T01:18:27.849+0900: 29754.348: [GC (Allocation Failure) [PSYoungGen: 64896K->448K(65536K)] 85448K->21000K(420864K), 0.0030913 secs] [Times: user=0.00 sys=0.01, real=0.00 secs] 
2019-01-01T01:19:25.538+0900: 29812.037: [GC (Allocation Failure) [PSYoungGen: 64960K->352K(65536K)] 85512K->20904K(420864K), 0.0025610 secs] [Times: user=0.01 sys=0.00, real=0.00 secs] 
2019-01-01T01:20:23.418+0900: 29869.917: [GC (Allocation Failure) [PSYoungGen: 64864K->352K(65536K)] 85416K->20904K(420864K), 0.0030523 secs] [Times: user=0.01 sys=0.00, real=0.00 secs] 
2019-01-01T01:21:13.895+0900: 29920.394: [GC (Allocation Failure) [PSYoungGen: 64864K->512K(65536K)] 85416K->21064K(420864K), 0.0030205 secs] [Times: user=0.01 sys=0.00, real=0.00 secs] 
2019-01-01T01:22:03.360+0900: 29969.859: [GC (Allocation Failure) [PSYoungGen: 65024K->608K(65536K)] 85576K->21160K(420864K), 0.0029160 secs] [Times: user=0.01 sys=0.00, real=0.00 secs] 
2019-01-01T01:22:51.057+0900: 30017.556: [GC (Allocation Failure) [PSYoungGen: 65120K->576K(65536K)] 85672K->21128K(420864K), 0.0030545 secs] [Times: user=0.01 sys=0.00, real=0.00 secs] 
2019-01-01T01:23:43.139+0900: 30069.638: [GC (Allocation Failure) [PSYoungGen: 65088K->512K(65536K)] 85640K->21080K(420864K), 0.0031150 secs] [Times: user=0.01 sys=0.00, real=0.00 secs] 
2019-01-01T01:24:41.339+0900: 30127.838: [GC (Allocation Failure) [PSYoungGen: 65024K->320K(65536K)] 85592K->20896K(420864K), 0.0028254 secs] [Times: user=0.01 sys=0.00, real=0.00 secs] 
2019-01-01T01:25:38.572+0900: 30185.071: [GC (Allocation Failure) [PSYoungGen: 64832K->384K(65536K)] 85408K->20960K(420864K), 0.0028362 secs] [Times: user=0.01 sys=0.00, real=0.01 secs] 
2019-01-01T01:26:32.482+0900: 30238.981: [GC (Allocation Failure) [PSYoungGen: 64896K->480K(65536K)] 85472K->21056K(420864K), 0.0029996 secs] [Times: user=0.01 sys=0.00, real=0.01 secs] 
2019-01-01T01:27:22.969+0900: 30289.468: [GC (Allocation Failure) [PSYoungGen: 64992K->576K(65536K)] 85568K->21152K(420864K), 0.0031726 secs] [Times: user=0.01 sys=0.00, real=0.00 secs] 
2019-01-01T01:28:20.184+0900: 30346.683: [GC (Allocation Failure) [PSYoungGen: 65088K->384K(65536K)] 85664K->20960K(420864K), 0.0029550 secs] [Times: user=0.01 sys=0.00, real=0.01 secs] 
2019-01-01T01:29:17.914+0900: 30404.413: [GC (Allocation Failure) [PSYoungGen: 64896K->320K(65536K)] 85472K->20896K(420864K), 0.0031211 secs] [Times: user=0.01 sys=0.00, real=0.00 secs] 
2019-01-01T01:30:11.650+0900: 30458.149: [GC (Allocation Failure) [PSYoungGen: 64832K->416K(65536K)] 85408K->20992K(420864K), 0.0027809 secs] [Times: user=0.02 sys=0.00, real=0.00 secs] 
2019-01-01T01:31:08.995+0900: 30515.494: [GC (Allocation Failure) [PSYoungGen: 64928K->288K(65536K)] 85504K->20864K(420864K), 0.0028918 secs] [Times: user=0.01 sys=0.00, real=0.00 secs] 
2019-01-01T01:31:59.065+0900: 30565.564: [GC (Allocation Failure) [PSYoungGen: 64800K->512K(65536K)] 85376K->21088K(420864K), 0.0033462 secs] [Times: user=0.01 sys=0.00, real=0.00 secs] 
2019-01-01T01:32:25.547+0900: 30592.046: [GC (Allocation Failure) [PSYoungGen: 65024K->1024K(65536K)] 85600K->21608K(420864K), 0.0039533 secs] [Times: user=0.02 sys=0.01, real=0.00 secs] 
2019-01-01T01:33:11.360+0900: 30637.859: [GC (Allocation Failure) [PSYoungGen: 65536K->576K(65536K)] 86120K->21168K(420864K), 0.0036188 secs] [Times: user=0.02 sys=0.00, real=0.00 secs] 
2019-01-01T01:34:09.572+0900: 30696.071: [GC (Allocation Failure) [PSYoungGen: 65088K->352K(65536K)] 85680K->20944K(420864K), 0.0032739 secs] [Times: user=0.01 sys=0.00, real=0.01 secs] 
2019-01-01T01:35:07.316+0900: 30753.815: [GC (Allocation Failure) [PSYoungGen: 64864K->352K(65536K)] 85456K->20944K(420864K), 0.0029408 secs] [Times: user=0.01 sys=0.00, real=0.00 secs] 
2019-01-01T01:36:05.128+0900: 30811.627: [GC (Allocation Failure) [PSYoungGen: 64864K->320K(65536K)] 85456K->20912K(420864K), 0.0026602 secs] [Times: user=0.01 sys=0.00, real=0.00 secs] 
2019-01-01T01:37:03.249+0900: 30869.748: [GC (Allocation Failure) [PSYoungGen: 64832K->384K(65536K)] 85424K->20976K(420864K), 0.0029229 secs] [Times: user=0.01 sys=0.00, real=0.00 secs] 
2019-01-01T01:38:01.079+0900: 30927.578: [GC (Allocation Failure) [PSYoungGen: 64896K->352K(65536K)] 85488K->20944K(420864K), 0.0028588 secs] [Times: user=0.01 sys=0.00, real=0.00 secs] 
2019-01-01T01:38:58.699+0900: 30985.198: [GC (Allocation Failure) [PSYoungGen: 64864K->320K(65536K)] 85456K->20912K(420864K), 0.0028923 secs] [Times: user=0.01 sys=0.00, real=0.00 secs] 
2019-01-01T01:39:52.912+0900: 31039.411: [GC (Allocation Failure) [PSYoungGen: 64832K->416K(65536K)] 85424K->21032K(420864K), 0.0030048 secs] [Times: user=0.02 sys=0.00, real=0.01 secs] 
2019-01-01T01:40:50.231+0900: 31096.730: [GC (Allocation Failure) [PSYoungGen: 64928K->352K(65536K)] 85544K->20984K(420864K), 0.0029123 secs] [Times: user=0.02 sys=0.00, real=0.01 secs] 
2019-01-01T01:41:48.138+0900: 31154.637: [GC (Allocation Failure) [PSYoungGen: 64864K->320K(65536K)] 85496K->20952K(420864K), 0.0026226 secs] [Times: user=0.01 sys=0.00, real=0.00 secs] 
2019-01-01T01:42:42.164+0900: 31208.663: [GC (Allocation Failure) [PSYoungGen: 64832K->416K(65536K)] 85464K->21048K(420864K), 0.0031585 secs] [Times: user=0.01 sys=0.00, real=0.00 secs] 
2019-01-01T01:43:31.291+0900: 31257.790: [GC (Allocation Failure) [PSYoungGen: 64928K->512K(65536K)] 85560K->21144K(420864K), 0.0034328 secs] [Times: user=0.01 sys=0.00, real=0.01 secs] 
2019-01-01T01:44:19.957+0900: 31306.456: [GC (Allocation Failure) [PSYoungGen: 65024K->544K(65536K)] 85656K->21176K(420864K), 0.0034826 secs] [Times: user=0.02 sys=0.00, real=0.00 secs] 
2019-01-01T01:45:11.900+0900: 31358.399: [GC (Allocation Failure) [PSYoungGen: 65056K->512K(65536K)] 85688K->21144K(420864K), 0.0033286 secs] [Times: user=0.00 sys=0.00, real=0.01 secs] 
2019-01-01T01:46:09.484+0900: 31415.983: [GC (Allocation Failure) [PSYoungGen: 65024K->352K(65536K)] 85656K->21008K(420864K), 0.0032137 secs] [Times: user=0.01 sys=0.00, real=0.00 secs] 
2019-01-01T01:47:07.629+0900: 31474.128: [GC (Allocation Failure) [PSYoungGen: 64864K->384K(65536K)] 85520K->21056K(420864K), 0.0028647 secs] [Times: user=0.01 sys=0.00, real=0.00 secs] 
2019-01-01T01:48:05.142+0900: 31531.641: [GC (Allocation Failure) [PSYoungGen: 64896K->320K(65536K)] 85568K->20992K(420864K), 0.0027349 secs] [Times: user=0.01 sys=0.00, real=0.01 secs] 
2019-01-01T01:49:03.091+0900: 31589.590: [GC (Allocation Failure) [PSYoungGen: 64832K->288K(65536K)] 85504K->20960K(420864K), 0.0027698 secs] [Times: user=0.01 sys=0.00, real=0.01 secs] 
2019-01-01T01:50:00.978+0900: 31647.477: [GC (Allocation Failure) [PSYoungGen: 64800K->288K(65536K)] 85472K->20960K(420864K), 0.0029008 secs] [Times: user=0.01 sys=0.00, real=0.00 secs] 
2019-01-01T01:50:58.660+0900: 31705.159: [GC (Allocation Failure) [PSYoungGen: 64800K->352K(65536K)] 85472K->21024K(420864K), 0.0028698 secs] [Times: user=0.02 sys=0.00, real=0.00 secs] 
2019-01-01T01:51:56.779+0900: 31763.278: [GC (Allocation Failure) [PSYoungGen: 64864K->288K(65536K)] 85536K->20960K(420864K), 0.0031416 secs] [Times: user=0.00 sys=0.00, real=0.00 secs] 
2019-01-01T01:52:55.012+0900: 31821.511: [GC (Allocation Failure) [PSYoungGen: 64800K->352K(65536K)] 85472K->21024K(420864K), 0.0026569 secs] [Times: user=0.02 sys=0.00, real=0.01 secs] 
2019-01-01T01:53:52.719+0900: 31879.218: [GC (Allocation Failure) [PSYoungGen: 64864K->320K(65536K)] 85536K->20992K(420864K), 0.0028480 secs] [Times: user=0.01 sys=0.00, real=0.00 secs] 
2019-01-01T01:54:36.786+0900: 31923.285: [GC (Allocation Failure) [PSYoungGen: 64832K->608K(65536K)] 85504K->21280K(420864K), 0.0033470 secs] [Times: user=0.02 sys=0.00, real=0.00 secs] 
2019-01-01T01:55:30.044+0900: 31976.543: [GC (Allocation Failure) [PSYoungGen: 65120K->480K(65536K)] 85792K->21152K(420864K), 0.0032185 secs] [Times: user=0.01 sys=0.01, real=0.00 secs] 
2019-01-01T01:56:21.740+0900: 32028.239: [GC (Allocation Failure) [PSYoungGen: 64987K->480K(65536K)] 85659K->21152K(420864K), 0.0031592 secs] [Times: user=0.01 sys=0.00, real=0.00 secs] 
2019-01-01T01:57:07.172+0900: 32073.671: [GC (Allocation Failure) [PSYoungGen: 64992K->640K(65536K)] 85664K->21312K(420864K), 0.0031013 secs] [Times: user=0.01 sys=0.00, real=0.01 secs] 
2019-01-01T01:58:05.319+0900: 32131.818: [GC (Allocation Failure) [PSYoungGen: 65152K->288K(65536K)] 85824K->20968K(420864K), 0.0029581 secs] [Times: user=0.01 sys=0.00, real=0.00 secs] 
2019-01-01T01:59:02.598+0900: 32189.097: [GC (Allocation Failure) [PSYoungGen: 64800K->320K(65536K)] 85480K->21000K(420864K), 0.0026561 secs] [Times: user=0.01 sys=0.00, real=0.00 secs] 
2019-01-01T02:00:00.533+0900: 32247.032: [GC (Allocation Failure) [PSYoungGen: 64832K->320K(65536K)] 85512K->21000K(420864K), 0.0028467 secs] [Times: user=0.01 sys=0.00, real=0.01 secs] 
2019-01-01T02:00:58.054+0900: 32304.553: [GC (Allocation Failure) [PSYoungGen: 64832K->320K(65536K)] 85512K->21000K(420864K), 0.0029067 secs] [Times: user=0.01 sys=0.00, real=0.00 secs] 
2019-01-01T02:01:56.233+0900: 32362.732: [GC (Allocation Failure) [PSYoungGen: 64832K->352K(65536K)] 85512K->21032K(420864K), 0.0031891 secs] [Times: user=0.01 sys=0.00, real=0.01 secs] 
2019-01-01T02:02:30.371+0900: 32396.870: [GC (Allocation Failure) [PSYoungGen: 64864K->896K(65536K)] 85544K->21576K(420864K), 0.0037378 secs] [Times: user=0.01 sys=0.00, real=0.01 secs] 
2019-01-01T02:03:16.577+0900: 32443.076: [GC (Allocation Failure) [PSYoungGen: 65408K->608K(65536K)] 86088K->21288K(420864K), 0.0035353 secs] [Times: user=0.01 sys=0.00, real=0.00 secs] 
2019-01-01T02:04:06.724+0900: 32493.223: [GC (Allocation Failure) [PSYoungGen: 65120K->512K(65536K)] 85800K->21192K(420864K), 0.0031554 secs] [Times: user=0.02 sys=0.00, real=0.00 secs] 
2019-01-01T02:05:04.410+0900: 32550.909: [GC (Allocation Failure) [PSYoungGen: 65024K->352K(65536K)] 85704K->21032K(420864K), 0.0031122 secs] [Times: user=0.01 sys=0.00, real=0.00 secs] 
2019-01-01T02:06:02.200+0900: 32608.699: [GC (Allocation Failure) [PSYoungGen: 64864K->352K(65536K)] 85544K->21032K(420864K), 0.0025378 secs] [Times: user=0.01 sys=0.00, real=0.00 secs] 
2019-01-01T02:07:00.276+0900: 32666.775: [GC (Allocation Failure) [PSYoungGen: 64864K->384K(65536K)] 85544K->21064K(420864K), 0.0028483 secs] [Times: user=0.01 sys=0.00, real=0.00 secs] 
2019-01-01T02:07:58.419+0900: 32724.918: [GC (Allocation Failure) [PSYoungGen: 64896K->256K(65536K)] 85576K->20936K(420864K), 0.0029901 secs] [Times: user=0.01 sys=0.00, real=0.00 secs] 
2019-01-01T02:08:55.934+0900: 32782.433: [GC (Allocation Failure) [PSYoungGen: 64768K->320K(65536K)] 85448K->21000K(420864K), 0.0029803 secs] [Times: user=0.01 sys=0.00, real=0.00 secs] 
2019-01-01T02:09:54.160+0900: 32840.659: [GC (Allocation Failure) [PSYoungGen: 64832K->288K(65536K)] 85512K->20968K(420864K), 0.0027712 secs] [Times: user=0.01 sys=0.00, real=0.00 secs] 
2019-01-01T02:10:49.840+0900: 32896.339: [GC (Allocation Failure) [PSYoungGen: 64800K->416K(65536K)] 85480K->21096K(420864K), 0.0030496 secs] [Times: user=0.02 sys=0.00, real=0.00 secs] 
2019-01-01T02:11:45.603+0900: 32952.102: [GC (Allocation Failure) [PSYoungGen: 64928K->384K(65536K)] 85608K->21064K(420864K), 0.0030569 secs] [Times: user=0.02 sys=0.00, real=0.01 secs] 
2019-01-01T02:12:36.571+0900: 33003.070: [GC (Allocation Failure) [PSYoungGen: 64874K->480K(65536K)] 85555K->21160K(420864K), 0.0032569 secs] [Times: user=0.01 sys=0.00, real=0.01 secs] 
2019-01-01T02:13:33.349+0900: 33059.848: [GC (Allocation Failure) [PSYoungGen: 64992K->320K(65536K)] 85672K->21000K(420864K), 0.0028648 secs] [Times: user=0.01 sys=0.01, real=0.00 secs] 
2019-01-01T02:14:31.259+0900: 33117.758: [GC (Allocation Failure) [PSYoungGen: 64832K->320K(65536K)] 85512K->21000K(420864K), 0.0026656 secs] [Times: user=0.01 sys=0.00, real=0.00 secs] 
2019-01-01T02:15:28.577+0900: 33175.076: [GC (Allocation Failure) [PSYoungGen: 64832K->320K(65536K)] 85512K->21000K(420864K), 0.0028065 secs] [Times: user=0.01 sys=0.00, real=0.00 secs] 
2019-01-01T02:16:26.550+0900: 33233.049: [GC (Allocation Failure) [PSYoungGen: 64832K->320K(65536K)] 85512K->21016K(420864K), 0.0028238 secs] [Times: user=0.01 sys=0.00, real=0.00 secs] 
2019-01-01T02:17:23.945+0900: 33290.444: [GC (Allocation Failure) [PSYoungGen: 64832K->352K(65536K)] 85528K->21056K(420864K), 0.0026785 secs] [Times: user=0.02 sys=0.00, real=0.00 secs] 
2019-01-01T02:18:22.175+0900: 33348.674: [GC (Allocation Failure) [PSYoungGen: 64864K->320K(65536K)] 85568K->21056K(420864K), 0.0028288 secs] [Times: user=0.01 sys=0.00, real=0.00 secs] 
2019-01-01T02:19:20.411+0900: 33406.910: [GC (Allocation Failure) [PSYoungGen: 64832K->320K(65536K)] 85568K->21056K(420864K), 0.0030784 secs] [Times: user=0.01 sys=0.00, real=0.01 secs] 
2019-01-01T02:20:18.653+0900: 33465.152: [GC (Allocation Failure) [PSYoungGen: 64832K->352K(65536K)] 85568K->21088K(420864K), 0.0029481 secs] [Times: user=0.01 sys=0.00, real=0.01 secs] 
2019-01-01T02:21:16.627+0900: 33523.126: [GC (Allocation Failure) [PSYoungGen: 64864K->320K(65536K)] 85600K->21056K(420864K), 0.0025490 secs] [Times: user=0.01 sys=0.00, real=0.00 secs] 
2019-01-01T02:22:02.068+0900: 33568.567: [GC (Allocation Failure) [PSYoungGen: 64832K->640K(65536K)] 85568K->21376K(420864K), 0.0036184 secs] [Times: user=0.01 sys=0.00, real=0.00 secs] 
2019-01-01T02:22:54.276+0900: 33620.775: [GC (Allocation Failure) [PSYoungGen: 65152K->480K(65536K)] 85888K->21216K(420864K), 0.0031288 secs] [Times: user=0.01 sys=0.01, real=0.00 secs] 
2019-01-01T02:23:51.636+0900: 33678.135: [GC (Allocation Failure) [PSYoungGen: 64992K->352K(65536K)] 85728K->21104K(420864K), 0.0026721 secs] [Times: user=0.01 sys=0.00, real=0.00 secs] 
2019-01-01T02:24:45.724+0900: 33732.223: [GC (Allocation Failure) [PSYoungGen: 64864K->352K(65536K)] 85616K->21104K(420864K), 0.0029824 secs] [Times: user=0.01 sys=0.00, real=0.00 secs] 
2019-01-01T02:25:43.881+0900: 33790.380: [GC (Allocation Failure) [PSYoungGen: 64864K->384K(65536K)] 85616K->21136K(420864K), 0.0029111 secs] [Times: user=0.01 sys=0.00, real=0.01 secs] 
2019-01-01T02:26:41.463+0900: 33847.962: [GC (Allocation Failure) [PSYoungGen: 64896K->352K(65536K)] 85648K->21104K(420864K), 0.0028052 secs] [Times: user=0.01 sys=0.00, real=0.01 secs] 
2019-01-01T02:27:39.410+0900: 33905.909: [GC (Allocation Failure) [PSYoungGen: 64864K->352K(65536K)] 85616K->21104K(420864K), 0.0026664 secs] [Times: user=0.01 sys=0.00, real=0.00 secs] 
2019-01-01T02:28:33.624+0900: 33960.123: [GC (Allocation Failure) [PSYoungGen: 64864K->384K(65536K)] 85616K->21136K(420864K), 0.0027994 secs] [Times: user=0.01 sys=0.00, real=0.00 secs] 
2019-01-01T02:29:27.846+0900: 34014.345: [GC (Allocation Failure) [PSYoungGen: 64896K->448K(65536K)] 85648K->21200K(420864K), 0.0028750 secs] [Times: user=0.02 sys=0.00, real=0.00 secs] 
2019-01-01T02:30:25.453+0900: 34071.952: [GC (Allocation Failure) [PSYoungGen: 64960K->320K(65536K)] 85712K->21072K(420864K), 0.0028366 secs] [Times: user=0.01 sys=0.00, real=0.01 secs] 
2019-01-01T02:31:23.692+0900: 34130.191: [GC (Allocation Failure) [PSYoungGen: 64832K->320K(65536K)] 85584K->21072K(420864K), 0.0024415 secs] [Times: user=0.01 sys=0.00, real=0.01 secs] 
2019-01-01T02:32:18.383+0900: 34184.882: [GC (Allocation Failure) [PSYoungGen: 64810K->448K(65536K)] 85562K->21200K(420864K), 0.0033599 secs] [Times: user=0.01 sys=0.00, real=0.01 secs] 
2019-01-01T02:32:53.771+0900: 34220.270: [GC (Allocation Failure) [PSYoungGen: 64883K->960K(65536K)] 85635K->21712K(420864K), 0.0035801 secs] [Times: user=0.02 sys=0.00, real=0.01 secs] 
2019-01-01T02:33:41.296+0900: 34267.795: [GC (Allocation Failure) [PSYoungGen: 65472K->576K(65536K)] 86224K->21328K(420864K), 0.0033873 secs] [Times: user=0.02 sys=0.00, real=0.00 secs] 
2019-01-01T02:34:39.099+0900: 34325.598: [GC (Allocation Failure) [PSYoungGen: 65088K->352K(65536K)] 85840K->21104K(420864K), 0.0027640 secs] [Times: user=0.01 sys=0.00, real=0.00 secs] 
2019-01-01T02:35:27.238+0900: 34373.737: [GC (Allocation Failure) [PSYoungGen: 64864K->544K(65536K)] 85616K->21312K(420864K), 0.0032437 secs] [Times: user=0.01 sys=0.00, real=0.00 secs] 
2019-01-01T02:36:22.745+0900: 34429.244: [GC (Allocation Failure) [PSYoungGen: 65056K->352K(65536K)] 85824K->21120K(420864K), 0.0027031 secs] [Times: user=0.01 sys=0.00, real=0.00 secs] 
2019-01-01T02:37:20.459+0900: 34486.958: [GC (Allocation Failure) [PSYoungGen: 64864K->320K(65536K)] 85632K->21088K(420864K), 0.0031349 secs] [Times: user=0.01 sys=0.00, real=0.00 secs] 
2019-01-01T02:38:18.165+0900: 34544.664: [GC (Allocation Failure) [PSYoungGen: 64832K->288K(65536K)] 85600K->21064K(420864K), 0.0028328 secs] [Times: user=0.01 sys=0.00, real=0.00 secs] 
2019-01-01T02:39:16.188+0900: 34602.687: [GC (Allocation Failure) [PSYoungGen: 64800K->352K(65536K)] 85576K->21128K(420864K), 0.0026726 secs] [Times: user=0.01 sys=0.00, real=0.00 secs] 
2019-01-01T02:40:13.750+0900: 34660.249: [GC (Allocation Failure) [PSYoungGen: 64864K->288K(65536K)] 85640K->21064K(420864K), 0.0027959 secs] [Times: user=0.02 sys=0.00, real=0.00 secs] 
2019-01-01T02:41:11.673+0900: 34718.172: [GC (Allocation Failure) [PSYoungGen: 64800K->288K(65536K)] 85576K->21064K(420864K), 0.0029534 secs] [Times: user=0.01 sys=0.00, real=0.01 secs] 
2019-01-01T02:42:09.872+0900: 34776.371: [GC (Allocation Failure) [PSYoungGen: 64800K->352K(65536K)] 85576K->21128K(420864K), 0.0024673 secs] [Times: user=0.01 sys=0.00, real=0.01 secs] 
2019-01-01T02:43:08.296+0900: 34834.795: [GC (Allocation Failure) [PSYoungGen: 64864K->352K(65536K)] 85640K->21128K(420864K), 0.0028378 secs] [Times: user=0.00 sys=0.01, real=0.00 secs] 
2019-01-01T02:44:06.326+0900: 34892.825: [GC (Allocation Failure) [PSYoungGen: 64864K->320K(65536K)] 85640K->21096K(420864K), 0.0027385 secs] [Times: user=0.01 sys=0.00, real=0.00 secs] 
2019-01-01T02:45:04.572+0900: 34951.071: [GC (Allocation Failure) [PSYoungGen: 64832K->320K(65536K)] 85608K->21096K(420864K), 0.0039963 secs] [Times: user=0.01 sys=0.00, real=0.01 secs] 
2019-01-01T02:46:02.631+0900: 35009.130: [GC (Allocation Failure) [PSYoungGen: 64832K->352K(65536K)] 85608K->21128K(420864K), 0.0028623 secs] [Times: user=0.01 sys=0.00, real=0.00 secs] 
2019-01-01T02:47:00.377+0900: 35066.876: [GC (Allocation Failure) [PSYoungGen: 64864K->352K(65536K)] 85640K->21152K(420864K), 0.0028388 secs] [Times: user=0.00 sys=0.01, real=0.00 secs] 
2019-01-01T02:47:58.250+0900: 35124.749: [GC (Allocation Failure) [PSYoungGen: 64864K->320K(65536K)] 85664K->21136K(420864K), 0.0028140 secs] [Times: user=0.01 sys=0.00, real=0.00 secs] 
2019-01-01T02:48:56.482+0900: 35182.981: [GC (Allocation Failure) [PSYoungGen: 64832K->256K(65536K)] 85648K->21072K(420864K), 0.0026391 secs] [Times: user=0.01 sys=0.00, real=0.01 secs] 
2019-01-01T02:49:54.523+0900: 35241.022: [GC (Allocation Failure) [PSYoungGen: 64762K->352K(65536K)] 85578K->21208K(420864K), 0.0028839 secs] [Times: user=0.02 sys=0.00, real=0.01 secs] 
2019-01-01T02:50:52.139+0900: 35298.638: [GC (Allocation Failure) [PSYoungGen: 64864K->320K(65536K)] 85720K->21216K(420864K), 0.0024944 secs] [Times: user=0.01 sys=0.00, real=0.00 secs] 
2019-01-01T02:51:50.007+0900: 35356.506: [GC (Allocation Failure) [PSYoungGen: 64832K->288K(65536K)] 85728K->21184K(420864K), 0.0029020 secs] [Times: user=0.01 sys=0.00, real=0.00 secs] 
2019-01-01T02:52:47.575+0900: 35414.074: [GC (Allocation Failure) [PSYoungGen: 64800K->320K(65536K)] 85696K->21216K(420864K), 0.0029455 secs] [Times: user=0.01 sys=0.00, real=0.00 secs] 
2019-01-01T02:53:45.306+0900: 35471.805: [GC (Allocation Failure) [PSYoungGen: 64832K->320K(65024K)] 85728K->21216K(420352K), 0.0027016 secs] [Times: user=0.01 sys=0.00, real=0.00 secs] 
2019-01-01T02:54:42.872+0900: 35529.371: [GC (Allocation Failure) [PSYoungGen: 64832K->384K(65024K)] 85728K->21280K(420352K), 0.0028129 secs] [Times: user=0.01 sys=0.00, real=0.01 secs] 
2019-01-01T02:55:39.228+0900: 35585.727: [GC (Allocation Failure) [PSYoungGen: 64896K->320K(65024K)] 85792K->21216K(420352K), 0.0030805 secs] [Times: user=0.01 sys=0.00, real=0.00 secs] 
2019-01-01T02:56:35.226+0900: 35641.725: [GC (Allocation Failure) [PSYoungGen: 64832K->352K(65024K)] 85728K->21248K(420352K), 0.0027484 secs] [Times: user=0.02 sys=0.00, real=0.00 secs] 
2019-01-01T02:57:33.012+0900: 35699.512: [GC (Allocation Failure) [PSYoungGen: 64864K->320K(65024K)] 85760K->21216K(420352K), 0.0031545 secs] [Times: user=0.01 sys=0.00, real=0.01 secs] 
2019-01-01T02:58:30.733+0900: 35757.232: [GC (Allocation Failure) [PSYoungGen: 64832K->320K(65024K)] 85728K->21216K(420352K), 0.0033342 secs] [Times: user=0.02 sys=0.00, real=0.01 secs] 
2019-01-01T02:59:28.298+0900: 35814.797: [GC (Allocation Failure) [PSYoungGen: 64832K->352K(65024K)] 85728K->21248K(420352K), 0.0024879 secs] [Times: user=0.01 sys=0.00, real=0.00 secs] 
2019-01-01T03:00:26.387+0900: 35872.886: [GC (Allocation Failure) [PSYoungGen: 64864K->384K(65024K)] 85760K->21280K(420352K), 0.0028438 secs] [Times: user=0.01 sys=0.01, real=0.00 secs] 
2019-01-01T03:01:24.036+0900: 35930.535: [GC (Allocation Failure) [PSYoungGen: 64896K->320K(65024K)] 85792K->21216K(420352K), 0.0028485 secs] [Times: user=0.01 sys=0.00, real=0.00 secs] 
2019-01-01T03:02:20.260+0900: 35986.759: [GC (Allocation Failure) [PSYoungGen: 64830K->480K(65024K)] 85727K->21376K(420352K), 0.0029766 secs] [Times: user=0.01 sys=0.00, real=0.00 secs] 
2019-01-01T03:02:54.920+0900: 36021.419: [GC (Allocation Failure) [PSYoungGen: 64992K->480K(65024K)] 85888K->21728K(420352K), 0.0034210 secs] [Times: user=0.01 sys=0.00, real=0.01 secs] 
2019-01-01T03:03:42.148+0900: 36068.647: [GC (Allocation Failure) [PSYoungGen: 64992K->640K(65536K)] 86240K->21888K(420864K), 0.0037847 secs] [Times: user=0.02 sys=0.00, real=0.00 secs] 
2019-01-01T03:04:40.375+0900: 36126.874: [GC (Allocation Failure) [PSYoungGen: 65152K->384K(65536K)] 86400K->21632K(420864K), 0.0031174 secs] [Times: user=0.01 sys=0.00, real=0.00 secs] 
2019-01-01T03:05:34.087+0900: 36180.586: [GC (Allocation Failure) [PSYoungGen: 64896K->448K(65536K)] 86144K->21696K(420864K), 0.0028766 secs] [Times: user=0.01 sys=0.00, real=0.00 secs] 
2019-01-01T03:06:31.833+0900: 36238.332: [GC (Allocation Failure) [PSYoungGen: 64960K->320K(65536K)] 86208K->21568K(420864K), 0.0031168 secs] [Times: user=0.01 sys=0.00, real=0.01 secs] 
2019-01-01T03:07:30.038+0900: 36296.537: [GC (Allocation Failure) [PSYoungGen: 64832K->256K(65536K)] 86080K->21504K(420864K), 0.0029748 secs] [Times: user=0.01 sys=0.00, real=0.00 secs] 
2019-01-01T03:08:28.059+0900: 36354.558: [GC (Allocation Failure) [PSYoungGen: 64768K->320K(65536K)] 86016K->21568K(420864K), 0.0029094 secs] [Times: user=0.02 sys=0.00, real=0.00 secs] 
2019-01-01T03:09:25.923+0900: 36412.422: [GC (Allocation Failure) [PSYoungGen: 64832K->352K(65536K)] 86080K->21616K(420864K), 0.0030196 secs] [Times: user=0.01 sys=0.00, real=0.01 secs] 
2019-01-01T03:10:23.716+0900: 36470.215: [GC (Allocation Failure) [PSYoungGen: 64864K->384K(65536K)] 86128K->21648K(420864K), 0.0028229 secs] [Times: user=0.01 sys=0.00, real=0.00 secs] 
2019-01-01T03:11:21.943+0900: 36528.442: [GC (Allocation Failure) [PSYoungGen: 64896K->352K(65536K)] 86160K->21616K(420864K), 0.0029281 secs] [Times: user=0.01 sys=0.00, real=0.01 secs] 
2019-01-01T03:12:20.092+0900: 36586.591: [GC (Allocation Failure) [PSYoungGen: 64864K->352K(65536K)] 86128K->21616K(420864K), 0.0028854 secs] [Times: user=0.01 sys=0.00, real=0.01 secs] 
2019-01-01T03:13:17.893+0900: 36644.392: [GC (Allocation Failure) [PSYoungGen: 64864K->352K(65536K)] 86128K->21616K(420864K), 0.0028815 secs] [Times: user=0.01 sys=0.00, real=0.01 secs] 
2019-01-01T03:14:15.629+0900: 36702.128: [GC (Allocation Failure) [PSYoungGen: 64864K->320K(65536K)] 86128K->21584K(420864K), 0.0027138 secs] [Times: user=0.01 sys=0.00, real=0.00 secs] 
2019-01-01T03:15:13.519+0900: 36760.018: [GC (Allocation Failure) [PSYoungGen: 64832K->352K(65536K)] 86096K->21616K(420864K), 0.0030557 secs] [Times: user=0.02 sys=0.00, real=0.00 secs] 
2019-01-01T03:16:11.207+0900: 36817.706: [GC (Allocation Failure) [PSYoungGen: 64864K->320K(65536K)] 86128K->21608K(420864K), 0.0029878 secs] [Times: user=0.01 sys=0.00, real=0.00 secs] 
2019-01-01T03:17:09.065+0900: 36875.564: [GC (Allocation Failure) [PSYoungGen: 64832K->384K(65536K)] 86120K->21720K(420864K), 0.0029048 secs] [Times: user=0.01 sys=0.00, real=0.00 secs] 
2019-01-01T03:18:06.699+0900: 36933.198: [GC (Allocation Failure) [PSYoungGen: 64896K->384K(65536K)] 86232K->21784K(420864K), 0.0026406 secs] [Times: user=0.02 sys=0.00, real=0.00 secs] 
2019-01-01T03:19:04.702+0900: 36991.201: [GC (Allocation Failure) [PSYoungGen: 64896K->384K(65536K)] 86296K->21784K(420864K), 0.0029355 secs] [Times: user=0.01 sys=0.00, real=0.01 secs] 
2019-01-01T03:20:02.432+0900: 37048.931: [GC (Allocation Failure) [PSYoungGen: 64896K->352K(65024K)] 86296K->21800K(420352K), 0.0028431 secs] [Times: user=0.01 sys=0.00, real=0.01 secs] 
2019-01-01T03:21:00.170+0900: 37106.669: [GC (Allocation Failure) [PSYoungGen: 64864K->352K(65024K)] 86312K->21800K(420352K), 0.0028657 secs] [Times: user=0.01 sys=0.00, real=0.00 secs] 
2019-01-01T03:21:58.144+0900: 37164.643: [GC (Allocation Failure) [PSYoungGen: 64864K->352K(65024K)] 86312K->21800K(420352K), 0.0027385 secs] [Times: user=0.01 sys=0.00, real=0.00 secs] 
2019-01-01T03:22:55.859+0900: 37222.359: [GC (Allocation Failure) [PSYoungGen: 64864K->320K(65024K)] 86312K->21768K(420352K), 0.0027318 secs] [Times: user=0.01 sys=0.00, real=0.00 secs] 
2019-01-01T03:23:53.645+0900: 37280.144: [GC (Allocation Failure) [PSYoungGen: 64832K->320K(65024K)] 86280K->21768K(420352K), 0.0028027 secs] [Times: user=0.01 sys=0.00, real=0.00 secs] 
2019-01-01T03:24:47.119+0900: 37333.618: [GC (Allocation Failure) [PSYoungGen: 64832K->416K(65024K)] 86280K->21864K(420352K), 0.0029560 secs] [Times: user=0.01 sys=0.00, real=0.00 secs] 
2019-01-01T03:25:45.344+0900: 37391.843: [GC (Allocation Failure) [PSYoungGen: 64928K->320K(65024K)] 86376K->21768K(420352K), 0.0024887 secs] [Times: user=0.01 sys=0.00, real=0.00 secs] 
2019-01-01T03:26:43.345+0900: 37449.844: [GC (Allocation Failure) [PSYoungGen: 64832K->320K(65024K)] 86280K->21768K(420352K), 0.0028252 secs] [Times: user=0.01 sys=0.00, real=0.00 secs] 
2019-01-01T03:27:40.857+0900: 37507.356: [GC (Allocation Failure) [PSYoungGen: 64832K->288K(65024K)] 86280K->21736K(420352K), 0.0027992 secs] [Times: user=0.01 sys=0.00, real=0.00 secs] 
2019-01-01T03:28:39.019+0900: 37565.518: [GC (Allocation Failure) [PSYoungGen: 64800K->384K(65024K)] 86248K->21832K(420352K), 0.0029068 secs] [Times: user=0.01 sys=0.00, real=0.00 secs] 
2019-01-01T03:29:37.245+0900: 37623.744: [GC (Allocation Failure) [PSYoungGen: 64896K->384K(65024K)] 86344K->21832K(420352K), 0.0029403 secs] [Times: user=0.01 sys=0.00, real=0.00 secs] 
2019-01-01T03:30:34.592+0900: 37681.091: [GC (Allocation Failure) [PSYoungGen: 64896K->256K(65024K)] 86344K->21704K(420352K), 0.0029562 secs] [Times: user=0.01 sys=0.00, real=0.01 secs] 
2019-01-01T03:31:32.364+0900: 37738.863: [GC (Allocation Failure) [PSYoungGen: 64768K->384K(65024K)] 86216K->21832K(420352K), 0.0030258 secs] [Times: user=0.01 sys=0.00, real=0.00 secs] 
2019-01-01T03:32:22.998+0900: 37789.497: [GC (Allocation Failure) [PSYoungGen: 64895K->480K(65024K)] 86344K->22064K(420352K), 0.0030346 secs] [Times: user=0.01 sys=0.00, real=0.00 secs] 
2019-01-01T03:32:56.655+0900: 37823.154: [GC (Allocation Failure) [PSYoungGen: 64992K->992K(65536K)] 86576K->22576K(420864K), 0.0042779 secs] [Times: user=0.01 sys=0.00, real=0.00 secs] 
2019-01-01T03:33:50.115+0900: 37876.614: [GC (Allocation Failure) [PSYoungGen: 65504K->512K(65536K)] 87088K->22096K(420864K), 0.0032359 secs] [Times: user=0.01 sys=0.00, real=0.00 secs] 
2019-01-01T03:34:47.959+0900: 37934.458: [GC (Allocation Failure) [PSYoungGen: 65024K->384K(65536K)] 86608K->21968K(420864K), 0.0030574 secs] [Times: user=0.01 sys=0.00, real=0.00 secs] 
2019-01-01T03:35:45.699+0900: 37992.198: [GC (Allocation Failure) [PSYoungGen: 64896K->288K(65536K)] 86480K->21872K(420864K), 0.0030073 secs] [Times: user=0.02 sys=0.00, real=0.00 secs] 
2019-01-01T03:36:43.438+0900: 38049.937: [GC (Allocation Failure) [PSYoungGen: 64800K->352K(65536K)] 86384K->21936K(420864K), 0.0028935 secs] [Times: user=0.01 sys=0.00, real=0.00 secs] 
2019-01-01T03:37:41.151+0900: 38107.650: [GC (Allocation Failure) [PSYoungGen: 64864K->288K(65536K)] 86448K->21872K(420864K), 0.0028003 secs] [Times: user=0.01 sys=0.00, real=0.00 secs] 
2019-01-01T03:38:39.380+0900: 38165.879: [GC (Allocation Failure) [PSYoungGen: 64800K->352K(65536K)] 86384K->21992K(420864K), 0.0026903 secs] [Times: user=0.01 sys=0.00, real=0.00 secs] 
2019-01-01T03:39:37.390+0900: 38223.889: [GC (Allocation Failure) [PSYoungGen: 64864K->320K(65536K)] 86504K->21960K(420864K), 0.0029390 secs] [Times: user=0.01 sys=0.00, real=0.00 secs] 
2019-01-01T03:40:35.038+0900: 38281.537: [GC (Allocation Failure) [PSYoungGen: 64832K->288K(65536K)] 86472K->21928K(420864K), 0.0027619 secs] [Times: user=0.01 sys=0.00, real=0.00 secs] 
2019-01-01T03:41:33.062+0900: 38339.561: [GC (Allocation Failure) [PSYoungGen: 64800K->320K(65536K)] 86440K->21960K(420864K), 0.0027818 secs] [Times: user=0.01 sys=0.00, real=0.01 secs] 
2019-01-01T03:42:30.982+0900: 38397.481: [GC (Allocation Failure) [PSYoungGen: 64832K->352K(65536K)] 86472K->21992K(420864K), 0.0028140 secs] [Times: user=0.02 sys=0.00, real=0.01 secs] 
2019-01-01T03:43:28.783+0900: 38455.282: [GC (Allocation Failure) [PSYoungGen: 64864K->320K(65536K)] 86504K->21960K(420864K), 0.0028732 secs] [Times: user=0.01 sys=0.00, real=0.01 secs] 
2019-01-01T03:44:26.715+0900: 38513.214: [GC (Allocation Failure) [PSYoungGen: 64832K->320K(65536K)] 86472K->21960K(420864K), 0.0028330 secs] [Times: user=0.01 sys=0.00, real=0.00 secs] 
2019-01-01T03:45:24.067+0900: 38570.566: [GC (Allocation Failure) [PSYoungGen: 64832K->288K(65536K)] 86472K->21928K(420864K), 0.0028888 secs] [Times: user=0.01 sys=0.00, real=0.00 secs] 
2019-01-01T03:46:21.922+0900: 38628.421: [GC (Allocation Failure) [PSYoungGen: 64800K->384K(65536K)] 86440K->22072K(420864K), 0.0029492 secs] [Times: user=0.01 sys=0.00, real=0.01 secs] 
2019-01-01T03:47:19.606+0900: 38686.105: [GC (Allocation Failure) [PSYoungGen: 64896K->352K(65536K)] 86584K->22080K(420864K), 0.0027314 secs] [Times: user=0.01 sys=0.00, real=0.00 secs] 
2019-01-01T03:48:17.676+0900: 38744.175: [GC (Allocation Failure) [PSYoungGen: 64864K->96K(65536K)] 86592K->21832K(420864K), 0.0049373 secs] [Times: user=0.00 sys=0.00, real=0.00 secs] 
2019-01-01T03:49:15.526+0900: 38802.025: [GC (Allocation Failure) [PSYoungGen: 64608K->288K(65536K)] 86344K->22024K(420864K), 0.0028867 secs] [Times: user=0.02 sys=0.00, real=0.00 secs] 
2019-01-01T03:50:13.426+0900: 38859.925: [GC (Allocation Failure) [PSYoungGen: 64800K->384K(65536K)] 86536K->22120K(420864K), 0.0029305 secs] [Times: user=0.01 sys=0.00, real=0.00 secs] 
2019-01-01T03:51:11.317+0900: 38917.816: [GC (Allocation Failure) [PSYoungGen: 64896K->320K(65536K)] 86632K->22056K(420864K), 0.0026463 secs] [Times: user=0.01 sys=0.00, real=0.00 secs] 
2019-01-01T03:52:08.697+0900: 38975.196: [GC (Allocation Failure) [PSYoungGen: 64832K->320K(65536K)] 86568K->22056K(420864K), 0.0031074 secs] [Times: user=0.02 sys=0.00, real=0.00 secs] 
2019-01-01T03:53:06.814+0900: 39033.313: [GC (Allocation Failure) [PSYoungGen: 64832K->256K(65536K)] 86568K->21992K(420864K), 0.0029070 secs] [Times: user=0.01 sys=0.00, real=0.00 secs] 
2019-01-01T03:54:05.044+0900: 39091.543: [GC (Allocation Failure) [PSYoungGen: 64768K->352K(65024K)] 86504K->22088K(420352K), 0.0025669 secs] [Times: user=0.01 sys=0.00, real=0.00 secs] 
2019-01-01T03:55:03.274+0900: 39149.773: [GC (Allocation Failure) [PSYoungGen: 64864K->320K(65024K)] 86600K->22056K(420352K), 0.0027825 secs] [Times: user=0.01 sys=0.00, real=0.00 secs] 
2019-01-01T03:56:01.401+0900: 39207.900: [GC (Allocation Failure) [PSYoungGen: 64832K->320K(65024K)] 86568K->22056K(420352K), 0.0028528 secs] [Times: user=0.01 sys=0.00, real=0.01 secs] 
2019-01-01T03:56:59.220+0900: 39265.719: [GC (Allocation Failure) [PSYoungGen: 64832K->288K(65024K)] 86568K->22024K(420352K), 0.0029959 secs] [Times: user=0.01 sys=0.00, real=0.00 secs] 
2019-01-01T03:57:56.971+0900: 39323.470: [GC (Allocation Failure) [PSYoungGen: 64800K->288K(65024K)] 86536K->22024K(420352K), 0.0024686 secs] [Times: user=0.01 sys=0.00, real=0.00 secs] 
2019-01-01T03:58:54.912+0900: 39381.411: [GC (Allocation Failure) [PSYoungGen: 64800K->352K(65024K)] 86536K->22088K(420352K), 0.0026224 secs] [Times: user=0.01 sys=0.00, real=0.01 secs] 
2019-01-01T03:59:52.592+0900: 39439.091: [GC (Allocation Failure) [PSYoungGen: 64864K->352K(65024K)] 86600K->22088K(420352K), 0.0028524 secs] [Times: user=0.01 sys=0.00, real=0.01 secs] 
2019-01-01T04:00:50.413+0900: 39496.912: [GC (Allocation Failure) [PSYoungGen: 64864K->256K(65024K)] 86600K->21992K(420352K), 0.0027985 secs] [Times: user=0.01 sys=0.00, real=0.01 secs] 
2019-01-01T04:01:48.282+0900: 39554.781: [GC (Allocation Failure) [PSYoungGen: 64768K->288K(65024K)] 86504K->22024K(420352K), 0.0028938 secs] [Times: user=0.00 sys=0.00, real=0.01 secs] 
2019-01-01T04:02:22.254+0900: 39588.753: [GC (Allocation Failure) [PSYoungGen: 64799K->480K(65024K)] 86536K->22681K(420352K), 0.0038328 secs] [Times: user=0.02 sys=0.01, real=0.00 secs] 
2019-01-01T04:03:08.239+0900: 39634.738: [GC (Allocation Failure) [PSYoungGen: 64992K->672K(65536K)] 87193K->22873K(420864K), 0.0035570 secs] [Times: user=0.01 sys=0.00, real=0.00 secs] 
2019-01-01T04:04:06.301+0900: 39692.800: [GC (Allocation Failure) [PSYoungGen: 65184K->384K(65536K)] 87385K->22585K(420864K), 0.0029606 secs] [Times: user=0.01 sys=0.00, real=0.01 secs] 
2019-01-01T04:05:03.694+0900: 39750.193: [GC (Allocation Failure) [PSYoungGen: 64896K->256K(65536K)] 87097K->22457K(420864K), 0.0031041 secs] [Times: user=0.01 sys=0.00, real=0.00 secs] 
2019-01-01T04:06:01.748+0900: 39808.247: [GC (Allocation Failure) [PSYoungGen: 64768K->320K(65536K)] 86969K->22521K(420864K), 0.0027144 secs] [Times: user=0.01 sys=0.00, real=0.00 secs] 
2019-01-01T04:06:59.675+0900: 39866.174: [GC (Allocation Failure) [PSYoungGen: 64832K->320K(65536K)] 87033K->22521K(420864K), 0.0027679 secs] [Times: user=0.01 sys=0.00, real=0.00 secs] 
2019-01-01T04:07:57.068+0900: 39923.567: [GC (Allocation Failure) [PSYoungGen: 64832K->352K(65536K)] 87033K->22553K(420864K), 0.0029135 secs] [Times: user=0.01 sys=0.01, real=0.00 secs] 
2019-01-01T04:08:46.948+0900: 39973.447: [GC (Allocation Failure) [PSYoungGen: 64864K->576K(65536K)] 87065K->22777K(420864K), 0.0033308 secs] [Times: user=0.01 sys=0.00, real=0.00 secs] 
2019-01-01T04:09:44.778+0900: 40031.277: [GC (Allocation Failure) [PSYoungGen: 65088K->352K(65536K)] 87289K->22553K(420864K), 0.0030373 secs] [Times: user=0.01 sys=0.00, real=0.00 secs] 
2019-01-01T04:10:42.591+0900: 40089.090: [GC (Allocation Failure) [PSYoungGen: 64864K->320K(65536K)] 87065K->22521K(420864K), 0.0029541 secs] [Times: user=0.01 sys=0.00, real=0.01 secs] 
2019-01-01T04:11:40.894+0900: 40147.393: [GC (Allocation Failure) [PSYoungGen: 64832K->352K(65536K)] 87033K->22553K(420864K), 0.0025069 secs] [Times: user=0.01 sys=0.00, real=0.00 secs] 
2019-01-01T04:12:38.543+0900: 40205.042: [GC (Allocation Failure) [PSYoungGen: 64864K->288K(65536K)] 87065K->22489K(420864K), 0.0029077 secs] [Times: user=0.01 sys=0.00, real=0.01 secs] 
2019-01-01T04:13:36.765+0900: 40263.264: [GC (Allocation Failure) [PSYoungGen: 64800K->352K(65536K)] 87001K->22553K(420864K), 0.0029956 secs] [Times: user=0.01 sys=0.00, real=0.00 secs] 
2019-01-01T04:14:34.176+0900: 40320.675: [GC (Allocation Failure) [PSYoungGen: 64864K->320K(65536K)] 87065K->22521K(420864K), 0.0029173 secs] [Times: user=0.01 sys=0.00, real=0.00 secs] 
2019-01-01T04:15:32.216+0900: 40378.715: [GC (Allocation Failure) [PSYoungGen: 64832K->352K(65536K)] 87033K->22553K(420864K), 0.0028081 secs] [Times: user=0.01 sys=0.00, real=0.00 secs] 
2019-01-01T04:16:30.383+0900: 40436.882: [GC (Allocation Failure) [PSYoungGen: 64864K->352K(65536K)] 87065K->22593K(420864K), 0.0028302 secs] [Times: user=0.01 sys=0.00, real=0.01 secs] 
2019-01-01T04:17:28.292+0900: 40494.791: [GC (Allocation Failure) [PSYoungGen: 64864K->256K(65536K)] 87105K->22537K(420864K), 0.0030396 secs] [Times: user=0.01 sys=0.00, real=0.01 secs] 
2019-01-01T04:18:26.114+0900: 40552.613: [GC (Allocation Failure) [PSYoungGen: 64768K->288K(65536K)] 87049K->22569K(420864K), 0.0026556 secs] [Times: user=0.01 sys=0.01, real=0.00 secs] 
2019-01-01T04:19:23.866+0900: 40610.365: [GC (Allocation Failure) [PSYoungGen: 64800K->384K(65536K)] 87081K->22665K(420864K), 0.0027430 secs] [Times: user=0.01 sys=0.00, real=0.00 secs] 
2019-01-01T04:20:21.417+0900: 40667.916: [GC (Allocation Failure) [PSYoungGen: 64896K->352K(65536K)] 87177K->22633K(420864K), 0.0029301 secs] [Times: user=0.01 sys=0.00, real=0.00 secs] 
2019-01-01T04:21:19.424+0900: 40725.923: [GC (Allocation Failure) [PSYoungGen: 64864K->384K(65536K)] 87145K->22665K(420864K), 0.0031085 secs] [Times: user=0.01 sys=0.00, real=0.00 secs] 
2019-01-01T04:22:17.139+0900: 40783.638: [GC (Allocation Failure) [PSYoungGen: 64896K->352K(65024K)] 87177K->22633K(420352K), 0.0025392 secs] [Times: user=0.01 sys=0.00, real=0.00 secs] 
2019-01-01T04:23:14.873+0900: 40841.372: [GC (Allocation Failure) [PSYoungGen: 64864K->320K(65024K)] 87145K->22625K(420352K), 0.0027913 secs] [Times: user=0.01 sys=0.00, real=0.01 secs] 
2019-01-01T04:24:12.583+0900: 40899.082: [GC (Allocation Failure) [PSYoungGen: 64832K->384K(65024K)] 87137K->22689K(420352K), 0.0024673 secs] [Times: user=0.01 sys=0.00, real=0.01 secs] 
2019-01-01T04:25:10.270+0900: 40956.769: [GC (Allocation Failure) [PSYoungGen: 64896K->320K(65024K)] 87201K->22625K(420352K), 0.0025485 secs] [Times: user=0.01 sys=0.00, real=0.00 secs] 
2019-01-01T04:26:08.137+0900: 41014.636: [GC (Allocation Failure) [PSYoungGen: 64832K->352K(65024K)] 87137K->22657K(420352K), 0.0025645 secs] [Times: user=0.01 sys=0.00, real=0.00 secs] 
2019-01-01T04:27:05.924+0900: 41072.423: [GC (Allocation Failure) [PSYoungGen: 64864K->384K(65024K)] 87169K->22689K(420352K), 0.0028776 secs] [Times: user=0.01 sys=0.00, real=0.00 secs] 
2019-01-01T04:28:03.811+0900: 41130.310: [GC (Allocation Failure) [PSYoungGen: 64896K->320K(65024K)] 87201K->22625K(420352K), 0.0030728 secs] [Times: user=0.01 sys=0.00, real=0.01 secs] 
2019-01-01T04:29:01.463+0900: 41187.962: [GC (Allocation Failure) [PSYoungGen: 64832K->352K(65024K)] 87137K->22665K(420352K), 0.0028919 secs] [Times: user=0.01 sys=0.00, real=0.01 secs] 
2019-01-01T04:29:59.586+0900: 41246.085: [GC (Allocation Failure) [PSYoungGen: 64864K->288K(65024K)] 87177K->22601K(420352K), 0.0026896 secs] [Times: user=0.01 sys=0.00, real=0.00 secs] 
2019-01-01T04:30:57.029+0900: 41303.528: [GC (Allocation Failure) [PSYoungGen: 64800K->384K(65024K)] 87113K->22697K(420352K), 0.0027717 secs] [Times: user=0.01 sys=0.00, real=0.00 secs] 
2019-01-01T04:31:54.729+0900: 41361.228: [GC (Allocation Failure) [PSYoungGen: 64896K->288K(65024K)] 87209K->22601K(420352K), 0.0026202 secs] [Times: user=0.01 sys=0.00, real=0.00 secs] 
2019-01-01T04:32:28.254+0900: 41394.753: [GC (Allocation Failure) [PSYoungGen: 64800K->512K(65024K)] 87113K->23145K(420352K), 0.0040343 secs] [Times: user=0.02 sys=0.00, real=0.00 secs] 
2019-01-01T04:33:14.357+0900: 41440.856: [GC (Allocation Failure) [PSYoungGen: 65024K->640K(65536K)] 87657K->23273K(420864K), 0.0033157 secs] [Times: user=0.01 sys=0.00, real=0.00 secs] 
2019-01-01T04:34:11.925+0900: 41498.424: [GC (Allocation Failure) [PSYoungGen: 65152K->352K(65536K)] 87785K->22985K(420864K), 0.0029467 secs] [Times: user=0.02 sys=0.00, real=0.00 secs] 
2019-01-01T04:35:09.808+0900: 41556.307: [GC (Allocation Failure) [PSYoungGen: 64864K->320K(65536K)] 87497K->22953K(420864K), 0.0026354 secs] [Times: user=0.01 sys=0.00, real=0.00 secs] 
2019-01-01T04:36:07.589+0900: 41614.088: [GC (Allocation Failure) [PSYoungGen: 64832K->352K(65536K)] 87465K->22985K(420864K), 0.0030988 secs] [Times: user=0.02 sys=0.00, real=0.00 secs] 
2019-01-01T04:37:05.289+0900: 41671.788: [GC (Allocation Failure) [PSYoungGen: 64864K->384K(65536K)] 87497K->23017K(420864K), 0.0026721 secs] [Times: user=0.01 sys=0.00, real=0.00 secs] 
2019-01-01T04:38:03.170+0900: 41729.669: [GC (Allocation Failure) [PSYoungGen: 64896K->384K(65536K)] 87529K->23017K(420864K), 0.0028851 secs] [Times: user=0.01 sys=0.00, real=0.00 secs] 
2019-01-01T04:39:00.903+0900: 41787.402: [GC (Allocation Failure) [PSYoungGen: 64896K->352K(65536K)] 87529K->22985K(420864K), 0.0028230 secs] [Times: user=0.01 sys=0.00, real=0.01 secs] 
2019-01-01T04:39:58.652+0900: 41845.151: [GC (Allocation Failure) [PSYoungGen: 64864K->320K(65536K)] 87497K->22953K(420864K), 0.0028529 secs] [Times: user=0.01 sys=0.00, real=0.01 secs] 
2019-01-01T04:40:56.202+0900: 41902.701: [GC (Allocation Failure) [PSYoungGen: 64832K->384K(65536K)] 87465K->23017K(420864K), 0.0028372 secs] [Times: user=0.02 sys=0.00, real=0.01 secs] 
2019-01-01T04:41:54.429+0900: 41960.928: [GC (Allocation Failure) [PSYoungGen: 64896K->352K(65536K)] 87529K->22985K(420864K), 0.0030265 secs] [Times: user=0.01 sys=0.00, real=0.00 secs] 
2019-01-01T04:42:52.115+0900: 42018.614: [GC (Allocation Failure) [PSYoungGen: 64864K->352K(65536K)] 87497K->22985K(420864K), 0.0025184 secs] [Times: user=0.01 sys=0.00, real=0.00 secs] 
2019-01-01T04:43:49.955+0900: 42076.454: [GC (Allocation Failure) [PSYoungGen: 64864K->384K(65536K)] 87497K->23017K(420864K), 0.0028775 secs] [Times: user=0.01 sys=0.00, real=0.00 secs] 
2019-01-01T04:44:47.980+0900: 42134.479: [GC (Allocation Failure) [PSYoungGen: 64896K->384K(65024K)] 87529K->23017K(420352K), 0.0027306 secs] [Times: user=0.01 sys=0.00, real=0.00 secs] 
2019-01-01T04:45:45.558+0900: 42192.057: [GC (Allocation Failure) [PSYoungGen: 64896K->352K(65024K)] 87529K->22985K(420352K), 0.0026931 secs] [Times: user=0.01 sys=0.00, real=0.00 secs] 
2019-01-01T04:46:39.818+0900: 42246.317: [GC (Allocation Failure) [PSYoungGen: 64864K->416K(65024K)] 87497K->23089K(420352K), 0.0030206 secs] [Times: user=0.01 sys=0.00, real=0.00 secs] 
2019-01-01T04:47:37.758+0900: 42304.257: [GC (Allocation Failure) [PSYoungGen: 64928K->288K(65024K)] 87601K->23001K(420352K), 0.0028963 secs] [Times: user=0.01 sys=0.00, real=0.00 secs] 
2019-01-01T04:48:35.036+0900: 42361.535: [GC (Allocation Failure) [PSYoungGen: 64800K->352K(65024K)] 87513K->23065K(420352K), 0.0029356 secs] [Times: user=0.01 sys=0.00, real=0.00 secs] 
2019-01-01T04:49:32.577+0900: 42419.076: [GC (Allocation Failure) [PSYoungGen: 64864K->288K(65024K)] 87577K->23001K(420352K), 0.0024790 secs] [Times: user=0.01 sys=0.00, real=0.00 secs] 
2019-01-01T04:50:30.738+0900: 42477.237: [GC (Allocation Failure) [PSYoungGen: 64800K->352K(65024K)] 87513K->23065K(420352K), 0.0030294 secs] [Times: user=0.01 sys=0.00, real=0.00 secs] 
2019-01-01T04:51:28.659+0900: 42535.158: [GC (Allocation Failure) [PSYoungGen: 64864K->320K(65024K)] 87577K->23033K(420352K), 0.0025815 secs] [Times: user=0.01 sys=0.00, real=0.00 secs] 
2019-01-01T04:52:26.511+0900: 42593.010: [GC (Allocation Failure) [PSYoungGen: 64832K->320K(65024K)] 87545K->23033K(420352K), 0.0024816 secs] [Times: user=0.00 sys=0.00, real=0.01 secs] 
2019-01-01T04:53:24.343+0900: 42650.842: [GC (Allocation Failure) [PSYoungGen: 64832K->320K(65024K)] 87545K->23033K(420352K), 0.0026400 secs] [Times: user=0.01 sys=0.00, real=0.01 secs] 
2019-01-01T04:54:22.369+0900: 42708.868: [GC (Allocation Failure) [PSYoungGen: 64832K->352K(65024K)] 87545K->23065K(420352K), 0.0027120 secs] [Times: user=0.01 sys=0.00, real=0.00 secs] 
2019-01-01T04:55:20.307+0900: 42766.806: [GC (Allocation Failure) [PSYoungGen: 64864K->320K(65024K)] 87577K->23033K(420352K), 0.0026823 secs] [Times: user=0.02 sys=0.00, real=0.00 secs] 
2019-01-01T04:56:18.090+0900: 42824.589: [GC (Allocation Failure) [PSYoungGen: 64832K->352K(65024K)] 87545K->23065K(420352K), 0.0025252 secs] [Times: user=0.01 sys=0.00, real=0.00 secs] 
2019-01-01T04:57:08.017+0900: 42874.516: [GC (Allocation Failure) [PSYoungGen: 64864K->512K(65024K)] 87577K->23225K(420352K), 0.0032115 secs] [Times: user=0.01 sys=0.00, real=0.00 secs] 
2019-01-01T04:58:05.379+0900: 42931.878: [GC (Allocation Failure) [PSYoungGen: 65024K->320K(65024K)] 87737K->23033K(420352K), 0.0033149 secs] [Times: user=0.01 sys=0.00, real=0.00 secs] 
2019-01-01T04:59:02.704+0900: 42989.203: [GC (Allocation Failure) [PSYoungGen: 64832K->320K(65024K)] 87545K->23033K(420352K), 0.0030003 secs] [Times: user=0.01 sys=0.00, real=0.00 secs] 
2019-01-01T05:00:00.692+0900: 43047.191: [GC (Allocation Failure) [PSYoungGen: 64832K->384K(65024K)] 87545K->23097K(420352K), 0.0030960 secs] [Times: user=0.01 sys=0.00, real=0.01 secs] 
2019-01-01T05:00:58.741+0900: 43105.240: [GC (Allocation Failure) [PSYoungGen: 64896K->352K(65024K)] 87609K->23073K(420352K), 0.0025489 secs] [Times: user=0.01 sys=0.00, real=0.00 secs] 
2019-01-01T05:01:46.342+0900: 43152.842: [GC (Allocation Failure) [PSYoungGen: 64864K->512K(65024K)] 87585K->23273K(420352K), 0.0031606 secs] [Times: user=0.01 sys=0.00, real=0.01 secs] 
2019-01-01T05:02:22.249+0900: 43188.748: [GC (Allocation Failure) [PSYoungGen: 65024K->800K(65536K)] 87785K->23561K(420864K), 0.0039521 secs] [Times: user=0.01 sys=0.00, real=0.00 secs] 
2019-01-01T05:03:03.600+0900: 43230.099: [GC (Allocation Failure) [PSYoungGen: 65312K->800K(65536K)] 88073K->23561K(420864K), 0.0033064 secs] [Times: user=0.01 sys=0.00, real=0.00 secs] 
2019-01-01T05:03:53.681+0900: 43280.180: [GC (Allocation Failure) [PSYoungGen: 65312K->512K(65536K)] 88073K->23273K(420864K), 0.0032977 secs] [Times: user=0.01 sys=0.00, real=0.01 secs] 
2019-01-01T05:04:51.860+0900: 43338.360: [GC (Allocation Failure) [PSYoungGen: 65024K->288K(65536K)] 87785K->23049K(420864K), 0.0034643 secs] [Times: user=0.02 sys=0.00, real=0.01 secs] 
2019-01-01T05:05:49.871+0900: 43396.370: [GC (Allocation Failure) [PSYoungGen: 64800K->352K(65536K)] 87561K->23113K(420864K), 0.0027660 secs] [Times: user=0.01 sys=0.00, real=0.01 secs] 
2019-01-01T05:06:47.846+0900: 43454.345: [GC (Allocation Failure) [PSYoungGen: 64864K->320K(65536K)] 87625K->23081K(420864K), 0.0029741 secs] [Times: user=0.01 sys=0.00, real=0.00 secs] 
2019-01-01T05:07:45.541+0900: 43512.040: [GC (Allocation Failure) [PSYoungGen: 64832K->384K(65536K)] 87593K->23145K(420864K), 0.0026580 secs] [Times: user=0.01 sys=0.00, real=0.00 secs] 
2019-01-01T05:08:43.725+0900: 43570.224: [GC (Allocation Failure) [PSYoungGen: 64896K->384K(65536K)] 87657K->23145K(420864K), 0.0026800 secs] [Times: user=0.01 sys=0.00, real=0.00 secs] 
2019-01-01T05:09:41.572+0900: 43628.071: [GC (Allocation Failure) [PSYoungGen: 64896K->352K(65536K)] 87657K->23113K(420864K), 0.0029728 secs] [Times: user=0.02 sys=0.00, real=0.01 secs] 
2019-01-01T05:10:39.336+0900: 43685.835: [GC (Allocation Failure) [PSYoungGen: 64864K->352K(65536K)] 87625K->23153K(420864K), 0.0025726 secs] [Times: user=0.01 sys=0.00, real=0.00 secs] 
2019-01-01T05:11:37.107+0900: 43743.606: [GC (Allocation Failure) [PSYoungGen: 64864K->320K(65536K)] 87665K->23121K(420864K), 0.0026822 secs] [Times: user=0.01 sys=0.00, real=0.00 secs] 
2019-01-01T05:12:34.665+0900: 43801.164: [GC (Allocation Failure) [PSYoungGen: 64832K->320K(65536K)] 87633K->23121K(420864K), 0.0029211 secs] [Times: user=0.01 sys=0.00, real=0.00 secs] 
2019-01-01T05:13:30.881+0900: 43857.380: [GC (Allocation Failure) [PSYoungGen: 64832K->416K(65536K)] 87633K->23217K(420864K), 0.0030833 secs] [Times: user=0.01 sys=0.00, real=0.01 secs] 
2019-01-01T05:14:27.105+0900: 43913.604: [GC (Allocation Failure) [PSYoungGen: 64928K->416K(65536K)] 87729K->23217K(420864K), 0.0027569 secs] [Times: user=0.01 sys=0.00, real=0.00 secs] 
2019-01-01T05:15:25.006+0900: 43971.505: [GC (Allocation Failure) [PSYoungGen: 64928K->352K(65536K)] 87729K->23177K(420864K), 0.0031692 secs] [Times: user=0.01 sys=0.00, real=0.00 secs] 
2019-01-01T05:16:22.562+0900: 44029.061: [GC (Allocation Failure) [PSYoungGen: 64864K->384K(65536K)] 87689K->23241K(420864K), 0.0029212 secs] [Times: user=0.01 sys=0.00, real=0.01 secs] 
2019-01-01T05:17:20.791+0900: 44087.290: [GC (Allocation Failure) [PSYoungGen: 64896K->320K(65536K)] 87753K->23209K(420864K), 0.0029373 secs] [Times: user=0.01 sys=0.00, real=0.01 secs] 
2019-01-01T05:18:18.228+0900: 44144.727: [GC (Allocation Failure) [PSYoungGen: 64832K->352K(65536K)] 87721K->23273K(420864K), 0.0029329 secs] [Times: user=0.01 sys=0.00, real=0.00 secs] 
2019-01-01T05:19:16.190+0900: 44202.689: [GC (Allocation Failure) [PSYoungGen: 64864K->384K(65536K)] 87785K->23305K(420864K), 0.0024612 secs] [Times: user=0.02 sys=0.00, real=0.00 secs] 
2019-01-01T05:20:13.955+0900: 44260.454: [GC (Allocation Failure) [PSYoungGen: 64896K->320K(65536K)] 87817K->23241K(420864K), 0.0031316 secs] [Times: user=0.01 sys=0.00, real=0.00 secs] 
2019-01-01T05:21:11.775+0900: 44318.274: [GC (Allocation Failure) [PSYoungGen: 64832K->384K(65536K)] 87753K->23305K(420864K), 0.0029332 secs] [Times: user=0.01 sys=0.00, real=0.00 secs] 
2019-01-01T05:22:09.445+0900: 44375.944: [GC (Allocation Failure) [PSYoungGen: 64896K->256K(65536K)] 87817K->23177K(420864K), 0.0028397 secs] [Times: user=0.01 sys=0.00, real=0.00 secs] 
2019-01-01T05:23:07.227+0900: 44433.726: [GC (Allocation Failure) [PSYoungGen: 64768K->384K(65536K)] 87689K->23305K(420864K), 0.0027997 secs] [Times: user=0.01 sys=0.00, real=0.00 secs] 
2019-01-01T05:24:05.037+0900: 44491.536: [GC (Allocation Failure) [PSYoungGen: 64896K->384K(65024K)] 87817K->23305K(420352K), 0.0033362 secs] [Times: user=0.01 sys=0.00, real=0.00 secs] 
2019-01-01T05:25:02.772+0900: 44549.271: [GC (Allocation Failure) [PSYoungGen: 64896K->352K(65024K)] 87817K->23273K(420352K), 0.0028590 secs] [Times: user=0.01 sys=0.00, real=0.01 secs] 
2019-01-01T05:26:00.479+0900: 44606.978: [GC (Allocation Failure) [PSYoungGen: 64864K->320K(65024K)] 87785K->23241K(420352K), 0.0030295 secs] [Times: user=0.01 sys=0.00, real=0.00 secs] 
2019-01-01T05:26:58.274+0900: 44664.773: [GC (Allocation Failure) [PSYoungGen: 64832K->320K(65024K)] 87753K->23241K(420352K), 0.0031149 secs] [Times: user=0.01 sys=0.00, real=0.00 secs] 
2019-01-01T05:27:55.825+0900: 44722.324: [GC (Allocation Failure) [PSYoungGen: 64832K->320K(65024K)] 87753K->23249K(420352K), 0.0028557 secs] [Times: user=0.01 sys=0.01, real=0.00 secs] 
2019-01-01T05:28:47.692+0900: 44774.191: [GC (Allocation Failure) [PSYoungGen: 64832K->480K(65024K)] 87761K->23409K(420352K), 0.0029256 secs] [Times: user=0.01 sys=0.01, real=0.01 secs] 
2019-01-01T05:29:43.496+0900: 44829.995: [GC (Allocation Failure) [PSYoungGen: 64992K->352K(65024K)] 87921K->23281K(420352K), 0.0030035 secs] [Times: user=0.01 sys=0.00, real=0.00 secs] 
2019-01-01T05:30:41.243+0900: 44887.742: [GC (Allocation Failure) [PSYoungGen: 64864K->288K(65024K)] 87793K->23217K(420352K), 0.0032017 secs] [Times: user=0.01 sys=0.00, real=0.01 secs] 
2019-01-01T05:31:39.127+0900: 44945.626: [GC (Allocation Failure) [PSYoungGen: 64800K->384K(65024K)] 87729K->23313K(420352K), 0.0028022 secs] [Times: user=0.01 sys=0.00, real=0.00 secs] 
2019-01-01T05:32:22.595+0900: 44989.094: [GC (Allocation Failure) [PSYoungGen: 64896K->480K(65024K)] 87825K->23561K(420352K), 0.0033237 secs] [Times: user=0.01 sys=0.00, real=0.00 secs] 
2019-01-01T05:33:03.791+0900: 45030.290: [GC (Allocation Failure) [PSYoungGen: 64992K->832K(65536K)] 88073K->23913K(420864K), 0.0038060 secs] [Times: user=0.01 sys=0.00, real=0.01 secs] 
2019-01-01T05:33:56.659+0900: 45083.158: [GC (Allocation Failure) [PSYoungGen: 65344K->480K(65536K)] 88425K->23561K(420864K), 0.0030275 secs] [Times: user=0.01 sys=0.00, real=0.00 secs] 
2019-01-01T05:34:54.458+0900: 45140.957: [GC (Allocation Failure) [PSYoungGen: 64992K->256K(65536K)] 88073K->23337K(420864K), 0.0030229 secs] [Times: user=0.01 sys=0.00, real=0.00 secs] 
2019-01-01T05:35:52.313+0900: 45198.812: [GC (Allocation Failure) [PSYoungGen: 64768K->256K(65536K)] 87849K->23337K(420864K), 0.0030217 secs] [Times: user=0.01 sys=0.00, real=0.01 secs] 
2019-01-01T05:36:50.135+0900: 45256.634: [GC (Allocation Failure) [PSYoungGen: 64768K->288K(65536K)] 87849K->23369K(420864K), 0.0029802 secs] [Times: user=0.01 sys=0.00, real=0.00 secs] 
2019-01-01T05:37:47.895+0900: 45314.394: [GC (Allocation Failure) [PSYoungGen: 64800K->288K(65536K)] 87881K->23369K(420864K), 0.0029253 secs] [Times: user=0.01 sys=0.00, real=0.00 secs] 
2019-01-01T05:38:45.784+0900: 45372.283: [GC (Allocation Failure) [PSYoungGen: 64800K->224K(65536K)] 87881K->23305K(420864K), 0.0025611 secs] [Times: user=0.01 sys=0.00, real=0.00 secs] 
2019-01-01T05:39:40.002+0900: 45426.501: [GC (Allocation Failure) [PSYoungGen: 64736K->448K(65536K)] 87817K->23529K(420864K), 0.0028228 secs] [Times: user=0.01 sys=0.00, real=0.01 secs] 
2019-01-01T05:40:38.152+0900: 45484.651: [GC (Allocation Failure) [PSYoungGen: 64960K->352K(65536K)] 88041K->23433K(420864K), 0.0030774 secs] [Times: user=0.01 sys=0.00, real=0.01 secs] 
2019-01-01T05:41:35.840+0900: 45542.339: [GC (Allocation Failure) [PSYoungGen: 64864K->320K(65536K)] 87945K->23401K(420864K), 0.0025901 secs] [Times: user=0.01 sys=0.00, real=0.00 secs] 
2019-01-01T05:42:33.824+0900: 45600.323: [GC (Allocation Failure) [PSYoungGen: 64832K->384K(65536K)] 87913K->23497K(420864K), 0.0027232 secs] [Times: user=0.01 sys=0.00, real=0.00 secs] 
2019-01-01T05:43:31.910+0900: 45658.409: [GC (Allocation Failure) [PSYoungGen: 64896K->288K(65536K)] 88009K->23401K(420864K), 0.0024888 secs] [Times: user=0.01 sys=0.00, real=0.00 secs] 
2019-01-01T05:44:30.139+0900: 45716.638: [GC (Allocation Failure) [PSYoungGen: 64800K->352K(65536K)] 87913K->23465K(420864K), 0.0028142 secs] [Times: user=0.02 sys=0.00, real=0.00 secs] 
2019-01-01T05:45:28.232+0900: 45774.731: [GC (Allocation Failure) [PSYoungGen: 64864K->352K(65536K)] 87977K->23465K(420864K), 0.0030975 secs] [Times: user=0.02 sys=0.00, real=0.01 secs] 
2019-01-01T05:46:25.962+0900: 45832.461: [GC (Allocation Failure) [PSYoungGen: 64864K->384K(65536K)] 87977K->23545K(420864K), 0.0028197 secs] [Times: user=0.01 sys=0.00, real=0.01 secs] 
2019-01-01T05:47:23.849+0900: 45890.348: [GC (Allocation Failure) [PSYoungGen: 64896K->320K(65536K)] 88057K->23513K(420864K), 0.0028563 secs] [Times: user=0.01 sys=0.00, real=0.00 secs] 
2019-01-01T05:48:21.960+0900: 45948.459: [GC (Allocation Failure) [PSYoungGen: 64832K->288K(65536K)] 88025K->23521K(420864K), 0.0025346 secs] [Times: user=0.01 sys=0.01, real=0.00 secs] 
2019-01-01T05:49:15.455+0900: 46001.954: [GC (Allocation Failure) [PSYoungGen: 64800K->448K(65536K)] 88033K->23681K(420864K), 0.0032589 secs] [Times: user=0.01 sys=0.00, real=0.00 secs] 
2019-01-01T05:50:13.508+0900: 46060.007: [GC (Allocation Failure) [PSYoungGen: 64960K->384K(65536K)] 88193K->23617K(420864K), 0.0030173 secs] [Times: user=0.01 sys=0.00, real=0.00 secs] 
2019-01-01T05:51:11.599+0900: 46118.098: [GC (Allocation Failure) [PSYoungGen: 64896K->352K(65536K)] 88129K->23585K(420864K), 0.0030342 secs] [Times: user=0.01 sys=0.00, real=0.00 secs] 
2019-01-01T05:52:09.496+0900: 46175.995: [GC (Allocation Failure) [PSYoungGen: 64864K->320K(65536K)] 88097K->23553K(420864K), 0.0030809 secs] [Times: user=0.02 sys=0.00, real=0.00 secs] 
2019-01-01T05:53:04.590+0900: 46231.089: [GC (Allocation Failure) [PSYoungGen: 64832K->384K(65536K)] 88065K->23617K(420864K), 0.0029315 secs] [Times: user=0.01 sys=0.00, real=0.00 secs] 
2019-01-01T05:53:56.599+0900: 46283.098: [GC (Allocation Failure) [PSYoungGen: 64896K->480K(65024K)] 88129K->23713K(420352K), 0.0032836 secs] [Times: user=0.01 sys=0.00, real=0.00 secs] 
2019-01-01T05:54:52.296+0900: 46338.795: [GC (Allocation Failure) [PSYoungGen: 64992K->448K(65536K)] 88225K->23681K(420864K), 0.0025402 secs] [Times: user=0.01 sys=0.00, real=0.00 secs] 
2019-01-01T05:55:48.722+0900: 46395.221: [GC (Allocation Failure) [PSYoungGen: 64960K->352K(65536K)] 88193K->23593K(420864K), 0.0031280 secs] [Times: user=0.01 sys=0.00, real=0.01 secs] 
2019-01-01T05:56:44.074+0900: 46450.573: [GC (Allocation Failure) [PSYoungGen: 64864K->320K(65536K)] 88105K->23561K(420864K), 0.0032666 secs] [Times: user=0.01 sys=0.00, real=0.00 secs] 
2019-01-01T05:57:40.230+0900: 46506.729: [GC (Allocation Failure) [PSYoungGen: 64832K->384K(65536K)] 88073K->23625K(420864K), 0.0029944 secs] [Times: user=0.01 sys=0.00, real=0.00 secs] 
2019-01-01T05:58:38.084+0900: 46564.584: [GC (Allocation Failure) [PSYoungGen: 64896K->352K(65536K)] 88137K->23593K(420864K), 0.0029247 secs] [Times: user=0.01 sys=0.00, real=0.00 secs] 
2019-01-01T05:59:35.724+0900: 46622.223: [GC (Allocation Failure) [PSYoungGen: 64864K->384K(65024K)] 88105K->23625K(420352K), 0.0029987 secs] [Times: user=0.02 sys=0.00, real=0.00 secs] 
2019-01-01T06:00:33.956+0900: 46680.455: [GC (Allocation Failure) [PSYoungGen: 64896K->320K(65024K)] 88137K->23561K(420352K), 0.0028545 secs] [Times: user=0.01 sys=0.00, real=0.00 secs] 
2019-01-01T06:01:31.539+0900: 46738.038: [GC (Allocation Failure) [PSYoungGen: 64832K->320K(65024K)] 88073K->23561K(420352K), 0.0029401 secs] [Times: user=0.01 sys=0.00, real=0.00 secs] 
2019-01-01T06:02:21.799+0900: 46788.298: [GC (Allocation Failure) [PSYoungGen: 64830K->480K(65024K)] 88072K->23809K(420352K), 0.0029452 secs] [Times: user=0.01 sys=0.00, real=0.00 secs] 
2019-01-01T06:03:03.549+0900: 46830.048: [GC (Allocation Failure) [PSYoungGen: 64992K->768K(65536K)] 88321K->24129K(420864K), 0.0036628 secs] [Times: user=0.01 sys=0.01, real=0.00 secs] 
2019-01-01T06:03:49.393+0900: 46875.892: [GC (Allocation Failure) [PSYoungGen: 65280K->576K(65536K)] 88641K->23937K(420864K), 0.0032291 secs] [Times: user=0.01 sys=0.00, real=0.01 secs] 
2019-01-01T06:04:47.205+0900: 46933.704: [GC (Allocation Failure) [PSYoungGen: 65088K->320K(65536K)] 88449K->23681K(420864K), 0.0029070 secs] [Times: user=0.01 sys=0.00, real=0.00 secs] 
2019-01-01T06:05:45.181+0900: 46991.680: [GC (Allocation Failure) [PSYoungGen: 64832K->320K(65536K)] 88193K->23681K(420864K), 0.0029224 secs] [Times: user=0.02 sys=0.00, real=0.01 secs] 
2019-01-01T06:06:43.409+0900: 47049.908: [GC (Allocation Failure) [PSYoungGen: 64832K->320K(65536K)] 88193K->23681K(420864K), 0.0030235 secs] [Times: user=0.01 sys=0.00, real=0.00 secs] 
2019-01-01T06:07:41.268+0900: 47107.767: [GC (Allocation Failure) [PSYoungGen: 64832K->384K(65536K)] 88193K->23753K(420864K), 0.0026413 secs] [Times: user=0.02 sys=0.00, real=0.00 secs] 
2019-01-01T06:08:32.879+0900: 47159.378: [GC (Allocation Failure) [PSYoungGen: 64896K->512K(65536K)] 88265K->23889K(420864K), 0.0031232 secs] [Times: user=0.01 sys=0.00, real=0.00 secs] 
2019-01-01T06:09:28.533+0900: 47215.032: [GC (Allocation Failure) [PSYoungGen: 65024K->416K(65536K)] 88401K->23793K(420864K), 0.0031225 secs] [Times: user=0.01 sys=0.00, real=0.01 secs] 
2019-01-01T06:10:26.052+0900: 47272.551: [GC (Allocation Failure) [PSYoungGen: 64928K->352K(65536K)] 88305K->23729K(420864K), 0.0028923 secs] [Times: user=0.01 sys=0.00, real=0.01 secs] 
2019-01-01T06:11:23.831+0900: 47330.330: [GC (Allocation Failure) [PSYoungGen: 64864K->352K(65536K)] 88241K->23729K(420864K), 0.0028199 secs] [Times: user=0.01 sys=0.00, real=0.00 secs] 
2019-01-01T06:12:20.270+0900: 47386.769: [GC (Allocation Failure) [PSYoungGen: 64864K->416K(65536K)] 88241K->23793K(420864K), 0.0026906 secs] [Times: user=0.01 sys=0.00, real=0.00 secs] 
2019-01-01T06:13:12.026+0900: 47438.525: [GC (Allocation Failure) [PSYoungGen: 64928K->512K(65536K)] 88305K->23889K(420864K), 0.0030643 secs] [Times: user=0.01 sys=0.00, real=0.00 secs] 
2019-01-01T06:14:09.573+0900: 47496.072: [GC (Allocation Failure) [PSYoungGen: 65024K->320K(65536K)] 88401K->23697K(420864K), 0.0030862 secs] [Times: user=0.01 sys=0.00, real=0.01 secs] 
2019-01-01T06:15:07.652+0900: 47554.151: [GC (Allocation Failure) [PSYoungGen: 64832K->320K(65536K)] 88209K->23697K(420864K), 0.0026021 secs] [Times: user=0.01 sys=0.00, real=0.01 secs] 
2019-01-01T06:16:05.597+0900: 47612.096: [GC (Allocation Failure) [PSYoungGen: 64832K->288K(65536K)] 88209K->23681K(420864K), 0.0025711 secs] [Times: user=0.01 sys=0.00, real=0.00 secs] 
2019-01-01T06:17:03.393+0900: 47669.892: [GC (Allocation Failure) [PSYoungGen: 64800K->320K(65536K)] 88193K->23745K(420864K), 0.0032613 secs] [Times: user=0.01 sys=0.00, real=0.01 secs] 
2019-01-01T06:18:01.161+0900: 47727.660: [GC (Allocation Failure) [PSYoungGen: 64832K->352K(65536K)] 88257K->23785K(420864K), 0.0031861 secs] [Times: user=0.01 sys=0.00, real=0.01 secs] 
2019-01-01T06:18:51.246+0900: 47777.745: [GC (Allocation Failure) [PSYoungGen: 64864K->544K(65536K)] 88297K->23977K(420864K), 0.0031565 secs] [Times: user=0.01 sys=0.00, real=0.00 secs] 
2019-01-01T06:19:49.084+0900: 47835.583: [GC (Allocation Failure) [PSYoungGen: 65056K->288K(65536K)] 88489K->23721K(420864K), 0.0026006 secs] [Times: user=0.01 sys=0.00, real=0.00 secs] 
2019-01-01T06:20:47.001+0900: 47893.500: [GC (Allocation Failure) [PSYoungGen: 64800K->224K(65536K)] 88233K->23657K(420864K), 0.0029515 secs] [Times: user=0.01 sys=0.00, real=0.01 secs] 
2019-01-01T06:21:44.703+0900: 47951.202: [GC (Allocation Failure) [PSYoungGen: 64736K->288K(65536K)] 88169K->23721K(420864K), 0.0028828 secs] [Times: user=0.01 sys=0.00, real=0.01 secs] 
2019-01-01T06:22:42.149+0900: 48008.648: [GC (Allocation Failure) [PSYoungGen: 64800K->352K(65536K)] 88233K->23793K(420864K), 0.0026735 secs] [Times: user=0.01 sys=0.00, real=0.00 secs] 
2019-01-01T06:23:32.503+0900: 48059.002: [GC (Allocation Failure) [PSYoungGen: 64864K->416K(65536K)] 88305K->23873K(420864K), 0.0030930 secs] [Times: user=0.01 sys=0.00, real=0.01 secs] 
2019-01-01T06:24:30.572+0900: 48117.071: [GC (Allocation Failure) [PSYoungGen: 64928K->288K(65536K)] 88385K->23745K(420864K), 0.0027770 secs] [Times: user=0.01 sys=0.00, real=0.01 secs] 
2019-01-01T06:25:28.495+0900: 48174.994: [GC (Allocation Failure) [PSYoungGen: 64800K->288K(65536K)] 88257K->23745K(420864K), 0.0026949 secs] [Times: user=0.01 sys=0.00, real=0.00 secs] 
2019-01-01T06:26:26.167+0900: 48232.666: [GC (Allocation Failure) [PSYoungGen: 64800K->384K(65536K)] 88257K->23841K(420864K), 0.0028697 secs] [Times: user=0.01 sys=0.00, real=0.00 secs] 
2019-01-01T06:27:24.250+0900: 48290.749: [GC (Allocation Failure) [PSYoungGen: 64896K->352K(65536K)] 88353K->23817K(420864K), 0.0027627 secs] [Times: user=0.01 sys=0.00, real=0.00 secs] 
2019-01-01T06:28:16.454+0900: 48342.953: [GC (Allocation Failure) [PSYoungGen: 64864K->512K(65536K)] 88329K->23977K(420864K), 0.0031727 secs] [Times: user=0.02 sys=0.00, real=0.01 secs] 
2019-01-01T06:29:12.566+0900: 48399.065: [GC (Allocation Failure) [PSYoungGen: 65024K->416K(65536K)] 88489K->23881K(420864K), 0.0030929 secs] [Times: user=0.01 sys=0.00, real=0.00 secs] 
2019-01-01T06:30:06.167+0900: 48452.666: [GC (Allocation Failure) [PSYoungGen: 64928K->480K(65536K)] 88393K->23945K(420864K), 0.0031464 secs] [Times: user=0.01 sys=0.00, real=0.00 secs] 
2019-01-01T06:31:04.093+0900: 48510.592: [GC (Allocation Failure) [PSYoungGen: 64992K->288K(65536K)] 88457K->23753K(420864K), 0.0029331 secs] [Times: user=0.01 sys=0.00, real=0.01 secs] 
2019-01-01T06:32:01.682+0900: 48568.181: [GC (Allocation Failure) [PSYoungGen: 64800K->384K(65536K)] 88265K->23849K(420864K), 0.0027526 secs] [Times: user=0.01 sys=0.00, real=0.01 secs] 
2019-01-01T06:32:35.506+0900: 48602.005: [GC (Allocation Failure) [PSYoungGen: 64896K->832K(65536K)] 88361K->24297K(420864K), 0.0038224 secs] [Times: user=0.01 sys=0.00, real=0.00 secs] 
2019-01-01T06:33:21.209+0900: 48647.708: [GC (Allocation Failure) [PSYoungGen: 65344K->640K(65536K)] 88809K->24105K(420864K), 0.0035352 secs] [Times: user=0.02 sys=0.00, real=0.00 secs] 
2019-01-01T06:34:18.868+0900: 48705.367: [GC (Allocation Failure) [PSYoungGen: 65152K->320K(65536K)] 88617K->23785K(420864K), 0.0027802 secs] [Times: user=0.01 sys=0.00, real=0.00 secs] 
2019-01-01T06:35:16.809+0900: 48763.308: [GC (Allocation Failure) [PSYoungGen: 64832K->288K(65536K)] 88297K->23753K(420864K), 0.0024821 secs] [Times: user=0.01 sys=0.00, real=0.00 secs] 
2019-01-01T06:36:14.550+0900: 48821.050: [GC (Allocation Failure) [PSYoungGen: 64800K->352K(65536K)] 88265K->23817K(420864K), 0.0028115 secs] [Times: user=0.02 sys=0.00, real=0.00 secs] 
2019-01-01T06:37:11.884+0900: 48878.383: [GC (Allocation Failure) [PSYoungGen: 64864K->320K(65536K)] 88329K->23785K(420864K), 0.0030278 secs] [Times: user=0.01 sys=0.00, real=0.00 secs] 
2019-01-01T06:38:10.066+0900: 48936.565: [GC (Allocation Failure) [PSYoungGen: 64832K->256K(65536K)] 88297K->23721K(420864K), 0.0029601 secs] [Times: user=0.01 sys=0.00, real=0.00 secs] 
2019-01-01T06:39:08.097+0900: 48994.596: [GC (Allocation Failure) [PSYoungGen: 64768K->256K(65536K)] 88233K->23721K(420864K), 0.0027106 secs] [Times: user=0.01 sys=0.00, real=0.00 secs] 
2019-01-01T06:40:05.834+0900: 49052.333: [GC (Allocation Failure) [PSYoungGen: 64768K->288K(65536K)] 88233K->23753K(420864K), 0.0029321 secs] [Times: user=0.01 sys=0.00, real=0.00 secs] 
2019-01-01T06:41:03.124+0900: 49109.623: [GC (Allocation Failure) [PSYoungGen: 64800K->352K(65536K)] 88265K->23817K(420864K), 0.0031302 secs] [Times: user=0.01 sys=0.00, real=0.00 secs] 
2019-01-01T06:41:58.888+0900: 49165.387: [GC (Allocation Failure) [PSYoungGen: 64864K->352K(65536K)] 88329K->23817K(420864K), 0.0030887 secs] [Times: user=0.01 sys=0.00, real=0.00 secs] 
2019-01-01T06:42:54.515+0900: 49221.014: [GC (Allocation Failure) [PSYoungGen: 64864K->416K(65536K)] 88329K->23881K(420864K), 0.0030768 secs] [Times: user=0.01 sys=0.00, real=0.00 secs] 
2019-01-01T06:43:46.285+0900: 49272.784: [GC (Allocation Failure) [PSYoungGen: 64928K->448K(65536K)] 88393K->23913K(420864K), 0.0031260 secs] [Times: user=0.01 sys=0.01, real=0.00 secs] 
2019-01-01T06:44:42.408+0900: 49328.907: [GC (Allocation Failure) [PSYoungGen: 64960K->384K(65536K)] 88425K->23849K(420864K), 0.0028640 secs] [Times: user=0.01 sys=0.00, real=0.00 secs] 
2019-01-01T06:45:38.412+0900: 49384.911: [GC (Allocation Failure) [PSYoungGen: 64896K->320K(65536K)] 88361K->23785K(420864K), 0.0030717 secs] [Times: user=0.01 sys=0.00, real=0.01 secs] 
2019-01-01T06:46:33.860+0900: 49440.359: [GC (Allocation Failure) [PSYoungGen: 64832K->384K(65536K)] 88297K->23865K(420864K), 0.0029491 secs] [Times: user=0.01 sys=0.00, real=0.00 secs] 
2019-01-01T06:47:30.066+0900: 49496.566: [GC (Allocation Failure) [PSYoungGen: 64896K->352K(65536K)] 88377K->23881K(420864K), 0.0030534 secs] [Times: user=0.01 sys=0.00, real=0.00 secs] 
2019-01-01T06:48:28.032+0900: 49554.531: [GC (Allocation Failure) [PSYoungGen: 64864K->320K(65536K)] 88393K->23849K(420864K), 0.0031267 secs] [Times: user=0.01 sys=0.00, real=0.01 secs] 
2019-01-01T06:49:25.793+0900: 49612.292: [GC (Allocation Failure) [PSYoungGen: 64832K->384K(65536K)] 88361K->23913K(420864K), 0.0028557 secs] [Times: user=0.02 sys=0.00, real=0.01 secs] 
2019-01-01T06:50:23.940+0900: 49670.439: [GC (Allocation Failure) [PSYoungGen: 64896K->288K(65536K)] 88425K->23817K(420864K), 0.0028239 secs] [Times: user=0.01 sys=0.00, real=0.00 secs] 
2019-01-01T06:51:21.997+0900: 49728.496: [GC (Allocation Failure) [PSYoungGen: 64800K->352K(65536K)] 88329K->23881K(420864K), 0.0028936 secs] [Times: user=0.01 sys=0.01, real=0.00 secs] 
2019-01-01T06:52:20.229+0900: 49786.728: [GC (Allocation Failure) [PSYoungGen: 64864K->352K(65536K)] 88393K->23881K(420864K), 0.0029728 secs] [Times: user=0.01 sys=0.00, real=0.00 secs] 
2019-01-01T06:53:13.880+0900: 49840.379: [GC (Allocation Failure) [PSYoungGen: 64864K->384K(65024K)] 88393K->23913K(420352K), 0.0027573 secs] [Times: user=0.01 sys=0.00, real=0.00 secs] 
2019-01-01T06:54:03.637+0900: 49890.136: [GC (Allocation Failure) [PSYoungGen: 64896K->480K(65024K)] 88425K->24009K(420352K), 0.0030618 secs] [Times: user=0.02 sys=0.00, real=0.00 secs] 
2019-01-01T06:55:01.866+0900: 49948.365: [GC (Allocation Failure) [PSYoungGen: 64992K->320K(65536K)] 88521K->23849K(420864K), 0.0025931 secs] [Times: user=0.02 sys=0.00, real=0.00 secs] 
2019-01-01T06:55:59.682+0900: 50006.181: [GC (Allocation Failure) [PSYoungGen: 64832K->288K(65536K)] 88361K->23817K(420864K), 0.0029175 secs] [Times: user=0.00 sys=0.00, real=0.01 secs] 
2019-01-01T06:56:57.286+0900: 50063.785: [GC (Allocation Failure) [PSYoungGen: 64800K->320K(65024K)] 88329K->23857K(420352K), 0.0029173 secs] [Times: user=0.01 sys=0.00, real=0.00 secs] 
2019-01-01T06:57:54.669+0900: 50121.168: [GC (Allocation Failure) [PSYoungGen: 64832K->384K(65024K)] 88369K->23929K(420352K), 0.0028683 secs] [Times: user=0.01 sys=0.00, real=0.00 secs] 
2019-01-01T06:58:52.818+0900: 50179.317: [GC (Allocation Failure) [PSYoungGen: 64896K->384K(65024K)] 88441K->23929K(420352K), 0.0024738 secs] [Times: user=0.01 sys=0.00, real=0.00 secs] 
2019-01-01T06:59:50.993+0900: 50237.492: [GC (Allocation Failure) [PSYoungGen: 64896K->384K(65024K)] 88441K->23929K(420352K), 0.0029291 secs] [Times: user=0.02 sys=0.00, real=0.01 secs] 
2019-01-01T07:00:49.222+0900: 50295.721: [GC (Allocation Failure) [PSYoungGen: 64896K->384K(65024K)] 88441K->23929K(420352K), 0.0026617 secs] [Times: user=0.01 sys=0.00, real=0.01 secs] 
2019-01-01T07:01:46.948+0900: 50353.447: [GC (Allocation Failure) [PSYoungGen: 64896K->320K(65024K)] 88441K->23889K(420352K), 0.0028627 secs] [Times: user=0.01 sys=0.00, real=0.00 secs] 
2019-01-01T07:02:24.137+0900: 50390.636: [GC (Allocation Failure) [PSYoungGen: 64831K->512K(65024K)] 88401K->24346K(420352K), 0.0036202 secs] [Times: user=0.01 sys=0.00, real=0.00 secs] 
2019-01-01T07:03:09.960+0900: 50436.460: [GC (Allocation Failure) [PSYoungGen: 65024K->512K(65536K)] 88858K->24346K(420864K), 0.0033529 secs] [Times: user=0.01 sys=0.00, real=0.01 secs] 
2019-01-01T07:03:55.954+0900: 50482.453: [GC (Allocation Failure) [PSYoungGen: 65024K->576K(65536K)] 88858K->24410K(420864K), 0.0035456 secs] [Times: user=0.01 sys=0.00, real=0.00 secs] 
2019-01-01T07:04:54.183+0900: 50540.682: [GC (Allocation Failure) [PSYoungGen: 65088K->384K(65536K)] 88922K->24218K(420864K), 0.0029899 secs] [Times: user=0.01 sys=0.00, real=0.01 secs] 
2019-01-01T07:05:47.910+0900: 50594.409: [GC (Allocation Failure) [PSYoungGen: 64896K->416K(65536K)] 88730K->24250K(420864K), 0.0029966 secs] [Times: user=0.01 sys=0.00, real=0.00 secs] 
2019-01-01T07:06:43.614+0900: 50650.113: [GC (Allocation Failure) [PSYoungGen: 64928K->384K(65536K)] 88762K->24234K(420864K), 0.0028410 secs] [Times: user=0.01 sys=0.00, real=0.00 secs] 
2019-01-01T07:07:39.838+0900: 50706.337: [GC (Allocation Failure) [PSYoungGen: 64896K->416K(65536K)] 88746K->24282K(420864K), 0.0028007 secs] [Times: user=0.01 sys=0.00, real=0.00 secs] 
2019-01-01T07:08:37.473+0900: 50763.972: [GC (Allocation Failure) [PSYoungGen: 64928K->352K(65536K)] 88794K->24218K(420864K), 0.0027993 secs] [Times: user=0.02 sys=0.00, real=0.01 secs] 
2019-01-01T07:09:35.298+0900: 50821.797: [GC (Allocation Failure) [PSYoungGen: 64864K->224K(65536K)] 88730K->24090K(420864K), 0.0029805 secs] [Times: user=0.01 sys=0.00, real=0.00 secs] 
2019-01-01T07:10:33.520+0900: 50880.019: [GC (Allocation Failure) [PSYoungGen: 64736K->288K(65536K)] 88602K->24154K(420864K), 0.0028535 secs] [Times: user=0.01 sys=0.00, real=0.00 secs] 
2019-01-01T07:11:31.731+0900: 50938.230: [GC (Allocation Failure) [PSYoungGen: 64800K->320K(65536K)] 88666K->24186K(420864K), 0.0029807 secs] [Times: user=0.01 sys=0.00, real=0.01 secs] 
2019-01-01T07:12:29.361+0900: 50995.860: [GC (Allocation Failure) [PSYoungGen: 64832K->352K(65536K)] 88698K->24218K(420864K), 0.0028206 secs] [Times: user=0.01 sys=0.00, real=0.01 secs] 
2019-01-01T07:13:27.197+0900: 51053.696: [GC (Allocation Failure) [PSYoungGen: 64864K->320K(65536K)] 88730K->24186K(420864K), 0.0024497 secs] [Times: user=0.01 sys=0.00, real=0.00 secs] 
2019-01-01T07:14:25.245+0900: 51111.744: [GC (Allocation Failure) [PSYoungGen: 64832K->352K(65536K)] 88698K->24218K(420864K), 0.0028241 secs] [Times: user=0.01 sys=0.00, real=0.00 secs] 
2019-01-01T07:15:22.944+0900: 51169.443: [GC (Allocation Failure) [PSYoungGen: 64864K->352K(65536K)] 88730K->24218K(420864K), 0.0024372 secs] [Times: user=0.01 sys=0.00, real=0.00 secs] 
2019-01-01T07:16:20.900+0900: 51227.399: [GC (Allocation Failure) [PSYoungGen: 64864K->352K(65536K)] 88730K->24258K(420864K), 0.0026125 secs] [Times: user=0.01 sys=0.00, real=0.00 secs] 
2019-01-01T07:17:19.079+0900: 51285.578: [GC (Allocation Failure) [PSYoungGen: 64864K->288K(65536K)] 88770K->24234K(420864K), 0.0026374 secs] [Times: user=0.01 sys=0.00, real=0.00 secs] 
2019-01-01T07:18:16.444+0900: 51342.943: [GC (Allocation Failure) [PSYoungGen: 64800K->384K(65536K)] 88746K->24378K(420864K), 0.0029879 secs] [Times: user=0.01 sys=0.00, real=0.00 secs] 
2019-01-01T07:19:14.586+0900: 51401.085: [GC (Allocation Failure) [PSYoungGen: 64896K->384K(65024K)] 88890K->24378K(420352K), 0.0029300 secs] [Times: user=0.02 sys=0.00, real=0.00 secs] 
2019-01-01T07:20:12.570+0900: 51459.069: [GC (Allocation Failure) [PSYoungGen: 64896K->288K(65024K)] 88890K->24314K(420352K), 0.0028519 secs] [Times: user=0.01 sys=0.00, real=0.00 secs] 
2019-01-01T07:21:10.518+0900: 51517.017: [GC (Allocation Failure) [PSYoungGen: 64800K->352K(65024K)] 88826K->24402K(420352K), 0.0030847 secs] [Times: user=0.01 sys=0.00, real=0.00 secs] 
2019-01-01T07:22:04.248+0900: 51570.747: [GC (Allocation Failure) [PSYoungGen: 64864K->480K(65024K)] 88914K->24562K(420352K), 0.0032427 secs] [Times: user=0.00 sys=0.00, real=0.00 secs] 
2019-01-01T07:23:02.050+0900: 51628.549: [GC (Allocation Failure) [PSYoungGen: 64992K->320K(65536K)] 89074K->24402K(420864K), 0.0027799 secs] [Times: user=0.01 sys=0.01, real=0.00 secs] 
2019-01-01T07:23:59.697+0900: 51686.196: [GC (Allocation Failure) [PSYoungGen: 64832K->320K(65536K)] 88914K->24402K(420864K), 0.0027013 secs] [Times: user=0.02 sys=0.00, real=0.00 secs] 
2019-01-01T07:24:57.923+0900: 51744.422: [GC (Allocation Failure) [PSYoungGen: 64832K->352K(65024K)] 88914K->24434K(420352K), 0.0025540 secs] [Times: user=0.01 sys=0.00, real=0.01 secs] 
2019-01-01T07:25:55.605+0900: 51802.104: [GC (Allocation Failure) [PSYoungGen: 64864K->352K(65024K)] 88946K->24434K(420352K), 0.0028912 secs] [Times: user=0.01 sys=0.00, real=0.00 secs] 
2019-01-01T07:26:53.352+0900: 51859.851: [GC (Allocation Failure) [PSYoungGen: 64864K->320K(65024K)] 88946K->24402K(420352K), 0.0025340 secs] [Times: user=0.01 sys=0.00, real=0.01 secs] 
2019-01-01T07:27:51.490+0900: 51917.989: [GC (Allocation Failure) [PSYoungGen: 64832K->384K(65024K)] 88914K->24466K(420352K), 0.0028466 secs] [Times: user=0.02 sys=0.00, real=0.00 secs] 
2019-01-01T07:28:45.457+0900: 51971.956: [GC (Allocation Failure) [PSYoungGen: 64896K->480K(65024K)] 88978K->24562K(420352K), 0.0030187 secs] [Times: user=0.01 sys=0.00, real=0.00 secs] 
2019-01-01T07:29:43.081+0900: 52029.580: [GC (Allocation Failure) [PSYoungGen: 64992K->384K(65024K)] 89074K->24466K(420352K), 0.0025858 secs] [Times: user=0.01 sys=0.00, real=0.01 secs] 
2019-01-01T07:30:41.067+0900: 52087.566: [GC (Allocation Failure) [PSYoungGen: 64896K->352K(65024K)] 88978K->24434K(420352K), 0.0028510 secs] [Times: user=0.01 sys=0.00, real=0.00 secs] 
2019-01-01T07:31:38.844+0900: 52145.343: [GC (Allocation Failure) [PSYoungGen: 64864K->352K(65024K)] 88946K->24434K(420352K), 0.0027645 secs] [Times: user=0.01 sys=0.00, real=0.00 secs] 
2019-01-01T07:32:24.201+0900: 52190.700: [GC (Allocation Failure) [PSYoungGen: 64864K->480K(65024K)] 88946K->24706K(420352K), 0.0030414 secs] [Times: user=0.01 sys=0.00, real=0.01 secs] 
2019-01-01T07:33:10.124+0900: 52236.623: [GC (Allocation Failure) [PSYoungGen: 64992K->512K(65536K)] 89218K->24738K(420864K), 0.0033677 secs] [Times: user=0.01 sys=0.01, real=0.00 secs] 
2019-01-01T07:33:56.066+0900: 52282.565: [GC (Allocation Failure) [PSYoungGen: 65024K->608K(65536K)] 89250K->24834K(420864K), 0.0036887 secs] [Times: user=0.01 sys=0.00, real=0.00 secs] 
2019-01-01T07:34:53.328+0900: 52339.827: [GC (Allocation Failure) [PSYoungGen: 65120K->384K(65536K)] 89346K->24610K(420864K), 0.0025835 secs] [Times: user=0.01 sys=0.00, real=0.00 secs] 
2019-01-01T07:35:51.516+0900: 52398.015: [GC (Allocation Failure) [PSYoungGen: 64896K->384K(65536K)] 89122K->24634K(420864K), 0.0026708 secs] [Times: user=0.01 sys=0.00, real=0.00 secs] 
2019-01-01T07:36:49.743+0900: 52456.242: [GC (Allocation Failure) [PSYoungGen: 64896K->320K(65536K)] 89146K->24570K(420864K), 0.0030331 secs] [Times: user=0.01 sys=0.00, real=0.01 secs] 
2019-01-01T07:37:43.681+0900: 52510.180: [GC (Allocation Failure) [PSYoungGen: 64832K->448K(65536K)] 89082K->24698K(420864K), 0.0031178 secs] [Times: user=0.01 sys=0.00, real=0.01 secs] 
2019-01-01T07:38:41.341+0900: 52567.840: [GC (Allocation Failure) [PSYoungGen: 64960K->352K(65536K)] 89210K->24602K(420864K), 0.0028977 secs] [Times: user=0.01 sys=0.00, real=0.01 secs] 
2019-01-01T07:39:35.029+0900: 52621.528: [GC (Allocation Failure) [PSYoungGen: 64864K->448K(65536K)] 89114K->24698K(420864K), 0.0033891 secs] [Times: user=0.01 sys=0.00, real=0.00 secs] 
2019-01-01T07:40:32.646+0900: 52679.145: [GC (Allocation Failure) [PSYoungGen: 64960K->256K(65536K)] 89210K->24506K(420864K), 0.0053076 secs] [Times: user=0.03 sys=0.00, real=0.00 secs] 
2019-01-01T07:41:30.082+0900: 52736.581: [GC (Allocation Failure) [PSYoungGen: 64768K->320K(65536K)] 89018K->24570K(420864K), 0.0027293 secs] [Times: user=0.01 sys=0.00, real=0.01 secs] 
2019-01-01T07:42:26.112+0900: 52792.611: [GC (Allocation Failure) [PSYoungGen: 64832K->352K(65536K)] 89082K->24610K(420864K), 0.0030449 secs] [Times: user=0.01 sys=0.00, real=0.01 secs] 
2019-01-01T07:43:21.678+0900: 52848.177: [GC (Allocation Failure) [PSYoungGen: 64864K->352K(65536K)] 89122K->24610K(420864K), 0.0031304 secs] [Times: user=0.01 sys=0.00, real=0.00 secs] 
2019-01-01T07:44:19.481+0900: 52905.980: [GC (Allocation Failure) [PSYoungGen: 64864K->352K(65536K)] 89122K->24610K(420864K), 0.0024732 secs] [Times: user=0.01 sys=0.00, real=0.01 secs] 
2019-01-01T07:45:16.804+0900: 52963.303: [GC (Allocation Failure) [PSYoungGen: 64864K->352K(65536K)] 89122K->24610K(420864K), 0.0028188 secs] [Times: user=0.02 sys=0.00, real=0.00 secs] 
2019-01-01T07:46:06.954+0900: 53013.453: [GC (Allocation Failure) [PSYoungGen: 64864K->448K(65536K)] 89122K->24730K(420864K), 0.0032873 secs] [Times: user=0.01 sys=0.00, real=0.00 secs] 
2019-01-01T07:47:00.824+0900: 53067.323: [GC (Allocation Failure) [PSYoungGen: 64960K->448K(65536K)] 89242K->24746K(420864K), 0.0031659 secs] [Times: user=0.01 sys=0.00, real=0.00 secs] 
2019-01-01T07:47:54.387+0900: 53120.886: [GC (Allocation Failure) [PSYoungGen: 64960K->480K(65536K)] 89258K->24786K(420864K), 0.0031132 secs] [Times: user=0.02 sys=0.00, real=0.00 secs] 
2019-01-01T07:48:47.659+0900: 53174.158: [GC (Allocation Failure) [PSYoungGen: 64992K->416K(65536K)] 89298K->24722K(420864K), 0.0030408 secs] [Times: user=0.00 sys=0.01, real=0.00 secs] 
2019-01-01T07:49:41.461+0900: 53227.960: [GC (Allocation Failure) [PSYoungGen: 64928K->352K(65536K)] 89234K->24658K(420864K), 0.0031856 secs] [Times: user=0.01 sys=0.00, real=0.01 secs] 
2019-01-01T07:50:39.032+0900: 53285.531: [GC (Allocation Failure) [PSYoungGen: 64864K->256K(65536K)] 89170K->24562K(420864K), 0.0028219 secs] [Times: user=0.01 sys=0.00, real=0.01 secs] 
2019-01-01T07:51:35.216+0900: 53341.715: [GC (Allocation Failure) [PSYoungGen: 64768K->352K(65536K)] 89074K->24674K(420864K), 0.0029114 secs] [Times: user=0.01 sys=0.00, real=0.00 secs] 
2019-01-01T07:52:30.771+0900: 53397.270: [GC (Allocation Failure) [PSYoungGen: 64864K->416K(65536K)] 89186K->24738K(420864K), 0.0031725 secs] [Times: user=0.02 sys=0.00, real=0.01 secs] 
2019-01-01T07:53:28.703+0900: 53455.202: [GC (Allocation Failure) [PSYoungGen: 64928K->352K(65536K)] 89250K->24682K(420864K), 0.0029315 secs] [Times: user=0.01 sys=0.00, real=0.01 secs] 
2019-01-01T07:54:22.842+0900: 53509.341: [GC (Allocation Failure) [PSYoungGen: 64864K->384K(65536K)] 89194K->24714K(420864K), 0.0031284 secs] [Times: user=0.01 sys=0.00, real=0.01 secs] 
2019-01-01T07:55:14.034+0900: 53560.533: [GC (Allocation Failure) [PSYoungGen: 64896K->512K(65536K)] 89226K->24842K(420864K), 0.0031615 secs] [Times: user=0.01 sys=0.00, real=0.00 secs] 
2019-01-01T07:56:07.338+0900: 53613.837: [GC (Allocation Failure) [PSYoungGen: 65024K->416K(65536K)] 89354K->24746K(420864K), 0.0035223 secs] [Times: user=0.01 sys=0.00, real=0.00 secs] 
2019-01-01T07:57:01.237+0900: 53667.736: [GC (Allocation Failure) [PSYoungGen: 64928K->480K(65536K)] 89258K->24810K(420864K), 0.0027676 secs] [Times: user=0.02 sys=0.00, real=0.00 secs] 
2019-01-01T07:57:57.193+0900: 53723.692: [GC (Allocation Failure) [PSYoungGen: 64992K->352K(65536K)] 89322K->24682K(420864K), 0.0029640 secs] [Times: user=0.01 sys=0.00, real=0.01 secs] 
2019-01-01T07:58:53.041+0900: 53779.540: [GC (Allocation Failure) [PSYoungGen: 64864K->384K(65536K)] 89194K->24714K(420864K), 0.0031746 secs] [Times: user=0.01 sys=0.00, real=0.01 secs] 
2019-01-01T07:59:45.127+0900: 53831.626: [GC (Allocation Failure) [PSYoungGen: 64896K->512K(65536K)] 89226K->24850K(420864K), 0.0033254 secs] [Times: user=0.01 sys=0.00, real=0.00 secs] 
2019-01-01T08:00:34.725+0900: 53881.224: [GC (Allocation Failure) [PSYoungGen: 65024K->544K(65536K)] 89362K->24882K(420864K), 0.0032062 secs] [Times: user=0.01 sys=0.00, real=0.00 secs] 
2019-01-01T08:01:28.644+0900: 53935.143: [GC (Allocation Failure) [PSYoungGen: 65056K->416K(65536K)] 89394K->24754K(420864K), 0.0030357 secs] [Times: user=0.01 sys=0.00, real=0.00 secs] 
2019-01-01T08:02:24.591+0900: 53991.090: [GC (Allocation Failure) [PSYoungGen: 64928K->416K(65536K)] 89266K->24754K(420864K), 0.0025494 secs] [Times: user=0.02 sys=0.00, real=0.00 secs] 
2019-01-01T08:03:00.313+0900: 54026.812: [GC (Allocation Failure) [PSYoungGen: 64928K->736K(65536K)] 89266K->25074K(420864K), 0.0037972 secs] [Times: user=0.01 sys=0.00, real=0.01 secs] 
2019-01-01T08:03:44.452+0900: 54070.951: [GC (Allocation Failure) [PSYoungGen: 65248K->672K(65536K)] 89586K->25010K(420864K), 0.0033109 secs] [Times: user=0.01 sys=0.00, real=0.01 secs] 
2019-01-01T08:04:40.391+0900: 54126.890: [GC (Allocation Failure) [PSYoungGen: 65184K->384K(65536K)] 89522K->24722K(420864K), 0.0029503 secs] [Times: user=0.01 sys=0.00, real=0.01 secs] 
2019-01-01T08:05:28.584+0900: 54175.083: [GC (Allocation Failure) [PSYoungGen: 64896K->608K(65536K)] 89234K->24946K(420864K), 0.0032173 secs] [Times: user=0.01 sys=0.00, real=0.00 secs] 
2019-01-01T08:06:15.775+0900: 54222.274: [GC (Allocation Failure) [PSYoungGen: 65120K->576K(65536K)] 89458K->24914K(420864K), 0.0033467 secs] [Times: user=0.02 sys=0.00, real=0.00 secs] 
2019-01-01T08:07:11.472+0900: 54277.971: [GC (Allocation Failure) [PSYoungGen: 65088K->416K(65536K)] 89426K->24762K(420864K), 0.0029553 secs] [Times: user=0.01 sys=0.00, real=0.01 secs] 
2019-01-01T08:08:05.451+0900: 54331.950: [GC (Allocation Failure) [PSYoungGen: 64928K->480K(65536K)] 89274K->24826K(420864K), 0.0028442 secs] [Times: user=0.01 sys=0.00, real=0.01 secs] 
2019-01-01T08:08:58.775+0900: 54385.274: [GC (Allocation Failure) [PSYoungGen: 64992K->416K(65536K)] 89338K->24762K(420864K), 0.0030775 secs] [Times: user=0.01 sys=0.00, real=0.00 secs] 
2019-01-01T08:09:52.626+0900: 54439.125: [GC (Allocation Failure) [PSYoungGen: 64928K->448K(65536K)] 89274K->24794K(420864K), 0.0031633 secs] [Times: user=0.02 sys=0.00, real=0.00 secs] 
2019-01-01T08:10:46.677+0900: 54493.176: [GC (Allocation Failure) [PSYoungGen: 64960K->352K(65536K)] 89306K->24698K(420864K), 0.0032419 secs] [Times: user=0.01 sys=0.00, real=0.00 secs] 
2019-01-01T08:11:42.542+0900: 54549.041: [GC (Allocation Failure) [PSYoungGen: 64864K->256K(65536K)] 89210K->24610K(420864K), 0.0029870 secs] [Times: user=0.01 sys=0.00, real=0.01 secs] 
2019-01-01T08:12:38.674+0900: 54605.173: [GC (Allocation Failure) [PSYoungGen: 64768K->352K(65536K)] 89122K->24706K(420864K), 0.0030394 secs] [Times: user=0.01 sys=0.00, real=0.00 secs] 
2019-01-01T08:13:30.468+0900: 54656.967: [GC (Allocation Failure) [PSYoungGen: 64864K->480K(65536K)] 89218K->24834K(420864K), 0.0029527 secs] [Times: user=0.01 sys=0.00, real=0.00 secs] 
2019-01-01T08:14:28.175+0900: 54714.674: [GC (Allocation Failure) [PSYoungGen: 64992K->384K(65536K)] 89346K->24738K(420864K), 0.0028091 secs] [Times: user=0.01 sys=0.00, real=0.00 secs] 
2019-01-01T08:15:25.917+0900: 54772.416: [GC (Allocation Failure) [PSYoungGen: 64896K->320K(65536K)] 89250K->24682K(420864K), 0.0029461 secs] [Times: user=0.01 sys=0.00, real=0.00 secs] 
2019-01-01T08:16:18.060+0900: 54824.559: [GC (Allocation Failure) [PSYoungGen: 64832K->512K(65536K)] 89194K->24882K(420864K), 0.0031743 secs] [Times: user=0.02 sys=0.00, real=0.00 secs] 
2019-01-01T08:17:08.221+0900: 54874.721: [GC (Allocation Failure) [PSYoungGen: 65024K->512K(65536K)] 89394K->24882K(420864K), 0.0033227 secs] [Times: user=0.01 sys=0.00, real=0.01 secs] 
2019-01-01T08:18:03.363+0900: 54929.862: [GC (Allocation Failure) [PSYoungGen: 65024K->384K(65536K)] 89394K->24754K(420864K), 0.0030134 secs] [Times: user=0.01 sys=0.00, real=0.01 secs] 
2019-01-01T08:18:56.987+0900: 54983.486: [GC (Allocation Failure) [PSYoungGen: 64896K->448K(65536K)] 89266K->24818K(420864K), 0.0031212 secs] [Times: user=0.01 sys=0.00, real=0.00 secs] 
2019-01-01T08:19:48.931+0900: 55035.430: [GC (Allocation Failure) [PSYoungGen: 64960K->416K(65536K)] 89330K->24818K(420864K), 0.0028204 secs] [Times: user=0.01 sys=0.00, real=0.00 secs] 
2019-01-01T08:20:41.093+0900: 55087.592: [GC (Allocation Failure) [PSYoungGen: 64928K->416K(65536K)] 89330K->24818K(420864K), 0.0031809 secs] [Times: user=0.01 sys=0.00, real=0.01 secs] 
2019-01-01T08:21:34.377+0900: 55140.876: [GC (Allocation Failure) [PSYoungGen: 64928K->480K(65536K)] 89330K->24890K(420864K), 0.0029891 secs] [Times: user=0.02 sys=0.00, real=0.00 secs] 
2019-01-01T08:22:28.448+0900: 55194.947: [GC (Allocation Failure) [PSYoungGen: 64992K->416K(65536K)] 89402K->24834K(420864K), 0.0028210 secs] [Times: user=0.01 sys=0.00, real=0.00 secs] 
2019-01-01T08:23:24.264+0900: 55250.763: [GC (Allocation Failure) [PSYoungGen: 64928K->352K(65536K)] 89346K->24770K(420864K), 0.0029360 secs] [Times: user=0.01 sys=0.00, real=0.00 secs] 
2019-01-01T08:24:19.809+0900: 55306.308: [GC (Allocation Failure) [PSYoungGen: 64864K->352K(65536K)] 89282K->24770K(420864K), 0.0030784 secs] [Times: user=0.02 sys=0.00, real=0.00 secs] 
2019-01-01T08:25:17.530+0900: 55364.029: [GC (Allocation Failure) [PSYoungGen: 64864K->352K(65536K)] 89282K->24770K(420864K), 0.0029472 secs] [Times: user=0.02 sys=0.00, real=0.00 secs] 
2019-01-01T08:26:13.423+0900: 55419.922: [GC (Allocation Failure) [PSYoungGen: 64864K->320K(65536K)] 89282K->24738K(420864K), 0.0030101 secs] [Times: user=0.01 sys=0.00, real=0.01 secs] 
2019-01-01T08:27:11.483+0900: 55477.982: [GC (Allocation Failure) [PSYoungGen: 64832K->320K(65536K)] 89250K->24738K(420864K), 0.0030637 secs] [Times: user=0.01 sys=0.00, real=0.01 secs] 
2019-01-01T08:28:08.988+0900: 55535.487: [GC (Allocation Failure) [PSYoungGen: 64832K->384K(65536K)] 89250K->24802K(420864K), 0.0025277 secs] [Times: user=0.01 sys=0.00, real=0.00 secs] 
2019-01-01T08:29:07.069+0900: 55593.568: [GC (Allocation Failure) [PSYoungGen: 64896K->352K(65536K)] 89314K->24770K(420864K), 0.0030471 secs] [Times: user=0.01 sys=0.00, real=0.00 secs] 
2019-01-01T08:30:05.022+0900: 55651.521: [GC (Allocation Failure) [PSYoungGen: 64864K->352K(65536K)] 89282K->24778K(420864K), 0.0029539 secs] [Times: user=0.01 sys=0.00, real=0.01 secs] 
2019-01-01T08:31:00.549+0900: 55707.048: [GC (Allocation Failure) [PSYoungGen: 64864K->384K(65536K)] 89290K->24818K(420864K), 0.0029501 secs] [Times: user=0.01 sys=0.00, real=0.00 secs] 
2019-01-01T08:31:58.529+0900: 55765.028: [GC (Allocation Failure) [PSYoungGen: 64896K->352K(65536K)] 89330K->24794K(420864K), 0.0026926 secs] [Times: user=0.01 sys=0.00, real=0.00 secs] 
2019-01-01T08:32:32.084+0900: 55798.583: [GC (Allocation Failure) [PSYoungGen: 64864K->896K(65536K)] 89306K->25338K(420864K), 0.0037414 secs] [Times: user=0.01 sys=0.00, real=0.00 secs] 
2019-01-01T08:33:18.210+0900: 55844.709: [GC (Allocation Failure) [PSYoungGen: 65408K->544K(65536K)] 89850K->24986K(420864K), 0.0032021 secs] [Times: user=0.01 sys=0.00, real=0.00 secs] 
2019-01-01T08:34:13.542+0900: 55900.041: [GC (Allocation Failure) [PSYoungGen: 65056K->416K(65536K)] 89498K->24866K(420864K), 0.0029102 secs] [Times: user=0.01 sys=0.00, real=0.01 secs] 
2019-01-01T08:35:07.639+0900: 55954.138: [GC (Allocation Failure) [PSYoungGen: 64928K->384K(65536K)] 89378K->24834K(420864K), 0.0026536 secs] [Times: user=0.01 sys=0.00, real=0.00 secs] 
2019-01-01T08:36:01.578+0900: 56008.077: [GC (Allocation Failure) [PSYoungGen: 64896K->448K(65536K)] 89346K->24898K(420864K), 0.0027995 secs] [Times: user=0.01 sys=0.00, real=0.00 secs] 
2019-01-01T08:36:53.386+0900: 56059.885: [GC (Allocation Failure) [PSYoungGen: 64960K->512K(65536K)] 89410K->24962K(420864K), 0.0031666 secs] [Times: user=0.01 sys=0.00, real=0.00 secs] 
2019-01-01T08:37:47.257+0900: 56113.756: [GC (Allocation Failure) [PSYoungGen: 65024K->448K(65536K)] 89474K->24898K(420864K), 0.0031984 secs] [Times: user=0.01 sys=0.00, real=0.00 secs] 
2019-01-01T08:38:41.351+0900: 56167.850: [GC (Allocation Failure) [PSYoungGen: 64960K->448K(65536K)] 89410K->24898K(420864K), 0.0031803 secs] [Times: user=0.01 sys=0.00, real=0.01 secs] 
2019-01-01T08:39:36.922+0900: 56223.421: [GC (Allocation Failure) [PSYoungGen: 64960K->384K(65536K)] 89410K->24834K(420864K), 0.0031411 secs] [Times: user=0.01 sys=0.00, real=0.01 secs] 
2019-01-01T08:40:32.457+0900: 56278.956: [GC (Allocation Failure) [PSYoungGen: 64896K->416K(65536K)] 89346K->24866K(420864K), 0.0030622 secs] [Times: user=0.01 sys=0.00, real=0.00 secs] 
2019-01-01T08:41:26.106+0900: 56332.605: [GC (Allocation Failure) [PSYoungGen: 64928K->416K(65536K)] 89378K->24866K(420864K), 0.0030914 secs] [Times: user=0.01 sys=0.00, real=0.00 secs] 
2019-01-01T08:42:24.159+0900: 56390.658: [GC (Allocation Failure) [PSYoungGen: 64928K->288K(65536K)] 89378K->24738K(420864K), 0.0030585 secs] [Times: user=0.01 sys=0.00, real=0.00 secs] 
2019-01-01T08:43:15.540+0900: 56442.039: [GC (Allocation Failure) [PSYoungGen: 64800K->512K(65536K)] 89250K->24962K(420864K), 0.0031234 secs] [Times: user=0.01 sys=0.00, real=0.00 secs] 
2019-01-01T08:44:09.749+0900: 56496.248: [GC (Allocation Failure) [PSYoungGen: 65024K->448K(65536K)] 89474K->24898K(420864K), 0.0028511 secs] [Times: user=0.01 sys=0.00, real=0.00 secs] 
2019-01-01T08:45:05.168+0900: 56551.667: [GC (Allocation Failure) [PSYoungGen: 64960K->416K(65536K)] 89410K->24866K(420864K), 0.0027087 secs] [Times: user=0.01 sys=0.00, real=0.00 secs] 
2019-01-01T08:46:01.184+0900: 56607.683: [GC (Allocation Failure) [PSYoungGen: 64928K->416K(65536K)] 89378K->24874K(420864K), 0.0029470 secs] [Times: user=0.01 sys=0.00, real=0.00 secs] 
2019-01-01T08:46:53.391+0900: 56659.890: [GC (Allocation Failure) [PSYoungGen: 64928K->416K(65536K)] 89386K->24890K(420864K), 0.0031249 secs] [Times: user=0.01 sys=0.00, real=0.01 secs] 
2019-01-01T08:47:44.994+0900: 56711.493: [GC (Allocation Failure) [PSYoungGen: 64928K->512K(65536K)] 89402K->24986K(420864K), 0.0031887 secs] [Times: user=0.02 sys=0.00, real=0.00 secs] 
2019-01-01T08:48:41.216+0900: 56767.715: [GC (Allocation Failure) [PSYoungGen: 65024K->352K(65536K)] 89498K->24826K(420864K), 0.0029362 secs] [Times: user=0.01 sys=0.00, real=0.00 secs] 
2019-01-01T08:49:35.205+0900: 56821.704: [GC (Allocation Failure) [PSYoungGen: 64864K->448K(65536K)] 89338K->24922K(420864K), 0.0031695 secs] [Times: user=0.02 sys=0.00, real=0.00 secs] 
2019-01-01T08:50:29.232+0900: 56875.731: [GC (Allocation Failure) [PSYoungGen: 64960K->352K(65536K)] 89434K->24834K(420864K), 0.0029743 secs] [Times: user=0.01 sys=0.00, real=0.01 secs] 
2019-01-01T08:51:24.585+0900: 56931.084: [GC (Allocation Failure) [PSYoungGen: 64864K->352K(65536K)] 89346K->24834K(420864K), 0.0028044 secs] [Times: user=0.02 sys=0.00, real=0.00 secs] 
2019-01-01T08:52:21.783+0900: 56988.282: [GC (Allocation Failure) [PSYoungGen: 64801K->352K(65536K)] 89284K->24834K(420864K), 0.0030070 secs] [Times: user=0.01 sys=0.00, real=0.01 secs] 
2019-01-01T08:53:13.941+0900: 57040.440: [GC (Allocation Failure) [PSYoungGen: 64864K->480K(65536K)] 89346K->24962K(420864K), 0.0029424 secs] [Times: user=0.01 sys=0.00, real=0.01 secs] 
2019-01-01T08:54:08.099+0900: 57094.598: [GC (Allocation Failure) [PSYoungGen: 64992K->416K(65536K)] 89474K->24898K(420864K), 0.0030911 secs] [Times: user=0.01 sys=0.00, real=0.00 secs] 
2019-01-01T08:54:58.220+0900: 57144.719: [GC (Allocation Failure) [PSYoungGen: 64928K->544K(65536K)] 89410K->25074K(420864K), 0.0033319 secs] [Times: user=0.01 sys=0.00, real=0.00 secs] 
2019-01-01T08:55:53.794+0900: 57200.293: [GC (Allocation Failure) [PSYoungGen: 65056K->384K(65536K)] 89586K->24914K(420864K), 0.0026667 secs] [Times: user=0.01 sys=0.00, real=0.01 secs] 
2019-01-01T08:56:47.715+0900: 57254.214: [GC (Allocation Failure) [PSYoungGen: 64896K->480K(65536K)] 89426K->25010K(420864K), 0.0030091 secs] [Times: user=0.01 sys=0.00, real=0.00 secs] 
2019-01-01T08:57:43.583+0900: 57310.082: [GC (Allocation Failure) [PSYoungGen: 64992K->384K(65536K)] 89522K->24914K(420864K), 0.0027294 secs] [Times: user=0.01 sys=0.00, real=0.01 secs] 
2019-01-01T08:58:35.413+0900: 57361.912: [GC (Allocation Failure) [PSYoungGen: 64896K->480K(65536K)] 89426K->25010K(420864K), 0.0030414 secs] [Times: user=0.01 sys=0.00, real=0.01 secs] 
2019-01-01T08:59:29.171+0900: 57415.670: [GC (Allocation Failure) [PSYoungGen: 64992K->416K(65536K)] 89522K->24946K(420864K), 0.0032119 secs] [Times: user=0.01 sys=0.00, real=0.01 secs] 
2019-01-01T09:00:20.891+0900: 57467.390: [GC (Allocation Failure) [PSYoungGen: 64928K->448K(65536K)] 89458K->24986K(420864K), 0.0031765 secs] [Times: user=0.01 sys=0.00, real=0.01 secs] 
2019-01-01T09:01:18.437+0900: 57524.936: [GC (Allocation Failure) [PSYoungGen: 64960K->352K(65536K)] 89498K->24890K(420864K), 0.0028653 secs] [Times: user=0.01 sys=0.00, real=0.00 secs] 
2019-01-01T09:02:08.638+0900: 57575.137: [GC (Allocation Failure) [PSYoungGen: 64864K->576K(65536K)] 89402K->25114K(420864K), 0.0034452 secs] [Times: user=0.01 sys=0.00, real=0.00 secs] 
2019-01-01T09:02:37.011+0900: 57603.510: [GC (Allocation Failure) [PSYoungGen: 65088K->960K(65536K)] 89626K->25498K(420864K), 0.0039950 secs] [Times: user=0.00 sys=0.01, real=0.01 secs] 
2019-01-01T09:03:16.961+0900: 57643.460: [GC (Allocation Failure) [PSYoungGen: 65472K->864K(65536K)] 90010K->25402K(420864K), 0.0037522 secs] [Times: user=0.02 sys=0.00, real=0.01 secs] 
2019-01-01T09:04:14.469+0900: 57700.968: [GC (Allocation Failure) [PSYoungGen: 65376K->416K(65536K)] 89914K->24954K(420864K), 0.0028348 secs] [Times: user=0.01 sys=0.00, real=0.00 secs] 
2019-01-01T09:05:10.498+0900: 57756.997: [GC (Allocation Failure) [PSYoungGen: 64928K->320K(65536K)] 89466K->24858K(420864K), 0.0028324 secs] [Times: user=0.01 sys=0.00, real=0.00 secs] 
2019-01-01T09:06:04.374+0900: 57810.873: [GC (Allocation Failure) [PSYoungGen: 64832K->384K(65536K)] 89370K->24922K(420864K), 0.0028635 secs] [Times: user=0.01 sys=0.00, real=0.00 secs] 
2019-01-01T09:07:00.130+0900: 57866.629: [GC (Allocation Failure) [PSYoungGen: 64896K->416K(65536K)] 89434K->24954K(420864K), 0.0029934 secs] [Times: user=0.01 sys=0.00, real=0.00 secs] 
2019-01-01T09:07:52.339+0900: 57918.838: [GC (Allocation Failure) [PSYoungGen: 64928K->480K(65536K)] 89466K->25018K(420864K), 0.0029820 secs] [Times: user=0.00 sys=0.00, real=0.00 secs] 
2019-01-01T09:08:46.203+0900: 57972.702: [GC (Allocation Failure) [PSYoungGen: 64992K->480K(65536K)] 89530K->25018K(420864K), 0.0030911 secs] [Times: user=0.01 sys=0.00, real=0.01 secs] 
2019-01-01T09:09:38.154+0900: 58024.653: [GC (Allocation Failure) [PSYoungGen: 64992K->480K(65536K)] 89530K->25018K(420864K), 0.0034010 secs] [Times: user=0.01 sys=0.00, real=0.01 secs] 
2019-01-01T09:10:31.967+0900: 58078.466: [GC (Allocation Failure) [PSYoungGen: 64992K->448K(65536K)] 89530K->24986K(420864K), 0.0029738 secs] [Times: user=0.01 sys=0.00, real=0.00 secs] 
2019-01-01T09:11:26.102+0900: 58132.601: [GC (Allocation Failure) [PSYoungGen: 64960K->448K(65536K)] 89498K->24986K(420864K), 0.0031191 secs] [Times: user=0.01 sys=0.01, real=0.01 secs] 
2019-01-01T09:12:23.709+0900: 58190.208: [GC (Allocation Failure) [PSYoungGen: 64960K->384K(65536K)] 89498K->24922K(420864K), 0.0028510 secs] [Times: user=0.02 sys=0.00, real=0.00 secs] 
2019-01-01T09:13:21.143+0900: 58247.642: [GC (Allocation Failure) [PSYoungGen: 64896K->352K(65536K)] 89434K->24890K(420864K), 0.0031861 secs] [Times: user=0.01 sys=0.01, real=0.01 secs] 
2019-01-01T09:14:12.897+0900: 58299.396: [GC (Allocation Failure) [PSYoungGen: 64864K->416K(65536K)] 89402K->24954K(420864K), 0.0030821 secs] [Times: user=0.01 sys=0.00, real=0.00 secs] 
2019-01-01T09:15:04.078+0900: 58350.577: [GC (Allocation Failure) [PSYoungGen: 64928K->480K(65536K)] 89466K->25018K(420864K), 0.0031114 secs] [Times: user=0.01 sys=0.00, real=0.00 secs] 
2019-01-01T09:15:54.223+0900: 58400.722: [GC (Allocation Failure) [PSYoungGen: 64992K->544K(65536K)] 89530K->25114K(420864K), 0.0032012 secs] [Times: user=0.01 sys=0.00, real=0.01 secs] 
2019-01-01T09:16:50.443+0900: 58456.942: [GC (Allocation Failure) [PSYoungGen: 65056K->352K(65536K)] 89626K->24930K(420864K), 0.0033161 secs] [Times: user=0.01 sys=0.00, real=0.01 secs] 
2019-01-01T09:17:48.681+0900: 58515.180: [GC (Allocation Failure) [PSYoungGen: 64864K->384K(65536K)] 89442K->24962K(420864K), 0.0029359 secs] [Times: user=0.01 sys=0.00, real=0.01 secs] 
2019-01-01T09:18:46.237+0900: 58572.736: [GC (Allocation Failure) [PSYoungGen: 64896K->352K(65536K)] 89474K->24954K(420864K), 0.0030758 secs] [Times: user=0.02 sys=0.00, real=0.00 secs] 
2019-01-01T09:19:44.068+0900: 58630.567: [GC (Allocation Failure) [PSYoungGen: 64864K->384K(65536K)] 89466K->24986K(420864K), 0.0030296 secs] [Times: user=0.01 sys=0.00, real=0.00 secs] 
2019-01-01T09:20:41.705+0900: 58688.204: [GC (Allocation Failure) [PSYoungGen: 64896K->352K(65536K)] 89498K->24954K(420864K), 0.0025833 secs] [Times: user=0.01 sys=0.00, real=0.00 secs] 
2019-01-01T09:21:39.621+0900: 58746.120: [GC (Allocation Failure) [PSYoungGen: 64864K->352K(65536K)] 89466K->24954K(420864K), 0.0029800 secs] [Times: user=0.01 sys=0.00, real=0.01 secs] 
2019-01-01T09:22:37.805+0900: 58804.304: [GC (Allocation Failure) [PSYoungGen: 64864K->320K(65536K)] 89466K->24938K(420864K), 0.0031423 secs] [Times: user=0.01 sys=0.00, real=0.00 secs] 
2019-01-01T09:23:33.701+0900: 58860.201: [GC (Allocation Failure) [PSYoungGen: 64832K->416K(65536K)] 89450K->25082K(420864K), 0.0029974 secs] [Times: user=0.01 sys=0.00, real=0.01 secs] 
2019-01-01T09:24:29.280+0900: 58915.779: [GC (Allocation Failure) [PSYoungGen: 64928K->384K(65536K)] 89594K->25050K(420864K), 0.0031080 secs] [Times: user=0.00 sys=0.00, real=0.00 secs] 
2019-01-01T09:25:22.650+0900: 58969.149: [GC (Allocation Failure) [PSYoungGen: 64896K->416K(65536K)] 89562K->25082K(420864K), 0.0030358 secs] [Times: user=0.01 sys=0.00, real=0.00 secs] 
2019-01-01T09:26:20.322+0900: 59026.821: [GC (Allocation Failure) [PSYoungGen: 64928K->320K(65536K)] 89594K->24986K(420864K), 0.0029249 secs] [Times: user=0.01 sys=0.00, real=0.01 secs] 
2019-01-01T09:27:17.925+0900: 59084.424: [GC (Allocation Failure) [PSYoungGen: 64832K->352K(65536K)] 89498K->25018K(420864K), 0.0028899 secs] [Times: user=0.02 sys=0.00, real=0.00 secs] 
2019-01-01T09:28:14.132+0900: 59140.631: [GC (Allocation Failure) [PSYoungGen: 64864K->384K(65536K)] 89530K->25050K(420864K), 0.0031659 secs] [Times: user=0.01 sys=0.00, real=0.01 secs] 
2019-01-01T09:29:05.926+0900: 59192.425: [GC (Allocation Failure) [PSYoungGen: 64896K->448K(65536K)] 89562K->25114K(420864K), 0.0028622 secs] [Times: user=0.01 sys=0.00, real=0.00 secs] 
2019-01-01T09:29:59.493+0900: 59245.992: [GC (Allocation Failure) [PSYoungGen: 64960K->416K(65536K)] 89626K->25098K(420864K), 0.0029841 secs] [Times: user=0.01 sys=0.00, real=0.01 secs] 
2019-01-01T09:30:45.484+0900: 59291.983: [GC (Allocation Failure) [PSYoungGen: 64928K->640K(65536K)] 89610K->25322K(420864K), 0.0032748 secs] [Times: user=0.01 sys=0.00, real=0.00 secs] 
2019-01-01T09:31:39.307+0900: 59345.806: [GC (Allocation Failure) [PSYoungGen: 65152K->448K(65536K)] 89834K->25130K(420864K), 0.0031517 secs] [Times: user=0.01 sys=0.00, real=0.00 secs] 
2019-01-01T09:32:22.177+0900: 59388.676: [GC (Allocation Failure) [PSYoungGen: 64837K->768K(65536K)] 89519K->25450K(420864K), 0.0033251 secs] [Times: user=0.01 sys=0.00, real=0.00 secs] 
2019-01-01T09:33:01.245+0900: 59427.744: [GC (Allocation Failure) [PSYoungGen: 65280K->768K(65536K)] 89962K->25450K(420864K), 0.0038472 secs] [Times: user=0.01 sys=0.00, real=0.00 secs] 
2019-01-01T09:33:46.956+0900: 59473.455: [GC (Allocation Failure) [PSYoungGen: 65280K->640K(65536K)] 89962K->25322K(420864K), 0.0032650 secs] [Times: user=0.01 sys=0.00, real=0.00 secs] 
2019-01-01T09:34:42.646+0900: 59529.145: [GC (Allocation Failure) [PSYoungGen: 65152K->416K(65536K)] 89834K->25098K(420864K), 0.0030984 secs] [Times: user=0.01 sys=0.00, real=0.00 secs] 
2019-01-01T09:35:40.556+0900: 59587.055: [GC (Allocation Failure) [PSYoungGen: 64928K->384K(65536K)] 89610K->25066K(420864K), 0.0025109 secs] [Times: user=0.01 sys=0.00, real=0.00 secs] 
2019-01-01T09:36:38.579+0900: 59645.078: [GC (Allocation Failure) [PSYoungGen: 64896K->384K(65536K)] 89578K->25066K(420864K), 0.0029647 secs] [Times: user=0.01 sys=0.00, real=0.00 secs] 
2019-01-01T09:37:36.321+0900: 59702.820: [GC (Allocation Failure) [PSYoungGen: 64896K->320K(65536K)] 89578K->25002K(420864K), 0.0029668 secs] [Times: user=0.01 sys=0.00, real=0.01 secs] 
2019-01-01T09:38:26.539+0900: 59753.038: [GC (Allocation Failure) [PSYoungGen: 64832K->512K(65536K)] 89514K->25210K(420864K), 0.0032991 secs] [Times: user=0.02 sys=0.00, real=0.00 secs] 
2019-01-01T09:39:22.328+0900: 59808.827: [GC (Allocation Failure) [PSYoungGen: 65024K->480K(65536K)] 89722K->25178K(420864K), 0.0030128 secs] [Times: user=0.01 sys=0.00, real=0.00 secs] 
2019-01-01T09:40:13.961+0900: 59860.460: [GC (Allocation Failure) [PSYoungGen: 64992K->480K(65536K)] 89690K->25178K(420864K), 0.0032944 secs] [Times: user=0.01 sys=0.01, real=0.01 secs] 
2019-01-01T09:41:11.718+0900: 59918.217: [GC (Allocation Failure) [PSYoungGen: 64992K->352K(65536K)] 89690K->25050K(420864K), 0.0031430 secs] [Times: user=0.01 sys=0.00, real=0.00 secs] 
2019-01-01T09:42:09.411+0900: 59975.910: [GC (Allocation Failure) [PSYoungGen: 64864K->384K(65536K)] 89562K->25098K(420864K), 0.0031443 secs] [Times: user=0.01 sys=0.00, real=0.01 secs] 
2019-01-01T09:43:07.509+0900: 60034.008: [GC (Allocation Failure) [PSYoungGen: 64896K->352K(65536K)] 89610K->25074K(420864K), 0.0030770 secs] [Times: user=0.01 sys=0.00, real=0.00 secs] 
2019-01-01T09:44:05.247+0900: 60091.746: [GC (Allocation Failure) [PSYoungGen: 64864K->384K(65536K)] 89586K->25106K(420864K), 0.0027252 secs] [Times: user=0.01 sys=0.00, real=0.00 secs] 
2019-01-01T09:44:59.074+0900: 60145.573: [GC (Allocation Failure) [PSYoungGen: 64896K->448K(65536K)] 89618K->25170K(420864K), 0.0032738 secs] [Times: user=0.02 sys=0.00, real=0.00 secs] 
2019-01-01T09:45:52.785+0900: 60199.284: [GC (Allocation Failure) [PSYoungGen: 64960K->416K(65536K)] 89682K->25162K(420864K), 0.0031147 secs] [Times: user=0.01 sys=0.00, real=0.00 secs] 
2019-01-01T09:46:46.493+0900: 60252.992: [GC (Allocation Failure) [PSYoungGen: 64928K->320K(65536K)] 89674K->25066K(420864K), 0.0031860 secs] [Times: user=0.01 sys=0.01, real=0.01 secs] 
2019-01-01T09:47:44.296+0900: 60310.795: [GC (Allocation Failure) [PSYoungGen: 64832K->320K(65536K)] 89578K->25066K(420864K), 0.0028265 secs] [Times: user=0.01 sys=0.00, real=0.00 secs] 
2019-01-01T09:48:34.308+0900: 60360.807: [GC (Allocation Failure) [PSYoungGen: 64832K->480K(65536K)] 89578K->25226K(420864K), 0.0027600 secs] [Times: user=0.01 sys=0.00, real=0.00 secs] 
2019-01-01T09:49:32.176+0900: 60418.675: [GC (Allocation Failure) [PSYoungGen: 64992K->288K(65536K)] 89738K->25034K(420864K), 0.0031079 secs] [Times: user=0.01 sys=0.00, real=0.00 secs] 
2019-01-01T09:50:25.897+0900: 60472.396: [GC (Allocation Failure) [PSYoungGen: 64800K->416K(65536K)] 89546K->25162K(420864K), 0.0031906 secs] [Times: user=0.01 sys=0.00, real=0.00 secs] 
2019-01-01T09:51:19.551+0900: 60526.050: [GC (Allocation Failure) [PSYoungGen: 64928K->384K(65536K)] 89674K->25130K(420864K), 0.0030600 secs] [Times: user=0.01 sys=0.00, real=0.01 secs] 
2019-01-01T09:52:17.355+0900: 60583.854: [GC (Allocation Failure) [PSYoungGen: 64896K->352K(65536K)] 89642K->25106K(420864K), 0.0028666 secs] [Times: user=0.02 sys=0.00, real=0.00 secs] 
2019-01-01T09:53:15.226+0900: 60641.725: [GC (Allocation Failure) [PSYoungGen: 64864K->352K(65536K)] 89618K->25106K(420864K), 0.0029068 secs] [Times: user=0.01 sys=0.00, real=0.00 secs] 
2019-01-01T09:54:13.237+0900: 60699.736: [GC (Allocation Failure) [PSYoungGen: 64864K->352K(65536K)] 89618K->25122K(420864K), 0.0025851 secs] [Times: user=0.01 sys=0.00, real=0.00 secs] 
2019-01-01T09:55:11.347+0900: 60757.846: [GC (Allocation Failure) [PSYoungGen: 64864K->384K(65536K)] 89634K->25154K(420864K), 0.0029596 secs] [Times: user=0.01 sys=0.00, real=0.00 secs] 
2019-01-01T09:56:04.956+0900: 60811.455: [GC (Allocation Failure) [PSYoungGen: 64896K->384K(65536K)] 89666K->25154K(420864K), 0.0032110 secs] [Times: user=0.01 sys=0.00, real=0.00 secs] 
2019-01-01T09:57:02.614+0900: 60869.113: [GC (Allocation Failure) [PSYoungGen: 64896K->352K(65536K)] 89666K->25122K(420864K), 0.0029402 secs] [Times: user=0.01 sys=0.00, real=0.00 secs] 
2019-01-01T09:58:00.270+0900: 60926.769: [GC (Allocation Failure) [PSYoungGen: 64864K->384K(65536K)] 89634K->25154K(420864K), 0.0028152 secs] [Times: user=0.02 sys=0.00, real=0.00 secs] 
2019-01-01T09:58:57.673+0900: 60984.172: [GC (Allocation Failure) [PSYoungGen: 64896K->320K(65536K)] 89666K->25090K(420864K), 0.0029155 secs] [Times: user=0.01 sys=0.00, real=0.01 secs] 
2019-01-01T09:59:55.555+0900: 61042.054: [GC (Allocation Failure) [PSYoungGen: 64832K->320K(65024K)] 89602K->25090K(420352K), 0.0029799 secs] [Times: user=0.01 sys=0.00, real=0.00 secs] 
2019-01-01T10:00:53.779+0900: 61100.278: [GC (Allocation Failure) [PSYoungGen: 64832K->384K(65024K)] 89602K->25186K(420352K), 0.0029937 secs] [Times: user=0.01 sys=0.00, real=0.00 secs] 
2019-01-01T10:01:51.325+0900: 61157.824: [GC (Allocation Failure) [PSYoungGen: 64896K->288K(65024K)] 89698K->25090K(420352K), 0.0029541 secs] [Times: user=0.01 sys=0.00, real=0.00 secs] 
2019-01-01T10:02:25.142+0900: 61191.641: [GC (Allocation Failure) [PSYoungGen: 64800K->512K(65024K)] 89602K->25658K(420352K), 0.0037615 secs] [Times: user=0.02 sys=0.00, real=0.01 secs] 
2019-01-01T10:03:22.115+0900: 61248.614: [GC (Allocation Failure) [PSYoungGen: 65024K->416K(65536K)] 90170K->25562K(420864K), 0.0027640 secs] [Times: user=0.01 sys=0.00, real=0.00 secs] 
2019-01-01T10:04:09.547+0900: 61296.046: [GC (Allocation Failure) [PSYoungGen: 64928K->576K(65536K)] 90074K->25722K(420864K), 0.0033215 secs] [Times: user=0.01 sys=0.00, real=0.00 secs] 
2019-01-01T10:05:07.777+0900: 61354.276: [GC (Allocation Failure) [PSYoungGen: 65088K->224K(65536K)] 90234K->25378K(420864K), 0.0031269 secs] [Times: user=0.01 sys=0.00, real=0.00 secs] 
2019-01-01T10:06:05.385+0900: 61411.884: [GC (Allocation Failure) [PSYoungGen: 64736K->352K(65536K)] 89890K->25506K(420864K), 0.0025372 secs] [Times: user=0.01 sys=0.00, real=0.00 secs] 
2019-01-01T10:07:03.290+0900: 61469.789: [GC (Allocation Failure) [PSYoungGen: 64864K->352K(65536K)] 90018K->25506K(420864K), 0.0027968 secs] [Times: user=0.01 sys=0.00, real=0.00 secs] 
2019-01-01T10:08:01.239+0900: 61527.738: [GC (Allocation Failure) [PSYoungGen: 64864K->384K(65536K)] 90018K->25538K(420864K), 0.0029130 secs] [Times: user=0.01 sys=0.00, real=0.00 secs] 
2019-01-01T10:08:58.793+0900: 61585.292: [GC (Allocation Failure) [PSYoungGen: 64896K->320K(65536K)] 90050K->25474K(420864K), 0.0029634 secs] [Times: user=0.01 sys=0.00, real=0.01 secs] 
2019-01-01T10:09:56.617+0900: 61643.116: [GC (Allocation Failure) [PSYoungGen: 64832K->320K(65536K)] 89986K->25474K(420864K), 0.0030538 secs] [Times: user=0.01 sys=0.00, real=0.00 secs] 
2019-01-01T10:10:54.622+0900: 61701.121: [GC (Allocation Failure) [PSYoungGen: 64832K->288K(65536K)] 89986K->25442K(420864K), 0.0026094 secs] [Times: user=0.01 sys=0.00, real=0.01 secs] 
2019-01-01T10:11:52.381+0900: 61758.880: [GC (Allocation Failure) [PSYoungGen: 64800K->288K(65536K)] 89954K->25442K(420864K), 0.0029874 secs] [Times: user=0.01 sys=0.00, real=0.01 secs] 
2019-01-01T10:12:50.596+0900: 61817.095: [GC (Allocation Failure) [PSYoungGen: 64800K->320K(65536K)] 89954K->25474K(420864K), 0.0028622 secs] [Times: user=0.01 sys=0.00, real=0.00 secs] 
2019-01-01T10:13:44.286+0900: 61870.785: [GC (Allocation Failure) [PSYoungGen: 64832K->352K(65536K)] 89986K->25506K(420864K), 0.0027443 secs] [Times: user=0.01 sys=0.01, real=0.00 secs] 
2019-01-01T10:14:38.133+0900: 61924.632: [GC (Allocation Failure) [PSYoungGen: 64864K->416K(65536K)] 90018K->25570K(420864K), 0.0029535 secs] [Times: user=0.01 sys=0.00, real=0.01 secs] 
2019-01-01T10:15:32.342+0900: 61978.841: [GC (Allocation Failure) [PSYoungGen: 64928K->480K(65536K)] 90082K->25634K(420864K), 0.0030844 secs] [Times: user=0.02 sys=0.00, real=0.01 secs] 
2019-01-01T10:16:30.467+0900: 62036.966: [GC (Allocation Failure) [PSYoungGen: 64992K->384K(65536K)] 90146K->25594K(420864K), 0.0029075 secs] [Times: user=0.01 sys=0.00, real=0.00 secs] 
2019-01-01T10:17:24.275+0900: 62090.774: [GC (Allocation Failure) [PSYoungGen: 64896K->448K(65536K)] 90106K->25714K(420864K), 0.0032383 secs] [Times: user=0.01 sys=0.00, real=0.00 secs] 
2019-01-01T10:18:17.661+0900: 62144.160: [GC (Allocation Failure) [PSYoungGen: 64960K->480K(65536K)] 90226K->25746K(420864K), 0.0029355 secs] [Times: user=0.01 sys=0.00, real=0.01 secs] 
2019-01-01T10:19:09.511+0900: 62196.010: [GC (Allocation Failure) [PSYoungGen: 64992K->480K(65536K)] 90258K->25746K(420864K), 0.0027342 secs] [Times: user=0.01 sys=0.00, real=0.01 secs] 
2019-01-01T10:20:05.341+0900: 62251.841: [GC (Allocation Failure) [PSYoungGen: 64992K->384K(65536K)] 90258K->25650K(420864K), 0.0028230 secs] [Times: user=0.01 sys=0.00, real=0.01 secs] 
2019-01-01T10:20:57.639+0900: 62304.138: [GC (Allocation Failure) [PSYoungGen: 64896K->512K(65536K)] 90162K->25778K(420864K), 0.0031220 secs] [Times: user=0.01 sys=0.00, real=0.00 secs] 
2019-01-01T10:21:53.212+0900: 62359.711: [GC (Allocation Failure) [PSYoungGen: 65024K->448K(65536K)] 90290K->25714K(420864K), 0.0030789 secs] [Times: user=0.01 sys=0.00, real=0.01 secs] 
2019-01-01T10:22:48.940+0900: 62415.439: [GC (Allocation Failure) [PSYoungGen: 64960K->384K(65536K)] 90226K->25650K(420864K), 0.0030977 secs] [Times: user=0.01 sys=0.00, real=0.00 secs] 
2019-01-01T10:23:40.915+0900: 62467.414: [GC (Allocation Failure) [PSYoungGen: 64896K->416K(65536K)] 90162K->25682K(420864K), 0.0029109 secs] [Times: user=0.02 sys=0.00, real=0.00 secs] 
2019-01-01T10:24:34.855+0900: 62521.354: [GC (Allocation Failure) [PSYoungGen: 64928K->416K(65536K)] 90194K->25682K(420864K), 0.0029259 secs] [Times: user=0.01 sys=0.00, real=0.00 secs] 
2019-01-01T10:25:28.824+0900: 62575.323: [GC (Allocation Failure) [PSYoungGen: 64928K->448K(65536K)] 90194K->25714K(420864K), 0.0029766 secs] [Times: user=0.01 sys=0.00, real=0.00 secs] 
2019-01-01T10:26:26.799+0900: 62633.298: [GC (Allocation Failure) [PSYoungGen: 64960K->288K(65536K)] 90226K->25554K(420864K), 0.0025154 secs] [Times: user=0.01 sys=0.00, real=0.00 secs] 
2019-01-01T10:27:20.188+0900: 62686.687: [GC (Allocation Failure) [PSYoungGen: 64800K->448K(65536K)] 90066K->25714K(420864K), 0.0030624 secs] [Times: user=0.01 sys=0.00, real=0.00 secs] 
2019-01-01T10:28:18.196+0900: 62744.695: [GC (Allocation Failure) [PSYoungGen: 64960K->320K(65536K)] 90226K->25586K(420864K), 0.0029405 secs] [Times: user=0.01 sys=0.00, real=0.00 secs] 
2019-01-01T10:29:15.508+0900: 62802.007: [GC (Allocation Failure) [PSYoungGen: 64832K->320K(65536K)] 90098K->25586K(420864K), 0.0026774 secs] [Times: user=0.01 sys=0.00, real=0.00 secs] 
2019-01-01T10:30:11.668+0900: 62858.167: [GC (Allocation Failure) [PSYoungGen: 64832K->352K(65536K)] 90098K->25618K(420864K), 0.0026572 secs] [Times: user=0.01 sys=0.00, real=0.00 secs] 
2019-01-01T10:31:07.860+0900: 62914.360: [GC (Allocation Failure) [PSYoungGen: 64864K->416K(65536K)] 90130K->25682K(420864K), 0.0025481 secs] [Times: user=0.01 sys=0.00, real=0.00 secs] 
2019-01-01T10:32:02.378+0900: 62968.877: [GC (Allocation Failure) [PSYoungGen: 64927K->544K(65536K)] 90194K->25810K(420864K), 0.0029207 secs] [Times: user=0.01 sys=0.00, real=0.00 secs] 
2019-01-01T10:32:35.264+0900: 63001.764: [GC (Allocation Failure) [PSYoungGen: 65056K->896K(65536K)] 90322K->26162K(420864K), 0.0040196 secs] [Times: user=0.01 sys=0.00, real=0.00 secs] 
2019-01-01T10:33:21.450+0900: 63047.949: [GC (Allocation Failure) [PSYoungGen: 65408K->608K(65536K)] 90674K->25874K(420864K), 0.0029536 secs] [Times: user=0.01 sys=0.00, real=0.00 secs] 
2019-01-01T10:34:11.457+0900: 63097.956: [GC (Allocation Failure) [PSYoungGen: 65120K->576K(65536K)] 90386K->25858K(420864K), 0.0030010 secs] [Times: user=0.01 sys=0.00, real=0.00 secs] 
2019-01-01T10:35:08.873+0900: 63155.372: [GC (Allocation Failure) [PSYoungGen: 65088K->320K(65536K)] 90370K->25602K(420864K), 0.0026477 secs] [Times: user=0.02 sys=0.00, real=0.01 secs] 
2019-01-01T10:36:02.930+0900: 63209.429: [GC (Allocation Failure) [PSYoungGen: 64832K->384K(65536K)] 90114K->25674K(420864K), 0.0027311 secs] [Times: user=0.01 sys=0.00, real=0.00 secs] 
2019-01-01T10:37:00.635+0900: 63267.134: [GC (Allocation Failure) [PSYoungGen: 64896K->256K(65536K)] 90186K->25546K(420864K), 0.0031899 secs] [Times: user=0.01 sys=0.00, real=0.00 secs] 
2019-01-01T10:37:56.190+0900: 63322.689: [GC (Allocation Failure) [PSYoungGen: 64768K->416K(65536K)] 90058K->25714K(420864K), 0.0033258 secs] [Times: user=0.02 sys=0.00, real=0.00 secs] 
2019-01-01T10:38:51.291+0900: 63377.790: [GC (Allocation Failure) [PSYoungGen: 64908K->416K(65536K)] 90207K->25714K(420864K), 0.0031041 secs] [Times: user=0.01 sys=0.01, real=0.01 secs] 
2019-01-01T10:39:45.089+0900: 63431.588: [GC (Allocation Failure) [PSYoungGen: 64928K->320K(65536K)] 90226K->25618K(420864K), 0.0031281 secs] [Times: user=0.01 sys=0.00, real=0.00 secs] 
2019-01-01T10:40:43.128+0900: 63489.627: [GC (Allocation Failure) [PSYoungGen: 64832K->384K(65536K)] 90130K->25682K(420864K), 0.0030402 secs] [Times: user=0.02 sys=0.00, real=0.00 secs] 
2019-01-01T10:41:40.812+0900: 63547.311: [GC (Allocation Failure) [PSYoungGen: 64896K->352K(65536K)] 90194K->25650K(420864K), 0.0032443 secs] [Times: user=0.01 sys=0.00, real=0.01 secs] 
2019-01-01T10:42:37.313+0900: 63603.812: [GC (Allocation Failure) [PSYoungGen: 64864K->384K(65536K)] 90162K->25682K(420864K), 0.0029619 secs] [Times: user=0.01 sys=0.00, real=0.01 secs] 
2019-01-01T10:43:30.337+0900: 63656.836: [GC (Allocation Failure) [PSYoungGen: 64896K->512K(65536K)] 90194K->25810K(420864K), 0.0029631 secs] [Times: user=0.01 sys=0.00, real=0.00 secs] 
2019-01-01T10:44:28.177+0900: 63714.676: [GC (Allocation Failure) [PSYoungGen: 65024K->288K(65536K)] 90322K->25586K(420864K), 0.0028671 secs] [Times: user=0.01 sys=0.00, real=0.00 secs] 
2019-01-01T10:45:21.720+0900: 63768.219: [GC (Allocation Failure) [PSYoungGen: 64780K->512K(65536K)] 90078K->25810K(420864K), 0.0028147 secs] [Times: user=0.01 sys=0.00, real=0.00 secs] 
2019-01-01T10:46:15.757+0900: 63822.256: [GC (Allocation Failure) [PSYoungGen: 65024K->480K(65536K)] 90322K->25786K(420864K), 0.0029315 secs] [Times: user=0.01 sys=0.00, real=0.00 secs] 
2019-01-01T10:47:09.688+0900: 63876.187: [GC (Allocation Failure) [PSYoungGen: 64992K->480K(65536K)] 90298K->25786K(420864K), 0.0032519 secs] [Times: user=0.01 sys=0.00, real=0.00 secs] 
2019-01-01T10:48:07.125+0900: 63933.624: [GC (Allocation Failure) [PSYoungGen: 64992K->384K(65536K)] 90298K->25698K(420864K), 0.0029204 secs] [Times: user=0.01 sys=0.00, real=0.00 secs] 
2019-01-01T10:49:01.271+0900: 63987.770: [GC (Allocation Failure) [PSYoungGen: 64896K->480K(65536K)] 90210K->25794K(420864K), 0.0027542 secs] [Times: user=0.02 sys=0.00, real=0.00 secs] 
2019-01-01T10:49:58.595+0900: 64045.094: [GC (Allocation Failure) [PSYoungGen: 64992K->320K(65536K)] 90306K->25642K(420864K), 0.0025016 secs] [Times: user=0.01 sys=0.00, real=0.00 secs] 
2019-01-01T10:50:52.675+0900: 64099.174: [GC (Allocation Failure) [PSYoungGen: 64832K->480K(65536K)] 90154K->25802K(420864K), 0.0030488 secs] [Times: user=0.01 sys=0.00, real=0.00 secs] 
2019-01-01T10:51:50.223+0900: 64156.722: [GC (Allocation Failure) [PSYoungGen: 64992K->352K(65536K)] 90314K->25674K(420864K), 0.0031123 secs] [Times: user=0.01 sys=0.00, real=0.01 secs] 
2019-01-01T10:52:48.378+0900: 64214.877: [GC (Allocation Failure) [PSYoungGen: 64864K->288K(65536K)] 90186K->25618K(420864K), 0.0029414 secs] [Times: user=0.01 sys=0.00, real=0.00 secs] 
2019-01-01T10:53:42.407+0900: 64268.906: [GC (Allocation Failure) [PSYoungGen: 64800K->416K(65536K)] 90130K->25754K(420864K), 0.0030790 secs] [Times: user=0.01 sys=0.00, real=0.00 secs] 
2019-01-01T10:54:36.542+0900: 64323.041: [GC (Allocation Failure) [PSYoungGen: 64928K->448K(65536K)] 90266K->25786K(420864K), 0.0030640 secs] [Times: user=0.01 sys=0.00, real=0.01 secs] 
2019-01-01T10:55:34.775+0900: 64381.274: [GC (Allocation Failure) [PSYoungGen: 64960K->352K(65536K)] 90298K->25690K(420864K), 0.0027841 secs] [Times: user=0.01 sys=0.00, real=0.00 secs] 
2019-01-01T10:56:32.083+0900: 64438.582: [GC (Allocation Failure) [PSYoungGen: 64864K->288K(65536K)] 90202K->25626K(420864K), 0.0026442 secs] [Times: user=0.01 sys=0.00, real=0.01 secs] 
2019-01-01T10:57:30.221+0900: 64496.720: [GC (Allocation Failure) [PSYoungGen: 64800K->352K(65536K)] 90138K->25690K(420864K), 0.0032126 secs] [Times: user=0.01 sys=0.00, real=0.01 secs] 
2019-01-01T10:58:26.283+0900: 64552.782: [GC (Allocation Failure) [PSYoungGen: 64864K->384K(65536K)] 90202K->25722K(420864K), 0.0028728 secs] [Times: user=0.01 sys=0.00, real=0.01 secs] 
2019-01-01T10:59:17.769+0900: 64604.268: [GC (Allocation Failure) [PSYoungGen: 64896K->480K(65536K)] 90234K->25818K(420864K), 0.0032190 secs] [Times: user=0.01 sys=0.00, real=0.00 secs] 
2019-01-01T11:00:15.877+0900: 64662.376: [GC (Allocation Failure) [PSYoungGen: 64992K->384K(65536K)] 90330K->25722K(420864K), 0.0029173 secs] [Times: user=0.01 sys=0.00, real=0.00 secs] 
2019-01-01T11:01:14.060+0900: 64720.559: [GC (Allocation Failure) [PSYoungGen: 64896K->320K(65536K)] 90234K->25658K(420864K), 0.0030604 secs] [Times: user=0.01 sys=0.00, real=0.00 secs] 
2019-01-01T11:02:11.537+0900: 64778.036: [GC (Allocation Failure) [PSYoungGen: 64832K->352K(65536K)] 90170K->25690K(420864K), 0.0027366 secs] [Times: user=0.01 sys=0.00, real=0.00 secs] 
2019-01-01T11:02:46.078+0900: 64812.577: [GC (Allocation Failure) [PSYoungGen: 64864K->864K(65536K)] 90202K->26202K(420864K), 0.0037101 secs] [Times: user=0.01 sys=0.00, real=0.00 secs] 
2019-01-01T11:03:32.201+0900: 64858.700: [GC (Allocation Failure) [PSYoungGen: 65376K->544K(65536K)] 90714K->25882K(420864K), 0.0032509 secs] [Times: user=0.01 sys=0.00, real=0.01 secs] 
2019-01-01T11:04:29.864+0900: 64916.363: [GC (Allocation Failure) [PSYoungGen: 65056K->384K(65536K)] 90394K->25722K(420864K), 0.0033353 secs] [Times: user=0.01 sys=0.00, real=0.00 secs] 
2019-01-01T11:05:27.673+0900: 64974.172: [GC (Allocation Failure) [PSYoungGen: 64896K->256K(65536K)] 90234K->25594K(420864K), 0.0029887 secs] [Times: user=0.01 sys=0.00, real=0.01 secs] 
2019-01-01T11:06:23.658+0900: 65030.157: [GC (Allocation Failure) [PSYoungGen: 64768K->352K(65536K)] 90106K->25690K(420864K), 0.0034190 secs] [Times: user=0.01 sys=0.00, real=0.00 secs] 
2019-01-01T11:07:11.589+0900: 65078.088: [GC (Allocation Failure) [PSYoungGen: 64864K->640K(65536K)] 90202K->25994K(420864K), 0.0033578 secs] [Times: user=0.01 sys=0.00, real=0.00 secs] 
2019-01-01T11:08:09.721+0900: 65136.221: [GC (Allocation Failure) [PSYoungGen: 65152K->288K(65536K)] 90506K->25642K(420864K), 0.0030868 secs] [Times: user=0.01 sys=0.00, real=0.01 secs] 
2019-01-01T11:09:07.953+0900: 65194.452: [GC (Allocation Failure) [PSYoungGen: 64800K->384K(65536K)] 90154K->25738K(420864K), 0.0028947 secs] [Times: user=0.00 sys=0.01, real=0.01 secs] 
2019-01-01T11:10:05.471+0900: 65251.970: [GC (Allocation Failure) [PSYoungGen: 64896K->352K(65536K)] 90250K->25706K(420864K), 0.0029279 secs] [Times: user=0.01 sys=0.00, real=0.01 secs] 
2019-01-01T11:11:03.421+0900: 65309.920: [GC (Allocation Failure) [PSYoungGen: 64864K->384K(65536K)] 90218K->25738K(420864K), 0.0030079 secs] [Times: user=0.01 sys=0.00, real=0.01 secs] 
2019-01-01T11:12:01.604+0900: 65368.103: [GC (Allocation Failure) [PSYoungGen: 64896K->320K(65536K)] 90250K->25674K(420864K), 0.0029320 secs] [Times: user=0.01 sys=0.00, real=0.00 secs] 
2019-01-01T11:12:58.943+0900: 65425.442: [GC (Allocation Failure) [PSYoungGen: 64832K->384K(65536K)] 90186K->25738K(420864K), 0.0029042 secs] [Times: user=0.01 sys=0.00, real=0.01 secs] 
2019-01-01T11:13:53.077+0900: 65479.576: [GC (Allocation Failure) [PSYoungGen: 64896K->480K(65536K)] 90250K->25834K(420864K), 0.0027019 secs] [Times: user=0.01 sys=0.00, real=0.00 secs] 
2019-01-01T11:14:51.304+0900: 65537.803: [GC (Allocation Failure) [PSYoungGen: 64992K->256K(65536K)] 90346K->25610K(420864K), 0.0030406 secs] [Times: user=0.01 sys=0.00, real=0.00 secs] 
2019-01-01T11:15:47.103+0900: 65593.602: [GC (Allocation Failure) [PSYoungGen: 64768K->416K(65536K)] 90122K->25770K(420864K), 0.0026122 secs] [Times: user=0.01 sys=0.00, real=0.01 secs] 
2019-01-01T11:16:42.740+0900: 65649.239: [GC (Allocation Failure) [PSYoungGen: 64928K->416K(65536K)] 90282K->25802K(420864K), 0.0029952 secs] [Times: user=0.01 sys=0.00, real=0.00 secs] 
2019-01-01T11:17:38.030+0900: 65704.529: [GC (Allocation Failure) [PSYoungGen: 64883K->480K(65536K)] 90270K->25866K(420864K), 0.0030048 secs] [Times: user=0.01 sys=0.00, real=0.00 secs] 
2019-01-01T11:18:30.775+0900: 65757.274: [GC (Allocation Failure) [PSYoungGen: 64992K->512K(65536K)] 90378K->25898K(420864K), 0.0032077 secs] [Times: user=0.01 sys=0.00, real=0.00 secs] 
2019-01-01T11:19:28.574+0900: 65815.073: [GC (Allocation Failure) [PSYoungGen: 65024K->384K(65536K)] 90410K->25770K(420864K), 0.0028585 secs] [Times: user=0.01 sys=0.00, real=0.00 secs] 
2019-01-01T11:20:26.324+0900: 65872.823: [GC (Allocation Failure) [PSYoungGen: 64896K->384K(65536K)] 90282K->25770K(420864K), 0.0029445 secs] [Times: user=0.01 sys=0.00, real=0.01 secs] 
2019-01-01T11:21:20.380+0900: 65926.879: [GC (Allocation Failure) [PSYoungGen: 64896K->480K(65536K)] 90282K->25874K(420864K), 0.0028279 secs] [Times: user=0.01 sys=0.00, real=0.00 secs] 
2019-01-01T11:22:18.033+0900: 65984.532: [GC (Allocation Failure) [PSYoungGen: 64992K->384K(65536K)] 90386K->25778K(420864K), 0.0030147 secs] [Times: user=0.01 sys=0.00, real=0.01 secs] 
2019-01-01T11:23:15.598+0900: 66042.097: [GC (Allocation Failure) [PSYoungGen: 64896K->320K(65536K)] 90290K->25714K(420864K), 0.0028954 secs] [Times: user=0.01 sys=0.00, real=0.00 secs] 
2019-01-01T11:24:13.617+0900: 66100.116: [GC (Allocation Failure) [PSYoungGen: 64832K->352K(65536K)] 90226K->25746K(420864K), 0.0029650 secs] [Times: user=0.01 sys=0.00, real=0.00 secs] 
2019-01-01T11:25:03.714+0900: 66150.213: [GC (Allocation Failure) [PSYoungGen: 64864K->576K(65536K)] 90258K->25970K(420864K), 0.0033192 secs] [Times: user=0.01 sys=0.00, real=0.00 secs] 
2019-01-01T11:25:59.693+0900: 66206.192: [GC (Allocation Failure) [PSYoungGen: 65088K->384K(65536K)] 90482K->25778K(420864K), 0.0030286 secs] [Times: user=0.01 sys=0.00, real=0.01 secs] 
2019-01-01T11:26:55.152+0900: 66261.651: [GC (Allocation Failure) [PSYoungGen: 64896K->416K(65536K)] 90290K->25810K(420864K), 0.0027375 secs] [Times: user=0.01 sys=0.00, real=0.01 secs] 
2019-01-01T11:27:49.386+0900: 66315.885: [GC (Allocation Failure) [PSYoungGen: 64928K->352K(65536K)] 90322K->25746K(420864K), 0.0033364 secs] [Times: user=0.01 sys=0.00, real=0.00 secs] 
2019-01-01T11:28:47.369+0900: 66373.868: [GC (Allocation Failure) [PSYoungGen: 64864K->352K(65536K)] 90258K->25746K(420864K), 0.0028371 secs] [Times: user=0.01 sys=0.00, real=0.00 secs] 
2019-01-01T11:29:45.042+0900: 66431.541: [GC (Allocation Failure) [PSYoungGen: 64864K->352K(65536K)] 90258K->25746K(420864K), 0.0033652 secs] [Times: user=0.01 sys=0.00, real=0.01 secs] 
2019-01-01T11:30:42.599+0900: 66489.098: [GC (Allocation Failure) [PSYoungGen: 64864K->352K(65536K)] 90258K->25746K(420864K), 0.0025348 secs] [Times: user=0.02 sys=0.00, real=0.00 secs] 
2019-01-01T11:31:36.425+0900: 66542.924: [GC (Allocation Failure) [PSYoungGen: 64864K->448K(65536K)] 90258K->25842K(420864K), 0.0027762 secs] [Times: user=0.01 sys=0.00, real=0.00 secs] 
2019-01-01T11:32:21.533+0900: 66588.032: [GC (Allocation Failure) [PSYoungGen: 64914K->608K(65536K)] 90309K->26010K(420864K), 0.0033032 secs] [Times: user=0.01 sys=0.00, real=0.01 secs] 
2019-01-01T11:33:04.443+0900: 66630.942: [GC (Allocation Failure) [PSYoungGen: 65120K->672K(65536K)] 90522K->26074K(420864K), 0.0038339 secs] [Times: user=0.02 sys=0.00, real=0.01 secs] 
2019-01-01T11:33:47.764+0900: 66674.263: [GC (Allocation Failure) [PSYoungGen: 65184K->704K(65536K)] 90586K->26106K(420864K), 0.0035799 secs] [Times: user=0.01 sys=0.00, real=0.00 secs] 
2019-01-01T11:34:43.954+0900: 66730.453: [GC (Allocation Failure) [PSYoungGen: 65216K->384K(65536K)] 90618K->25786K(420864K), 0.0029160 secs] [Times: user=0.02 sys=0.00, real=0.00 secs] 
2019-01-01T11:35:41.428+0900: 66787.927: [GC (Allocation Failure) [PSYoungGen: 64896K->320K(65536K)] 90298K->25722K(420864K), 0.0025660 secs] [Times: user=0.01 sys=0.00, real=0.00 secs] 
2019-01-01T11:36:39.376+0900: 66845.875: [GC (Allocation Failure) [PSYoungGen: 64832K->352K(65536K)] 90234K->25754K(420864K), 0.0031641 secs] [Times: user=0.01 sys=0.00, real=0.00 secs] 
2019-01-01T11:37:35.411+0900: 66901.910: [GC (Allocation Failure) [PSYoungGen: 64864K->416K(65536K)] 90266K->25818K(420864K), 0.0031420 secs] [Times: user=0.01 sys=0.00, real=0.01 secs] 
2019-01-01T11:38:31.779+0900: 66958.278: [GC (Allocation Failure) [PSYoungGen: 64928K->384K(65536K)] 90330K->25794K(420864K), 0.0029247 secs] [Times: user=0.01 sys=0.00, real=0.00 secs] 
2019-01-01T11:39:26.602+0900: 67013.101: [GC (Allocation Failure) [PSYoungGen: 64896K->416K(65536K)] 90306K->25826K(420864K), 0.0031680 secs] [Times: user=0.01 sys=0.00, real=0.01 secs] 
2019-01-01T11:40:24.329+0900: 67070.828: [GC (Allocation Failure) [PSYoungGen: 64928K->352K(65536K)] 90338K->25762K(420864K), 0.0028563 secs] [Times: user=0.01 sys=0.00, real=0.00 secs] 
2019-01-01T11:41:18.435+0900: 67124.934: [GC (Allocation Failure) [PSYoungGen: 64864K->384K(65536K)] 90274K->25794K(420864K), 0.0031395 secs] [Times: user=0.01 sys=0.00, real=0.00 secs] 
2019-01-01T11:42:16.177+0900: 67182.676: [GC (Allocation Failure) [PSYoungGen: 64896K->320K(65536K)] 90306K->25730K(420864K), 0.0032473 secs] [Times: user=0.01 sys=0.00, real=0.00 secs] 
2019-01-01T11:43:13.990+0900: 67240.490: [GC (Allocation Failure) [PSYoungGen: 64832K->384K(65536K)] 90242K->25794K(420864K), 0.0025288 secs] [Times: user=0.01 sys=0.00, real=0.00 secs] 
2019-01-01T11:44:11.785+0900: 67298.284: [GC (Allocation Failure) [PSYoungGen: 64896K->384K(65536K)] 90306K->25794K(420864K), 0.0029739 secs] [Times: user=0.01 sys=0.00, real=0.00 secs] 
2019-01-01T11:45:05.590+0900: 67352.089: [GC (Allocation Failure) [PSYoungGen: 64896K->448K(65536K)] 90306K->25858K(420864K), 0.0031067 secs] [Times: user=0.01 sys=0.00, real=0.00 secs] 
2019-01-01T11:46:02.769+0900: 67409.268: [GC (Allocation Failure) [PSYoungGen: 64960K->384K(65536K)] 90370K->25794K(420864K), 0.0025464 secs] [Times: user=0.01 sys=0.00, real=0.00 secs] 
2019-01-01T11:47:00.531+0900: 67467.030: [GC (Allocation Failure) [PSYoungGen: 64896K->320K(65536K)] 90306K->25738K(420864K), 0.0028067 secs] [Times: user=0.01 sys=0.00, real=0.01 secs] 
2019-01-01T11:47:54.788+0900: 67521.287: [GC (Allocation Failure) [PSYoungGen: 64832K->416K(65536K)] 90250K->25834K(420864K), 0.0030484 secs] [Times: user=0.01 sys=0.00, real=0.00 secs] 
2019-01-01T11:48:48.284+0900: 67574.783: [GC (Allocation Failure) [PSYoungGen: 64928K->416K(65536K)] 90346K->25834K(420864K), 0.0030763 secs] [Times: user=0.01 sys=0.00, real=0.01 secs] 
2019-01-01T11:49:44.519+0900: 67631.018: [GC (Allocation Failure) [PSYoungGen: 64928K->384K(65536K)] 90346K->25802K(420864K), 0.0026834 secs] [Times: user=0.01 sys=0.00, real=0.00 secs] 
2019-01-01T11:50:32.565+0900: 67679.064: [GC (Allocation Failure) [PSYoungGen: 64896K->608K(65536K)] 90314K->26026K(420864K), 0.0031894 secs] [Times: user=0.01 sys=0.00, real=0.00 secs] 
2019-01-01T11:51:28.159+0900: 67734.658: [GC (Allocation Failure) [PSYoungGen: 65120K->416K(65536K)] 90538K->25834K(420864K), 0.0026114 secs] [Times: user=0.00 sys=0.00, real=0.00 secs] 
2019-01-01T11:52:14.130+0900: 67780.629: [GC (Allocation Failure) [PSYoungGen: 64928K->608K(65536K)] 90346K->26026K(420864K), 0.0033746 secs] [Times: user=0.01 sys=0.00, real=0.00 secs] 
2019-01-01T11:53:05.814+0900: 67832.313: [GC (Allocation Failure) [PSYoungGen: 65120K->448K(65536K)] 90538K->25866K(420864K), 0.0028713 secs] [Times: user=0.01 sys=0.00, real=0.00 secs] 
2019-01-01T11:53:57.503+0900: 67884.002: [GC (Allocation Failure) [PSYoungGen: 64960K->480K(65536K)] 90378K->25898K(420864K), 0.0030777 secs] [Times: user=0.01 sys=0.00, real=0.01 secs] 
2019-01-01T11:54:53.715+0900: 67940.214: [GC (Allocation Failure) [PSYoungGen: 64992K->384K(65536K)] 90410K->25802K(420864K), 0.0031228 secs] [Times: user=0.01 sys=0.00, real=0.00 secs] 
2019-01-01T11:55:51.248+0900: 67997.747: [GC (Allocation Failure) [PSYoungGen: 64896K->288K(65536K)] 90314K->25706K(420864K), 0.0028939 secs] [Times: user=0.01 sys=0.00, real=0.00 secs] 
2019-01-01T11:56:49.186+0900: 68055.685: [GC (Allocation Failure) [PSYoungGen: 64800K->288K(65536K)] 90218K->25706K(420864K), 0.0028816 secs] [Times: user=0.01 sys=0.00, real=0.00 secs] 
2019-01-01T11:57:43.177+0900: 68109.676: [GC (Allocation Failure) [PSYoungGen: 64800K->384K(65536K)] 90218K->25802K(420864K), 0.0030825 secs] [Times: user=0.01 sys=0.00, real=0.00 secs] 
2019-01-01T11:58:40.599+0900: 68167.099: [GC (Allocation Failure) [PSYoungGen: 64896K->384K(65536K)] 90314K->25802K(420864K), 0.0028744 secs] [Times: user=0.01 sys=0.00, real=0.00 secs] 
2019-01-01T11:59:38.827+0900: 68225.326: [GC (Allocation Failure) [PSYoungGen: 64896K->384K(65536K)] 90314K->25802K(420864K), 0.0029595 secs] [Times: user=0.01 sys=0.00, real=0.00 secs] 
2019-01-01T12:00:33.040+0900: 68279.539: [GC (Allocation Failure) [PSYoungGen: 64896K->384K(65536K)] 90314K->25802K(420864K), 0.0030654 secs] [Times: user=0.01 sys=0.00, real=0.00 secs] 
2019-01-01T12:01:29.067+0900: 68335.566: [GC (Allocation Failure) [PSYoungGen: 64896K->384K(65536K)] 90314K->25802K(420864K), 0.0030493 secs] [Times: user=0.01 sys=0.00, real=0.00 secs] 
2019-01-01T12:02:24.827+0900: 68391.326: [GC (Allocation Failure) [PSYoungGen: 64896K->416K(65536K)] 90314K->25834K(420864K), 0.0029686 secs] [Times: user=0.01 sys=0.00, real=0.00 secs] 
2019-01-01T12:02:58.643+0900: 68425.142: [GC (Allocation Failure) [PSYoungGen: 64928K->864K(65536K)] 90346K->26282K(420864K), 0.0034045 secs] [Times: user=0.01 sys=0.00, real=0.01 secs] 
2019-01-01T12:03:43.074+0900: 68469.573: [GC (Allocation Failure) [PSYoungGen: 65376K->640K(65536K)] 90794K->26066K(420864K), 0.0035929 secs] [Times: user=0.01 sys=0.00, real=0.01 secs] 
2019-01-01T12:04:35.943+0900: 68522.442: [GC (Allocation Failure) [PSYoungGen: 65152K->544K(65536K)] 90578K->25970K(420864K), 0.0030812 secs] [Times: user=0.01 sys=0.00, real=0.01 secs] 
2019-01-01T12:05:32.903+0900: 68579.402: [GC (Allocation Failure) [PSYoungGen: 65056K->352K(65536K)] 90482K->25778K(420864K), 0.0029108 secs] [Times: user=0.01 sys=0.00, real=0.01 secs] 
2019-01-01T12:06:30.686+0900: 68637.185: [GC (Allocation Failure) [PSYoungGen: 64864K->352K(65536K)] 90290K->25778K(420864K), 0.0029192 secs] [Times: user=0.02 sys=0.00, real=0.00 secs] 
2019-01-01T12:07:22.416+0900: 68688.915: [GC (Allocation Failure) [PSYoungGen: 64864K->480K(65536K)] 90290K->25906K(420864K), 0.0030234 secs] [Times: user=0.01 sys=0.00, real=0.00 secs] 
2019-01-01T12:08:13.993+0900: 68740.492: [GC (Allocation Failure) [PSYoungGen: 64992K->448K(65536K)] 90418K->25874K(420864K), 0.0029859 secs] [Times: user=0.01 sys=0.00, real=0.01 secs] 
2019-01-01T12:09:09.768+0900: 68796.267: [GC (Allocation Failure) [PSYoungGen: 64960K->384K(65536K)] 90386K->25810K(420864K), 0.0026917 secs] [Times: user=0.01 sys=0.00, real=0.00 secs] 
2019-01-01T12:09:57.494+0900: 68843.993: [GC (Allocation Failure) [PSYoungGen: 64896K->608K(65536K)] 90322K->26034K(420864K), 0.0032741 secs] [Times: user=0.01 sys=0.00, real=0.00 secs] 
2019-01-01T12:10:55.422+0900: 68901.921: [GC (Allocation Failure) [PSYoungGen: 65120K->320K(65536K)] 90546K->25746K(420864K), 0.0031456 secs] [Times: user=0.01 sys=0.00, real=0.01 secs] 
2019-01-01T12:11:52.697+0900: 68959.196: [GC (Allocation Failure) [PSYoungGen: 64832K->288K(65536K)] 90258K->25714K(420864K), 0.0025856 secs] [Times: user=0.01 sys=0.00, real=0.00 secs] 
2019-01-01T12:12:46.907+0900: 69013.406: [GC (Allocation Failure) [PSYoungGen: 64800K->480K(65536K)] 90226K->25906K(420864K), 0.0031843 secs] [Times: user=0.01 sys=0.00, real=0.00 secs] 
2019-01-01T12:13:40.551+0900: 69067.050: [GC (Allocation Failure) [PSYoungGen: 64992K->448K(65536K)] 90418K->25874K(420864K), 0.0027920 secs] [Times: user=0.01 sys=0.00, real=0.01 secs] 
2019-01-01T12:14:38.380+0900: 69124.879: [GC (Allocation Failure) [PSYoungGen: 64960K->352K(65536K)] 90386K->25778K(420864K), 0.0029713 secs] [Times: user=0.01 sys=0.00, real=0.00 secs] 
2019-01-01T12:15:36.420+0900: 69182.919: [GC (Allocation Failure) [PSYoungGen: 64864K->352K(65536K)] 90290K->25778K(420864K), 0.0030008 secs] [Times: user=0.01 sys=0.01, real=0.00 secs] 
2019-01-01T12:16:32.753+0900: 69239.252: [GC (Allocation Failure) [PSYoungGen: 64864K->416K(65536K)] 90290K->25850K(420864K), 0.0029253 secs] [Times: user=0.01 sys=0.00, real=0.01 secs] 
2019-01-01T12:17:26.112+0900: 69292.611: [GC (Allocation Failure) [PSYoungGen: 64928K->416K(65536K)] 90362K->25874K(420864K), 0.0032212 secs] [Times: user=0.01 sys=0.00, real=0.01 secs] 
2019-01-01T12:18:20.270+0900: 69346.769: [GC (Allocation Failure) [PSYoungGen: 64928K->480K(65536K)] 90386K->25938K(420864K), 0.0032063 secs] [Times: user=0.01 sys=0.00, real=0.00 secs] 
2019-01-01T12:19:16.138+0900: 69402.637: [GC (Allocation Failure) [PSYoungGen: 64992K->416K(65536K)] 90450K->25874K(420864K), 0.0031031 secs] [Times: user=0.01 sys=0.00, real=0.00 secs] 
2019-01-01T12:20:13.777+0900: 69460.276: [GC (Allocation Failure) [PSYoungGen: 64928K->288K(65536K)] 90386K->25746K(420864K), 0.0026902 secs] [Times: user=0.01 sys=0.00, real=0.00 secs] 
2019-01-01T12:21:11.813+0900: 69518.312: [GC (Allocation Failure) [PSYoungGen: 64800K->320K(65536K)] 90258K->25778K(420864K), 0.0026484 secs] [Times: user=0.01 sys=0.00, real=0.01 secs] 
2019-01-01T12:22:09.578+0900: 69576.077: [GC (Allocation Failure) [PSYoungGen: 64832K->320K(65536K)] 90290K->25778K(420864K), 0.0028719 secs] [Times: user=0.01 sys=0.00, real=0.00 secs] 
2019-01-01T12:23:03.466+0900: 69629.965: [GC (Allocation Failure) [PSYoungGen: 64832K->416K(65536K)] 90290K->25874K(420864K), 0.0033898 secs] [Times: user=0.01 sys=0.00, real=0.00 secs] 
2019-01-01T12:23:55.556+0900: 69682.055: [GC (Allocation Failure) [PSYoungGen: 64928K->416K(65536K)] 90386K->25874K(420864K), 0.0031766 secs] [Times: user=0.01 sys=0.00, real=0.00 secs] 
2019-01-01T12:24:49.770+0900: 69736.269: [GC (Allocation Failure) [PSYoungGen: 64928K->384K(65536K)] 90386K->25842K(420864K), 0.0034544 secs] [Times: user=0.02 sys=0.00, real=0.01 secs] 
2019-01-01T12:25:43.788+0900: 69790.287: [GC (Allocation Failure) [PSYoungGen: 64896K->448K(65536K)] 90354K->25906K(420864K), 0.0031221 secs] [Times: user=0.01 sys=0.00, real=0.00 secs] 
2019-01-01T12:26:33.352+0900: 69839.851: [GC (Allocation Failure) [PSYoungGen: 64960K->512K(65536K)] 90418K->25970K(420864K), 0.0034552 secs] [Times: user=0.01 sys=0.00, real=0.01 secs] 
2019-01-01T12:27:27.035+0900: 69893.534: [GC (Allocation Failure) [PSYoungGen: 65024K->416K(65536K)] 90482K->25882K(420864K), 0.0030745 secs] [Times: user=0.01 sys=0.00, real=0.00 secs] 
2019-01-01T12:28:21.028+0900: 69947.527: [GC (Allocation Failure) [PSYoungGen: 64928K->448K(65536K)] 90394K->25914K(420864K), 0.0030528 secs] [Times: user=0.01 sys=0.00, real=0.00 secs] 
2019-01-01T12:29:10.969+0900: 69997.468: [GC (Allocation Failure) [PSYoungGen: 64960K->512K(65536K)] 90426K->25978K(420864K), 0.0030341 secs] [Times: user=0.01 sys=0.00, real=0.00 secs] 
2019-01-01T12:29:59.535+0900: 70046.034: [GC (Allocation Failure) [PSYoungGen: 65024K->640K(65536K)] 90490K->26106K(420864K), 0.0029820 secs] [Times: user=0.01 sys=0.00, real=0.00 secs] 
2019-01-01T12:30:50.552+0900: 70097.051: [GC (Allocation Failure) [PSYoungGen: 65152K->512K(65536K)] 90618K->25978K(420864K), 0.0027744 secs] [Times: user=0.01 sys=0.00, real=0.01 secs] 
2019-01-01T12:31:40.668+0900: 70147.167: [GC (Allocation Failure) [PSYoungGen: 65024K->544K(65536K)] 90490K->26010K(420864K), 0.0030406 secs] [Times: user=0.01 sys=0.00, real=0.00 secs] 
2019-01-01T12:32:21.792+0900: 70188.291: [GC (Allocation Failure) [PSYoungGen: 65056K->704K(65536K)] 90522K->26170K(420864K), 0.0035832 secs] [Times: user=0.01 sys=0.00, real=0.01 secs] 
2019-01-01T12:33:00.711+0900: 70227.210: [GC (Allocation Failure) [PSYoungGen: 65216K->832K(65536K)] 90682K->26298K(420864K), 0.0035893 secs] [Times: user=0.02 sys=0.00, real=0.01 secs] 
2019-01-01T12:33:42.875+0900: 70269.374: [GC (Allocation Failure) [PSYoungGen: 65344K->672K(65536K)] 90810K->26138K(420864K), 0.0035298 secs] [Times: user=0.01 sys=0.00, real=0.00 secs] 
2019-01-01T12:34:38.927+0900: 70325.426: [GC (Allocation Failure) [PSYoungGen: 65184K->384K(65536K)] 90650K->25850K(420864K), 0.0031680 secs] [Times: user=0.02 sys=0.00, real=0.00 secs] 
2019-01-01T12:35:30.716+0900: 70377.215: [GC (Allocation Failure) [PSYoungGen: 64896K->448K(65536K)] 90362K->25922K(420864K), 0.0027052 secs] [Times: user=0.01 sys=0.00, real=0.00 secs] 
2019-01-01T12:36:24.712+0900: 70431.211: [GC (Allocation Failure) [PSYoungGen: 64960K->448K(65536K)] 90434K->25922K(420864K), 0.0031119 secs] [Times: user=0.01 sys=0.00, real=0.01 secs] 
2019-01-01T12:37:20.718+0900: 70487.218: [GC (Allocation Failure) [PSYoungGen: 64960K->384K(65536K)] 90434K->25858K(420864K), 0.0031591 secs] [Times: user=0.01 sys=0.00, real=0.00 secs] 
2019-01-01T12:38:14.931+0900: 70541.430: [GC (Allocation Failure) [PSYoungGen: 64896K->480K(65536K)] 90370K->25954K(420864K), 0.0032218 secs] [Times: user=0.01 sys=0.00, real=0.01 secs] 
2019-01-01T12:39:08.345+0900: 70594.844: [GC (Allocation Failure) [PSYoungGen: 64992K->416K(65536K)] 90466K->25890K(420864K), 0.0030440 secs] [Times: user=0.01 sys=0.01, real=0.00 secs] 
2019-01-01T12:39:58.444+0900: 70644.943: [GC (Allocation Failure) [PSYoungGen: 64928K->480K(65536K)] 90402K->25954K(420864K), 0.0029679 secs] [Times: user=0.01 sys=0.00, real=0.01 secs] 
2019-01-01T12:40:54.558+0900: 70701.057: [GC (Allocation Failure) [PSYoungGen: 64992K->384K(65536K)] 90466K->25858K(420864K), 0.0030460 secs] [Times: user=0.01 sys=0.00, real=0.00 secs] 
2019-01-01T12:41:46.228+0900: 70752.727: [GC (Allocation Failure) [PSYoungGen: 64896K->416K(65536K)] 90370K->25898K(420864K), 0.0031350 secs] [Times: user=0.01 sys=0.00, real=0.00 secs] 
2019-01-01T12:42:41.709+0900: 70808.208: [GC (Allocation Failure) [PSYoungGen: 64928K->416K(65536K)] 90410K->25898K(420864K), 0.0029625 secs] [Times: user=0.02 sys=0.00, real=0.00 secs] 
2019-01-01T12:43:33.592+0900: 70860.091: [GC (Allocation Failure) [PSYoungGen: 64928K->512K(65536K)] 90410K->25994K(420864K), 0.0031115 secs] [Times: user=0.01 sys=0.00, real=0.01 secs] 
2019-01-01T12:44:29.102+0900: 70915.601: [GC (Allocation Failure) [PSYoungGen: 65024K->416K(65536K)] 90506K->25898K(420864K), 0.0028828 secs] [Times: user=0.01 sys=0.00, real=0.01 secs] 
2019-01-01T12:45:23.192+0900: 70969.691: [GC (Allocation Failure) [PSYoungGen: 64928K->384K(65536K)] 90410K->25874K(420864K), 0.0030628 secs] [Times: user=0.01 sys=0.00, real=0.01 secs] 
2019-01-01T12:46:14.839+0900: 71021.339: [GC (Allocation Failure) [PSYoungGen: 64896K->480K(65536K)] 90386K->25970K(420864K), 0.0031861 secs] [Times: user=0.02 sys=0.00, real=0.00 secs] 
2019-01-01T12:47:05.041+0900: 71071.540: [GC (Allocation Failure) [PSYoungGen: 64992K->544K(65536K)] 90482K->26050K(420864K), 0.0029114 secs] [Times: user=0.01 sys=0.00, real=0.01 secs] 
2019-01-01T12:47:59.379+0900: 71125.878: [GC (Allocation Failure) [PSYoungGen: 64992K->448K(65536K)] 90499K->25954K(420864K), 0.0029351 secs] [Times: user=0.01 sys=0.00, real=0.00 secs] 
2019-01-01T12:48:52.598+0900: 71179.097: [GC (Allocation Failure) [PSYoungGen: 64960K->512K(65536K)] 90466K->26018K(420864K), 0.0028564 secs] [Times: user=0.02 sys=0.00, real=0.00 secs] 
2019-01-01T12:49:47.856+0900: 71234.355: [GC (Allocation Failure) [PSYoungGen: 65024K->352K(65536K)] 90530K->25858K(420864K), 0.0026309 secs] [Times: user=0.01 sys=0.00, real=0.00 secs] 
2019-01-01T12:50:44.036+0900: 71290.535: [GC (Allocation Failure) [PSYoungGen: 64864K->416K(65536K)] 90370K->25922K(420864K), 0.0026196 secs] [Times: user=0.01 sys=0.00, real=0.00 secs] 
2019-01-01T12:51:42.118+0900: 71348.617: [GC (Allocation Failure) [PSYoungGen: 64928K->384K(65536K)] 90434K->25890K(420864K), 0.0028014 secs] [Times: user=0.00 sys=0.00, real=0.00 secs] 
2019-01-01T12:52:40.348+0900: 71406.847: [GC (Allocation Failure) [PSYoungGen: 64896K->320K(65536K)] 90402K->25826K(420864K), 0.0027353 secs] [Times: user=0.00 sys=0.01, real=0.00 secs] 
2019-01-01T12:53:35.959+0900: 71462.458: [GC (Allocation Failure) [PSYoungGen: 64831K->384K(65536K)] 90338K->25890K(420864K), 0.0028349 secs] [Times: user=0.01 sys=0.00, real=0.00 secs] 
2019-01-01T12:54:33.791+0900: 71520.290: [GC (Allocation Failure) [PSYoungGen: 64896K->384K(65536K)] 90402K->25890K(420864K), 0.0027655 secs] [Times: user=0.01 sys=0.00, real=0.01 secs] 
2019-01-01T12:55:29.593+0900: 71576.092: [GC (Allocation Failure) [PSYoungGen: 64896K->320K(65536K)] 90402K->25834K(420864K), 0.0031011 secs] [Times: user=0.01 sys=0.00, real=0.01 secs] 
2019-01-01T12:56:21.298+0900: 71627.797: [GC (Allocation Failure) [PSYoungGen: 64832K->416K(65536K)] 90346K->25930K(420864K), 0.0030530 secs] [Times: user=0.01 sys=0.00, real=0.00 secs] 
2019-01-01T12:57:17.061+0900: 71683.560: [GC (Allocation Failure) [PSYoungGen: 64928K->320K(65536K)] 90442K->25834K(420864K), 0.0028285 secs] [Times: user=0.02 sys=0.00, real=0.01 secs] 
2019-01-01T12:58:10.646+0900: 71737.145: [GC (Allocation Failure) [PSYoungGen: 64832K->448K(65536K)] 90346K->25962K(420864K), 0.0031150 secs] [Times: user=0.01 sys=0.00, real=0.00 secs] 
2019-01-01T12:59:02.849+0900: 71789.348: [GC (Allocation Failure) [PSYoungGen: 64960K->448K(65536K)] 90474K->25970K(420864K), 0.0029938 secs] [Times: user=0.01 sys=0.00, real=0.00 secs] 
2019-01-01T12:59:51.040+0900: 71837.539: [GC (Allocation Failure) [PSYoungGen: 64960K->608K(65536K)] 90482K->26130K(420864K), 0.0031941 secs] [Times: user=0.01 sys=0.00, real=0.00 secs] 
2019-01-01T13:00:37.447+0900: 71883.946: [GC (Allocation Failure) [PSYoungGen: 65120K->544K(65536K)] 90642K->26066K(420864K), 0.0043013 secs] [Times: user=0.02 sys=0.00, real=0.00 secs] 
2019-01-01T13:01:31.432+0900: 71937.931: [GC (Allocation Failure) [PSYoungGen: 65056K->352K(65536K)] 90578K->25874K(420864K), 0.0029889 secs] [Times: user=0.01 sys=0.00, real=0.01 secs] 
2019-01-01T13:02:21.938+0900: 71988.437: [GC (Allocation Failure) [PSYoungGen: 64864K->544K(65536K)] 90386K->26066K(420864K), 0.0031769 secs] [Times: user=0.01 sys=0.00, real=0.00 secs] 
2019-01-01T13:02:55.847+0900: 72022.346: [GC (Allocation Failure) [PSYoungGen: 65056K->896K(65536K)] 90578K->26418K(420864K), 0.0038325 secs] [Times: user=0.01 sys=0.00, real=0.00 secs] 
2019-01-01T13:03:33.850+0900: 72060.349: [GC (Allocation Failure) [PSYoungGen: 65408K->800K(65536K)] 90930K->26322K(420864K), 0.0036249 secs] [Times: user=0.01 sys=0.00, real=0.00 secs] 
2019-01-01T13:04:21.186+0900: 72107.685: [GC (Allocation Failure) [PSYoungGen: 65312K->608K(65536K)] 90834K->26130K(420864K), 0.0034811 secs] [Times: user=0.02 sys=0.00, real=0.00 secs] 
2019-01-01T13:05:15.395+0900: 72161.894: [GC (Allocation Failure) [PSYoungGen: 65120K->320K(65536K)] 90642K->25842K(420864K), 0.0027442 secs] [Times: user=0.01 sys=0.00, real=0.00 secs] 
2019-01-01T13:05:59.573+0900: 72206.072: [GC (Allocation Failure) [PSYoungGen: 64832K->608K(65536K)] 90354K->26146K(420864K), 0.0029870 secs] [Times: user=0.01 sys=0.00, real=0.01 secs] 
2019-01-01T13:06:45.511+0900: 72252.010: [GC (Allocation Failure) [PSYoungGen: 65120K->512K(65536K)] 90658K->26050K(420864K), 0.0034023 secs] [Times: user=0.01 sys=0.00, real=0.01 secs] 
2019-01-01T13:07:37.426+0900: 72303.925: [GC (Allocation Failure) [PSYoungGen: 65024K->416K(65536K)] 90562K->25962K(420864K), 0.0027870 secs] [Times: user=0.01 sys=0.00, real=0.00 secs] 
2019-01-01T13:08:31.476+0900: 72357.975: [GC (Allocation Failure) [PSYoungGen: 64928K->384K(65536K)] 90474K->25930K(420864K), 0.0030405 secs] [Times: user=0.01 sys=0.00, real=0.00 secs] 
2019-01-01T13:09:19.364+0900: 72405.863: [GC (Allocation Failure) [PSYoungGen: 64896K->512K(65536K)] 90442K->26066K(420864K), 0.0034041 secs] [Times: user=0.01 sys=0.00, real=0.01 secs] 
2019-01-01T13:10:05.544+0900: 72452.043: [GC (Allocation Failure) [PSYoungGen: 65024K->608K(65536K)] 90578K->26162K(420864K), 0.0032404 secs] [Times: user=0.01 sys=0.00, real=0.00 secs] 
2019-01-01T13:10:52.790+0900: 72499.289: [GC (Allocation Failure) [PSYoungGen: 65120K->576K(65536K)] 90674K->26130K(420864K), 0.0028841 secs] [Times: user=0.01 sys=0.00, real=0.00 secs] 
2019-01-01T13:11:39.024+0900: 72545.523: [GC (Allocation Failure) [PSYoungGen: 65088K->608K(65536K)] 90642K->26162K(420864K), 0.0034204 secs] [Times: user=0.01 sys=0.00, real=0.00 secs] 
2019-01-01T13:12:37.109+0900: 72603.608: [GC (Allocation Failure) [PSYoungGen: 65120K->320K(65536K)] 90674K->25874K(420864K), 0.0030087 secs] [Times: user=0.01 sys=0.00, real=0.00 secs] 
2019-01-01T13:13:28.431+0900: 72654.930: [GC (Allocation Failure) [PSYoungGen: 64832K->448K(65536K)] 90386K->26002K(420864K), 0.0032599 secs] [Times: user=0.02 sys=0.00, real=0.01 secs] 
2019-01-01T13:14:18.626+0900: 72705.125: [GC (Allocation Failure) [PSYoungGen: 64960K->416K(65536K)] 90514K->25978K(420864K), 0.0030916 secs] [Times: user=0.01 sys=0.00, real=0.00 secs] 
2019-01-01T13:15:10.246+0900: 72756.745: [GC (Allocation Failure) [PSYoungGen: 64928K->416K(65536K)] 90490K->25986K(420864K), 0.0030641 secs] [Times: user=0.01 sys=0.00, real=0.00 secs] 
2019-01-01T13:16:02.040+0900: 72808.539: [GC (Allocation Failure) [PSYoungGen: 64928K->512K(65536K)] 90498K->26090K(420864K), 0.0031087 secs] [Times: user=0.01 sys=0.00, real=0.00 secs] 
2019-01-01T13:16:46.212+0900: 72852.711: [GC (Allocation Failure) [PSYoungGen: 65024K->704K(65536K)] 90602K->26282K(420864K), 0.0035284 secs] [Times: user=0.01 sys=0.01, real=0.01 secs] 
2019-01-01T13:17:33.913+0900: 72900.412: [GC (Allocation Failure) [PSYoungGen: 65216K->608K(65536K)] 90794K->26186K(420864K), 0.0029970 secs] [Times: user=0.01 sys=0.00, real=0.01 secs] 
2019-01-01T13:18:23.661+0900: 72950.160: [GC (Allocation Failure) [PSYoungGen: 65120K->544K(65536K)] 90698K->26162K(420864K), 0.0033006 secs] [Times: user=0.02 sys=0.00, real=0.01 secs] 
2019-01-01T13:19:17.521+0900: 73004.020: [GC (Allocation Failure) [PSYoungGen: 65056K->384K(65536K)] 90674K->26002K(420864K), 0.0029775 secs] [Times: user=0.01 sys=0.00, real=0.00 secs] 
2019-01-01T13:20:10.808+0900: 73057.307: [GC (Allocation Failure) [PSYoungGen: 64896K->544K(65536K)] 90514K->26162K(420864K), 0.0033748 secs] [Times: user=0.01 sys=0.00, real=0.00 secs] 
2019-01-01T13:20:59.269+0900: 73105.768: [GC (Allocation Failure) [PSYoungGen: 65056K->576K(65536K)] 90674K->26194K(420864K), 0.0038367 secs] [Times: user=0.02 sys=0.00, real=0.00 secs] 
2019-01-01T13:21:52.804+0900: 73159.303: [GC (Allocation Failure) [PSYoungGen: 65088K->480K(65536K)] 90706K->26098K(420864K), 0.0026593 secs] [Times: user=0.01 sys=0.00, real=0.00 secs] 
2019-01-01T13:22:41.004+0900: 73207.503: [GC (Allocation Failure) [PSYoungGen: 64992K->576K(65536K)] 90610K->26194K(420864K), 0.0034852 secs] [Times: user=0.01 sys=0.00, real=0.00 secs] 
2019-01-01T13:23:32.874+0900: 73259.373: [GC (Allocation Failure) [PSYoungGen: 65088K->480K(65536K)] 90706K->26098K(420864K), 0.0030508 secs] [Times: user=0.01 sys=0.00, real=0.00 secs] 
2019-01-01T13:24:28.930+0900: 73315.429: [GC (Allocation Failure) [PSYoungGen: 64992K->352K(65536K)] 90610K->25970K(420864K), 0.0029638 secs] [Times: user=0.01 sys=0.00, real=0.00 secs] 
2019-01-01T13:25:22.521+0900: 73369.020: [GC (Allocation Failure) [PSYoungGen: 64864K->448K(65536K)] 90482K->26066K(420864K), 0.0031218 secs] [Times: user=0.01 sys=0.00, real=0.01 secs] 
2019-01-01T13:26:12.505+0900: 73419.004: [GC (Allocation Failure) [PSYoungGen: 64960K->480K(65536K)] 90578K->26098K(420864K), 0.0031496 secs] [Times: user=0.01 sys=0.00, real=0.00 secs] 
2019-01-01T13:27:06.195+0900: 73472.694: [GC (Allocation Failure) [PSYoungGen: 64992K->512K(65536K)] 90610K->26130K(420864K), 0.0031496 secs] [Times: user=0.02 sys=0.00, real=0.00 secs] 
2019-01-01T13:27:56.613+0900: 73523.112: [GC (Allocation Failure) [PSYoungGen: 65024K->512K(65536K)] 90642K->26130K(420864K), 0.0032129 secs] [Times: user=0.01 sys=0.00, real=0.01 secs] 
2019-01-01T13:28:50.265+0900: 73576.764: [GC (Allocation Failure) [PSYoungGen: 65024K->384K(65536K)] 90642K->26002K(420864K), 0.0030867 secs] [Times: user=0.01 sys=0.00, real=0.00 secs] 
2019-01-01T13:29:48.017+0900: 73634.516: [GC (Allocation Failure) [PSYoungGen: 64896K->352K(65536K)] 90514K->25970K(420864K), 0.0032842 secs] [Times: user=0.01 sys=0.00, real=0.00 secs] 
2019-01-01T13:30:45.747+0900: 73692.246: [GC (Allocation Failure) [PSYoungGen: 64864K->288K(65536K)] 90482K->25914K(420864K), 0.0025827 secs] [Times: user=0.01 sys=0.00, real=0.00 secs] 
2019-01-01T13:31:35.796+0900: 73742.295: [GC (Allocation Failure) [PSYoungGen: 64800K->512K(65536K)] 90426K->26146K(420864K), 0.0033973 secs] [Times: user=0.01 sys=0.00, real=0.00 secs] 
2019-01-01T13:32:22.170+0900: 73788.669: [GC (Allocation Failure) [PSYoungGen: 65024K->544K(65536K)] 90658K->26178K(420864K), 0.0041282 secs] [Times: user=0.01 sys=0.00, real=0.01 secs] 
2019-01-01T13:33:03.435+0900: 73829.934: [GC (Allocation Failure) [PSYoungGen: 65056K->672K(65536K)] 90690K->26306K(420864K), 0.0036688 secs] [Times: user=0.01 sys=0.00, real=0.00 secs] 
2019-01-01T13:33:47.322+0900: 73873.821: [GC (Allocation Failure) [PSYoungGen: 65184K->640K(65536K)] 90818K->26274K(420864K), 0.0033286 secs] [Times: user=0.01 sys=0.00, real=0.01 secs] 
2019-01-01T13:34:39.302+0900: 73925.801: [GC (Allocation Failure) [PSYoungGen: 65152K->480K(65536K)] 90786K->26114K(420864K), 0.0032318 secs] [Times: user=0.01 sys=0.00, real=0.01 secs] 
2019-01-01T13:35:29.231+0900: 73975.730: [GC (Allocation Failure) [PSYoungGen: 64992K->544K(65536K)] 90626K->26178K(420864K), 0.0030657 secs] [Times: user=0.01 sys=0.00, real=0.01 secs] 
2019-01-01T13:36:26.540+0900: 74033.039: [GC (Allocation Failure) [PSYoungGen: 65056K->384K(65536K)] 90690K->26018K(420864K), 0.0028814 secs] [Times: user=0.01 sys=0.00, real=0.00 secs] 
2019-01-01T13:37:18.258+0900: 74084.757: [GC (Allocation Failure) [PSYoungGen: 64896K->480K(65536K)] 90530K->26114K(420864K), 0.0031504 secs] [Times: user=0.02 sys=0.00, real=0.00 secs] 
2019-01-01T13:38:10.306+0900: 74136.805: [GC (Allocation Failure) [PSYoungGen: 64992K->512K(65536K)] 90626K->26146K(420864K), 0.0031048 secs] [Times: user=0.01 sys=0.00, real=0.00 secs] 
2019-01-01T13:39:07.970+0900: 74194.469: [GC (Allocation Failure) [PSYoungGen: 65024K->384K(65536K)] 90658K->26018K(420864K), 0.0028882 secs] [Times: user=0.01 sys=0.00, real=0.00 secs] 
2019-01-01T13:40:01.806+0900: 74248.305: [GC (Allocation Failure) [PSYoungGen: 64896K->384K(65536K)] 90530K->26018K(420864K), 0.0029917 secs] [Times: user=0.00 sys=0.01, real=0.00 secs] 
2019-01-01T13:40:59.191+0900: 74305.690: [GC (Allocation Failure) [PSYoungGen: 64896K->384K(65536K)] 90530K->26018K(420864K), 0.0029754 secs] [Times: user=0.01 sys=0.00, real=0.01 secs] 
2019-01-01T13:41:53.315+0900: 74359.814: [GC (Allocation Failure) [PSYoungGen: 64896K->416K(65536K)] 90530K->26050K(420864K), 0.0030961 secs] [Times: user=0.01 sys=0.00, real=0.00 secs] 
2019-01-01T13:42:49.407+0900: 74415.906: [GC (Allocation Failure) [PSYoungGen: 64928K->320K(65536K)] 90562K->25954K(420864K), 0.0029165 secs] [Times: user=0.01 sys=0.00, real=0.00 secs] 
2019-01-01T13:43:47.075+0900: 74473.575: [GC (Allocation Failure) [PSYoungGen: 64832K->352K(65536K)] 90466K->25986K(420864K), 0.0028806 secs] [Times: user=0.01 sys=0.00, real=0.00 secs] 
2019-01-01T13:44:35.453+0900: 74521.952: [GC (Allocation Failure) [PSYoungGen: 64864K->576K(65536K)] 90498K->26210K(420864K), 0.0034845 secs] [Times: user=0.01 sys=0.00, real=0.01 secs] 
2019-01-01T13:45:23.426+0900: 74569.925: [GC (Allocation Failure) [PSYoungGen: 65088K->512K(65536K)] 90722K->26154K(420864K), 0.0028716 secs] [Times: user=0.01 sys=0.00, real=0.00 secs] 
2019-01-01T13:46:13.816+0900: 74620.315: [GC (Allocation Failure) [PSYoungGen: 65024K->576K(65536K)] 90666K->26234K(420864K), 0.0032487 secs] [Times: user=0.01 sys=0.00, real=0.00 secs] 
2019-01-01T13:47:01.560+0900: 74668.059: [GC (Allocation Failure) [PSYoungGen: 65088K->608K(65536K)] 90746K->26266K(420864K), 0.0033221 secs] [Times: user=0.01 sys=0.00, real=0.00 secs] 
2019-01-01T13:47:39.619+0900: 74706.118: [GC (Allocation Failure) [PSYoungGen: 65120K->768K(65536K)] 90778K->26426K(420864K), 0.0038427 secs] [Times: user=0.01 sys=0.00, real=0.00 secs] 
2019-01-01T13:48:23.420+0900: 74749.919: [GC (Allocation Failure) [PSYoungGen: 65280K->640K(65536K)] 90938K->26306K(420864K), 0.0031093 secs] [Times: user=0.01 sys=0.00, real=0.00 secs] 
2019-01-01T13:49:21.096+0900: 74807.595: [GC (Allocation Failure) [PSYoungGen: 65152K->352K(65536K)] 90818K->26018K(420864K), 0.0029984 secs] [Times: user=0.02 sys=0.00, real=0.00 secs] 
2019-01-01T13:50:16.645+0900: 74863.144: [GC (Allocation Failure) [PSYoungGen: 64864K->352K(65536K)] 90530K->26018K(420864K), 0.0027576 secs] [Times: user=0.01 sys=0.00, real=0.00 secs] 
2019-01-01T13:51:08.525+0900: 74915.024: [GC (Allocation Failure) [PSYoungGen: 64864K->448K(65536K)] 90530K->26114K(420864K), 0.0031808 secs] [Times: user=0.01 sys=0.00, real=0.00 secs] 
2019-01-01T13:52:06.471+0900: 74972.970: [GC (Allocation Failure) [PSYoungGen: 64960K->320K(65536K)] 90626K->25986K(420864K), 0.0032862 secs] [Times: user=0.01 sys=0.00, real=0.01 secs] 
2019-01-01T13:53:02.256+0900: 75028.755: [GC (Allocation Failure) [PSYoungGen: 64832K->384K(65536K)] 90498K->26050K(420864K), 0.0031115 secs] [Times: user=0.01 sys=0.00, real=0.00 secs] 
2019-01-01T13:53:57.866+0900: 75084.365: [GC (Allocation Failure) [PSYoungGen: 64896K->416K(65536K)] 90562K->26082K(420864K), 0.0026907 secs] [Times: user=0.02 sys=0.00, real=0.00 secs] 
2019-01-01T13:54:55.547+0900: 75142.046: [GC (Allocation Failure) [PSYoungGen: 64928K->352K(65536K)] 90594K->26034K(420864K), 0.0027949 secs] [Times: user=0.01 sys=0.00, real=0.00 secs] 
2019-01-01T13:55:53.322+0900: 75199.822: [GC (Allocation Failure) [PSYoungGen: 64864K->384K(65536K)] 90546K->26066K(420864K), 0.0028845 secs] [Times: user=0.01 sys=0.00, real=0.01 secs] 
2019-01-01T13:56:47.556+0900: 75254.055: [GC (Allocation Failure) [PSYoungGen: 64896K->448K(65536K)] 90578K->26130K(420864K), 0.0031383 secs] [Times: user=0.01 sys=0.00, real=0.00 secs] 
2019-01-01T13:57:39.194+0900: 75305.693: [GC (Allocation Failure) [PSYoungGen: 64960K->480K(65536K)] 90642K->26162K(420864K), 0.0032242 secs] [Times: user=0.01 sys=0.00, real=0.00 secs] 
2019-01-01T13:58:35.004+0900: 75361.503: [GC (Allocation Failure) [PSYoungGen: 64992K->416K(65536K)] 90674K->26098K(420864K), 0.0026916 secs] [Times: user=0.01 sys=0.00, real=0.00 secs] 
2019-01-01T13:59:24.621+0900: 75411.120: [GC (Allocation Failure) [PSYoungGen: 64928K->576K(65536K)] 90610K->26258K(420864K), 0.0028166 secs] [Times: user=0.01 sys=0.00, real=0.01 secs] 
2019-01-01T14:00:22.009+0900: 75468.508: [GC (Allocation Failure) [PSYoungGen: 65088K->352K(65536K)] 90770K->26034K(420864K), 0.0031153 secs] [Times: user=0.01 sys=0.00, real=0.00 secs] 
2019-01-01T14:01:15.335+0900: 75521.834: [GC (Allocation Failure) [PSYoungGen: 64864K->512K(65536K)] 90546K->26194K(420864K), 0.0030228 secs] [Times: user=0.01 sys=0.00, real=0.00 secs] 
2019-01-01T14:02:06.048+0900: 75572.547: [GC (Allocation Failure) [PSYoungGen: 65024K->512K(65536K)] 90706K->26194K(420864K), 0.0033876 secs] [Times: user=0.01 sys=0.00, real=0.00 secs] 
2019-01-01T14:02:40.114+0900: 75606.613: [GC (Allocation Failure) [PSYoungGen: 65024K->928K(65536K)] 90706K->26610K(420864K), 0.0037588 secs] [Times: user=0.01 sys=0.00, real=0.01 secs] 
2019-01-01T14:03:27.565+0900: 75654.064: [GC (Allocation Failure) [PSYoungGen: 65440K->608K(65536K)] 91122K->26290K(420864K), 0.0033454 secs] [Times: user=0.01 sys=0.00, real=0.00 secs] 
2019-01-01T14:04:06.185+0900: 75692.684: [GC (Allocation Failure) [PSYoungGen: 65120K->800K(65536K)] 90802K->26482K(420864K), 0.0036492 secs] [Times: user=0.01 sys=0.00, real=0.00 secs] 
2019-01-01T14:04:53.908+0900: 75740.407: [GC (Allocation Failure) [PSYoungGen: 65312K->608K(65536K)] 90994K->26290K(420864K), 0.0034264 secs] [Times: user=0.02 sys=0.00, real=0.00 secs] 
2019-01-01T14:05:41.870+0900: 75788.369: [GC (Allocation Failure) [PSYoungGen: 65120K->512K(65536K)] 90802K->26194K(420864K), 0.0029271 secs] [Times: user=0.01 sys=0.00, real=0.00 secs] 
2019-01-01T14:06:25.291+0900: 75831.790: [GC (Allocation Failure) [PSYoungGen: 65024K->704K(65536K)] 90706K->26386K(420864K), 0.0035527 secs] [Times: user=0.02 sys=0.00, real=0.01 secs] 
2019-01-01T14:07:21.492+0900: 75887.991: [GC (Allocation Failure) [PSYoungGen: 65216K->384K(65536K)] 90898K->26066K(420864K), 0.0029914 secs] [Times: user=0.02 sys=0.00, real=0.01 secs] 
2019-01-01T14:08:13.704+0900: 75940.203: [GC (Allocation Failure) [PSYoungGen: 64896K->416K(65536K)] 90578K->26098K(420864K), 0.0029725 secs] [Times: user=0.01 sys=0.00, real=0.00 secs] 
2019-01-01T14:09:08.932+0900: 75995.431: [GC (Allocation Failure) [PSYoungGen: 64928K->416K(65536K)] 90610K->26098K(420864K), 0.0029816 secs] [Times: user=0.01 sys=0.00, real=0.01 secs] 
2019-01-01T14:10:04.939+0900: 76051.438: [GC (Allocation Failure) [PSYoungGen: 64928K->384K(65536K)] 90610K->26066K(420864K), 0.0031621 secs] [Times: user=0.02 sys=0.00, real=0.00 secs] 
2019-01-01T14:10:58.364+0900: 76104.863: [GC (Allocation Failure) [PSYoungGen: 64896K->416K(65536K)] 90578K->26098K(420864K), 0.0029719 secs] [Times: user=0.00 sys=0.00, real=0.00 secs] 
2019-01-01T14:11:48.559+0900: 76155.058: [GC (Allocation Failure) [PSYoungGen: 64928K->544K(65536K)] 90610K->26226K(420864K), 0.0034547 secs] [Times: user=0.01 sys=0.00, real=0.00 secs] 
2019-01-01T14:12:41.799+0900: 76208.299: [GC (Allocation Failure) [PSYoungGen: 65056K->480K(65536K)] 90738K->26162K(420864K), 0.0027481 secs] [Times: user=0.01 sys=0.00, real=0.00 secs] 
2019-01-01T14:13:39.601+0900: 76266.100: [GC (Allocation Failure) [PSYoungGen: 64992K->288K(65536K)] 90674K->25986K(420864K), 0.0026076 secs] [Times: user=0.01 sys=0.00, real=0.01 secs] 
2019-01-01T14:14:33.316+0900: 76319.815: [GC (Allocation Failure) [PSYoungGen: 64800K->448K(65536K)] 90498K->26146K(420864K), 0.0031636 secs] [Times: user=0.01 sys=0.00, real=0.00 secs] 
2019-01-01T14:15:25.420+0900: 76371.919: [GC (Allocation Failure) [PSYoungGen: 64960K->512K(65536K)] 90658K->26218K(420864K), 0.0031889 secs] [Times: user=0.01 sys=0.00, real=0.00 secs] 
2019-01-01T14:16:19.642+0900: 76426.141: [GC (Allocation Failure) [PSYoungGen: 65024K->448K(65536K)] 90730K->26154K(420864K), 0.0031391 secs] [Times: user=0.02 sys=0.00, real=0.01 secs] 
2019-01-01T14:17:07.628+0900: 76474.127: [GC (Allocation Failure) [PSYoungGen: 64960K->608K(65536K)] 90666K->26314K(420864K), 0.0032983 secs] [Times: user=0.01 sys=0.00, real=0.00 secs] 
2019-01-01T14:17:49.053+0900: 76515.552: [GC (Allocation Failure) [PSYoungGen: 65120K->704K(65536K)] 90826K->26410K(420864K), 0.0033174 secs] [Times: user=0.01 sys=0.00, real=0.01 secs] 
2019-01-01T14:18:34.115+0900: 76560.614: [GC (Allocation Failure) [PSYoungGen: 65178K->672K(65536K)] 90885K->26378K(420864K), 0.0034323 secs] [Times: user=0.01 sys=0.00, real=0.00 secs] 
2019-01-01T14:19:23.266+0900: 76609.765: [GC (Allocation Failure) [PSYoungGen: 65184K->576K(65536K)] 90890K->26282K(420864K), 0.0032727 secs] [Times: user=0.02 sys=0.00, real=0.00 secs] 
2019-01-01T14:20:17.143+0900: 76663.642: [GC (Allocation Failure) [PSYoungGen: 65088K->416K(65536K)] 90794K->26122K(420864K), 0.0030093 secs] [Times: user=0.01 sys=0.00, real=0.01 secs] 
2019-01-01T14:21:02.919+0900: 76709.418: [GC (Allocation Failure) [PSYoungGen: 64928K->512K(65536K)] 90634K->26218K(420864K), 0.0032924 secs] [Times: user=0.01 sys=0.00, real=0.00 secs] 
2019-01-01T14:21:59.035+0900: 76765.534: [GC (Allocation Failure) [PSYoungGen: 65024K->384K(65536K)] 90730K->26090K(420864K), 0.0029643 secs] [Times: user=0.01 sys=0.00, real=0.00 secs] 
2019-01-01T14:22:52.518+0900: 76819.017: [GC (Allocation Failure) [PSYoungGen: 64896K->480K(65536K)] 90602K->26186K(420864K), 0.0031216 secs] [Times: user=0.01 sys=0.00, real=0.00 secs] 
2019-01-01T14:23:44.458+0900: 76870.957: [GC (Allocation Failure) [PSYoungGen: 64992K->480K(65536K)] 90698K->26186K(420864K), 0.0028678 secs] [Times: user=0.01 sys=0.01, real=0.00 secs] 
2019-01-01T14:24:40.688+0900: 76927.187: [GC (Allocation Failure) [PSYoungGen: 64992K->320K(65536K)] 90698K->26034K(420864K), 0.0031045 secs] [Times: user=0.01 sys=0.01, real=0.00 secs] 
2019-01-01T14:25:32.110+0900: 76978.609: [GC (Allocation Failure) [PSYoungGen: 64832K->480K(65536K)] 90546K->26194K(420864K), 0.0029795 secs] [Times: user=0.02 sys=0.00, real=0.00 secs] 
2019-01-01T14:26:20.081+0900: 77026.580: [GC (Allocation Failure) [PSYoungGen: 64992K->576K(65536K)] 90706K->26290K(420864K), 0.0030460 secs] [Times: user=0.01 sys=0.00, real=0.01 secs] 
2019-01-01T14:27:05.334+0900: 77071.833: [GC (Allocation Failure) [PSYoungGen: 65088K->704K(65536K)] 90802K->26418K(420864K), 0.0034305 secs] [Times: user=0.01 sys=0.00, real=0.00 secs] 
2019-01-01T14:27:56.268+0900: 77122.767: [GC (Allocation Failure) [PSYoungGen: 65216K->544K(65536K)] 90930K->26258K(420864K), 0.0034437 secs] [Times: user=0.02 sys=0.00, real=0.00 secs] 
2019-01-01T14:28:41.881+0900: 77168.380: [GC (Allocation Failure) [PSYoungGen: 65056K->608K(65536K)] 90770K->26322K(420864K), 0.0034062 secs] [Times: user=0.01 sys=0.00, real=0.01 secs] 
2019-01-01T14:29:35.720+0900: 77222.219: [GC (Allocation Failure) [PSYoungGen: 65120K->480K(65536K)] 90834K->26194K(420864K), 0.0033234 secs] [Times: user=0.01 sys=0.01, real=0.00 secs] 
2019-01-01T14:30:27.132+0900: 77273.631: [GC (Allocation Failure) [PSYoungGen: 64992K->448K(65536K)] 90706K->26162K(420864K), 0.0030604 secs] [Times: user=0.01 sys=0.00, real=0.01 secs] 
2019-01-01T14:31:15.246+0900: 77321.745: [GC (Allocation Failure) [PSYoungGen: 64960K->608K(65536K)] 90674K->26322K(420864K), 0.0033163 secs] [Times: user=0.01 sys=0.00, real=0.00 secs] 
2019-01-01T14:32:09.135+0900: 77375.634: [GC (Allocation Failure) [PSYoungGen: 65120K->416K(65536K)] 90834K->26130K(420864K), 0.0031798 secs] [Times: user=0.01 sys=0.01, real=0.00 secs] 
2019-01-01T14:32:37.237+0900: 77403.736: [GC (Allocation Failure) [PSYoungGen: 64928K->960K(65536K)] 90642K->26674K(420864K), 0.0039043 secs] [Times: user=0.01 sys=0.01, real=0.00 secs] 
2019-01-01T14:33:24.761+0900: 77451.260: [GC (Allocation Failure) [PSYoungGen: 65472K->544K(65536K)] 91186K->26258K(420864K), 0.0033866 secs] [Times: user=0.01 sys=0.00, real=0.01 secs] 
2019-01-01T14:34:10.403+0900: 77496.902: [GC (Allocation Failure) [PSYoungGen: 65056K->640K(65536K)] 90770K->26354K(420864K), 0.0029729 secs] [Times: user=0.01 sys=0.00, real=0.01 secs] 
2019-01-01T14:35:00.208+0900: 77546.707: [GC (Allocation Failure) [PSYoungGen: 65152K->512K(65536K)] 90866K->26226K(420864K), 0.0031273 secs] [Times: user=0.01 sys=0.00, real=0.00 secs] 
2019-01-01T14:35:54.350+0900: 77600.849: [GC (Allocation Failure) [PSYoungGen: 65024K->448K(65536K)] 90738K->26162K(420864K), 0.0027121 secs] [Times: user=0.01 sys=0.00, real=0.00 secs] 
2019-01-01T14:36:52.479+0900: 77658.978: [GC (Allocation Failure) [PSYoungGen: 64960K->320K(65536K)] 90674K->26042K(420864K), 0.0028635 secs] [Times: user=0.01 sys=0.01, real=0.00 secs] 
2019-01-01T14:37:49.885+0900: 77716.384: [GC (Allocation Failure) [PSYoungGen: 64832K->320K(65536K)] 90554K->26042K(420864K), 0.0028148 secs] [Times: user=0.01 sys=0.01, real=0.00 secs] 
2019-01-01T14:38:48.021+0900: 77774.520: [GC (Allocation Failure) [PSYoungGen: 64832K->352K(65536K)] 90554K->26074K(420864K), 0.0026708 secs] [Times: user=0.02 sys=0.00, real=0.00 secs] 
2019-01-01T14:39:45.742+0900: 77832.241: [GC (Allocation Failure) [PSYoungGen: 64864K->352K(65536K)] 90586K->26074K(420864K), 0.0028760 secs] [Times: user=0.01 sys=0.00, real=0.01 secs] 
2019-01-01T14:40:37.574+0900: 77884.073: [GC (Allocation Failure) [PSYoungGen: 64864K->512K(65536K)] 90586K->26234K(420864K), 0.0031724 secs] [Times: user=0.01 sys=0.00, real=0.01 secs] 
2019-01-01T14:41:27.708+0900: 77934.207: [GC (Allocation Failure) [PSYoungGen: 65024K->480K(65536K)] 90746K->26210K(420864K), 0.0032885 secs] [Times: user=0.01 sys=0.00, real=0.00 secs] 
2019-01-01T14:42:21.093+0900: 77987.592: [GC (Allocation Failure) [PSYoungGen: 64992K->448K(65536K)] 90722K->26178K(420864K), 0.0032010 secs] [Times: user=0.02 sys=0.00, real=0.01 secs] 
2019-01-01T14:43:18.847+0900: 78045.346: [GC (Allocation Failure) [PSYoungGen: 64960K->384K(65536K)] 90690K->26114K(420864K), 0.0030522 secs] [Times: user=0.01 sys=0.00, real=0.00 secs] 
2019-01-01T14:44:12.598+0900: 78099.097: [GC (Allocation Failure) [PSYoungGen: 64896K->384K(65536K)] 90626K->26114K(420864K), 0.0030934 secs] [Times: user=0.01 sys=0.00, real=0.00 secs] 
2019-01-01T14:45:00.558+0900: 78147.057: [GC (Allocation Failure) [PSYoungGen: 64896K->576K(65536K)] 90626K->26306K(420864K), 0.0034475 secs] [Times: user=0.01 sys=0.00, real=0.00 secs] 
2019-01-01T14:45:44.713+0900: 78191.212: [GC (Allocation Failure) [PSYoungGen: 65088K->640K(65536K)] 90818K->26386K(420864K), 0.0034340 secs] [Times: user=0.01 sys=0.00, real=0.01 secs] 
2019-01-01T14:46:36.918+0900: 78243.417: [GC (Allocation Failure) [PSYoungGen: 65152K->480K(65536K)] 90898K->26226K(420864K), 0.0031352 secs] [Times: user=0.02 sys=0.00, real=0.00 secs] 
2019-01-01T14:47:19.090+0900: 78285.589: [GC (Allocation Failure) [PSYoungGen: 64992K->640K(65536K)] 90738K->26402K(420864K), 0.0034949 secs] [Times: user=0.01 sys=0.00, real=0.00 secs] 
2019-01-01T14:48:02.597+0900: 78329.096: [GC (Allocation Failure) [PSYoungGen: 65152K->640K(65536K)] 90914K->26410K(420864K), 0.0030108 secs] [Times: user=0.02 sys=0.00, real=0.00 secs] 
2019-01-01T14:48:50.557+0900: 78377.056: [GC (Allocation Failure) [PSYoungGen: 65152K->608K(65536K)] 90922K->26378K(420864K), 0.0032677 secs] [Times: user=0.02 sys=0.00, real=0.00 secs] 
2019-01-01T14:49:42.659+0900: 78429.158: [GC (Allocation Failure) [PSYoungGen: 65120K->480K(65536K)] 90890K->26250K(420864K), 0.0031518 secs] [Times: user=0.01 sys=0.00, real=0.00 secs] 
2019-01-01T14:50:34.292+0900: 78480.791: [GC (Allocation Failure) [PSYoungGen: 64992K->480K(65536K)] 90762K->26250K(420864K), 0.0030354 secs] [Times: user=0.01 sys=0.00, real=0.01 secs] 
2019-01-01T14:51:22.098+0900: 78528.597: [GC (Allocation Failure) [PSYoungGen: 64992K->512K(65536K)] 90762K->26282K(420864K), 0.0032846 secs] [Times: user=0.01 sys=0.00, real=0.00 secs] 
2019-01-01T14:52:14.255+0900: 78580.754: [GC (Allocation Failure) [PSYoungGen: 65024K->480K(65536K)] 90794K->26250K(420864K), 0.0034763 secs] [Times: user=0.01 sys=0.00, real=0.00 secs] 
2019-01-01T14:53:07.720+0900: 78634.219: [GC (Allocation Failure) [PSYoungGen: 64992K->416K(65536K)] 90762K->26186K(420864K), 0.0031341 secs] [Times: user=0.01 sys=0.00, real=0.00 secs] 
2019-01-01T14:53:59.667+0900: 78686.166: [GC (Allocation Failure) [PSYoungGen: 64928K->512K(65536K)] 90698K->26282K(420864K), 0.0033085 secs] [Times: user=0.01 sys=0.01, real=0.00 secs] 
2019-01-01T14:54:49.866+0900: 78736.365: [GC (Allocation Failure) [PSYoungGen: 65024K->480K(65536K)] 90794K->26250K(420864K), 0.0029478 secs] [Times: user=0.01 sys=0.00, real=0.00 secs] 
2019-01-01T14:55:43.797+0900: 78790.296: [GC (Allocation Failure) [PSYoungGen: 64992K->416K(65536K)] 90762K->26186K(420864K), 0.0027249 secs] [Times: user=0.01 sys=0.00, real=0.00 secs] 
2019-01-01T14:56:37.998+0900: 78844.497: [GC (Allocation Failure) [PSYoungGen: 64928K->448K(65536K)] 90698K->26226K(420864K), 0.0032010 secs] [Times: user=0.02 sys=0.00, real=0.00 secs] 
2019-01-01T14:57:35.822+0900: 78902.321: [GC (Allocation Failure) [PSYoungGen: 64960K->320K(65536K)] 90738K->26098K(420864K), 0.0028097 secs] [Times: user=0.01 sys=0.01, real=0.01 secs] 
2019-01-01T14:58:21.747+0900: 78948.246: [GC (Allocation Failure) [PSYoungGen: 64832K->640K(65536K)] 90610K->26418K(420864K), 0.0029445 secs] [Times: user=0.02 sys=0.00, real=0.00 secs] 
2019-01-01T14:59:07.925+0900: 78994.424: [GC (Allocation Failure) [PSYoungGen: 65152K->608K(65536K)] 90930K->26386K(420864K), 0.0033646 secs] [Times: user=0.01 sys=0.00, real=0.00 secs] 
2019-01-01T14:59:55.243+0900: 79041.742: [GC (Allocation Failure) [PSYoungGen: 65120K->576K(65536K)] 90898K->26354K(420864K), 0.0029933 secs] [Times: user=0.01 sys=0.00, real=0.01 secs] 
2019-01-01T15:00:49.091+0900: 79095.590: [GC (Allocation Failure) [PSYoungGen: 65088K->384K(65536K)] 90866K->26162K(420864K), 0.0028300 secs] [Times: user=0.01 sys=0.00, real=0.00 secs] 
2019-01-01T15:01:46.842+0900: 79153.341: [GC (Allocation Failure) [PSYoungGen: 64896K->384K(65536K)] 90674K->26162K(420864K), 0.0030395 secs] [Times: user=0.01 sys=0.00, real=0.01 secs] 
2019-01-01T15:02:28.688+0900: 79195.187: [GC (Allocation Failure) [PSYoungGen: 64896K->768K(65536K)] 90674K->26546K(420864K), 0.0030663 secs] [Times: user=0.02 sys=0.00, real=0.00 secs] 
2019-01-01T15:03:08.878+0900: 79235.377: [GC (Allocation Failure) [PSYoungGen: 65280K->768K(65536K)] 91058K->26546K(420864K), 0.0037955 secs] [Times: user=0.01 sys=0.00, real=0.00 secs] 
2019-01-01T15:03:52.981+0900: 79279.480: [GC (Allocation Failure) [PSYoungGen: 65280K->704K(65536K)] 91058K->26482K(420864K), 0.0033464 secs] [Times: user=0.01 sys=0.00, real=0.01 secs] 
2019-01-01T15:04:46.646+0900: 79333.145: [GC (Allocation Failure) [PSYoungGen: 65216K->352K(65536K)] 90994K->26138K(420864K), 0.0030647 secs] [Times: user=0.01 sys=0.00, real=0.00 secs] 
2019-01-01T15:05:40.643+0900: 79387.142: [GC (Allocation Failure) [PSYoungGen: 64864K->448K(65536K)] 90650K->26234K(420864K), 0.0029701 secs] [Times: user=0.01 sys=0.00, real=0.01 secs] 
2019-01-01T15:06:38.107+0900: 79444.606: [GC (Allocation Failure) [PSYoungGen: 64960K->384K(65536K)] 90746K->26170K(420864K), 0.0025218 secs] [Times: user=0.01 sys=0.00, real=0.00 secs] 
2019-01-01T15:07:29.864+0900: 79496.363: [GC (Allocation Failure) [PSYoungGen: 64896K->480K(65536K)] 90682K->26266K(420864K), 0.0030089 secs] [Times: user=0.02 sys=0.00, real=0.00 secs] 
2019-01-01T15:08:18.044+0900: 79544.543: [GC (Allocation Failure) [PSYoungGen: 64992K->608K(65536K)] 90778K->26394K(420864K), 0.0027810 secs] [Times: user=0.01 sys=0.00, real=0.00 secs] 
2019-01-01T15:09:11.908+0900: 79598.407: [GC (Allocation Failure) [PSYoungGen: 65120K->416K(65536K)] 90906K->26202K(420864K), 0.0027649 secs] [Times: user=0.01 sys=0.00, real=0.00 secs] 
2019-01-01T15:10:09.495+0900: 79655.994: [GC (Allocation Failure) [PSYoungGen: 64928K->352K(65536K)] 90714K->26138K(420864K), 0.0025670 secs] [Times: user=0.01 sys=0.00, real=0.00 secs] 
2019-01-01T15:11:06.793+0900: 79713.292: [GC (Allocation Failure) [PSYoungGen: 64864K->288K(65536K)] 90650K->26074K(420864K), 0.0030717 secs] [Times: user=0.02 sys=0.00, real=0.01 secs] 
2019-01-01T15:12:04.941+0900: 79771.440: [GC (Allocation Failure) [PSYoungGen: 64800K->352K(65536K)] 90586K->26138K(420864K), 0.0030317 secs] [Times: user=0.01 sys=0.00, real=0.01 secs] 
2019-01-01T15:12:59.016+0900: 79825.515: [GC (Allocation Failure) [PSYoungGen: 64864K->448K(65536K)] 90650K->26234K(420864K), 0.0036680 secs] [Times: user=0.01 sys=0.00, real=0.00 secs] 
2019-01-01T15:13:52.364+0900: 79878.863: [GC (Allocation Failure) [PSYoungGen: 64960K->448K(65536K)] 90746K->26234K(420864K), 0.0030132 secs] [Times: user=0.01 sys=0.00, real=0.00 secs] 
2019-01-01T15:14:50.473+0900: 79936.972: [GC (Allocation Failure) [PSYoungGen: 64960K->288K(65536K)] 90746K->26074K(420864K), 0.0026161 secs] [Times: user=0.01 sys=0.00, real=0.01 secs] 
2019-01-01T15:15:48.132+0900: 79994.631: [GC (Allocation Failure) [PSYoungGen: 64800K->320K(65536K)] 90586K->26114K(420864K), 0.0031381 secs] [Times: user=0.02 sys=0.00, real=0.01 secs] 
2019-01-01T15:16:40.018+0900: 80046.517: [GC (Allocation Failure) [PSYoungGen: 64832K->416K(65536K)] 90626K->26218K(420864K), 0.0028127 secs] [Times: user=0.01 sys=0.00, real=0.00 secs] 
2019-01-01T15:17:36.059+0900: 80102.558: [GC (Allocation Failure) [PSYoungGen: 64928K->384K(65536K)] 90730K->26186K(420864K), 0.0031080 secs] [Times: user=0.01 sys=0.00, real=0.00 secs] 
2019-01-01T15:18:29.541+0900: 80156.040: [GC (Allocation Failure) [PSYoungGen: 64896K->448K(65536K)] 90698K->26250K(420864K), 0.0027448 secs] [Times: user=0.01 sys=0.00, real=0.01 secs] 
2019-01-01T15:19:25.390+0900: 80211.889: [GC (Allocation Failure) [PSYoungGen: 64960K->384K(65536K)] 90762K->26186K(420864K), 0.0029807 secs] [Times: user=0.01 sys=0.00, real=0.00 secs] 
2019-01-01T15:20:22.833+0900: 80269.332: [GC (Allocation Failure) [PSYoungGen: 64896K->352K(65536K)] 90698K->26154K(420864K), 0.0028436 secs] [Times: user=0.02 sys=0.00, real=0.01 secs] 
2019-01-01T15:21:18.012+0900: 80324.511: [GC (Allocation Failure) [PSYoungGen: 64864K->480K(65536K)] 90666K->26282K(420864K), 0.0027570 secs] [Times: user=0.01 sys=0.00, real=0.01 secs] 
2019-01-01T15:22:04.264+0900: 80370.763: [GC (Allocation Failure) [PSYoungGen: 64992K->640K(65536K)] 90794K->26450K(420864K), 0.0029946 secs] [Times: user=0.01 sys=0.00, real=0.00 secs] 
2019-01-01T15:22:54.461+0900: 80420.960: [GC (Allocation Failure) [PSYoungGen: 65152K->544K(65536K)] 90962K->26354K(420864K), 0.0033186 secs] [Times: user=0.01 sys=0.00, real=0.01 secs] 
2019-01-01T15:23:51.979+0900: 80478.478: [GC (Allocation Failure) [PSYoungGen: 65056K->352K(65536K)] 90866K->26162K(420864K), 0.0028275 secs] [Times: user=0.02 sys=0.00, real=0.00 secs] 
2019-01-01T15:24:47.910+0900: 80534.409: [GC (Allocation Failure) [PSYoungGen: 64864K->320K(65536K)] 90674K->26130K(420864K), 0.0030811 secs] [Times: user=0.01 sys=0.00, real=0.00 secs] 
2019-01-01T15:25:38.053+0900: 80584.552: [GC (Allocation Failure) [PSYoungGen: 64832K->448K(65536K)] 90642K->26258K(420864K), 0.0031781 secs] [Times: user=0.01 sys=0.00, real=0.01 secs] 
2019-01-01T15:26:29.564+0900: 80636.063: [GC (Allocation Failure) [PSYoungGen: 64960K->480K(65536K)] 90770K->26290K(420864K), 0.0030307 secs] [Times: user=0.02 sys=0.00, real=0.00 secs] 
2019-01-01T15:27:27.525+0900: 80694.024: [GC (Allocation Failure) [PSYoungGen: 64992K->320K(65536K)] 90802K->26130K(420864K), 0.0030110 secs] [Times: user=0.01 sys=0.00, real=0.00 secs] 
2019-01-01T15:28:25.015+0900: 80751.514: [GC (Allocation Failure) [PSYoungGen: 64832K->352K(65536K)] 90642K->26162K(420864K), 0.0028095 secs] [Times: user=0.01 sys=0.01, real=0.00 secs] 
2019-01-01T15:29:18.967+0900: 80805.466: [GC (Allocation Failure) [PSYoungGen: 64864K->416K(65536K)] 90674K->26226K(420864K), 0.0027676 secs] [Times: user=0.01 sys=0.00, real=0.00 secs] 
2019-01-01T15:30:11.171+0900: 80857.670: [GC (Allocation Failure) [PSYoungGen: 64928K->480K(65536K)] 90738K->26290K(420864K), 0.0034432 secs] [Times: user=0.02 sys=0.00, real=0.01 secs] 
2019-01-01T15:31:07.342+0900: 80913.841: [GC (Allocation Failure) [PSYoungGen: 64992K->352K(65536K)] 90802K->26162K(420864K), 0.0030787 secs] [Times: user=0.01 sys=0.00, real=0.01 secs] 
2019-01-01T15:31:58.114+0900: 80964.613: [GC (Allocation Failure) [PSYoungGen: 64864K->544K(65536K)] 90674K->26354K(420864K), 0.0032063 secs] [Times: user=0.01 sys=0.00, real=0.00 secs] 
2019-01-01T15:32:29.844+0900: 80996.343: [GC (Allocation Failure) [PSYoungGen: 65056K->960K(65536K)] 90866K->26770K(420864K), 0.0040139 secs] [Times: user=0.01 sys=0.00, real=0.00 secs] 
2019-01-01T15:33:25.923+0900: 81052.422: [GC (Allocation Failure) [PSYoungGen: 65472K->416K(65536K)] 91282K->26226K(420864K), 0.0032068 secs] [Times: user=0.01 sys=0.00, real=0.01 secs] 
2019-01-01T15:34:04.076+0900: 81090.575: [GC (Allocation Failure) [PSYoungGen: 64928K->672K(65536K)] 90738K->26482K(420864K), 0.0037420 secs] [Times: user=0.01 sys=0.00, real=0.00 secs] 
2019-01-01T15:34:54.277+0900: 81140.777: [GC (Allocation Failure) [PSYoungGen: 65184K->544K(65536K)] 90994K->26354K(420864K), 0.0034505 secs] [Times: user=0.01 sys=0.00, real=0.00 secs] 
2019-01-01T15:35:46.212+0900: 81192.711: [GC (Allocation Failure) [PSYoungGen: 65056K->480K(65536K)] 90866K->26298K(420864K), 0.0031585 secs] [Times: user=0.01 sys=0.00, real=0.01 secs] 
2019-01-01T15:36:40.137+0900: 81246.636: [GC (Allocation Failure) [PSYoungGen: 64992K->480K(65536K)] 90810K->26298K(420864K), 0.0027312 secs] [Times: user=0.01 sys=0.00, real=0.00 secs] 
2019-01-01T15:37:29.883+0900: 81296.382: [GC (Allocation Failure) [PSYoungGen: 64992K->544K(65536K)] 90810K->26362K(420864K), 0.0032071 secs] [Times: user=0.01 sys=0.00, real=0.01 secs] 
2019-01-01T15:38:25.340+0900: 81351.839: [GC (Allocation Failure) [PSYoungGen: 65056K->320K(65536K)] 90874K->26138K(420864K), 0.0032844 secs] [Times: user=0.01 sys=0.00, real=0.00 secs] 
2019-01-01T15:39:21.549+0900: 81408.048: [GC (Allocation Failure) [PSYoungGen: 64832K->320K(65536K)] 90650K->26138K(420864K), 0.0032996 secs] [Times: user=0.02 sys=0.00, real=0.00 secs] 
2019-01-01T15:40:11.582+0900: 81458.081: [GC (Allocation Failure) [PSYoungGen: 64832K->512K(65536K)] 90650K->26330K(420864K), 0.0036077 secs] [Times: user=0.01 sys=0.00, real=0.01 secs] 
2019-01-01T15:41:01.715+0900: 81508.214: [GC (Allocation Failure) [PSYoungGen: 65024K->512K(65536K)] 90842K->26338K(420864K), 0.0033023 secs] [Times: user=0.01 sys=0.00, real=0.00 secs] 
2019-01-01T15:41:51.906+0900: 81558.405: [GC (Allocation Failure) [PSYoungGen: 65024K->512K(65536K)] 90850K->26346K(420864K), 0.0034571 secs] [Times: user=0.01 sys=0.00, real=0.00 secs] 
2019-01-01T15:42:49.162+0900: 81615.661: [GC (Allocation Failure) [PSYoungGen: 65024K->352K(65536K)] 90858K->26186K(420864K), 0.0033563 secs] [Times: user=0.02 sys=0.00, real=0.01 secs] 
2019-01-01T15:43:39.329+0900: 81665.828: [GC (Allocation Failure) [PSYoungGen: 64864K->576K(65536K)] 90698K->26410K(420864K), 0.0027060 secs] [Times: user=0.01 sys=0.00, real=0.00 secs] 
2019-01-01T15:44:27.519+0900: 81714.018: [GC (Allocation Failure) [PSYoungGen: 65088K->544K(65536K)] 90922K->26378K(420864K), 0.0033943 secs] [Times: user=0.02 sys=0.00, real=0.00 secs] 
2019-01-01T15:45:17.227+0900: 81763.726: [GC (Allocation Failure) [PSYoungGen: 65056K->576K(65536K)] 90890K->26434K(420864K), 0.0031488 secs] [Times: user=0.02 sys=0.00, real=0.00 secs] 
2019-01-01T15:46:08.930+0900: 81815.429: [GC (Allocation Failure) [PSYoungGen: 65088K->480K(65536K)] 90946K->26338K(420864K), 0.0031954 secs] [Times: user=0.02 sys=0.00, real=0.01 secs] 
2019-01-01T15:47:06.570+0900: 81873.069: [GC (Allocation Failure) [PSYoungGen: 64992K->320K(65536K)] 90850K->26186K(420864K), 0.0027280 secs] [Times: user=0.01 sys=0.00, real=0.00 secs] 
2019-01-01T15:47:58.547+0900: 81925.046: [GC (Allocation Failure) [PSYoungGen: 64832K->448K(65536K)] 90698K->26314K(420864K), 0.0037828 secs] [Times: user=0.02 sys=0.00, real=0.00 secs] 
2019-01-01T15:48:44.095+0900: 81970.594: [GC (Allocation Failure) [PSYoungGen: 64960K->672K(65536K)] 90826K->26538K(420864K), 0.0033603 secs] [Times: user=0.01 sys=0.00, real=0.00 secs] 
2019-01-01T15:49:36.627+0900: 82023.126: [GC (Allocation Failure) [PSYoungGen: 65184K->480K(65536K)] 91050K->26346K(420864K), 0.0032290 secs] [Times: user=0.01 sys=0.00, real=0.00 secs] 
2019-01-01T15:50:30.030+0900: 82076.529: [GC (Allocation Failure) [PSYoungGen: 64992K->480K(65536K)] 90858K->26354K(420864K), 0.0031221 secs] [Times: user=0.01 sys=0.00, real=0.00 secs] 
2019-01-01T15:51:22.010+0900: 82128.509: [GC (Allocation Failure) [PSYoungGen: 64992K->512K(65536K)] 90866K->26386K(420864K), 0.0031232 secs] [Times: user=0.01 sys=0.00, real=0.00 secs] 
2019-01-01T15:52:18.241+0900: 82184.740: [GC (Allocation Failure) [PSYoungGen: 65024K->320K(65536K)] 90898K->26194K(420864K), 0.0030258 secs] [Times: user=0.01 sys=0.00, real=0.01 secs] 
2019-01-01T15:53:00.130+0900: 82226.629: [GC (Allocation Failure) [PSYoungGen: 64832K->640K(65536K)] 90706K->26514K(420864K), 0.0034973 secs] [Times: user=0.01 sys=0.00, real=0.00 secs] 
2019-01-01T15:53:47.754+0900: 82274.254: [GC (Allocation Failure) [PSYoungGen: 65152K->512K(65536K)] 91026K->26386K(420864K), 0.0034063 secs] [Times: user=0.01 sys=0.00, real=0.00 secs] 
2019-01-01T15:54:43.717+0900: 82330.216: [GC (Allocation Failure) [PSYoungGen: 65024K->320K(65536K)] 90898K->26194K(420864K), 0.0026483 secs] [Times: user=0.01 sys=0.00, real=0.00 secs] 
2019-01-01T15:55:33.374+0900: 82379.873: [GC (Allocation Failure) [PSYoungGen: 64832K->480K(65536K)] 90706K->26354K(420864K), 0.0028761 secs] [Times: user=0.01 sys=0.00, real=0.00 secs] 
2019-01-01T15:56:25.043+0900: 82431.542: [GC (Allocation Failure) [PSYoungGen: 64992K->448K(65536K)] 90866K->26322K(420864K), 0.0033016 secs] [Times: user=0.01 sys=0.01, real=0.01 secs] 
2019-01-01T15:57:08.751+0900: 82475.250: [GC (Allocation Failure) [PSYoungGen: 64960K->672K(65536K)] 90834K->26546K(420864K), 0.0032721 secs] [Times: user=0.01 sys=0.00, real=0.01 secs] 
2019-01-01T15:58:06.760+0900: 82533.259: [GC (Allocation Failure) [PSYoungGen: 65184K->352K(65536K)] 91058K->26226K(420864K), 0.0029710 secs] [Times: user=0.01 sys=0.00, real=0.00 secs] 
2019-01-01T15:58:56.250+0900: 82582.749: [GC (Allocation Failure) [PSYoungGen: 64864K->512K(65536K)] 90738K->26394K(420864K), 0.0033895 secs] [Times: user=0.01 sys=0.00, real=0.01 secs] 
2019-01-01T15:59:54.186+0900: 82640.685: [GC (Allocation Failure) [PSYoungGen: 65024K->352K(65536K)] 90906K->26234K(420864K), 0.0026639 secs] [Times: user=0.01 sys=0.00, real=0.00 secs] 
2019-01-01T16:00:45.927+0900: 82692.426: [GC (Allocation Failure) [PSYoungGen: 64864K->512K(65536K)] 90746K->26394K(420864K), 0.0028050 secs] [Times: user=0.01 sys=0.00, real=0.00 secs] 
2019-01-01T16:01:37.795+0900: 82744.294: [GC (Allocation Failure) [PSYoungGen: 65024K->480K(65536K)] 90906K->26362K(420864K), 0.0032038 secs] [Times: user=0.01 sys=0.00, real=0.00 secs] 
2019-01-01T16:02:25.055+0900: 82791.554: [GC (Allocation Failure) [PSYoungGen: 64992K->608K(65536K)] 90874K->26490K(420864K), 0.0034153 secs] [Times: user=0.01 sys=0.00, real=0.00 secs] 
2019-01-01T16:03:06.053+0900: 82832.552: [GC (Allocation Failure) [PSYoungGen: 65120K->768K(65536K)] 91002K->26650K(420864K), 0.0035124 secs] [Times: user=0.01 sys=0.00, real=0.01 secs] 
2019-01-01T16:03:48.254+0900: 82874.754: [GC (Allocation Failure) [PSYoungGen: 65280K->736K(65536K)] 91162K->26618K(420864K), 0.0034623 secs] [Times: user=0.01 sys=0.00, real=0.00 secs] 
2019-01-01T16:04:39.013+0900: 82925.512: [GC (Allocation Failure) [PSYoungGen: 65248K->544K(65536K)] 91130K->26426K(420864K), 0.0032722 secs] [Times: user=0.02 sys=0.00, real=0.01 secs] 
2019-01-01T16:05:31.975+0900: 82978.474: [GC (Allocation Failure) [PSYoungGen: 65056K->512K(65536K)] 90938K->26394K(420864K), 0.0029974 secs] [Times: user=0.01 sys=0.00, real=0.00 secs] 
2019-01-01T16:06:27.718+0900: 83034.217: [GC (Allocation Failure) [PSYoungGen: 65024K->384K(65536K)] 90906K->26266K(420864K), 0.0030938 secs] [Times: user=0.01 sys=0.00, real=0.00 secs] 
2019-01-01T16:07:25.648+0900: 83092.147: [GC (Allocation Failure) [PSYoungGen: 64896K->352K(65536K)] 90778K->26234K(420864K), 0.0027286 secs] [Times: user=0.01 sys=0.00, real=0.00 secs] 
2019-01-01T16:08:15.250+0900: 83141.749: [GC (Allocation Failure) [PSYoungGen: 64864K->544K(65536K)] 90746K->26426K(420864K), 0.0031315 secs] [Times: user=0.01 sys=0.00, real=0.00 secs] 
2019-01-01T16:09:13.362+0900: 83199.861: [GC (Allocation Failure) [PSYoungGen: 65056K->384K(65536K)] 90938K->26266K(420864K), 0.0028398 secs] [Times: user=0.02 sys=0.00, real=0.01 secs] 
2019-01-01T16:10:05.484+0900: 83251.983: [GC (Allocation Failure) [PSYoungGen: 64896K->480K(65536K)] 90778K->26362K(420864K), 0.0030790 secs] [Times: user=0.01 sys=0.00, real=0.01 secs] 
2019-01-01T16:11:01.389+0900: 83307.888: [GC (Allocation Failure) [PSYoungGen: 64992K->416K(65536K)] 90874K->26298K(420864K), 0.0030258 secs] [Times: user=0.01 sys=0.00, real=0.00 secs] 
2019-01-01T16:11:57.003+0900: 83363.502: [GC (Allocation Failure) [PSYoungGen: 64928K->352K(65536K)] 90810K->26234K(420864K), 0.0027065 secs] [Times: user=0.01 sys=0.00, real=0.01 secs] 
2019-01-01T16:12:48.643+0900: 83415.142: [GC (Allocation Failure) [PSYoungGen: 64864K->480K(65536K)] 90746K->26362K(420864K), 0.0033039 secs] [Times: user=0.01 sys=0.00, real=0.01 secs] 
2019-01-01T16:13:42.416+0900: 83468.915: [GC (Allocation Failure) [PSYoungGen: 64992K->384K(65536K)] 90874K->26266K(420864K), 0.0028972 secs] [Times: user=0.01 sys=0.00, real=0.00 secs] 
2019-01-01T16:14:40.646+0900: 83527.145: [GC (Allocation Failure) [PSYoungGen: 64896K->320K(65536K)] 90778K->26202K(420864K), 0.0029533 secs] [Times: user=0.01 sys=0.00, real=0.00 secs] 
2019-01-01T16:15:33.861+0900: 83580.360: [GC (Allocation Failure) [PSYoungGen: 64832K->448K(65536K)] 90714K->26338K(420864K), 0.0028522 secs] [Times: user=0.00 sys=0.01, real=0.01 secs] 
2019-01-01T16:16:31.851+0900: 83638.350: [GC (Allocation Failure) [PSYoungGen: 64960K->352K(65536K)] 90850K->26258K(420864K), 0.0029512 secs] [Times: user=0.02 sys=0.00, real=0.01 secs] 
2019-01-01T16:17:29.451+0900: 83695.950: [GC (Allocation Failure) [PSYoungGen: 64864K->352K(65536K)] 90770K->26266K(420864K), 0.0029950 secs] [Times: user=0.02 sys=0.00, real=0.01 secs] 
2019-01-01T16:18:23.428+0900: 83749.927: [GC (Allocation Failure) [PSYoungGen: 64864K->416K(65536K)] 90778K->26346K(420864K), 0.0031302 secs] [Times: user=0.01 sys=0.00, real=0.00 secs] 
2019-01-01T16:19:13.318+0900: 83799.817: [GC (Allocation Failure) [PSYoungGen: 64928K->544K(65536K)] 90858K->26474K(420864K), 0.0033071 secs] [Times: user=0.01 sys=0.01, real=0.00 secs] 
2019-01-01T16:20:06.254+0900: 83852.753: [GC (Allocation Failure) [PSYoungGen: 65056K->352K(65536K)] 90986K->26282K(420864K), 0.0032228 secs] [Times: user=0.01 sys=0.00, real=0.00 secs] 
2019-01-01T16:21:01.172+0900: 83907.671: [GC (Allocation Failure) [PSYoungGen: 64864K->448K(65536K)] 90794K->26378K(420864K), 0.0028397 secs] [Times: user=0.01 sys=0.00, real=0.01 secs] 
2019-01-01T16:21:58.509+0900: 83965.008: [GC (Allocation Failure) [PSYoungGen: 64960K->320K(65536K)] 90890K->26250K(420864K), 0.0031139 secs] [Times: user=0.01 sys=0.00, real=0.00 secs] 
2019-01-01T16:22:56.622+0900: 84023.121: [GC (Allocation Failure) [PSYoungGen: 64832K->288K(65536K)] 90762K->26218K(420864K), 0.0030099 secs] [Times: user=0.02 sys=0.00, real=0.01 secs] 
2019-01-01T16:23:52.179+0900: 84078.678: [GC (Allocation Failure) [PSYoungGen: 64800K->384K(65536K)] 90730K->26314K(420864K), 0.0027299 secs] [Times: user=0.01 sys=0.01, real=0.00 secs] 
2019-01-01T16:24:48.066+0900: 84134.565: [GC (Allocation Failure) [PSYoungGen: 64896K->352K(65536K)] 90826K->26282K(420864K), 0.0028392 secs] [Times: user=0.01 sys=0.00, real=0.00 secs] 
2019-01-01T16:25:43.928+0900: 84190.427: [GC (Allocation Failure) [PSYoungGen: 64864K->320K(65536K)] 90794K->26250K(420864K), 0.0029156 secs] [Times: user=0.01 sys=0.00, real=0.00 secs] 
2019-01-01T16:26:27.950+0900: 84234.449: [GC (Allocation Failure) [PSYoungGen: 64832K->672K(65536K)] 90762K->26602K(420864K), 0.0029433 secs] [Times: user=0.02 sys=0.00, real=0.00 secs] 
2019-01-01T16:27:25.670+0900: 84292.169: [GC (Allocation Failure) [PSYoungGen: 65184K->288K(65536K)] 91114K->26218K(420864K), 0.0029136 secs] [Times: user=0.01 sys=0.00, real=0.00 secs] 
2019-01-01T16:28:19.514+0900: 84346.013: [GC (Allocation Failure) [PSYoungGen: 64800K->448K(65536K)] 90730K->26378K(420864K), 0.0032634 secs] [Times: user=0.01 sys=0.00, real=0.00 secs] 
2019-01-01T16:29:03.403+0900: 84389.902: [GC (Allocation Failure) [PSYoungGen: 64960K->704K(65536K)] 90890K->26642K(420864K), 0.0033436 secs] [Times: user=0.02 sys=0.00, real=0.01 secs] 
2019-01-01T16:29:59.278+0900: 84445.777: [GC (Allocation Failure) [PSYoungGen: 65216K->384K(65536K)] 91154K->26322K(420864K), 0.0031111 secs] [Times: user=0.01 sys=0.00, real=0.00 secs] 
2019-01-01T16:30:53.489+0900: 84499.988: [GC (Allocation Failure) [PSYoungGen: 64896K->480K(65536K)] 90834K->26418K(420864K), 0.0029963 secs] [Times: user=0.01 sys=0.00, real=0.00 secs] 
2019-01-01T16:31:49.197+0900: 84555.696: [GC (Allocation Failure) [PSYoungGen: 64992K->352K(65536K)] 90930K->26290K(420864K), 0.0028959 secs] [Times: user=0.02 sys=0.00, real=0.00 secs] 
2019-01-01T16:32:29.203+0900: 84595.702: [GC (Allocation Failure) [PSYoungGen: 64859K->800K(65536K)] 90798K->26738K(420864K), 0.0035611 secs] [Times: user=0.01 sys=0.00, real=0.01 secs] 
2019-01-01T16:33:18.847+0900: 84645.346: [GC (Allocation Failure) [PSYoungGen: 65312K->544K(65536K)] 91250K->26482K(420864K), 0.0030689 secs] [Times: user=0.01 sys=0.01, real=0.00 secs] 
2019-01-01T16:34:03.032+0900: 84689.531: [GC (Allocation Failure) [PSYoungGen: 65056K->704K(65536K)] 90994K->26642K(420864K), 0.0030702 secs] [Times: user=0.01 sys=0.00, real=0.01 secs] 
2019-01-01T16:34:50.476+0900: 84736.975: [GC (Allocation Failure) [PSYoungGen: 65216K->544K(65536K)] 91154K->26482K(420864K), 0.0031893 secs] [Times: user=0.01 sys=0.00, real=0.00 secs] 
2019-01-01T16:35:46.631+0900: 84793.130: [GC (Allocation Failure) [PSYoungGen: 65056K->384K(65536K)] 90994K->26322K(420864K), 0.0029497 secs] [Times: user=0.01 sys=0.00, real=0.01 secs] 
2019-01-01T16:36:44.361+0900: 84850.860: [GC (Allocation Failure) [PSYoungGen: 64896K->320K(65536K)] 90834K->26258K(420864K), 0.0029756 secs] [Times: user=0.00 sys=0.00, real=0.01 secs] 
2019-01-01T16:37:36.847+0900: 84903.346: [GC (Allocation Failure) [PSYoungGen: 64832K->480K(65536K)] 90770K->26418K(420864K), 0.0028608 secs] [Times: user=0.01 sys=0.00, real=0.00 secs] 
2019-01-01T16:38:29.660+0900: 84956.159: [GC (Allocation Failure) [PSYoungGen: 64992K->448K(65536K)] 90930K->26386K(420864K), 0.0031225 secs] [Times: user=0.02 sys=0.00, real=0.00 secs] 
2019-01-01T16:39:23.476+0900: 85009.975: [GC (Allocation Failure) [PSYoungGen: 64960K->480K(65536K)] 90898K->26418K(420864K), 0.0027315 secs] [Times: user=0.01 sys=0.00, real=0.00 secs] 
2019-01-01T16:40:21.706+0900: 85068.205: [GC (Allocation Failure) [PSYoungGen: 64992K->320K(65536K)] 90930K->26258K(420864K), 0.0025652 secs] [Times: user=0.01 sys=0.00, real=0.00 secs] 
2019-01-01T16:41:11.352+0900: 85117.851: [GC (Allocation Failure) [PSYoungGen: 64832K->512K(65536K)] 90770K->26450K(420864K), 0.0028282 secs] [Times: user=0.01 sys=0.00, real=0.01 secs] 
2019-01-01T16:41:57.109+0900: 85163.608: [GC (Allocation Failure) [PSYoungGen: 65024K->608K(65536K)] 90962K->26546K(420864K), 0.0033071 secs] [Times: user=0.01 sys=0.00, real=0.00 secs] 
2019-01-01T16:42:42.973+0900: 85209.472: [GC (Allocation Failure) [PSYoungGen: 65120K->640K(65536K)] 91058K->26578K(420864K), 0.0031980 secs] [Times: user=0.02 sys=0.00, real=0.01 secs] 
2019-01-01T16:43:34.710+0900: 85261.209: [GC (Allocation Failure) [PSYoungGen: 65152K->384K(65536K)] 91090K->26322K(420864K), 0.0027757 secs] [Times: user=0.01 sys=0.00, real=0.00 secs] 
2019-01-01T16:44:26.331+0900: 85312.830: [GC (Allocation Failure) [PSYoungGen: 64896K->480K(65536K)] 90834K->26418K(420864K), 0.0031291 secs] [Times: user=0.01 sys=0.00, real=0.01 secs] 
2019-01-01T16:45:17.943+0900: 85364.442: [GC (Allocation Failure) [PSYoungGen: 64992K->512K(65536K)] 90930K->26466K(420864K), 0.0033191 secs] [Times: user=0.01 sys=0.00, real=0.01 secs] 
2019-01-01T16:46:08.077+0900: 85414.576: [GC (Allocation Failure) [PSYoungGen: 65024K->448K(65536K)] 90978K->26402K(420864K), 0.0031462 secs] [Times: user=0.01 sys=0.00, real=0.00 secs] 
2019-01-01T16:46:53.730+0900: 85460.229: [GC (Allocation Failure) [PSYoungGen: 64960K->576K(65536K)] 90914K->26538K(420864K), 0.0031050 secs] [Times: user=0.01 sys=0.00, real=0.00 secs] 
2019-01-01T16:47:37.815+0900: 85504.314: [GC (Allocation Failure) [PSYoungGen: 65088K->672K(65536K)] 91050K->26634K(420864K), 0.0035967 secs] [Times: user=0.01 sys=0.00, real=0.00 secs] 
2019-01-01T16:48:28.629+0900: 85555.128: [GC (Allocation Failure) [PSYoungGen: 65184K->448K(65536K)] 91146K->26410K(420864K), 0.0031281 secs] [Times: user=0.00 sys=0.01, real=0.00 secs] 
2019-01-01T16:49:19.821+0900: 85606.320: [GC (Allocation Failure) [PSYoungGen: 64960K->512K(65536K)] 90922K->26474K(420864K), 0.0033114 secs] [Times: user=0.02 sys=0.00, real=0.01 secs] 
2019-01-01T16:50:17.625+0900: 85664.124: [GC (Allocation Failure) [PSYoungGen: 65024K->352K(65536K)] 90986K->26314K(420864K), 0.0029156 secs] [Times: user=0.01 sys=0.00, real=0.00 secs] 
2019-01-01T16:51:11.263+0900: 85717.762: [GC (Allocation Failure) [PSYoungGen: 64864K->480K(65536K)] 90826K->26442K(420864K), 0.0031990 secs] [Times: user=0.01 sys=0.00, real=0.01 secs] 
2019-01-01T16:52:09.379+0900: 85775.878: [GC (Allocation Failure) [PSYoungGen: 64992K->320K(65536K)] 90954K->26282K(420864K), 0.0028495 secs] [Times: user=0.01 sys=0.00, real=0.00 secs] 
2019-01-01T16:52:59.298+0900: 85825.798: [GC (Allocation Failure) [PSYoungGen: 64832K->544K(65536K)] 90794K->26506K(420864K), 0.0030059 secs] [Times: user=0.01 sys=0.00, real=0.00 secs] 
2019-01-01T16:53:52.895+0900: 85879.394: [GC (Allocation Failure) [PSYoungGen: 65056K->416K(65536K)] 91018K->26378K(420864K), 0.0030890 secs] [Times: user=0.02 sys=0.00, real=0.00 secs] 
2019-01-01T16:54:51.122+0900: 85937.621: [GC (Allocation Failure) [PSYoungGen: 64928K->352K(65536K)] 90890K->26314K(420864K), 0.0031056 secs] [Times: user=0.02 sys=0.00, real=0.01 secs] 
2019-01-01T16:55:43.329+0900: 85989.828: [GC (Allocation Failure) [PSYoungGen: 64864K->480K(65536K)] 90826K->26442K(420864K), 0.0030626 secs] [Times: user=0.01 sys=0.00, real=0.00 secs] 
2019-01-01T16:56:29.306+0900: 86035.805: [GC (Allocation Failure) [PSYoungGen: 64992K->576K(65536K)] 90954K->26538K(420864K), 0.0031585 secs] [Times: user=0.02 sys=0.00, real=0.00 secs] 
2019-01-01T16:57:24.941+0900: 86091.440: [GC (Allocation Failure) [PSYoungGen: 65088K->448K(65536K)] 91050K->26410K(420864K), 0.0025464 secs] [Times: user=0.00 sys=0.01, real=0.01 secs] 
2019-01-01T16:58:22.146+0900: 86148.645: [GC (Allocation Failure) [PSYoungGen: 64960K->416K(65536K)] 90922K->26378K(420864K), 0.0025924 secs] [Times: user=0.01 sys=0.00, real=0.00 secs] 
2019-01-01T16:59:16.272+0900: 86202.771: [GC (Allocation Failure) [PSYoungGen: 64928K->416K(65536K)] 90890K->26378K(420864K), 0.0030350 secs] [Times: user=0.01 sys=0.00, real=0.01 secs] 
2019-01-01T17:00:08.357+0900: 86254.856: [GC (Allocation Failure) [PSYoungGen: 64928K->480K(65536K)] 90890K->26442K(420864K), 0.0028205 secs] [Times: user=0.01 sys=0.00, real=0.00 secs] 
2019-01-01T17:01:00.022+0900: 86306.521: [GC (Allocation Failure) [PSYoungGen: 64992K->480K(65536K)] 90954K->26450K(420864K), 0.0032407 secs] [Times: user=0.01 sys=0.00, real=0.01 secs] 
2019-01-01T17:01:49.804+0900: 86356.303: [GC (Allocation Failure) [PSYoungGen: 64992K->448K(65536K)] 90962K->26418K(420864K), 0.0034793 secs] [Times: user=0.01 sys=0.00, real=0.00 secs] 
2019-01-01T17:02:29.271+0900: 86395.770: [GC (Allocation Failure) [PSYoungGen: 64960K->768K(65536K)] 90930K->26738K(420864K), 0.0037719 secs] [Times: user=0.01 sys=0.00, real=0.01 secs] 
2019-01-01T17:03:09.817+0900: 86436.316: [GC (Allocation Failure) [PSYoungGen: 65280K->704K(65536K)] 91250K->26674K(420864K), 0.0035260 secs] [Times: user=0.01 sys=0.00, real=0.00 secs] 
2019-01-01T17:03:55.593+0900: 86482.092: [GC (Allocation Failure) [PSYoungGen: 65216K->608K(65536K)] 91186K->26578K(420864K), 0.0033133 secs] [Times: user=0.01 sys=0.01, real=0.01 secs] 
2019-01-01T17:04:49.452+0900: 86535.951: [GC (Allocation Failure) [PSYoungGen: 65120K->448K(65536K)] 91090K->26418K(420864K), 0.0029503 secs] [Times: user=0.01 sys=0.00, real=0.01 secs] 
2019-01-01T17:05:44.827+0900: 86591.326: [GC (Allocation Failure) [PSYoungGen: 64960K->384K(65536K)] 90930K->26354K(420864K), 0.0031105 secs] [Times: user=0.01 sys=0.00, real=0.00 secs] 
2019-01-01T17:06:42.668+0900: 86649.167: [GC (Allocation Failure) [PSYoungGen: 64896K->320K(65536K)] 90866K->26290K(420864K), 0.0029431 secs] [Times: user=0.01 sys=0.01, real=0.00 secs] 
2019-01-01T17:07:32.533+0900: 86699.032: [GC (Allocation Failure) [PSYoungGen: 64832K->416K(65536K)] 90802K->26386K(420864K), 0.0033060 secs] [Times: user=0.01 sys=0.00, real=0.01 secs] 
2019-01-01T17:08:28.348+0900: 86754.847: [GC (Allocation Failure) [PSYoungGen: 64928K->384K(65536K)] 90898K->26354K(420864K), 0.0029056 secs] [Times: user=0.01 sys=0.00, real=0.00 secs] 
2019-01-01T17:09:26.569+0900: 86813.068: [GC (Allocation Failure) [PSYoungGen: 64896K->352K(65536K)] 90866K->26322K(420864K), 0.0030477 secs] [Times: user=0.02 sys=0.00, real=0.00 secs] 
2019-01-01T17:10:20.739+0900: 86867.238: [GC (Allocation Failure) [PSYoungGen: 64864K->416K(65536K)] 90834K->26386K(420864K), 0.0031115 secs] [Times: user=0.01 sys=0.00, real=0.00 secs] 
2019-01-01T17:11:14.582+0900: 86921.081: [GC (Allocation Failure) [PSYoungGen: 64928K->416K(65536K)] 90898K->26386K(420864K), 0.0033636 secs] [Times: user=0.01 sys=0.00, real=0.01 secs] 
2019-01-01T17:12:02.350+0900: 86968.849: [GC (Allocation Failure) [PSYoungGen: 64928K->544K(65536K)] 90898K->26514K(420864K), 0.0031543 secs] [Times: user=0.01 sys=0.00, real=0.00 secs] 
2019-01-01T17:12:52.369+0900: 87018.868: [GC (Allocation Failure) [PSYoungGen: 65056K->512K(65536K)] 91026K->26482K(420864K), 0.0032249 secs] [Times: user=0.01 sys=0.00, real=0.00 secs] 
2019-01-01T17:13:44.252+0900: 87070.751: [GC (Allocation Failure) [PSYoungGen: 65024K->480K(65536K)] 90994K->26450K(420864K), 0.0030407 secs] [Times: user=0.01 sys=0.00, real=0.01 secs] 
2019-01-01T17:14:37.982+0900: 87124.481: [GC (Allocation Failure) [PSYoungGen: 64992K->416K(65536K)] 90962K->26386K(420864K), 0.0031927 secs] [Times: user=0.01 sys=0.00, real=0.01 secs] 
2019-01-01T17:15:27.975+0900: 87174.474: [GC (Allocation Failure) [PSYoungGen: 64928K->576K(65536K)] 90898K->26554K(420864K), 0.0034858 secs] [Times: user=0.01 sys=0.00, real=0.00 secs] 
2019-01-01T17:16:23.997+0900: 87230.496: [GC (Allocation Failure) [PSYoungGen: 65088K->352K(65536K)] 91066K->26338K(420864K), 0.0032263 secs] [Times: user=0.01 sys=0.00, real=0.00 secs] 
2019-01-01T17:17:15.836+0900: 87282.335: [GC (Allocation Failure) [PSYoungGen: 64864K->480K(65536K)] 90850K->26474K(420864K), 0.0031948 secs] [Times: user=0.01 sys=0.01, real=0.00 secs] 
2019-01-01T17:18:13.622+0900: 87340.121: [GC (Allocation Failure) [PSYoungGen: 64992K->384K(65536K)] 90986K->26378K(420864K), 0.0025593 secs] [Times: user=0.01 sys=0.00, real=0.01 secs] 
2019-01-01T17:19:03.453+0900: 87389.952: [GC (Allocation Failure) [PSYoungGen: 64896K->512K(65536K)] 90890K->26506K(420864K), 0.0032243 secs] [Times: user=0.01 sys=0.00, real=0.01 secs] 
2019-01-01T17:19:53.221+0900: 87439.720: [GC (Allocation Failure) [PSYoungGen: 65024K->544K(65536K)] 91018K->26538K(420864K), 0.0031432 secs] [Times: user=0.01 sys=0.01, real=0.01 secs] 
2019-01-01T17:20:42.880+0900: 87489.379: [GC (Allocation Failure) [PSYoungGen: 65045K->608K(65536K)] 91040K->26602K(420864K), 0.0033134 secs] [Times: user=0.01 sys=0.00, real=0.00 secs] 
2019-01-01T17:21:33.399+0900: 87539.899: [GC (Allocation Failure) [PSYoungGen: 65120K->576K(65536K)] 91114K->26570K(420864K), 0.0034501 secs] [Times: user=0.02 sys=0.00, real=0.00 secs] 
2019-01-01T17:22:27.183+0900: 87593.683: [GC (Allocation Failure) [PSYoungGen: 65088K->480K(65536K)] 91082K->26474K(420864K), 0.0030732 secs] [Times: user=0.01 sys=0.00, real=0.01 secs] 
2019-01-01T17:23:24.934+0900: 87651.433: [GC (Allocation Failure) [PSYoungGen: 64992K->352K(65536K)] 90986K->26354K(420864K), 0.0027628 secs] [Times: user=0.01 sys=0.00, real=0.01 secs] 
2019-01-01T17:24:23.078+0900: 87709.577: [GC (Allocation Failure) [PSYoungGen: 64864K->224K(65536K)] 90866K->26226K(420864K), 0.0029150 secs] [Times: user=0.01 sys=0.00, real=0.00 secs] 
2019-01-01T17:25:20.664+0900: 87767.163: [GC (Allocation Failure) [PSYoungGen: 64736K->288K(65536K)] 90738K->26290K(420864K), 0.0029585 secs] [Times: user=0.01 sys=0.00, real=0.00 secs] 
2019-01-01T17:26:14.726+0900: 87821.225: [GC (Allocation Failure) [PSYoungGen: 64800K->416K(65536K)] 90802K->26418K(420864K), 0.0031877 secs] [Times: user=0.01 sys=0.00, real=0.00 secs] 
2019-01-01T17:27:00.883+0900: 87867.382: [GC (Allocation Failure) [PSYoungGen: 64928K->640K(65536K)] 90930K->26650K(420864K), 0.0029981 secs] [Times: user=0.01 sys=0.00, real=0.01 secs] 
2019-01-01T17:27:58.915+0900: 87925.414: [GC (Allocation Failure) [PSYoungGen: 65152K->384K(65536K)] 91162K->26394K(420864K), 0.0029686 secs] [Times: user=0.02 sys=0.00, real=0.00 secs] 
2019-01-01T17:28:44.514+0900: 87971.013: [GC (Allocation Failure) [PSYoungGen: 64896K->608K(65536K)] 90906K->26634K(420864K), 0.0035782 secs] [Times: user=0.01 sys=0.00, real=0.00 secs] 
2019-01-01T17:29:38.986+0900: 88025.485: [GC (Allocation Failure) [PSYoungGen: 65120K->448K(65536K)] 91146K->26474K(420864K), 0.0026789 secs] [Times: user=0.01 sys=0.00, real=0.00 secs] 
2019-01-01T17:30:36.533+0900: 88083.032: [GC (Allocation Failure) [PSYoungGen: 64960K->384K(65536K)] 90986K->26410K(420864K), 0.0025747 secs] [Times: user=0.01 sys=0.00, real=0.01 secs] 
2019-01-01T17:31:32.753+0900: 88139.252: [GC (Allocation Failure) [PSYoungGen: 64896K->352K(65536K)] 90922K->26378K(420864K), 0.0028911 secs] [Times: user=0.01 sys=0.00, real=0.01 secs] 
2019-01-01T17:32:23.485+0900: 88189.984: [GC (Allocation Failure) [PSYoungGen: 64864K->576K(65536K)] 90890K->26602K(420864K), 0.0033010 secs] [Times: user=0.01 sys=0.00, real=0.00 secs] 
2019-01-01T17:33:00.097+0900: 88226.596: [GC (Allocation Failure) [PSYoungGen: 65088K->768K(65536K)] 91114K->26794K(420864K), 0.0036988 secs] [Times: user=0.01 sys=0.00, real=0.00 secs] 
2019-01-01T17:33:46.280+0900: 88272.779: [GC (Allocation Failure) [PSYoungGen: 65280K->640K(65536K)] 91306K->26666K(420864K), 0.0028832 secs] [Times: user=0.01 sys=0.00, real=0.00 secs] 
2019-01-01T17:34:30.533+0900: 88317.032: [GC (Allocation Failure) [PSYoungGen: 65152K->672K(65536K)] 91178K->26698K(420864K), 0.0035585 secs] [Times: user=0.01 sys=0.00, real=0.01 secs] 
2019-01-01T17:35:24.333+0900: 88370.832: [GC (Allocation Failure) [PSYoungGen: 65184K->480K(65536K)] 91210K->26506K(420864K), 0.0027478 secs] [Times: user=0.01 sys=0.00, real=0.01 secs] 
2019-01-01T17:36:09.852+0900: 88416.351: [GC (Allocation Failure) [PSYoungGen: 64992K->640K(65536K)] 91018K->26666K(420864K), 0.0033821 secs] [Times: user=0.01 sys=0.00, real=0.01 secs] 
2019-01-01T17:36:56.019+0900: 88462.518: [GC (Allocation Failure) [PSYoungGen: 65152K->608K(65536K)] 91178K->26634K(420864K), 0.0033698 secs] [Times: user=0.02 sys=0.00, real=0.00 secs] 
2019-01-01T17:37:47.982+0900: 88514.481: [GC (Allocation Failure) [PSYoungGen: 65120K->512K(65536K)] 91146K->26538K(420864K), 0.0032519 secs] [Times: user=0.01 sys=0.00, real=0.01 secs] 
2019-01-01T17:38:35.477+0900: 88561.976: [GC (Allocation Failure) [PSYoungGen: 65024K->576K(65536K)] 91050K->26602K(420864K), 0.0031906 secs] [Times: user=0.01 sys=0.00, real=0.00 secs] 
2019-01-01T17:39:23.599+0900: 88610.098: [GC (Allocation Failure) [PSYoungGen: 65088K->576K(65536K)] 91114K->26602K(420864K), 0.0032690 secs] [Times: user=0.01 sys=0.00, real=0.00 secs] 
2019-01-01T17:40:12.197+0900: 88658.696: [GC (Allocation Failure) [PSYoungGen: 65088K->640K(65536K)] 91114K->26666K(420864K), 0.0032343 secs] [Times: user=0.01 sys=0.00, real=0.00 secs] 
2019-01-01T17:41:01.702+0900: 88708.201: [GC (Allocation Failure) [PSYoungGen: 65152K->544K(65536K)] 91178K->26570K(420864K), 0.0032506 secs] [Times: user=0.02 sys=0.00, real=0.01 secs] 
2019-01-01T17:41:55.305+0900: 88761.804: [GC (Allocation Failure) [PSYoungGen: 65056K->416K(65536K)] 91082K->26442K(420864K), 0.0032848 secs] [Times: user=0.01 sys=0.00, real=0.00 secs] 
2019-01-01T17:42:53.410+0900: 88819.909: [GC (Allocation Failure) [PSYoungGen: 64928K->384K(65536K)] 90954K->26410K(420864K), 0.0025867 secs] [Times: user=0.01 sys=0.00, real=0.00 secs] 
2019-01-01T17:43:46.949+0900: 88873.448: [GC (Allocation Failure) [PSYoungGen: 64896K->448K(65536K)] 90922K->26474K(420864K), 0.0032127 secs] [Times: user=0.01 sys=0.00, real=0.00 secs] 
2019-01-01T17:44:44.706+0900: 88931.205: [GC (Allocation Failure) [PSYoungGen: 64960K->352K(65536K)] 90986K->26378K(420864K), 0.0028282 secs] [Times: user=0.01 sys=0.00, real=0.00 secs] 
2019-01-01T17:45:36.486+0900: 88982.986: [GC (Allocation Failure) [PSYoungGen: 64864K->480K(65536K)] 90890K->26506K(420864K), 0.0027324 secs] [Times: user=0.01 sys=0.00, real=0.00 secs] 
2019-01-01T17:46:28.245+0900: 89034.744: [GC (Allocation Failure) [PSYoungGen: 64992K->448K(65536K)] 91018K->26474K(420864K), 0.0030478 secs] [Times: user=0.01 sys=0.00, real=0.00 secs] 
2019-01-01T17:47:26.477+0900: 89092.976: [GC (Allocation Failure) [PSYoungGen: 64960K->320K(65536K)] 90986K->26346K(420864K), 0.0029095 secs] [Times: user=0.01 sys=0.00, real=0.00 secs] 
2019-01-01T17:48:20.148+0900: 89146.647: [GC (Allocation Failure) [PSYoungGen: 64832K->480K(65536K)] 90858K->26506K(420864K), 0.0030230 secs] [Times: user=0.01 sys=0.00, real=0.00 secs] 
2019-01-01T17:49:11.898+0900: 89198.397: [GC (Allocation Failure) [PSYoungGen: 64992K->480K(65536K)] 91018K->26506K(420864K), 0.0030834 secs] [Times: user=0.01 sys=0.00, real=0.00 secs] 
2019-01-01T17:50:03.883+0900: 89250.382: [GC (Allocation Failure) [PSYoungGen: 64992K->512K(65536K)] 91018K->26538K(420864K), 0.0030179 secs] [Times: user=0.01 sys=0.00, real=0.01 secs] 
2019-01-01T17:50:57.382+0900: 89303.881: [GC (Allocation Failure) [PSYoungGen: 65024K->384K(65536K)] 91050K->26418K(420864K), 0.0033052 secs] [Times: user=0.02 sys=0.00, real=0.01 secs] 
2019-01-01T17:51:43.481+0900: 89349.980: [GC (Allocation Failure) [PSYoungGen: 64896K->640K(65536K)] 90930K->26674K(420864K), 0.0030115 secs] [Times: user=0.01 sys=0.00, real=0.01 secs] 
2019-01-01T17:52:27.418+0900: 89393.917: [GC (Allocation Failure) [PSYoungGen: 65152K->704K(65536K)] 91186K->26738K(420864K), 0.0032660 secs] [Times: user=0.01 sys=0.00, real=0.00 secs] 
2019-01-01T17:53:23.489+0900: 89449.988: [GC (Allocation Failure) [PSYoungGen: 65216K->352K(65536K)] 91250K->26386K(420864K), 0.0031375 secs] [Times: user=0.01 sys=0.00, real=0.00 secs] 
2019-01-01T17:54:13.239+0900: 89499.738: [GC (Allocation Failure) [PSYoungGen: 64864K->512K(65536K)] 90898K->26546K(420864K), 0.0030685 secs] [Times: user=0.01 sys=0.00, real=0.00 secs] 
2019-01-01T17:55:01.247+0900: 89547.746: [GC (Allocation Failure) [PSYoungGen: 65024K->576K(65536K)] 91058K->26610K(420864K), 0.0029869 secs] [Times: user=0.01 sys=0.00, real=0.00 secs] 
2019-01-01T17:55:57.144+0900: 89603.643: [GC (Allocation Failure) [PSYoungGen: 65088K->352K(65536K)] 91122K->26386K(420864K), 0.0030244 secs] [Times: user=0.01 sys=0.00, real=0.01 secs] 
2019-01-01T17:56:47.437+0900: 89653.936: [GC (Allocation Failure) [PSYoungGen: 64864K->640K(65536K)] 90898K->26674K(420864K), 0.0032998 secs] [Times: user=0.01 sys=0.00, real=0.00 secs] 
2019-01-01T17:57:29.106+0900: 89695.605: [GC (Allocation Failure) [PSYoungGen: 65152K->736K(65536K)] 91186K->26770K(420864K), 0.0035586 secs] [Times: user=0.01 sys=0.00, real=0.00 secs] 
2019-01-01T17:58:13.074+0900: 89739.573: [GC (Allocation Failure) [PSYoungGen: 65248K->640K(65536K)] 91282K->26674K(420864K), 0.0039994 secs] [Times: user=0.01 sys=0.00, real=0.01 secs] 
2019-01-01T17:59:05.192+0900: 89791.691: [GC (Allocation Failure) [PSYoungGen: 65152K->480K(65536K)] 91186K->26514K(420864K), 0.0027877 secs] [Times: user=0.01 sys=0.00, real=0.01 secs] 
2019-01-01T17:59:50.991+0900: 89837.490: [GC (Allocation Failure) [PSYoungGen: 64992K->608K(65536K)] 91026K->26642K(420864K), 0.0034194 secs] [Times: user=0.02 sys=0.00, real=0.01 secs] 
2019-01-01T18:00:42.579+0900: 89889.078: [GC (Allocation Failure) [PSYoungGen: 65120K->480K(65536K)] 91154K->26514K(420864K), 0.0030586 secs] [Times: user=0.01 sys=0.00, real=0.00 secs] 
2019-01-01T18:01:32.834+0900: 89939.333: [GC (Allocation Failure) [PSYoungGen: 64992K->448K(65536K)] 91026K->26490K(420864K), 0.0032526 secs] [Times: user=0.01 sys=0.00, real=0.00 secs] 
2019-01-01T18:02:22.354+0900: 89988.853: [GC (Allocation Failure) [PSYoungGen: 64960K->512K(65536K)] 91002K->26594K(420864K), 0.0029066 secs] [Times: user=0.01 sys=0.00, real=0.00 secs] 
2019-01-01T18:02:55.027+0900: 90021.526: [GC (Allocation Failure) [PSYoungGen: 65024K->960K(65536K)] 91106K->27042K(420864K), 0.0040646 secs] [Times: user=0.01 sys=0.00, real=0.00 secs] 
2019-01-01T18:03:46.514+0900: 90073.013: [GC (Allocation Failure) [PSYoungGen: 65472K->416K(65536K)] 91554K->26506K(420864K), 0.0031879 secs] [Times: user=0.01 sys=0.00, real=0.01 secs] 
2019-01-01T18:04:30.522+0900: 90117.021: [GC (Allocation Failure) [PSYoungGen: 64928K->672K(65536K)] 91018K->26762K(420864K), 0.0035743 secs] [Times: user=0.02 sys=0.00, real=0.01 secs] 
2019-01-01T18:05:22.644+0900: 90169.143: [GC (Allocation Failure) [PSYoungGen: 65184K->480K(65536K)] 91274K->26570K(420864K), 0.0032511 secs] [Times: user=0.01 sys=0.01, real=0.00 secs] 
2019-01-01T18:06:12.559+0900: 90219.058: [GC (Allocation Failure) [PSYoungGen: 64992K->512K(65536K)] 91082K->26602K(420864K), 0.0033194 secs] [Times: user=0.01 sys=0.00, real=0.00 secs] 
2019-01-01T18:07:02.265+0900: 90268.764: [GC (Allocation Failure) [PSYoungGen: 65024K->576K(65536K)] 91114K->26666K(420864K), 0.0031511 secs] [Times: user=0.02 sys=0.00, real=0.00 secs] 
2019-01-01T18:07:56.330+0900: 90322.829: [GC (Allocation Failure) [PSYoungGen: 65088K->448K(65536K)] 91178K->26538K(420864K), 0.0031756 secs] [Times: user=0.02 sys=0.00, real=0.00 secs] 
2019-01-01T18:08:48.372+0900: 90374.871: [GC (Allocation Failure) [PSYoungGen: 64960K->480K(65536K)] 91050K->26570K(420864K), 0.0031281 secs] [Times: user=0.01 sys=0.00, real=0.01 secs] 
2019-01-01T18:09:40.414+0900: 90426.913: [GC (Allocation Failure) [PSYoungGen: 64992K->416K(65536K)] 91082K->26506K(420864K), 0.0031602 secs] [Times: user=0.01 sys=0.00, real=0.00 secs] 
2019-01-01T18:10:24.686+0900: 90471.185: [GC (Allocation Failure) [PSYoungGen: 64928K->640K(65536K)] 91018K->26730K(420864K), 0.0030509 secs] [Times: user=0.01 sys=0.00, real=0.00 secs] 
2019-01-01T18:11:16.292+0900: 90522.791: [GC (Allocation Failure) [PSYoungGen: 65152K->512K(65536K)] 91242K->26602K(420864K), 0.0030878 secs] [Times: user=0.01 sys=0.01, real=0.01 secs] 
2019-01-01T18:12:06.180+0900: 90572.679: [GC (Allocation Failure) [PSYoungGen: 65024K->512K(65536K)] 91114K->26602K(420864K), 0.0031559 secs] [Times: user=0.01 sys=0.00, real=0.00 secs] 
2019-01-01T18:13:03.522+0900: 90630.021: [GC (Allocation Failure) [PSYoungGen: 65024K->352K(65536K)] 91114K->26442K(420864K), 0.0029092 secs] [Times: user=0.01 sys=0.00, real=0.01 secs] 
2019-01-01T18:14:01.448+0900: 90687.947: [GC (Allocation Failure) [PSYoungGen: 64864K->352K(65536K)] 90954K->26450K(420864K), 0.0029251 secs] [Times: user=0.01 sys=0.00, real=0.00 secs] 
2019-01-01T18:14:54.958+0900: 90741.457: [GC (Allocation Failure) [PSYoungGen: 64864K->416K(65536K)] 90962K->26514K(420864K), 0.0031329 secs] [Times: user=0.01 sys=0.00, real=0.00 secs] 
2019-01-01T18:15:40.965+0900: 90787.464: [GC (Allocation Failure) [PSYoungGen: 64928K->672K(65536K)] 91026K->26778K(420864K), 0.0029445 secs] [Times: user=0.01 sys=0.00, real=0.00 secs] 
2019-01-01T18:16:29.071+0900: 90835.570: [GC (Allocation Failure) [PSYoungGen: 65184K->576K(65536K)] 91290K->26690K(420864K), 0.0034095 secs] [Times: user=0.01 sys=0.00, real=0.01 secs] 
2019-01-01T18:17:16.678+0900: 90883.178: [GC (Allocation Failure) [PSYoungGen: 65088K->544K(65536K)] 91202K->26666K(420864K), 0.0034495 secs] [Times: user=0.01 sys=0.00, real=0.00 secs] 
2019-01-01T18:18:08.711+0900: 90935.210: [GC (Allocation Failure) [PSYoungGen: 65056K->480K(65536K)] 91178K->26602K(420864K), 0.0032880 secs] [Times: user=0.01 sys=0.00, real=0.01 secs] 
2019-01-01T18:19:00.503+0900: 90987.002: [GC (Allocation Failure) [PSYoungGen: 64992K->480K(65536K)] 91114K->26602K(420864K), 0.0030802 secs] [Times: user=0.01 sys=0.00, real=0.01 secs] 
2019-01-01T18:19:45.804+0900: 91032.303: [GC (Allocation Failure) [PSYoungGen: 64992K->768K(65536K)] 91114K->26890K(420864K), 0.0030776 secs] [Times: user=0.01 sys=0.00, real=0.00 secs] 
2019-01-01T18:20:36.495+0900: 91082.994: [GC (Allocation Failure) [PSYoungGen: 65280K->512K(65536K)] 91402K->26634K(420864K), 0.0033579 secs] [Times: user=0.01 sys=0.00, real=0.00 secs] 
2019-01-01T18:21:20.650+0900: 91127.149: [GC (Allocation Failure) [PSYoungGen: 65024K->768K(65536K)] 91146K->26890K(420864K), 0.0035290 secs] [Times: user=0.01 sys=0.00, real=0.01 secs] 
2019-01-01T18:22:04.488+0900: 91170.987: [GC (Allocation Failure) [PSYoungGen: 65280K->704K(65536K)] 91402K->26826K(420864K), 0.0034347 secs] [Times: user=0.01 sys=0.00, real=0.00 secs] 
2019-01-01T18:22:59.838+0900: 91226.337: [GC (Allocation Failure) [PSYoungGen: 65216K->416K(65536K)] 91338K->26538K(420864K), 0.0028291 secs] [Times: user=0.01 sys=0.00, real=0.00 secs] 
2019-01-01T18:23:45.431+0900: 91271.930: [GC (Allocation Failure) [PSYoungGen: 64928K->544K(65536K)] 91050K->26666K(420864K), 0.0035627 secs] [Times: user=0.01 sys=0.01, real=0.01 secs] 
2019-01-01T18:24:43.238+0900: 91329.737: [GC (Allocation Failure) [PSYoungGen: 65056K->352K(65536K)] 91178K->26474K(420864K), 0.0028739 secs] [Times: user=0.01 sys=0.00, real=0.00 secs] 
2019-01-01T18:25:35.444+0900: 91381.943: [GC (Allocation Failure) [PSYoungGen: 64864K->512K(65536K)] 90986K->26634K(420864K), 0.0029518 secs] [Times: user=0.01 sys=0.00, real=0.00 secs] 
2019-01-01T18:26:21.619+0900: 91428.118: [GC (Allocation Failure) [PSYoungGen: 65024K->576K(65536K)] 91146K->26698K(420864K), 0.0033492 secs] [Times: user=0.01 sys=0.00, real=0.00 secs] 
2019-01-01T18:27:17.426+0900: 91483.925: [GC (Allocation Failure) [PSYoungGen: 65088K->384K(65536K)] 91210K->26506K(420864K), 0.0030829 secs] [Times: user=0.01 sys=0.00, real=0.00 secs] 
2019-01-01T18:28:15.078+0900: 91541.577: [GC (Allocation Failure) [PSYoungGen: 64896K->352K(65536K)] 91018K->26474K(420864K), 0.0025732 secs] [Times: user=0.01 sys=0.00, real=0.00 secs] 
2019-01-01T18:29:12.399+0900: 91598.898: [GC (Allocation Failure) [PSYoungGen: 64864K->288K(65536K)] 90986K->26410K(420864K), 0.0028304 secs] [Times: user=0.01 sys=0.00, real=0.00 secs] 
2019-01-01T18:30:02.500+0900: 91648.999: [GC (Allocation Failure) [PSYoungGen: 64800K->512K(65536K)] 90922K->26634K(420864K), 0.0031907 secs] [Times: user=0.01 sys=0.00, real=0.00 secs] 
2019-01-01T18:30:53.898+0900: 91700.397: [GC (Allocation Failure) [PSYoungGen: 65024K->448K(65536K)] 91146K->26570K(420864K), 0.0032098 secs] [Times: user=0.01 sys=0.00, real=0.00 secs] 
2019-01-01T18:31:38.234+0900: 91744.733: [GC (Allocation Failure) [PSYoungGen: 64960K->800K(65536K)] 91082K->26922K(420864K), 0.0034149 secs] [Times: user=0.02 sys=0.00, real=0.00 secs] 
2019-01-01T18:32:23.749+0900: 91790.248: [GC (Allocation Failure) [PSYoungGen: 65312K->736K(65536K)] 91434K->26858K(420864K), 0.0032885 secs] [Times: user=0.01 sys=0.00, real=0.00 secs] 
2019-01-01T18:32:56.184+0900: 91822.683: [GC (Allocation Failure) [PSYoungGen: 65248K->896K(65536K)] 91370K->27018K(420864K), 0.0036397 secs] [Times: user=0.01 sys=0.00, real=0.00 secs] 
2019-01-01T18:33:50.928+0900: 91877.427: [GC (Allocation Failure) [PSYoungGen: 65408K->416K(65536K)] 91530K->26538K(420864K), 0.0027492 secs] [Times: user=0.01 sys=0.00, real=0.00 secs] 
2019-01-01T18:34:40.596+0900: 91927.095: [GC (Allocation Failure) [PSYoungGen: 64928K->512K(65536K)] 91050K->26634K(420864K), 0.0028389 secs] [Times: user=0.01 sys=0.00, real=0.00 secs] 
2019-01-01T18:35:30.731+0900: 91977.230: [GC (Allocation Failure) [PSYoungGen: 65024K->512K(65536K)] 91146K->26634K(420864K), 0.0032677 secs] [Times: user=0.01 sys=0.00, real=0.01 secs] 
2019-01-01T18:36:24.018+0900: 92030.517: [GC (Allocation Failure) [PSYoungGen: 65024K->384K(65536K)] 91146K->26506K(420864K), 0.0029179 secs] [Times: user=0.01 sys=0.00, real=0.00 secs] 
2019-01-01T18:37:18.215+0900: 92084.714: [GC (Allocation Failure) [PSYoungGen: 64896K->480K(65536K)] 91018K->26602K(420864K), 0.0030412 secs] [Times: user=0.01 sys=0.00, real=0.00 secs] 
2019-01-01T18:38:14.376+0900: 92140.875: [GC (Allocation Failure) [PSYoungGen: 64992K->320K(65536K)] 91114K->26442K(420864K), 0.0029635 secs] [Times: user=0.01 sys=0.00, real=0.00 secs] 
2019-01-01T18:39:05.685+0900: 92192.184: [GC (Allocation Failure) [PSYoungGen: 64832K->384K(65536K)] 90954K->26506K(420864K), 0.0031442 secs] [Times: user=0.02 sys=0.00, real=0.00 secs] 
2019-01-01T18:39:58.470+0900: 92244.969: [GC (Allocation Failure) [PSYoungGen: 64896K->480K(65536K)] 91018K->26602K(420864K), 0.0028736 secs] [Times: user=0.01 sys=0.00, real=0.00 secs] 
2019-01-01T18:40:53.272+0900: 92299.771: [GC (Allocation Failure) [PSYoungGen: 64992K->320K(65536K)] 91114K->26442K(420864K), 0.0029807 secs] [Times: user=0.01 sys=0.00, real=0.01 secs] 
2019-01-01T18:41:51.144+0900: 92357.643: [GC (Allocation Failure) [PSYoungGen: 64832K->320K(65536K)] 90954K->26442K(420864K), 0.0025953 secs] [Times: user=0.01 sys=0.00, real=0.00 secs] 
2019-01-01T18:42:48.502+0900: 92415.001: [GC (Allocation Failure) [PSYoungGen: 64832K->320K(65536K)] 90954K->26442K(420864K), 0.0029743 secs] [Times: user=0.01 sys=0.00, real=0.01 secs] 
2019-01-01T18:43:42.261+0900: 92468.760: [GC (Allocation Failure) [PSYoungGen: 64832K->448K(65536K)] 90954K->26570K(420864K), 0.0031273 secs] [Times: user=0.01 sys=0.00, real=0.01 secs] 
2019-01-01T18:44:36.090+0900: 92522.589: [GC (Allocation Failure) [PSYoungGen: 64960K->384K(65536K)] 91082K->26506K(420864K), 0.0031621 secs] [Times: user=0.01 sys=0.00, real=0.00 secs] 
2019-01-01T18:45:23.425+0900: 92569.924: [GC (Allocation Failure) [PSYoungGen: 64896K->608K(65536K)] 91018K->26738K(420864K), 0.0031972 secs] [Times: user=0.01 sys=0.00, real=0.00 secs] 
2019-01-01T18:46:15.389+0900: 92621.888: [GC (Allocation Failure) [PSYoungGen: 65120K->512K(65536K)] 91250K->26650K(420864K), 0.0035907 secs] [Times: user=0.02 sys=0.00, real=0.00 secs] 
2019-01-01T18:47:01.083+0900: 92667.582: [GC (Allocation Failure) [PSYoungGen: 65024K->608K(65536K)] 91162K->26746K(420864K), 0.0035089 secs] [Times: user=0.01 sys=0.00, real=0.01 secs] 
2019-01-01T18:47:50.826+0900: 92717.325: [GC (Allocation Failure) [PSYoungGen: 65120K->512K(65536K)] 91258K->26658K(420864K), 0.0032506 secs] [Times: user=0.01 sys=0.00, real=0.00 secs] 
2019-01-01T18:48:41.673+0900: 92768.172: [GC (Allocation Failure) [PSYoungGen: 65024K->512K(65536K)] 91170K->26674K(420864K), 0.0031565 secs] [Times: user=0.01 sys=0.00, real=0.01 secs] 
2019-01-01T18:49:32.065+0900: 92818.564: [GC (Allocation Failure) [PSYoungGen: 65024K->544K(65536K)] 91186K->26714K(420864K), 0.0034034 secs] [Times: user=0.01 sys=0.00, real=0.00 secs] 
2019-01-01T18:50:26.463+0900: 92872.962: [GC (Allocation Failure) [PSYoungGen: 65056K->416K(65536K)] 91226K->26602K(420864K), 0.0030116 secs] [Times: user=0.02 sys=0.00, real=0.01 secs] 
2019-01-01T18:51:14.464+0900: 92920.963: [GC (Allocation Failure) [PSYoungGen: 64928K->576K(65536K)] 91114K->26762K(420864K), 0.0032739 secs] [Times: user=0.01 sys=0.00, real=0.00 secs] 
2019-01-01T18:52:11.949+0900: 92978.448: [GC (Allocation Failure) [PSYoungGen: 65088K->352K(65536K)] 91274K->26538K(420864K), 0.0029641 secs] [Times: user=0.02 sys=0.00, real=0.00 secs] 
2019-01-01T18:52:59.882+0900: 93026.381: [GC (Allocation Failure) [PSYoungGen: 64864K->544K(65536K)] 91050K->26730K(420864K), 0.0033067 secs] [Times: user=0.01 sys=0.00, real=0.01 secs] 
2019-01-01T18:53:53.353+0900: 93079.852: [GC (Allocation Failure) [PSYoungGen: 65056K->448K(65536K)] 91242K->26634K(420864K), 0.0029667 secs] [Times: user=0.01 sys=0.00, real=0.01 secs] 
2019-01-01T18:54:47.330+0900: 93133.829: [GC (Allocation Failure) [PSYoungGen: 64960K->416K(65536K)] 91146K->26602K(420864K), 0.0032830 secs] [Times: user=0.01 sys=0.00, real=0.00 secs] 
2019-01-01T18:55:45.521+0900: 93192.020: [GC (Allocation Failure) [PSYoungGen: 64928K->352K(65536K)] 91114K->26538K(420864K), 0.0029826 secs] [Times: user=0.02 sys=0.00, real=0.00 secs] 
2019-01-01T18:56:40.413+0900: 93246.912: [GC (Allocation Failure) [PSYoungGen: 64863K->544K(65536K)] 91050K->26730K(420864K), 0.0031389 secs] [Times: user=0.02 sys=0.00, real=0.01 secs] 
2019-01-01T18:57:28.693+0900: 93295.192: [GC (Allocation Failure) [PSYoungGen: 65056K->512K(65536K)] 91242K->26698K(420864K), 0.0030278 secs] [Times: user=0.02 sys=0.00, real=0.01 secs] 
2019-01-01T18:58:22.256+0900: 93348.755: [GC (Allocation Failure) [PSYoungGen: 65024K->416K(65536K)] 91210K->26602K(420864K), 0.0032776 secs] [Times: user=0.01 sys=0.00, real=0.00 secs] 
2019-01-01T18:59:16.235+0900: 93402.734: [GC (Allocation Failure) [PSYoungGen: 64928K->448K(65536K)] 91114K->26634K(420864K), 0.0031155 secs] [Times: user=0.01 sys=0.00, real=0.00 secs] 
2019-01-01T19:00:09.918+0900: 93456.417: [GC (Allocation Failure) [PSYoungGen: 64960K->416K(65536K)] 91146K->26602K(420864K), 0.0031299 secs] [Times: user=0.01 sys=0.00, real=0.00 secs] 
2019-01-01T19:01:07.676+0900: 93514.175: [GC (Allocation Failure) [PSYoungGen: 64928K->352K(65536K)] 91114K->26538K(420864K), 0.0025597 secs] [Times: user=0.01 sys=0.00, real=0.00 secs] 
2019-01-01T19:02:05.127+0900: 93571.626: [GC (Allocation Failure) [PSYoungGen: 64864K->352K(65536K)] 91050K->26538K(420864K), 0.0033280 secs] [Times: user=0.01 sys=0.00, real=0.00 secs] 
2019-01-01T19:02:38.849+0900: 93605.348: [GC (Allocation Failure) [PSYoungGen: 64864K->896K(65536K)] 91050K->27082K(420864K), 0.0037500 secs] [Times: user=0.02 sys=0.00, real=0.00 secs] 
2019-01-01T19:03:36.529+0900: 93663.028: [GC (Allocation Failure) [PSYoungGen: 65408K->384K(65536K)] 91594K->26570K(420864K), 0.0025475 secs] [Times: user=0.01 sys=0.00, real=0.00 secs] 
2019-01-01T19:04:19.037+0900: 93705.536: [GC (Allocation Failure) [PSYoungGen: 64896K->672K(65536K)] 91082K->26858K(420864K), 0.0035144 secs] [Times: user=0.02 sys=0.00, real=0.00 secs] 
2019-01-01T19:05:16.693+0900: 93763.192: [GC (Allocation Failure) [PSYoungGen: 65184K->352K(65536K)] 91370K->26538K(420864K), 0.0029865 secs] [Times: user=0.01 sys=0.00, real=0.01 secs] 
2019-01-01T19:06:06.562+0900: 93813.061: [GC (Allocation Failure) [PSYoungGen: 64864K->512K(65536K)] 91050K->26698K(420864K), 0.0032699 secs] [Times: user=0.01 sys=0.00, real=0.01 secs] 
2019-01-01T19:06:54.333+0900: 93860.832: [GC (Allocation Failure) [PSYoungGen: 65024K->512K(65536K)] 91210K->26698K(420864K), 0.0032461 secs] [Times: user=0.01 sys=0.00, real=0.01 secs] 
2019-01-01T19:07:46.104+0900: 93912.603: [GC (Allocation Failure) [PSYoungGen: 65024K->480K(65536K)] 91210K->26666K(420864K), 0.0030233 secs] [Times: user=0.01 sys=0.00, real=0.00 secs] 
2019-01-01T19:08:39.667+0900: 93966.166: [GC (Allocation Failure) [PSYoungGen: 64992K->448K(65536K)] 91178K->26634K(420864K), 0.0026831 secs] [Times: user=0.01 sys=0.00, real=0.00 secs] 
2019-01-01T19:09:33.873+0900: 94020.372: [GC (Allocation Failure) [PSYoungGen: 64960K->480K(65536K)] 91146K->26666K(420864K), 0.0029216 secs] [Times: user=0.01 sys=0.00, real=0.01 secs] 
2019-01-01T19:10:23.236+0900: 94069.735: [GC (Allocation Failure) [PSYoungGen: 64992K->544K(65536K)] 91178K->26730K(420864K), 0.0028993 secs] [Times: user=0.01 sys=0.00, real=0.00 secs] 
2019-01-01T19:11:07.302+0900: 94113.801: [GC (Allocation Failure) [PSYoungGen: 65056K->768K(65536K)] 91242K->26954K(420864K), 0.0029705 secs] [Times: user=0.02 sys=0.00, real=0.01 secs] 
2019-01-01T19:11:49.396+0900: 94155.895: [GC (Allocation Failure) [PSYoungGen: 65280K->768K(65536K)] 91466K->26954K(420864K), 0.0038163 secs] [Times: user=0.01 sys=0.00, real=0.00 secs] 
2019-01-01T19:12:42.831+0900: 94209.330: [GC (Allocation Failure) [PSYoungGen: 65280K->480K(65536K)] 91466K->26666K(420864K), 0.0026771 secs] [Times: user=0.01 sys=0.00, real=0.01 secs] 
2019-01-01T19:13:36.819+0900: 94263.318: [GC (Allocation Failure) [PSYoungGen: 64992K->480K(65536K)] 91178K->26666K(420864K), 0.0030282 secs] [Times: user=0.01 sys=0.00, real=0.00 secs] 
2019-01-01T19:14:25.010+0900: 94311.509: [GC (Allocation Failure) [PSYoungGen: 64992K->544K(65536K)] 91178K->26730K(420864K), 0.0033850 secs] [Times: user=0.01 sys=0.00, real=0.01 secs] 
2019-01-01T19:15:18.449+0900: 94364.948: [GC (Allocation Failure) [PSYoungGen: 65056K->416K(65536K)] 91242K->26610K(420864K), 0.0033952 secs] [Times: user=0.01 sys=0.00, real=0.00 secs] 
2019-01-01T19:16:16.449+0900: 94422.948: [GC (Allocation Failure) [PSYoungGen: 64928K->352K(65536K)] 91122K->26546K(420864K), 0.0029171 secs] [Times: user=0.01 sys=0.00, real=0.00 secs] 
2019-01-01T19:17:02.591+0900: 94469.090: [GC (Allocation Failure) [PSYoungGen: 64864K->640K(65536K)] 91058K->26842K(420864K), 0.0036732 secs] [Times: user=0.01 sys=0.00, real=0.01 secs] 
2019-01-01T19:17:47.867+0900: 94514.366: [GC (Allocation Failure) [PSYoungGen: 65152K->576K(65536K)] 91354K->26778K(420864K), 0.0032164 secs] [Times: user=0.01 sys=0.00, real=0.00 secs] 
2019-01-01T19:18:33.988+0900: 94560.487: [GC (Allocation Failure) [PSYoungGen: 65088K->576K(65536K)] 91290K->26778K(420864K), 0.0031591 secs] [Times: user=0.01 sys=0.00, real=0.00 secs] 
2019-01-01T19:19:20.167+0900: 94606.666: [GC (Allocation Failure) [PSYoungGen: 65088K->640K(65536K)] 91290K->26842K(420864K), 0.0033515 secs] [Times: user=0.01 sys=0.00, real=0.00 secs] 
2019-01-01T19:20:17.853+0900: 94664.352: [GC (Allocation Failure) [PSYoungGen: 65152K->320K(65536K)] 91354K->26522K(420864K), 0.0027489 secs] [Times: user=0.01 sys=0.00, real=0.01 secs] 
2019-01-01T19:21:05.616+0900: 94712.115: [GC (Allocation Failure) [PSYoungGen: 64832K->608K(65536K)] 91034K->26810K(420864K), 0.0032267 secs] [Times: user=0.01 sys=0.00, real=0.00 secs] 
2019-01-01T19:21:57.808+0900: 94764.307: [GC (Allocation Failure) [PSYoungGen: 65120K->416K(65536K)] 91322K->26618K(420864K), 0.0030452 secs] [Times: user=0.01 sys=0.00, real=0.00 secs] 
2019-01-01T19:22:53.635+0900: 94820.134: [GC (Allocation Failure) [PSYoungGen: 64928K->384K(65536K)] 91130K->26586K(420864K), 0.0031420 secs] [Times: user=0.02 sys=0.00, real=0.00 secs] 
2019-01-01T19:23:43.333+0900: 94869.832: [GC (Allocation Failure) [PSYoungGen: 64896K->544K(65536K)] 91098K->26746K(420864K), 0.0033409 secs] [Times: user=0.02 sys=0.00, real=0.01 secs] 
2019-01-01T19:24:31.408+0900: 94917.907: [GC (Allocation Failure) [PSYoungGen: 65056K->480K(65536K)] 91258K->26682K(420864K), 0.0028402 secs] [Times: user=0.01 sys=0.00, real=0.00 secs] 
2019-01-01T19:25:29.632+0900: 94976.131: [GC (Allocation Failure) [PSYoungGen: 64992K->320K(65536K)] 91194K->26522K(420864K), 0.0025936 secs] [Times: user=0.01 sys=0.00, real=0.01 secs] 
2019-01-01T19:26:21.235+0900: 95027.734: [GC (Allocation Failure) [PSYoungGen: 64832K->448K(65536K)] 91034K->26650K(420864K), 0.0029727 secs] [Times: user=0.01 sys=0.00, real=0.00 secs] 
2019-01-01T19:27:13.044+0900: 95079.543: [GC (Allocation Failure) [PSYoungGen: 64960K->512K(65536K)] 91162K->26714K(420864K), 0.0033913 secs] [Times: user=0.01 sys=0.00, real=0.00 secs] 
2019-01-01T19:28:06.465+0900: 95132.964: [GC (Allocation Failure) [PSYoungGen: 65024K->480K(65536K)] 91226K->26682K(420864K), 0.0031169 secs] [Times: user=0.01 sys=0.00, real=0.00 secs] 
2019-01-01T19:29:00.474+0900: 95186.973: [GC (Allocation Failure) [PSYoungGen: 64992K->384K(65536K)] 91194K->26586K(420864K), 0.0030822 secs] [Times: user=0.01 sys=0.00, real=0.00 secs] 
2019-01-01T19:29:53.697+0900: 95240.196: [GC (Allocation Failure) [PSYoungGen: 64896K->416K(65536K)] 91098K->26626K(420864K), 0.0028943 secs] [Times: user=0.01 sys=0.00, real=0.00 secs] 
2019-01-01T19:30:47.671+0900: 95294.170: [GC (Allocation Failure) [PSYoungGen: 64928K->384K(65536K)] 91138K->26594K(420864K), 0.0030623 secs] [Times: user=0.01 sys=0.00, real=0.01 secs] 
2019-01-01T19:31:37.753+0900: 95344.252: [GC (Allocation Failure) [PSYoungGen: 64896K->544K(65536K)] 91106K->26754K(420864K), 0.0030553 secs] [Times: user=0.01 sys=0.00, real=0.01 secs] 
2019-01-01T19:32:27.965+0900: 95394.464: [GC (Allocation Failure) [PSYoungGen: 65056K->640K(65536K)] 91266K->26850K(420864K), 0.0028127 secs] [Times: user=0.01 sys=0.00, real=0.00 secs] 
2019-01-01T19:33:09.481+0900: 95435.980: [GC (Allocation Failure) [PSYoungGen: 65152K->736K(65536K)] 91362K->26946K(420864K), 0.0035121 secs] [Times: user=0.02 sys=0.00, real=0.01 secs] 
2019-01-01T19:33:57.786+0900: 95484.285: [GC (Allocation Failure) [PSYoungGen: 65248K->608K(65536K)] 91458K->26818K(420864K), 0.0031496 secs] [Times: user=0.02 sys=0.00, real=0.00 secs] 
2019-01-01T19:34:45.340+0900: 95531.839: [GC (Allocation Failure) [PSYoungGen: 65120K->576K(65536K)] 91330K->26786K(420864K), 0.0030997 secs] [Times: user=0.01 sys=0.00, real=0.00 secs] 
2019-01-01T19:35:41.074+0900: 95587.573: [GC (Allocation Failure) [PSYoungGen: 65088K->352K(65536K)] 91298K->26562K(420864K), 0.0030118 secs] [Times: user=0.01 sys=0.00, real=0.00 secs] 
2019-01-01T19:36:30.715+0900: 95637.214: [GC (Allocation Failure) [PSYoungGen: 64864K->576K(65536K)] 91074K->26786K(420864K), 0.0033901 secs] [Times: user=0.01 sys=0.00, real=0.00 secs] 
2019-01-01T19:37:24.735+0900: 95691.234: [GC (Allocation Failure) [PSYoungGen: 65088K->416K(65536K)] 91298K->26626K(420864K), 0.0031568 secs] [Times: user=0.01 sys=0.00, real=0.00 secs] 
2019-01-01T19:38:22.704+0900: 95749.203: [GC (Allocation Failure) [PSYoungGen: 64928K->352K(65536K)] 91138K->26562K(420864K), 0.0029210 secs] [Times: user=0.01 sys=0.00, real=0.01 secs] 
2019-01-01T19:39:16.337+0900: 95802.837: [GC (Allocation Failure) [PSYoungGen: 64864K->448K(65536K)] 91074K->26666K(420864K), 0.0027097 secs] [Times: user=0.01 sys=0.00, real=0.00 secs] 
2019-01-01T19:40:14.134+0900: 95860.633: [GC (Allocation Failure) [PSYoungGen: 64960K->288K(65536K)] 91178K->26506K(420864K), 0.0037322 secs] [Times: user=0.02 sys=0.00, real=0.00 secs] 
2019-01-01T19:41:12.365+0900: 95918.864: [GC (Allocation Failure) [PSYoungGen: 64800K->320K(65536K)] 91018K->26538K(420864K), 0.0025773 secs] [Times: user=0.01 sys=0.00, real=0.00 secs] 
2019-01-01T19:42:06.227+0900: 95972.727: [GC (Allocation Failure) [PSYoungGen: 64832K->416K(65536K)] 91050K->26634K(420864K), 0.0032378 secs] [Times: user=0.01 sys=0.00, real=0.00 secs] 
2019-01-01T19:42:52.436+0900: 96018.935: [GC (Allocation Failure) [PSYoungGen: 64928K->576K(65536K)] 91146K->26794K(420864K), 0.0032872 secs] [Times: user=0.01 sys=0.00, real=0.00 secs] 
2019-01-01T19:43:44.366+0900: 96070.865: [GC (Allocation Failure) [PSYoungGen: 65088K->480K(65536K)] 91306K->26698K(420864K), 0.0031206 secs] [Times: user=0.01 sys=0.00, real=0.00 secs] 
2019-01-01T19:44:30.136+0900: 96116.635: [GC (Allocation Failure) [PSYoungGen: 64992K->640K(65536K)] 91210K->26858K(420864K), 0.0034042 secs] [Times: user=0.01 sys=0.00, real=0.00 secs] 
2019-01-01T19:45:22.337+0900: 96168.836: [GC (Allocation Failure) [PSYoungGen: 65152K->512K(65536K)] 91370K->26730K(420864K), 0.0030291 secs] [Times: user=0.01 sys=0.00, real=0.00 secs] 
2019-01-01T19:46:19.995+0900: 96226.494: [GC (Allocation Failure) [PSYoungGen: 65024K->384K(65536K)] 91242K->26610K(420864K), 0.0031511 secs] [Times: user=0.01 sys=0.00, real=0.00 secs] 
2019-01-01T19:47:03.964+0900: 96270.463: [GC (Allocation Failure) [PSYoungGen: 64896K->704K(65536K)] 91122K->26930K(420864K), 0.0034397 secs] [Times: user=0.02 sys=0.00, real=0.00 secs] 
2019-01-01T19:47:50.618+0900: 96317.117: [GC (Allocation Failure) [PSYoungGen: 65216K->608K(65536K)] 91442K->26842K(420864K), 0.0033044 secs] [Times: user=0.01 sys=0.00, real=0.00 secs] 
2019-01-01T19:48:35.557+0900: 96362.056: [GC (Allocation Failure) [PSYoungGen: 65120K->640K(65536K)] 91354K->26874K(420864K), 0.0035323 secs] [Times: user=0.01 sys=0.00, real=0.00 secs] 
2019-01-01T19:49:22.116+0900: 96408.615: [GC (Allocation Failure) [PSYoungGen: 65152K->736K(65536K)] 91386K->26986K(420864K), 0.0032893 secs] [Times: user=0.01 sys=0.00, real=0.00 secs] 
2019-01-01T19:50:13.541+0900: 96460.040: [GC (Allocation Failure) [PSYoungGen: 65248K->480K(65536K)] 91498K->26730K(420864K), 0.0031800 secs] [Times: user=0.01 sys=0.00, real=0.01 secs] 
2019-01-01T19:51:01.731+0900: 96508.231: [GC (Allocation Failure) [PSYoungGen: 64992K->576K(65536K)] 91242K->26826K(420864K), 0.0033919 secs] [Times: user=0.01 sys=0.00, real=0.01 secs] 
2019-01-01T19:51:46.486+0900: 96552.985: [GC (Allocation Failure) [PSYoungGen: 65088K->704K(65536K)] 91338K->26954K(420864K), 0.0032744 secs] [Times: user=0.01 sys=0.00, real=0.00 secs] 
2019-01-01T19:52:29.873+0900: 96596.372: [GC (Allocation Failure) [PSYoungGen: 65216K->800K(65536K)] 91466K->27050K(420864K), 0.0038067 secs] [Times: user=0.01 sys=0.00, real=0.01 secs] 
2019-01-01T19:53:20.750+0900: 96647.249: [GC (Allocation Failure) [PSYoungGen: 65312K->672K(65536K)] 91562K->26922K(420864K), 0.0031822 secs] [Times: user=0.01 sys=0.00, real=0.00 secs] 
2019-01-01T19:54:03.481+0900: 96689.980: [GC (Allocation Failure) [PSYoungGen: 65184K->672K(65536K)] 91434K->26922K(420864K), 0.0031101 secs] [Times: user=0.01 sys=0.00, real=0.01 secs] 
2019-01-01T19:54:49.254+0900: 96735.753: [GC (Allocation Failure) [PSYoungGen: 65184K->608K(65536K)] 91434K->26858K(420864K), 0.0034525 secs] [Times: user=0.01 sys=0.00, real=0.00 secs] 
2019-01-01T19:55:32.715+0900: 96779.214: [GC (Allocation Failure) [PSYoungGen: 65120K->768K(65536K)] 91370K->27018K(420864K), 0.0034260 secs] [Times: user=0.01 sys=0.00, real=0.00 secs] 
2019-01-01T19:56:18.914+0900: 96825.413: [GC (Allocation Failure) [PSYoungGen: 65280K->640K(65536K)] 91530K->26890K(420864K), 0.0033536 secs] [Times: user=0.01 sys=0.00, real=0.00 secs] 
2019-01-01T19:57:02.828+0900: 96869.327: [GC (Allocation Failure) [PSYoungGen: 65152K->640K(65536K)] 91402K->26890K(420864K), 0.0034295 secs] [Times: user=0.01 sys=0.01, real=0.00 secs] 
2019-01-01T19:57:52.381+0900: 96918.880: [GC (Allocation Failure) [PSYoungGen: 65152K->544K(65536K)] 91402K->26794K(420864K), 0.0032213 secs] [Times: user=0.01 sys=0.00, real=0.01 secs] 
2019-01-01T19:58:40.554+0900: 96967.053: [GC (Allocation Failure) [PSYoungGen: 65056K->544K(65536K)] 91306K->26802K(420864K), 0.0029314 secs] [Times: user=0.01 sys=0.00, real=0.00 secs] 
2019-01-01T19:59:28.478+0900: 97014.977: [GC (Allocation Failure) [PSYoungGen: 65056K->576K(65536K)] 91314K->26834K(420864K), 0.0032900 secs] [Times: user=0.01 sys=0.00, real=0.00 secs] 
2019-01-01T20:00:16.064+0900: 97062.564: [GC (Allocation Failure) [PSYoungGen: 65088K->608K(65536K)] 91346K->26866K(420864K), 0.0029010 secs] [Times: user=0.01 sys=0.00, real=0.00 secs] 
2019-01-01T20:01:04.086+0900: 97110.585: [GC (Allocation Failure) [PSYoungGen: 65102K->608K(65536K)] 91361K->26866K(420864K), 0.0034131 secs] [Times: user=0.02 sys=0.00, real=0.00 secs] 
2019-01-01T20:01:55.689+0900: 97162.188: [GC (Allocation Failure) [PSYoungGen: 65120K->480K(65536K)] 91378K->26738K(420864K), 0.0027898 secs] [Times: user=0.01 sys=0.00, real=0.00 secs] 
2019-01-01T20:02:31.989+0900: 97198.488: [GC (Allocation Failure) [PSYoungGen: 64992K->768K(65536K)] 91250K->27026K(420864K), 0.0037710 secs] [Times: user=0.01 sys=0.00, real=0.00 secs] 
2019-01-01T20:03:23.661+0900: 97250.160: [GC (Allocation Failure) [PSYoungGen: 65280K->480K(65536K)] 91538K->26746K(420864K), 0.0032105 secs] [Times: user=0.01 sys=0.00, real=0.01 secs] 
2019-01-01T20:04:03.874+0900: 97290.373: [GC (Allocation Failure) [PSYoungGen: 64992K->768K(65536K)] 91258K->27034K(420864K), 0.0035608 secs] [Times: user=0.01 sys=0.01, real=0.01 secs] 
2019-01-01T20:05:00.039+0900: 97346.538: [GC (Allocation Failure) [PSYoungGen: 65280K->352K(65536K)] 91546K->26618K(420864K), 0.0029674 secs] [Times: user=0.01 sys=0.00, real=0.00 secs] 
2019-01-01T20:05:51.775+0900: 97398.274: [GC (Allocation Failure) [PSYoungGen: 64864K->448K(65536K)] 91130K->26714K(420864K), 0.0031549 secs] [Times: user=0.01 sys=0.00, real=0.00 secs] 
2019-01-01T20:06:47.460+0900: 97453.959: [GC (Allocation Failure) [PSYoungGen: 64960K->384K(65536K)] 91226K->26650K(420864K), 0.0031525 secs] [Times: user=0.01 sys=0.00, real=0.00 secs] 
2019-01-01T20:07:35.293+0900: 97501.792: [GC (Allocation Failure) [PSYoungGen: 64896K->608K(65536K)] 91162K->26874K(420864K), 0.0033181 secs] [Times: user=0.01 sys=0.00, real=0.01 secs] 
2019-01-01T20:08:24.838+0900: 97551.337: [GC (Allocation Failure) [PSYoungGen: 65120K->480K(65536K)] 91386K->26746K(420864K), 0.0029084 secs] [Times: user=0.01 sys=0.00, real=0.00 secs] 
2019-01-01T20:09:14.386+0900: 97600.885: [GC (Allocation Failure) [PSYoungGen: 64992K->448K(65536K)] 91258K->26714K(420864K), 0.0031605 secs] [Times: user=0.01 sys=0.00, real=0.00 secs] 
2019-01-01T20:10:08.345+0900: 97654.844: [GC (Allocation Failure) [PSYoungGen: 64960K->416K(65536K)] 91226K->26682K(420864K), 0.0030256 secs] [Times: user=0.02 sys=0.00, real=0.00 secs] 
2019-01-01T20:11:00.504+0900: 97707.003: [GC (Allocation Failure) [PSYoungGen: 64928K->448K(65536K)] 91194K->26714K(420864K), 0.0031026 secs] [Times: user=0.01 sys=0.00, real=0.00 secs] 
2019-01-01T20:11:46.312+0900: 97752.811: [GC (Allocation Failure) [PSYoungGen: 64960K->576K(65536K)] 91226K->26842K(420864K), 0.0035095 secs] [Times: user=0.01 sys=0.00, real=0.01 secs] 
2019-01-01T20:12:38.193+0900: 97804.692: [GC (Allocation Failure) [PSYoungGen: 65088K->480K(65536K)] 91354K->26754K(420864K), 0.0032557 secs] [Times: user=0.02 sys=0.00, real=0.01 secs] 
2019-01-01T20:13:32.091+0900: 97858.590: [GC (Allocation Failure) [PSYoungGen: 64992K->448K(65536K)] 91266K->26722K(420864K), 0.0030373 secs] [Times: user=0.01 sys=0.00, real=0.01 secs] 
2019-01-01T20:14:20.277+0900: 97906.776: [GC (Allocation Failure) [PSYoungGen: 64960K->544K(65536K)] 91234K->26818K(420864K), 0.0033659 secs] [Times: user=0.02 sys=0.00, real=0.00 secs] 
2019-01-01T20:15:13.625+0900: 97960.124: [GC (Allocation Failure) [PSYoungGen: 65056K->448K(65536K)] 91330K->26730K(420864K), 0.0028364 secs] [Times: user=0.01 sys=0.00, real=0.00 secs] 
2019-01-01T20:16:01.764+0900: 98008.263: [GC (Allocation Failure) [PSYoungGen: 64960K->576K(65536K)] 91242K->26858K(420864K), 0.0034339 secs] [Times: user=0.01 sys=0.00, real=0.00 secs] 
2019-01-01T20:16:59.244+0900: 98065.743: [GC (Allocation Failure) [PSYoungGen: 65088K->352K(65536K)] 91370K->26642K(420864K), 0.0027432 secs] [Times: user=0.01 sys=0.00, real=0.00 secs] 
2019-01-01T20:17:53.346+0900: 98119.845: [GC (Allocation Failure) [PSYoungGen: 64864K->384K(65536K)] 91154K->26674K(420864K), 0.0027319 secs] [Times: user=0.01 sys=0.00, real=0.00 secs] 
2019-01-01T20:18:47.115+0900: 98173.614: [GC (Allocation Failure) [PSYoungGen: 64896K->480K(65536K)] 91186K->26770K(420864K), 0.0027364 secs] [Times: user=0.01 sys=0.00, real=0.00 secs] 
2019-01-01T20:19:42.668+0900: 98229.167: [GC (Allocation Failure) [PSYoungGen: 64992K->352K(65536K)] 91282K->26642K(420864K), 0.0031974 secs] [Times: user=0.01 sys=0.00, real=0.00 secs] 
2019-01-01T20:20:39.042+0900: 98285.541: [GC (Allocation Failure) [PSYoungGen: 64864K->352K(65536K)] 91154K->26642K(420864K), 0.0031274 secs] [Times: user=0.01 sys=0.00, real=0.01 secs] 
2019-01-01T20:21:30.951+0900: 98337.450: [GC (Allocation Failure) [PSYoungGen: 64864K->512K(65536K)] 91154K->26802K(420864K), 0.0030469 secs] [Times: user=0.01 sys=0.00, real=0.01 secs] 
2019-01-01T20:22:22.756+0900: 98389.255: [GC (Allocation Failure) [PSYoungGen: 65024K->480K(65536K)] 91314K->26770K(420864K), 0.0031967 secs] [Times: user=0.01 sys=0.00, real=0.00 secs] 
2019-01-01T20:23:16.347+0900: 98442.846: [GC (Allocation Failure) [PSYoungGen: 64992K->416K(65536K)] 91282K->26706K(420864K), 0.0030856 secs] [Times: user=0.01 sys=0.00, real=0.00 secs] 
2019-01-01T20:24:11.809+0900: 98498.308: [GC (Allocation Failure) [PSYoungGen: 64928K->320K(65536K)] 91218K->26610K(420864K), 0.0025470 secs] [Times: user=0.01 sys=0.00, real=0.00 secs] 
2019-01-01T20:24:59.801+0900: 98546.300: [GC (Allocation Failure) [PSYoungGen: 64832K->544K(65536K)] 91122K->26842K(420864K), 0.0029630 secs] [Times: user=0.01 sys=0.00, real=0.01 secs] 
2019-01-01T20:25:55.418+0900: 98601.917: [GC (Allocation Failure) [PSYoungGen: 65056K->384K(65536K)] 91354K->26682K(420864K), 0.0029511 secs] [Times: user=0.01 sys=0.00, real=0.00 secs] 
2019-01-01T20:26:41.204+0900: 98647.703: [GC (Allocation Failure) [PSYoungGen: 64896K->576K(65536K)] 91194K->26874K(420864K), 0.0034462 secs] [Times: user=0.01 sys=0.00, real=0.00 secs] 
2019-01-01T20:27:37.247+0900: 98703.746: [GC (Allocation Failure) [PSYoungGen: 65088K->416K(65536K)] 91386K->26730K(420864K), 0.0030832 secs] [Times: user=0.02 sys=0.00, real=0.00 secs] 
2019-01-01T20:28:23.714+0900: 98750.213: [GC (Allocation Failure) [PSYoungGen: 64928K->736K(65536K)] 91242K->27050K(420864K), 0.0035400 secs] [Times: user=0.01 sys=0.01, real=0.00 secs] 
2019-01-01T20:29:10.774+0900: 98797.273: [GC (Allocation Failure) [PSYoungGen: 65248K->608K(65536K)] 91562K->26922K(420864K), 0.0030365 secs] [Times: user=0.01 sys=0.00, real=0.00 secs] 
2019-01-01T20:30:00.148+0900: 98846.647: [GC (Allocation Failure) [PSYoungGen: 65120K->544K(65536K)] 91434K->26858K(420864K), 0.0032315 secs] [Times: user=0.01 sys=0.00, real=0.00 secs] 
2019-01-01T20:30:50.167+0900: 98896.666: [GC (Allocation Failure) [PSYoungGen: 65056K->512K(65536K)] 91370K->26826K(420864K), 0.0038229 secs] [Times: user=0.01 sys=0.00, real=0.00 secs] 
2019-01-01T20:31:43.410+0900: 98949.909: [GC (Allocation Failure) [PSYoungGen: 65024K->576K(65536K)] 91338K->26890K(420864K), 0.0027517 secs] [Times: user=0.01 sys=0.00, real=0.00 secs] 
2019-01-01T20:32:26.209+0900: 98992.708: [GC (Allocation Failure) [PSYoungGen: 65088K->736K(65536K)] 91402K->27050K(420864K), 0.0034502 secs] [Times: user=0.01 sys=0.00, real=0.00 secs] 
2019-01-01T20:33:07.854+0900: 99034.353: [GC (Allocation Failure) [PSYoungGen: 65248K->736K(65536K)] 91562K->27050K(420864K), 0.0035054 secs] [Times: user=0.01 sys=0.00, real=0.00 secs] 
2019-01-01T20:33:56.697+0900: 99083.196: [GC (Allocation Failure) [PSYoungGen: 65248K->576K(65536K)] 91562K->26898K(420864K), 0.0033766 secs] [Times: user=0.01 sys=0.00, real=0.00 secs] 
2019-01-01T20:34:47.735+0900: 99134.234: [GC (Allocation Failure) [PSYoungGen: 65088K->512K(65536K)] 91410K->26834K(420864K), 0.0030455 secs] [Times: user=0.01 sys=0.00, real=0.00 secs] 
2019-01-01T20:35:45.320+0900: 99191.819: [GC (Allocation Failure) [PSYoungGen: 65024K->320K(65536K)] 91346K->26642K(420864K), 0.0029605 secs] [Times: user=0.01 sys=0.00, real=0.00 secs] 
2019-01-01T20:36:43.174+0900: 99249.673: [GC (Allocation Failure) [PSYoungGen: 64832K->384K(65536K)] 91154K->26706K(420864K), 0.0030925 secs] [Times: user=0.02 sys=0.00, real=0.00 secs] 
2019-01-01T20:37:40.771+0900: 99307.270: [GC (Allocation Failure) [PSYoungGen: 64896K->288K(65536K)] 91218K->26610K(420864K), 0.0030933 secs] [Times: user=0.02 sys=0.00, real=0.01 secs] 
2019-01-01T20:38:39.003+0900: 99365.502: [GC (Allocation Failure) [PSYoungGen: 64800K->352K(65536K)] 91122K->26674K(420864K), 0.0029470 secs] [Times: user=0.01 sys=0.00, real=0.01 secs] 
2019-01-01T20:39:28.310+0900: 99414.809: [GC (Allocation Failure) [PSYoungGen: 64864K->480K(65536K)] 91186K->26802K(420864K), 0.0030702 secs] [Times: user=0.01 sys=0.01, real=0.00 secs] 
2019-01-01T20:40:18.395+0900: 99464.894: [GC (Allocation Failure) [PSYoungGen: 64992K->576K(65536K)] 91314K->26898K(420864K), 0.0032487 secs] [Times: user=0.02 sys=0.00, real=0.00 secs] 
2019-01-01T20:41:16.243+0900: 99522.742: [GC (Allocation Failure) [PSYoungGen: 65088K->352K(65536K)] 91410K->26674K(420864K), 0.0028595 secs] [Times: user=0.00 sys=0.00, real=0.01 secs] 
2019-01-01T20:42:14.133+0900: 99580.632: [GC (Allocation Failure) [PSYoungGen: 64864K->256K(65536K)] 91186K->26578K(420864K), 0.0029266 secs] [Times: user=0.01 sys=0.00, real=0.01 secs] 
2019-01-01T20:43:12.081+0900: 99638.580: [GC (Allocation Failure) [PSYoungGen: 64768K->384K(65536K)] 91090K->26706K(420864K), 0.0030545 secs] [Times: user=0.02 sys=0.00, real=0.01 secs] 
2019-01-01T20:43:54.232+0900: 99680.731: [GC (Allocation Failure) [PSYoungGen: 64896K->640K(65536K)] 91218K->26962K(420864K), 0.0034936 secs] [Times: user=0.01 sys=0.00, real=0.01 secs] 
2019-01-01T20:44:50.452+0900: 99736.951: [GC (Allocation Failure) [PSYoungGen: 65152K->416K(65536K)] 91474K->26738K(420864K), 0.0025684 secs] [Times: user=0.02 sys=0.00, real=0.01 secs] 
2019-01-01T20:45:42.271+0900: 99788.770: [GC (Allocation Failure) [PSYoungGen: 64928K->512K(65536K)] 91250K->26842K(420864K), 0.0028658 secs] [Times: user=0.01 sys=0.00, real=0.01 secs] 
2019-01-01T20:46:32.114+0900: 99838.613: [GC (Allocation Failure) [PSYoungGen: 65024K->544K(65536K)] 91354K->26882K(420864K), 0.0029797 secs] [Times: user=0.01 sys=0.00, real=0.01 secs] 
2019-01-01T20:47:22.046+0900: 99888.545: [GC (Allocation Failure) [PSYoungGen: 65056K->544K(65536K)] 91394K->26898K(420864K), 0.0032930 secs] [Times: user=0.01 sys=0.00, real=0.00 secs] 
2019-01-01T20:48:15.349+0900: 99941.848: [GC (Allocation Failure) [PSYoungGen: 65056K->416K(65536K)] 91410K->26770K(420864K), 0.0033698 secs] [Times: user=0.02 sys=0.00, real=0.00 secs] 
2019-01-01T20:49:11.523+0900: 99998.022: [GC (Allocation Failure) [PSYoungGen: 64928K->416K(65536K)] 91282K->26770K(420864K), 0.0026623 secs] [Times: user=0.02 sys=0.00, real=0.01 secs] 
2019-01-01T20:50:09.699+0900: 100056.198: [GC (Allocation Failure) [PSYoungGen: 64928K->352K(65536K)] 91282K->26706K(420864K), 0.0028729 secs] [Times: user=0.01 sys=0.00, real=0.00 secs] 
2019-01-01T20:51:07.031+0900: 100113.530: [GC (Allocation Failure) [PSYoungGen: 64864K->352K(65536K)] 91218K->26706K(420864K), 0.0028746 secs] [Times: user=0.02 sys=0.00, real=0.00 secs] 
2019-01-01T20:52:05.140+0900: 100171.639: [GC (Allocation Failure) [PSYoungGen: 64864K->352K(65536K)] 91218K->26706K(420864K), 0.0029638 secs] [Times: user=0.02 sys=0.00, real=0.00 secs] 
2019-01-01T20:53:02.630+0900: 100229.129: [GC (Allocation Failure) [PSYoungGen: 64864K->352K(65536K)] 91218K->26714K(420864K), 0.0026347 secs] [Times: user=0.01 sys=0.00, real=0.00 secs] 
2019-01-01T20:54:00.489+0900: 100286.988: [GC (Allocation Failure) [PSYoungGen: 64864K->352K(65536K)] 91226K->26738K(420864K), 0.0030907 secs] [Times: user=0.02 sys=0.00, real=0.00 secs] 
2019-01-01T20:54:55.824+0900: 100342.323: [GC (Allocation Failure) [PSYoungGen: 64864K->352K(65536K)] 91250K->26738K(420864K), 0.0025936 secs] [Times: user=0.01 sys=0.00, real=0.00 secs] 
2019-01-01T20:55:50.480+0900: 100396.979: [GC (Allocation Failure) [PSYoungGen: 64863K->384K(65536K)] 91250K->26770K(420864K), 0.0030047 secs] [Times: user=0.02 sys=0.00, real=0.00 secs] 
2019-01-01T20:56:47.607+0900: 100454.106: [GC (Allocation Failure) [PSYoungGen: 64896K->352K(65536K)] 91282K->26738K(420864K), 0.0031052 secs] [Times: user=0.01 sys=0.00, real=0.00 secs] 
2019-01-01T20:57:45.478+0900: 100511.977: [GC (Allocation Failure) [PSYoungGen: 64864K->320K(65536K)] 91250K->26706K(420864K), 0.0030684 secs] [Times: user=0.01 sys=0.00, real=0.00 secs] 
2019-01-01T20:58:43.576+0900: 100570.075: [GC (Allocation Failure) [PSYoungGen: 64832K->320K(65536K)] 91218K->26706K(420864K), 0.0029965 secs] [Times: user=0.01 sys=0.00, real=0.00 secs] 
2019-01-01T20:59:40.951+0900: 100627.450: [GC (Allocation Failure) [PSYoungGen: 64832K->352K(65536K)] 91218K->26738K(420864K), 0.0028221 secs] [Times: user=0.02 sys=0.00, real=0.01 secs] 
2019-01-01T21:00:31.125+0900: 100677.624: [GC (Allocation Failure) [PSYoungGen: 64864K->512K(65536K)] 91250K->26906K(420864K), 0.0033395 secs] [Times: user=0.01 sys=0.00, real=0.00 secs] 
2019-01-01T21:01:24.920+0900: 100731.419: [GC (Allocation Failure) [PSYoungGen: 65024K->416K(65536K)] 91418K->26810K(420864K), 0.0031487 secs] [Times: user=0.01 sys=0.00, real=0.00 secs] 
2019-01-01T21:02:20.553+0900: 100787.052: [GC (Allocation Failure) [PSYoungGen: 64928K->384K(65536K)] 91322K->26778K(420864K), 0.0031461 secs] [Times: user=0.01 sys=0.00, real=0.01 secs] 
2019-01-01T21:02:46.944+0900: 100813.443: [GC (Allocation Failure) [PSYoungGen: 64896K->1024K(65536K)] 91290K->27482K(420864K), 0.0038698 secs] [Times: user=0.01 sys=0.00, real=0.00 secs] 
2019-01-01T21:03:35.006+0900: 100861.505: [GC (Allocation Failure) [PSYoungGen: 65536K->576K(65536K)] 91994K->27034K(420864K), 0.0029460 secs] [Times: user=0.02 sys=0.00, real=0.00 secs] 
2019-01-01T21:04:19.092+0900: 100905.591: [GC (Allocation Failure) [PSYoungGen: 65088K->672K(65536K)] 91546K->27130K(420864K), 0.0034577 secs] [Times: user=0.01 sys=0.00, real=0.01 secs] 
2019-01-01T21:05:11.184+0900: 100957.683: [GC (Allocation Failure) [PSYoungGen: 65184K->480K(65536K)] 91642K->26938K(420864K), 0.0032223 secs] [Times: user=0.02 sys=0.00, real=0.00 secs] 
2019-01-01T21:06:05.511+0900: 101012.010: [GC (Allocation Failure) [PSYoungGen: 64992K->384K(65536K)] 91450K->26842K(420864K), 0.0031061 secs] [Times: user=0.01 sys=0.00, real=0.01 secs] 
2019-01-01T21:06:58.711+0900: 101065.210: [GC (Allocation Failure) [PSYoungGen: 64896K->512K(65536K)] 91354K->26970K(420864K), 0.0031603 secs] [Times: user=0.01 sys=0.00, real=0.01 secs] 
2019-01-01T21:07:52.088+0900: 101118.587: [GC (Allocation Failure) [PSYoungGen: 65024K->384K(65536K)] 91482K->26842K(420864K), 0.0031310 secs] [Times: user=0.01 sys=0.00, real=0.00 secs] 
2019-01-01T21:08:46.132+0900: 101172.631: [GC (Allocation Failure) [PSYoungGen: 64896K->416K(65536K)] 91354K->26874K(420864K), 0.0030845 secs] [Times: user=0.00 sys=0.01, real=0.01 secs] 
2019-01-01T21:09:43.927+0900: 101230.427: [GC (Allocation Failure) [PSYoungGen: 64928K->320K(65536K)] 91386K->26778K(420864K), 0.0030274 secs] [Times: user=0.01 sys=0.00, real=0.00 secs] 
2019-01-01T21:10:37.948+0900: 101284.447: [GC (Allocation Failure) [PSYoungGen: 64832K->448K(65536K)] 91290K->26906K(420864K), 0.0030223 secs] [Times: user=0.02 sys=0.00, real=0.00 secs] 
2019-01-01T21:11:35.790+0900: 101342.289: [GC (Allocation Failure) [PSYoungGen: 64960K->320K(65536K)] 91418K->26778K(420864K), 0.0028132 secs] [Times: user=0.01 sys=0.00, real=0.00 secs] 
2019-01-01T21:12:33.993+0900: 101400.492: [GC (Allocation Failure) [PSYoungGen: 64832K->288K(65536K)] 91290K->26746K(420864K), 0.0026431 secs] [Times: user=0.01 sys=0.00, real=0.01 secs] 
2019-01-01T21:13:31.561+0900: 101458.060: [GC (Allocation Failure) [PSYoungGen: 64800K->320K(65536K)] 91258K->26778K(420864K), 0.0029290 secs] [Times: user=0.01 sys=0.00, real=0.01 secs] 
2019-01-01T21:14:29.596+0900: 101516.095: [GC (Allocation Failure) [PSYoungGen: 64832K->320K(65536K)] 91290K->26786K(420864K), 0.0025788 secs] [Times: user=0.01 sys=0.00, real=0.00 secs] 
2019-01-01T21:15:27.522+0900: 101574.021: [GC (Allocation Failure) [PSYoungGen: 64832K->352K(65536K)] 91298K->26818K(420864K), 0.0025709 secs] [Times: user=0.02 sys=0.00, real=0.01 secs] 
2019-01-01T21:16:21.089+0900: 101627.588: [GC (Allocation Failure) [PSYoungGen: 64864K->480K(65536K)] 91330K->27010K(420864K), 0.0033326 secs] [Times: user=0.01 sys=0.00, real=0.00 secs] 
2019-01-01T21:17:14.857+0900: 101681.356: [GC (Allocation Failure) [PSYoungGen: 64992K->384K(65536K)] 91522K->26922K(420864K), 0.0027377 secs] [Times: user=0.02 sys=0.00, real=0.00 secs] 
2019-01-01T21:18:12.505+0900: 101739.004: [GC (Allocation Failure) [PSYoungGen: 64896K->224K(65536K)] 91434K->26786K(420864K), 0.0027529 secs] [Times: user=0.01 sys=0.00, real=0.00 secs] 
2019-01-01T21:19:10.572+0900: 101797.071: [GC (Allocation Failure) [PSYoungGen: 64736K->352K(65536K)] 91298K->26914K(420864K), 0.0031709 secs] [Times: user=0.01 sys=0.00, real=0.01 secs] 
2019-01-01T21:20:08.454+0900: 101854.953: [GC (Allocation Failure) [PSYoungGen: 64864K->320K(65536K)] 91426K->26882K(420864K), 0.0030333 secs] [Times: user=0.01 sys=0.00, real=0.00 secs] 
2019-01-01T21:21:02.015+0900: 101908.514: [GC (Allocation Failure) [PSYoungGen: 64832K->416K(65536K)] 91394K->26978K(420864K), 0.0031994 secs] [Times: user=0.01 sys=0.00, real=0.00 secs] 
2019-01-01T21:21:56.219+0900: 101962.718: [GC (Allocation Failure) [PSYoungGen: 64928K->384K(65536K)] 91490K->26946K(420864K), 0.0031879 secs] [Times: user=0.01 sys=0.00, real=0.00 secs] 
2019-01-01T21:22:54.098+0900: 102020.597: [GC (Allocation Failure) [PSYoungGen: 64896K->384K(65536K)] 91458K->26946K(420864K), 0.0029229 secs] [Times: user=0.01 sys=0.00, real=0.00 secs] 
2019-01-01T21:23:43.640+0900: 102070.139: [GC (Allocation Failure) [PSYoungGen: 64896K->544K(65536K)] 91458K->27106K(420864K), 0.0032515 secs] [Times: user=0.01 sys=0.00, real=0.00 secs] 
2019-01-01T21:24:37.755+0900: 102124.254: [GC (Allocation Failure) [PSYoungGen: 65056K->320K(65536K)] 91618K->26882K(420864K), 0.0032092 secs] [Times: user=0.01 sys=0.00, real=0.00 secs] 
2019-01-01T21:25:35.181+0900: 102181.680: [GC (Allocation Failure) [PSYoungGen: 64832K->320K(65536K)] 91394K->26882K(420864K), 0.0028180 secs] [Times: user=0.02 sys=0.00, real=0.01 secs] 
2019-01-01T21:26:29.228+0900: 102235.727: [GC (Allocation Failure) [PSYoungGen: 64832K->384K(65536K)] 91394K->26946K(420864K), 0.0029278 secs] [Times: user=0.01 sys=0.00, real=0.00 secs] 
2019-01-01T21:27:26.961+0900: 102293.460: [GC (Allocation Failure) [PSYoungGen: 64896K->320K(65536K)] 91458K->26882K(420864K), 0.0025377 secs] [Times: user=0.01 sys=0.00, real=0.00 secs] 
2019-01-01T21:28:24.733+0900: 102351.232: [GC (Allocation Failure) [PSYoungGen: 64832K->288K(65536K)] 91394K->26850K(420864K), 0.0029045 secs] [Times: user=0.00 sys=0.00, real=0.01 secs] 
2019-01-01T21:29:22.668+0900: 102409.167: [GC (Allocation Failure) [PSYoungGen: 64800K->320K(65536K)] 91362K->26882K(420864K), 0.0025072 secs] [Times: user=0.01 sys=0.00, real=0.00 secs] 
2019-01-01T21:30:20.182+0900: 102466.681: [GC (Allocation Failure) [PSYoungGen: 64832K->384K(65536K)] 91394K->26946K(420864K), 0.0025374 secs] [Times: user=0.02 sys=0.00, real=0.01 secs] 
2019-01-01T21:31:18.406+0900: 102524.905: [GC (Allocation Failure) [PSYoungGen: 64896K->416K(65536K)] 91458K->26978K(420864K), 0.0030821 secs] [Times: user=0.01 sys=0.00, real=0.00 secs] 
2019-01-01T21:32:10.183+0900: 102576.682: [GC (Allocation Failure) [PSYoungGen: 64928K->480K(65536K)] 91490K->27042K(420864K), 0.0031321 secs] [Times: user=0.01 sys=0.00, real=0.01 secs] 
2019-01-01T21:32:43.738+0900: 102610.237: [GC (Allocation Failure) [PSYoungGen: 64992K->864K(65536K)] 91554K->27426K(420864K), 0.0034841 secs] [Times: user=0.01 sys=0.00, real=0.00 secs] 
2019-01-01T21:33:30.224+0900: 102656.723: [GC (Allocation Failure) [PSYoungGen: 65376K->672K(65536K)] 91938K->27234K(420864K), 0.0035238 secs] [Times: user=0.01 sys=0.00, real=0.00 secs] 
2019-01-01T21:34:11.621+0900: 102698.120: [GC (Allocation Failure) [PSYoungGen: 65184K->800K(65536K)] 91746K->27362K(420864K), 0.0037332 secs] [Times: user=0.00 sys=0.00, real=0.01 secs] 
2019-01-01T21:35:01.357+0900: 102747.856: [GC (Allocation Failure) [PSYoungGen: 65312K->480K(65536K)] 91874K->27042K(420864K), 0.0032789 secs] [Times: user=0.01 sys=0.00, real=0.00 secs] 
2019-01-01T21:35:57.488+0900: 102803.987: [GC (Allocation Failure) [PSYoungGen: 64992K->320K(65536K)] 91554K->26882K(420864K), 0.0034828 secs] [Times: user=0.02 sys=0.00, real=0.00 secs] 
2019-01-01T21:36:54.807+0900: 102861.306: [GC (Allocation Failure) [PSYoungGen: 64832K->288K(65536K)] 91394K->26850K(420864K), 0.0027031 secs] [Times: user=0.01 sys=0.00, real=0.00 secs] 
2019-01-01T21:37:52.776+0900: 102919.275: [GC (Allocation Failure) [PSYoungGen: 64800K->320K(65536K)] 91362K->26882K(420864K), 0.0030945 secs] [Times: user=0.01 sys=0.00, real=0.00 secs] 
2019-01-01T21:38:48.361+0900: 102974.860: [GC (Allocation Failure) [PSYoungGen: 64832K->352K(65536K)] 91394K->26914K(420864K), 0.0031037 secs] [Times: user=0.01 sys=0.00, real=0.01 secs] 
2019-01-01T21:39:44.360+0900: 103030.859: [GC (Allocation Failure) [PSYoungGen: 64864K->288K(65536K)] 91426K->26850K(420864K), 0.0029868 secs] [Times: user=0.00 sys=0.01, real=0.00 secs] 
2019-01-01T21:40:42.111+0900: 103088.610: [GC (Allocation Failure) [PSYoungGen: 64800K->352K(65536K)] 91362K->26914K(420864K), 0.0028565 secs] [Times: user=0.01 sys=0.00, real=0.01 secs] 
2019-01-01T21:41:39.555+0900: 103146.054: [GC (Allocation Failure) [PSYoungGen: 64864K->288K(65536K)] 91426K->26850K(420864K), 0.0029263 secs] [Times: user=0.01 sys=0.00, real=0.00 secs] 
2019-01-01T21:42:33.022+0900: 103199.521: [GC (Allocation Failure) [PSYoungGen: 64800K->384K(65536K)] 91362K->26946K(420864K), 0.0034648 secs] [Times: user=0.01 sys=0.01, real=0.01 secs] 
2019-01-01T21:43:30.863+0900: 103257.362: [GC (Allocation Failure) [PSYoungGen: 64896K->320K(65536K)] 91458K->26882K(420864K), 0.0029008 secs] [Times: user=0.02 sys=0.00, real=0.01 secs] 
2019-01-01T21:44:28.472+0900: 103314.971: [GC (Allocation Failure) [PSYoungGen: 64832K->352K(65536K)] 91394K->26914K(420864K), 0.0029334 secs] [Times: user=0.01 sys=0.00, real=0.01 secs] 
2019-01-01T21:45:26.664+0900: 103373.163: [GC (Allocation Failure) [PSYoungGen: 64864K->352K(65536K)] 91426K->26914K(420864K), 0.0028564 secs] [Times: user=0.02 sys=0.00, real=0.00 secs] 
2019-01-01T21:46:24.540+0900: 103431.039: [GC (Allocation Failure) [PSYoungGen: 64864K->352K(65536K)] 91426K->26922K(420864K), 0.0028371 secs] [Times: user=0.01 sys=0.00, real=0.00 secs] 
2019-01-01T21:47:22.148+0900: 103488.647: [GC (Allocation Failure) [PSYoungGen: 64864K->288K(65536K)] 91434K->26858K(420864K), 0.0029233 secs] [Times: user=0.01 sys=0.00, real=0.00 secs] 
2019-01-01T21:48:19.797+0900: 103546.296: [GC (Allocation Failure) [PSYoungGen: 64800K->320K(65536K)] 91370K->26906K(420864K), 0.0029537 secs] [Times: user=0.01 sys=0.00, real=0.00 secs] 
2019-01-01T21:49:17.594+0900: 103604.093: [GC (Allocation Failure) [PSYoungGen: 64832K->384K(65536K)] 91418K->27002K(420864K), 0.0025857 secs] [Times: user=0.02 sys=0.00, real=0.00 secs] 
2019-01-01T21:50:15.580+0900: 103662.079: [GC (Allocation Failure) [PSYoungGen: 64896K->256K(65536K)] 91514K->26874K(420864K), 0.0027174 secs] [Times: user=0.01 sys=0.00, real=0.00 secs] 
2019-01-01T21:51:13.357+0900: 103719.856: [GC (Allocation Failure) [PSYoungGen: 64768K->320K(65536K)] 91386K->26938K(420864K), 0.0028611 secs] [Times: user=0.02 sys=0.00, real=0.00 secs] 
2019-01-01T21:52:11.272+0900: 103777.771: [GC (Allocation Failure) [PSYoungGen: 64832K->256K(65536K)] 91450K->26874K(420864K), 0.0029733 secs] [Times: user=0.01 sys=0.00, real=0.01 secs] 
2019-01-01T21:53:05.329+0900: 103831.828: [GC (Allocation Failure) [PSYoungGen: 64768K->416K(65536K)] 91386K->27034K(420864K), 0.0033212 secs] [Times: user=0.01 sys=0.00, real=0.00 secs] 
2019-01-01T21:54:02.918+0900: 103889.417: [GC (Allocation Failure) [PSYoungGen: 64928K->384K(65536K)] 91546K->27002K(420864K), 0.0027381 secs] [Times: user=0.01 sys=0.00, real=0.00 secs] 
2019-01-01T21:55:00.934+0900: 103947.433: [GC (Allocation Failure) [PSYoungGen: 64896K->320K(65536K)] 91514K->26938K(420864K), 0.0028051 secs] [Times: user=0.02 sys=0.00, real=0.00 secs] 
2019-01-01T21:55:59.043+0900: 104005.542: [GC (Allocation Failure) [PSYoungGen: 64832K->320K(65536K)] 91450K->26938K(420864K), 0.0030503 secs] [Times: user=0.02 sys=0.00, real=0.01 secs] 
2019-01-01T21:56:52.780+0900: 104059.279: [GC (Allocation Failure) [PSYoungGen: 64832K->448K(65536K)] 91450K->27106K(420864K), 0.0035301 secs] [Times: user=0.02 sys=0.00, real=0.01 secs] 
2019-01-01T21:57:44.563+0900: 104111.062: [GC (Allocation Failure) [PSYoungGen: 64960K->512K(65536K)] 91618K->27170K(420864K), 0.0033333 secs] [Times: user=0.01 sys=0.00, real=0.01 secs] 
2019-01-01T21:58:40.736+0900: 104167.235: [GC (Allocation Failure) [PSYoungGen: 65024K->352K(65536K)] 91682K->27010K(420864K), 0.0029512 secs] [Times: user=0.01 sys=0.00, real=0.00 secs] 
2019-01-01T21:59:36.165+0900: 104222.664: [GC (Allocation Failure) [PSYoungGen: 64864K->352K(65536K)] 91522K->27010K(420864K), 0.0030080 secs] [Times: user=0.01 sys=0.00, real=0.00 secs] 
2019-01-01T22:00:32.224+0900: 104278.723: [GC (Allocation Failure) [PSYoungGen: 64864K->416K(65536K)] 91522K->27074K(420864K), 0.0029783 secs] [Times: user=0.02 sys=0.00, real=0.00 secs] 
2019-01-01T22:01:29.958+0900: 104336.457: [GC (Allocation Failure) [PSYoungGen: 64928K->288K(65536K)] 91586K->26946K(420864K), 0.0029602 secs] [Times: user=0.01 sys=0.00, real=0.00 secs] 
2019-01-01T22:02:24.895+0900: 104391.394: [GC (Allocation Failure) [PSYoungGen: 64800K->480K(65536K)] 91458K->27138K(420864K), 0.0032087 secs] [Times: user=0.01 sys=0.00, real=0.00 secs] 
2019-01-01T22:02:58.846+0900: 104425.345: [GC (Allocation Failure) [PSYoungGen: 64992K->864K(65536K)] 91650K->27522K(420864K), 0.0037367 secs] [Times: user=0.01 sys=0.01, real=0.00 secs] 
2019-01-01T22:03:57.019+0900: 104483.518: [GC (Allocation Failure) [PSYoungGen: 65376K->320K(65536K)] 92034K->26978K(420864K), 0.0025812 secs] [Times: user=0.02 sys=0.00, real=0.00 secs] 
2019-01-01T22:04:42.683+0900: 104529.182: [GC (Allocation Failure) [PSYoungGen: 64832K->608K(65536K)] 91490K->27266K(420864K), 0.0033632 secs] [Times: user=0.01 sys=0.00, real=0.01 secs] 
2019-01-01T22:05:40.423+0900: 104586.922: [GC (Allocation Failure) [PSYoungGen: 65120K->288K(65536K)] 91778K->26946K(420864K), 0.0029352 secs] [Times: user=0.01 sys=0.00, real=0.01 secs] 
2019-01-01T22:06:34.012+0900: 104640.511: [GC (Allocation Failure) [PSYoungGen: 64800K->416K(65536K)] 91458K->27090K(420864K), 0.0031989 secs] [Times: user=0.01 sys=0.00, real=0.01 secs] 
2019-01-01T22:07:27.905+0900: 104694.404: [GC (Allocation Failure) [PSYoungGen: 64928K->384K(65536K)] 91602K->27058K(420864K), 0.0030582 secs] [Times: user=0.01 sys=0.00, real=0.00 secs] 
2019-01-01T22:08:26.071+0900: 104752.570: [GC (Allocation Failure) [PSYoungGen: 64896K->384K(65536K)] 91570K->27058K(420864K), 0.0032027 secs] [Times: user=0.01 sys=0.01, real=0.01 secs] 
2019-01-01T22:09:23.933+0900: 104810.432: [GC (Allocation Failure) [PSYoungGen: 64896K->352K(65536K)] 91570K->27026K(420864K), 0.0026882 secs] [Times: user=0.01 sys=0.00, real=0.01 secs] 
2019-01-01T22:10:21.694+0900: 104868.193: [GC (Allocation Failure) [PSYoungGen: 64864K->352K(65536K)] 91538K->27026K(420864K), 0.0029623 secs] [Times: user=0.01 sys=0.00, real=0.01 secs] 
2019-01-01T22:11:15.730+0900: 104922.229: [GC (Allocation Failure) [PSYoungGen: 64864K->448K(65536K)] 91538K->27138K(420864K), 0.0031854 secs] [Times: user=0.01 sys=0.00, real=0.00 secs] 
2019-01-01T22:12:13.585+0900: 104980.084: [GC (Allocation Failure) [PSYoungGen: 64960K->384K(65536K)] 91650K->27074K(420864K), 0.0028884 secs] [Times: user=0.02 sys=0.00, real=0.00 secs] 
2019-01-01T22:13:11.513+0900: 105038.012: [GC (Allocation Failure) [PSYoungGen: 64896K->320K(65536K)] 91586K->27010K(420864K), 0.0027012 secs] [Times: user=0.01 sys=0.00, real=0.01 secs] 
2019-01-01T22:14:09.412+0900: 105095.911: [GC (Allocation Failure) [PSYoungGen: 64832K->320K(65536K)] 91522K->27010K(420864K), 0.0027027 secs] [Times: user=0.01 sys=0.00, real=0.01 secs] 
2019-01-01T22:15:07.643+0900: 105154.142: [GC (Allocation Failure) [PSYoungGen: 64832K->384K(65536K)] 91522K->27074K(420864K), 0.0029489 secs] [Times: user=0.01 sys=0.00, real=0.01 secs] 
2019-01-01T22:16:05.684+0900: 105212.183: [GC (Allocation Failure) [PSYoungGen: 64896K->384K(65536K)] 91586K->27074K(420864K), 0.0029244 secs] [Times: user=0.01 sys=0.00, real=0.00 secs] 
2019-01-01T22:17:03.452+0900: 105269.951: [GC (Allocation Failure) [PSYoungGen: 64896K->352K(65536K)] 91586K->27058K(420864K), 0.0029619 secs] [Times: user=0.01 sys=0.00, real=0.01 secs] 
2019-01-01T22:18:01.335+0900: 105327.834: [GC (Allocation Failure) [PSYoungGen: 64864K->288K(65536K)] 91570K->26994K(420864K), 0.0027177 secs] [Times: user=0.01 sys=0.00, real=0.00 secs] 
2019-01-01T22:18:59.098+0900: 105385.597: [GC (Allocation Failure) [PSYoungGen: 64800K->320K(65536K)] 91506K->27026K(420864K), 0.0029311 secs] [Times: user=0.00 sys=0.00, real=0.00 secs] 
2019-01-01T22:19:57.015+0900: 105443.514: [GC (Allocation Failure) [PSYoungGen: 64832K->384K(65536K)] 91538K->27090K(420864K), 0.0031111 secs] [Times: user=0.01 sys=0.00, real=0.00 secs] 
2019-01-01T22:20:54.997+0900: 105501.496: [GC (Allocation Failure) [PSYoungGen: 64896K->320K(65536K)] 91602K->27042K(420864K), 0.0029620 secs] [Times: user=0.00 sys=0.00, real=0.00 secs] 
2019-01-01T22:21:52.663+0900: 105559.162: [GC (Allocation Failure) [PSYoungGen: 64832K->320K(65536K)] 91554K->27042K(420864K), 0.0027739 secs] [Times: user=0.01 sys=0.00, real=0.01 secs] 
2019-01-01T22:22:50.549+0900: 105617.048: [GC (Allocation Failure) [PSYoungGen: 64832K->352K(65536K)] 91554K->27074K(420864K), 0.0030264 secs] [Times: user=0.01 sys=0.00, real=0.00 secs] 
2019-01-01T22:23:48.451+0900: 105674.950: [GC (Allocation Failure) [PSYoungGen: 64864K->320K(65024K)] 91586K->27042K(420352K), 0.0029290 secs] [Times: user=0.01 sys=0.00, real=0.01 secs] 
2019-01-01T22:24:41.916+0900: 105728.415: [GC (Allocation Failure) [PSYoungGen: 64832K->416K(65024K)] 91554K->27138K(420352K), 0.0031214 secs] [Times: user=0.01 sys=0.00, real=0.00 secs] 
2019-01-01T22:25:39.702+0900: 105786.201: [GC (Allocation Failure) [PSYoungGen: 64928K->320K(65024K)] 91650K->27098K(420352K), 0.0028791 secs] [Times: user=0.01 sys=0.00, real=0.01 secs] 
2019-01-01T22:26:37.745+0900: 105844.244: [GC (Allocation Failure) [PSYoungGen: 64832K->384K(65024K)] 91610K->27162K(420352K), 0.0028753 secs] [Times: user=0.01 sys=0.00, real=0.00 secs] 
2019-01-01T22:27:35.596+0900: 105902.095: [GC (Allocation Failure) [PSYoungGen: 64896K->320K(65024K)] 91674K->27098K(420352K), 0.0029536 secs] [Times: user=0.01 sys=0.00, real=0.00 secs] 
2019-01-01T22:28:33.294+0900: 105959.793: [GC (Allocation Failure) [PSYoungGen: 64832K->320K(65024K)] 91610K->27098K(420352K), 0.0029141 secs] [Times: user=0.01 sys=0.00, real=0.00 secs] 
2019-01-01T22:29:26.725+0900: 106013.224: [GC (Allocation Failure) [PSYoungGen: 64832K->416K(65024K)] 91610K->27194K(420352K), 0.0032609 secs] [Times: user=0.02 sys=0.00, real=0.00 secs] 
2019-01-01T22:30:24.541+0900: 106071.040: [GC (Allocation Failure) [PSYoungGen: 64928K->352K(65024K)] 91706K->27130K(420352K), 0.0032812 secs] [Times: user=0.02 sys=0.01, real=0.01 secs] 
2019-01-01T22:31:22.482+0900: 106128.981: [GC (Allocation Failure) [PSYoungGen: 64864K->256K(65024K)] 91642K->27034K(420352K), 0.0029331 secs] [Times: user=0.01 sys=0.00, real=0.01 secs] 
2019-01-01T22:32:20.710+0900: 106187.210: [GC (Allocation Failure) [PSYoungGen: 64768K->384K(65024K)] 91546K->27162K(420352K), 0.0030588 secs] [Times: user=0.02 sys=0.00, real=0.00 secs] 
2019-01-01T22:32:54.856+0900: 106221.355: [GC (Allocation Failure) [PSYoungGen: 64896K->512K(65024K)] 91674K->27667K(420352K), 0.0038406 secs] [Times: user=0.01 sys=0.01, real=0.00 secs] 
2019-01-01T22:33:52.446+0900: 106278.945: [GC (Allocation Failure) [PSYoungGen: 65024K->320K(65536K)] 92179K->27475K(420864K), 0.0029610 secs] [Times: user=0.02 sys=0.00, real=0.00 secs] 
2019-01-01T22:34:38.520+0900: 106325.019: [GC (Allocation Failure) [PSYoungGen: 64832K->576K(65536K)] 91987K->27731K(420864K), 0.0034684 secs] [Times: user=0.01 sys=0.00, real=0.00 secs] 
2019-01-01T22:35:31.982+0900: 106378.481: [GC (Allocation Failure) [PSYoungGen: 65088K->416K(65536K)] 92243K->27571K(420864K), 0.0033821 secs] [Times: user=0.01 sys=0.00, real=0.01 secs] 
2019-01-01T22:36:29.688+0900: 106436.187: [GC (Allocation Failure) [PSYoungGen: 64928K->320K(65536K)] 92083K->27475K(420864K), 0.0031445 secs] [Times: user=0.01 sys=0.00, real=0.00 secs] 
2019-01-01T22:37:27.520+0900: 106494.019: [GC (Allocation Failure) [PSYoungGen: 64832K->352K(65536K)] 91987K->27507K(420864K), 0.0028102 secs] [Times: user=0.01 sys=0.00, real=0.00 secs] 
2019-01-01T22:38:25.150+0900: 106551.649: [GC (Allocation Failure) [PSYoungGen: 64864K->352K(65536K)] 92019K->27515K(420864K), 0.0030264 secs] [Times: user=0.01 sys=0.00, real=0.00 secs] 
2019-01-01T22:39:13.349+0900: 106599.848: [GC (Allocation Failure) [PSYoungGen: 64864K->576K(65536K)] 92027K->27739K(420864K), 0.0035962 secs] [Times: user=0.02 sys=0.00, real=0.00 secs] 
2019-01-01T22:40:05.462+0900: 106651.961: [GC (Allocation Failure) [PSYoungGen: 65088K->512K(65536K)] 92251K->27675K(420864K), 0.0032665 secs] [Times: user=0.01 sys=0.00, real=0.01 secs] 
2019-01-01T22:41:03.339+0900: 106709.838: [GC (Allocation Failure) [PSYoungGen: 65024K->384K(65536K)] 92187K->27547K(420864K), 0.0029839 secs] [Times: user=0.01 sys=0.00, real=0.00 secs] 
2019-01-01T22:42:01.162+0900: 106767.661: [GC (Allocation Failure) [PSYoungGen: 64896K->384K(65536K)] 92059K->27547K(420864K), 0.0029393 secs] [Times: user=0.01 sys=0.01, real=0.01 secs] 
2019-01-01T22:42:58.900+0900: 106825.399: [GC (Allocation Failure) [PSYoungGen: 64896K->384K(65536K)] 92059K->27555K(420864K), 0.0029132 secs] [Times: user=0.01 sys=0.00, real=0.00 secs] 
2019-01-01T22:43:54.461+0900: 106880.960: [GC (Allocation Failure) [PSYoungGen: 64896K->384K(65536K)] 92067K->27555K(420864K), 0.0030977 secs] [Times: user=0.01 sys=0.00, real=0.01 secs] 
2019-01-01T22:44:48.536+0900: 106935.035: [GC (Allocation Failure) [PSYoungGen: 64896K->448K(65536K)] 92067K->27619K(420864K), 0.0032529 secs] [Times: user=0.01 sys=0.00, real=0.00 secs] 
2019-01-01T22:45:39.931+0900: 106986.430: [GC (Allocation Failure) [PSYoungGen: 64960K->512K(65536K)] 92131K->27683K(420864K), 0.0032831 secs] [Times: user=0.01 sys=0.00, real=0.01 secs] 
2019-01-01T22:46:36.092+0900: 107042.591: [GC (Allocation Failure) [PSYoungGen: 65024K->320K(65536K)] 92195K->27523K(420864K), 0.0032220 secs] [Times: user=0.01 sys=0.00, real=0.01 secs] 
2019-01-01T22:47:33.593+0900: 107100.092: [GC (Allocation Failure) [PSYoungGen: 64832K->352K(65536K)] 92035K->27619K(420864K), 0.0032482 secs] [Times: user=0.01 sys=0.00, real=0.01 secs] 
2019-01-01T22:48:27.532+0900: 107154.031: [GC (Allocation Failure) [PSYoungGen: 64864K->416K(65536K)] 92131K->27707K(420864K), 0.0031248 secs] [Times: user=0.01 sys=0.00, real=0.01 secs] 
2019-01-01T22:49:21.457+0900: 107207.956: [GC (Allocation Failure) [PSYoungGen: 64928K->480K(65536K)] 92219K->27795K(420864K), 0.0032378 secs] [Times: user=0.01 sys=0.00, real=0.00 secs] 
2019-01-01T22:50:19.031+0900: 107265.530: [GC (Allocation Failure) [PSYoungGen: 64992K->384K(65536K)] 92307K->27699K(420864K), 0.0030489 secs] [Times: user=0.00 sys=0.01, real=0.01 secs] 
2019-01-01T22:51:13.242+0900: 107319.741: [GC (Allocation Failure) [PSYoungGen: 64896K->416K(65536K)] 92211K->27731K(420864K), 0.0033257 secs] [Times: user=0.01 sys=0.00, real=0.01 secs] 
2019-01-01T22:52:10.643+0900: 107377.142: [GC (Allocation Failure) [PSYoungGen: 64928K->352K(65536K)] 92243K->27667K(420864K), 0.0029705 secs] [Times: user=0.01 sys=0.00, real=0.01 secs] 
2019-01-01T22:53:07.981+0900: 107434.480: [GC (Allocation Failure) [PSYoungGen: 64864K->320K(65536K)] 92179K->27635K(420864K), 0.0029229 secs] [Times: user=0.01 sys=0.00, real=0.01 secs] 
2019-01-01T22:54:05.920+0900: 107492.419: [GC (Allocation Failure) [PSYoungGen: 64832K->384K(65536K)] 92147K->27707K(420864K), 0.0030159 secs] [Times: user=0.01 sys=0.00, real=0.00 secs] 
2019-01-01T22:54:55.746+0900: 107542.245: [GC (Allocation Failure) [PSYoungGen: 64896K->512K(65536K)] 92219K->27835K(420864K), 0.0031296 secs] [Times: user=0.01 sys=0.00, real=0.00 secs] 
2019-01-01T22:55:53.348+0900: 107599.847: [GC (Allocation Failure) [PSYoungGen: 65024K->288K(65536K)] 92347K->27611K(420864K), 0.0028240 secs] [Times: user=0.01 sys=0.01, real=0.00 secs] 
2019-01-01T22:56:51.248+0900: 107657.747: [GC (Allocation Failure) [PSYoungGen: 64800K->288K(65536K)] 92123K->27611K(420864K), 0.0028647 secs] [Times: user=0.01 sys=0.00, real=0.00 secs] 
2019-01-01T22:57:48.862+0900: 107715.361: [GC (Allocation Failure) [PSYoungGen: 64800K->320K(65536K)] 92123K->27643K(420864K), 0.0029821 secs] [Times: user=0.01 sys=0.00, real=0.01 secs] 
2019-01-01T22:58:46.895+0900: 107773.395: [GC (Allocation Failure) [PSYoungGen: 64832K->288K(65536K)] 92155K->27611K(420864K), 0.0029186 secs] [Times: user=0.01 sys=0.00, real=0.00 secs] 
2019-01-01T22:59:44.256+0900: 107830.755: [GC (Allocation Failure) [PSYoungGen: 64800K->320K(65536K)] 92123K->27643K(420864K), 0.0028563 secs] [Times: user=0.01 sys=0.00, real=0.00 secs] 
2019-01-01T23:00:42.419+0900: 107888.918: [GC (Allocation Failure) [PSYoungGen: 64832K->320K(65536K)] 92155K->27667K(420864K), 0.0029565 secs] [Times: user=0.02 sys=0.00, real=0.00 secs] 
2019-01-01T23:01:40.280+0900: 107946.779: [GC (Allocation Failure) [PSYoungGen: 64832K->352K(65536K)] 92179K->27699K(420864K), 0.0031644 secs] [Times: user=0.02 sys=0.00, real=0.00 secs] 
2019-01-01T23:02:25.971+0900: 107992.470: [GC (Allocation Failure) [PSYoungGen: 64814K->640K(65536K)] 92161K->27995K(420864K), 0.0033276 secs] [Times: user=0.01 sys=0.00, real=0.01 secs] 
2019-01-01T23:03:11.934+0900: 108038.433: [GC (Allocation Failure) [PSYoungGen: 65152K->512K(65536K)] 92507K->27867K(420864K), 0.0035296 secs] [Times: user=0.01 sys=0.00, real=0.00 secs] 
2019-01-01T23:04:09.266+0900: 108095.765: [GC (Allocation Failure) [PSYoungGen: 65024K->352K(65536K)] 92379K->27707K(420864K), 0.0030861 secs] [Times: user=0.02 sys=0.00, real=0.00 secs] 
2019-01-01T23:04:55.422+0900: 108141.921: [GC (Allocation Failure) [PSYoungGen: 64864K->640K(65536K)] 92219K->27995K(420864K), 0.0032383 secs] [Times: user=0.01 sys=0.00, real=0.01 secs] 
2019-01-01T23:05:49.091+0900: 108195.590: [GC (Allocation Failure) [PSYoungGen: 65152K->416K(65536K)] 92507K->27771K(420864K), 0.0030722 secs] [Times: user=0.01 sys=0.00, real=0.01 secs] 
2019-01-01T23:06:46.881+0900: 108253.380: [GC (Allocation Failure) [PSYoungGen: 64928K->320K(65536K)] 92283K->27675K(420864K), 0.0028543 secs] [Times: user=0.01 sys=0.01, real=0.01 secs] 
2019-01-01T23:07:44.872+0900: 108311.371: [GC (Allocation Failure) [PSYoungGen: 64832K->384K(65536K)] 92187K->27739K(420864K), 0.0026228 secs] [Times: user=0.02 sys=0.00, real=0.01 secs] 
2019-01-01T23:08:42.571+0900: 108369.070: [GC (Allocation Failure) [PSYoungGen: 64896K->320K(65536K)] 92251K->27675K(420864K), 0.0025565 secs] [Times: user=0.01 sys=0.00, real=0.00 secs] 
2019-01-01T23:09:38.690+0900: 108425.189: [GC (Allocation Failure) [PSYoungGen: 64832K->416K(65536K)] 92187K->27771K(420864K), 0.0032010 secs] [Times: user=0.02 sys=0.00, real=0.00 secs] 
2019-01-01T23:10:34.456+0900: 108480.955: [GC (Allocation Failure) [PSYoungGen: 64928K->384K(65536K)] 92283K->27739K(420864K), 0.0030553 secs] [Times: user=0.01 sys=0.00, real=0.00 secs] 
2019-01-01T23:11:31.992+0900: 108538.491: [GC (Allocation Failure) [PSYoungGen: 64896K->352K(65536K)] 92251K->27707K(420864K), 0.0028399 secs] [Times: user=0.01 sys=0.00, real=0.01 secs] 
2019-01-01T23:12:29.823+0900: 108596.322: [GC (Allocation Failure) [PSYoungGen: 64864K->384K(65536K)] 92219K->27739K(420864K), 0.0028180 secs] [Times: user=0.01 sys=0.00, real=0.01 secs] 
2019-01-01T23:13:27.446+0900: 108653.945: [GC (Allocation Failure) [PSYoungGen: 64896K->352K(65536K)] 92251K->27707K(420864K), 0.0029394 secs] [Times: user=0.01 sys=0.00, real=0.00 secs] 
2019-01-01T23:14:25.672+0900: 108712.171: [GC (Allocation Failure) [PSYoungGen: 64864K->352K(65536K)] 92219K->27707K(420864K), 0.0027444 secs] [Times: user=0.01 sys=0.00, real=0.01 secs] 
2019-01-01T23:15:23.027+0900: 108769.526: [GC (Allocation Failure) [PSYoungGen: 64864K->352K(65536K)] 92219K->27707K(420864K), 0.0027950 secs] [Times: user=0.01 sys=0.00, real=0.00 secs] 
2019-01-01T23:16:21.130+0900: 108827.629: [GC (Allocation Failure) [PSYoungGen: 64864K->320K(65536K)] 92219K->27691K(420864K), 0.0029189 secs] [Times: user=0.01 sys=0.00, real=0.00 secs] 
2019-01-01T23:17:14.673+0900: 108881.172: [GC (Allocation Failure) [PSYoungGen: 64832K->448K(65536K)] 92203K->27835K(420864K), 0.0027642 secs] [Times: user=0.01 sys=0.00, real=0.01 secs] 
2019-01-01T23:18:08.629+0900: 108935.128: [GC (Allocation Failure) [PSYoungGen: 64960K->416K(65536K)] 92347K->27803K(420864K), 0.0030086 secs] [Times: user=0.01 sys=0.00, real=0.00 secs] 
2019-01-01T23:19:06.777+0900: 108993.276: [GC (Allocation Failure) [PSYoungGen: 64928K->352K(65536K)] 92315K->27755K(420864K), 0.0026188 secs] [Times: user=0.01 sys=0.00, real=0.00 secs] 
2019-01-01T23:20:04.365+0900: 109050.864: [GC (Allocation Failure) [PSYoungGen: 64864K->224K(65536K)] 92267K->27627K(420864K), 0.0031350 secs] [Times: user=0.01 sys=0.00, real=0.00 secs] 
2019-01-01T23:21:02.231+0900: 109108.730: [GC (Allocation Failure) [PSYoungGen: 64736K->384K(65536K)] 92139K->27787K(420864K), 0.0027700 secs] [Times: user=0.01 sys=0.00, real=0.01 secs] 
2019-01-01T23:21:58.602+0900: 109165.101: [GC (Allocation Failure) [PSYoungGen: 64877K->352K(65536K)] 92280K->27755K(420864K), 0.0031338 secs] [Times: user=0.01 sys=0.01, real=0.01 secs] 
2019-01-01T23:22:54.461+0900: 109220.960: [GC (Allocation Failure) [PSYoungGen: 64864K->448K(65536K)] 92267K->27851K(420864K), 0.0030327 secs] [Times: user=0.01 sys=0.00, real=0.01 secs] 
2019-01-01T23:23:47.874+0900: 109274.373: [GC (Allocation Failure) [PSYoungGen: 64960K->416K(65536K)] 92363K->27827K(420864K), 0.0027391 secs] [Times: user=0.01 sys=0.01, real=0.00 secs] 
2019-01-01T23:24:45.754+0900: 109332.253: [GC (Allocation Failure) [PSYoungGen: 64928K->320K(65536K)] 92339K->27731K(420864K), 0.0028828 secs] [Times: user=0.01 sys=0.00, real=0.00 secs] 
2019-01-01T23:25:43.327+0900: 109389.826: [GC (Allocation Failure) [PSYoungGen: 64832K->288K(65536K)] 92243K->27699K(420864K), 0.0053157 secs] [Times: user=0.03 sys=0.00, real=0.00 secs] 
2019-01-01T23:26:41.392+0900: 109447.891: [GC (Allocation Failure) [PSYoungGen: 64800K->320K(65536K)] 92211K->27731K(420864K), 0.0028188 secs] [Times: user=0.01 sys=0.00, real=0.01 secs] 
2019-01-01T23:27:38.787+0900: 109505.286: [GC (Allocation Failure) [PSYoungGen: 64832K->352K(65536K)] 92243K->27763K(420864K), 0.0029928 secs] [Times: user=0.01 sys=0.00, real=0.00 secs] 
2019-01-01T23:28:37.078+0900: 109563.577: [GC (Allocation Failure) [PSYoungGen: 64864K->352K(65024K)] 92275K->27763K(420352K), 0.0030145 secs] [Times: user=0.01 sys=0.00, real=0.00 secs] 
2019-01-01T23:29:35.309+0900: 109621.808: [GC (Allocation Failure) [PSYoungGen: 64864K->384K(65024K)] 92275K->27795K(420352K), 0.0024938 secs] [Times: user=0.01 sys=0.00, real=0.00 secs] 
2019-01-01T23:30:32.987+0900: 109679.486: [GC (Allocation Failure) [PSYoungGen: 64896K->288K(65024K)] 92307K->27699K(420352K), 0.0029810 secs] [Times: user=0.01 sys=0.00, real=0.00 secs] 
2019-01-01T23:31:30.758+0900: 109737.257: [GC (Allocation Failure) [PSYoungGen: 64800K->352K(65024K)] 92211K->27763K(420352K), 0.0025447 secs] [Times: user=0.01 sys=0.00, real=0.00 secs] 
2019-01-01T23:32:27.623+0900: 109794.122: [GC (Allocation Failure) [PSYoungGen: 64864K->320K(65024K)] 92275K->27731K(420352K), 0.0027729 secs] [Times: user=0.01 sys=0.00, real=0.01 secs] 
2019-01-01T23:33:02.121+0900: 109828.620: [GC (Allocation Failure) [PSYoungGen: 64832K->512K(65024K)] 92243K->28267K(420352K), 0.0035784 secs] [Times: user=0.01 sys=0.00, real=0.01 secs] 
2019-01-01T23:33:59.752+0900: 109886.251: [GC (Allocation Failure) [PSYoungGen: 65024K->384K(65536K)] 92779K->28139K(420864K), 0.0025369 secs] [Times: user=0.01 sys=0.00, real=0.01 secs] 
2019-01-01T23:34:45.844+0900: 109932.343: [GC (Allocation Failure) [PSYoungGen: 64896K->608K(65536K)] 92651K->28363K(420864K), 0.0033232 secs] [Times: user=0.02 sys=0.00, real=0.00 secs] 
2019-01-01T23:35:43.749+0900: 109990.248: [GC (Allocation Failure) [PSYoungGen: 65120K->384K(65536K)] 92875K->28139K(420864K), 0.0029285 secs] [Times: user=0.01 sys=0.00, real=0.00 secs] 
2019-01-01T23:36:28.105+0900: 110034.604: [GC (Allocation Failure) [PSYoungGen: 64896K->704K(65536K)] 92651K->28459K(420864K), 0.0032550 secs] [Times: user=0.01 sys=0.00, real=0.00 secs] 
2019-01-01T23:37:24.056+0900: 110090.555: [GC (Allocation Failure) [PSYoungGen: 65216K->416K(65536K)] 92971K->28203K(420864K), 0.0032992 secs] [Times: user=0.01 sys=0.00, real=0.00 secs] 
2019-01-01T23:38:21.365+0900: 110147.864: [GC (Allocation Failure) [PSYoungGen: 64928K->384K(65536K)] 92715K->28171K(420864K), 0.0027459 secs] [Times: user=0.01 sys=0.00, real=0.00 secs] 
2019-01-01T23:39:19.593+0900: 110206.093: [GC (Allocation Failure) [PSYoungGen: 64896K->384K(65536K)] 92683K->28171K(420864K), 0.0025963 secs] [Times: user=0.01 sys=0.00, real=0.01 secs] 
2019-01-01T23:40:17.822+0900: 110264.321: [GC (Allocation Failure) [PSYoungGen: 64896K->352K(65536K)] 92683K->28139K(420864K), 0.0031888 secs] [Times: user=0.01 sys=0.00, real=0.01 secs] 
2019-01-01T23:41:11.778+0900: 110318.278: [GC (Allocation Failure) [PSYoungGen: 64864K->448K(65536K)] 92651K->28235K(420864K), 0.0034724 secs] [Times: user=0.01 sys=0.00, real=0.00 secs] 
2019-01-01T23:42:07.537+0900: 110374.036: [GC (Allocation Failure) [PSYoungGen: 64960K->416K(65536K)] 92747K->28203K(420864K), 0.0027833 secs] [Times: user=0.01 sys=0.00, real=0.00 secs] 
2019-01-01T23:42:59.358+0900: 110425.857: [GC (Allocation Failure) [PSYoungGen: 64928K->416K(65536K)] 92715K->28203K(420864K), 0.0032969 secs] [Times: user=0.02 sys=0.00, real=0.00 secs] 
2019-01-01T23:43:56.972+0900: 110483.471: [GC (Allocation Failure) [PSYoungGen: 64928K->320K(65536K)] 92715K->28107K(420864K), 0.0028902 secs] [Times: user=0.01 sys=0.00, real=0.01 secs] 
2019-01-01T23:44:49.110+0900: 110535.609: [GC (Allocation Failure) [PSYoungGen: 64832K->512K(65536K)] 92619K->28299K(420864K), 0.0030688 secs] [Times: user=0.01 sys=0.00, real=0.00 secs] 
2019-01-01T23:45:36.131+0900: 110582.630: [GC (Allocation Failure) [PSYoungGen: 65024K->576K(65536K)] 92811K->28363K(420864K), 0.0034422 secs] [Times: user=0.01 sys=0.00, real=0.01 secs] 
2019-01-01T23:46:33.092+0900: 110639.591: [GC (Allocation Failure) [PSYoungGen: 65087K->320K(65536K)] 92875K->28139K(420864K), 0.0030199 secs] [Times: user=0.01 sys=0.00, real=0.01 secs] 
2019-01-01T23:47:27.786+0900: 110694.285: [GC (Allocation Failure) [PSYoungGen: 64832K->448K(65536K)] 92651K->28323K(420864K), 0.0026836 secs] [Times: user=0.01 sys=0.00, real=0.00 secs] 
2019-01-01T23:48:25.251+0900: 110751.750: [GC (Allocation Failure) [PSYoungGen: 64960K->288K(65536K)] 92835K->28187K(420864K), 0.0034140 secs] [Times: user=0.01 sys=0.00, real=0.01 secs] 
2019-01-01T23:49:22.956+0900: 110809.455: [GC (Allocation Failure) [PSYoungGen: 64800K->384K(65536K)] 92699K->28283K(420864K), 0.0030060 secs] [Times: user=0.02 sys=0.00, real=0.00 secs] 
2019-01-01T23:50:15.162+0900: 110861.661: [GC (Allocation Failure) [PSYoungGen: 64896K->512K(65536K)] 92795K->28427K(420864K), 0.0030432 secs] [Times: user=0.01 sys=0.00, real=0.01 secs] 
2019-01-01T23:51:10.822+0900: 110917.321: [GC (Allocation Failure) [PSYoungGen: 65024K->320K(65536K)] 92939K->28235K(420864K), 0.0029705 secs] [Times: user=0.01 sys=0.00, real=0.01 secs] 
2019-01-01T23:52:08.336+0900: 110974.835: [GC (Allocation Failure) [PSYoungGen: 64832K->384K(65536K)] 92747K->28299K(420864K), 0.0028070 secs] [Times: user=0.01 sys=0.00, real=0.00 secs] 
2019-01-01T23:53:04.035+0900: 111030.534: [GC (Allocation Failure) [PSYoungGen: 64896K->384K(65536K)] 92811K->28299K(420864K), 0.0026738 secs] [Times: user=0.01 sys=0.00, real=0.00 secs] 
2019-01-01T23:53:59.755+0900: 111086.254: [GC (Allocation Failure) [PSYoungGen: 64896K->416K(65536K)] 92811K->28331K(420864K), 0.0025874 secs] [Times: user=0.01 sys=0.00, real=0.00 secs] 
2019-01-01T23:54:53.785+0900: 111140.284: [GC (Allocation Failure) [PSYoungGen: 64928K->384K(65536K)] 92843K->28307K(420864K), 0.0030436 secs] [Times: user=0.01 sys=0.00, real=0.00 secs] 
2019-01-01T23:55:47.464+0900: 111193.963: [GC (Allocation Failure) [PSYoungGen: 64896K->448K(65536K)] 92819K->28371K(420864K), 0.0030379 secs] [Times: user=0.01 sys=0.00, real=0.00 secs] 
2019-01-01T23:56:43.082+0900: 111249.581: [GC (Allocation Failure) [PSYoungGen: 64960K->352K(65536K)] 92883K->28291K(420864K), 0.0029759 secs] [Times: user=0.01 sys=0.00, real=0.01 secs] 
2019-01-01T23:57:34.933+0900: 111301.432: [GC (Allocation Failure) [PSYoungGen: 64864K->480K(65536K)] 92803K->28419K(420864K), 0.0031393 secs] [Times: user=0.01 sys=0.00, real=0.01 secs] 
2019-01-01T23:58:32.195+0900: 111358.694: [GC (Allocation Failure) [PSYoungGen: 64992K->288K(65536K)] 92931K->28227K(420864K), 0.0030809 secs] [Times: user=0.01 sys=0.01, real=0.00 secs] 
2019-01-01T23:59:30.329+0900: 111416.828: [GC (Allocation Failure) [PSYoungGen: 64800K->288K(65536K)] 92739K->28227K(420864K), 0.0030013 secs] [Times: user=0.01 sys=0.01, real=0.00 secs] 
2019-01-02T00:00:23.986+0900: 111470.485: [GC (Allocation Failure) [PSYoungGen: 64800K->480K(65536K)] 92739K->28419K(420864K), 0.0028170 secs] [Times: user=0.01 sys=0.00, real=0.00 secs] 
2019-01-02T00:01:15.955+0900: 111522.454: [GC (Allocation Failure) [PSYoungGen: 64992K->480K(65536K)] 92931K->28419K(420864K), 0.0034976 secs] [Times: user=0.01 sys=0.01, real=0.00 secs] 
2019-01-02T00:02:12.014+0900: 111578.513: [GC (Allocation Failure) [PSYoungGen: 64992K->384K(65536K)] 92931K->28323K(420864K), 0.0033872 secs] [Times: user=0.01 sys=0.00, real=0.00 secs] 
2019-01-02T00:02:42.190+0900: 111608.689: [GC (Allocation Failure) [PSYoungGen: 64896K->960K(65536K)] 92835K->28899K(420864K), 0.0039585 secs] [Times: user=0.02 sys=0.00, real=0.00 secs] 
2019-01-02T00:03:36.371+0900: 111662.870: [GC (Allocation Failure) [PSYoungGen: 65472K->480K(65536K)] 93411K->28435K(420864K), 0.0029368 secs] [Times: user=0.01 sys=0.01, real=0.01 secs] 
2019-01-02T00:04:18.540+0900: 111705.039: [GC (Allocation Failure) [PSYoungGen: 64992K->736K(65536K)] 92947K->28691K(420864K), 0.0037327 secs] [Times: user=0.01 sys=0.00, real=0.01 secs] 
2019-01-02T00:05:10.927+0900: 111757.426: [GC (Allocation Failure) [PSYoungGen: 65217K->448K(65536K)] 93173K->28403K(420864K), 0.0031166 secs] [Times: user=0.01 sys=0.00, real=0.00 secs] 
2019-01-02T00:06:07.972+0900: 111814.471: [GC (Allocation Failure) [PSYoungGen: 64960K->416K(65536K)] 92915K->28371K(420864K), 0.0028430 secs] [Times: user=0.01 sys=0.00, real=0.01 secs] 
2019-01-02T00:07:01.759+0900: 111868.258: [GC (Allocation Failure) [PSYoungGen: 64928K->480K(65536K)] 92883K->28435K(420864K), 0.0027031 secs] [Times: user=0.01 sys=0.00, real=0.00 secs] 
2019-01-02T00:07:55.536+0900: 111922.035: [GC (Allocation Failure) [PSYoungGen: 64992K->480K(65536K)] 92947K->28435K(420864K), 0.0031451 secs] [Times: user=0.01 sys=0.00, real=0.00 secs] 
2019-01-02T00:08:51.578+0900: 111978.077: [GC (Allocation Failure) [PSYoungGen: 64992K->320K(65536K)] 92947K->28275K(420864K), 0.0027985 secs] [Times: user=0.01 sys=0.00, real=0.00 secs] 
2019-01-02T00:09:48.933+0900: 112035.432: [GC (Allocation Failure) [PSYoungGen: 64832K->352K(65536K)] 92787K->28307K(420864K), 0.0030364 secs] [Times: user=0.01 sys=0.00, real=0.01 secs] 
2019-01-02T00:10:46.712+0900: 112093.211: [GC (Allocation Failure) [PSYoungGen: 64864K->384K(65536K)] 92819K->28347K(420864K), 0.0025705 secs] [Times: user=0.01 sys=0.00, real=0.01 secs] 
2019-01-02T00:11:44.491+0900: 112150.990: [GC (Allocation Failure) [PSYoungGen: 64896K->352K(65536K)] 92859K->28315K(420864K), 0.0031116 secs] [Times: user=0.02 sys=0.00, real=0.01 secs] 
2019-01-02T00:12:42.203+0900: 112208.702: [GC (Allocation Failure) [PSYoungGen: 64864K->352K(65536K)] 92827K->28315K(420864K), 0.0031952 secs] [Times: user=0.01 sys=0.00, real=0.01 secs] 
2019-01-02T00:13:39.928+0900: 112266.427: [GC (Allocation Failure) [PSYoungGen: 64864K->352K(65536K)] 92827K->28315K(420864K), 0.0030132 secs] [Times: user=0.01 sys=0.00, real=0.00 secs] 
2019-01-02T00:14:38.029+0900: 112324.528: [GC (Allocation Failure) [PSYoungGen: 64864K->384K(65536K)] 92827K->28355K(420864K), 0.0033176 secs] [Times: user=0.01 sys=0.00, real=0.00 secs] 
2019-01-02T00:15:35.570+0900: 112382.069: [GC (Allocation Failure) [PSYoungGen: 64896K->352K(65536K)] 92867K->28323K(420864K), 0.0029514 secs] [Times: user=0.01 sys=0.00, real=0.00 secs] 
2019-01-02T00:16:33.483+0900: 112439.982: [GC (Allocation Failure) [PSYoungGen: 64864K->352K(65536K)] 92835K->28363K(420864K), 0.0030970 secs] [Times: user=0.01 sys=0.00, real=0.01 secs] 
2019-01-02T00:17:30.781+0900: 112497.280: [GC (Allocation Failure) [PSYoungGen: 64864K->320K(65536K)] 92875K->28339K(420864K), 0.0028202 secs] [Times: user=0.01 sys=0.00, real=0.01 secs] 
2019-01-02T00:18:28.992+0900: 112555.491: [GC (Allocation Failure) [PSYoungGen: 64832K->320K(65536K)] 92851K->28363K(420864K), 0.0030819 secs] [Times: user=0.02 sys=0.00, real=0.01 secs] 
2019-01-02T00:19:26.614+0900: 112613.113: [GC (Allocation Failure) [PSYoungGen: 64832K->352K(65536K)] 92875K->28395K(420864K), 0.0028630 secs] [Times: user=0.01 sys=0.00, real=0.00 secs] 
2019-01-02T00:20:24.514+0900: 112671.013: [GC (Allocation Failure) [PSYoungGen: 64864K->320K(65536K)] 92907K->28363K(420864K), 0.0030018 secs] [Times: user=0.01 sys=0.00, real=0.00 secs] 
2019-01-02T00:21:22.669+0900: 112729.168: [GC (Allocation Failure) [PSYoungGen: 64832K->352K(65536K)] 92875K->28419K(420864K), 0.0025524 secs] [Times: user=0.01 sys=0.00, real=0.00 secs] 
2019-01-02T00:22:20.429+0900: 112786.928: [GC (Allocation Failure) [PSYoungGen: 64864K->320K(65536K)] 92931K->28427K(420864K), 0.0031015 secs] [Times: user=0.01 sys=0.00, real=0.00 secs] 
2019-01-02T00:23:18.122+0900: 112844.621: [GC (Allocation Failure) [PSYoungGen: 64832K->320K(65536K)] 92939K->28451K(420864K), 0.0025419 secs] [Times: user=0.01 sys=0.00, real=0.01 secs] 
2019-01-02T00:24:16.021+0900: 112902.520: [GC (Allocation Failure) [PSYoungGen: 64832K->352K(65536K)] 92963K->28483K(420864K), 0.0028607 secs] [Times: user=0.01 sys=0.00, real=0.01 secs] 
2019-01-02T00:25:10.469+0900: 112956.968: [GC (Allocation Failure) [PSYoungGen: 64864K->384K(65536K)] 92995K->28515K(420864K), 0.0030442 secs] [Times: user=0.01 sys=0.00, real=0.00 secs] 
2019-01-02T00:26:08.123+0900: 113014.622: [GC (Allocation Failure) [PSYoungGen: 64896K->384K(65536K)] 93027K->28515K(420864K), 0.0028162 secs] [Times: user=0.01 sys=0.00, real=0.01 secs] 
2019-01-02T00:27:06.086+0900: 113072.585: [GC (Allocation Failure) [PSYoungGen: 64896K->320K(65024K)] 93027K->28451K(420352K), 0.0027452 secs] [Times: user=0.01 sys=0.00, real=0.00 secs] 
2019-01-02T00:28:04.176+0900: 113130.675: [GC (Allocation Failure) [PSYoungGen: 64832K->320K(65024K)] 92963K->28451K(420352K), 0.0026896 secs] [Times: user=0.01 sys=0.00, real=0.00 secs] 
2019-01-02T00:29:01.706+0900: 113188.205: [GC (Allocation Failure) [PSYoungGen: 64832K->384K(65024K)] 92963K->28515K(420352K), 0.0027208 secs] [Times: user=0.01 sys=0.00, real=0.00 secs] 
2019-01-02T00:29:59.691+0900: 113246.190: [GC (Allocation Failure) [PSYoungGen: 64896K->352K(65024K)] 93027K->28483K(420352K), 0.0029682 secs] [Times: user=0.01 sys=0.00, real=0.01 secs] 
2019-01-02T00:30:57.491+0900: 113303.990: [GC (Allocation Failure) [PSYoungGen: 64864K->288K(65024K)] 92995K->28419K(420352K), 0.0030062 secs] [Times: user=0.01 sys=0.00, real=0.01 secs] 
2019-01-02T00:31:55.340+0900: 113361.839: [GC (Allocation Failure) [PSYoungGen: 64800K->384K(65024K)] 92931K->28515K(420352K), 0.0029439 secs] [Times: user=0.01 sys=0.00, real=0.00 secs] 
2019-01-02T00:32:33.710+0900: 113400.209: [GC (Allocation Failure) [PSYoungGen: 64775K->480K(65024K)] 92906K->28955K(420352K), 0.0037135 secs] [Times: user=0.01 sys=0.00, real=0.01 secs] 
2019-01-02T00:33:26.732+0900: 113453.231: [GC (Allocation Failure) [PSYoungGen: 64992K->512K(65536K)] 93467K->28987K(420864K), 0.0031929 secs] [Times: user=0.01 sys=0.00, real=0.01 secs] 
2019-01-02T00:34:18.803+0900: 113505.302: [GC (Allocation Failure) [PSYoungGen: 65024K->480K(65536K)] 93499K->28955K(420864K), 0.0028935 secs] [Times: user=0.01 sys=0.00, real=0.01 secs] 
2019-01-02T00:35:10.135+0900: 113556.634: [GC (Allocation Failure) [PSYoungGen: 64992K->512K(65536K)] 93467K->28987K(420864K), 0.0028611 secs] [Times: user=0.01 sys=0.00, real=0.00 secs] 
2019-01-02T00:36:08.030+0900: 113614.529: [GC (Allocation Failure) [PSYoungGen: 65024K->288K(65536K)] 93499K->28763K(420864K), 0.0029438 secs] [Times: user=0.01 sys=0.00, real=0.00 secs] 
2019-01-02T00:37:05.368+0900: 113671.867: [GC (Allocation Failure) [PSYoungGen: 64800K->384K(65536K)] 93275K->28859K(420864K), 0.0028837 secs] [Times: user=0.01 sys=0.00, real=0.00 secs] 
2019-01-02T00:38:03.599+0900: 113730.098: [GC (Allocation Failure) [PSYoungGen: 64896K->384K(65536K)] 93371K->28859K(420864K), 0.0028185 secs] [Times: user=0.01 sys=0.00, real=0.00 secs] 
2019-01-02T00:39:01.061+0900: 113787.560: [GC (Allocation Failure) [PSYoungGen: 64896K->352K(65536K)] 93371K->28867K(420864K), 0.0026994 secs] [Times: user=0.01 sys=0.00, real=0.00 secs] 
2019-01-02T00:39:58.960+0900: 113845.459: [GC (Allocation Failure) [PSYoungGen: 64864K->352K(65536K)] 93379K->28867K(420864K), 0.0030142 secs] [Times: user=0.01 sys=0.00, real=0.00 secs] 
2019-01-02T00:40:56.274+0900: 113902.773: [GC (Allocation Failure) [PSYoungGen: 64864K->288K(65536K)] 93379K->28803K(420864K), 0.0033291 secs] [Times: user=0.02 sys=0.00, real=0.00 secs] 
2019-01-02T00:41:54.504+0900: 113961.003: [GC (Allocation Failure) [PSYoungGen: 64800K->384K(65536K)] 93315K->28899K(420864K), 0.0028913 secs] [Times: user=0.01 sys=0.00, real=0.00 secs] 
2019-01-02T00:42:52.734+0900: 114019.233: [GC (Allocation Failure) [PSYoungGen: 64896K->352K(65536K)] 93411K->28867K(420864K), 0.0029786 secs] [Times: user=0.01 sys=0.00, real=0.00 secs] 
2019-01-02T00:43:50.335+0900: 114076.834: [GC (Allocation Failure) [PSYoungGen: 64864K->352K(65536K)] 93379K->28867K(420864K), 0.0030459 secs] [Times: user=0.02 sys=0.00, real=0.00 secs] 
2019-01-02T00:44:48.266+0900: 114134.765: [GC (Allocation Failure) [PSYoungGen: 64864K->352K(65536K)] 93379K->28867K(420864K), 0.0032240 secs] [Times: user=0.02 sys=0.00, real=0.00 secs] 
2019-01-02T00:45:46.227+0900: 114192.726: [GC (Allocation Failure) [PSYoungGen: 64864K->320K(65536K)] 93379K->28835K(420864K), 0.0026481 secs] [Times: user=0.01 sys=0.00, real=0.00 secs] 
2019-01-02T00:46:43.927+0900: 114250.426: [GC (Allocation Failure) [PSYoungGen: 64832K->384K(65536K)] 93347K->28939K(420864K), 0.0027717 secs] [Times: user=0.01 sys=0.00, real=0.00 secs] 
2019-01-02T00:47:41.774+0900: 114308.273: [GC (Allocation Failure) [PSYoungGen: 64896K->320K(65536K)] 93451K->28899K(420864K), 0.0029566 secs] [Times: user=0.01 sys=0.00, real=0.00 secs] 
2019-01-02T00:48:39.233+0900: 114365.732: [GC (Allocation Failure) [PSYoungGen: 64832K->320K(65536K)] 93411K->28939K(420864K), 0.0025647 secs] [Times: user=0.01 sys=0.01, real=0.01 secs] 
2019-01-02T00:49:37.320+0900: 114423.819: [GC (Allocation Failure) [PSYoungGen: 64832K->384K(65024K)] 93451K->29043K(420352K), 0.0033428 secs] [Times: user=0.01 sys=0.00, real=0.01 secs] 
2019-01-02T00:50:35.551+0900: 114482.050: [GC (Allocation Failure) [PSYoungGen: 64896K->320K(65024K)] 93555K->28979K(420352K), 0.0028419 secs] [Times: user=0.01 sys=0.00, real=0.01 secs] 
2019-01-02T00:51:33.518+0900: 114540.017: [GC (Allocation Failure) [PSYoungGen: 64832K->288K(65024K)] 93491K->28947K(420352K), 0.0029440 secs] [Times: user=0.01 sys=0.00, real=0.00 secs] 
2019-01-02T00:52:31.199+0900: 114597.698: [GC (Allocation Failure) [PSYoungGen: 64800K->352K(65024K)] 93459K->29011K(420352K), 0.0025787 secs] [Times: user=0.01 sys=0.00, real=0.00 secs] 
2019-01-02T00:53:29.273+0900: 114655.772: [GC (Allocation Failure) [PSYoungGen: 64864K->352K(65024K)] 93523K->29011K(420352K), 0.0031105 secs] [Times: user=0.01 sys=0.00, real=0.01 secs] 
2019-01-02T00:54:26.973+0900: 114713.472: [GC (Allocation Failure) [PSYoungGen: 64864K->384K(65024K)] 93523K->29043K(420352K), 0.0028559 secs] [Times: user=0.01 sys=0.01, real=0.01 secs] 
2019-01-02T00:55:24.971+0900: 114771.470: [GC (Allocation Failure) [PSYoungGen: 64896K->320K(65024K)] 93555K->28979K(420352K), 0.0025251 secs] [Times: user=0.01 sys=0.00, real=0.01 secs] 
2019-01-02T00:56:22.814+0900: 114829.313: [GC (Allocation Failure) [PSYoungGen: 64832K->352K(65024K)] 93491K->29011K(420352K), 0.0031409 secs] [Times: user=0.01 sys=0.00, real=0.00 secs] 
2019-01-02T00:57:20.501+0900: 114887.000: [GC (Allocation Failure) [PSYoungGen: 64864K->320K(65024K)] 93523K->28979K(420352K), 0.0029033 secs] [Times: user=0.01 sys=0.00, real=0.01 secs] 
2019-01-02T00:58:18.262+0900: 114944.761: [GC (Allocation Failure) [PSYoungGen: 64832K->384K(65024K)] 93491K->29043K(420352K), 0.0029305 secs] [Times: user=0.01 sys=0.00, real=0.01 secs] 
2019-01-02T00:59:15.897+0900: 115002.396: [GC (Allocation Failure) [PSYoungGen: 64896K->320K(65024K)] 93555K->28979K(420352K), 0.0030581 secs] [Times: user=0.02 sys=0.00, real=0.00 secs] 
2019-01-02T01:00:13.760+0900: 115060.259: [GC (Allocation Failure) [PSYoungGen: 64832K->384K(65024K)] 93491K->29043K(420352K), 0.0030395 secs] [Times: user=0.02 sys=0.00, real=0.00 secs] 
2019-01-02T01:01:11.330+0900: 115117.829: [GC (Allocation Failure) [PSYoungGen: 64896K->320K(65024K)] 93555K->28979K(420352K), 0.0030963 secs] [Times: user=0.00 sys=0.01, real=0.00 secs] 
2019-01-02T01:02:09.232+0900: 115175.731: [GC (Allocation Failure) [PSYoungGen: 64832K->352K(65024K)] 93491K->29011K(420352K), 0.0029910 secs] [Times: user=0.01 sys=0.00, real=0.01 secs] 
2019-01-02T01:02:42.834+0900: 115209.333: [GC (Allocation Failure) [PSYoungGen: 64864K->512K(65024K)] 93523K->29492K(420352K), 0.0043993 secs] [Times: user=0.01 sys=0.00, real=0.01 secs] 
2019-01-02T01:03:40.724+0900: 115267.223: [GC (Allocation Failure) [PSYoungGen: 65024K->384K(65536K)] 94004K->29364K(420864K), 0.0028819 secs] [Times: user=0.02 sys=0.00, real=0.00 secs] 
2019-01-02T01:04:26.907+0900: 115313.406: [GC (Allocation Failure) [PSYoungGen: 64896K->640K(65536K)] 93876K->29620K(420864K), 0.0033973 secs] [Times: user=0.01 sys=0.00, real=0.00 secs] 
2019-01-02T01:05:24.346+0900: 115370.845: [GC (Allocation Failure) [PSYoungGen: 65152K->288K(65536K)] 94132K->29268K(420864K), 0.0032254 secs] [Times: user=0.01 sys=0.00, real=0.00 secs] 
2019-01-02T01:06:22.364+0900: 115428.863: [GC (Allocation Failure) [PSYoungGen: 64800K->384K(65536K)] 93780K->29364K(420864K), 0.0033201 secs] [Times: user=0.01 sys=0.00, real=0.00 secs] 
2019-01-02T01:07:20.035+0900: 115486.534: [GC (Allocation Failure) [PSYoungGen: 64896K->352K(65536K)] 93876K->29332K(420864K), 0.0025826 secs] [Times: user=0.01 sys=0.00, real=0.00 secs] 
2019-01-02T01:08:18.149+0900: 115544.648: [GC (Allocation Failure) [PSYoungGen: 64864K->384K(65536K)] 93844K->29364K(420864K), 0.0031506 secs] [Times: user=0.01 sys=0.00, real=0.00 secs] 
2019-01-02T01:09:16.055+0900: 115602.554: [GC (Allocation Failure) [PSYoungGen: 64896K->352K(65536K)] 93876K->29332K(420864K), 0.0025860 secs] [Times: user=0.01 sys=0.00, real=0.00 secs] 
2019-01-02T01:10:14.286+0900: 115660.785: [GC (Allocation Failure) [PSYoungGen: 64864K->352K(65536K)] 93844K->29332K(420864K), 0.0031455 secs] [Times: user=0.01 sys=0.00, real=0.00 secs] 
2019-01-02T01:11:11.809+0900: 115718.308: [GC (Allocation Failure) [PSYoungGen: 64864K->352K(65536K)] 93844K->29332K(420864K), 0.0029518 secs] [Times: user=0.01 sys=0.00, real=0.00 secs] 
2019-01-02T01:12:09.741+0900: 115776.240: [GC (Allocation Failure) [PSYoungGen: 64864K->352K(65536K)] 93844K->29332K(420864K), 0.0030130 secs] [Times: user=0.01 sys=0.00, real=0.01 secs] 
2019-01-02T01:13:07.823+0900: 115834.322: [GC (Allocation Failure) [PSYoungGen: 64864K->352K(65536K)] 93844K->29332K(420864K), 0.0028897 secs] [Times: user=0.01 sys=0.00, real=0.01 secs] 
2019-01-02T01:14:05.607+0900: 115892.106: [GC (Allocation Failure) [PSYoungGen: 64864K->288K(65536K)] 93844K->29268K(420864K), 0.0029174 secs] [Times: user=0.01 sys=0.00, real=0.00 secs] 
2019-01-02T01:15:03.507+0900: 115950.006: [GC (Allocation Failure) [PSYoungGen: 64800K->352K(65536K)] 93780K->29332K(420864K), 0.0029588 secs] [Times: user=0.01 sys=0.00, real=0.00 secs] 
2019-01-02T01:16:01.420+0900: 116007.919: [GC (Allocation Failure) [PSYoungGen: 64864K->384K(65536K)] 93844K->29364K(420864K), 0.0028009 secs] [Times: user=0.01 sys=0.00, real=0.00 secs] 
2019-01-02T01:16:58.975+0900: 116065.475: [GC (Allocation Failure) [PSYoungGen: 64896K->352K(65536K)] 93876K->29364K(420864K), 0.0027111 secs] [Times: user=0.01 sys=0.00, real=0.00 secs] 
2019-01-02T01:17:57.112+0900: 116123.611: [GC (Allocation Failure) [PSYoungGen: 64864K->320K(65024K)] 93876K->29372K(420352K), 0.0027199 secs] [Times: user=0.01 sys=0.00, real=0.01 secs] 
2019-01-02T01:18:54.759+0900: 116181.258: [GC (Allocation Failure) [PSYoungGen: 64832K->352K(65024K)] 93884K->29444K(420352K), 0.0030179 secs] [Times: user=0.01 sys=0.00, real=0.00 secs] 
2019-01-02T01:19:52.393+0900: 116238.892: [GC (Allocation Failure) [PSYoungGen: 64864K->352K(65024K)] 93956K->29444K(420352K), 0.0026256 secs] [Times: user=0.01 sys=0.00, real=0.01 secs] 
2019-01-02T01:20:50.276+0900: 116296.775: [GC (Allocation Failure) [PSYoungGen: 64864K->320K(65024K)] 93956K->29412K(420352K), 0.0028216 secs] [Times: user=0.01 sys=0.00, real=0.00 secs] 
2019-01-02T01:21:48.243+0900: 116354.742: [GC (Allocation Failure) [PSYoungGen: 64832K->384K(65024K)] 93924K->29476K(420352K), 0.0029550 secs] [Times: user=0.01 sys=0.00, real=0.01 secs] 
2019-01-02T01:22:46.181+0900: 116412.680: [GC (Allocation Failure) [PSYoungGen: 64896K->288K(65024K)] 93988K->29380K(420352K), 0.0026611 secs] [Times: user=0.01 sys=0.00, real=0.01 secs] 
2019-01-02T01:23:43.837+0900: 116470.336: [GC (Allocation Failure) [PSYoungGen: 64800K->320K(65024K)] 93892K->29412K(420352K), 0.0029477 secs] [Times: user=0.01 sys=0.00, real=0.00 secs] 
2019-01-02T01:24:41.528+0900: 116528.027: [GC (Allocation Failure) [PSYoungGen: 64832K->352K(65024K)] 93924K->29444K(420352K), 0.0029723 secs] [Times: user=0.01 sys=0.00, real=0.00 secs] 
2019-01-02T01:25:39.077+0900: 116585.576: [GC (Allocation Failure) [PSYoungGen: 64864K->320K(65024K)] 93956K->29412K(420352K), 0.0028627 secs] [Times: user=0.02 sys=0.00, real=0.00 secs] 
2019-01-02T01:26:36.802+0900: 116643.301: [GC (Allocation Failure) [PSYoungGen: 64832K->320K(65024K)] 93924K->29412K(420352K), 0.0028990 secs] [Times: user=0.01 sys=0.01, real=0.01 secs] 
2019-01-02T01:27:30.142+0900: 116696.641: [GC (Allocation Failure) [PSYoungGen: 64832K->448K(65024K)] 93924K->29540K(420352K), 0.0029292 secs] [Times: user=0.01 sys=0.00, real=0.01 secs] 
2019-01-02T01:28:27.595+0900: 116754.094: [GC (Allocation Failure) [PSYoungGen: 64960K->352K(65024K)] 94052K->29444K(420352K), 0.0027508 secs] [Times: user=0.01 sys=0.01, real=0.00 secs] 
2019-01-02T01:29:25.478+0900: 116811.977: [GC (Allocation Failure) [PSYoungGen: 64864K->384K(65024K)] 93956K->29476K(420352K), 0.0027661 secs] [Times: user=0.01 sys=0.00, real=0.00 secs] 
2019-01-02T01:30:23.088+0900: 116869.587: [GC (Allocation Failure) [PSYoungGen: 64896K->288K(65024K)] 93988K->29380K(420352K), 0.0028904 secs] [Times: user=0.01 sys=0.00, real=0.00 secs] 
2019-01-02T01:31:21.265+0900: 116927.764: [GC (Allocation Failure) [PSYoungGen: 64800K->320K(65024K)] 93892K->29412K(420352K), 0.0032923 secs] [Times: user=0.01 sys=0.00, real=0.00 secs] 
2019-01-02T01:32:18.564+0900: 116985.063: [GC (Allocation Failure) [PSYoungGen: 64832K->256K(65024K)] 93924K->29348K(420352K), 0.0029118 secs] [Times: user=0.01 sys=0.00, real=0.00 secs] 
2019-01-02T01:32:52.627+0900: 117019.126: [GC (Allocation Failure) [PSYoungGen: 64768K->512K(65024K)] 93860K->29988K(420352K), 0.0039505 secs] [Times: user=0.01 sys=0.00, real=0.00 secs] 
2019-01-02T01:33:50.330+0900: 117076.829: [GC (Allocation Failure) [PSYoungGen: 65024K->320K(65536K)] 94500K->29796K(420864K), 0.0028694 secs] [Times: user=0.01 sys=0.01, real=0.00 secs] 
2019-01-02T01:34:36.367+0900: 117122.866: [GC (Allocation Failure) [PSYoungGen: 64832K->608K(65536K)] 94308K->30084K(420864K), 0.0031378 secs] [Times: user=0.01 sys=0.00, real=0.00 secs] 
2019-01-02T01:35:33.795+0900: 117180.294: [GC (Allocation Failure) [PSYoungGen: 65120K->320K(65536K)] 94596K->29796K(420864K), 0.0030241 secs] [Times: user=0.01 sys=0.00, real=0.00 secs] 
2019-01-02T01:36:31.545+0900: 117238.044: [GC (Allocation Failure) [PSYoungGen: 64832K->352K(65536K)] 94308K->29828K(420864K), 0.0028765 secs] [Times: user=0.02 sys=0.00, real=0.00 secs] 
2019-01-02T01:37:29.244+0900: 117295.743: [GC (Allocation Failure) [PSYoungGen: 64864K->288K(65536K)] 94340K->29764K(420864K), 0.0025854 secs] [Times: user=0.02 sys=0.00, real=0.00 secs] 
2019-01-02T01:38:27.090+0900: 117353.589: [GC (Allocation Failure) [PSYoungGen: 64800K->288K(65536K)] 94276K->29764K(420864K), 0.0030057 secs] [Times: user=0.01 sys=0.00, real=0.00 secs] 
2019-01-02T01:39:25.218+0900: 117411.717: [GC (Allocation Failure) [PSYoungGen: 64800K->384K(65536K)] 94276K->29860K(420864K), 0.0030352 secs] [Times: user=0.02 sys=0.00, real=0.00 secs] 
2019-01-02T01:40:22.829+0900: 117469.328: [GC (Allocation Failure) [PSYoungGen: 64896K->384K(65536K)] 94372K->29860K(420864K), 0.0028716 secs] [Times: user=0.01 sys=0.00, real=0.00 secs] 
2019-01-02T01:41:20.972+0900: 117527.471: [GC (Allocation Failure) [PSYoungGen: 64896K->352K(65536K)] 94372K->29852K(420864K), 0.0028396 secs] [Times: user=0.01 sys=0.00, real=0.01 secs] 
2019-01-02T01:42:18.895+0900: 117585.394: [GC (Allocation Failure) [PSYoungGen: 64864K->384K(65536K)] 94364K->29884K(420864K), 0.0029431 secs] [Times: user=0.01 sys=0.00, real=0.00 secs] 
2019-01-02T01:43:16.638+0900: 117643.137: [GC (Allocation Failure) [PSYoungGen: 64896K->384K(65536K)] 94396K->29884K(420864K), 0.0033033 secs] [Times: user=0.01 sys=0.01, real=0.00 secs] 
2019-01-02T01:44:14.566+0900: 117701.065: [GC (Allocation Failure) [PSYoungGen: 64896K->352K(65536K)] 94396K->29852K(420864K), 0.0029593 secs] [Times: user=0.01 sys=0.00, real=0.00 secs] 
2019-01-02T01:45:12.570+0900: 117759.069: [GC (Allocation Failure) [PSYoungGen: 64864K->288K(65536K)] 94364K->29788K(420864K), 0.0028411 secs] [Times: user=0.01 sys=0.00, real=0.00 secs] 
2019-01-02T01:46:10.575+0900: 117817.074: [GC (Allocation Failure) [PSYoungGen: 64800K->320K(65536K)] 94300K->29820K(420864K), 0.0029130 secs] [Times: user=0.01 sys=0.00, real=0.00 secs] 
2019-01-02T01:47:08.556+0900: 117875.055: [GC (Allocation Failure) [PSYoungGen: 64832K->288K(65536K)] 94332K->29828K(420864K), 0.0030580 secs] [Times: user=0.01 sys=0.00, real=0.00 secs] 
2019-01-02T01:48:06.310+0900: 117932.809: [GC (Allocation Failure) [PSYoungGen: 64800K->320K(65024K)] 94340K->29900K(420352K), 0.0027965 secs] [Times: user=0.01 sys=0.00, real=0.00 secs] 
2019-01-02T01:49:03.998+0900: 117990.497: [GC (Allocation Failure) [PSYoungGen: 64832K->320K(65024K)] 94412K->29964K(420352K), 0.0030331 secs] [Times: user=0.01 sys=0.00, real=0.00 secs] 
2019-01-02T01:50:01.917+0900: 118048.416: [GC (Allocation Failure) [PSYoungGen: 64832K->352K(65024K)] 94476K->29996K(420352K), 0.0029114 secs] [Times: user=0.01 sys=0.00, real=0.00 secs] 
2019-01-02T01:50:59.880+0900: 118106.379: [GC (Allocation Failure) [PSYoungGen: 64864K->320K(65024K)] 94508K->29964K(420352K), 0.0028183 secs] [Times: user=0.01 sys=0.00, real=0.00 secs] 
2019-01-02T01:51:57.823+0900: 118164.322: [GC (Allocation Failure) [PSYoungGen: 64832K->320K(65024K)] 94476K->29964K(420352K), 0.0030068 secs] [Times: user=0.01 sys=0.00, real=0.01 secs] 
2019-01-02T01:52:55.362+0900: 118221.861: [GC (Allocation Failure) [PSYoungGen: 64832K->352K(65024K)] 94476K->29996K(420352K), 0.0031629 secs] [Times: user=0.01 sys=0.00, real=0.01 secs] 
2019-01-02T01:53:53.506+0900: 118280.005: [GC (Allocation Failure) [PSYoungGen: 64864K->352K(65024K)] 94508K->29996K(420352K), 0.0028329 secs] [Times: user=0.01 sys=0.01, real=0.00 secs] 
2019-01-02T01:54:51.011+0900: 118337.510: [GC (Allocation Failure) [PSYoungGen: 64864K->384K(65024K)] 94508K->30028K(420352K), 0.0025372 secs] [Times: user=0.01 sys=0.00, real=0.01 secs] 
2019-01-02T01:55:48.773+0900: 118395.272: [GC (Allocation Failure) [PSYoungGen: 64896K->288K(65024K)] 94540K->29932K(420352K), 0.0033046 secs] [Times: user=0.02 sys=0.00, real=0.01 secs] 
2019-01-02T01:56:46.627+0900: 118453.126: [GC (Allocation Failure) [PSYoungGen: 64800K->320K(65024K)] 94444K->29964K(420352K), 0.0029262 secs] [Times: user=0.01 sys=0.00, real=0.00 secs] 
2019-01-02T01:57:44.532+0900: 118511.031: [GC (Allocation Failure) [PSYoungGen: 64832K->352K(65024K)] 94476K->29996K(420352K), 0.0027164 secs] [Times: user=0.01 sys=0.00, real=0.01 secs] 
2019-01-02T01:58:42.599+0900: 118569.098: [GC (Allocation Failure) [PSYoungGen: 64864K->320K(65024K)] 94508K->29964K(420352K), 0.0028833 secs] [Times: user=0.01 sys=0.00, real=0.00 secs] 
2019-01-02T01:59:40.536+0900: 118627.035: [GC (Allocation Failure) [PSYoungGen: 64832K->352K(65024K)] 94476K->29996K(420352K), 0.0030410 secs] [Times: user=0.01 sys=0.00, real=0.00 secs] 
2019-01-02T02:00:38.155+0900: 118684.654: [GC (Allocation Failure) [PSYoungGen: 64864K->384K(65024K)] 94508K->30028K(420352K), 0.0028648 secs] [Times: user=0.01 sys=0.00, real=0.00 secs] 
2019-01-02T02:01:36.072+0900: 118742.571: [GC (Allocation Failure) [PSYoungGen: 64896K->224K(65024K)] 94540K->29868K(420352K), 0.0029209 secs] [Times: user=0.01 sys=0.00, real=0.01 secs] 
2019-01-02T02:02:28.163+0900: 118794.662: [GC (Allocation Failure) [PSYoungGen: 64735K->480K(65024K)] 94380K->30140K(420352K), 0.0030647 secs] [Times: user=0.01 sys=0.00, real=0.01 secs] 
2019-01-02T02:03:07.306+0900: 118833.805: [GC (Allocation Failure) [PSYoungGen: 64992K->512K(65024K)] 94652K->30420K(420352K), 0.0036554 secs] [Times: user=0.01 sys=0.00, real=0.00 secs] 
2019-01-02T02:04:05.002+0900: 118891.501: [GC (Allocation Failure) [PSYoungGen: 65024K->384K(65536K)] 94932K->30292K(420864K), 0.0031540 secs] [Times: user=0.02 sys=0.00, real=0.01 secs] 
2019-01-02T02:04:51.135+0900: 118937.634: [GC (Allocation Failure) [PSYoungGen: 64896K->640K(65536K)] 94804K->30548K(420864K), 0.0033129 secs] [Times: user=0.00 sys=0.01, real=0.00 secs] 
2019-01-02T02:05:49.362+0900: 118995.861: [GC (Allocation Failure) [PSYoungGen: 65152K->384K(65536K)] 95060K->30292K(420864K), 0.0030540 secs] [Times: user=0.01 sys=0.00, real=0.01 secs] 
2019-01-02T02:06:46.899+0900: 119053.398: [GC (Allocation Failure) [PSYoungGen: 64896K->320K(65536K)] 94804K->30228K(420864K), 0.0027059 secs] [Times: user=0.01 sys=0.00, real=0.00 secs] 
2019-01-02T02:07:44.821+0900: 119111.320: [GC (Allocation Failure) [PSYoungGen: 64832K->288K(65536K)] 94740K->30196K(420864K), 0.0029721 secs] [Times: user=0.01 sys=0.00, real=0.01 secs] 
2019-01-02T02:08:42.950+0900: 119169.449: [GC (Allocation Failure) [PSYoungGen: 64800K->352K(65536K)] 94708K->30260K(420864K), 0.0028777 secs] [Times: user=0.01 sys=0.00, real=0.00 secs] 
2019-01-02T02:09:40.831+0900: 119227.330: [GC (Allocation Failure) [PSYoungGen: 64864K->288K(65536K)] 94772K->30196K(420864K), 0.0028896 secs] [Times: user=0.01 sys=0.00, real=0.01 secs] 
2019-01-02T02:10:38.784+0900: 119285.283: [GC (Allocation Failure) [PSYoungGen: 64800K->320K(65536K)] 94708K->30228K(420864K), 0.0029881 secs] [Times: user=0.01 sys=0.00, real=0.00 secs] 
2019-01-02T02:11:36.569+0900: 119343.068: [GC (Allocation Failure) [PSYoungGen: 64832K->352K(65536K)] 94740K->30260K(420864K), 0.0026066 secs] [Times: user=0.01 sys=0.00, real=0.00 secs] 
2019-01-02T02:12:34.697+0900: 119401.196: [GC (Allocation Failure) [PSYoungGen: 64864K->352K(65536K)] 94772K->30260K(420864K), 0.0029358 secs] [Times: user=0.01 sys=0.00, real=0.00 secs] 
2019-01-02T02:13:32.339+0900: 119458.838: [GC (Allocation Failure) [PSYoungGen: 64864K->320K(65536K)] 94772K->30228K(420864K), 0.0029151 secs] [Times: user=0.01 sys=0.00, real=0.00 secs] 
2019-01-02T02:14:30.421+0900: 119516.920: [GC (Allocation Failure) [PSYoungGen: 64832K->384K(65536K)] 94740K->30292K(420864K), 0.0030751 secs] [Times: user=0.01 sys=0.00, real=0.01 secs] 
2019-01-02T02:15:28.270+0900: 119574.769: [GC (Allocation Failure) [PSYoungGen: 64896K->384K(65536K)] 94804K->30292K(420864K), 0.0025533 secs] [Times: user=0.01 sys=0.00, real=0.00 secs] 
2019-01-02T02:16:26.064+0900: 119632.563: [GC (Allocation Failure) [PSYoungGen: 64896K->320K(65536K)] 94804K->30244K(420864K), 0.0026527 secs] [Times: user=0.01 sys=0.00, real=0.00 secs] 
2019-01-02T02:17:24.109+0900: 119690.608: [GC (Allocation Failure) [PSYoungGen: 64832K->384K(65536K)] 94756K->30356K(420864K), 0.0026842 secs] [Times: user=0.01 sys=0.00, real=0.00 secs] 
2019-01-02T02:18:22.053+0900: 119748.552: [GC (Allocation Failure) [PSYoungGen: 64896K->320K(65024K)] 94868K->30340K(420352K), 0.0026472 secs] [Times: user=0.01 sys=0.00, real=0.01 secs] 
2019-01-02T02:19:19.737+0900: 119806.236: [GC (Allocation Failure) [PSYoungGen: 64832K->288K(65024K)] 94852K->30348K(420352K), 0.0028968 secs] [Times: user=0.01 sys=0.00, real=0.00 secs] 
2019-01-02T02:20:17.639+0900: 119864.138: [GC (Allocation Failure) [PSYoungGen: 64800K->384K(65024K)] 94860K->30444K(420352K), 0.0030313 secs] [Times: user=0.01 sys=0.00, real=0.00 secs] 
2019-01-02T02:21:15.390+0900: 119921.889: [GC (Allocation Failure) [PSYoungGen: 64896K->288K(65024K)] 94956K->30348K(420352K), 0.0027926 secs] [Times: user=0.01 sys=0.00, real=0.00 secs] 
2019-01-02T02:22:13.131+0900: 119979.630: [GC (Allocation Failure) [PSYoungGen: 64800K->352K(65024K)] 94860K->30412K(420352K), 0.0030860 secs] [Times: user=0.01 sys=0.00, real=0.01 secs] 
2019-01-02T02:23:10.731+0900: 120037.230: [GC (Allocation Failure) [PSYoungGen: 64864K->352K(65024K)] 94924K->30412K(420352K), 0.0029566 secs] [Times: user=0.01 sys=0.00, real=0.01 secs] 
2019-01-02T02:24:08.649+0900: 120095.148: [GC (Allocation Failure) [PSYoungGen: 64864K->288K(65024K)] 94924K->30348K(420352K), 0.0029088 secs] [Times: user=0.01 sys=0.00, real=0.00 secs] 
2019-01-02T02:25:06.213+0900: 120152.712: [GC (Allocation Failure) [PSYoungGen: 64800K->384K(65024K)] 94860K->30444K(420352K), 0.0028610 secs] [Times: user=0.01 sys=0.00, real=0.01 secs] 
2019-01-02T02:26:04.135+0900: 120210.634: [GC (Allocation Failure) [PSYoungGen: 64896K->352K(65024K)] 94956K->30412K(420352K), 0.0030660 secs] [Times: user=0.01 sys=0.00, real=0.00 secs] 
2019-01-02T02:27:01.755+0900: 120268.254: [GC (Allocation Failure) [PSYoungGen: 64864K->384K(65024K)] 94924K->30444K(420352K), 0.0028061 secs] [Times: user=0.01 sys=0.00, real=0.00 secs] 
2019-01-02T02:27:59.686+0900: 120326.185: [GC (Allocation Failure) [PSYoungGen: 64896K->352K(65024K)] 94956K->30412K(420352K), 0.0025133 secs] [Times: user=0.01 sys=0.00, real=0.00 secs] 
2019-01-02T02:28:57.467+0900: 120383.966: [GC (Allocation Failure) [PSYoungGen: 64864K->352K(65024K)] 94924K->30412K(420352K), 0.0028530 secs] [Times: user=0.01 sys=0.00, real=0.00 secs] 
2019-01-02T02:29:55.202+0900: 120441.701: [GC (Allocation Failure) [PSYoungGen: 64864K->320K(65024K)] 94924K->30380K(420352K), 0.0028707 secs] [Times: user=0.01 sys=0.00, real=0.01 secs] 
2019-01-02T02:30:53.065+0900: 120499.564: [GC (Allocation Failure) [PSYoungGen: 64832K->352K(65024K)] 94892K->30412K(420352K), 0.0028449 secs] [Times: user=0.01 sys=0.00, real=0.00 secs] 
2019-01-02T02:31:50.809+0900: 120557.308: [GC (Allocation Failure) [PSYoungGen: 64864K->288K(65024K)] 94924K->30348K(420352K), 0.0037276 secs] [Times: user=0.01 sys=0.00, real=0.00 secs] 
2019-01-02T02:32:34.343+0900: 120600.842: [GC (Allocation Failure) [PSYoungGen: 64799K->512K(65024K)] 94859K->30676K(420352K), 0.0035618 secs] [Times: user=0.01 sys=0.00, real=0.01 secs] 
2019-01-02T02:33:22.022+0900: 120648.521: [GC (Allocation Failure) [PSYoungGen: 65024K->608K(65536K)] 95188K->30772K(420864K), 0.0038159 secs] [Times: user=0.02 sys=0.00, real=0.01 secs] 
2019-01-02T02:34:19.720+0900: 120706.219: [GC (Allocation Failure) [PSYoungGen: 65120K->416K(65536K)] 95284K->30580K(420864K), 0.0025465 secs] [Times: user=0.02 sys=0.00, real=0.00 secs] 
2019-01-02T02:35:06.069+0900: 120752.568: [GC (Allocation Failure) [PSYoungGen: 64928K->640K(65536K)] 95092K->30804K(420864K), 0.0034855 secs] [Times: user=0.02 sys=0.00, real=0.00 secs] 
2019-01-02T02:36:03.626+0900: 120810.125: [GC (Allocation Failure) [PSYoungGen: 65152K->384K(65536K)] 95316K->30548K(420864K), 0.0029320 secs] [Times: user=0.01 sys=0.00, real=0.00 secs] 
2019-01-02T02:37:01.531+0900: 120868.030: [GC (Allocation Failure) [PSYoungGen: 64896K->384K(65536K)] 95060K->30548K(420864K), 0.0028893 secs] [Times: user=0.01 sys=0.00, real=0.01 secs] 
2019-01-02T02:37:59.075+0900: 120925.574: [GC (Allocation Failure) [PSYoungGen: 64896K->384K(65536K)] 95060K->30548K(420864K), 0.0026784 secs] [Times: user=0.01 sys=0.00, real=0.00 secs] 
2019-01-02T02:38:56.573+0900: 120983.072: [GC (Allocation Failure) [PSYoungGen: 64896K->320K(65536K)] 95060K->30484K(420864K), 0.0025500 secs] [Times: user=0.01 sys=0.00, real=0.01 secs] 
2019-01-02T02:39:54.526+0900: 121041.025: [GC (Allocation Failure) [PSYoungGen: 64832K->320K(65536K)] 94996K->30484K(420864K), 0.0029909 secs] [Times: user=0.01 sys=0.01, real=0.00 secs] 
2019-01-02T02:40:52.722+0900: 121099.221: [GC (Allocation Failure) [PSYoungGen: 64832K->320K(65536K)] 94996K->30484K(420864K), 0.0029549 secs] [Times: user=0.01 sys=0.00, real=0.01 secs] 
2019-01-02T02:41:50.043+0900: 121156.542: [GC (Allocation Failure) [PSYoungGen: 64832K->320K(65536K)] 94996K->30484K(420864K), 0.0026334 secs] [Times: user=0.01 sys=0.00, real=0.01 secs] 
2019-01-02T02:42:48.208+0900: 121214.708: [GC (Allocation Failure) [PSYoungGen: 64832K->320K(65536K)] 94996K->30484K(420864K), 0.0030591 secs] [Times: user=0.01 sys=0.00, real=0.00 secs] 
2019-01-02T02:43:46.436+0900: 121272.935: [GC (Allocation Failure) [PSYoungGen: 64832K->384K(65536K)] 94996K->30548K(420864K), 0.0030000 secs] [Times: user=0.01 sys=0.00, real=0.00 secs] 
2019-01-02T02:44:43.955+0900: 121330.454: [GC (Allocation Failure) [PSYoungGen: 64896K->384K(65536K)] 95060K->30548K(420864K), 0.0029031 secs] [Times: user=0.01 sys=0.01, real=0.00 secs] 
2019-01-02T02:45:41.690+0900: 121388.189: [GC (Allocation Failure) [PSYoungGen: 64896K->320K(65536K)] 95060K->30484K(420864K), 0.0029993 secs] [Times: user=0.01 sys=0.00, real=0.00 secs] 
2019-01-02T02:46:39.265+0900: 121445.765: [GC (Allocation Failure) [PSYoungGen: 64832K->352K(65536K)] 94996K->30532K(420864K), 0.0026551 secs] [Times: user=0.01 sys=0.00, real=0.00 secs] 
2019-01-02T02:47:36.890+0900: 121503.389: [GC (Allocation Failure) [PSYoungGen: 64864K->320K(65536K)] 95044K->30556K(420864K), 0.0029276 secs] [Times: user=0.01 sys=0.00, real=0.00 secs] 
2019-01-02T02:48:34.697+0900: 121561.196: [GC (Allocation Failure) [PSYoungGen: 64832K->320K(65024K)] 95068K->30556K(420352K), 0.0030459 secs] [Times: user=0.01 sys=0.00, real=0.00 secs] 
2019-01-02T02:49:32.785+0900: 121619.284: [GC (Allocation Failure) [PSYoungGen: 64832K->384K(65024K)] 95068K->30660K(420352K), 0.0030090 secs] [Times: user=0.01 sys=0.00, real=0.00 secs] 
2019-01-02T02:50:31.001+0900: 121677.500: [GC (Allocation Failure) [PSYoungGen: 64896K->320K(65024K)] 95172K->30596K(420352K), 0.0029408 secs] [Times: user=0.01 sys=0.00, real=0.01 secs] 
2019-01-02T02:51:28.238+0900: 121734.737: [GC (Allocation Failure) [PSYoungGen: 64832K->288K(65024K)] 95108K->30564K(420352K), 0.0030125 secs] [Times: user=0.01 sys=0.00, real=0.00 secs] 
2019-01-02T02:52:26.333+0900: 121792.832: [GC (Allocation Failure) [PSYoungGen: 64800K->320K(65024K)] 95076K->30596K(420352K), 0.0029410 secs] [Times: user=0.02 sys=0.00, real=0.01 secs] 
2019-01-02T02:53:23.711+0900: 121850.210: [GC (Allocation Failure) [PSYoungGen: 64832K->384K(65024K)] 95108K->30660K(420352K), 0.0025812 secs] [Times: user=0.02 sys=0.00, real=0.01 secs] 
2019-01-02T02:54:21.341+0900: 121907.840: [GC (Allocation Failure) [PSYoungGen: 64896K->352K(65024K)] 95172K->30628K(420352K), 0.0031625 secs] [Times: user=0.01 sys=0.00, real=0.01 secs] 
2019-01-02T02:55:19.157+0900: 121965.656: [GC (Allocation Failure) [PSYoungGen: 64864K->320K(65024K)] 95140K->30596K(420352K), 0.0025504 secs] [Times: user=0.01 sys=0.00, real=0.00 secs] 
2019-01-02T02:56:17.270+0900: 122023.769: [GC (Allocation Failure) [PSYoungGen: 64832K->320K(65024K)] 95108K->30596K(420352K), 0.0033506 secs] [Times: user=0.01 sys=0.00, real=0.00 secs] 
2019-01-02T02:57:15.009+0900: 122081.508: [GC (Allocation Failure) [PSYoungGen: 64832K->384K(65024K)] 95108K->30660K(420352K), 0.0028660 secs] [Times: user=0.01 sys=0.01, real=0.00 secs] 
2019-01-02T02:58:12.934+0900: 122139.433: [GC (Allocation Failure) [PSYoungGen: 64896K->352K(65024K)] 95172K->30628K(420352K), 0.0030813 secs] [Times: user=0.01 sys=0.00, real=0.00 secs] 
2019-01-02T02:59:10.952+0900: 122197.451: [GC (Allocation Failure) [PSYoungGen: 64864K->384K(65024K)] 95140K->30660K(420352K), 0.0029642 secs] [Times: user=0.02 sys=0.00, real=0.01 secs] 
2019-01-02T03:00:08.811+0900: 122255.310: [GC (Allocation Failure) [PSYoungGen: 64896K->288K(65024K)] 95172K->30564K(420352K), 0.0029666 secs] [Times: user=0.02 sys=0.00, real=0.01 secs] 
2019-01-02T03:01:06.468+0900: 122312.967: [GC (Allocation Failure) [PSYoungGen: 64800K->352K(65024K)] 95076K->30628K(420352K), 0.0027780 secs] [Times: user=0.01 sys=0.00, real=0.00 secs] 
2019-01-02T03:02:04.119+0900: 122370.618: [GC (Allocation Failure) [PSYoungGen: 64864K->288K(65024K)] 95140K->30564K(420352K), 0.0026703 secs] [Times: user=0.01 sys=0.00, real=0.00 secs] 
2019-01-02T03:02:38.209+0900: 122404.708: [GC (Allocation Failure) [PSYoungGen: 64800K->512K(65024K)] 95076K->31077K(420352K), 0.0038061 secs] [Times: user=0.01 sys=0.00, real=0.00 secs] 
2019-01-02T03:03:36.040+0900: 122462.539: [GC (Allocation Failure) [PSYoungGen: 65024K->352K(65536K)] 95589K->30917K(420864K), 0.0025591 secs] [Times: user=0.01 sys=0.00, real=0.00 secs] 
2019-01-02T03:04:22.221+0900: 122508.720: [GC (Allocation Failure) [PSYoungGen: 64864K->576K(65536K)] 95429K->31141K(420864K), 0.0034050 secs] [Times: user=0.01 sys=0.00, real=0.01 secs] 
2019-01-02T03:05:19.857+0900: 122566.356: [GC (Allocation Failure) [PSYoungGen: 65088K->320K(65536K)] 95653K->30885K(420864K), 0.0029983 secs] [Times: user=0.01 sys=0.00, real=0.00 secs] 
2019-01-02T03:06:17.674+0900: 122624.173: [GC (Allocation Failure) [PSYoungGen: 64832K->320K(65536K)] 95397K->30885K(420864K), 0.0028813 secs] [Times: user=0.01 sys=0.00, real=0.00 secs] 
2019-01-02T03:07:15.529+0900: 122682.028: [GC (Allocation Failure) [PSYoungGen: 64832K->288K(65536K)] 95397K->30853K(420864K), 0.0029129 secs] [Times: user=0.01 sys=0.01, real=0.00 secs] 
2019-01-02T03:08:13.127+0900: 122739.626: [GC (Allocation Failure) [PSYoungGen: 64800K->256K(65536K)] 95365K->30821K(420864K), 0.0030783 secs] [Times: user=0.01 sys=0.00, real=0.00 secs] 
2019-01-02T03:09:11.357+0900: 122797.856: [GC (Allocation Failure) [PSYoungGen: 64768K->352K(65536K)] 95333K->30917K(420864K), 0.0028727 secs] [Times: user=0.01 sys=0.00, real=0.00 secs] 
2019-01-02T03:10:09.398+0900: 122855.897: [GC (Allocation Failure) [PSYoungGen: 64864K->384K(65536K)] 95429K->30949K(420864K), 0.0029633 secs] [Times: user=0.01 sys=0.00, real=0.00 secs] 
2019-01-02T03:11:06.927+0900: 122913.426: [GC (Allocation Failure) [PSYoungGen: 64896K->352K(65536K)] 95461K->30917K(420864K), 0.0029890 secs] [Times: user=0.01 sys=0.00, real=0.00 secs] 
2019-01-02T03:12:05.042+0900: 122971.541: [GC (Allocation Failure) [PSYoungGen: 64864K->320K(65536K)] 95429K->30885K(420864K), 0.0026084 secs] [Times: user=0.01 sys=0.00, real=0.01 secs] 
2019-01-02T03:13:02.741+0900: 123029.240: [GC (Allocation Failure) [PSYoungGen: 64832K->352K(65536K)] 95397K->30917K(420864K), 0.0029972 secs] [Times: user=0.02 sys=0.00, real=0.01 secs] 
2019-01-02T03:14:00.536+0900: 123087.035: [GC (Allocation Failure) [PSYoungGen: 64864K->288K(65536K)] 95429K->30853K(420864K), 0.0030336 secs] [Times: user=0.01 sys=0.00, real=0.00 secs] 
2019-01-02T03:14:58.574+0900: 123145.073: [GC (Allocation Failure) [PSYoungGen: 64800K->352K(65024K)] 95365K->30917K(420352K), 0.0026778 secs] [Times: user=0.01 sys=0.00, real=0.00 secs] 
2019-01-02T03:15:56.204+0900: 123202.703: [GC (Allocation Failure) [PSYoungGen: 64864K->320K(65024K)] 95429K->30885K(420352K), 0.0029218 secs] [Times: user=0.01 sys=0.00, real=0.00 secs] 
2019-01-02T03:16:54.223+0900: 123260.722: [GC (Allocation Failure) [PSYoungGen: 64832K->352K(65024K)] 95397K->30949K(420352K), 0.0029216 secs] [Times: user=0.02 sys=0.00, real=0.01 secs] 
2019-01-02T03:17:52.456+0900: 123318.955: [GC (Allocation Failure) [PSYoungGen: 64864K->352K(65024K)] 95461K->30997K(420352K), 0.0025549 secs] [Times: user=0.01 sys=0.00, real=0.00 secs] 
2019-01-02T03:18:50.669+0900: 123377.168: [GC (Allocation Failure) [PSYoungGen: 64864K->384K(65024K)] 95509K->31085K(420352K), 0.0029467 secs] [Times: user=0.02 sys=0.00, real=0.00 secs] 
2019-01-02T03:19:47.910+0900: 123434.409: [GC (Allocation Failure) [PSYoungGen: 64896K->352K(65024K)] 95597K->31053K(420352K), 0.0028277 secs] [Times: user=0.01 sys=0.01, real=0.00 secs] 
2019-01-02T03:20:46.119+0900: 123492.618: [GC (Allocation Failure) [PSYoungGen: 64864K->384K(65024K)] 95565K->31085K(420352K), 0.0026520 secs] [Times: user=0.01 sys=0.00, real=0.00 secs] 
2019-01-02T03:21:43.744+0900: 123550.243: [GC (Allocation Failure) [PSYoungGen: 64896K->384K(65024K)] 95597K->31085K(420352K), 0.0029128 secs] [Times: user=0.02 sys=0.00, real=0.00 secs] 
2019-01-02T03:22:41.539+0900: 123608.038: [GC (Allocation Failure) [PSYoungGen: 64896K->352K(65024K)] 95597K->31053K(420352K), 0.0029085 secs] [Times: user=0.01 sys=0.00, real=0.00 secs] 
2019-01-02T03:23:38.885+0900: 123665.384: [GC (Allocation Failure) [PSYoungGen: 64864K->320K(65024K)] 95565K->31021K(420352K), 0.0028797 secs] [Times: user=0.01 sys=0.00, real=0.00 secs] 
2019-01-02T03:24:36.583+0900: 123723.082: [GC (Allocation Failure) [PSYoungGen: 64832K->352K(65024K)] 95533K->31053K(420352K), 0.0030400 secs] [Times: user=0.01 sys=0.01, real=0.01 secs] 
2019-01-02T03:25:34.320+0900: 123780.819: [GC (Allocation Failure) [PSYoungGen: 64864K->352K(65024K)] 95565K->31053K(420352K), 0.0029702 secs] [Times: user=0.01 sys=0.00, real=0.00 secs] 
2019-01-02T03:26:32.378+0900: 123838.877: [GC (Allocation Failure) [PSYoungGen: 64864K->384K(65024K)] 95565K->31085K(420352K), 0.0028493 secs] [Times: user=0.01 sys=0.00, real=0.00 secs] 
2019-01-02T03:27:30.215+0900: 123896.714: [GC (Allocation Failure) [PSYoungGen: 64896K->352K(65024K)] 95597K->31053K(420352K), 0.0028543 secs] [Times: user=0.01 sys=0.00, real=0.00 secs] 
2019-01-02T03:28:27.926+0900: 123954.425: [GC (Allocation Failure) [PSYoungGen: 64864K->384K(65024K)] 95565K->31085K(420352K), 0.0028039 secs] [Times: user=0.01 sys=0.00, real=0.00 secs] 
2019-01-02T03:29:25.925+0900: 124012.424: [GC (Allocation Failure) [PSYoungGen: 64896K->320K(65024K)] 95597K->31021K(420352K), 0.0029876 secs] [Times: user=0.01 sys=0.00, real=0.00 secs] 
2019-01-02T03:30:23.510+0900: 124070.009: [GC (Allocation Failure) [PSYoungGen: 64832K->288K(65024K)] 95533K->30989K(420352K), 0.0028794 secs] [Times: user=0.01 sys=0.00, real=0.00 secs] 
2019-01-02T03:31:21.468+0900: 124127.967: [GC (Allocation Failure) [PSYoungGen: 64800K->320K(65024K)] 95501K->31021K(420352K), 0.0030489 secs] [Times: user=0.01 sys=0.00, real=0.00 secs] 
2019-01-02T03:32:18.832+0900: 124185.331: [GC (Allocation Failure) [PSYoungGen: 64832K->384K(65024K)] 95533K->31085K(420352K), 0.0024786 secs] [Times: user=0.01 sys=0.00, real=0.01 secs] 
2019-01-02T03:32:52.967+0900: 124219.466: [GC (Allocation Failure) [PSYoungGen: 64896K->512K(65024K)] 95597K->31533K(420352K), 0.0041529 secs] [Times: user=0.02 sys=0.00, real=0.00 secs] 
2019-01-02T03:33:51.195+0900: 124277.694: [GC (Allocation Failure) [PSYoungGen: 65024K->288K(65536K)] 96045K->31309K(420864K), 0.0028824 secs] [Times: user=0.01 sys=0.00, real=0.00 secs] 
2019-01-02T03:34:36.588+0900: 124323.087: [GC (Allocation Failure) [PSYoungGen: 64800K->608K(65536K)] 95821K->31629K(420864K), 0.0030003 secs] [Times: user=0.01 sys=0.00, real=0.00 secs] 
2019-01-02T03:35:33.830+0900: 124380.329: [GC (Allocation Failure) [PSYoungGen: 65120K->288K(65536K)] 96141K->31309K(420864K), 0.0029718 secs] [Times: user=0.01 sys=0.00, real=0.00 secs] 
2019-01-02T03:36:31.832+0900: 124438.331: [GC (Allocation Failure) [PSYoungGen: 64800K->352K(65536K)] 95821K->31373K(420864K), 0.0025752 secs] [Times: user=0.01 sys=0.00, real=0.01 secs] 
2019-01-02T03:37:29.379+0900: 124495.878: [GC (Allocation Failure) [PSYoungGen: 64864K->384K(65536K)] 95885K->31405K(420864K), 0.0030307 secs] [Times: user=0.01 sys=0.00, real=0.00 secs] 
2019-01-02T03:38:23.041+0900: 124549.540: [GC (Allocation Failure) [PSYoungGen: 64896K->384K(65536K)] 95917K->31405K(420864K), 0.0030255 secs] [Times: user=0.01 sys=0.00, real=0.01 secs] 
2019-01-02T03:39:20.493+0900: 124606.992: [GC (Allocation Failure) [PSYoungGen: 64896K->352K(65536K)] 95917K->31373K(420864K), 0.0029779 secs] [Times: user=0.01 sys=0.00, real=0.01 secs] 
2019-01-02T03:40:18.393+0900: 124664.892: [GC (Allocation Failure) [PSYoungGen: 64864K->384K(65536K)] 95885K->31405K(420864K), 0.0028302 secs] [Times: user=0.01 sys=0.01, real=0.01 secs] 
2019-01-02T03:41:15.943+0900: 124722.442: [GC (Allocation Failure) [PSYoungGen: 64896K->352K(65536K)] 95917K->31373K(420864K), 0.0029270 secs] [Times: user=0.01 sys=0.00, real=0.01 secs] 
2019-01-02T03:42:13.735+0900: 124780.234: [GC (Allocation Failure) [PSYoungGen: 64864K->352K(65536K)] 95885K->31373K(420864K), 0.0030238 secs] [Times: user=0.01 sys=0.00, real=0.00 secs] 
2019-01-02T03:43:11.384+0900: 124837.883: [GC (Allocation Failure) [PSYoungGen: 64864K->320K(65536K)] 95885K->31341K(420864K), 0.0029845 secs] [Times: user=0.01 sys=0.00, real=0.00 secs] 
2019-01-02T03:44:09.028+0900: 124895.527: [GC (Allocation Failure) [PSYoungGen: 64832K->384K(65536K)] 95853K->31405K(420864K), 0.0030605 secs] [Times: user=0.01 sys=0.00, real=0.00 secs] 
2019-01-02T03:45:06.853+0900: 124953.352: [GC (Allocation Failure) [PSYoungGen: 64896K->288K(65536K)] 95917K->31309K(420864K), 0.0030297 secs] [Times: user=0.01 sys=0.00, real=0.01 secs] 
2019-01-02T03:46:04.511+0900: 125011.010: [GC (Allocation Failure) [PSYoungGen: 64800K->352K(65536K)] 95821K->31373K(420864K), 0.0031470 secs] [Times: user=0.01 sys=0.00, real=0.01 secs] 
2019-01-02T03:47:02.309+0900: 125068.808: [GC (Allocation Failure) [PSYoungGen: 64864K->384K(65024K)] 95885K->31461K(420352K), 0.0032241 secs] [Times: user=0.01 sys=0.00, real=0.00 secs] 
2019-01-02T03:47:59.984+0900: 125126.483: [GC (Allocation Failure) [PSYoungGen: 64896K->352K(65024K)] 95973K->31485K(420352K), 0.0029089 secs] [Times: user=0.02 sys=0.00, real=0.00 secs] 
2019-01-02T03:48:57.763+0900: 125184.262: [GC (Allocation Failure) [PSYoungGen: 64864K->320K(65024K)] 95997K->31509K(420352K), 0.0026433 secs] [Times: user=0.01 sys=0.00, real=0.01 secs] 
2019-01-02T03:49:55.572+0900: 125242.071: [GC (Allocation Failure) [PSYoungGen: 64832K->320K(65024K)] 96021K->31509K(420352K), 0.0029978 secs] [Times: user=0.01 sys=0.00, real=0.01 secs] 
2019-01-02T03:50:53.375+0900: 125299.874: [GC (Allocation Failure) [PSYoungGen: 64832K->384K(65024K)] 96021K->31573K(420352K), 0.0028707 secs] [Times: user=0.01 sys=0.00, real=0.00 secs] 
2019-01-02T03:51:51.386+0900: 125357.885: [GC (Allocation Failure) [PSYoungGen: 64896K->320K(65024K)] 96085K->31509K(420352K), 0.0029769 secs] [Times: user=0.01 sys=0.00, real=0.00 secs] 
2019-01-02T03:52:48.707+0900: 125415.206: [GC (Allocation Failure) [PSYoungGen: 64832K->384K(65024K)] 96021K->31597K(420352K), 0.0029542 secs] [Times: user=0.01 sys=0.00, real=0.00 secs] 
2019-01-02T03:53:46.362+0900: 125472.861: [GC (Allocation Failure) [PSYoungGen: 64896K->320K(65024K)] 96109K->31533K(420352K), 0.0030070 secs] [Times: user=0.01 sys=0.00, real=0.01 secs] 
2019-01-02T03:54:44.115+0900: 125530.614: [GC (Allocation Failure) [PSYoungGen: 64832K->352K(65024K)] 96045K->31565K(420352K), 0.0026553 secs] [Times: user=0.00 sys=0.00, real=0.00 secs] 
2019-01-02T03:55:41.851+0900: 125588.350: [GC (Allocation Failure) [PSYoungGen: 64864K->384K(65024K)] 96077K->31597K(420352K), 0.0027708 secs] [Times: user=0.01 sys=0.00, real=0.01 secs] 
2019-01-02T03:56:39.661+0900: 125646.160: [GC (Allocation Failure) [PSYoungGen: 64896K->288K(65024K)] 96109K->31501K(420352K), 0.0028965 secs] [Times: user=0.01 sys=0.00, real=0.01 secs] 
2019-01-02T03:57:37.578+0900: 125704.077: [GC (Allocation Failure) [PSYoungGen: 64800K->256K(65024K)] 96013K->31469K(420352K), 0.0025144 secs] [Times: user=0.01 sys=0.00, real=0.00 secs] 
2019-01-02T03:58:35.156+0900: 125761.655: [GC (Allocation Failure) [PSYoungGen: 64768K->384K(65024K)] 95981K->31597K(420352K), 0.0029442 secs] [Times: user=0.01 sys=0.00, real=0.00 secs] 
2019-01-02T03:59:32.928+0900: 125819.427: [GC (Allocation Failure) [PSYoungGen: 64896K->384K(65024K)] 96109K->31597K(420352K), 0.0029207 secs] [Times: user=0.01 sys=0.01, real=0.00 secs] 
2019-01-02T04:00:30.758+0900: 125877.257: [GC (Allocation Failure) [PSYoungGen: 64896K->384K(65024K)] 96109K->31597K(420352K), 0.0031052 secs] [Times: user=0.01 sys=0.00, real=0.00 secs] 
2019-01-02T04:01:28.716+0900: 125935.215: [GC (Allocation Failure) [PSYoungGen: 64896K->352K(65024K)] 96109K->31565K(420352K), 0.0035894 secs] [Times: user=0.01 sys=0.00, real=0.00 secs] 
2019-01-02T04:02:26.610+0900: 125993.109: [GC (Allocation Failure) [PSYoungGen: 64864K->320K(65024K)] 96077K->31533K(420352K), 0.0031262 secs] [Times: user=0.01 sys=0.00, real=0.00 secs] 
2019-01-02T04:03:00.743+0900: 126027.242: [GC (Allocation Failure) [PSYoungGen: 64832K->512K(65024K)] 96045K->32077K(420352K), 0.0037846 secs] [Times: user=0.01 sys=0.00, real=0.01 secs] 
2019-01-02T04:03:58.305+0900: 126084.804: [GC (Allocation Failure) [PSYoungGen: 65024K->288K(65536K)] 96589K->31853K(420864K), 0.0033720 secs] [Times: user=0.01 sys=0.00, real=0.00 secs] 
2019-01-02T04:04:44.451+0900: 126130.950: [GC (Allocation Failure) [PSYoungGen: 64800K->576K(65536K)] 96365K->32141K(420864K), 0.0034775 secs] [Times: user=0.01 sys=0.00, real=0.01 secs] 
2019-01-02T04:05:41.711+0900: 126188.210: [GC (Allocation Failure) [PSYoungGen: 65088K->352K(65536K)] 96653K->31917K(420864K), 0.0029115 secs] [Times: user=0.01 sys=0.00, real=0.01 secs] 
2019-01-02T04:06:39.027+0900: 126245.526: [GC (Allocation Failure) [PSYoungGen: 64864K->352K(65536K)] 96429K->31917K(420864K), 0.0028901 secs] [Times: user=0.01 sys=0.00, real=0.00 secs] 
2019-01-02T04:07:37.165+0900: 126303.664: [GC (Allocation Failure) [PSYoungGen: 64864K->384K(65536K)] 96429K->31949K(420864K), 0.0028358 secs] [Times: user=0.01 sys=0.00, real=0.00 secs] 
2019-01-02T04:08:35.040+0900: 126361.539: [GC (Allocation Failure) [PSYoungGen: 64896K->352K(65536K)] 96461K->31917K(420864K), 0.0029087 secs] [Times: user=0.01 sys=0.00, real=0.00 secs] 
2019-01-02T04:09:32.818+0900: 126419.317: [GC (Allocation Failure) [PSYoungGen: 64864K->384K(65536K)] 96429K->31949K(420864K), 0.0024393 secs] [Times: user=0.01 sys=0.00, real=0.00 secs] 
2019-01-02T04:10:30.942+0900: 126477.441: [GC (Allocation Failure) [PSYoungGen: 64896K->352K(65536K)] 96461K->31917K(420864K), 0.0029762 secs] [Times: user=0.01 sys=0.00, real=0.01 secs] 
2019-01-02T04:11:29.069+0900: 126535.568: [GC (Allocation Failure) [PSYoungGen: 64864K->288K(65536K)] 96429K->31853K(420864K), 0.0029288 secs] [Times: user=0.01 sys=0.00, real=0.00 secs] 
2019-01-02T04:12:27.372+0900: 126593.872: [GC (Allocation Failure) [PSYoungGen: 64800K->384K(65536K)] 96365K->31949K(420864K), 0.0030572 secs] [Times: user=0.01 sys=0.00, real=0.01 secs] 
2019-01-02T04:13:25.040+0900: 126651.539: [GC (Allocation Failure) [PSYoungGen: 64896K->384K(65536K)] 96461K->31949K(420864K), 0.0025559 secs] [Times: user=0.01 sys=0.01, real=0.00 secs] 
2019-01-02T04:14:23.079+0900: 126709.578: [GC (Allocation Failure) [PSYoungGen: 64896K->352K(65536K)] 96461K->31917K(420864K), 0.0031554 secs] [Times: user=0.01 sys=0.00, real=0.00 secs] 
2019-01-02T04:15:21.063+0900: 126767.563: [GC (Allocation Failure) [PSYoungGen: 64864K->384K(65536K)] 96429K->31949K(420864K), 0.0029755 secs] [Times: user=0.01 sys=0.00, real=0.01 secs] 
2019-01-02T04:16:18.912+0900: 126825.411: [GC (Allocation Failure) [PSYoungGen: 64896K->384K(65536K)] 96461K->31949K(420864K), 0.0027995 secs] [Times: user=0.01 sys=0.01, real=0.01 secs] 
2019-01-02T04:17:16.495+0900: 126882.994: [GC (Allocation Failure) [PSYoungGen: 64896K->320K(65024K)] 96461K->31949K(420352K), 0.0025265 secs] [Times: user=0.01 sys=0.00, real=0.00 secs] 
2019-01-02T04:18:14.502+0900: 126941.001: [GC (Allocation Failure) [PSYoungGen: 64832K->352K(65024K)] 96461K->32021K(420352K), 0.0029986 secs] [Times: user=0.01 sys=0.00, real=0.01 secs] 
2019-01-02T04:19:12.223+0900: 126998.722: [GC (Allocation Failure) [PSYoungGen: 64864K->288K(65024K)] 96533K->32005K(420352K), 0.0029483 secs] [Times: user=0.01 sys=0.00, real=0.01 secs] 
2019-01-02T04:20:09.948+0900: 127056.447: [GC (Allocation Failure) [PSYoungGen: 64800K->320K(65024K)] 96517K->32037K(420352K), 0.0029284 secs] [Times: user=0.01 sys=0.00, real=0.00 secs] 
2019-01-02T04:21:07.706+0900: 127114.205: [GC (Allocation Failure) [PSYoungGen: 64832K->320K(65024K)] 96549K->32037K(420352K), 0.0028875 secs] [Times: user=0.01 sys=0.00, real=0.00 secs] 
2019-01-02T04:22:05.453+0900: 127171.952: [GC (Allocation Failure) [PSYoungGen: 64832K->352K(65024K)] 96549K->32069K(420352K), 0.0028529 secs] [Times: user=0.01 sys=0.00, real=0.01 secs] 
2019-01-02T04:23:03.121+0900: 127229.620: [GC (Allocation Failure) [PSYoungGen: 64864K->320K(65024K)] 96581K->32037K(420352K), 0.0029310 secs] [Times: user=0.01 sys=0.00, real=0.01 secs] 
2019-01-02T04:24:01.058+0900: 127287.557: [GC (Allocation Failure) [PSYoungGen: 64832K->384K(65024K)] 96549K->32101K(420352K), 0.0031928 secs] [Times: user=0.02 sys=0.00, real=0.00 secs] 
2019-01-02T04:24:58.898+0900: 127345.397: [GC (Allocation Failure) [PSYoungGen: 64896K->352K(65024K)] 96613K->32069K(420352K), 0.0029977 secs] [Times: user=0.01 sys=0.00, real=0.00 secs] 
2019-01-02T04:25:56.569+0900: 127403.068: [GC (Allocation Failure) [PSYoungGen: 64864K->384K(65024K)] 96581K->32101K(420352K), 0.0029372 secs] [Times: user=0.01 sys=0.00, real=0.00 secs] 
2019-01-02T04:26:54.385+0900: 127460.884: [GC (Allocation Failure) [PSYoungGen: 64896K->352K(65024K)] 96613K->32069K(420352K), 0.0032378 secs] [Times: user=0.01 sys=0.00, real=0.00 secs] 
2019-01-02T04:27:52.018+0900: 127518.517: [GC (Allocation Failure) [PSYoungGen: 64864K->320K(65024K)] 96581K->32037K(420352K), 0.0028754 secs] [Times: user=0.01 sys=0.00, real=0.00 secs] 
2019-01-02T04:28:50.140+0900: 127576.639: [GC (Allocation Failure) [PSYoungGen: 64832K->384K(65024K)] 96549K->32101K(420352K), 0.0026966 secs] [Times: user=0.01 sys=0.00, real=0.00 secs] 
2019-01-02T04:29:47.873+0900: 127634.372: [GC (Allocation Failure) [PSYoungGen: 64896K->320K(65024K)] 96613K->32037K(420352K), 0.0028530 secs] [Times: user=0.01 sys=0.00, real=0.01 secs] 
2019-01-02T04:30:45.615+0900: 127692.114: [GC (Allocation Failure) [PSYoungGen: 64832K->352K(65024K)] 96549K->32069K(420352K), 0.0028720 secs] [Times: user=0.01 sys=0.00, real=0.00 secs] 
2019-01-02T04:31:43.348+0900: 127749.847: [GC (Allocation Failure) [PSYoungGen: 64864K->352K(65024K)] 96581K->32069K(420352K), 0.0026989 secs] [Times: user=0.01 sys=0.00, real=0.00 secs] 
2019-01-02T04:32:30.132+0900: 127796.631: [GC (Allocation Failure) [PSYoungGen: 64862K->480K(65024K)] 96580K->32398K(420352K), 0.0034388 secs] [Times: user=0.01 sys=0.00, real=0.01 secs] 
2019-01-02T04:33:15.259+0900: 127841.758: [GC (Allocation Failure) [PSYoungGen: 64992K->672K(65536K)] 96910K->32590K(420864K), 0.0030541 secs] [Times: user=0.01 sys=0.00, real=0.00 secs] 
2019-01-02T04:34:13.196+0900: 127899.695: [GC (Allocation Failure) [PSYoungGen: 65184K->320K(65536K)] 97102K->32238K(420864K), 0.0030638 secs] [Times: user=0.01 sys=0.00, real=0.00 secs] 
2019-01-02T04:34:59.386+0900: 127945.885: [GC (Allocation Failure) [PSYoungGen: 64832K->608K(65536K)] 96750K->32526K(420864K), 0.0030841 secs] [Times: user=0.01 sys=0.00, real=0.00 secs] 
2019-01-02T04:35:57.166+0900: 128003.665: [GC (Allocation Failure) [PSYoungGen: 65120K->352K(65536K)] 97038K->32270K(420864K), 0.0029530 secs] [Times: user=0.01 sys=0.00, real=0.00 secs] 
2019-01-02T04:36:55.118+0900: 128061.617: [GC (Allocation Failure) [PSYoungGen: 64864K->320K(65536K)] 96782K->32238K(420864K), 0.0025869 secs] [Times: user=0.01 sys=0.00, real=0.00 secs] 
2019-01-02T04:37:52.716+0900: 128119.215: [GC (Allocation Failure) [PSYoungGen: 64832K->320K(65536K)] 96750K->32238K(420864K), 0.0031205 secs] [Times: user=0.01 sys=0.00, real=0.00 secs] 
2019-01-02T04:38:50.761+0900: 128177.260: [GC (Allocation Failure) [PSYoungGen: 64832K->320K(65536K)] 96750K->32238K(420864K), 0.0029610 secs] [Times: user=0.01 sys=0.00, real=0.00 secs] 
2019-01-02T04:39:48.877+0900: 128235.376: [GC (Allocation Failure) [PSYoungGen: 64832K->352K(65536K)] 96750K->32270K(420864K), 0.0029599 secs] [Times: user=0.01 sys=0.01, real=0.00 secs] 
2019-01-02T04:40:46.343+0900: 128292.842: [GC (Allocation Failure) [PSYoungGen: 64864K->288K(65536K)] 96782K->32206K(420864K), 0.0029300 secs] [Times: user=0.02 sys=0.00, real=0.01 secs] 
2019-01-02T04:41:43.722+0900: 128350.222: [GC (Allocation Failure) [PSYoungGen: 64800K->384K(65536K)] 96718K->32302K(420864K), 0.0027553 secs] [Times: user=0.01 sys=0.00, real=0.01 secs] 
2019-01-02T04:42:41.548+0900: 128408.047: [GC (Allocation Failure) [PSYoungGen: 64896K->352K(65536K)] 96814K->32270K(420864K), 0.0029259 secs] [Times: user=0.02 sys=0.00, real=0.00 secs] 
2019-01-02T04:43:39.019+0900: 128465.518: [GC (Allocation Failure) [PSYoungGen: 64864K->352K(65536K)] 96782K->32270K(420864K), 0.0029674 secs] [Times: user=0.01 sys=0.01, real=0.00 secs] 
2019-01-02T04:44:37.006+0900: 128523.505: [GC (Allocation Failure) [PSYoungGen: 64864K->288K(65536K)] 96782K->32206K(420864K), 0.0029175 secs] [Times: user=0.02 sys=0.00, real=0.00 secs] 
2019-01-02T04:45:34.943+0900: 128581.442: [GC (Allocation Failure) [PSYoungGen: 64800K->352K(65536K)] 96718K->32270K(420864K), 0.0031378 secs] [Times: user=0.01 sys=0.00, real=0.01 secs] 
2019-01-02T04:46:32.877+0900: 128639.376: [GC (Allocation Failure) [PSYoungGen: 64864K->384K(65536K)] 96782K->32366K(420864K), 0.0029831 secs] [Times: user=0.02 sys=0.00, real=0.00 secs] 
2019-01-02T04:47:30.747+0900: 128697.246: [GC (Allocation Failure) [PSYoungGen: 64896K->352K(65536K)] 96878K->32382K(420864K), 0.0029253 secs] [Times: user=0.02 sys=0.00, real=0.00 secs] 
2019-01-02T04:48:28.350+0900: 128754.849: [GC (Allocation Failure) [PSYoungGen: 64864K->320K(65536K)] 96894K->32350K(420864K), 0.0029759 secs] [Times: user=0.01 sys=0.00, real=0.00 secs] 
2019-01-02T04:49:26.257+0900: 128812.756: [GC (Allocation Failure) [PSYoungGen: 64832K->352K(65024K)] 96862K->32422K(420352K), 0.0029433 secs] [Times: user=0.01 sys=0.00, real=0.00 secs] 
2019-01-02T04:50:24.360+0900: 128870.859: [GC (Allocation Failure) [PSYoungGen: 64864K->352K(65024K)] 96934K->32422K(420352K), 0.0028737 secs] [Times: user=0.01 sys=0.00, real=0.00 secs] 
2019-01-02T04:51:22.454+0900: 128928.953: [GC (Allocation Failure) [PSYoungGen: 64864K->384K(65024K)] 96934K->32454K(420352K), 0.0027540 secs] [Times: user=0.01 sys=0.00, real=0.01 secs] 
2019-01-02T04:52:20.058+0900: 128986.557: [GC (Allocation Failure) [PSYoungGen: 64896K->320K(65024K)] 96966K->32390K(420352K), 0.0027774 secs] [Times: user=0.01 sys=0.00, real=0.00 secs] 
2019-01-02T04:53:17.796+0900: 129044.295: [GC (Allocation Failure) [PSYoungGen: 64832K->288K(65024K)] 96902K->32358K(420352K), 0.0031352 secs] [Times: user=0.01 sys=0.00, real=0.00 secs] 
2019-01-02T04:54:11.535+0900: 129098.034: [GC (Allocation Failure) [PSYoungGen: 64800K->384K(65024K)] 96870K->32454K(420352K), 0.0030237 secs] [Times: user=0.02 sys=0.00, real=0.00 secs] 
2019-01-02T04:55:09.463+0900: 129155.962: [GC (Allocation Failure) [PSYoungGen: 64896K->352K(65024K)] 96966K->32422K(420352K), 0.0030350 secs] [Times: user=0.01 sys=0.00, real=0.01 secs] 
2019-01-02T04:56:07.431+0900: 129213.930: [GC (Allocation Failure) [PSYoungGen: 64864K->320K(65024K)] 96934K->32390K(420352K), 0.0029017 secs] [Times: user=0.01 sys=0.00, real=0.01 secs] 
2019-01-02T04:57:05.390+0900: 129271.889: [GC (Allocation Failure) [PSYoungGen: 64832K->320K(65024K)] 96902K->32390K(420352K), 0.0028472 secs] [Times: user=0.01 sys=0.00, real=0.00 secs] 
2019-01-02T04:58:03.140+0900: 129329.639: [GC (Allocation Failure) [PSYoungGen: 64832K->352K(65024K)] 96902K->32422K(420352K), 0.0031206 secs] [Times: user=0.01 sys=0.00, real=0.00 secs] 
2019-01-02T04:59:00.897+0900: 129387.396: [GC (Allocation Failure) [PSYoungGen: 64864K->352K(65024K)] 96934K->32422K(420352K), 0.0028977 secs] [Times: user=0.01 sys=0.00, real=0.00 secs] 
2019-01-02T04:59:58.590+0900: 129445.089: [GC (Allocation Failure) [PSYoungGen: 64864K->352K(65024K)] 96934K->32422K(420352K), 0.0026306 secs] [Times: user=0.01 sys=0.00, real=0.00 secs] 
2019-01-02T05:00:56.433+0900: 129502.932: [GC (Allocation Failure) [PSYoungGen: 64864K->384K(65024K)] 96934K->32454K(420352K), 0.0028266 secs] [Times: user=0.01 sys=0.00, real=0.01 secs] 
2019-01-02T05:01:54.138+0900: 129560.637: [GC (Allocation Failure) [PSYoungGen: 64896K->352K(65024K)] 96966K->32422K(420352K), 0.0029038 secs] [Times: user=0.01 sys=0.00, real=0.00 secs] 
2019-01-02T05:02:36.165+0900: 129602.664: [GC (Allocation Failure) [PSYoungGen: 64864K->512K(65024K)] 96934K->32702K(420352K), 0.0033917 secs] [Times: user=0.01 sys=0.00, real=0.00 secs] 
2019-01-02T05:03:26.209+0900: 129652.708: [GC (Allocation Failure) [PSYoungGen: 65024K->512K(65536K)] 97214K->32702K(420864K), 0.0028846 secs] [Times: user=0.01 sys=0.00, real=0.00 secs] 
2019-01-02T05:04:23.843+0900: 129710.342: [GC (Allocation Failure) [PSYoungGen: 65024K->384K(65536K)] 97214K->32574K(420864K), 0.0025637 secs] [Times: user=0.01 sys=0.00, real=0.01 secs] 
2019-01-02T05:05:09.828+0900: 129756.327: [GC (Allocation Failure) [PSYoungGen: 64896K->608K(65536K)] 97086K->32798K(420864K), 0.0035986 secs] [Times: user=0.01 sys=0.00, real=0.00 secs] 
2019-01-02T05:06:07.366+0900: 129813.865: [GC (Allocation Failure) [PSYoungGen: 65120K->352K(65536K)] 97310K->32542K(420864K), 0.0029353 secs] [Times: user=0.01 sys=0.00, real=0.00 secs] 
2019-01-02T05:07:05.294+0900: 129871.793: [GC (Allocation Failure) [PSYoungGen: 64864K->384K(65536K)] 97054K->32574K(420864K), 0.0025949 secs] [Times: user=0.02 sys=0.00, real=0.00 secs] 
2019-01-02T05:08:03.055+0900: 129929.554: [GC (Allocation Failure) [PSYoungGen: 64896K->288K(65536K)] 97086K->32494K(420864K), 0.0027460 secs] [Times: user=0.01 sys=0.00, real=0.00 secs] 
2019-01-02T05:08:58.801+0900: 129985.300: [GC (Allocation Failure) [PSYoungGen: 64800K->352K(65536K)] 97006K->32558K(420864K), 0.0032900 secs] [Times: user=0.01 sys=0.01, real=0.01 secs] 
2019-01-02T05:09:54.916+0900: 130041.415: [GC (Allocation Failure) [PSYoungGen: 64864K->352K(65536K)] 97070K->32558K(420864K), 0.0029357 secs] [Times: user=0.01 sys=0.00, real=0.00 secs] 
2019-01-02T05:10:52.171+0900: 130098.670: [GC (Allocation Failure) [PSYoungGen: 64864K->320K(65536K)] 97070K->32526K(420864K), 0.0029958 secs] [Times: user=0.01 sys=0.00, real=0.01 secs] 
2019-01-02T05:11:49.882+0900: 130156.381: [GC (Allocation Failure) [PSYoungGen: 64832K->320K(65536K)] 97038K->32526K(420864K), 0.0029368 secs] [Times: user=0.01 sys=0.00, real=0.01 secs] 
2019-01-02T05:12:47.689+0900: 130214.188: [GC (Allocation Failure) [PSYoungGen: 64832K->352K(65536K)] 97038K->32558K(420864K), 0.0029526 secs] [Times: user=0.01 sys=0.01, real=0.00 secs] 
2019-01-02T05:13:45.842+0900: 130272.341: [GC (Allocation Failure) [PSYoungGen: 64864K->288K(65536K)] 97070K->32494K(420864K), 0.0029550 secs] [Times: user=0.01 sys=0.00, real=0.01 secs] 
2019-01-02T05:14:43.379+0900: 130329.878: [GC (Allocation Failure) [PSYoungGen: 64800K->320K(65536K)] 97006K->32526K(420864K), 0.0028236 secs] [Times: user=0.01 sys=0.00, real=0.00 secs] 
2019-01-02T05:15:41.320+0900: 130387.819: [GC (Allocation Failure) [PSYoungGen: 64832K->352K(65024K)] 97038K->32558K(420352K), 0.0028106 secs] [Times: user=0.01 sys=0.00, real=0.00 secs] 
2019-01-02T05:16:39.201+0900: 130445.701: [GC (Allocation Failure) [PSYoungGen: 64864K->320K(65024K)] 97070K->32590K(420352K), 0.0030251 secs] [Times: user=0.01 sys=0.00, real=0.01 secs] 
2019-01-02T05:17:37.072+0900: 130503.571: [GC (Allocation Failure) [PSYoungGen: 64832K->288K(65024K)] 97102K->32574K(420352K), 0.0029366 secs] [Times: user=0.02 sys=0.00, real=0.01 secs] 
2019-01-02T05:18:35.040+0900: 130561.539: [GC (Allocation Failure) [PSYoungGen: 64800K->320K(65024K)] 97086K->32606K(420352K), 0.0026112 secs] [Times: user=0.01 sys=0.00, real=0.00 secs] 
2019-01-02T05:19:32.789+0900: 130619.288: [GC (Allocation Failure) [PSYoungGen: 64832K->384K(65024K)] 97118K->32710K(420352K), 0.0032288 secs] [Times: user=0.01 sys=0.00, real=0.00 secs] 
2019-01-02T05:20:30.474+0900: 130676.973: [GC (Allocation Failure) [PSYoungGen: 64896K->320K(65024K)] 97222K->32646K(420352K), 0.0024545 secs] [Times: user=0.01 sys=0.00, real=0.00 secs] 
2019-01-02T05:21:28.233+0900: 130734.732: [GC (Allocation Failure) [PSYoungGen: 64832K->384K(65024K)] 97158K->32710K(420352K), 0.0025612 secs] [Times: user=0.01 sys=0.00, real=0.01 secs] 
2019-01-02T05:22:26.062+0900: 130792.561: [GC (Allocation Failure) [PSYoungGen: 64896K->384K(65024K)] 97222K->32710K(420352K), 0.0027729 secs] [Times: user=0.01 sys=0.00, real=0.01 secs] 
2019-01-02T05:23:23.847+0900: 130850.346: [GC (Allocation Failure) [PSYoungGen: 64896K->256K(65024K)] 97222K->32582K(420352K), 0.0029716 secs] [Times: user=0.01 sys=0.00, real=0.00 secs] 
2019-01-02T05:24:21.413+0900: 130907.912: [GC (Allocation Failure) [PSYoungGen: 64768K->256K(65024K)] 97094K->32614K(420352K), 0.0030691 secs] [Times: user=0.02 sys=0.00, real=0.01 secs] 
2019-01-02T05:25:19.008+0900: 130965.507: [GC (Allocation Failure) [PSYoungGen: 64768K->320K(65024K)] 97126K->32678K(420352K), 0.0027919 secs] [Times: user=0.02 sys=0.00, real=0.00 secs] 
2019-01-02T05:26:16.846+0900: 131023.345: [GC (Allocation Failure) [PSYoungGen: 64832K->288K(65024K)] 97190K->32646K(420352K), 0.0030203 secs] [Times: user=0.01 sys=0.00, real=0.00 secs] 
2019-01-02T05:27:08.859+0900: 131075.358: [GC (Allocation Failure) [PSYoungGen: 64800K->480K(65024K)] 97158K->32838K(420352K), 0.0032457 secs] [Times: user=0.00 sys=0.01, real=0.00 secs] 
2019-01-02T05:27:56.054+0900: 131122.553: [GC (Allocation Failure) [PSYoungGen: 64954K->480K(65024K)] 97312K->33014K(420352K), 0.0033042 secs] [Times: user=0.01 sys=0.00, real=0.00 secs] 
2019-01-02T05:28:46.387+0900: 131172.886: [GC (Allocation Failure) [PSYoungGen: 64992K->544K(65536K)] 97526K->33078K(420864K), 0.0034848 secs] [Times: user=0.01 sys=0.00, real=0.00 secs] 
2019-01-02T05:29:44.015+0900: 131230.514: [GC (Allocation Failure) [PSYoungGen: 65056K->352K(65536K)] 97590K->32886K(420864K), 0.0029342 secs] [Times: user=0.01 sys=0.00, real=0.00 secs] 
2019-01-02T05:30:41.699+0900: 131288.198: [GC (Allocation Failure) [PSYoungGen: 64864K->384K(65536K)] 97398K->32918K(420864K), 0.0030264 secs] [Times: user=0.01 sys=0.01, real=0.00 secs] 
2019-01-02T05:31:39.252+0900: 131345.751: [GC (Allocation Failure) [PSYoungGen: 64896K->352K(65536K)] 97430K->32886K(420864K), 0.0029342 secs] [Times: user=0.01 sys=0.00, real=0.01 secs] 
2019-01-02T05:32:30.003+0900: 131396.502: [GC (Allocation Failure) [PSYoungGen: 64862K->512K(65536K)] 97396K->33046K(420864K), 0.0032754 secs] [Times: user=0.01 sys=0.00, real=0.01 secs] 
2019-01-02T05:33:10.438+0900: 131436.937: [GC (Allocation Failure) [PSYoungGen: 65024K->736K(65536K)] 97558K->33270K(420864K), 0.0031823 secs] [Times: user=0.01 sys=0.00, real=0.00 secs] 
2019-01-02T05:34:08.639+0900: 131495.138: [GC (Allocation Failure) [PSYoungGen: 65248K->352K(65536K)] 97782K->32886K(420864K), 0.0028966 secs] [Times: user=0.01 sys=0.01, real=0.00 secs] 
2019-01-02T05:34:54.821+0900: 131541.320: [GC (Allocation Failure) [PSYoungGen: 64864K->576K(65536K)] 97398K->33110K(420864K), 0.0035053 secs] [Times: user=0.01 sys=0.00, real=0.01 secs] 
2019-01-02T05:35:52.491+0900: 131598.990: [GC (Allocation Failure) [PSYoungGen: 65088K->288K(65536K)] 97622K->32822K(420864K), 0.0026132 secs] [Times: user=0.01 sys=0.00, real=0.00 secs] 
2019-01-02T05:36:50.275+0900: 131656.774: [GC (Allocation Failure) [PSYoungGen: 64800K->384K(65536K)] 97334K->32918K(420864K), 0.0032227 secs] [Times: user=0.01 sys=0.00, real=0.00 secs] 
2019-01-02T05:37:48.254+0900: 131714.753: [GC (Allocation Failure) [PSYoungGen: 64896K->384K(65536K)] 97430K->32918K(420864K), 0.0025792 secs] [Times: user=0.01 sys=0.00, real=0.00 secs] 
2019-01-02T05:38:45.733+0900: 131772.232: [GC (Allocation Failure) [PSYoungGen: 64896K->320K(65536K)] 97430K->32854K(420864K), 0.0032006 secs] [Times: user=0.01 sys=0.00, real=0.01 secs] 
2019-01-02T05:39:37.576+0900: 131824.075: [GC (Allocation Failure) [PSYoungGen: 64832K->448K(65536K)] 97366K->32982K(420864K), 0.0030567 secs] [Times: user=0.01 sys=0.00, real=0.00 secs] 
2019-01-02T05:40:33.150+0900: 131879.649: [GC (Allocation Failure) [PSYoungGen: 64960K->352K(65536K)] 97494K->32902K(420864K), 0.0031412 secs] [Times: user=0.01 sys=0.00, real=0.00 secs] 
2019-01-02T05:41:31.340+0900: 131937.839: [GC (Allocation Failure) [PSYoungGen: 64864K->288K(65536K)] 97414K->32870K(420864K), 0.0029757 secs] [Times: user=0.01 sys=0.00, real=0.00 secs] 
2019-01-02T05:42:28.920+0900: 131995.419: [GC (Allocation Failure) [PSYoungGen: 64800K->352K(65536K)] 97382K->32966K(420864K), 0.0028499 secs] [Times: user=0.01 sys=0.00, real=0.00 secs] 
2019-01-02T05:43:26.836+0900: 132053.335: [GC (Allocation Failure) [PSYoungGen: 64864K->320K(65536K)] 97478K->32934K(420864K), 0.0029097 secs] [Times: user=0.01 sys=0.00, real=0.00 secs] 
2019-01-02T05:44:24.072+0900: 132110.571: [GC (Allocation Failure) [PSYoungGen: 64832K->384K(65536K)] 97446K->32998K(420864K), 0.0026360 secs] [Times: user=0.01 sys=0.00, real=0.01 secs] 
2019-01-02T05:45:22.299+0900: 132168.798: [GC (Allocation Failure) [PSYoungGen: 64896K->384K(65536K)] 97510K->32998K(420864K), 0.0031556 secs] [Times: user=0.01 sys=0.00, real=0.00 secs] 
2019-01-02T05:46:20.530+0900: 132227.029: [GC (Allocation Failure) [PSYoungGen: 64896K->320K(65536K)] 97510K->32950K(420864K), 0.0026725 secs] [Times: user=0.01 sys=0.00, real=0.00 secs] 
2019-01-02T05:47:18.049+0900: 132284.548: [GC (Allocation Failure) [PSYoungGen: 64832K->256K(65536K)] 97462K->32918K(420864K), 0.0029307 secs] [Times: user=0.01 sys=0.00, real=0.00 secs] 
2019-01-02T05:48:15.981+0900: 132342.480: [GC (Allocation Failure) [PSYoungGen: 64768K->320K(65536K)] 97430K->32982K(420864K), 0.0028586 secs] [Times: user=0.00 sys=0.00, real=0.01 secs] 
2019-01-02T05:49:11.885+0900: 132398.384: [GC (Allocation Failure) [PSYoungGen: 64832K->384K(65536K)] 97494K->33078K(420864K), 0.0029208 secs] [Times: user=0.01 sys=0.00, real=0.00 secs] 
2019-01-02T05:50:07.418+0900: 132453.917: [GC (Allocation Failure) [PSYoungGen: 64896K->416K(65536K)] 97590K->33110K(420864K), 0.0030561 secs] [Times: user=0.01 sys=0.01, real=0.00 secs] 
2019-01-02T05:51:05.388+0900: 132511.887: [GC (Allocation Failure) [PSYoungGen: 64928K->352K(65536K)] 97622K->33046K(420864K), 0.0028432 secs] [Times: user=0.01 sys=0.00, real=0.00 secs] 
2019-01-02T05:52:02.870+0900: 132569.369: [GC (Allocation Failure) [PSYoungGen: 64864K->320K(65536K)] 97558K->33014K(420864K), 0.0029576 secs] [Times: user=0.01 sys=0.00, real=0.00 secs] 
2019-01-02T05:53:00.169+0900: 132626.668: [GC (Allocation Failure) [PSYoungGen: 64832K->288K(65536K)] 97526K->32982K(420864K), 0.0025174 secs] [Times: user=0.01 sys=0.00, real=0.00 secs] 
2019-01-02T05:53:50.290+0900: 132676.789: [GC (Allocation Failure) [PSYoungGen: 64800K->448K(65536K)] 97494K->33142K(420864K), 0.0030581 secs] [Times: user=0.02 sys=0.00, real=0.00 secs] 
2019-01-02T05:54:48.189+0900: 132734.688: [GC (Allocation Failure) [PSYoungGen: 64960K->352K(65536K)] 97654K->33046K(420864K), 0.0028837 secs] [Times: user=0.01 sys=0.00, real=0.00 secs] 
2019-01-02T05:55:45.738+0900: 132792.237: [GC (Allocation Failure) [PSYoungGen: 64864K->384K(65536K)] 97558K->33078K(420864K), 0.0033624 secs] [Times: user=0.01 sys=0.00, real=0.00 secs] 
2019-01-02T05:56:44.036+0900: 132850.535: [GC (Allocation Failure) [PSYoungGen: 64896K->384K(65024K)] 97590K->33078K(420352K), 0.0028917 secs] [Times: user=0.01 sys=0.00, real=0.00 secs] 
2019-01-02T05:57:37.592+0900: 132904.091: [GC (Allocation Failure) [PSYoungGen: 64896K->416K(65024K)] 97590K->33110K(420352K), 0.0031972 secs] [Times: user=0.01 sys=0.00, real=0.01 secs] 
2019-01-02T05:58:35.475+0900: 132961.975: [GC (Allocation Failure) [PSYoungGen: 64928K->352K(65024K)] 97622K->33046K(420352K), 0.0030309 secs] [Times: user=0.01 sys=0.00, real=0.00 secs] 
2019-01-02T05:59:28.696+0900: 133015.195: [GC (Allocation Failure) [PSYoungGen: 64864K->480K(65024K)] 97558K->33174K(420352K), 0.0032987 secs] [Times: user=0.02 sys=0.00, real=0.00 secs] 
2019-01-02T06:00:22.925+0900: 133069.424: [GC (Allocation Failure) [PSYoungGen: 64992K->416K(65536K)] 97686K->33110K(420864K), 0.0030350 secs] [Times: user=0.01 sys=0.00, real=0.00 secs] 
2019-01-02T06:01:21.073+0900: 133127.572: [GC (Allocation Failure) [PSYoungGen: 64928K->352K(65536K)] 97622K->33046K(420864K), 0.0030093 secs] [Times: user=0.01 sys=0.00, real=0.01 secs] 
2019-01-02T06:02:18.501+0900: 133185.000: [GC (Allocation Failure) [PSYoungGen: 64864K->288K(65536K)] 97558K->32982K(420864K), 0.0028902 secs] [Times: user=0.01 sys=0.00, real=0.01 secs] 
2019-01-02T06:02:52.532+0900: 133219.031: [GC (Allocation Failure) [PSYoungGen: 64800K->832K(65536K)] 97494K->33526K(420864K), 0.0035413 secs] [Times: user=0.01 sys=0.00, real=0.01 secs] 
2019-01-02T06:03:50.107+0900: 133276.606: [GC (Allocation Failure) [PSYoungGen: 65344K->352K(65536K)] 98038K->33046K(420864K), 0.0026117 secs] [Times: user=0.01 sys=0.00, real=0.00 secs] 
2019-01-02T06:04:47.917+0900: 133334.416: [GC (Allocation Failure) [PSYoungGen: 64864K->352K(65536K)] 97558K->33046K(420864K), 0.0025698 secs] [Times: user=0.01 sys=0.00, real=0.00 secs] 
2019-01-02T06:05:34.099+0900: 133380.598: [GC (Allocation Failure) [PSYoungGen: 64864K->608K(65536K)] 97558K->33302K(420864K), 0.0033511 secs] [Times: user=0.01 sys=0.00, real=0.00 secs] 
2019-01-02T06:06:31.550+0900: 133438.049: [GC (Allocation Failure) [PSYoungGen: 65120K->352K(65536K)] 97814K->33046K(420864K), 0.0030264 secs] [Times: user=0.01 sys=0.00, real=0.00 secs] 
2019-01-02T06:07:29.470+0900: 133495.970: [GC (Allocation Failure) [PSYoungGen: 64864K->352K(65536K)] 97558K->33086K(420864K), 0.0027962 secs] [Times: user=0.01 sys=0.00, real=0.00 secs] 
2019-01-02T06:08:26.779+0900: 133553.278: [GC (Allocation Failure) [PSYoungGen: 64864K->320K(65536K)] 97598K->33054K(420864K), 0.0030592 secs] [Times: user=0.02 sys=0.00, real=0.00 secs] 
2019-01-02T06:09:22.687+0900: 133609.186: [GC (Allocation Failure) [PSYoungGen: 64832K->416K(65536K)] 97566K->33150K(420864K), 0.0029211 secs] [Times: user=0.01 sys=0.00, real=0.00 secs] 
2019-01-02T06:10:20.222+0900: 133666.721: [GC (Allocation Failure) [PSYoungGen: 64928K->352K(65536K)] 97662K->33086K(420864K), 0.0025858 secs] [Times: user=0.01 sys=0.00, real=0.01 secs] 
2019-01-02T06:11:18.448+0900: 133724.947: [GC (Allocation Failure) [PSYoungGen: 64864K->384K(65536K)] 97598K->33126K(420864K), 0.0028257 secs] [Times: user=0.01 sys=0.00, real=0.00 secs] 
2019-01-02T06:12:08.427+0900: 133774.926: [GC (Allocation Failure) [PSYoungGen: 64896K->544K(65536K)] 97638K->33286K(420864K), 0.0033261 secs] [Times: user=0.01 sys=0.00, real=0.00 secs] 
2019-01-02T06:12:56.288+0900: 133822.787: [GC (Allocation Failure) [PSYoungGen: 65056K->544K(65536K)] 97798K->33286K(420864K), 0.0034290 secs] [Times: user=0.02 sys=0.00, real=0.00 secs] 
2019-01-02T06:13:42.391+0900: 133868.890: [GC (Allocation Failure) [PSYoungGen: 65056K->640K(65536K)] 97798K->33382K(420864K), 0.0033091 secs] [Times: user=0.01 sys=0.00, real=0.01 secs] 
2019-01-02T06:14:34.323+0900: 133920.822: [GC (Allocation Failure) [PSYoungGen: 65152K->416K(65536K)] 97894K->33158K(420864K), 0.0032919 secs] [Times: user=0.01 sys=0.01, real=0.01 secs] 
2019-01-02T06:15:30.310+0900: 133976.809: [GC (Allocation Failure) [PSYoungGen: 64928K->288K(65536K)] 97670K->33030K(420864K), 0.0031010 secs] [Times: user=0.00 sys=0.01, real=0.00 secs] 
2019-01-02T06:16:25.856+0900: 134032.355: [GC (Allocation Failure) [PSYoungGen: 64800K->384K(65536K)] 97542K->33134K(420864K), 0.0025954 secs] [Times: user=0.01 sys=0.00, real=0.00 secs] 
2019-01-02T06:17:21.850+0900: 134088.349: [GC (Allocation Failure) [PSYoungGen: 64896K->384K(65536K)] 97646K->33134K(420864K), 0.0027581 secs] [Times: user=0.01 sys=0.00, real=0.00 secs] 
2019-01-02T06:18:10.022+0900: 134136.521: [GC (Allocation Failure) [PSYoungGen: 64896K->608K(65536K)] 97646K->33358K(420864K), 0.0033389 secs] [Times: user=0.01 sys=0.00, real=0.01 secs] 
2019-01-02T06:19:03.348+0900: 134189.847: [GC (Allocation Failure) [PSYoungGen: 65120K->480K(65536K)] 97870K->33238K(420864K), 0.0031450 secs] [Times: user=0.01 sys=0.00, real=0.00 secs] 
2019-01-02T06:20:01.195+0900: 134247.694: [GC (Allocation Failure) [PSYoungGen: 64992K->320K(65536K)] 97750K->33078K(420864K), 0.0029849 secs] [Times: user=0.01 sys=0.00, real=0.00 secs] 
2019-01-02T06:20:58.694+0900: 134305.193: [GC (Allocation Failure) [PSYoungGen: 64832K->384K(65536K)] 97590K->33142K(420864K), 0.0029030 secs] [Times: user=0.01 sys=0.00, real=0.00 secs] 
2019-01-02T06:21:56.569+0900: 134363.068: [GC (Allocation Failure) [PSYoungGen: 64896K->320K(65536K)] 97654K->33078K(420864K), 0.0030521 secs] [Times: user=0.01 sys=0.01, real=0.00 secs] 
2019-01-02T06:22:46.386+0900: 134412.885: [GC (Allocation Failure) [PSYoungGen: 64832K->544K(65536K)] 97590K->33302K(420864K), 0.0029912 secs] [Times: user=0.01 sys=0.00, real=0.00 secs] 
2019-01-02T06:23:35.674+0900: 134462.173: [GC (Allocation Failure) [PSYoungGen: 65056K->672K(65536K)] 97814K->33430K(420864K), 0.0035647 secs] [Times: user=0.01 sys=0.00, real=0.00 secs] 
2019-01-02T06:24:26.552+0900: 134513.051: [GC (Allocation Failure) [PSYoungGen: 65184K->512K(65536K)] 97942K->33270K(420864K), 0.0032011 secs] [Times: user=0.02 sys=0.00, real=0.01 secs] 
2019-01-02T06:25:24.472+0900: 134570.971: [GC (Allocation Failure) [PSYoungGen: 65024K->352K(65536K)] 97782K->33110K(420864K), 0.0027738 secs] [Times: user=0.01 sys=0.00, real=0.01 secs] 
2019-01-02T06:26:14.244+0900: 134620.743: [GC (Allocation Failure) [PSYoungGen: 64864K->480K(65536K)] 97622K->33238K(420864K), 0.0033491 secs] [Times: user=0.01 sys=0.00, real=0.00 secs] 
2019-01-02T06:27:00.693+0900: 134667.192: [GC (Allocation Failure) [PSYoungGen: 64992K->608K(65536K)] 97750K->33374K(420864K), 0.0038407 secs] [Times: user=0.01 sys=0.00, real=0.01 secs] 
2019-01-02T06:27:48.116+0900: 134714.615: [GC (Allocation Failure) [PSYoungGen: 65120K->672K(65536K)] 97886K->33438K(420864K), 0.0035049 secs] [Times: user=0.01 sys=0.01, real=0.00 secs] 
2019-01-02T06:28:44.412+0900: 134770.911: [GC (Allocation Failure) [PSYoungGen: 65184K->384K(65536K)] 97950K->33150K(420864K), 0.0033403 secs] [Times: user=0.01 sys=0.00, real=0.01 secs] 
2019-01-02T06:29:41.575+0900: 134828.074: [GC (Allocation Failure) [PSYoungGen: 64896K->352K(65536K)] 97662K->33118K(420864K), 0.0025795 secs] [Times: user=0.01 sys=0.00, real=0.00 secs] 
2019-01-02T06:30:35.381+0900: 134881.880: [GC (Allocation Failure) [PSYoungGen: 64864K->448K(65536K)] 97630K->33214K(420864K), 0.0031144 secs] [Times: user=0.01 sys=0.00, real=0.01 secs] 
2019-01-02T06:31:33.234+0900: 134939.733: [GC (Allocation Failure) [PSYoungGen: 64960K->352K(65536K)] 97726K->33142K(420864K), 0.0030175 secs] [Times: user=0.01 sys=0.00, real=0.00 secs] 
2019-01-02T06:32:30.638+0900: 134997.137: [GC (Allocation Failure) [PSYoungGen: 64863K->512K(65536K)] 97653K->33302K(420864K), 0.0030430 secs] [Times: user=0.01 sys=0.00, real=0.00 secs] 
2019-01-02T06:33:05.094+0900: 135031.593: [GC (Allocation Failure) [PSYoungGen: 65024K->896K(65536K)] 97814K->33686K(420864K), 0.0036600 secs] [Times: user=0.01 sys=0.00, real=0.00 secs] 
2019-01-02T06:33:59.048+0900: 135085.547: [GC (Allocation Failure) [PSYoungGen: 65408K->448K(65536K)] 98198K->33238K(420864K), 0.0030825 secs] [Times: user=0.01 sys=0.00, real=0.00 secs] 
2019-01-02T06:34:56.912+0900: 135143.411: [GC (Allocation Failure) [PSYoungGen: 64960K->352K(65536K)] 97750K->33142K(420864K), 0.0030783 secs] [Times: user=0.01 sys=0.00, real=0.01 secs] 
2019-01-02T06:35:36.447+0900: 135182.946: [GC (Allocation Failure) [PSYoungGen: 64864K->736K(65536K)] 97654K->33526K(420864K), 0.0031686 secs] [Times: user=0.01 sys=0.00, real=0.00 secs] 
2019-01-02T06:36:24.785+0900: 135231.284: [GC (Allocation Failure) [PSYoungGen: 65248K->544K(65536K)] 98038K->33334K(420864K), 0.0029780 secs] [Times: user=0.01 sys=0.01, real=0.00 secs] 
2019-01-02T06:37:12.796+0900: 135279.295: [GC (Allocation Failure) [PSYoungGen: 65056K->608K(65536K)] 97846K->33398K(420864K), 0.0029140 secs] [Times: user=0.01 sys=0.00, real=0.00 secs] 
2019-01-02T06:38:01.469+0900: 135327.968: [GC (Allocation Failure) [PSYoungGen: 65120K->608K(65536K)] 97910K->33398K(420864K), 0.0031913 secs] [Times: user=0.01 sys=0.00, real=0.00 secs] 
2019-01-02T06:38:53.019+0900: 135379.518: [GC (Allocation Failure) [PSYoungGen: 65120K->640K(65536K)] 97910K->33430K(420864K), 0.0033224 secs] [Times: user=0.01 sys=0.00, real=0.00 secs] 
2019-01-02T06:39:40.377+0900: 135426.876: [GC (Allocation Failure) [PSYoungGen: 65152K->640K(65536K)] 97942K->33430K(420864K), 0.0030173 secs] [Times: user=0.01 sys=0.00, real=0.00 secs] 
2019-01-02T06:40:24.317+0900: 135470.816: [GC (Allocation Failure) [PSYoungGen: 65152K->608K(65536K)] 97942K->33398K(420864K), 0.0038562 secs] [Times: user=0.01 sys=0.00, real=0.00 secs] 
2019-01-02T06:41:19.800+0900: 135526.299: [GC (Allocation Failure) [PSYoungGen: 65120K->416K(65536K)] 97910K->33206K(420864K), 0.0027165 secs] [Times: user=0.02 sys=0.00, real=0.00 secs] 
2019-01-02T06:42:09.826+0900: 135576.325: [GC (Allocation Failure) [PSYoungGen: 64928K->480K(65536K)] 97718K->33270K(420864K), 0.0028390 secs] [Times: user=0.01 sys=0.00, real=0.00 secs] 
2019-01-02T06:42:57.154+0900: 135623.653: [GC (Allocation Failure) [PSYoungGen: 64992K->608K(65536K)] 97782K->33398K(420864K), 0.0037560 secs] [Times: user=0.01 sys=0.01, real=0.00 secs] 
2019-01-02T06:43:47.350+0900: 135673.849: [GC (Allocation Failure) [PSYoungGen: 65120K->544K(65536K)] 97910K->33334K(420864K), 0.0028907 secs] [Times: user=0.01 sys=0.00, real=0.00 secs] 
2019-01-02T06:44:34.913+0900: 135721.412: [GC (Allocation Failure) [PSYoungGen: 65056K->576K(65536K)] 97846K->33366K(420864K), 0.0031249 secs] [Times: user=0.01 sys=0.00, real=0.01 secs] 
2019-01-02T06:45:22.572+0900: 135769.071: [GC (Allocation Failure) [PSYoungGen: 65088K->672K(65536K)] 97878K->33478K(420864K), 0.0032130 secs] [Times: user=0.01 sys=0.01, real=0.01 secs] 
2019-01-02T06:46:06.974+0900: 135813.473: [GC (Allocation Failure) [PSYoungGen: 65184K->704K(65536K)] 97990K->33510K(420864K), 0.0033900 secs] [Times: user=0.01 sys=0.00, real=0.00 secs] 
2019-01-02T06:47:05.199+0900: 135871.698: [GC (Allocation Failure) [PSYoungGen: 65216K->384K(65536K)] 98022K->33190K(420864K), 0.0028962 secs] [Times: user=0.01 sys=0.00, real=0.00 secs] 
2019-01-02T06:47:58.414+0900: 135924.913: [GC (Allocation Failure) [PSYoungGen: 64896K->480K(65536K)] 97702K->33294K(420864K), 0.0031313 secs] [Times: user=0.02 sys=0.00, real=0.00 secs] 
2019-01-02T06:48:52.415+0900: 135978.914: [GC (Allocation Failure) [PSYoungGen: 64992K->448K(65536K)] 97806K->33262K(420864K), 0.0028549 secs] [Times: user=0.01 sys=0.00, real=0.00 secs] 
2019-01-02T06:49:50.272+0900: 136036.771: [GC (Allocation Failure) [PSYoungGen: 64960K->288K(65536K)] 97774K->33102K(420864K), 0.0029442 secs] [Times: user=0.01 sys=0.00, real=0.01 secs] 
2019-01-02T06:50:48.070+0900: 136094.569: [GC (Allocation Failure) [PSYoungGen: 64800K->320K(65536K)] 97614K->33134K(420864K), 0.0030335 secs] [Times: user=0.01 sys=0.00, real=0.00 secs] 
2019-01-02T06:51:40.442+0900: 136146.941: [GC (Allocation Failure) [PSYoungGen: 64832K->608K(65536K)] 97646K->33422K(420864K), 0.0027276 secs] [Times: user=0.02 sys=0.00, real=0.01 secs] 
2019-01-02T06:52:33.482+0900: 136199.981: [GC (Allocation Failure) [PSYoungGen: 65120K->480K(65536K)] 97934K->33294K(420864K), 0.0033382 secs] [Times: user=0.01 sys=0.00, real=0.01 secs] 
2019-01-02T06:53:30.838+0900: 136257.337: [GC (Allocation Failure) [PSYoungGen: 64992K->384K(65536K)] 97806K->33206K(420864K), 0.0029671 secs] [Times: user=0.01 sys=0.00, real=0.00 secs] 
2019-01-02T06:54:28.934+0900: 136315.433: [GC (Allocation Failure) [PSYoungGen: 64896K->384K(65536K)] 97718K->33206K(420864K), 0.0028835 secs] [Times: user=0.00 sys=0.00, real=0.00 secs] 
2019-01-02T06:55:26.186+0900: 136372.685: [GC (Allocation Failure) [PSYoungGen: 64896K->384K(65536K)] 97718K->33206K(420864K), 0.0028160 secs] [Times: user=0.01 sys=0.00, real=0.00 secs] 
2019-01-02T06:56:24.074+0900: 136430.573: [GC (Allocation Failure) [PSYoungGen: 64896K->352K(65536K)] 97718K->33174K(420864K), 0.0025713 secs] [Times: user=0.01 sys=0.00, real=0.00 secs] 
2019-01-02T06:57:17.998+0900: 136484.497: [GC (Allocation Failure) [PSYoungGen: 64864K->416K(65536K)] 97686K->33238K(420864K), 0.0028008 secs] [Times: user=0.01 sys=0.00, real=0.00 secs] 
2019-01-02T06:58:11.839+0900: 136538.338: [GC (Allocation Failure) [PSYoungGen: 64928K->384K(65536K)] 97750K->33206K(420864K), 0.0030384 secs] [Times: user=0.01 sys=0.01, real=0.00 secs] 
2019-01-02T06:59:05.982+0900: 136592.481: [GC (Allocation Failure) [PSYoungGen: 64896K->384K(65536K)] 97718K->33206K(420864K), 0.0030222 secs] [Times: user=0.01 sys=0.00, real=0.01 secs] 
2019-01-02T06:59:59.947+0900: 136646.446: [GC (Allocation Failure) [PSYoungGen: 64896K->352K(65536K)] 97718K->33174K(420864K), 0.0032075 secs] [Times: user=0.01 sys=0.01, real=0.00 secs] 
2019-01-02T07:00:57.772+0900: 136704.271: [GC (Allocation Failure) [PSYoungGen: 64864K->352K(65536K)] 97686K->33174K(420864K), 0.0026727 secs] [Times: user=0.01 sys=0.00, real=0.01 secs] 
2019-01-02T07:01:51.696+0900: 136758.195: [GC (Allocation Failure) [PSYoungGen: 64864K->352K(65536K)] 97686K->33174K(420864K), 0.0028131 secs] [Times: user=0.01 sys=0.00, real=0.00 secs] 
2019-01-02T07:02:37.884+0900: 136804.383: [GC (Allocation Failure) [PSYoungGen: 64864K->608K(65536K)] 97686K->33430K(420864K), 0.0032911 secs] [Times: user=0.01 sys=0.00, real=0.00 secs] 
2019-01-02T07:03:18.048+0900: 136844.547: [GC (Allocation Failure) [PSYoungGen: 65120K->800K(65536K)] 97942K->33622K(420864K), 0.0038142 secs] [Times: user=0.01 sys=0.01, real=0.00 secs] 
2019-01-02T07:04:05.865+0900: 136892.365: [GC (Allocation Failure) [PSYoungGen: 65312K->544K(65536K)] 98134K->33366K(420864K), 0.0029272 secs] [Times: user=0.01 sys=0.00, real=0.00 secs] 
2019-01-02T07:05:03.463+0900: 136949.962: [GC (Allocation Failure) [PSYoungGen: 65056K->384K(65536K)] 97878K->33206K(420864K), 0.0026444 secs] [Times: user=0.01 sys=0.00, real=0.01 secs] 
2019-01-02T07:05:47.644+0900: 136994.143: [GC (Allocation Failure) [PSYoungGen: 64896K->704K(65536K)] 97718K->33526K(420864K), 0.0031732 secs] [Times: user=0.01 sys=0.00, real=0.00 secs] 
2019-01-02T07:06:40.308+0900: 137046.807: [GC (Allocation Failure) [PSYoungGen: 65216K->448K(65536K)] 98038K->33270K(420864K), 0.0030565 secs] [Times: user=0.01 sys=0.00, real=0.00 secs] 
2019-01-02T07:07:27.066+0900: 137093.565: [GC (Allocation Failure) [PSYoungGen: 64960K->576K(65536K)] 97782K->33398K(420864K), 0.0035143 secs] [Times: user=0.01 sys=0.00, real=0.00 secs] 
2019-01-02T07:08:21.224+0900: 137147.723: [GC (Allocation Failure) [PSYoungGen: 65088K->416K(65536K)] 97910K->33238K(420864K), 0.0029781 secs] [Times: user=0.01 sys=0.00, real=0.00 secs] 
2019-01-02T07:09:08.994+0900: 137195.493: [GC (Allocation Failure) [PSYoungGen: 64928K->576K(65536K)] 97750K->33398K(420864K), 0.0030541 secs] [Times: user=0.00 sys=0.01, real=0.00 secs] 
2019-01-02T07:10:02.685+0900: 137249.184: [GC (Allocation Failure) [PSYoungGen: 65088K->448K(65536K)] 97910K->33270K(420864K), 0.0031116 secs] [Times: user=0.01 sys=0.00, real=0.00 secs] 
2019-01-02T07:10:56.895+0900: 137303.394: [GC (Allocation Failure) [PSYoungGen: 64960K->416K(65536K)] 97782K->33238K(420864K), 0.0030967 secs] [Times: user=0.01 sys=0.00, real=0.00 secs] 
2019-01-02T07:11:54.283+0900: 137360.782: [GC (Allocation Failure) [PSYoungGen: 64928K->352K(65536K)] 97750K->33174K(420864K), 0.0031612 secs] [Times: user=0.01 sys=0.00, real=0.01 secs] 
2019-01-02T07:12:49.644+0900: 137416.143: [GC (Allocation Failure) [PSYoungGen: 64864K->384K(65536K)] 97686K->33206K(420864K), 0.0032535 secs] [Times: user=0.01 sys=0.00, real=0.00 secs] 
2019-01-02T07:13:37.579+0900: 137464.078: [GC (Allocation Failure) [PSYoungGen: 64896K->576K(65536K)] 97718K->33398K(420864K), 0.0033736 secs] [Times: user=0.02 sys=0.00, real=0.00 secs] 
2019-01-02T07:14:35.744+0900: 137522.243: [GC (Allocation Failure) [PSYoungGen: 65088K->352K(65536K)] 97910K->33174K(420864K), 0.0026319 secs] [Times: user=0.01 sys=0.00, real=0.00 secs] 
2019-01-02T07:15:28.968+0900: 137575.467: [GC (Allocation Failure) [PSYoungGen: 64864K->384K(65536K)] 97686K->33206K(420864K), 0.0031369 secs] [Times: user=0.01 sys=0.01, real=0.00 secs] 
2019-01-02T07:16:26.396+0900: 137632.895: [GC (Allocation Failure) [PSYoungGen: 64896K->384K(65536K)] 97718K->33206K(420864K), 0.0029173 secs] [Times: user=0.01 sys=0.00, real=0.00 secs] 
2019-01-02T07:17:24.410+0900: 137690.909: [GC (Allocation Failure) [PSYoungGen: 64896K->384K(65536K)] 97718K->33214K(420864K), 0.0026716 secs] [Times: user=0.01 sys=0.00, real=0.00 secs] 
2019-01-02T07:18:18.294+0900: 137744.793: [GC (Allocation Failure) [PSYoungGen: 64896K->448K(65536K)] 97726K->33278K(420864K), 0.0031835 secs] [Times: user=0.01 sys=0.00, real=0.00 secs] 
2019-01-02T07:19:08.101+0900: 137794.600: [GC (Allocation Failure) [PSYoungGen: 64960K->576K(65536K)] 97790K->33414K(420864K), 0.0034112 secs] [Times: user=0.01 sys=0.00, real=0.01 secs] 
2019-01-02T07:20:02.029+0900: 137848.528: [GC (Allocation Failure) [PSYoungGen: 65088K->320K(65536K)] 97926K->33158K(420864K), 0.0034651 secs] [Times: user=0.01 sys=0.00, real=0.00 secs] 
2019-01-02T07:20:56.245+0900: 137902.744: [GC (Allocation Failure) [PSYoungGen: 64832K->416K(65536K)] 97670K->33270K(420864K), 0.0030643 secs] [Times: user=0.02 sys=0.00, real=0.00 secs] 
2019-01-02T07:21:41.416+0900: 137947.915: [GC (Allocation Failure) [PSYoungGen: 64928K->704K(65536K)] 97782K->33558K(420864K), 0.0037238 secs] [Times: user=0.01 sys=0.00, real=0.00 secs] 
2019-01-02T07:22:35.670+0900: 138002.169: [GC (Allocation Failure) [PSYoungGen: 65216K->416K(65536K)] 98070K->33270K(420864K), 0.0029485 secs] [Times: user=0.01 sys=0.00, real=0.00 secs] 
2019-01-02T07:23:29.018+0900: 138055.517: [GC (Allocation Failure) [PSYoungGen: 64928K->448K(65536K)] 97782K->33302K(420864K), 0.0031666 secs] [Times: user=0.01 sys=0.00, real=0.00 secs] 
2019-01-02T07:24:21.742+0900: 138108.241: [GC (Allocation Failure) [PSYoungGen: 64923K->512K(65536K)] 97777K->33398K(420864K), 0.0028307 secs] [Times: user=0.01 sys=0.00, real=0.01 secs] 
2019-01-02T07:25:16.507+0900: 138163.006: [GC (Allocation Failure) [PSYoungGen: 65024K->384K(65536K)] 97910K->33270K(420864K), 0.0029952 secs] [Times: user=0.01 sys=0.00, real=0.00 secs] 
2019-01-02T07:26:14.636+0900: 138221.135: [GC (Allocation Failure) [PSYoungGen: 64896K->352K(65536K)] 97782K->33238K(420864K), 0.0030058 secs] [Times: user=0.01 sys=0.00, real=0.00 secs] 
2019-01-02T07:27:04.290+0900: 138270.789: [GC (Allocation Failure) [PSYoungGen: 64864K->544K(65536K)] 97750K->33430K(420864K), 0.0034029 secs] [Times: user=0.01 sys=0.00, real=0.00 secs] 
2019-01-02T07:27:48.459+0900: 138314.958: [GC (Allocation Failure) [PSYoungGen: 65056K->800K(65536K)] 97942K->33686K(420864K), 0.0031142 secs] [Times: user=0.01 sys=0.00, real=0.00 secs] 
2019-01-02T07:28:31.950+0900: 138358.449: [GC (Allocation Failure) [PSYoungGen: 65312K->672K(65536K)] 98198K->33558K(420864K), 0.0034093 secs] [Times: user=0.01 sys=0.00, real=0.00 secs] 
2019-01-02T07:29:29.311+0900: 138415.810: [GC (Allocation Failure) [PSYoungGen: 65184K->320K(65536K)] 98070K->33206K(420864K), 0.0025024 secs] [Times: user=0.01 sys=0.00, real=0.00 secs] 
2019-01-02T07:30:23.330+0900: 138469.829: [GC (Allocation Failure) [PSYoungGen: 64832K->352K(65536K)] 97718K->33238K(420864K), 0.0027572 secs] [Times: user=0.01 sys=0.00, real=0.00 secs] 
2019-01-02T07:31:13.231+0900: 138519.730: [GC (Allocation Failure) [PSYoungGen: 64864K->512K(65536K)] 97750K->33398K(420864K), 0.0034175 secs] [Times: user=0.01 sys=0.00, real=0.01 secs] 
2019-01-02T07:32:11.021+0900: 138577.520: [GC (Allocation Failure) [PSYoungGen: 65024K->384K(65536K)] 97910K->33270K(420864K), 0.0029043 secs] [Times: user=0.01 sys=0.00, real=0.01 secs] 
2019-01-02T07:32:45.311+0900: 138611.810: [GC (Allocation Failure) [PSYoungGen: 64896K->928K(65536K)] 97782K->33814K(420864K), 0.0040233 secs] [Times: user=0.01 sys=0.00, real=0.01 secs] 
2019-01-02T07:33:37.366+0900: 138663.865: [GC (Allocation Failure) [PSYoungGen: 65440K->480K(65536K)] 98326K->33366K(420864K), 0.0031385 secs] [Times: user=0.01 sys=0.00, real=0.00 secs] 
2019-01-02T07:34:29.576+0900: 138716.075: [GC (Allocation Failure) [PSYoungGen: 64992K->512K(65536K)] 97878K->33398K(420864K), 0.0027690 secs] [Times: user=0.01 sys=0.00, real=0.00 secs] 
2019-01-02T07:35:22.794+0900: 138769.293: [GC (Allocation Failure) [PSYoungGen: 65024K->480K(65536K)] 97910K->33366K(420864K), 0.0034111 secs] [Times: user=0.02 sys=0.00, real=0.00 secs] 
2019-01-02T07:36:04.964+0900: 138811.463: [GC (Allocation Failure) [PSYoungGen: 64992K->736K(65536K)] 97878K->33622K(420864K), 0.0030709 secs] [Times: user=0.01 sys=0.00, real=0.00 secs] 
2019-01-02T07:36:58.985+0900: 138865.484: [GC (Allocation Failure) [PSYoungGen: 65248K->416K(65536K)] 98134K->33318K(420864K), 0.0026597 secs] [Times: user=0.01 sys=0.01, real=0.00 secs] 
2019-01-02T07:37:48.573+0900: 138915.072: [GC (Allocation Failure) [PSYoungGen: 64928K->480K(65536K)] 97830K->33382K(420864K), 0.0033738 secs] [Times: user=0.02 sys=0.00, real=0.01 secs] 
2019-01-02T07:38:40.578+0900: 138967.077: [GC (Allocation Failure) [PSYoungGen: 64992K->480K(65536K)] 97894K->33382K(420864K), 0.0028335 secs] [Times: user=0.01 sys=0.00, real=0.00 secs] 
2019-01-02T07:39:26.506+0900: 139013.005: [GC (Allocation Failure) [PSYoungGen: 64992K->640K(65536K)] 97894K->33542K(420864K), 0.0033266 secs] [Times: user=0.01 sys=0.00, real=0.00 secs] 
2019-01-02T07:40:12.677+0900: 139059.177: [GC (Allocation Failure) [PSYoungGen: 65152K->640K(65536K)] 98054K->33550K(420864K), 0.0030497 secs] [Times: user=0.01 sys=0.00, real=0.00 secs] 
2019-01-02T07:41:04.384+0900: 139110.883: [GC (Allocation Failure) [PSYoungGen: 65152K->480K(65536K)] 98062K->33390K(420864K), 0.0028281 secs] [Times: user=0.01 sys=0.01, real=0.00 secs] 
2019-01-02T07:41:55.004+0900: 139161.503: [GC (Allocation Failure) [PSYoungGen: 64992K->576K(65536K)] 97902K->33486K(420864K), 0.0029612 secs] [Times: user=0.01 sys=0.00, real=0.00 secs] 
2019-01-02T07:42:42.178+0900: 139208.677: [GC (Allocation Failure) [PSYoungGen: 65088K->640K(65536K)] 97998K->33566K(420864K), 0.0031981 secs] [Times: user=0.01 sys=0.00, real=0.00 secs] 
2019-01-02T07:43:33.738+0900: 139260.237: [GC (Allocation Failure) [PSYoungGen: 65152K->480K(65536K)] 98078K->33406K(420864K), 0.0029957 secs] [Times: user=0.01 sys=0.00, real=0.00 secs] 
2019-01-02T07:44:27.641+0900: 139314.140: [GC (Allocation Failure) [PSYoungGen: 64992K->416K(65536K)] 97918K->33342K(420864K), 0.0032289 secs] [Times: user=0.01 sys=0.00, real=0.01 secs] 
2019-01-02T07:45:17.126+0900: 139363.625: [GC (Allocation Failure) [PSYoungGen: 64928K->512K(65536K)] 97854K->33446K(420864K), 0.0031461 secs] [Times: user=0.01 sys=0.00, real=0.00 secs] 
2019-01-02T07:46:06.648+0900: 139413.147: [GC (Allocation Failure) [PSYoungGen: 64988K->544K(65536K)] 97923K->33494K(420864K), 0.0033402 secs] [Times: user=0.01 sys=0.00, real=0.00 secs] 
2019-01-02T07:46:57.212+0900: 139463.711: [GC (Allocation Failure) [PSYoungGen: 65056K->544K(65536K)] 98006K->33494K(420864K), 0.0032396 secs] [Times: user=0.01 sys=0.00, real=0.01 secs] 
2019-01-02T07:47:44.190+0900: 139510.689: [GC (Allocation Failure) [PSYoungGen: 65056K->640K(65536K)] 98006K->33590K(420864K), 0.0034344 secs] [Times: user=0.01 sys=0.00, real=0.01 secs] 
2019-01-02T07:48:28.650+0900: 139555.149: [GC (Allocation Failure) [PSYoungGen: 65152K->672K(65536K)] 98102K->33630K(420864K), 0.0033859 secs] [Times: user=0.01 sys=0.00, real=0.00 secs] 
2019-01-02T07:49:10.989+0900: 139597.488: [GC (Allocation Failure) [PSYoungGen: 65184K->736K(65536K)] 98142K->33694K(420864K), 0.0034205 secs] [Times: user=0.01 sys=0.00, real=0.00 secs] 
2019-01-02T07:50:02.372+0900: 139648.871: [GC (Allocation Failure) [PSYoungGen: 65248K->384K(65536K)] 98206K->33350K(420864K), 0.0030711 secs] [Times: user=0.01 sys=0.00, real=0.01 secs] 
2019-01-02T07:50:49.905+0900: 139696.404: [GC (Allocation Failure) [PSYoungGen: 64896K->640K(65536K)] 97862K->33606K(420864K), 0.0032994 secs] [Times: user=0.01 sys=0.00, real=0.00 secs] 
2019-01-02T07:51:32.251+0900: 139738.750: [GC (Allocation Failure) [PSYoungGen: 65152K->704K(65536K)] 98118K->33670K(420864K), 0.0035399 secs] [Times: user=0.01 sys=0.00, real=0.01 secs] 
2019-01-02T07:52:19.908+0900: 139786.407: [GC (Allocation Failure) [PSYoungGen: 65216K->544K(65536K)] 98182K->33510K(420864K), 0.0033047 secs] [Times: user=0.01 sys=0.00, real=0.00 secs] 
2019-01-02T07:53:02.080+0900: 139828.579: [GC (Allocation Failure) [PSYoungGen: 65056K->640K(65536K)] 98022K->33606K(420864K), 0.0031383 secs] [Times: user=0.01 sys=0.00, real=0.00 secs] 
2019-01-02T07:53:53.397+0900: 139879.896: [GC (Allocation Failure) [PSYoungGen: 65152K->480K(65536K)] 98118K->33446K(420864K), 0.0031603 secs] [Times: user=0.01 sys=0.00, real=0.00 secs] 
2019-01-02T07:54:49.340+0900: 139935.839: [GC (Allocation Failure) [PSYoungGen: 64992K->512K(65536K)] 97958K->33478K(420864K), 0.0029533 secs] [Times: user=0.01 sys=0.00, real=0.00 secs] 
2019-01-02T07:55:38.783+0900: 139985.282: [GC (Allocation Failure) [PSYoungGen: 65024K->512K(65536K)] 97990K->33478K(420864K), 0.0030142 secs] [Times: user=0.01 sys=0.00, real=0.01 secs] 
2019-01-02T07:56:27.931+0900: 140034.430: [GC (Allocation Failure) [PSYoungGen: 65024K->512K(65536K)] 97990K->33478K(420864K), 0.0034436 secs] [Times: user=0.01 sys=0.00, real=0.01 secs] 
2019-01-02T07:57:12.073+0900: 140078.572: [GC (Allocation Failure) [PSYoungGen: 65024K->704K(65536K)] 97990K->33678K(420864K), 0.0030973 secs] [Times: user=0.02 sys=0.00, real=0.01 secs] 
2019-01-02T07:57:55.926+0900: 140122.425: [GC (Allocation Failure) [PSYoungGen: 65216K->640K(65536K)] 98190K->33614K(420864K), 0.0034573 secs] [Times: user=0.01 sys=0.00, real=0.00 secs] 
2019-01-02T07:58:45.448+0900: 140171.947: [GC (Allocation Failure) [PSYoungGen: 65152K->576K(65536K)] 98126K->33550K(420864K), 0.0028182 secs] [Times: user=0.01 sys=0.00, real=0.00 secs] 
2019-01-02T07:59:37.652+0900: 140224.151: [GC (Allocation Failure) [PSYoungGen: 65088K->480K(65536K)] 98062K->33454K(420864K), 0.0031841 secs] [Times: user=0.01 sys=0.00, real=0.01 secs] 
2019-01-02T08:00:23.840+0900: 140270.339: [GC (Allocation Failure) [PSYoungGen: 64992K->608K(65536K)] 97966K->33582K(420864K), 0.0029785 secs] [Times: user=0.01 sys=0.00, real=0.00 secs] 
2019-01-02T08:01:17.531+0900: 140324.031: [GC (Allocation Failure) [PSYoungGen: 65120K->448K(65536K)] 98094K->33430K(420864K), 0.0026888 secs] [Times: user=0.01 sys=0.00, real=0.01 secs] 
2019-01-02T08:01:55.262+0900: 140361.761: [GC (Allocation Failure) [PSYoungGen: 64960K->800K(65536K)] 97942K->33782K(420864K), 0.0035587 secs] [Times: user=0.02 sys=0.00, real=0.01 secs] 
2019-01-02T08:02:28.295+0900: 140394.794: [GC (Allocation Failure) [PSYoungGen: 65312K->960K(65536K)] 98294K->33942K(420864K), 0.0035152 secs] [Times: user=0.01 sys=0.00, real=0.00 secs] 
2019-01-02T08:03:05.485+0900: 140431.984: [GC (Allocation Failure) [PSYoungGen: 65472K->864K(65536K)] 98454K->33846K(420864K), 0.0036283 secs] [Times: user=0.01 sys=0.00, real=0.00 secs] 
2019-01-02T08:03:51.587+0900: 140478.086: [GC (Allocation Failure) [PSYoungGen: 65376K->576K(65536K)] 98358K->33558K(420864K), 0.0034305 secs] [Times: user=0.01 sys=0.01, real=0.00 secs] 
2019-01-02T08:04:36.055+0900: 140522.554: [GC (Allocation Failure) [PSYoungGen: 65088K->640K(65536K)] 98070K->33622K(420864K), 0.0034666 secs] [Times: user=0.02 sys=0.00, real=0.00 secs] 
2019-01-02T08:05:24.091+0900: 140570.590: [GC (Allocation Failure) [PSYoungGen: 65152K->544K(65536K)] 98134K->33526K(420864K), 0.0033197 secs] [Times: user=0.01 sys=0.00, real=0.01 secs] 
2019-01-02T08:06:03.489+0900: 140609.988: [GC (Allocation Failure) [PSYoungGen: 65056K->736K(65536K)] 98038K->33718K(420864K), 0.0035761 secs] [Times: user=0.01 sys=0.00, real=0.00 secs] 
2019-01-02T08:06:49.375+0900: 140655.874: [GC (Allocation Failure) [PSYoungGen: 65248K->640K(65536K)] 98230K->33622K(420864K), 0.0032695 secs] [Times: user=0.02 sys=0.00, real=0.00 secs] 
2019-01-02T08:07:37.568+0900: 140704.067: [GC (Allocation Failure) [PSYoungGen: 65152K->512K(65536K)] 98134K->33494K(420864K), 0.0032244 secs] [Times: user=0.02 sys=0.00, real=0.00 secs] 
2019-01-02T08:08:25.298+0900: 140751.797: [GC (Allocation Failure) [PSYoungGen: 65024K->608K(65536K)] 98006K->33590K(420864K), 0.0032969 secs] [Times: user=0.01 sys=0.00, real=0.00 secs] 
2019-01-02T08:09:05.130+0900: 140791.629: [GC (Allocation Failure) [PSYoungGen: 65120K->800K(65536K)] 98102K->33782K(420864K), 0.0037317 secs] [Times: user=0.00 sys=0.00, real=0.01 secs] 
2019-01-02T08:09:51.101+0900: 140837.600: [GC (Allocation Failure) [PSYoungGen: 65312K->640K(65536K)] 98294K->33622K(420864K), 0.0033161 secs] [Times: user=0.01 sys=0.00, real=0.01 secs] 
2019-01-02T08:10:45.045+0900: 140891.544: [GC (Allocation Failure) [PSYoungGen: 65152K->416K(65536K)] 98134K->33398K(420864K), 0.0030306 secs] [Times: user=0.01 sys=0.00, real=0.00 secs] 
2019-01-02T08:11:40.685+0900: 140947.184: [GC (Allocation Failure) [PSYoungGen: 64928K->384K(65536K)] 97910K->33374K(420864K), 0.0032379 secs] [Times: user=0.01 sys=0.00, real=0.00 secs] 
2019-01-02T08:12:28.744+0900: 140995.243: [GC (Allocation Failure) [PSYoungGen: 64896K->576K(65536K)] 97886K->33566K(420864K), 0.0031749 secs] [Times: user=0.01 sys=0.00, real=0.00 secs] 
2019-01-02T08:13:10.726+0900: 141037.225: [GC (Allocation Failure) [PSYoungGen: 65088K->640K(65536K)] 98078K->33630K(420864K), 0.0036910 secs] [Times: user=0.01 sys=0.00, real=0.00 secs] 
2019-01-02T08:13:47.983+0900: 141074.482: [GC (Allocation Failure) [PSYoungGen: 65152K->800K(65536K)] 98142K->33814K(420864K), 0.0033030 secs] [Times: user=0.01 sys=0.01, real=0.01 secs] 
2019-01-02T08:14:32.393+0900: 141118.892: [GC (Allocation Failure) [PSYoungGen: 65312K->704K(65536K)] 98326K->33718K(420864K), 0.0036392 secs] [Times: user=0.01 sys=0.00, real=0.01 secs] 
2019-01-02T08:15:19.405+0900: 141165.904: [GC (Allocation Failure) [PSYoungGen: 65216K->608K(65536K)] 98230K->33622K(420864K), 0.0028515 secs] [Times: user=0.01 sys=0.00, real=0.00 secs] 
2019-01-02T08:16:00.580+0900: 141207.079: [GC (Allocation Failure) [PSYoungGen: 65120K->800K(65536K)] 98134K->33814K(420864K), 0.0037221 secs] [Times: user=0.01 sys=0.01, real=0.01 secs] 
2019-01-02T08:16:44.055+0900: 141250.554: [GC (Allocation Failure) [PSYoungGen: 65312K->704K(65536K)] 98326K->33726K(420864K), 0.0032735 secs] [Times: user=0.02 sys=0.00, real=0.00 secs] 
2019-01-02T08:17:32.124+0900: 141298.623: [GC (Allocation Failure) [PSYoungGen: 65216K->576K(65536K)] 98238K->33606K(420864K), 0.0031079 secs] [Times: user=0.01 sys=0.00, real=0.00 secs] 
2019-01-02T08:18:19.968+0900: 141346.467: [GC (Allocation Failure) [PSYoungGen: 65088K->608K(65536K)] 98118K->33638K(420864K), 0.0033876 secs] [Times: user=0.02 sys=0.00, real=0.00 secs] 
2019-01-02T08:19:09.613+0900: 141396.112: [GC (Allocation Failure) [PSYoungGen: 65120K->544K(65536K)] 98150K->33574K(420864K), 0.0032104 secs] [Times: user=0.01 sys=0.00, real=0.01 secs] 
2019-01-02T08:20:03.650+0900: 141450.149: [GC (Allocation Failure) [PSYoungGen: 65056K->480K(65536K)] 98086K->33510K(420864K), 0.0030605 secs] [Times: user=0.01 sys=0.00, real=0.00 secs] 
2019-01-02T08:20:56.480+0900: 141502.979: [GC (Allocation Failure) [PSYoungGen: 64992K->576K(65536K)] 98022K->33606K(420864K), 0.0029321 secs] [Times: user=0.01 sys=0.00, real=0.00 secs] 
2019-01-02T08:21:46.457+0900: 141552.956: [GC (Allocation Failure) [PSYoungGen: 65088K->544K(65536K)] 98118K->33574K(420864K), 0.0032576 secs] [Times: user=0.01 sys=0.00, real=0.00 secs] 
2019-01-02T08:22:40.157+0900: 141606.656: [GC (Allocation Failure) [PSYoungGen: 65056K->384K(65536K)] 98086K->33414K(420864K), 0.0026533 secs] [Times: user=0.01 sys=0.00, real=0.00 secs] 
2019-01-02T08:23:33.708+0900: 141660.207: [GC (Allocation Failure) [PSYoungGen: 64896K->384K(65536K)] 97926K->33414K(420864K), 0.0031116 secs] [Times: user=0.01 sys=0.00, real=0.00 secs] 
2019-01-02T08:24:31.396+0900: 141717.895: [GC (Allocation Failure) [PSYoungGen: 64896K->352K(65536K)] 97926K->33382K(420864K), 0.0029765 secs] [Times: user=0.01 sys=0.00, real=0.00 secs] 
2019-01-02T08:25:29.062+0900: 141775.561: [GC (Allocation Failure) [PSYoungGen: 64864K->320K(65536K)] 97894K->33350K(420864K), 0.0029948 secs] [Times: user=0.02 sys=0.00, real=0.01 secs] 
2019-01-02T08:26:11.246+0900: 141817.745: [GC (Allocation Failure) [PSYoungGen: 64832K->704K(65536K)] 97862K->33734K(420864K), 0.0034859 secs] [Times: user=0.01 sys=0.00, real=0.00 secs] 
2019-01-02T08:26:59.211+0900: 141865.710: [GC (Allocation Failure) [PSYoungGen: 65216K->608K(65536K)] 98246K->33638K(420864K), 0.0029337 secs] [Times: user=0.01 sys=0.00, real=0.01 secs] 
2019-01-02T08:27:57.165+0900: 141923.664: [GC (Allocation Failure) [PSYoungGen: 65120K->320K(65536K)] 98150K->33350K(420864K), 0.0029931 secs] [Times: user=0.01 sys=0.00, real=0.00 secs] 
2019-01-02T08:28:52.661+0900: 141979.160: [GC (Allocation Failure) [PSYoungGen: 64832K->352K(65536K)] 97862K->33382K(420864K), 0.0028624 secs] [Times: user=0.01 sys=0.00, real=0.01 secs] 
2019-01-02T08:29:44.870+0900: 142031.369: [GC (Allocation Failure) [PSYoungGen: 64864K->448K(65536K)] 97894K->33478K(420864K), 0.0030944 secs] [Times: user=0.01 sys=0.00, real=0.00 secs] 
2019-01-02T08:30:32.773+0900: 142079.272: [GC (Allocation Failure) [PSYoungGen: 64960K->608K(65536K)] 97990K->33654K(420864K), 0.0031617 secs] [Times: user=0.01 sys=0.00, real=0.01 secs] 
2019-01-02T08:31:17.565+0900: 142124.064: [GC (Allocation Failure) [PSYoungGen: 65120K->512K(65536K)] 98166K->33558K(420864K), 0.0032532 secs] [Times: user=0.01 sys=0.00, real=0.00 secs] 
2019-01-02T08:32:13.516+0900: 142180.015: [GC (Allocation Failure) [PSYoungGen: 65024K->288K(65536K)] 98070K->33334K(420864K), 0.0031340 secs] [Times: user=0.01 sys=0.00, real=0.00 secs] 
2019-01-02T08:32:46.934+0900: 142213.433: [GC (Allocation Failure) [PSYoungGen: 64800K->992K(65536K)] 97846K->34038K(420864K), 0.0037725 secs] [Times: user=0.01 sys=0.00, real=0.00 secs] 
2019-01-02T08:33:31.773+0900: 142258.272: [GC (Allocation Failure) [PSYoungGen: 65504K->704K(65536K)] 98550K->33750K(420864K), 0.0030447 secs] [Times: user=0.00 sys=0.01, real=0.01 secs] 
2019-01-02T08:34:15.890+0900: 142302.389: [GC (Allocation Failure) [PSYoungGen: 65216K->704K(65536K)] 98262K->33750K(420864K), 0.0034771 secs] [Times: user=0.01 sys=0.00, real=0.00 secs] 
2019-01-02T08:35:04.551+0900: 142351.050: [GC (Allocation Failure) [PSYoungGen: 65216K->640K(65536K)] 98262K->33686K(420864K), 0.0031974 secs] [Times: user=0.01 sys=0.00, real=0.01 secs] 
2019-01-02T08:35:49.337+0900: 142395.836: [GC (Allocation Failure) [PSYoungGen: 65152K->640K(65536K)] 98198K->33686K(420864K), 0.0033675 secs] [Times: user=0.01 sys=0.00, real=0.00 secs] 
2019-01-02T08:36:41.418+0900: 142447.917: [GC (Allocation Failure) [PSYoungGen: 65152K->480K(65536K)] 98198K->33526K(420864K), 0.0033660 secs] [Times: user=0.01 sys=0.00, real=0.00 secs] 
2019-01-02T08:37:39.048+0900: 142505.547: [GC (Allocation Failure) [PSYoungGen: 64992K->352K(65536K)] 98038K->33398K(420864K), 0.0027406 secs] [Times: user=0.01 sys=0.00, real=0.00 secs] 
2019-01-02T08:38:26.963+0900: 142553.462: [GC (Allocation Failure) [PSYoungGen: 64864K->608K(65536K)] 97910K->33654K(420864K), 0.0035326 secs] [Times: user=0.02 sys=0.00, real=0.01 secs] 
2019-01-02T08:39:09.974+0900: 142596.473: [GC (Allocation Failure) [PSYoungGen: 65120K->736K(65536K)] 98166K->33782K(420864K), 0.0035477 secs] [Times: user=0.01 sys=0.00, real=0.00 secs] 
2019-01-02T08:39:56.814+0900: 142643.313: [GC (Allocation Failure) [PSYoungGen: 65248K->576K(65536K)] 98294K->33622K(420864K), 0.0032483 secs] [Times: user=0.01 sys=0.00, real=0.01 secs] 
2019-01-02T08:40:44.500+0900: 142690.999: [GC (Allocation Failure) [PSYoungGen: 65088K->608K(65536K)] 98134K->33654K(420864K), 0.0034043 secs] [Times: user=0.01 sys=0.00, real=0.00 secs] 
2019-01-02T08:41:35.806+0900: 142742.305: [GC (Allocation Failure) [PSYoungGen: 65120K->544K(65536K)] 98166K->33590K(420864K), 0.0033462 secs] [Times: user=0.01 sys=0.00, real=0.00 secs] 
2019-01-02T08:42:28.335+0900: 142794.834: [GC (Allocation Failure) [PSYoungGen: 65056K->480K(65536K)] 98102K->33526K(420864K), 0.0030849 secs] [Times: user=0.02 sys=0.00, real=0.00 secs] 
2019-01-02T08:43:13.912+0900: 142840.411: [GC (Allocation Failure) [PSYoungGen: 64992K->672K(65536K)] 98038K->33718K(420864K), 0.0033586 secs] [Times: user=0.01 sys=0.00, real=0.01 secs] 
2019-01-02T08:43:59.808+0900: 142886.307: [GC (Allocation Failure) [PSYoungGen: 65184K->640K(65536K)] 98230K->33686K(420864K), 0.0033600 secs] [Times: user=0.01 sys=0.00, real=0.00 secs] 
2019-01-02T08:44:42.575+0900: 142929.074: [GC (Allocation Failure) [PSYoungGen: 65152K->736K(65536K)] 98198K->33790K(420864K), 0.0034910 secs] [Times: user=0.01 sys=0.00, real=0.00 secs] 
2019-01-02T08:45:27.755+0900: 142974.254: [GC (Allocation Failure) [PSYoungGen: 65248K->672K(65536K)] 98302K->33726K(420864K), 0.0034170 secs] [Times: user=0.01 sys=0.00, real=0.00 secs] 
2019-01-02T08:46:19.823+0900: 143026.322: [GC (Allocation Failure) [PSYoungGen: 65184K->416K(65536K)] 98238K->33470K(420864K), 0.0028647 secs] [Times: user=0.01 sys=0.00, real=0.01 secs] 
2019-01-02T08:47:03.338+0900: 143069.837: [GC (Allocation Failure) [PSYoungGen: 64928K->800K(65536K)] 97982K->33854K(420864K), 0.0035179 secs] [Times: user=0.01 sys=0.00, real=0.00 secs] 
2019-01-02T08:47:53.202+0900: 143119.702: [GC (Allocation Failure) [PSYoungGen: 65312K->576K(65536K)] 98366K->33638K(420864K), 0.0033729 secs] [Times: user=0.01 sys=0.00, real=0.01 secs] 
2019-01-02T08:48:51.123+0900: 143177.622: [GC (Allocation Failure) [PSYoungGen: 65088K->384K(65536K)] 98150K->33446K(420864K), 0.0031037 secs] [Times: user=0.01 sys=0.00, real=0.01 secs] 
2019-01-02T08:49:48.669+0900: 143235.168: [GC (Allocation Failure) [PSYoungGen: 64896K->320K(65536K)] 97958K->33382K(420864K), 0.0030089 secs] [Times: user=0.01 sys=0.00, real=0.00 secs] 
2019-01-02T08:50:36.255+0900: 143282.754: [GC (Allocation Failure) [PSYoungGen: 64832K->512K(65536K)] 97894K->33574K(420864K), 0.0033991 secs] [Times: user=0.02 sys=0.00, real=0.00 secs] 
2019-01-02T08:51:24.470+0900: 143330.969: [GC (Allocation Failure) [PSYoungGen: 65024K->576K(65536K)] 98086K->33638K(420864K), 0.0030178 secs] [Times: user=0.01 sys=0.01, real=0.00 secs] 
2019-01-02T08:52:14.419+0900: 143380.918: [GC (Allocation Failure) [PSYoungGen: 65088K->544K(65536K)] 98150K->33606K(420864K), 0.0031744 secs] [Times: user=0.01 sys=0.00, real=0.00 secs] 
2019-01-02T08:53:02.433+0900: 143428.932: [GC (Allocation Failure) [PSYoungGen: 65056K->576K(65536K)] 98118K->33638K(420864K), 0.0034285 secs] [Times: user=0.01 sys=0.00, real=0.01 secs] 
2019-01-02T08:53:58.125+0900: 143484.624: [GC (Allocation Failure) [PSYoungGen: 65088K->288K(65536K)] 98150K->33350K(420864K), 0.0032586 secs] [Times: user=0.01 sys=0.00, real=0.00 secs] 
2019-01-02T08:54:47.943+0900: 143534.442: [GC (Allocation Failure) [PSYoungGen: 64800K->448K(65536K)] 97862K->33510K(420864K), 0.0028255 secs] [Times: user=0.01 sys=0.00, real=0.01 secs] 
2019-01-02T08:55:41.662+0900: 143588.161: [GC (Allocation Failure) [PSYoungGen: 64960K->416K(65536K)] 98022K->33478K(420864K), 0.0027796 secs] [Times: user=0.01 sys=0.00, real=0.01 secs] 
2019-01-02T08:56:31.594+0900: 143638.093: [GC (Allocation Failure) [PSYoungGen: 64928K->512K(65536K)] 97990K->33574K(420864K), 0.0030676 secs] [Times: user=0.01 sys=0.00, real=0.00 secs] 
2019-01-02T08:57:25.480+0900: 143691.979: [GC (Allocation Failure) [PSYoungGen: 65024K->480K(65536K)] 98086K->33542K(420864K), 0.0029445 secs] [Times: user=0.01 sys=0.00, real=0.00 secs] 
2019-01-02T08:58:15.681+0900: 143742.181: [GC (Allocation Failure) [PSYoungGen: 64992K->544K(65536K)] 98054K->33606K(420864K), 0.0034500 secs] [Times: user=0.02 sys=0.00, real=0.01 secs] 
2019-01-02T08:59:07.889+0900: 143794.388: [GC (Allocation Failure) [PSYoungGen: 65056K->480K(65536K)] 98118K->33542K(420864K), 0.0031854 secs] [Times: user=0.01 sys=0.00, real=0.00 secs] 
2019-01-02T09:00:03.686+0900: 143850.185: [GC (Allocation Failure) [PSYoungGen: 64992K->288K(65536K)] 98054K->33350K(420864K), 0.0032289 secs] [Times: user=0.01 sys=0.00, real=0.00 secs] 
2019-01-02T09:01:01.373+0900: 143907.872: [GC (Allocation Failure) [PSYoungGen: 64800K->384K(65536K)] 97862K->33446K(420864K), 0.0025739 secs] [Times: user=0.01 sys=0.01, real=0.01 secs] 
2019-01-02T09:01:51.570+0900: 143958.069: [GC (Allocation Failure) [PSYoungGen: 64896K->544K(65536K)] 97958K->33606K(420864K), 0.0033664 secs] [Times: user=0.02 sys=0.00, real=0.00 secs] 
2019-01-02T09:02:37.683+0900: 144004.182: [GC (Allocation Failure) [PSYoungGen: 65056K->640K(65536K)] 98118K->33702K(420864K), 0.0038904 secs] [Times: user=0.01 sys=0.00, real=0.01 secs] 
2019-01-02T09:03:15.334+0900: 144041.833: [GC (Allocation Failure) [PSYoungGen: 65152K->928K(65536K)] 98214K->33990K(420864K), 0.0035381 secs] [Times: user=0.02 sys=0.00, real=0.00 secs] 
2019-01-02T09:04:03.117+0900: 144089.616: [GC (Allocation Failure) [PSYoungGen: 65440K->576K(65536K)] 98502K->33638K(420864K), 0.0034774 secs] [Times: user=0.02 sys=0.00, real=0.00 secs] 
2019-01-02T09:04:55.298+0900: 144141.797: [GC (Allocation Failure) [PSYoungGen: 65088K->448K(65536K)] 98150K->33510K(420864K), 0.0028314 secs] [Times: user=0.02 sys=0.00, real=0.00 secs] 
2019-01-02T09:05:52.702+0900: 144199.201: [GC (Allocation Failure) [PSYoungGen: 64960K->448K(65536K)] 98022K->33510K(420864K), 0.0029578 secs] [Times: user=0.01 sys=0.00, real=0.01 secs] 
2019-01-02T09:06:35.550+0900: 144242.049: [GC (Allocation Failure) [PSYoungGen: 64960K->640K(65536K)] 98022K->33702K(420864K), 0.0037283 secs] [Times: user=0.01 sys=0.00, real=0.01 secs] 
2019-01-02T09:07:29.010+0900: 144295.509: [GC (Allocation Failure) [PSYoungGen: 65152K->416K(65536K)] 98214K->33478K(420864K), 0.0029091 secs] [Times: user=0.01 sys=0.00, real=0.00 secs] 
2019-01-02T09:08:23.111+0900: 144349.610: [GC (Allocation Failure) [PSYoungGen: 64928K->480K(65536K)] 97990K->33542K(420864K), 0.0032276 secs] [Times: user=0.01 sys=0.00, real=0.01 secs] 
2019-01-02T09:09:17.332+0900: 144403.831: [GC (Allocation Failure) [PSYoungGen: 64992K->384K(65536K)] 98054K->33446K(420864K), 0.0029922 secs] [Times: user=0.01 sys=0.00, real=0.01 secs] 
2019-01-02T09:10:15.287+0900: 144461.786: [GC (Allocation Failure) [PSYoungGen: 64896K->384K(65536K)] 97958K->33446K(420864K), 0.0030594 secs] [Times: user=0.01 sys=0.01, real=0.00 secs] 
2019-01-02T09:11:08.832+0900: 144515.331: [GC (Allocation Failure) [PSYoungGen: 64896K->448K(65536K)] 97958K->33510K(420864K), 0.0028011 secs] [Times: user=0.01 sys=0.00, real=0.01 secs] 
2019-01-02T09:12:07.003+0900: 144573.502: [GC (Allocation Failure) [PSYoungGen: 64960K->352K(65536K)] 98022K->33414K(420864K), 0.0027675 secs] [Times: user=0.02 sys=0.00, real=0.01 secs] 
2019-01-02T09:13:04.462+0900: 144630.961: [GC (Allocation Failure) [PSYoungGen: 64864K->288K(65536K)] 97926K->33358K(420864K), 0.0026382 secs] [Times: user=0.01 sys=0.00, real=0.01 secs] 
2019-01-02T09:14:00.478+0900: 144686.977: [GC (Allocation Failure) [PSYoungGen: 64800K->352K(65536K)] 97870K->33422K(420864K), 0.0028122 secs] [Times: user=0.01 sys=0.00, real=0.00 secs] 
2019-01-02T09:14:52.111+0900: 144738.611: [GC (Allocation Failure) [PSYoungGen: 64864K->480K(65536K)] 97934K->33550K(420864K), 0.0030920 secs] [Times: user=0.01 sys=0.00, real=0.01 secs] 
2019-01-02T09:15:49.926+0900: 144796.425: [GC (Allocation Failure) [PSYoungGen: 64992K->352K(65536K)] 98062K->33430K(420864K), 0.0029968 secs] [Times: user=0.01 sys=0.00, real=0.00 secs] 
2019-01-02T09:16:47.810+0900: 144854.309: [GC (Allocation Failure) [PSYoungGen: 64864K->352K(65536K)] 97942K->33438K(420864K), 0.0027263 secs] [Times: user=0.01 sys=0.00, real=0.00 secs] 
2019-01-02T09:17:30.027+0900: 144896.526: [GC (Allocation Failure) [PSYoungGen: 64864K->800K(65536K)] 97950K->33902K(420864K), 0.0034414 secs] [Times: user=0.01 sys=0.00, real=0.00 secs] 
2019-01-02T09:18:13.491+0900: 144939.990: [GC (Allocation Failure) [PSYoungGen: 65312K->672K(65536K)] 98414K->33774K(420864K), 0.0035667 secs] [Times: user=0.02 sys=0.00, real=0.01 secs] 
2019-01-02T09:19:01.292+0900: 144987.791: [GC (Allocation Failure) [PSYoungGen: 65178K->608K(65536K)] 98280K->33710K(420864K), 0.0031050 secs] [Times: user=0.01 sys=0.00, real=0.01 secs] 
2019-01-02T09:19:43.841+0900: 145030.340: [GC (Allocation Failure) [PSYoungGen: 65120K->640K(65536K)] 98222K->33742K(420864K), 0.0034338 secs] [Times: user=0.01 sys=0.00, real=0.01 secs] 
2019-01-02T09:20:41.567+0900: 145088.066: [GC (Allocation Failure) [PSYoungGen: 65152K->352K(65536K)] 98254K->33462K(420864K), 0.0025360 secs] [Times: user=0.01 sys=0.00, real=0.00 secs] 
2019-01-02T09:21:39.219+0900: 145145.718: [GC (Allocation Failure) [PSYoungGen: 64864K->416K(65536K)] 97974K->33526K(420864K), 0.0028855 secs] [Times: user=0.01 sys=0.00, real=0.00 secs] 
2019-01-02T09:22:29.416+0900: 145195.915: [GC (Allocation Failure) [PSYoungGen: 64928K->448K(65536K)] 98038K->33558K(420864K), 0.0032810 secs] [Times: user=0.02 sys=0.00, real=0.00 secs] 
2019-01-02T09:23:17.129+0900: 145243.628: [GC (Allocation Failure) [PSYoungGen: 64960K->576K(65536K)] 98070K->33686K(420864K), 0.0030156 secs] [Times: user=0.01 sys=0.00, real=0.00 secs] 
2019-01-02T09:24:04.887+0900: 145291.387: [GC (Allocation Failure) [PSYoungGen: 65088K->576K(65536K)] 98198K->33686K(420864K), 0.0032402 secs] [Times: user=0.02 sys=0.00, real=0.00 secs] 
2019-01-02T09:25:00.459+0900: 145346.958: [GC (Allocation Failure) [PSYoungGen: 65088K->416K(65536K)] 98198K->33526K(420864K), 0.0029867 secs] [Times: user=0.01 sys=0.00, real=0.00 secs] 
2019-01-02T09:25:46.952+0900: 145393.451: [GC (Allocation Failure) [PSYoungGen: 64829K->608K(65536K)] 97940K->33718K(420864K), 0.0034009 secs] [Times: user=0.01 sys=0.00, real=0.01 secs] 
2019-01-02T09:26:30.509+0900: 145437.008: [GC (Allocation Failure) [PSYoungGen: 65120K->768K(65536K)] 98230K->33878K(420864K), 0.0032560 secs] [Times: user=0.01 sys=0.00, real=0.00 secs] 
2019-01-02T09:27:14.309+0900: 145480.808: [GC (Allocation Failure) [PSYoungGen: 65280K->704K(65536K)] 98390K->33814K(420864K), 0.0033161 secs] [Times: user=0.02 sys=0.00, real=0.00 secs] 
2019-01-02T09:27:56.193+0900: 145522.692: [GC (Allocation Failure) [PSYoungGen: 65216K->704K(65536K)] 98326K->33814K(420864K), 0.0035577 secs] [Times: user=0.02 sys=0.00, real=0.01 secs] 
2019-01-02T09:28:37.917+0900: 145564.416: [GC (Allocation Failure) [PSYoungGen: 65216K->832K(65536K)] 98326K->33942K(420864K), 0.0033036 secs] [Times: user=0.01 sys=0.00, real=0.00 secs] 
2019-01-02T09:29:23.853+0900: 145610.352: [GC (Allocation Failure) [PSYoungGen: 65344K->736K(65536K)] 98454K->33870K(420864K), 0.0031534 secs] [Times: user=0.02 sys=0.00, real=0.01 secs] 
2019-01-02T09:30:05.625+0900: 145652.124: [GC (Allocation Failure) [PSYoungGen: 65248K->672K(65536K)] 98382K->33830K(420864K), 0.0031193 secs] [Times: user=0.01 sys=0.00, real=0.00 secs] 
2019-01-02T09:31:01.642+0900: 145708.141: [GC (Allocation Failure) [PSYoungGen: 65184K->416K(65536K)] 98342K->33574K(420864K), 0.0030208 secs] [Times: user=0.01 sys=0.00, real=0.01 secs] 
2019-01-02T09:31:51.597+0900: 145758.096: [GC (Allocation Failure) [PSYoungGen: 64928K->544K(65536K)] 98086K->33702K(420864K), 0.0034139 secs] [Times: user=0.01 sys=0.00, real=0.00 secs] 
2019-01-02T09:32:31.779+0900: 145798.278: [GC (Allocation Failure) [PSYoungGen: 65056K->864K(65536K)] 98214K->34022K(420864K), 0.0032026 secs] [Times: user=0.01 sys=0.00, real=0.00 secs] 
2019-01-02T09:33:13.384+0900: 145839.883: [GC (Allocation Failure) [PSYoungGen: 65376K->704K(65536K)] 98534K->33862K(420864K), 0.0036810 secs] [Times: user=0.01 sys=0.00, real=0.00 secs] 
2019-01-02T09:34:03.277+0900: 145889.776: [GC (Allocation Failure) [PSYoungGen: 65105K->576K(65536K)] 98263K->33734K(420864K), 0.0032426 secs] [Times: user=0.01 sys=0.00, real=0.00 secs] 
2019-01-02T09:34:46.919+0900: 145933.418: [GC (Allocation Failure) [PSYoungGen: 65088K->672K(65536K)] 98246K->33830K(420864K), 0.0031626 secs] [Times: user=0.02 sys=0.00, real=0.00 secs] 
2019-01-02T09:35:36.877+0900: 145983.376: [GC (Allocation Failure) [PSYoungGen: 65184K->544K(65536K)] 98342K->33702K(420864K), 0.0031360 secs] [Times: user=0.02 sys=0.00, real=0.00 secs] 
2019-01-02T09:36:18.713+0900: 146025.212: [GC (Allocation Failure) [PSYoungGen: 65056K->704K(65536K)] 98214K->33862K(420864K), 0.0036138 secs] [Times: user=0.02 sys=0.00, real=0.01 secs] 
2019-01-02T09:37:06.674+0900: 146073.173: [GC (Allocation Failure) [PSYoungGen: 65216K->512K(65536K)] 98374K->33686K(420864K), 0.0033030 secs] [Times: user=0.01 sys=0.00, real=0.00 secs] 
2019-01-02T09:37:52.069+0900: 146118.568: [GC (Allocation Failure) [PSYoungGen: 65024K->640K(65536K)] 98198K->33814K(420864K), 0.0029830 secs] [Times: user=0.01 sys=0.00, real=0.00 secs] 
2019-01-02T09:38:38.233+0900: 146164.732: [GC (Allocation Failure) [PSYoungGen: 65152K->640K(65536K)] 98326K->33814K(420864K), 0.0033990 secs] [Times: user=0.01 sys=0.00, real=0.01 secs] 
2019-01-02T09:39:29.763+0900: 146216.262: [GC (Allocation Failure) [PSYoungGen: 65152K->512K(65536K)] 98326K->33686K(420864K), 0.0032072 secs] [Times: user=0.01 sys=0.01, real=0.01 secs] 
2019-01-02T09:40:17.716+0900: 146264.215: [GC (Allocation Failure) [PSYoungGen: 65024K->544K(65536K)] 98198K->33718K(420864K), 0.0031775 secs] [Times: user=0.01 sys=0.00, real=0.00 secs] 
2019-01-02T09:41:15.880+0900: 146322.379: [GC (Allocation Failure) [PSYoungGen: 65056K->256K(65536K)] 98230K->33430K(420864K), 0.0027816 secs] [Times: user=0.01 sys=0.00, real=0.00 secs] 
2019-01-02T09:42:05.584+0900: 146372.083: [GC (Allocation Failure) [PSYoungGen: 64768K->544K(65536K)] 97942K->33718K(420864K), 0.0033050 secs] [Times: user=0.02 sys=0.00, real=0.00 secs] 
2019-01-02T09:42:55.275+0900: 146421.774: [GC (Allocation Failure) [PSYoungGen: 65056K->480K(65536K)] 98230K->33654K(420864K), 0.0029920 secs] [Times: user=0.01 sys=0.00, real=0.00 secs] 
2019-01-02T09:43:53.019+0900: 146479.518: [GC (Allocation Failure) [PSYoungGen: 64992K->352K(65536K)] 98166K->33526K(420864K), 0.0032095 secs] [Times: user=0.02 sys=0.00, real=0.00 secs] 
2019-01-02T09:44:40.767+0900: 146527.266: [GC (Allocation Failure) [PSYoungGen: 64864K->576K(65536K)] 98038K->33750K(420864K), 0.0033482 secs] [Times: user=0.01 sys=0.01, real=0.00 secs] 
2019-01-02T09:45:33.065+0900: 146579.564: [GC (Allocation Failure) [PSYoungGen: 65088K->416K(65536K)] 98262K->33598K(420864K), 0.0034040 secs] [Times: user=0.01 sys=0.00, real=0.00 secs] 
2019-01-02T09:46:27.093+0900: 146633.592: [GC (Allocation Failure) [PSYoungGen: 64928K->416K(65536K)] 98110K->33598K(420864K), 0.0029971 secs] [Times: user=0.01 sys=0.00, real=0.01 secs] 
2019-01-02T09:47:21.306+0900: 146687.805: [GC (Allocation Failure) [PSYoungGen: 64928K->352K(65536K)] 98110K->33534K(420864K), 0.0033858 secs] [Times: user=0.01 sys=0.00, real=0.00 secs] 
2019-01-02T09:48:15.407+0900: 146741.906: [GC (Allocation Failure) [PSYoungGen: 64864K->448K(65536K)] 98046K->33630K(420864K), 0.0027576 secs] [Times: user=0.01 sys=0.01, real=0.00 secs] 
2019-01-02T09:49:11.305+0900: 146797.804: [GC (Allocation Failure) [PSYoungGen: 64960K->416K(65536K)] 98142K->33606K(420864K), 0.0033608 secs] [Times: user=0.02 sys=0.00, real=0.00 secs] 
2019-01-02T09:49:57.091+0900: 146843.590: [GC (Allocation Failure) [PSYoungGen: 64928K->640K(65536K)] 98118K->33830K(420864K), 0.0030947 secs] [Times: user=0.02 sys=0.00, real=0.01 secs] 
2019-01-02T09:50:54.757+0900: 146901.257: [GC (Allocation Failure) [PSYoungGen: 65152K->352K(65536K)] 98342K->33542K(420864K), 0.0029069 secs] [Times: user=0.02 sys=0.00, real=0.00 secs] 
2019-01-02T09:51:52.461+0900: 146958.960: [GC (Allocation Failure) [PSYoungGen: 64864K->384K(65536K)] 98054K->33574K(420864K), 0.0028814 secs] [Times: user=0.01 sys=0.00, real=0.01 secs] 
2019-01-02T09:52:48.350+0900: 147014.849: [GC (Allocation Failure) [PSYoungGen: 64896K->352K(65536K)] 98086K->33542K(420864K), 0.0029231 secs] [Times: user=0.01 sys=0.01, real=0.00 secs] 
2019-01-02T09:53:39.749+0900: 147066.248: [GC (Allocation Failure) [PSYoungGen: 64864K->480K(65536K)] 98054K->33678K(420864K), 0.0028106 secs] [Times: user=0.01 sys=0.01, real=0.00 secs] 
2019-01-02T09:54:33.675+0900: 147120.174: [GC (Allocation Failure) [PSYoungGen: 64992K->416K(65536K)] 98190K->33614K(420864K), 0.0030693 secs] [Times: user=0.01 sys=0.00, real=0.00 secs] 
2019-01-02T09:55:27.533+0900: 147174.032: [GC (Allocation Failure) [PSYoungGen: 64928K->384K(65536K)] 98126K->33582K(420864K), 0.0030588 secs] [Times: user=0.01 sys=0.00, real=0.01 secs] 
2019-01-02T09:56:21.342+0900: 147227.841: [GC (Allocation Failure) [PSYoungGen: 64896K->448K(65536K)] 98094K->33646K(420864K), 0.0029673 secs] [Times: user=0.01 sys=0.00, real=0.01 secs] 
2019-01-02T09:57:15.351+0900: 147281.850: [GC (Allocation Failure) [PSYoungGen: 64960K->448K(65536K)] 98158K->33646K(420864K), 0.0030937 secs] [Times: user=0.02 sys=0.00, real=0.01 secs] 
2019-01-02T09:58:05.097+0900: 147331.596: [GC (Allocation Failure) [PSYoungGen: 64960K->512K(65536K)] 98158K->33734K(420864K), 0.0033478 secs] [Times: user=0.01 sys=0.00, real=0.00 secs] 
2019-01-02T09:59:03.034+0900: 147389.533: [GC (Allocation Failure) [PSYoungGen: 65024K->320K(65536K)] 98246K->33550K(420864K), 0.0026529 secs] [Times: user=0.01 sys=0.00, real=0.00 secs] 
2019-01-02T09:59:56.494+0900: 147442.993: [GC (Allocation Failure) [PSYoungGen: 64832K->480K(65536K)] 98062K->33710K(420864K), 0.0028066 secs] [Times: user=0.01 sys=0.01, real=0.00 secs] 
2019-01-02T10:00:50.465+0900: 147496.964: [GC (Allocation Failure) [PSYoungGen: 64992K->416K(65536K)] 98222K->33646K(420864K), 0.0031714 secs] [Times: user=0.01 sys=0.00, real=0.00 secs] 
2019-01-02T10:01:44.106+0900: 147550.605: [GC (Allocation Failure) [PSYoungGen: 64928K->480K(65536K)] 98158K->33710K(420864K), 0.0031689 secs] [Times: user=0.02 sys=0.00, real=0.00 secs] 
2019-01-02T10:02:30.575+0900: 147597.074: [GC (Allocation Failure) [PSYoungGen: 64992K->640K(65536K)] 98222K->33870K(420864K), 0.0034897 secs] [Times: user=0.01 sys=0.00, real=0.00 secs] 
2019-01-02T10:03:16.223+0900: 147642.722: [GC (Allocation Failure) [PSYoungGen: 65152K->608K(65536K)] 98382K->33838K(420864K), 0.0034190 secs] [Times: user=0.01 sys=0.00, real=0.01 secs] 
2019-01-02T10:04:14.260+0900: 147700.759: [GC (Allocation Failure) [PSYoungGen: 65120K->320K(65536K)] 98350K->33550K(420864K), 0.0027926 secs] [Times: user=0.01 sys=0.00, real=0.00 secs] 
2019-01-02T10:05:05.792+0900: 147752.291: [GC (Allocation Failure) [PSYoungGen: 64832K->512K(65536K)] 98062K->33742K(420864K), 0.0037062 secs] [Times: user=0.01 sys=0.01, real=0.01 secs] 
2019-01-02T10:05:57.932+0900: 147804.431: [GC (Allocation Failure) [PSYoungGen: 65024K->448K(65536K)] 98254K->33678K(420864K), 0.0029808 secs] [Times: user=0.01 sys=0.00, real=0.01 secs] 
2019-01-02T10:06:39.673+0900: 147846.172: [GC (Allocation Failure) [PSYoungGen: 64897K->768K(65536K)] 98128K->33998K(420864K), 0.0033880 secs] [Times: user=0.01 sys=0.00, real=0.01 secs] 
2019-01-02T10:07:26.010+0900: 147892.509: [GC (Allocation Failure) [PSYoungGen: 65280K->544K(65536K)] 98510K->33782K(420864K), 0.0034447 secs] [Times: user=0.02 sys=0.00, real=0.01 secs] 
2019-01-02T10:08:15.649+0900: 147942.148: [GC (Allocation Failure) [PSYoungGen: 65056K->448K(65536K)] 98294K->33686K(420864K), 0.0032687 secs] [Times: user=0.01 sys=0.00, real=0.00 secs] 
2019-01-02T10:09:05.404+0900: 147991.903: [GC (Allocation Failure) [PSYoungGen: 64960K->448K(65536K)] 98198K->33686K(420864K), 0.0031713 secs] [Times: user=0.01 sys=0.00, real=0.00 secs] 
2019-01-02T10:09:51.587+0900: 148038.086: [GC (Allocation Failure) [PSYoungGen: 64960K->544K(65536K)] 98198K->33782K(420864K), 0.0033109 secs] [Times: user=0.01 sys=0.00, real=0.00 secs] 
2019-01-02T10:10:41.526+0900: 148088.025: [GC (Allocation Failure) [PSYoungGen: 65056K->512K(65536K)] 98294K->33750K(420864K), 0.0030171 secs] [Times: user=0.01 sys=0.00, real=0.00 secs] 
2019-01-02T10:11:39.004+0900: 148145.503: [GC (Allocation Failure) [PSYoungGen: 65024K->352K(65536K)] 98262K->33590K(420864K), 0.0034008 secs] [Times: user=0.01 sys=0.00, real=0.00 secs] 
2019-01-02T10:12:29.131+0900: 148195.630: [GC (Allocation Failure) [PSYoungGen: 64864K->512K(65536K)] 98102K->33750K(420864K), 0.0032810 secs] [Times: user=0.01 sys=0.00, real=0.01 secs] 
2019-01-02T10:13:22.411+0900: 148248.910: [GC (Allocation Failure) [PSYoungGen: 65024K->448K(65536K)] 98262K->33694K(420864K), 0.0031385 secs] [Times: user=0.02 sys=0.00, real=0.01 secs] 
2019-01-02T10:14:19.756+0900: 148306.255: [GC (Allocation Failure) [PSYoungGen: 64959K->352K(65536K)] 98206K->33598K(420864K), 0.0028204 secs] [Times: user=0.02 sys=0.00, real=0.00 secs] 
2019-01-02T10:15:09.835+0900: 148356.334: [GC (Allocation Failure) [PSYoungGen: 64864K->544K(65536K)] 98110K->33790K(420864K), 0.0032673 secs] [Times: user=0.01 sys=0.00, real=0.00 secs] 
2019-01-02T10:16:07.651+0900: 148414.150: [GC (Allocation Failure) [PSYoungGen: 65056K->352K(65536K)] 98302K->33606K(420864K), 0.0030151 secs] [Times: user=0.01 sys=0.00, real=0.00 secs] 
2019-01-02T10:16:57.729+0900: 148464.228: [GC (Allocation Failure) [PSYoungGen: 64864K->512K(65536K)] 98118K->33766K(420864K), 0.0032205 secs] [Times: user=0.00 sys=0.01, real=0.00 secs] 
2019-01-02T10:17:54.448+0900: 148520.947: [GC (Allocation Failure) [PSYoungGen: 65024K->384K(65536K)] 98278K->33638K(420864K), 0.0030472 secs] [Times: user=0.01 sys=0.00, real=0.00 secs] 
2019-01-02T10:18:48.889+0900: 148575.388: [GC (Allocation Failure) [PSYoungGen: 64896K->384K(65536K)] 98150K->33638K(420864K), 0.0031121 secs] [Times: user=0.02 sys=0.00, real=0.00 secs] 
2019-01-02T10:19:42.898+0900: 148629.397: [GC (Allocation Failure) [PSYoungGen: 64896K->416K(65536K)] 98150K->33678K(420864K), 0.0032801 secs] [Times: user=0.01 sys=0.00, real=0.00 secs] 
2019-01-02T10:20:40.518+0900: 148687.017: [GC (Allocation Failure) [PSYoungGen: 64928K->352K(65536K)] 98190K->33614K(420864K), 0.0029356 secs] [Times: user=0.01 sys=0.00, real=0.00 secs] 
2019-01-02T10:21:34.385+0900: 148740.884: [GC (Allocation Failure) [PSYoungGen: 64864K->416K(65536K)] 98126K->33678K(420864K), 0.0031941 secs] [Times: user=0.02 sys=0.00, real=0.00 secs] 
2019-01-02T10:22:32.140+0900: 148798.639: [GC (Allocation Failure) [PSYoungGen: 64928K->384K(65536K)] 98190K->33646K(420864K), 0.0029803 secs] [Times: user=0.01 sys=0.00, real=0.00 secs] 
2019-01-02T10:23:25.816+0900: 148852.315: [GC (Allocation Failure) [PSYoungGen: 64896K->448K(65536K)] 98158K->33710K(420864K), 0.0029292 secs] [Times: user=0.01 sys=0.00, real=0.00 secs] 
2019-01-02T10:24:21.181+0900: 148907.680: [GC (Allocation Failure) [PSYoungGen: 64960K->352K(65536K)] 98222K->33614K(420864K), 0.0029805 secs] [Times: user=0.01 sys=0.00, real=0.01 secs] 
2019-01-02T10:25:16.534+0900: 148963.033: [GC (Allocation Failure) [PSYoungGen: 64864K->384K(65536K)] 98126K->33646K(420864K), 0.0032227 secs] [Times: user=0.01 sys=0.00, real=0.00 secs] 
2019-01-02T10:26:12.088+0900: 149018.587: [GC (Allocation Failure) [PSYoungGen: 64896K->480K(65536K)] 98158K->33742K(420864K), 0.0030037 secs] [Times: user=0.01 sys=0.00, real=0.00 secs] 
2019-01-02T10:27:04.298+0900: 149070.797: [GC (Allocation Failure) [PSYoungGen: 64992K->512K(65536K)] 98254K->33774K(420864K), 0.0033569 secs] [Times: user=0.01 sys=0.00, real=0.00 secs] 
2019-01-02T10:27:54.056+0900: 149120.555: [GC (Allocation Failure) [PSYoungGen: 65024K->544K(65536K)] 98286K->33806K(420864K), 0.0028644 secs] [Times: user=0.01 sys=0.00, real=0.00 secs] 
2019-01-02T10:28:47.929+0900: 149174.428: [GC (Allocation Failure) [PSYoungGen: 65056K->384K(65536K)] 98318K->33654K(420864K), 0.0028928 secs] [Times: user=0.01 sys=0.00, real=0.00 secs] 
2019-01-02T10:29:41.224+0900: 149227.723: [GC (Allocation Failure) [PSYoungGen: 64896K->416K(65536K)] 98166K->33686K(420864K), 0.0029319 secs] [Times: user=0.01 sys=0.00, real=0.00 secs] 
2019-01-02T10:30:32.475+0900: 149278.974: [GC (Allocation Failure) [PSYoungGen: 64928K->448K(65536K)] 98198K->33718K(420864K), 0.0031707 secs] [Times: user=0.01 sys=0.00, real=0.00 secs] 
2019-01-02T10:31:20.809+0900: 149327.308: [GC (Allocation Failure) [PSYoungGen: 64960K->576K(65536K)] 98230K->33846K(420864K), 0.0031784 secs] [Times: user=0.01 sys=0.00, real=0.00 secs] 
2019-01-02T10:32:10.245+0900: 149376.744: [GC (Allocation Failure) [PSYoungGen: 65088K->512K(65536K)] 98358K->33782K(420864K), 0.0029702 secs] [Times: user=0.01 sys=0.00, real=0.00 secs] 
2019-01-02T10:32:38.937+0900: 149405.436: [GC (Allocation Failure) [PSYoungGen: 65024K->992K(65536K)] 98294K->34318K(420864K), 0.0040009 secs] [Times: user=0.01 sys=0.00, real=0.00 secs] 
2019-01-02T10:33:24.272+0900: 149450.771: [GC (Allocation Failure) [PSYoungGen: 65504K->672K(65536K)] 98830K->33998K(420864K), 0.0033971 secs] [Times: user=0.01 sys=0.00, real=0.01 secs] 
2019-01-02T10:34:20.369+0900: 149506.869: [GC (Allocation Failure) [PSYoungGen: 65184K->416K(65536K)] 98510K->33742K(420864K), 0.0030247 secs] [Times: user=0.01 sys=0.01, real=0.00 secs] 
2019-01-02T10:35:14.586+0900: 149561.085: [GC (Allocation Failure) [PSYoungGen: 64928K->416K(65536K)] 98254K->33742K(420864K), 0.0030580 secs] [Times: user=0.01 sys=0.00, real=0.00 secs] 
2019-01-02T10:36:02.746+0900: 149609.245: [GC (Allocation Failure) [PSYoungGen: 64928K->544K(65536K)] 98254K->33870K(420864K), 0.0032822 secs] [Times: user=0.01 sys=0.00, real=0.00 secs] 
2019-01-02T10:36:36.910+0900: 149643.409: [GC (Allocation Failure) [PSYoungGen: 65056K->928K(65536K)] 98382K->34254K(420864K), 0.0039579 secs] [Times: user=0.01 sys=0.00, real=0.01 secs] 
2019-01-02T10:37:28.758+0900: 149695.257: [GC (Allocation Failure) [PSYoungGen: 65440K->512K(65536K)] 98766K->33838K(420864K), 0.0027936 secs] [Times: user=0.01 sys=0.00, real=0.00 secs] 
2019-01-02T10:38:24.331+0900: 149750.830: [GC (Allocation Failure) [PSYoungGen: 65024K->384K(65536K)] 98350K->33710K(420864K), 0.0027832 secs] [Times: user=0.01 sys=0.00, real=0.01 secs] 
2019-01-02T10:39:20.195+0900: 149806.694: [GC (Allocation Failure) [PSYoungGen: 64896K->384K(65536K)] 98222K->33710K(420864K), 0.0030776 secs] [Times: user=0.01 sys=0.00, real=0.00 secs] 
2019-01-02T10:40:17.712+0900: 149864.211: [GC (Allocation Failure) [PSYoungGen: 64896K->352K(65536K)] 98222K->33678K(420864K), 0.0026154 secs] [Times: user=0.01 sys=0.00, real=0.01 secs] 
2019-01-02T10:41:14.998+0900: 149921.497: [GC (Allocation Failure) [PSYoungGen: 64864K->320K(65536K)] 98190K->33646K(420864K), 0.0028854 secs] [Times: user=0.01 sys=0.00, real=0.00 secs] 
2019-01-02T10:42:09.054+0900: 149975.553: [GC (Allocation Failure) [PSYoungGen: 64832K->416K(65536K)] 98158K->33742K(420864K), 0.0029543 secs] [Times: user=0.01 sys=0.00, real=0.00 secs] 
2019-01-02T10:42:59.763+0900: 150026.262: [GC (Allocation Failure) [PSYoungGen: 64928K->512K(65536K)] 98254K->33838K(420864K), 0.0031575 secs] [Times: user=0.01 sys=0.00, real=0.01 secs] 
2019-01-02T10:43:52.612+0900: 150079.111: [GC (Allocation Failure) [PSYoungGen: 65024K->480K(65536K)] 98350K->33806K(420864K), 0.0031047 secs] [Times: user=0.01 sys=0.00, real=0.01 secs] 
2019-01-02T10:44:46.834+0900: 150133.333: [GC (Allocation Failure) [PSYoungGen: 64992K->448K(65536K)] 98318K->33774K(420864K), 0.0027741 secs] [Times: user=0.01 sys=0.00, real=0.00 secs] 
2019-01-02T10:45:37.774+0900: 150184.273: [GC (Allocation Failure) [PSYoungGen: 64960K->576K(65536K)] 98286K->33942K(420864K), 0.0033704 secs] [Times: user=0.01 sys=0.00, real=0.00 secs] 
2019-01-02T10:46:31.224+0900: 150237.723: [GC (Allocation Failure) [PSYoungGen: 65088K->448K(65536K)] 98454K->33838K(420864K), 0.0031493 secs] [Times: user=0.00 sys=0.01, real=0.00 secs] 
2019-01-02T10:47:21.432+0900: 150287.931: [GC (Allocation Failure) [PSYoungGen: 64960K->576K(65536K)] 98350K->33966K(420864K), 0.0033713 secs] [Times: user=0.02 sys=0.00, real=0.01 secs] 
2019-01-02T10:48:12.658+0900: 150339.157: [GC (Allocation Failure) [PSYoungGen: 65088K->384K(65536K)] 98478K->33774K(420864K), 0.0029348 secs] [Times: user=0.01 sys=0.00, real=0.00 secs] 
2019-01-02T10:49:10.546+0900: 150397.045: [GC (Allocation Failure) [PSYoungGen: 64896K->320K(65536K)] 98286K->33710K(420864K), 0.0027600 secs] [Times: user=0.01 sys=0.00, real=0.00 secs] 
2019-01-02T10:50:02.093+0900: 150448.592: [GC (Allocation Failure) [PSYoungGen: 64832K->480K(65536K)] 98222K->33886K(420864K), 0.0032234 secs] [Times: user=0.02 sys=0.00, real=0.01 secs] 
2019-01-02T10:51:00.283+0900: 150506.782: [GC (Allocation Failure) [PSYoungGen: 64992K->384K(65536K)] 98398K->33790K(420864K), 0.0028792 secs] [Times: user=0.01 sys=0.00, real=0.01 secs] 
2019-01-02T10:51:53.994+0900: 150560.493: [GC (Allocation Failure) [PSYoungGen: 64896K->416K(65536K)] 98302K->33822K(420864K), 0.0027635 secs] [Times: user=0.01 sys=0.00, real=0.00 secs] 
2019-01-02T10:52:51.719+0900: 150618.218: [GC (Allocation Failure) [PSYoungGen: 64928K->320K(65536K)] 98334K->33726K(420864K), 0.0030600 secs] [Times: user=0.00 sys=0.00, real=0.00 secs] 
2019-01-02T10:53:49.951+0900: 150676.450: [GC (Allocation Failure) [PSYoungGen: 64832K->320K(65536K)] 98238K->33726K(420864K), 0.0028204 secs] [Times: user=0.01 sys=0.00, real=0.01 secs] 
2019-01-02T10:54:41.540+0900: 150728.039: [GC (Allocation Failure) [PSYoungGen: 64832K->384K(65536K)] 98238K->33790K(420864K), 0.0032844 secs] [Times: user=0.00 sys=0.01, real=0.01 secs] 
2019-01-02T10:55:39.446+0900: 150785.945: [GC (Allocation Failure) [PSYoungGen: 64896K->320K(65536K)] 98302K->33726K(420864K), 0.0027459 secs] [Times: user=0.01 sys=0.00, real=0.00 secs] 
2019-01-02T10:56:33.057+0900: 150839.556: [GC (Allocation Failure) [PSYoungGen: 64831K->480K(65536K)] 98237K->33886K(420864K), 0.0027866 secs] [Times: user=0.02 sys=0.00, real=0.00 secs] 
2019-01-02T10:57:24.923+0900: 150891.422: [GC (Allocation Failure) [PSYoungGen: 64992K->448K(65536K)] 98398K->33854K(420864K), 0.0032167 secs] [Times: user=0.01 sys=0.00, real=0.01 secs] 
2019-01-02T10:58:19.010+0900: 150945.510: [GC (Allocation Failure) [PSYoungGen: 64960K->448K(65536K)] 98366K->33854K(420864K), 0.0031668 secs] [Times: user=0.01 sys=0.00, real=0.01 secs] 
2019-01-02T10:59:16.552+0900: 151003.051: [GC (Allocation Failure) [PSYoungGen: 64960K->384K(65536K)] 98366K->33790K(420864K), 0.0029210 secs] [Times: user=0.01 sys=0.00, real=0.01 secs] 
2019-01-02T11:00:02.427+0900: 151048.926: [GC (Allocation Failure) [PSYoungGen: 64896K->640K(65536K)] 98302K->34046K(420864K), 0.0034135 secs] [Times: user=0.01 sys=0.00, real=0.00 secs] 
2019-01-02T11:00:57.333+0900: 151103.832: [GC (Allocation Failure) [PSYoungGen: 65152K->352K(65536K)] 98558K->33766K(420864K), 0.0030062 secs] [Times: user=0.02 sys=0.00, real=0.01 secs] 
2019-01-02T11:01:48.143+0900: 151154.642: [GC (Allocation Failure) [PSYoungGen: 64864K->512K(65536K)] 98278K->33926K(420864K), 0.0028531 secs] [Times: user=0.01 sys=0.00, real=0.01 secs] 
2019-01-02T11:02:29.209+0900: 151195.708: [GC (Allocation Failure) [PSYoungGen: 65024K->800K(65536K)] 98438K->34214K(420864K), 0.0036073 secs] [Times: user=0.01 sys=0.00, real=0.00 secs] 
2019-01-02T11:03:06.096+0900: 151232.595: [GC (Allocation Failure) [PSYoungGen: 65312K->832K(65536K)] 98726K->34246K(420864K), 0.0033988 secs] [Times: user=0.02 sys=0.00, real=0.00 secs] 
2019-01-02T11:04:03.367+0900: 151289.866: [GC (Allocation Failure) [PSYoungGen: 65344K->320K(65536K)] 98758K->33734K(420864K), 0.0034687 secs] [Times: user=0.01 sys=0.00, real=0.00 secs] 
2019-01-02T11:04:49.551+0900: 151336.050: [GC (Allocation Failure) [PSYoungGen: 64832K->640K(65536K)] 98246K->34054K(420864K), 0.0037734 secs] [Times: user=0.01 sys=0.00, real=0.01 secs] 
2019-01-02T11:05:45.523+0900: 151392.022: [GC (Allocation Failure) [PSYoungGen: 65152K->416K(65536K)] 98566K->33830K(420864K), 0.0030830 secs] [Times: user=0.01 sys=0.00, real=0.01 secs] 
2019-01-02T11:06:36.710+0900: 151443.209: [GC (Allocation Failure) [PSYoungGen: 64928K->640K(65536K)] 98342K->34054K(420864K), 0.0030761 secs] [Times: user=0.01 sys=0.01, real=0.00 secs] 
2019-01-02T11:07:23.319+0900: 151489.818: [GC (Allocation Failure) [PSYoungGen: 65152K->608K(65536K)] 98566K->34022K(420864K), 0.0033474 secs] [Times: user=0.01 sys=0.00, real=0.00 secs] 
2019-01-02T11:08:13.348+0900: 151539.847: [GC (Allocation Failure) [PSYoungGen: 65120K->512K(65536K)] 98534K->33926K(420864K), 0.0028823 secs] [Times: user=0.02 sys=0.00, real=0.00 secs] 
2019-01-02T11:09:03.551+0900: 151590.050: [GC (Allocation Failure) [PSYoungGen: 65024K->576K(65536K)] 98438K->33990K(420864K), 0.0028764 secs] [Times: user=0.02 sys=0.00, real=0.00 secs] 
2019-01-02T11:09:59.416+0900: 151645.915: [GC (Allocation Failure) [PSYoungGen: 65088K->384K(65536K)] 98502K->33798K(420864K), 0.0030505 secs] [Times: user=0.00 sys=0.00, real=0.00 secs] 
2019-01-02T11:10:53.208+0900: 151699.707: [GC (Allocation Failure) [PSYoungGen: 64896K->416K(65536K)] 98310K->33830K(420864K), 0.0027126 secs] [Times: user=0.01 sys=0.00, real=0.00 secs] 
2019-01-02T11:11:43.199+0900: 151749.698: [GC (Allocation Failure) [PSYoungGen: 64928K->512K(65536K)] 98342K->33926K(420864K), 0.0031414 secs] [Times: user=0.01 sys=0.00, real=0.00 secs] 
2019-01-02T11:12:38.947+0900: 151805.446: [GC (Allocation Failure) [PSYoungGen: 65024K->352K(65536K)] 98438K->33830K(420864K), 0.0031448 secs] [Times: user=0.01 sys=0.00, real=0.00 secs] 
2019-01-02T11:13:28.649+0900: 151855.148: [GC (Allocation Failure) [PSYoungGen: 64864K->512K(65536K)] 98342K->33990K(420864K), 0.0034471 secs] [Times: user=0.01 sys=0.00, real=0.00 secs] 
2019-01-02T11:14:14.252+0900: 151900.751: [GC (Allocation Failure) [PSYoungGen: 65024K->640K(65536K)] 98502K->34118K(420864K), 0.0033864 secs] [Times: user=0.02 sys=0.00, real=0.01 secs] 
2019-01-02T11:15:12.041+0900: 151958.540: [GC (Allocation Failure) [PSYoungGen: 65152K->384K(65536K)] 98630K->33862K(420864K), 0.0024341 secs] [Times: user=0.01 sys=0.00, real=0.00 secs] 
2019-01-02T11:16:09.869+0900: 152016.368: [GC (Allocation Failure) [PSYoungGen: 64896K->320K(65536K)] 98374K->33814K(420864K), 0.0027584 secs] [Times: user=0.01 sys=0.00, real=0.00 secs] 
2019-01-02T11:16:59.572+0900: 152066.071: [GC (Allocation Failure) [PSYoungGen: 64832K->544K(65536K)] 98326K->34038K(420864K), 0.0033199 secs] [Times: user=0.01 sys=0.00, real=0.01 secs] 
2019-01-02T11:17:53.277+0900: 152119.776: [GC (Allocation Failure) [PSYoungGen: 65056K->352K(65536K)] 98550K->33846K(420864K), 0.0031617 secs] [Times: user=0.01 sys=0.00, real=0.00 secs] 
2019-01-02T11:18:47.275+0900: 152173.774: [GC (Allocation Failure) [PSYoungGen: 64864K->480K(65536K)] 98358K->33974K(420864K), 0.0030388 secs] [Times: user=0.01 sys=0.00, real=0.00 secs] 
2019-01-02T11:19:41.052+0900: 152227.551: [GC (Allocation Failure) [PSYoungGen: 64992K->480K(65536K)] 98486K->33974K(420864K), 0.0030977 secs] [Times: user=0.01 sys=0.00, real=0.01 secs] 
2019-01-02T11:20:32.398+0900: 152278.897: [GC (Allocation Failure) [PSYoungGen: 64992K->480K(65536K)] 98486K->33982K(420864K), 0.0032581 secs] [Times: user=0.01 sys=0.00, real=0.00 secs] 
2019-01-02T11:21:24.385+0900: 152330.884: [GC (Allocation Failure) [PSYoungGen: 64992K->480K(65536K)] 98494K->33982K(420864K), 0.0032595 secs] [Times: user=0.01 sys=0.00, real=0.00 secs] 
2019-01-02T11:22:18.082+0900: 152384.581: [GC (Allocation Failure) [PSYoungGen: 64992K->448K(65536K)] 98494K->33950K(420864K), 0.0031333 secs] [Times: user=0.01 sys=0.00, real=0.01 secs] 
2019-01-02T11:23:13.882+0900: 152440.381: [GC (Allocation Failure) [PSYoungGen: 64960K->384K(65536K)] 98462K->33886K(420864K), 0.0028766 secs] [Times: user=0.01 sys=0.00, real=0.01 secs] 
2019-01-02T11:24:04.081+0900: 152490.580: [GC (Allocation Failure) [PSYoungGen: 64896K->448K(65536K)] 98398K->33950K(420864K), 0.0030937 secs] [Times: user=0.01 sys=0.00, real=0.01 secs] 
2019-01-02T11:24:59.792+0900: 152546.291: [GC (Allocation Failure) [PSYoungGen: 64960K->384K(65536K)] 98462K->33886K(420864K), 0.0026418 secs] [Times: user=0.02 sys=0.00, real=0.01 secs] 
2019-01-02T11:25:53.690+0900: 152600.189: [GC (Allocation Failure) [PSYoungGen: 64896K->384K(65536K)] 98398K->33886K(420864K), 0.0031672 secs] [Times: user=0.01 sys=0.00, real=0.01 secs] 
2019-01-02T11:26:51.492+0900: 152657.991: [GC (Allocation Failure) [PSYoungGen: 64896K->320K(65536K)] 98398K->33822K(420864K), 0.0026381 secs] [Times: user=0.01 sys=0.00, real=0.01 secs] 
2019-01-02T11:27:44.945+0900: 152711.444: [GC (Allocation Failure) [PSYoungGen: 64832K->480K(65536K)] 98334K->33982K(420864K), 0.0031921 secs] [Times: user=0.01 sys=0.00, real=0.00 secs] 
2019-01-02T11:28:36.406+0900: 152762.905: [GC (Allocation Failure) [PSYoungGen: 64992K->416K(65536K)] 98494K->33918K(420864K), 0.0027743 secs] [Times: user=0.01 sys=0.00, real=0.00 secs] 
2019-01-02T11:29:28.365+0900: 152814.865: [GC (Allocation Failure) [PSYoungGen: 64928K->480K(65536K)] 98430K->33982K(420864K), 0.0027803 secs] [Times: user=0.02 sys=0.00, real=0.00 secs] 
2019-01-02T11:30:26.591+0900: 152873.090: [GC (Allocation Failure) [PSYoungGen: 64992K->352K(65536K)] 98494K->33878K(420864K), 0.0029836 secs] [Times: user=0.01 sys=0.00, real=0.01 secs] 
2019-01-02T11:31:18.290+0900: 152924.789: [GC (Allocation Failure) [PSYoungGen: 64864K->480K(65536K)] 98390K->34006K(420864K), 0.0034008 secs] [Times: user=0.01 sys=0.00, real=0.00 secs] 
2019-01-02T11:32:14.168+0900: 152980.667: [GC (Allocation Failure) [PSYoungGen: 64992K->416K(65536K)] 98518K->33942K(420864K), 0.0029411 secs] [Times: user=0.01 sys=0.00, real=0.00 secs] 
2019-01-02T11:32:46.289+0900: 153012.788: [GC (Allocation Failure) [PSYoungGen: 64928K->896K(65536K)] 98454K->34422K(420864K), 0.0037954 secs] [Times: user=0.01 sys=0.00, real=0.00 secs] 
2019-01-02T11:33:40.689+0900: 153067.188: [GC (Allocation Failure) [PSYoungGen: 65408K->416K(65536K)] 98934K->33942K(420864K), 0.0030639 secs] [Times: user=0.01 sys=0.00, real=0.00 secs] 
2019-01-02T11:34:31.550+0900: 153118.049: [GC (Allocation Failure) [PSYoungGen: 64928K->480K(65536K)] 98454K->34006K(420864K), 0.0029950 secs] [Times: user=0.01 sys=0.00, real=0.00 secs] 
2019-01-02T11:35:21.498+0900: 153167.997: [GC (Allocation Failure) [PSYoungGen: 64992K->512K(65536K)] 98518K->34038K(420864K), 0.0033761 secs] [Times: user=0.01 sys=0.01, real=0.00 secs] 
2019-01-02T11:36:14.956+0900: 153221.455: [GC (Allocation Failure) [PSYoungGen: 65024K->480K(65536K)] 98550K->34006K(420864K), 0.0029900 secs] [Times: user=0.01 sys=0.00, real=0.00 secs] 
2019-01-02T11:36:55.117+0900: 153261.616: [GC (Allocation Failure) [PSYoungGen: 64992K->800K(65536K)] 98518K->34326K(420864K), 0.0031544 secs] [Times: user=0.01 sys=0.00, real=0.00 secs] 
2019-01-02T11:37:51.118+0900: 153317.617: [GC (Allocation Failure) [PSYoungGen: 65312K->384K(65536K)] 98838K->33910K(420864K), 0.0028940 secs] [Times: user=0.01 sys=0.00, real=0.00 secs] 
2019-01-02T11:38:48.589+0900: 153375.088: [GC (Allocation Failure) [PSYoungGen: 64896K->352K(65536K)] 98422K->33878K(420864K), 0.0026296 secs] [Times: user=0.01 sys=0.00, real=0.00 secs] 
2019-01-02T11:39:46.789+0900: 153433.288: [GC (Allocation Failure) [PSYoungGen: 64864K->352K(65536K)] 98390K->33878K(420864K), 0.0027092 secs] [Times: user=0.01 sys=0.00, real=0.00 secs] 
2019-01-02T11:40:41.004+0900: 153487.503: [GC (Allocation Failure) [PSYoungGen: 64864K->448K(65536K)] 98390K->33974K(420864K), 0.0030574 secs] [Times: user=0.01 sys=0.00, real=0.00 secs] 
2019-01-02T11:41:29.199+0900: 153535.699: [GC (Allocation Failure) [PSYoungGen: 64960K->608K(65536K)] 98486K->34134K(420864K), 0.0030008 secs] [Times: user=0.01 sys=0.00, real=0.00 secs] 
2019-01-02T11:42:21.302+0900: 153587.801: [GC (Allocation Failure) [PSYoungGen: 65120K->512K(65536K)] 98646K->34038K(420864K), 0.0027877 secs] [Times: user=0.01 sys=0.00, real=0.01 secs] 
2019-01-02T11:43:14.733+0900: 153641.232: [GC (Allocation Failure) [PSYoungGen: 65024K->416K(65536K)] 98550K->33942K(420864K), 0.0034599 secs] [Times: user=0.01 sys=0.00, real=0.01 secs] 
2019-01-02T11:44:08.815+0900: 153695.314: [GC (Allocation Failure) [PSYoungGen: 64928K->448K(65536K)] 98454K->33982K(420864K), 0.0027598 secs] [Times: user=0.01 sys=0.00, real=0.00 secs] 
2019-01-02T11:45:00.408+0900: 153746.907: [GC (Allocation Failure) [PSYoungGen: 64960K->480K(65536K)] 98494K->34014K(420864K), 0.0031852 secs] [Times: user=0.02 sys=0.00, real=0.00 secs] 
2019-01-02T11:45:54.174+0900: 153800.673: [GC (Allocation Failure) [PSYoungGen: 64992K->416K(65536K)] 98526K->33958K(420864K), 0.0031495 secs] [Times: user=0.01 sys=0.00, real=0.01 secs] 
2019-01-02T11:46:45.563+0900: 153852.062: [GC (Allocation Failure) [PSYoungGen: 64928K->576K(65536K)] 98470K->34118K(420864K), 0.0032551 secs] [Times: user=0.01 sys=0.00, real=0.01 secs] 
2019-01-02T11:47:41.292+0900: 153907.791: [GC (Allocation Failure) [PSYoungGen: 65088K->384K(65536K)] 98630K->33926K(420864K), 0.0032516 secs] [Times: user=0.01 sys=0.00, real=0.01 secs] 
2019-01-02T11:48:32.968+0900: 153959.467: [GC (Allocation Failure) [PSYoungGen: 64896K->480K(65536K)] 98438K->34030K(420864K), 0.0031167 secs] [Times: user=0.01 sys=0.01, real=0.00 secs] 
2019-01-02T11:49:28.712+0900: 154015.211: [GC (Allocation Failure) [PSYoungGen: 64992K->384K(65536K)] 98542K->33934K(420864K), 0.0029742 secs] [Times: user=0.02 sys=0.00, real=0.01 secs] 
2019-01-02T11:50:22.463+0900: 154068.962: [GC (Allocation Failure) [PSYoungGen: 64896K->384K(65536K)] 98446K->33942K(420864K), 0.0028581 secs] [Times: user=0.01 sys=0.00, real=0.01 secs] 
2019-01-02T11:51:18.430+0900: 154124.929: [GC (Allocation Failure) [PSYoungGen: 64896K->384K(65536K)] 98454K->33942K(420864K), 0.0030261 secs] [Times: user=0.01 sys=0.00, real=0.00 secs] 
2019-01-02T11:52:13.841+0900: 154180.340: [GC (Allocation Failure) [PSYoungGen: 64896K->384K(65536K)] 98454K->33942K(420864K), 0.0034395 secs] [Times: user=0.01 sys=0.00, real=0.01 secs] 
2019-01-02T11:53:10.052+0900: 154236.551: [GC (Allocation Failure) [PSYoungGen: 64896K->352K(65536K)] 98454K->33910K(420864K), 0.0032982 secs] [Times: user=0.01 sys=0.00, real=0.01 secs] 
2019-01-02T11:54:05.832+0900: 154292.331: [GC (Allocation Failure) [PSYoungGen: 64864K->384K(65536K)] 98422K->33942K(420864K), 0.0032835 secs] [Times: user=0.01 sys=0.00, real=0.01 secs] 
2019-01-02T11:55:03.566+0900: 154350.065: [GC (Allocation Failure) [PSYoungGen: 64896K->352K(65536K)] 98454K->33910K(420864K), 0.0030092 secs] [Times: user=0.01 sys=0.00, real=0.00 secs] 
2019-01-02T11:55:57.706+0900: 154404.205: [GC (Allocation Failure) [PSYoungGen: 64864K->480K(65536K)] 98422K->34054K(420864K), 0.0032911 secs] [Times: user=0.01 sys=0.00, real=0.00 secs] 
2019-01-02T11:56:47.731+0900: 154454.230: [GC (Allocation Failure) [PSYoungGen: 64992K->480K(65536K)] 98566K->34054K(420864K), 0.0029229 secs] [Times: user=0.01 sys=0.00, real=0.01 secs] 
2019-01-02T11:57:41.535+0900: 154508.034: [GC (Allocation Failure) [PSYoungGen: 64992K->416K(65536K)] 98566K->33990K(420864K), 0.0028339 secs] [Times: user=0.02 sys=0.00, real=0.00 secs] 
2019-01-02T11:58:39.417+0900: 154565.916: [GC (Allocation Failure) [PSYoungGen: 64928K->352K(65536K)] 98502K->33950K(420864K), 0.0030081 secs] [Times: user=0.01 sys=0.00, real=0.00 secs] 
2019-01-02T11:59:31.539+0900: 154618.038: [GC (Allocation Failure) [PSYoungGen: 64864K->512K(65536K)] 98462K->34110K(420864K), 0.0032930 secs] [Times: user=0.01 sys=0.00, real=0.00 secs] 
2019-01-02T12:00:29.660+0900: 154676.159: [GC (Allocation Failure) [PSYoungGen: 65024K->352K(65536K)] 98622K->33950K(420864K), 0.0029565 secs] [Times: user=0.01 sys=0.00, real=0.00 secs] 
2019-01-02T12:01:27.326+0900: 154733.825: [GC (Allocation Failure) [PSYoungGen: 64864K->352K(65536K)] 98462K->33950K(420864K), 0.0029992 secs] [Times: user=0.01 sys=0.00, real=0.00 secs] 
2019-01-02T12:02:25.212+0900: 154791.711: [GC (Allocation Failure) [PSYoungGen: 64864K->384K(65536K)] 98462K->33998K(420864K), 0.0028407 secs] [Times: user=0.01 sys=0.00, real=0.01 secs] 
2019-01-02T12:02:59.400+0900: 154825.899: [GC (Allocation Failure) [PSYoungGen: 64896K->896K(65536K)] 98510K->34510K(420864K), 0.0039579 secs] [Times: user=0.01 sys=0.00, real=0.01 secs] 
2019-01-02T12:03:50.686+0900: 154877.185: [GC (Allocation Failure) [PSYoungGen: 65408K->480K(65536K)] 99022K->34094K(420864K), 0.0029500 secs] [Times: user=0.01 sys=0.00, real=0.00 secs] 
2019-01-02T12:04:42.580+0900: 154929.079: [GC (Allocation Failure) [PSYoungGen: 64992K->480K(65536K)] 98606K->34094K(420864K), 0.0032508 secs] [Times: user=0.01 sys=0.00, real=0.00 secs] 
2019-01-02T12:05:36.565+0900: 154983.064: [GC (Allocation Failure) [PSYoungGen: 64992K->480K(65536K)] 98606K->34094K(420864K), 0.0030724 secs] [Times: user=0.02 sys=0.00, real=0.00 secs] 
2019-01-02T12:06:32.245+0900: 155038.744: [GC (Allocation Failure) [PSYoungGen: 64992K->416K(65536K)] 98606K->34030K(420864K), 0.0031452 secs] [Times: user=0.01 sys=0.00, real=0.00 secs] 
2019-01-02T12:07:16.526+0900: 155083.025: [GC (Allocation Failure) [PSYoungGen: 64928K->704K(65536K)] 98542K->34318K(420864K), 0.0033804 secs] [Times: user=0.01 sys=0.01, real=0.00 secs] 
2019-01-02T12:08:12.382+0900: 155138.881: [GC (Allocation Failure) [PSYoungGen: 65216K->320K(65536K)] 98830K->33934K(420864K), 0.0031085 secs] [Times: user=0.01 sys=0.00, real=0.01 secs] 
2019-01-02T12:09:04.344+0900: 155190.843: [GC (Allocation Failure) [PSYoungGen: 64832K->512K(65536K)] 98446K->34126K(420864K), 0.0027137 secs] [Times: user=0.01 sys=0.01, real=0.00 secs] 
2019-01-02T12:10:02.074+0900: 155248.573: [GC (Allocation Failure) [PSYoungGen: 65024K->256K(65536K)] 98638K->33870K(420864K), 0.0028103 secs] [Times: user=0.01 sys=0.00, real=0.00 secs] 
2019-01-02T12:10:55.768+0900: 155302.267: [GC (Allocation Failure) [PSYoungGen: 64768K->352K(65536K)] 98382K->33966K(420864K), 0.0030606 secs] [Times: user=0.02 sys=0.00, real=0.00 secs] 
2019-01-02T12:11:47.493+0900: 155353.992: [GC (Allocation Failure) [PSYoungGen: 64864K->512K(65536K)] 98478K->34126K(420864K), 0.0031258 secs] [Times: user=0.02 sys=0.00, real=0.01 secs] 
2019-01-02T12:12:43.720+0900: 155410.219: [GC (Allocation Failure) [PSYoungGen: 65024K->384K(65536K)] 98638K->33998K(420864K), 0.0031889 secs] [Times: user=0.01 sys=0.00, real=0.00 secs] 
2019-01-02T12:13:39.807+0900: 155466.306: [GC (Allocation Failure) [PSYoungGen: 64896K->384K(65536K)] 98510K->33998K(420864K), 0.0032893 secs] [Times: user=0.02 sys=0.00, real=0.00 secs] 
2019-01-02T12:14:33.498+0900: 155519.997: [GC (Allocation Failure) [PSYoungGen: 64896K->352K(65536K)] 98510K->33966K(420864K), 0.0031152 secs] [Times: user=0.01 sys=0.00, real=0.00 secs] 
2019-01-02T12:15:29.352+0900: 155575.851: [GC (Allocation Failure) [PSYoungGen: 64864K->416K(65536K)] 98478K->34030K(420864K), 0.0032474 secs] [Times: user=0.01 sys=0.00, real=0.01 secs] 
2019-01-02T12:16:22.592+0900: 155629.091: [GC (Allocation Failure) [PSYoungGen: 64928K->416K(65536K)] 98542K->34046K(420864K), 0.0030991 secs] [Times: user=0.01 sys=0.00, real=0.01 secs] 
2019-01-02T12:17:20.815+0900: 155687.314: [GC (Allocation Failure) [PSYoungGen: 64928K->352K(65536K)] 98558K->33982K(420864K), 0.0025477 secs] [Times: user=0.01 sys=0.00, real=0.00 secs] 
2019-01-02T12:18:15.020+0900: 155741.519: [GC (Allocation Failure) [PSYoungGen: 64864K->416K(65536K)] 98494K->34046K(420864K), 0.0034164 secs] [Times: user=0.00 sys=0.01, real=0.01 secs] 
2019-01-02T12:19:02.452+0900: 155788.951: [GC (Allocation Failure) [PSYoungGen: 64928K->576K(65536K)] 98558K->34206K(420864K), 0.0034346 secs] [Times: user=0.01 sys=0.00, real=0.01 secs] 
2019-01-02T12:19:58.429+0900: 155844.928: [GC (Allocation Failure) [PSYoungGen: 65088K->416K(65536K)] 98718K->34046K(420864K), 0.0025916 secs] [Times: user=0.01 sys=0.00, real=0.00 secs] 
2019-01-02T12:20:56.455+0900: 155902.954: [GC (Allocation Failure) [PSYoungGen: 64928K->384K(65536K)] 98558K->34030K(420864K), 0.0028935 secs] [Times: user=0.01 sys=0.00, real=0.00 secs] 
2019-01-02T12:21:53.762+0900: 155960.261: [GC (Allocation Failure) [PSYoungGen: 64896K->288K(65536K)] 98542K->33934K(420864K), 0.0029004 secs] [Times: user=0.01 sys=0.00, real=0.01 secs] 
2019-01-02T12:22:51.267+0900: 156017.766: [GC (Allocation Failure) [PSYoungGen: 64800K->384K(65536K)] 98446K->34038K(420864K), 0.0028681 secs] [Times: user=0.01 sys=0.00, real=0.00 secs] 
2019-01-02T12:23:45.317+0900: 156071.816: [GC (Allocation Failure) [PSYoungGen: 64896K->416K(65536K)] 98550K->34070K(420864K), 0.0029921 secs] [Times: user=0.01 sys=0.00, real=0.00 secs] 
2019-01-02T12:24:39.598+0900: 156126.097: [GC (Allocation Failure) [PSYoungGen: 64928K->448K(65536K)] 98582K->34102K(420864K), 0.0028358 secs] [Times: user=0.01 sys=0.00, real=0.00 secs] 
2019-01-02T12:25:34.973+0900: 156181.472: [GC (Allocation Failure) [PSYoungGen: 64960K->416K(65536K)] 98614K->34086K(420864K), 0.0030577 secs] [Times: user=0.01 sys=0.00, real=0.01 secs] 
2019-01-02T12:26:31.011+0900: 156237.510: [GC (Allocation Failure) [PSYoungGen: 64928K->384K(65536K)] 98598K->34054K(420864K), 0.0029836 secs] [Times: user=0.00 sys=0.00, real=0.01 secs] 
2019-01-02T12:27:29.190+0900: 156295.689: [GC (Allocation Failure) [PSYoungGen: 64896K->384K(65536K)] 98566K->34054K(420864K), 0.0029721 secs] [Times: user=0.01 sys=0.00, real=0.00 secs] 
2019-01-02T12:28:26.878+0900: 156353.377: [GC (Allocation Failure) [PSYoungGen: 64896K->384K(65536K)] 98566K->34054K(420864K), 0.0031623 secs] [Times: user=0.00 sys=0.00, real=0.00 secs] 
2019-01-02T12:29:24.689+0900: 156411.188: [GC (Allocation Failure) [PSYoungGen: 64896K->352K(65536K)] 98566K->34022K(420864K), 0.0029742 secs] [Times: user=0.01 sys=0.00, real=0.00 secs] 
2019-01-02T12:30:18.574+0900: 156465.073: [GC (Allocation Failure) [PSYoungGen: 64864K->448K(65536K)] 98534K->34118K(420864K), 0.0030128 secs] [Times: user=0.02 sys=0.00, real=0.00 secs] 
2019-01-02T12:31:12.208+0900: 156518.707: [GC (Allocation Failure) [PSYoungGen: 64960K->448K(65536K)] 98630K->34118K(420864K), 0.0027240 secs] [Times: user=0.01 sys=0.00, real=0.00 secs] 
2019-01-02T12:32:10.343+0900: 156576.842: [GC (Allocation Failure) [PSYoungGen: 64960K->352K(65536K)] 98630K->34022K(420864K), 0.0031258 secs] [Times: user=0.01 sys=0.00, real=0.01 secs] 
2019-01-02T12:32:44.480+0900: 156610.979: [GC (Allocation Failure) [PSYoungGen: 64864K->864K(65536K)] 98534K->34534K(420864K), 0.0035139 secs] [Times: user=0.01 sys=0.00, real=0.00 secs] 
2019-01-02T12:33:41.866+0900: 156668.365: [GC (Allocation Failure) [PSYoungGen: 65376K->352K(65536K)] 99046K->34022K(420864K), 0.0029168 secs] [Times: user=0.01 sys=0.00, real=0.00 secs] 
2019-01-02T12:34:35.876+0900: 156722.375: [GC (Allocation Failure) [PSYoungGen: 64864K->384K(65536K)] 98534K->34054K(420864K), 0.0027638 secs] [Times: user=0.01 sys=0.00, real=0.00 secs] 
2019-01-02T12:35:31.370+0900: 156777.869: [GC (Allocation Failure) [PSYoungGen: 64896K->352K(65536K)] 98566K->34022K(420864K), 0.0031348 secs] [Times: user=0.01 sys=0.00, real=0.00 secs] 
2019-01-02T12:36:27.353+0900: 156833.852: [GC (Allocation Failure) [PSYoungGen: 64864K->416K(65536K)] 98534K->34086K(420864K), 0.0026534 secs] [Times: user=0.01 sys=0.00, real=0.01 secs] 
2019-01-02T12:37:11.893+0900: 156878.392: [GC (Allocation Failure) [PSYoungGen: 64928K->768K(65536K)] 98598K->34438K(420864K), 0.0032454 secs] [Times: user=0.01 sys=0.01, real=0.01 secs] 
2019-01-02T12:38:05.742+0900: 156932.241: [GC (Allocation Failure) [PSYoungGen: 65280K->480K(65536K)] 98950K->34150K(420864K), 0.0033090 secs] [Times: user=0.01 sys=0.00, real=0.01 secs] 
2019-01-02T12:38:57.928+0900: 156984.427: [GC (Allocation Failure) [PSYoungGen: 64992K->480K(65536K)] 98662K->34150K(420864K), 0.0034175 secs] [Times: user=0.01 sys=0.00, real=0.00 secs] 
2019-01-02T12:39:51.218+0900: 157037.717: [GC (Allocation Failure) [PSYoungGen: 64992K->416K(65536K)] 98662K->34086K(420864K), 0.0031272 secs] [Times: user=0.01 sys=0.00, real=0.00 secs] 
2019-01-02T12:40:43.357+0900: 157089.856: [GC (Allocation Failure) [PSYoungGen: 64928K->480K(65536K)] 98598K->34150K(420864K), 0.0030304 secs] [Times: user=0.01 sys=0.01, real=0.00 secs] 
2019-01-02T12:41:32.648+0900: 157139.147: [GC (Allocation Failure) [PSYoungGen: 64992K->512K(65536K)] 98662K->34182K(420864K), 0.0032239 secs] [Times: user=0.01 sys=0.01, real=0.00 secs] 
2019-01-02T12:42:26.767+0900: 157193.266: [GC (Allocation Failure) [PSYoungGen: 65024K->448K(65536K)] 98694K->34118K(420864K), 0.0029936 secs] [Times: user=0.01 sys=0.00, real=0.00 secs] 
2019-01-02T12:43:22.195+0900: 157248.694: [GC (Allocation Failure) [PSYoungGen: 64960K->416K(65536K)] 98630K->34086K(420864K), 0.0028480 secs] [Times: user=0.00 sys=0.00, real=0.00 secs] 
2019-01-02T12:44:19.973+0900: 157306.472: [GC (Allocation Failure) [PSYoungGen: 64928K->320K(65536K)] 98598K->34030K(420864K), 0.0028354 secs] [Times: user=0.02 sys=0.00, real=0.01 secs] 
2019-01-02T12:45:07.609+0900: 157354.108: [GC (Allocation Failure) [PSYoungGen: 64832K->608K(65536K)] 98542K->34318K(420864K), 0.0033735 secs] [Times: user=0.01 sys=0.00, real=0.00 secs] 
2019-01-02T12:46:01.812+0900: 157408.311: [GC (Allocation Failure) [PSYoungGen: 65106K->384K(65536K)] 98816K->34118K(420864K), 0.0030001 secs] [Times: user=0.01 sys=0.00, real=0.01 secs] 
2019-01-02T12:46:55.258+0900: 157461.757: [GC (Allocation Failure) [PSYoungGen: 64896K->480K(65536K)] 98630K->34214K(420864K), 0.0028878 secs] [Times: user=0.01 sys=0.00, real=0.00 secs] 
2019-01-02T12:47:49.545+0900: 157516.044: [GC (Allocation Failure) [PSYoungGen: 64992K->384K(65536K)] 98726K->34118K(420864K), 0.0032005 secs] [Times: user=0.01 sys=0.00, real=0.00 secs] 
2019-01-02T12:48:39.748+0900: 157566.247: [GC (Allocation Failure) [PSYoungGen: 64896K->576K(65536K)] 98630K->34310K(420864K), 0.0031351 secs] [Times: user=0.01 sys=0.00, real=0.00 secs] 
2019-01-02T12:49:26.743+0900: 157613.242: [GC (Allocation Failure) [PSYoungGen: 65088K->608K(65536K)] 98822K->34342K(420864K), 0.0032912 secs] [Times: user=0.01 sys=0.00, real=0.01 secs] 
2019-01-02T12:50:17.595+0900: 157664.094: [GC (Allocation Failure) [PSYoungGen: 65120K->512K(65536K)] 98854K->34254K(420864K), 0.0031462 secs] [Times: user=0.01 sys=0.00, real=0.00 secs] 
2019-01-02T12:51:05.784+0900: 157712.283: [GC (Allocation Failure) [PSYoungGen: 65024K->576K(65536K)] 98766K->34342K(420864K), 0.0034524 secs] [Times: user=0.01 sys=0.00, real=0.00 secs] 
2019-01-02T12:51:57.884+0900: 157764.383: [GC (Allocation Failure) [PSYoungGen: 65088K->512K(65536K)] 98854K->34278K(420864K), 0.0034904 secs] [Times: user=0.01 sys=0.00, real=0.00 secs] 
2019-01-02T12:52:47.806+0900: 157814.305: [GC (Allocation Failure) [PSYoungGen: 65024K->480K(65536K)] 98790K->34246K(420864K), 0.0032192 secs] [Times: user=0.01 sys=0.00, real=0.00 secs] 
2019-01-02T12:53:45.407+0900: 157871.906: [GC (Allocation Failure) [PSYoungGen: 64992K->288K(65536K)] 98758K->34054K(420864K), 0.0030358 secs] [Times: user=0.01 sys=0.00, real=0.00 secs] 
2019-01-02T12:54:37.611+0900: 157924.110: [GC (Allocation Failure) [PSYoungGen: 64800K->448K(65536K)] 98566K->34214K(420864K), 0.0030502 secs] [Times: user=0.01 sys=0.00, real=0.01 secs] 
2019-01-02T12:55:31.441+0900: 157977.940: [GC (Allocation Failure) [PSYoungGen: 64960K->416K(65536K)] 98726K->34182K(420864K), 0.0031668 secs] [Times: user=0.01 sys=0.00, real=0.01 secs] 
2019-01-02T12:56:27.043+0900: 158033.542: [GC (Allocation Failure) [PSYoungGen: 64928K->416K(65536K)] 98694K->34182K(420864K), 0.0031894 secs] [Times: user=0.01 sys=0.00, real=0.01 secs] 
2019-01-02T12:57:22.265+0900: 158088.764: [GC (Allocation Failure) [PSYoungGen: 64928K->384K(65536K)] 98694K->34150K(420864K), 0.0031256 secs] [Times: user=0.01 sys=0.00, real=0.00 secs] 
2019-01-02T12:58:14.462+0900: 158140.961: [GC (Allocation Failure) [PSYoungGen: 64896K->512K(65536K)] 98662K->34278K(420864K), 0.0028038 secs] [Times: user=0.01 sys=0.00, real=0.01 secs] 
2019-01-02T12:59:08.673+0900: 158195.172: [GC (Allocation Failure) [PSYoungGen: 65024K->448K(65536K)] 98790K->34222K(420864K), 0.0027440 secs] [Times: user=0.01 sys=0.00, real=0.01 secs] 
2019-01-02T13:00:06.779+0900: 158253.278: [GC (Allocation Failure) [PSYoungGen: 64960K->320K(65536K)] 98734K->34094K(420864K), 0.0029942 secs] [Times: user=0.01 sys=0.01, real=0.00 secs] 
2019-01-02T13:01:04.622+0900: 158311.121: [GC (Allocation Failure) [PSYoungGen: 64832K->320K(65536K)] 98606K->34094K(420864K), 0.0030598 secs] [Times: user=0.01 sys=0.00, real=0.01 secs] 
2019-01-02T13:01:58.697+0900: 158365.196: [GC (Allocation Failure) [PSYoungGen: 64832K->448K(65536K)] 98606K->34222K(420864K), 0.0032795 secs] [Times: user=0.01 sys=0.00, real=0.00 secs] 
2019-01-02T13:02:42.086+0900: 158408.585: [GC (Allocation Failure) [PSYoungGen: 64960K->832K(65536K)] 98734K->34614K(420864K), 0.0035152 secs] [Times: user=0.01 sys=0.00, real=0.00 secs] 
2019-01-02T13:03:24.671+0900: 158451.170: [GC (Allocation Failure) [PSYoungGen: 65344K->768K(65536K)] 99126K->34550K(420864K), 0.0035120 secs] [Times: user=0.01 sys=0.00, real=0.01 secs] 
2019-01-02T13:04:18.886+0900: 158505.385: [GC (Allocation Failure) [PSYoungGen: 65280K->352K(65536K)] 99062K->34134K(420864K), 0.0029433 secs] [Times: user=0.01 sys=0.00, real=0.00 secs] 
2019-01-02T13:05:14.227+0900: 158560.726: [GC (Allocation Failure) [PSYoungGen: 64864K->384K(65536K)] 98646K->34166K(420864K), 0.0029814 secs] [Times: user=0.01 sys=0.00, real=0.00 secs] 
2019-01-02T13:06:08.344+0900: 158614.843: [GC (Allocation Failure) [PSYoungGen: 64896K->384K(65536K)] 98678K->34174K(420864K), 0.0030906 secs] [Times: user=0.02 sys=0.00, real=0.00 secs] 
2019-01-02T13:07:06.544+0900: 158673.043: [GC (Allocation Failure) [PSYoungGen: 64896K->352K(65536K)] 98686K->34142K(420864K), 0.0031021 secs] [Times: user=0.01 sys=0.00, real=0.00 secs] 
2019-01-02T13:07:51.928+0900: 158718.427: [GC (Allocation Failure) [PSYoungGen: 64864K->640K(65536K)] 98654K->34430K(420864K), 0.0035866 secs] [Times: user=0.02 sys=0.00, real=0.00 secs] 
2019-01-02T13:08:46.404+0900: 158772.903: [GC (Allocation Failure) [PSYoungGen: 65152K->544K(65536K)] 98942K->34334K(420864K), 0.0026444 secs] [Times: user=0.01 sys=0.00, real=0.00 secs] 
2019-01-02T13:09:42.157+0900: 158828.656: [GC (Allocation Failure) [PSYoungGen: 65056K->416K(65536K)] 98846K->34214K(420864K), 0.0032662 secs] [Times: user=0.01 sys=0.00, real=0.00 secs] 
2019-01-02T13:10:37.915+0900: 158884.414: [GC (Allocation Failure) [PSYoungGen: 64928K->416K(65536K)] 98726K->34214K(420864K), 0.0030764 secs] [Times: user=0.01 sys=0.00, real=0.00 secs] 
2019-01-02T13:11:35.603+0900: 158942.102: [GC (Allocation Failure) [PSYoungGen: 64928K->384K(65536K)] 98726K->34182K(420864K), 0.0029453 secs] [Times: user=0.01 sys=0.00, real=0.01 secs] 
2019-01-02T13:12:25.804+0900: 158992.303: [GC (Allocation Failure) [PSYoungGen: 64896K->512K(65536K)] 98694K->34326K(420864K), 0.0034150 secs] [Times: user=0.01 sys=0.00, real=0.00 secs] 
2019-01-02T13:13:21.270+0900: 159047.769: [GC (Allocation Failure) [PSYoungGen: 65024K->320K(65536K)] 98838K->34134K(420864K), 0.0034524 secs] [Times: user=0.01 sys=0.00, real=0.01 secs] 
2019-01-02T13:14:15.237+0900: 159101.737: [GC (Allocation Failure) [PSYoungGen: 64832K->256K(65536K)] 98646K->34070K(420864K), 0.0033460 secs] [Times: user=0.01 sys=0.00, real=0.00 secs] 
2019-01-02T13:15:07.120+0900: 159153.619: [GC (Allocation Failure) [PSYoungGen: 64768K->512K(65536K)] 98582K->34326K(420864K), 0.0035325 secs] [Times: user=0.02 sys=0.00, real=0.01 secs] 
2019-01-02T13:16:00.677+0900: 159207.176: [GC (Allocation Failure) [PSYoungGen: 65024K->448K(65536K)] 98838K->34270K(420864K), 0.0032429 secs] [Times: user=0.01 sys=0.00, real=0.00 secs] 
2019-01-02T13:16:52.854+0900: 159259.353: [GC (Allocation Failure) [PSYoungGen: 64960K->448K(65536K)] 98782K->34278K(420864K), 0.0032357 secs] [Times: user=0.01 sys=0.00, real=0.00 secs] 
2019-01-02T13:17:48.808+0900: 159315.307: [GC (Allocation Failure) [PSYoungGen: 64960K->384K(65536K)] 98790K->34214K(420864K), 0.0032159 secs] [Times: user=0.01 sys=0.00, real=0.00 secs] 
2019-01-02T13:18:46.228+0900: 159372.727: [GC (Allocation Failure) [PSYoungGen: 64896K->352K(65536K)] 98726K->34182K(420864K), 0.0031509 secs] [Times: user=0.02 sys=0.00, real=0.00 secs] 
2019-01-02T13:19:39.507+0900: 159426.006: [GC (Allocation Failure) [PSYoungGen: 64864K->480K(65536K)] 98694K->34310K(420864K), 0.0032392 secs] [Times: user=0.00 sys=0.01, real=0.00 secs] 
2019-01-02T13:20:37.681+0900: 159484.181: [GC (Allocation Failure) [PSYoungGen: 64992K->288K(65536K)] 98822K->34118K(420864K), 0.0029788 secs] [Times: user=0.01 sys=0.00, real=0.01 secs] 
2019-01-02T13:21:27.488+0900: 159533.987: [GC (Allocation Failure) [PSYoungGen: 64800K->512K(65536K)] 98630K->34358K(420864K), 0.0032019 secs] [Times: user=0.01 sys=0.00, real=0.00 secs] 
2019-01-02T13:22:25.279+0900: 159591.778: [GC (Allocation Failure) [PSYoungGen: 65024K->320K(65536K)] 98870K->34166K(420864K), 0.0026259 secs] [Times: user=0.01 sys=0.00, real=0.00 secs] 
2019-01-02T13:23:19.103+0900: 159645.602: [GC (Allocation Failure) [PSYoungGen: 64832K->480K(65536K)] 98678K->34326K(420864K), 0.0029580 secs] [Times: user=0.02 sys=0.00, real=0.01 secs] 
2019-01-02T13:24:12.907+0900: 159699.406: [GC (Allocation Failure) [PSYoungGen: 64992K->448K(65536K)] 98838K->34294K(420864K), 0.0030941 secs] [Times: user=0.01 sys=0.01, real=0.00 secs] 
2019-01-02T13:25:10.903+0900: 159757.402: [GC (Allocation Failure) [PSYoungGen: 64960K->352K(65536K)] 98806K->34198K(420864K), 0.0030033 secs] [Times: user=0.01 sys=0.00, real=0.01 secs] 
2019-01-02T13:26:06.602+0900: 159813.101: [GC (Allocation Failure) [PSYoungGen: 64864K->416K(65536K)] 98710K->34262K(420864K), 0.0031511 secs] [Times: user=0.01 sys=0.00, real=0.01 secs] 
2019-01-02T13:26:58.775+0900: 159865.274: [GC (Allocation Failure) [PSYoungGen: 64928K->448K(65536K)] 98774K->34294K(420864K), 0.0032213 secs] [Times: user=0.01 sys=0.00, real=0.00 secs] 
2019-01-02T13:27:51.952+0900: 159918.451: [GC (Allocation Failure) [PSYoungGen: 64960K->448K(65536K)] 98806K->34294K(420864K), 0.0030709 secs] [Times: user=0.01 sys=0.01, real=0.01 secs] 
2019-01-02T13:28:37.778+0900: 159964.277: [GC (Allocation Failure) [PSYoungGen: 64960K->640K(65536K)] 98806K->34486K(420864K), 0.0031150 secs] [Times: user=0.01 sys=0.00, real=0.00 secs] 
2019-01-02T13:29:33.927+0900: 160020.426: [GC (Allocation Failure) [PSYoungGen: 65152K->416K(65536K)] 98998K->34262K(420864K), 0.0026404 secs] [Times: user=0.02 sys=0.00, real=0.00 secs] 
2019-01-02T13:30:25.579+0900: 160072.078: [GC (Allocation Failure) [PSYoungGen: 64928K->512K(65536K)] 98774K->34358K(420864K), 0.0032925 secs] [Times: user=0.01 sys=0.00, real=0.00 secs] 
2019-01-02T13:31:23.459+0900: 160129.958: [GC (Allocation Failure) [PSYoungGen: 65024K->288K(65536K)] 98870K->34134K(420864K), 0.0025660 secs] [Times: user=0.01 sys=0.00, real=0.00 secs] 
2019-01-02T13:32:17.989+0900: 160184.488: [GC (Allocation Failure) [PSYoungGen: 64800K->480K(65536K)] 98646K->34326K(420864K), 0.0030905 secs] [Times: user=0.01 sys=0.00, real=0.00 secs] 
2019-01-02T13:32:49.870+0900: 160216.369: [GC (Allocation Failure) [PSYoungGen: 64992K->1024K(65536K)] 98838K->34886K(420864K), 0.0034845 secs] [Times: user=0.01 sys=0.01, real=0.00 secs] 
2019-01-02T13:33:38.452+0900: 160264.951: [GC (Allocation Failure) [PSYoungGen: 65536K->640K(65536K)] 99398K->34502K(420864K), 0.0033717 secs] [Times: user=0.01 sys=0.00, real=0.01 secs] 
2019-01-02T13:34:22.045+0900: 160308.544: [GC (Allocation Failure) [PSYoungGen: 65152K->736K(65536K)] 99014K->34598K(420864K), 0.0034509 secs] [Times: user=0.01 sys=0.00, real=0.00 secs] 
2019-01-02T13:35:17.369+0900: 160363.868: [GC (Allocation Failure) [PSYoungGen: 65248K->352K(65536K)] 99110K->34214K(420864K), 0.0031630 secs] [Times: user=0.02 sys=0.00, real=0.00 secs] 
2019-01-02T13:36:11.483+0900: 160417.983: [GC (Allocation Failure) [PSYoungGen: 64864K->448K(65536K)] 98726K->34310K(420864K), 0.0026833 secs] [Times: user=0.01 sys=0.00, real=0.01 secs] 
2019-01-02T13:36:57.447+0900: 160463.946: [GC (Allocation Failure) [PSYoungGen: 64960K->608K(65536K)] 98822K->34470K(420864K), 0.0030873 secs] [Times: user=0.01 sys=0.00, real=0.00 secs] 
2019-01-02T13:37:39.000+0900: 160505.499: [GC (Allocation Failure) [PSYoungGen: 65120K->640K(65536K)] 98982K->34502K(420864K), 0.0033229 secs] [Times: user=0.01 sys=0.00, real=0.01 secs] 
2019-01-02T13:38:33.090+0900: 160559.589: [GC (Allocation Failure) [PSYoungGen: 65152K->448K(65536K)] 99014K->34310K(420864K), 0.0027343 secs] [Times: user=0.01 sys=0.00, real=0.00 secs] 
2019-01-02T13:39:25.286+0900: 160611.785: [GC (Allocation Failure) [PSYoungGen: 64960K->512K(65536K)] 98822K->34374K(420864K), 0.0031925 secs] [Times: user=0.01 sys=0.00, real=0.00 secs] 
2019-01-02T13:40:11.467+0900: 160657.966: [GC (Allocation Failure) [PSYoungGen: 65024K->576K(65536K)] 98886K->34438K(420864K), 0.0035866 secs] [Times: user=0.01 sys=0.00, real=0.00 secs] 
2019-01-02T13:41:04.809+0900: 160711.308: [GC (Allocation Failure) [PSYoungGen: 65088K->480K(65536K)] 98950K->34342K(420864K), 0.0031936 secs] [Times: user=0.01 sys=0.00, real=0.00 secs] 
2019-01-02T13:41:54.881+0900: 160761.380: [GC (Allocation Failure) [PSYoungGen: 64992K->512K(65536K)] 98854K->34374K(420864K), 0.0032477 secs] [Times: user=0.01 sys=0.00, real=0.01 secs] 
2019-01-02T13:42:47.088+0900: 160813.587: [GC (Allocation Failure) [PSYoungGen: 65024K->512K(65536K)] 98886K->34374K(420864K), 0.0031907 secs] [Times: user=0.01 sys=0.00, real=0.00 secs] 
2019-01-02T13:43:41.520+0900: 160868.019: [GC (Allocation Failure) [PSYoungGen: 65024K->512K(65536K)] 98886K->34374K(420864K), 0.0030011 secs] [Times: user=0.01 sys=0.00, real=0.00 secs] 
2019-01-02T13:44:30.527+0900: 160917.026: [GC (Allocation Failure) [PSYoungGen: 65024K->608K(65536K)] 98886K->34470K(420864K), 0.0032448 secs] [Times: user=0.01 sys=0.00, real=0.00 secs] 
2019-01-02T13:45:20.371+0900: 160966.870: [GC (Allocation Failure) [PSYoungGen: 65120K->512K(65536K)] 98982K->34382K(420864K), 0.0031679 secs] [Times: user=0.01 sys=0.00, real=0.01 secs] 
2019-01-02T13:46:15.960+0900: 161022.459: [GC (Allocation Failure) [PSYoungGen: 65024K->352K(65536K)] 98894K->34238K(420864K), 0.0027699 secs] [Times: user=0.02 sys=0.00, real=0.00 secs] 
2019-01-02T13:47:12.306+0900: 161078.805: [GC (Allocation Failure) [PSYoungGen: 64864K->320K(65536K)] 98750K->34206K(420864K), 0.0031273 secs] [Times: user=0.01 sys=0.00, real=0.00 secs] 
2019-01-02T13:48:06.044+0900: 161132.543: [GC (Allocation Failure) [PSYoungGen: 64832K->416K(65536K)] 98718K->34302K(420864K), 0.0030945 secs] [Times: user=0.01 sys=0.00, real=0.00 secs] 
2019-01-02T13:49:00.069+0900: 161186.568: [GC (Allocation Failure) [PSYoungGen: 64928K->416K(65536K)] 98814K->34302K(420864K), 0.0027054 secs] [Times: user=0.01 sys=0.00, real=0.00 secs] 
2019-01-02T13:49:55.989+0900: 161242.488: [GC (Allocation Failure) [PSYoungGen: 64928K->352K(65536K)] 98814K->34238K(420864K), 0.0030255 secs] [Times: user=0.01 sys=0.00, real=0.00 secs] 
2019-01-02T13:50:45.985+0900: 161292.484: [GC (Allocation Failure) [PSYoungGen: 64864K->512K(65536K)] 98750K->34406K(420864K), 0.0031965 secs] [Times: user=0.01 sys=0.00, real=0.00 secs] 
2019-01-02T13:51:37.804+0900: 161344.303: [GC (Allocation Failure) [PSYoungGen: 65024K->512K(65536K)] 98918K->34406K(420864K), 0.0032145 secs] [Times: user=0.01 sys=0.00, real=0.00 secs] 
2019-01-02T13:52:35.498+0900: 161401.997: [GC (Allocation Failure) [PSYoungGen: 65024K->288K(65536K)] 98918K->34190K(420864K), 0.0029503 secs] [Times: user=0.01 sys=0.00, real=0.00 secs] 
2019-01-02T13:53:31.636+0900: 161458.135: [GC (Allocation Failure) [PSYoungGen: 64800K->384K(65536K)] 98702K->34286K(420864K), 0.0027234 secs] [Times: user=0.01 sys=0.01, real=0.00 secs] 
2019-01-02T13:54:29.746+0900: 161516.245: [GC (Allocation Failure) [PSYoungGen: 64896K->384K(65536K)] 98798K->34302K(420864K), 0.0031657 secs] [Times: user=0.02 sys=0.00, real=0.00 secs] 
2019-01-02T13:55:27.096+0900: 161573.595: [GC (Allocation Failure) [PSYoungGen: 64896K->320K(65536K)] 98814K->34238K(420864K), 0.0028930 secs] [Times: user=0.01 sys=0.00, real=0.00 secs] 
2019-01-02T13:56:24.950+0900: 161631.449: [GC (Allocation Failure) [PSYoungGen: 64832K->288K(65536K)] 98750K->34206K(420864K), 0.0025992 secs] [Times: user=0.01 sys=0.00, real=0.00 secs] 
2019-01-02T13:57:23.271+0900: 161689.770: [GC (Allocation Failure) [PSYoungGen: 64800K->384K(65536K)] 98718K->34302K(420864K), 0.0032887 secs] [Times: user=0.01 sys=0.00, real=0.01 secs] 
2019-01-02T13:58:10.806+0900: 161737.305: [GC (Allocation Failure) [PSYoungGen: 64896K->608K(65536K)] 98814K->34526K(420864K), 0.0031846 secs] [Times: user=0.01 sys=0.01, real=0.00 secs] 
2019-01-02T13:59:06.969+0900: 161793.468: [GC (Allocation Failure) [PSYoungGen: 65120K->384K(65536K)] 99038K->34302K(420864K), 0.0031016 secs] [Times: user=0.01 sys=0.00, real=0.00 secs] 
2019-01-02T14:00:00.711+0900: 161847.210: [GC (Allocation Failure) [PSYoungGen: 64896K->416K(65536K)] 98814K->34334K(420864K), 0.0029172 secs] [Times: user=0.02 sys=0.00, real=0.01 secs] 
2019-01-02T14:00:49.446+0900: 161895.945: [GC (Allocation Failure) [PSYoungGen: 64928K->672K(65536K)] 98846K->34590K(420864K), 0.0031740 secs] [Times: user=0.01 sys=0.00, real=0.00 secs] 
2019-01-02T14:01:40.620+0900: 161947.119: [GC (Allocation Failure) [PSYoungGen: 65184K->544K(65536K)] 99102K->34462K(420864K), 0.0031955 secs] [Times: user=0.01 sys=0.00, real=0.00 secs] 
2019-01-02T14:02:22.997+0900: 161989.496: [GC (Allocation Failure) [PSYoungGen: 65056K->832K(65536K)] 98974K->34750K(420864K), 0.0034243 secs] [Times: user=0.01 sys=0.00, real=0.00 secs] 
2019-01-02T14:02:56.958+0900: 162023.457: [GC (Allocation Failure) [PSYoungGen: 65344K->960K(65536K)] 99262K->34902K(420864K), 0.0037127 secs] [Times: user=0.01 sys=0.00, real=0.00 secs] 
2019-01-02T14:03:51.081+0900: 162077.580: [GC (Allocation Failure) [PSYoungGen: 65472K->384K(65536K)] 99414K->34326K(420864K), 0.0028808 secs] [Times: user=0.01 sys=0.00, real=0.01 secs] 
2019-01-02T14:04:45.191+0900: 162131.690: [GC (Allocation Failure) [PSYoungGen: 64896K->416K(65536K)] 98838K->34358K(420864K), 0.0031441 secs] [Times: user=0.01 sys=0.00, real=0.01 secs] 
2019-01-02T14:05:36.985+0900: 162183.484: [GC (Allocation Failure) [PSYoungGen: 64928K->512K(65536K)] 98870K->34454K(420864K), 0.0032901 secs] [Times: user=0.01 sys=0.00, real=0.00 secs] 
2019-01-02T14:06:28.701+0900: 162235.200: [GC (Allocation Failure) [PSYoungGen: 65024K->448K(65536K)] 98966K->34390K(420864K), 0.0035234 secs] [Times: user=0.01 sys=0.00, real=0.01 secs] 
2019-01-02T14:07:26.623+0900: 162293.122: [GC (Allocation Failure) [PSYoungGen: 64960K->320K(65536K)] 98902K->34262K(420864K), 0.0030998 secs] [Times: user=0.01 sys=0.00, real=0.01 secs] 
2019-01-02T14:08:09.062+0900: 162335.561: [GC (Allocation Failure) [PSYoungGen: 64832K->672K(65536K)] 98774K->34614K(420864K), 0.0032992 secs] [Times: user=0.01 sys=0.00, real=0.01 secs] 
2019-01-02T14:09:06.322+0900: 162392.821: [GC (Allocation Failure) [PSYoungGen: 65184K->352K(65536K)] 99126K->34294K(420864K), 0.0030677 secs] [Times: user=0.01 sys=0.00, real=0.01 secs] 
2019-01-02T14:10:00.536+0900: 162447.035: [GC (Allocation Failure) [PSYoungGen: 64864K->448K(65536K)] 98806K->34390K(420864K), 0.0033260 secs] [Times: user=0.01 sys=0.00, real=0.00 secs] 
2019-01-02T14:10:53.289+0900: 162499.788: [GC (Allocation Failure) [PSYoungGen: 64960K->416K(65536K)] 98902K->34358K(420864K), 0.0030257 secs] [Times: user=0.01 sys=0.00, real=0.00 secs] 
2019-01-02T14:11:46.045+0900: 162552.544: [GC (Allocation Failure) [PSYoungGen: 64928K->448K(65536K)] 98870K->34398K(420864K), 0.0034358 secs] [Times: user=0.01 sys=0.00, real=0.00 secs] 
2019-01-02T14:12:43.690+0900: 162610.190: [GC (Allocation Failure) [PSYoungGen: 64960K->320K(65536K)] 98910K->34270K(420864K), 0.0025588 secs] [Times: user=0.01 sys=0.00, real=0.00 secs] 
2019-01-02T14:13:41.420+0900: 162667.919: [GC (Allocation Failure) [PSYoungGen: 64832K->352K(65536K)] 98782K->34302K(420864K), 0.0030196 secs] [Times: user=0.01 sys=0.00, real=0.00 secs] 
2019-01-02T14:14:33.047+0900: 162719.546: [GC (Allocation Failure) [PSYoungGen: 64864K->512K(65536K)] 98814K->34462K(420864K), 0.0031038 secs] [Times: user=0.01 sys=0.00, real=0.00 secs] 
2019-01-02T14:15:30.850+0900: 162777.349: [GC (Allocation Failure) [PSYoungGen: 65024K->384K(65536K)] 98974K->34334K(420864K), 0.0024411 secs] [Times: user=0.02 sys=0.00, real=0.00 secs] 
2019-01-02T14:16:24.472+0900: 162830.971: [GC (Allocation Failure) [PSYoungGen: 64896K->352K(65536K)] 98846K->34318K(420864K), 0.0030838 secs] [Times: user=0.01 sys=0.01, real=0.01 secs] 
2019-01-02T14:17:22.410+0900: 162888.909: [GC (Allocation Failure) [PSYoungGen: 64864K->384K(65536K)] 98830K->34374K(420864K), 0.0026615 secs] [Times: user=0.02 sys=0.00, real=0.00 secs] 
2019-01-02T14:18:20.358+0900: 162946.857: [GC (Allocation Failure) [PSYoungGen: 64896K->320K(65536K)] 98886K->34310K(420864K), 0.0029021 secs] [Times: user=0.01 sys=0.00, real=0.00 secs] 
2019-01-02T14:19:13.786+0900: 163000.285: [GC (Allocation Failure) [PSYoungGen: 64832K->448K(65536K)] 98822K->34438K(420864K), 0.0032248 secs] [Times: user=0.01 sys=0.00, real=0.00 secs] 
2019-01-02T14:20:09.940+0900: 163056.439: [GC (Allocation Failure) [PSYoungGen: 64960K->320K(65536K)] 98950K->34310K(420864K), 0.0026214 secs] [Times: user=0.01 sys=0.00, real=0.00 secs] 
2019-01-02T14:21:04.155+0900: 163110.654: [GC (Allocation Failure) [PSYoungGen: 64832K->288K(65536K)] 98822K->34278K(420864K), 0.0030363 secs] [Times: user=0.01 sys=0.00, real=0.00 secs] 
2019-01-02T14:21:58.138+0900: 163164.637: [GC (Allocation Failure) [PSYoungGen: 64800K->480K(65536K)] 98790K->34486K(420864K), 0.0030868 secs] [Times: user=0.01 sys=0.00, real=0.00 secs] 
2019-01-02T14:22:50.226+0900: 163216.725: [GC (Allocation Failure) [PSYoungGen: 64992K->512K(65536K)] 98998K->34518K(420864K), 0.0031272 secs] [Times: user=0.01 sys=0.00, real=0.00 secs] 
2019-01-02T14:23:40.571+0900: 163267.070: [GC (Allocation Failure) [PSYoungGen: 65024K->544K(65536K)] 99030K->34550K(420864K), 0.0032272 secs] [Times: user=0.01 sys=0.00, real=0.01 secs] 
2019-01-02T14:24:26.032+0900: 163312.531: [GC (Allocation Failure) [PSYoungGen: 65056K->640K(65536K)] 99062K->34646K(420864K), 0.0034813 secs] [Times: user=0.01 sys=0.00, real=0.01 secs] 
2019-01-02T14:25:20.377+0900: 163366.876: [GC (Allocation Failure) [PSYoungGen: 65152K->448K(65536K)] 99158K->34454K(420864K), 0.0031013 secs] [Times: user=0.01 sys=0.00, real=0.00 secs] 
2019-01-02T14:26:13.835+0900: 163420.334: [GC (Allocation Failure) [PSYoungGen: 64960K->512K(65536K)] 98966K->34518K(420864K), 0.0031812 secs] [Times: user=0.01 sys=0.00, real=0.00 secs] 
2019-01-02T14:27:07.613+0900: 163474.112: [GC (Allocation Failure) [PSYoungGen: 65024K->416K(65536K)] 99030K->34422K(420864K), 0.0028327 secs] [Times: user=0.01 sys=0.00, real=0.01 secs] 
2019-01-02T14:27:59.820+0900: 163526.319: [GC (Allocation Failure) [PSYoungGen: 64928K->448K(65536K)] 98934K->34454K(420864K), 0.0031485 secs] [Times: user=0.01 sys=0.00, real=0.00 secs] 
2019-01-02T14:28:55.819+0900: 163582.318: [GC (Allocation Failure) [PSYoungGen: 64960K->416K(65536K)] 98966K->34422K(420864K), 0.0027307 secs] [Times: user=0.01 sys=0.00, real=0.00 secs] 
2019-01-02T14:29:53.522+0900: 163640.021: [GC (Allocation Failure) [PSYoungGen: 64928K->256K(65536K)] 98934K->34262K(420864K), 0.0029313 secs] [Times: user=0.01 sys=0.00, real=0.01 secs] 
2019-01-02T14:30:47.480+0900: 163693.979: [GC (Allocation Failure) [PSYoungGen: 64768K->480K(65536K)] 98774K->34486K(420864K), 0.0029398 secs] [Times: user=0.02 sys=0.00, real=0.00 secs] 
2019-01-02T14:31:41.696+0900: 163748.195: [GC (Allocation Failure) [PSYoungGen: 64992K->416K(65536K)] 98998K->34422K(420864K), 0.0031931 secs] [Times: user=0.01 sys=0.00, real=0.00 secs] 
2019-01-02T14:32:30.327+0900: 163796.826: [GC (Allocation Failure) [PSYoungGen: 64928K->576K(65536K)] 98934K->34582K(420864K), 0.0028829 secs] [Times: user=0.01 sys=0.00, real=0.00 secs] 
2019-01-02T14:33:04.005+0900: 163830.504: [GC (Allocation Failure) [PSYoungGen: 65088K->960K(65536K)] 99094K->34974K(420864K), 0.0035054 secs] [Times: user=0.02 sys=0.00, real=0.00 secs] 
2019-01-02T14:33:59.546+0900: 163886.045: [GC (Allocation Failure) [PSYoungGen: 65472K->384K(65536K)] 99486K->34398K(420864K), 0.0031800 secs] [Times: user=0.01 sys=0.00, real=0.00 secs] 
2019-01-02T14:34:55.017+0900: 163941.516: [GC (Allocation Failure) [PSYoungGen: 64896K->352K(65536K)] 98910K->34366K(420864K), 0.0030854 secs] [Times: user=0.01 sys=0.00, real=0.00 secs] 
2019-01-02T14:35:50.892+0900: 163997.391: [GC (Allocation Failure) [PSYoungGen: 64864K->320K(65536K)] 98878K->34342K(420864K), 0.0029928 secs] [Times: user=0.01 sys=0.00, real=0.01 secs] 
2019-01-02T14:36:49.055+0900: 164055.554: [GC (Allocation Failure) [PSYoungGen: 64832K->352K(65536K)] 98854K->34374K(420864K), 0.0030280 secs] [Times: user=0.00 sys=0.01, real=0.00 secs] 
2019-01-02T14:37:39.941+0900: 164106.441: [GC (Allocation Failure) [PSYoungGen: 64864K->512K(65536K)] 98886K->34534K(420864K), 0.0032540 secs] [Times: user=0.01 sys=0.00, real=0.01 secs] 
2019-01-02T14:38:25.239+0900: 164151.738: [GC (Allocation Failure) [PSYoungGen: 65024K->640K(65536K)] 99046K->34662K(420864K), 0.0038156 secs] [Times: user=0.01 sys=0.00, real=0.00 secs] 
2019-01-02T14:39:20.853+0900: 164207.352: [GC (Allocation Failure) [PSYoungGen: 65152K->320K(65536K)] 99174K->34342K(420864K), 0.0026600 secs] [Times: user=0.01 sys=0.00, real=0.01 secs] 
2019-01-02T14:40:09.397+0900: 164255.896: [GC (Allocation Failure) [PSYoungGen: 64832K->544K(65536K)] 98854K->34566K(420864K), 0.0029887 secs] [Times: user=0.00 sys=0.00, real=0.00 secs] 
2019-01-02T14:41:01.051+0900: 164307.550: [GC (Allocation Failure) [PSYoungGen: 65056K->512K(65536K)] 99078K->34534K(420864K), 0.0029039 secs] [Times: user=0.01 sys=0.00, real=0.01 secs] 
2019-01-02T14:41:52.911+0900: 164359.410: [GC (Allocation Failure) [PSYoungGen: 65024K->576K(65536K)] 99046K->34598K(420864K), 0.0028747 secs] [Times: user=0.01 sys=0.00, real=0.01 secs] 
2019-01-02T14:42:41.243+0900: 164407.742: [GC (Allocation Failure) [PSYoungGen: 65088K->512K(65536K)] 99110K->34534K(420864K), 0.0029715 secs] [Times: user=0.01 sys=0.00, real=0.01 secs] 
2019-01-02T14:43:30.656+0900: 164457.155: [GC (Allocation Failure) [PSYoungGen: 65024K->512K(65536K)] 99046K->34534K(420864K), 0.0034658 secs] [Times: user=0.01 sys=0.00, real=0.00 secs] 
2019-01-02T14:44:22.862+0900: 164509.361: [GC (Allocation Failure) [PSYoungGen: 65024K->384K(65536K)] 99046K->34406K(420864K), 0.0035941 secs] [Times: user=0.01 sys=0.01, real=0.01 secs] 
2019-01-02T14:45:14.872+0900: 164561.371: [GC (Allocation Failure) [PSYoungGen: 64896K->512K(65536K)] 98918K->34534K(420864K), 0.0032873 secs] [Times: user=0.02 sys=0.00, real=0.01 secs] 
2019-01-02T14:46:10.520+0900: 164617.019: [GC (Allocation Failure) [PSYoungGen: 65024K->416K(65536K)] 99046K->34470K(420864K), 0.0029944 secs] [Times: user=0.01 sys=0.00, real=0.00 secs] 
2019-01-02T14:47:02.373+0900: 164668.872: [GC (Allocation Failure) [PSYoungGen: 64928K->512K(65536K)] 98982K->34566K(420864K), 0.0029212 secs] [Times: user=0.01 sys=0.00, real=0.01 secs] 
2019-01-02T14:47:59.997+0900: 164726.497: [GC (Allocation Failure) [PSYoungGen: 65024K->384K(65536K)] 99078K->34438K(420864K), 0.0028771 secs] [Times: user=0.01 sys=0.00, real=0.00 secs] 
2019-01-02T14:48:54.078+0900: 164780.577: [GC (Allocation Failure) [PSYoungGen: 64896K->480K(65536K)] 98950K->34534K(420864K), 0.0031543 secs] [Times: user=0.01 sys=0.00, real=0.00 secs] 
2019-01-02T14:49:44.128+0900: 164830.627: [GC (Allocation Failure) [PSYoungGen: 64992K->576K(65536K)] 99046K->34630K(420864K), 0.0033122 secs] [Times: user=0.01 sys=0.00, real=0.00 secs] 
2019-01-02T14:50:32.324+0900: 164878.823: [GC (Allocation Failure) [PSYoungGen: 65088K->480K(65536K)] 99142K->34542K(420864K), 0.0031657 secs] [Times: user=0.01 sys=0.00, real=0.00 secs] 
2019-01-02T14:51:24.068+0900: 164930.567: [GC (Allocation Failure) [PSYoungGen: 64992K->448K(65536K)] 99054K->34510K(420864K), 0.0031927 secs] [Times: user=0.01 sys=0.00, real=0.00 secs] 
2019-01-02T14:52:07.984+0900: 164974.483: [GC (Allocation Failure) [PSYoungGen: 64960K->704K(65536K)] 99022K->34766K(420864K), 0.0031398 secs] [Times: user=0.01 sys=0.00, real=0.00 secs] 
2019-01-02T14:52:58.034+0900: 165024.533: [GC (Allocation Failure) [PSYoungGen: 65163K->512K(65536K)] 99226K->34574K(420864K), 0.0033926 secs] [Times: user=0.01 sys=0.00, real=0.00 secs] 
2019-01-02T14:53:49.452+0900: 165075.951: [GC (Allocation Failure) [PSYoungGen: 65024K->480K(65536K)] 99086K->34542K(420864K), 0.0034968 secs] [Times: user=0.01 sys=0.00, real=0.01 secs] 
2019-01-02T14:54:41.321+0900: 165127.820: [GC (Allocation Failure) [PSYoungGen: 64992K->416K(65536K)] 99054K->34478K(420864K), 0.0029164 secs] [Times: user=0.01 sys=0.00, real=0.01 secs] 
2019-01-02T14:55:30.826+0900: 165177.325: [GC (Allocation Failure) [PSYoungGen: 64928K->544K(65536K)] 98990K->34614K(420864K), 0.0033860 secs] [Times: user=0.01 sys=0.00, real=0.00 secs] 
2019-01-02T14:56:28.591+0900: 165235.090: [GC (Allocation Failure) [PSYoungGen: 65056K->352K(65536K)] 99126K->34422K(420864K), 0.0031115 secs] [Times: user=0.01 sys=0.00, real=0.01 secs] 
2019-01-02T14:57:22.442+0900: 165288.941: [GC (Allocation Failure) [PSYoungGen: 64864K->480K(65536K)] 98934K->34550K(420864K), 0.0029543 secs] [Times: user=0.02 sys=0.00, real=0.01 secs] 
2019-01-02T14:58:14.189+0900: 165340.688: [GC (Allocation Failure) [PSYoungGen: 64992K->512K(65536K)] 99062K->34582K(420864K), 0.0033172 secs] [Times: user=0.01 sys=0.00, real=0.00 secs] 
2019-01-02T14:59:07.989+0900: 165394.488: [GC (Allocation Failure) [PSYoungGen: 65024K->448K(65536K)] 99094K->34518K(420864K), 0.0030887 secs] [Times: user=0.02 sys=0.00, real=0.00 secs] 
2019-01-02T14:59:54.721+0900: 165441.220: [GC (Allocation Failure) [PSYoungGen: 64960K->608K(65536K)] 99030K->34678K(420864K), 0.0033167 secs] [Times: user=0.02 sys=0.00, real=0.01 secs] 
2019-01-02T15:00:51.706+0900: 165498.205: [GC (Allocation Failure) [PSYoungGen: 65120K->384K(65536K)] 99190K->34454K(420864K), 0.0028885 secs] [Times: user=0.01 sys=0.00, real=0.00 secs] 
2019-01-02T15:01:41.755+0900: 165548.254: [GC (Allocation Failure) [PSYoungGen: 64896K->512K(65536K)] 98966K->34582K(420864K), 0.0030789 secs] [Times: user=0.02 sys=0.00, real=0.00 secs] 
2019-01-02T15:02:30.478+0900: 165596.977: [GC (Allocation Failure) [PSYoungGen: 65024K->608K(65536K)] 99094K->34678K(420864K), 0.0032336 secs] [Times: user=0.01 sys=0.00, real=0.00 secs] 
2019-01-02T15:03:09.254+0900: 165635.753: [GC (Allocation Failure) [PSYoungGen: 65120K->768K(65536K)] 99190K->34838K(420864K), 0.0033356 secs] [Times: user=0.01 sys=0.00, real=0.00 secs] 
2019-01-02T15:04:02.766+0900: 165689.265: [GC (Allocation Failure) [PSYoungGen: 65280K->384K(65536K)] 99350K->34462K(420864K), 0.0032408 secs] [Times: user=0.01 sys=0.00, real=0.00 secs] 
2019-01-02T15:04:56.812+0900: 165743.311: [GC (Allocation Failure) [PSYoungGen: 64896K->480K(65536K)] 98974K->34558K(420864K), 0.0030810 secs] [Times: user=0.01 sys=0.00, real=0.01 secs] 
2019-01-02T15:05:54.240+0900: 165800.739: [GC (Allocation Failure) [PSYoungGen: 64992K->288K(65536K)] 99070K->34366K(420864K), 0.0029659 secs] [Times: user=0.01 sys=0.00, real=0.00 secs] 
2019-01-02T15:06:52.267+0900: 165858.766: [GC (Allocation Failure) [PSYoungGen: 64800K->384K(65536K)] 98878K->34478K(420864K), 0.0028884 secs] [Times: user=0.01 sys=0.00, real=0.00 secs] 
2019-01-02T15:07:41.562+0900: 165908.061: [GC (Allocation Failure) [PSYoungGen: 64896K->480K(65536K)] 98990K->34574K(420864K), 0.0028112 secs] [Times: user=0.01 sys=0.00, real=0.01 secs] 
2019-01-02T15:08:24.045+0900: 165950.544: [GC (Allocation Failure) [PSYoungGen: 64992K->672K(65536K)] 99086K->34766K(420864K), 0.0033927 secs] [Times: user=0.01 sys=0.01, real=0.00 secs] 
2019-01-02T15:09:17.491+0900: 166003.990: [GC (Allocation Failure) [PSYoungGen: 65184K->352K(65536K)] 99278K->34446K(420864K), 0.0032053 secs] [Times: user=0.00 sys=0.00, real=0.01 secs] 
2019-01-02T15:10:05.084+0900: 166051.583: [GC (Allocation Failure) [PSYoungGen: 64864K->576K(65536K)] 98958K->34670K(420864K), 0.0032873 secs] [Times: user=0.01 sys=0.00, real=0.00 secs] 
2019-01-02T15:10:53.219+0900: 166099.718: [GC (Allocation Failure) [PSYoungGen: 65088K->576K(65536K)] 99182K->34678K(420864K), 0.0032775 secs] [Times: user=0.01 sys=0.00, real=0.00 secs] 
2019-01-02T15:11:47.210+0900: 166153.709: [GC (Allocation Failure) [PSYoungGen: 65088K->416K(65536K)] 99190K->34518K(420864K), 0.0031873 secs] [Times: user=0.01 sys=0.00, real=0.00 secs] 
2019-01-02T15:12:39.608+0900: 166206.107: [GC (Allocation Failure) [PSYoungGen: 64911K->512K(65536K)] 99014K->34614K(420864K), 0.0034957 secs] [Times: user=0.01 sys=0.01, real=0.00 secs] 
2019-01-02T15:13:34.243+0900: 166260.742: [GC (Allocation Failure) [PSYoungGen: 65024K->320K(65536K)] 99126K->34422K(420864K), 0.0028377 secs] [Times: user=0.01 sys=0.00, real=0.01 secs] 
2019-01-02T15:14:20.429+0900: 166306.928: [GC (Allocation Failure) [PSYoungGen: 64832K->608K(65536K)] 98934K->34710K(420864K), 0.0034437 secs] [Times: user=0.02 sys=0.00, real=0.00 secs] 
2019-01-02T15:15:10.499+0900: 166356.998: [GC (Allocation Failure) [PSYoungGen: 65120K->480K(65536K)] 99222K->34582K(420864K), 0.0029698 secs] [Times: user=0.00 sys=0.00, real=0.00 secs] 
2019-01-02T15:16:08.609+0900: 166415.108: [GC (Allocation Failure) [PSYoungGen: 64992K->256K(65536K)] 99094K->34366K(420864K), 0.0029976 secs] [Times: user=0.01 sys=0.00, real=0.00 secs] 
2019-01-02T15:16:56.527+0900: 166463.026: [GC (Allocation Failure) [PSYoungGen: 64768K->512K(65536K)] 98878K->34622K(420864K), 0.0030459 secs] [Times: user=0.01 sys=0.00, real=0.00 secs] 
2019-01-02T15:17:42.064+0900: 166508.563: [GC (Allocation Failure) [PSYoungGen: 65024K->640K(65536K)] 99134K->34766K(420864K), 0.0030411 secs] [Times: user=0.00 sys=0.01, real=0.00 secs] 
2019-01-02T15:18:34.195+0900: 166560.694: [GC (Allocation Failure) [PSYoungGen: 65152K->384K(65536K)] 99278K->34510K(420864K), 0.0027911 secs] [Times: user=0.01 sys=0.00, real=0.00 secs] 
2019-01-02T15:19:24.385+0900: 166610.884: [GC (Allocation Failure) [PSYoungGen: 64896K->544K(65536K)] 99022K->34670K(420864K), 0.0031544 secs] [Times: user=0.01 sys=0.00, real=0.00 secs] 
2019-01-02T15:20:17.714+0900: 166664.213: [GC (Allocation Failure) [PSYoungGen: 65056K->480K(65536K)] 99182K->34614K(420864K), 0.0038628 secs] [Times: user=0.02 sys=0.00, real=0.00 secs] 
2019-01-02T15:21:15.858+0900: 166722.357: [GC (Allocation Failure) [PSYoungGen: 64992K->288K(65536K)] 99126K->34430K(420864K), 0.0031111 secs] [Times: user=0.01 sys=0.00, real=0.00 secs] 
2019-01-02T15:22:09.891+0900: 166776.390: [GC (Allocation Failure) [PSYoungGen: 64800K->512K(65536K)] 98942K->34654K(420864K), 0.0030040 secs] [Times: user=0.01 sys=0.00, real=0.01 secs] 
2019-01-02T15:22:59.903+0900: 166826.402: [GC (Allocation Failure) [PSYoungGen: 65024K->512K(65536K)] 99166K->34654K(420864K), 0.0029054 secs] [Times: user=0.01 sys=0.00, real=0.01 secs] 
2019-01-02T15:23:50.257+0900: 166876.756: [GC (Allocation Failure) [PSYoungGen: 65024K->544K(65536K)] 99166K->34686K(420864K), 0.0032401 secs] [Times: user=0.01 sys=0.00, real=0.00 secs] 
2019-01-02T15:24:40.401+0900: 166926.900: [GC (Allocation Failure) [PSYoungGen: 64979K->544K(65536K)] 99121K->34686K(420864K), 0.0028755 secs] [Times: user=0.02 sys=0.00, real=0.01 secs] 
2019-01-02T15:25:29.527+0900: 166976.026: [GC (Allocation Failure) [PSYoungGen: 65056K->576K(65536K)] 99198K->34718K(420864K), 0.0029357 secs] [Times: user=0.01 sys=0.00, real=0.00 secs] 
2019-01-02T15:26:19.187+0900: 167025.687: [GC (Allocation Failure) [PSYoungGen: 65088K->480K(65536K)] 99230K->34622K(420864K), 0.0033887 secs] [Times: user=0.01 sys=0.00, real=0.00 secs] 
2019-01-02T15:27:05.495+0900: 167071.994: [GC (Allocation Failure) [PSYoungGen: 64992K->640K(65536K)] 99134K->34782K(420864K), 0.0033714 secs] [Times: user=0.00 sys=0.01, real=0.00 secs] 
2019-01-02T15:27:55.491+0900: 167121.990: [GC (Allocation Failure) [PSYoungGen: 65152K->576K(65536K)] 99294K->34718K(420864K), 0.0032066 secs] [Times: user=0.02 sys=0.00, real=0.01 secs] 
2019-01-02T15:28:42.232+0900: 167168.731: [GC (Allocation Failure) [PSYoungGen: 65088K->640K(65536K)] 99230K->34782K(420864K), 0.0033442 secs] [Times: user=0.02 sys=0.00, real=0.01 secs] 
2019-01-02T15:29:39.232+0900: 167225.731: [GC (Allocation Failure) [PSYoungGen: 65152K->384K(65536K)] 99294K->34526K(420864K), 0.0030189 secs] [Times: user=0.00 sys=0.01, real=0.01 secs] 
2019-01-02T15:30:29.643+0900: 167276.142: [GC (Allocation Failure) [PSYoungGen: 64896K->480K(65536K)] 99038K->34630K(420864K), 0.0033122 secs] [Times: user=0.01 sys=0.00, real=0.01 secs] 
2019-01-02T15:31:15.301+0900: 167321.800: [GC (Allocation Failure) [PSYoungGen: 64992K->544K(65536K)] 99142K->34694K(420864K), 0.0033344 secs] [Times: user=0.01 sys=0.00, real=0.01 secs] 
2019-01-02T15:32:09.581+0900: 167376.080: [GC (Allocation Failure) [PSYoungGen: 65056K->352K(65536K)] 99206K->34502K(420864K), 0.0031215 secs] [Times: user=0.01 sys=0.00, real=0.01 secs] 
2019-01-02T15:32:43.894+0900: 167410.393: [GC (Allocation Failure) [PSYoungGen: 64864K->896K(65536K)] 99014K->35046K(420864K), 0.0037399 secs] [Times: user=0.00 sys=0.01, real=0.00 secs] 
2019-01-02T15:33:41.654+0900: 167468.153: [GC (Allocation Failure) [PSYoungGen: 65408K->384K(65536K)] 99558K->34534K(420864K), 0.0029811 secs] [Times: user=0.01 sys=0.00, real=0.00 secs] 
2019-01-02T15:34:35.257+0900: 167521.756: [GC (Allocation Failure) [PSYoungGen: 64896K->448K(65536K)] 99046K->34614K(420864K), 0.0027282 secs] [Times: user=0.01 sys=0.00, real=0.00 secs] 
2019-01-02T15:35:32.637+0900: 167579.136: [GC (Allocation Failure) [PSYoungGen: 64960K->384K(65536K)] 99126K->34550K(420864K), 0.0031838 secs] [Times: user=0.01 sys=0.00, real=0.00 secs] 
2019-01-02T15:36:26.513+0900: 167633.012: [GC (Allocation Failure) [PSYoungGen: 64896K->416K(65536K)] 99062K->34582K(420864K), 0.0031224 secs] [Times: user=0.01 sys=0.00, real=0.01 secs] 
2019-01-02T15:37:10.694+0900: 167677.194: [GC (Allocation Failure) [PSYoungGen: 64928K->672K(65536K)] 99094K->34838K(420864K), 0.0031848 secs] [Times: user=0.01 sys=0.00, real=0.00 secs] 
2019-01-02T15:37:52.294+0900: 167718.794: [GC (Allocation Failure) [PSYoungGen: 65184K->672K(65536K)] 99350K->34838K(420864K), 0.0033675 secs] [Times: user=0.01 sys=0.00, real=0.00 secs] 
2019-01-02T15:38:44.135+0900: 167770.634: [GC (Allocation Failure) [PSYoungGen: 65184K->448K(65536K)] 99350K->34622K(420864K), 0.0030543 secs] [Times: user=0.00 sys=0.00, real=0.00 secs] 
2019-01-02T15:39:42.299+0900: 167828.798: [GC (Allocation Failure) [PSYoungGen: 64960K->352K(65536K)] 99134K->34526K(420864K), 0.0027294 secs] [Times: user=0.01 sys=0.00, real=0.00 secs] 
2019-01-02T15:40:39.701+0900: 167886.200: [GC (Allocation Failure) [PSYoungGen: 64864K->224K(65536K)] 99038K->34398K(420864K), 0.0031788 secs] [Times: user=0.01 sys=0.00, real=0.01 secs] 
2019-01-02T15:41:35.753+0900: 167942.252: [GC (Allocation Failure) [PSYoungGen: 64736K->352K(65536K)] 98910K->34526K(420864K), 0.0032088 secs] [Times: user=0.00 sys=0.01, real=0.01 secs] 
2019-01-02T15:42:31.485+0900: 167997.984: [GC (Allocation Failure) [PSYoungGen: 64864K->352K(65536K)] 99038K->34526K(420864K), 0.0030278 secs] [Times: user=0.01 sys=0.00, real=0.00 secs] 
2019-01-02T15:43:25.256+0900: 168051.755: [GC (Allocation Failure) [PSYoungGen: 64864K->480K(65536K)] 99038K->34654K(420864K), 0.0032877 secs] [Times: user=0.01 sys=0.00, real=0.00 secs] 
2019-01-02T15:44:21.407+0900: 168107.906: [GC (Allocation Failure) [PSYoungGen: 64992K->384K(65536K)] 99166K->34558K(420864K), 0.0029017 secs] [Times: user=0.00 sys=0.01, real=0.00 secs] 
2019-01-02T15:45:16.701+0900: 168163.200: [GC (Allocation Failure) [PSYoungGen: 64896K->384K(65536K)] 99070K->34558K(420864K), 0.0030311 secs] [Times: user=0.00 sys=0.00, real=0.01 secs] 
2019-01-02T15:46:10.893+0900: 168217.392: [GC (Allocation Failure) [PSYoungGen: 64896K->320K(65536K)] 99070K->34502K(420864K), 0.0031893 secs] [Times: user=0.00 sys=0.01, real=0.01 secs] 
2019-01-02T15:47:06.936+0900: 168273.435: [GC (Allocation Failure) [PSYoungGen: 64832K->320K(65536K)] 99014K->34502K(420864K), 0.0032641 secs] [Times: user=0.01 sys=0.00, real=0.00 secs] 
2019-01-02T15:47:58.605+0900: 168325.104: [GC (Allocation Failure) [PSYoungGen: 64832K->448K(65536K)] 99014K->34630K(420864K), 0.0031446 secs] [Times: user=0.00 sys=0.01, real=0.00 secs] 
2019-01-02T15:48:50.417+0900: 168376.916: [GC (Allocation Failure) [PSYoungGen: 64960K->416K(65536K)] 99142K->34598K(420864K), 0.0028182 secs] [Times: user=0.00 sys=0.01, real=0.00 secs] 
2019-01-02T15:49:43.633+0900: 168430.132: [GC (Allocation Failure) [PSYoungGen: 64817K->512K(65536K)] 98999K->34694K(420864K), 0.0030916 secs] [Times: user=0.00 sys=0.01, real=0.01 secs] 
2019-01-02T15:50:35.806+0900: 168482.305: [GC (Allocation Failure) [PSYoungGen: 65024K->512K(65536K)] 99206K->34694K(420864K), 0.0031140 secs] [Times: user=0.00 sys=0.01, real=0.00 secs] 
2019-01-02T15:51:33.140+0900: 168539.639: [GC (Allocation Failure) [PSYoungGen: 65024K->320K(65536K)] 99206K->34510K(420864K), 0.0029705 secs] [Times: user=0.01 sys=0.00, real=0.00 secs] 
2019-01-02T15:52:26.883+0900: 168593.382: [GC (Allocation Failure) [PSYoungGen: 64832K->480K(65536K)] 99022K->34670K(420864K), 0.0032210 secs] [Times: user=0.00 sys=0.01, real=0.01 secs] 
2019-01-02T15:53:24.539+0900: 168651.038: [GC (Allocation Failure) [PSYoungGen: 64992K->288K(65536K)] 99182K->34478K(420864K), 0.0026981 secs] [Times: user=0.01 sys=0.00, real=0.00 secs] 
2019-01-02T15:54:22.350+0900: 168708.849: [GC (Allocation Failure) [PSYoungGen: 64800K->384K(65536K)] 98990K->34574K(420864K), 0.0029082 secs] [Times: user=0.01 sys=0.00, real=0.00 secs] 
2019-01-02T15:55:16.918+0900: 168763.417: [GC (Allocation Failure) [PSYoungGen: 64869K->416K(65536K)] 99060K->34606K(420864K), 0.0026891 secs] [Times: user=0.00 sys=0.01, real=0.00 secs] 
2019-01-02T15:56:13.683+0900: 168820.182: [GC (Allocation Failure) [PSYoungGen: 64928K->416K(65536K)] 99118K->34614K(420864K), 0.0029338 secs] [Times: user=0.00 sys=0.01, real=0.01 secs] 
2019-01-02T15:57:11.130+0900: 168877.629: [GC (Allocation Failure) [PSYoungGen: 64928K->352K(65536K)] 99126K->34550K(420864K), 0.0029486 secs] [Times: user=0.01 sys=0.00, real=0.00 secs] 
2019-01-02T15:58:08.763+0900: 168935.262: [GC (Allocation Failure) [PSYoungGen: 64864K->320K(65536K)] 99062K->34518K(420864K), 0.0025795 secs] [Times: user=0.01 sys=0.00, real=0.01 secs] 
2019-01-02T15:59:02.863+0900: 168989.362: [GC (Allocation Failure) [PSYoungGen: 64832K->416K(65536K)] 99030K->34614K(420864K), 0.0032572 secs] [Times: user=0.01 sys=0.00, real=0.01 secs] 
2019-01-02T15:59:58.710+0900: 169045.209: [GC (Allocation Failure) [PSYoungGen: 64928K->352K(65536K)] 99126K->34550K(420864K), 0.0028283 secs] [Times: user=0.01 sys=0.00, real=0.00 secs] 
2019-01-02T16:00:54.447+0900: 169100.946: [GC (Allocation Failure) [PSYoungGen: 64864K->384K(65536K)] 99062K->34582K(420864K), 0.0027865 secs] [Times: user=0.00 sys=0.00, real=0.00 secs] 
2019-01-02T16:01:46.516+0900: 169153.015: [GC (Allocation Failure) [PSYoungGen: 64896K->416K(65536K)] 99094K->34614K(420864K), 0.0032976 secs] [Times: user=0.02 sys=0.00, real=0.00 secs] 
2019-01-02T16:02:34.503+0900: 169201.002: [GC (Allocation Failure) [PSYoungGen: 64864K->608K(65536K)] 99062K->34822K(420864K), 0.0033405 secs] [Times: user=0.01 sys=0.00, real=0.01 secs] 
2019-01-02T16:03:15.865+0900: 169242.364: [GC (Allocation Failure) [PSYoungGen: 65120K->800K(65536K)] 99334K->35014K(420864K), 0.0032750 secs] [Times: user=0.00 sys=0.01, real=0.00 secs] 
2019-01-02T16:04:12.938+0900: 169299.437: [GC (Allocation Failure) [PSYoungGen: 65312K->416K(65536K)] 99526K->34630K(420864K), 0.0028684 secs] [Times: user=0.02 sys=0.00, real=0.00 secs] 
2019-01-02T16:04:59.361+0900: 169345.860: [GC (Allocation Failure) [PSYoungGen: 64928K->576K(65536K)] 99142K->34790K(420864K), 0.0030576 secs] [Times: user=0.02 sys=0.00, real=0.01 secs] 
2019-01-02T16:05:53.218+0900: 169399.717: [GC (Allocation Failure) [PSYoungGen: 65088K->448K(65536K)] 99302K->34662K(420864K), 0.0029883 secs] [Times: user=0.01 sys=0.00, real=0.00 secs] 
2019-01-02T16:06:46.687+0900: 169453.186: [GC (Allocation Failure) [PSYoungGen: 64960K->416K(65536K)] 99174K->34630K(420864K), 0.0033179 secs] [Times: user=0.00 sys=0.01, real=0.00 secs] 
2019-01-02T16:07:37.755+0900: 169504.254: [GC (Allocation Failure) [PSYoungGen: 64928K->640K(65536K)] 99142K->34854K(420864K), 0.0031048 secs] [Times: user=0.01 sys=0.00, real=0.00 secs] 
2019-01-02T16:08:16.052+0900: 169542.551: [GC (Allocation Failure) [PSYoungGen: 65152K->832K(65536K)] 99366K->35046K(420864K), 0.0035461 secs] [Times: user=0.01 sys=0.00, real=0.01 secs] 
2019-01-02T16:09:07.339+0900: 169593.838: [GC (Allocation Failure) [PSYoungGen: 65344K->512K(65536K)] 99558K->34726K(420864K), 0.0031070 secs] [Times: user=0.01 sys=0.00, real=0.00 secs] 
2019-01-02T16:09:59.711+0900: 169646.210: [GC (Allocation Failure) [PSYoungGen: 65024K->512K(65536K)] 99238K->34726K(420864K), 0.0032343 secs] [Times: user=0.01 sys=0.00, real=0.01 secs] 
2019-01-02T16:10:49.643+0900: 169696.142: [GC (Allocation Failure) [PSYoungGen: 65024K->480K(65536K)] 99238K->34694K(420864K), 0.0033074 secs] [Times: user=0.00 sys=0.01, real=0.01 secs] 
2019-01-02T16:11:47.550+0900: 169754.049: [GC (Allocation Failure) [PSYoungGen: 64992K->384K(65536K)] 99206K->34598K(420864K), 0.0028738 secs] [Times: user=0.01 sys=0.00, real=0.00 secs] 
2019-01-02T16:12:37.670+0900: 169804.170: [GC (Allocation Failure) [PSYoungGen: 64896K->544K(65536K)] 99110K->34758K(420864K), 0.0032430 secs] [Times: user=0.01 sys=0.00, real=0.01 secs] 
2019-01-02T16:13:27.612+0900: 169854.111: [GC (Allocation Failure) [PSYoungGen: 65056K->480K(65536K)] 99270K->34694K(420864K), 0.0032931 secs] [Times: user=0.01 sys=0.00, real=0.01 secs] 
2019-01-02T16:14:23.546+0900: 169910.045: [GC (Allocation Failure) [PSYoungGen: 64992K->288K(65536K)] 99206K->34502K(420864K), 0.0030435 secs] [Times: user=0.01 sys=0.00, real=0.00 secs] 
2019-01-02T16:15:19.609+0900: 169966.108: [GC (Allocation Failure) [PSYoungGen: 64800K->384K(65536K)] 99014K->34606K(420864K), 0.0029828 secs] [Times: user=0.00 sys=0.01, real=0.00 secs] 
2019-01-02T16:16:16.992+0900: 170023.491: [GC (Allocation Failure) [PSYoungGen: 64896K->384K(65536K)] 99118K->34614K(420864K), 0.0031517 secs] [Times: user=0.01 sys=0.00, real=0.01 secs] 
2019-01-02T16:17:10.934+0900: 170077.433: [GC (Allocation Failure) [PSYoungGen: 64896K->416K(65536K)] 99126K->34646K(420864K), 0.0027161 secs] [Times: user=0.02 sys=0.00, real=0.00 secs] 
2019-01-02T16:18:08.662+0900: 170135.161: [GC (Allocation Failure) [PSYoungGen: 64928K->384K(65536K)] 99158K->34614K(420864K), 0.0030920 secs] [Times: user=0.01 sys=0.01, real=0.01 secs] 
2019-01-02T16:19:02.644+0900: 170189.143: [GC (Allocation Failure) [PSYoungGen: 64896K->448K(65536K)] 99126K->34678K(420864K), 0.0031236 secs] [Times: user=0.00 sys=0.02, real=0.00 secs] 
2019-01-02T16:19:50.347+0900: 170236.847: [GC (Allocation Failure) [PSYoungGen: 64960K->608K(65536K)] 99190K->34838K(420864K), 0.0036151 secs] [Times: user=0.01 sys=0.00, real=0.00 secs] 
2019-01-02T16:20:40.342+0900: 170286.841: [GC (Allocation Failure) [PSYoungGen: 65120K->576K(65536K)] 99350K->34806K(420864K), 0.0031314 secs] [Times: user=0.01 sys=0.00, real=0.01 secs] 
2019-01-02T16:21:36.180+0900: 170342.679: [GC (Allocation Failure) [PSYoungGen: 65088K->416K(65536K)] 99318K->34646K(420864K), 0.0031219 secs] [Times: user=0.00 sys=0.01, real=0.00 secs] 
2019-01-02T16:22:27.522+0900: 170394.021: [GC (Allocation Failure) [PSYoungGen: 64928K->512K(65536K)] 99158K->34742K(420864K), 0.0032708 secs] [Times: user=0.00 sys=0.01, real=0.01 secs] 
2019-01-02T16:23:09.615+0900: 170436.114: [GC (Allocation Failure) [PSYoungGen: 65024K->672K(65536K)] 99254K->34902K(420864K), 0.0031263 secs] [Times: user=0.01 sys=0.01, real=0.00 secs] 
2019-01-02T16:24:07.413+0900: 170493.912: [GC (Allocation Failure) [PSYoungGen: 65184K->352K(65536K)] 99414K->34582K(420864K), 0.0031655 secs] [Times: user=0.00 sys=0.01, real=0.01 secs] 
2019-01-02T16:24:59.189+0900: 170545.688: [GC (Allocation Failure) [PSYoungGen: 64864K->480K(65536K)] 99094K->34710K(420864K), 0.0027047 secs] [Times: user=0.02 sys=0.00, real=0.00 secs] 
2019-01-02T16:25:52.328+0900: 170598.827: [GC (Allocation Failure) [PSYoungGen: 64992K->480K(65536K)] 99222K->34710K(420864K), 0.0035405 secs] [Times: user=0.01 sys=0.00, real=0.00 secs] 
2019-01-02T16:26:34.521+0900: 170641.020: [GC (Allocation Failure) [PSYoungGen: 64992K->672K(65536K)] 99222K->34902K(420864K), 0.0034707 secs] [Times: user=0.01 sys=0.00, real=0.01 secs] 
2019-01-02T16:27:30.244+0900: 170696.743: [GC (Allocation Failure) [PSYoungGen: 65184K->384K(65536K)] 99414K->34614K(420864K), 0.0029107 secs] [Times: user=0.00 sys=0.01, real=0.00 secs] 
2019-01-02T16:28:24.349+0900: 170750.848: [GC (Allocation Failure) [PSYoungGen: 64896K->448K(65536K)] 99126K->34678K(420864K), 0.0031521 secs] [Times: user=0.00 sys=0.01, real=0.00 secs] 
2019-01-02T16:29:18.122+0900: 170804.621: [GC (Allocation Failure) [PSYoungGen: 64960K->416K(65536K)] 99190K->34646K(420864K), 0.0030798 secs] [Times: user=0.01 sys=0.00, real=0.01 secs] 
2019-01-02T16:30:10.331+0900: 170856.830: [GC (Allocation Failure) [PSYoungGen: 64928K->480K(65536K)] 99158K->34710K(420864K), 0.0029746 secs] [Times: user=0.01 sys=0.00, real=0.01 secs] 
2019-01-02T16:31:06.044+0900: 170912.543: [GC (Allocation Failure) [PSYoungGen: 64992K->416K(65536K)] 99222K->34646K(420864K), 0.0031116 secs] [Times: user=0.01 sys=0.00, real=0.01 secs] 
2019-01-02T16:31:52.022+0900: 170958.521: [GC (Allocation Failure) [PSYoungGen: 64928K->672K(65536K)] 99158K->34918K(420864K), 0.0032783 secs] [Times: user=0.02 sys=0.00, real=0.01 secs] 
2019-01-02T16:32:36.196+0900: 171002.695: [GC (Allocation Failure) [PSYoungGen: 65184K->608K(65536K)] 99430K->34854K(420864K), 0.0033982 secs] [Times: user=0.00 sys=0.00, real=0.00 secs] 
2019-01-02T16:33:20.371+0900: 171046.870: [GC (Allocation Failure) [PSYoungGen: 65120K->704K(65536K)] 99366K->34950K(420864K), 0.0033861 secs] [Times: user=0.01 sys=0.00, real=0.01 secs] 
2019-01-02T16:34:12.095+0900: 171098.594: [GC (Allocation Failure) [PSYoungGen: 65216K->448K(65536K)] 99462K->34694K(420864K), 0.0033067 secs] [Times: user=0.01 sys=0.00, real=0.00 secs] 
2019-01-02T16:35:07.800+0900: 171154.299: [GC (Allocation Failure) [PSYoungGen: 64960K->384K(65536K)] 99206K->34630K(420864K), 0.0032368 secs] [Times: user=0.01 sys=0.01, real=0.01 secs] 
2019-01-02T16:35:59.414+0900: 171205.913: [GC (Allocation Failure) [PSYoungGen: 64896K->512K(65536K)] 99142K->34758K(420864K), 0.0030730 secs] [Times: user=0.01 sys=0.00, real=0.00 secs] 
2019-01-02T16:36:51.209+0900: 171257.708: [GC (Allocation Failure) [PSYoungGen: 65024K->448K(65536K)] 99270K->34694K(420864K), 0.0030910 secs] [Times: user=0.00 sys=0.01, real=0.00 secs] 
2019-01-02T16:37:49.022+0900: 171315.521: [GC (Allocation Failure) [PSYoungGen: 64960K->320K(65536K)] 99206K->34566K(420864K), 0.0029483 secs] [Times: user=0.02 sys=0.00, real=0.01 secs] 
2019-01-02T16:38:34.794+0900: 171361.293: [GC (Allocation Failure) [PSYoungGen: 64832K->640K(65536K)] 99078K->34886K(420864K), 0.0033954 secs] [Times: user=0.01 sys=0.00, real=0.01 secs] 
2019-01-02T16:39:28.803+0900: 171415.302: [GC (Allocation Failure) [PSYoungGen: 65152K->416K(65536K)] 99398K->34662K(420864K), 0.0031428 secs] [Times: user=0.00 sys=0.01, real=0.01 secs] 
2019-01-02T16:40:20.022+0900: 171466.521: [GC (Allocation Failure) [PSYoungGen: 64928K->512K(65536K)] 99174K->34758K(420864K), 0.0030984 secs] [Times: user=0.02 sys=0.00, real=0.01 secs] 
2019-01-02T16:41:16.146+0900: 171522.646: [GC (Allocation Failure) [PSYoungGen: 65024K->416K(65536K)] 99270K->34662K(420864K), 0.0025748 secs] [Times: user=0.01 sys=0.00, real=0.00 secs] 
2019-01-02T16:42:14.280+0900: 171580.779: [GC (Allocation Failure) [PSYoungGen: 64928K->288K(65536K)] 99174K->34534K(420864K), 0.0028902 secs] [Times: user=0.01 sys=0.00, real=0.00 secs] 
2019-01-02T16:43:11.688+0900: 171638.187: [GC (Allocation Failure) [PSYoungGen: 64800K->352K(65536K)] 99046K->34598K(420864K), 0.0028891 secs] [Times: user=0.02 sys=0.00, real=0.00 secs] 
2019-01-02T16:44:03.896+0900: 171690.395: [GC (Allocation Failure) [PSYoungGen: 64864K->512K(65536K)] 99110K->34758K(420864K), 0.0030114 secs] [Times: user=0.00 sys=0.01, real=0.00 secs] 
2019-01-02T16:44:59.735+0900: 171746.234: [GC (Allocation Failure) [PSYoungGen: 65024K->352K(65536K)] 99270K->34606K(420864K), 0.0026329 secs] [Times: user=0.01 sys=0.00, real=0.00 secs] 
2019-01-02T16:45:49.313+0900: 171795.812: [GC (Allocation Failure) [PSYoungGen: 64864K->512K(65536K)] 99118K->34774K(420864K), 0.0034497 secs] [Times: user=0.01 sys=0.01, real=0.01 secs] 
2019-01-02T16:46:41.520+0900: 171848.019: [GC (Allocation Failure) [PSYoungGen: 65024K->448K(65536K)] 99286K->34710K(420864K), 0.0030943 secs] [Times: user=0.01 sys=0.00, real=0.00 secs] 
2019-01-02T16:47:37.695+0900: 171904.194: [GC (Allocation Failure) [PSYoungGen: 64960K->384K(65536K)] 99222K->34646K(420864K), 0.0030162 secs] [Times: user=0.01 sys=0.00, real=0.00 secs] 
2019-01-02T16:48:32.956+0900: 171959.455: [GC (Allocation Failure) [PSYoungGen: 64896K->352K(65536K)] 99158K->34614K(420864K), 0.0027257 secs] [Times: user=0.00 sys=0.01, real=0.00 secs] 
2019-01-02T16:49:30.855+0900: 172017.354: [GC (Allocation Failure) [PSYoungGen: 64864K->288K(65536K)] 99126K->34550K(420864K), 0.0030161 secs] [Times: user=0.01 sys=0.01, real=0.00 secs] 
2019-01-02T16:50:28.689+0900: 172075.188: [GC (Allocation Failure) [PSYoungGen: 64800K->288K(65536K)] 99062K->34550K(420864K), 0.0029227 secs] [Times: user=0.01 sys=0.00, real=0.00 secs] 
2019-01-02T16:51:26.645+0900: 172133.144: [GC (Allocation Failure) [PSYoungGen: 64800K->288K(65536K)] 99062K->34550K(420864K), 0.0027149 secs] [Times: user=0.02 sys=0.00, real=0.00 secs] 
2019-01-02T16:52:18.851+0900: 172185.351: [GC (Allocation Failure) [PSYoungGen: 64800K->480K(65536K)] 99062K->34750K(420864K), 0.0035226 secs] [Times: user=0.01 sys=0.00, real=0.01 secs] 
2019-01-02T16:53:16.531+0900: 172243.030: [GC (Allocation Failure) [PSYoungGen: 64992K->384K(65536K)] 99262K->34654K(420864K), 0.0024680 secs] [Times: user=0.01 sys=0.00, real=0.01 secs] 
2019-01-02T16:54:14.312+0900: 172300.811: [GC (Allocation Failure) [PSYoungGen: 64896K->384K(65536K)] 99166K->34662K(420864K), 0.0030632 secs] [Times: user=0.01 sys=0.00, real=0.01 secs] 
2019-01-02T16:55:12.513+0900: 172359.012: [GC (Allocation Failure) [PSYoungGen: 64896K->384K(65536K)] 99174K->34662K(420864K), 0.0027897 secs] [Times: user=0.00 sys=0.01, real=0.01 secs] 
2019-01-02T16:56:08.340+0900: 172414.839: [GC (Allocation Failure) [PSYoungGen: 64896K->384K(65536K)] 99174K->34662K(420864K), 0.0026390 secs] [Times: user=0.01 sys=0.00, real=0.00 secs] 
2019-01-02T16:57:06.135+0900: 172472.634: [GC (Allocation Failure) [PSYoungGen: 64896K->320K(65536K)] 99174K->34598K(420864K), 0.0029828 secs] [Times: user=0.02 sys=0.00, real=0.00 secs] 
2019-01-02T16:58:00.194+0900: 172526.693: [GC (Allocation Failure) [PSYoungGen: 64832K->416K(65536K)] 99110K->34694K(420864K), 0.0027596 secs] [Times: user=0.02 sys=0.00, real=0.00 secs] 
2019-01-02T16:58:54.077+0900: 172580.576: [GC (Allocation Failure) [PSYoungGen: 64928K->448K(65536K)] 99206K->34726K(420864K), 0.0033588 secs] [Times: user=0.01 sys=0.01, real=0.00 secs] 
2019-01-02T16:59:49.638+0900: 172636.137: [GC (Allocation Failure) [PSYoungGen: 64960K->384K(65536K)] 99238K->34662K(420864K), 0.0030475 secs] [Times: user=0.00 sys=0.01, real=0.00 secs] 
2019-01-02T17:00:41.835+0900: 172688.334: [GC (Allocation Failure) [PSYoungGen: 64896K->480K(65536K)] 99174K->34774K(420864K), 0.0028424 secs] [Times: user=0.00 sys=0.01, real=0.00 secs] 
2019-01-02T17:01:35.600+0900: 172742.099: [GC (Allocation Failure) [PSYoungGen: 64992K->448K(65536K)] 99286K->34750K(420864K), 0.0032890 secs] [Times: user=0.01 sys=0.00, real=0.00 secs] 
2019-01-02T17:02:32.006+0900: 172798.505: [GC (Allocation Failure) [PSYoungGen: 64960K->352K(65536K)] 99262K->34654K(420864K), 0.0032520 secs] [Times: user=0.02 sys=0.00, real=0.00 secs] 
2019-01-02T17:03:07.140+0900: 172833.639: [GC (Allocation Failure) [PSYoungGen: 64864K->864K(65536K)] 99166K->35166K(420864K), 0.0035147 secs] [Times: user=0.01 sys=0.00, real=0.00 secs] 
2019-01-02T17:04:00.907+0900: 172887.406: [GC (Allocation Failure) [PSYoungGen: 65376K->448K(65536K)] 99678K->34750K(420864K), 0.0031046 secs] [Times: user=0.01 sys=0.00, real=0.00 secs] 
2019-01-02T17:04:58.745+0900: 172945.244: [GC (Allocation Failure) [PSYoungGen: 64960K->384K(65536K)] 99262K->34686K(420864K), 0.0029199 secs] [Times: user=0.00 sys=0.01, real=0.00 secs] 
2019-01-02T17:05:52.067+0900: 172998.566: [GC (Allocation Failure) [PSYoungGen: 64896K->448K(65536K)] 99198K->34750K(420864K), 0.0029215 secs] [Times: user=0.00 sys=0.01, real=0.00 secs] 
2019-01-02T17:06:50.366+0900: 173056.865: [GC (Allocation Failure) [PSYoungGen: 64960K->384K(65536K)] 99262K->34686K(420864K), 0.0028541 secs] [Times: user=0.00 sys=0.01, real=0.00 secs] 
2019-01-02T17:07:44.057+0900: 173110.556: [GC (Allocation Failure) [PSYoungGen: 64896K->384K(65536K)] 99198K->34686K(420864K), 0.0031874 secs] [Times: user=0.01 sys=0.00, real=0.00 secs] 
2019-01-02T17:08:34.228+0900: 173160.727: [GC (Allocation Failure) [PSYoungGen: 64804K->480K(65536K)] 99106K->34782K(420864K), 0.0029583 secs] [Times: user=0.01 sys=0.00, real=0.00 secs] 
2019-01-02T17:09:18.073+0900: 173204.572: [GC (Allocation Failure) [PSYoungGen: 64992K->640K(65536K)] 99294K->34942K(420864K), 0.0032272 secs] [Times: user=0.01 sys=0.00, real=0.01 secs] 
2019-01-02T17:10:13.324+0900: 173259.823: [GC (Allocation Failure) [PSYoungGen: 65152K->352K(65536K)] 99454K->34654K(420864K), 0.0043283 secs] [Times: user=0.02 sys=0.00, real=0.00 secs] 
2019-01-02T17:11:07.563+0900: 173314.062: [GC (Allocation Failure) [PSYoungGen: 64864K->384K(65536K)] 99166K->34686K(420864K), 0.0029063 secs] [Times: user=0.00 sys=0.01, real=0.01 secs] 
2019-01-02T17:12:05.695+0900: 173372.194: [GC (Allocation Failure) [PSYoungGen: 64896K->288K(65536K)] 99198K->34590K(420864K), 0.0027689 secs] [Times: user=0.00 sys=0.01, real=0.00 secs] 
2019-01-02T17:12:59.155+0900: 173425.654: [GC (Allocation Failure) [PSYoungGen: 64800K->480K(65536K)] 99102K->34782K(420864K), 0.0031794 secs] [Times: user=0.01 sys=0.00, real=0.00 secs] 
2019-01-02T17:13:49.112+0900: 173475.611: [GC (Allocation Failure) [PSYoungGen: 64992K->544K(65536K)] 99294K->34846K(420864K), 0.0033257 secs] [Times: user=0.01 sys=0.00, real=0.01 secs] 
2019-01-02T17:14:43.045+0900: 173529.544: [GC (Allocation Failure) [PSYoungGen: 65056K->416K(65536K)] 99358K->34718K(420864K), 0.0028372 secs] [Times: user=0.02 sys=0.00, real=0.00 secs] 
2019-01-02T17:15:41.159+0900: 173587.658: [GC (Allocation Failure) [PSYoungGen: 64928K->352K(65536K)] 99230K->34654K(420864K), 0.0029815 secs] [Times: user=0.00 sys=0.01, real=0.00 secs] 
2019-01-02T17:16:34.990+0900: 173641.489: [GC (Allocation Failure) [PSYoungGen: 64864K->448K(65536K)] 99166K->34758K(420864K), 0.0028850 secs] [Times: user=0.00 sys=0.01, real=0.00 secs] 
2019-01-02T17:17:25.230+0900: 173691.729: [GC (Allocation Failure) [PSYoungGen: 64960K->448K(65536K)] 99270K->34758K(420864K), 0.0029243 secs] [Times: user=0.02 sys=0.00, real=0.00 secs] 
2019-01-02T17:18:18.376+0900: 173744.875: [GC (Allocation Failure) [PSYoungGen: 64960K->384K(65536K)] 99270K->34694K(420864K), 0.0031836 secs] [Times: user=0.01 sys=0.00, real=0.00 secs] 
2019-01-02T17:19:12.450+0900: 173798.949: [GC (Allocation Failure) [PSYoungGen: 64896K->384K(65536K)] 99206K->34694K(420864K), 0.0032627 secs] [Times: user=0.02 sys=0.00, real=0.00 secs] 
2019-01-02T17:20:04.915+0900: 173851.414: [GC (Allocation Failure) [PSYoungGen: 64896K->544K(65536K)] 99206K->34854K(420864K), 0.0031876 secs] [Times: user=0.01 sys=0.00, real=0.00 secs] 
2019-01-02T17:20:55.864+0900: 173902.363: [GC (Allocation Failure) [PSYoungGen: 65056K->512K(65536K)] 99366K->34822K(420864K), 0.0032884 secs] [Times: user=0.01 sys=0.00, real=0.00 secs] 
2019-01-02T17:21:53.758+0900: 173960.257: [GC (Allocation Failure) [PSYoungGen: 65024K->384K(65536K)] 99334K->34694K(420864K), 0.0026012 secs] [Times: user=0.00 sys=0.01, real=0.00 secs] 
2019-01-02T17:22:51.301+0900: 174017.800: [GC (Allocation Failure) [PSYoungGen: 64896K->320K(65536K)] 99206K->34646K(420864K), 0.0036235 secs] [Times: user=0.01 sys=0.00, real=0.01 secs] 
2019-01-02T17:23:49.531+0900: 174076.030: [GC (Allocation Failure) [PSYoungGen: 64832K->352K(65536K)] 99158K->34678K(420864K), 0.0029390 secs] [Times: user=0.01 sys=0.00, real=0.01 secs] 
2019-01-02T17:24:41.332+0900: 174127.831: [GC (Allocation Failure) [PSYoungGen: 64864K->480K(65536K)] 99190K->34806K(420864K), 0.0032711 secs] [Times: user=0.00 sys=0.01, real=0.01 secs] 
2019-01-02T17:25:35.046+0900: 174181.545: [GC (Allocation Failure) [PSYoungGen: 64992K->480K(65536K)] 99318K->34806K(420864K), 0.0028621 secs] [Times: user=0.01 sys=0.00, real=0.00 secs] 
2019-01-02T17:26:26.418+0900: 174232.917: [GC (Allocation Failure) [PSYoungGen: 64992K->512K(65536K)] 99318K->34838K(420864K), 0.0029013 secs] [Times: user=0.01 sys=0.00, real=0.00 secs] 
2019-01-02T17:27:17.554+0900: 174284.053: [GC (Allocation Failure) [PSYoungGen: 65024K->480K(65536K)] 99350K->34814K(420864K), 0.0033251 secs] [Times: user=0.02 sys=0.00, real=0.00 secs] 
2019-01-02T17:28:08.740+0900: 174335.239: [GC (Allocation Failure) [PSYoungGen: 64992K->480K(65536K)] 99326K->34814K(420864K), 0.0032215 secs] [Times: user=0.01 sys=0.00, real=0.00 secs] 
2019-01-02T17:29:04.827+0900: 174391.326: [GC (Allocation Failure) [PSYoungGen: 64992K->384K(65536K)] 99326K->34718K(420864K), 0.0028463 secs] [Times: user=0.01 sys=0.00, real=0.00 secs] 
2019-01-02T17:29:59.040+0900: 174445.539: [GC (Allocation Failure) [PSYoungGen: 64896K->448K(65536K)] 99230K->34782K(420864K), 0.0029085 secs] [Times: user=0.01 sys=0.00, real=0.00 secs] 
2019-01-02T17:30:55.034+0900: 174501.533: [GC (Allocation Failure) [PSYoungGen: 64960K->320K(65536K)] 99294K->34654K(420864K), 0.0031199 secs] [Times: user=0.01 sys=0.00, real=0.00 secs] 
2019-01-02T17:31:46.793+0900: 174553.292: [GC (Allocation Failure) [PSYoungGen: 64828K->544K(65536K)] 99162K->34878K(420864K), 0.0026912 secs] [Times: user=0.00 sys=0.01, real=0.01 secs] 
2019-01-02T17:32:28.245+0900: 174594.744: [GC (Allocation Failure) [PSYoungGen: 65056K->736K(65536K)] 99390K->35070K(420864K), 0.0038139 secs] [Times: user=0.01 sys=0.00, real=0.00 secs] 
2019-01-02T17:32:59.937+0900: 174626.436: [GC (Allocation Failure) [PSYoungGen: 65248K->960K(65536K)] 99582K->35294K(420864K), 0.0034513 secs] [Times: user=0.01 sys=0.00, real=0.00 secs] 
2019-01-02T17:33:49.955+0900: 174676.454: [GC (Allocation Failure) [PSYoungGen: 65472K->448K(65536K)] 99806K->34782K(420864K), 0.0032244 secs] [Times: user=0.01 sys=0.01, real=0.00 secs] 
2019-01-02T17:34:48.184+0900: 174734.683: [GC (Allocation Failure) [PSYoungGen: 64960K->352K(65536K)] 99294K->34686K(420864K), 0.0028490 secs] [Times: user=0.00 sys=0.01, real=0.00 secs] 
2019-01-02T17:35:45.446+0900: 174791.945: [GC (Allocation Failure) [PSYoungGen: 64864K->352K(65536K)] 99198K->34686K(420864K), 0.0031973 secs] [Times: user=0.01 sys=0.00, real=0.00 secs] 
2019-01-02T17:36:37.621+0900: 174844.120: [GC (Allocation Failure) [PSYoungGen: 64864K->480K(65536K)] 99198K->34814K(420864K), 0.0045919 secs] [Times: user=0.03 sys=0.00, real=0.01 secs] 
2019-01-02T17:37:35.236+0900: 174901.735: [GC (Allocation Failure) [PSYoungGen: 64992K->320K(65536K)] 99326K->34654K(420864K), 0.0031349 secs] [Times: user=0.00 sys=0.01, real=0.00 secs] 
2019-01-02T17:38:33.082+0900: 174959.581: [GC (Allocation Failure) [PSYoungGen: 64832K->384K(65536K)] 99166K->34718K(420864K), 0.0028614 secs] [Times: user=0.00 sys=0.01, real=0.01 secs] 
2019-01-02T17:39:19.030+0900: 175005.529: [GC (Allocation Failure) [PSYoungGen: 64896K->512K(65536K)] 99230K->34846K(420864K), 0.0032965 secs] [Times: user=0.00 sys=0.01, real=0.00 secs] 
2019-01-02T17:40:08.461+0900: 175054.960: [GC (Allocation Failure) [PSYoungGen: 65024K->512K(65536K)] 99358K->34846K(420864K), 0.0036823 secs] [Times: user=0.01 sys=0.00, real=0.01 secs] 
2019-01-02T17:41:06.692+0900: 175113.191: [GC (Allocation Failure) [PSYoungGen: 65024K->352K(65536K)] 99358K->34686K(420864K), 0.0032217 secs] [Times: user=0.01 sys=0.00, real=0.01 secs] 
2019-01-02T17:42:04.725+0900: 175171.224: [GC (Allocation Failure) [PSYoungGen: 64864K->288K(65536K)] 99198K->34622K(420864K), 0.0029776 secs] [Times: user=0.01 sys=0.00, real=0.00 secs] 
2019-01-02T17:42:56.162+0900: 175222.661: [GC (Allocation Failure) [PSYoungGen: 64800K->448K(65536K)] 99134K->34782K(420864K), 0.0032684 secs] [Times: user=0.01 sys=0.00, real=0.01 secs] 
2019-01-02T17:43:46.180+0900: 175272.679: [GC (Allocation Failure) [PSYoungGen: 64960K->480K(65536K)] 99294K->34814K(420864K), 0.0033630 secs] [Times: user=0.00 sys=0.00, real=0.00 secs] 
2019-01-02T17:44:43.567+0900: 175330.066: [GC (Allocation Failure) [PSYoungGen: 64992K->288K(65536K)] 99326K->34622K(420864K), 0.0027329 secs] [Times: user=0.00 sys=0.00, real=0.00 secs] 
2019-01-02T17:45:41.787+0900: 175388.286: [GC (Allocation Failure) [PSYoungGen: 64800K->352K(65536K)] 99134K->34686K(420864K), 0.0025484 secs] [Times: user=0.02 sys=0.00, real=0.00 secs] 
2019-01-02T17:46:31.840+0900: 175438.340: [GC (Allocation Failure) [PSYoungGen: 64864K->544K(65536K)] 99198K->34886K(420864K), 0.0028751 secs] [Times: user=0.01 sys=0.00, real=0.00 secs] 
2019-01-02T17:47:17.170+0900: 175483.669: [GC (Allocation Failure) [PSYoungGen: 65056K->640K(65536K)] 99398K->34982K(420864K), 0.0034617 secs] [Times: user=0.01 sys=0.00, real=0.00 secs] 
2019-01-02T17:48:11.271+0900: 175537.770: [GC (Allocation Failure) [PSYoungGen: 65152K->352K(65536K)] 99494K->34694K(420864K), 0.0030676 secs] [Times: user=0.00 sys=0.01, real=0.01 secs] 
2019-01-02T17:49:05.229+0900: 175591.728: [GC (Allocation Failure) [PSYoungGen: 64864K->416K(65536K)] 99206K->34758K(420864K), 0.0029495 secs] [Times: user=0.01 sys=0.00, real=0.00 secs] 
2019-01-02T17:50:02.838+0900: 175649.337: [GC (Allocation Failure) [PSYoungGen: 64928K->384K(65536K)] 99270K->34726K(420864K), 0.0029207 secs] [Times: user=0.00 sys=0.01, real=0.00 secs] 
2019-01-02T17:50:56.456+0900: 175702.955: [GC (Allocation Failure) [PSYoungGen: 64896K->448K(65536K)] 99238K->34790K(420864K), 0.0029766 secs] [Times: user=0.01 sys=0.01, real=0.00 secs] 
2019-01-02T17:51:46.252+0900: 175752.751: [GC (Allocation Failure) [PSYoungGen: 64960K->544K(65536K)] 99302K->34886K(420864K), 0.0031621 secs] [Times: user=0.00 sys=0.00, real=0.01 secs] 
2019-01-02T17:52:35.761+0900: 175802.260: [GC (Allocation Failure) [PSYoungGen: 64977K->512K(65536K)] 99319K->34862K(420864K), 0.0031036 secs] [Times: user=0.01 sys=0.00, real=0.01 secs] 
2019-01-02T17:53:16.632+0900: 175843.131: [GC (Allocation Failure) [PSYoungGen: 65024K->800K(65536K)] 99374K->35150K(420864K), 0.0034466 secs] [Times: user=0.01 sys=0.00, real=0.01 secs] 
2019-01-02T17:54:08.129+0900: 175894.628: [GC (Allocation Failure) [PSYoungGen: 65312K->512K(65536K)] 99662K->34862K(420864K), 0.0032579 secs] [Times: user=0.00 sys=0.01, real=0.00 secs] 
2019-01-02T17:55:04.064+0900: 175950.563: [GC (Allocation Failure) [PSYoungGen: 65024K->320K(65536K)] 99374K->34670K(420864K), 0.0030212 secs] [Times: user=0.01 sys=0.00, real=0.00 secs] 
2019-01-02T17:55:48.271+0900: 175994.770: [GC (Allocation Failure) [PSYoungGen: 64832K->704K(65536K)] 99182K->35054K(420864K), 0.0033846 secs] [Times: user=0.01 sys=0.00, real=0.01 secs] 
2019-01-02T17:56:42.420+0900: 176048.919: [GC (Allocation Failure) [PSYoungGen: 65216K->448K(65536K)] 99566K->34798K(420864K), 0.0031207 secs] [Times: user=0.01 sys=0.01, real=0.00 secs] 
2019-01-02T17:57:29.960+0900: 176096.459: [GC (Allocation Failure) [PSYoungGen: 64960K->608K(65536K)] 99310K->34958K(420864K), 0.0033379 secs] [Times: user=0.01 sys=0.00, real=0.00 secs] 
2019-01-02T17:58:22.178+0900: 176148.677: [GC (Allocation Failure) [PSYoungGen: 65120K->576K(65536K)] 99470K->34926K(420864K), 0.0028864 secs] [Times: user=0.01 sys=0.00, real=0.00 secs] 
2019-01-02T17:59:10.051+0900: 176196.550: [GC (Allocation Failure) [PSYoungGen: 65088K->608K(65536K)] 99438K->34958K(420864K), 0.0030164 secs] [Times: user=0.01 sys=0.00, real=0.01 secs] 
2019-01-02T18:00:00.046+0900: 176246.545: [GC (Allocation Failure) [PSYoungGen: 65120K->480K(65536K)] 99470K->34830K(420864K), 0.0031991 secs] [Times: user=0.02 sys=0.00, real=0.00 secs] 
2019-01-02T18:00:40.029+0900: 176286.528: [GC (Allocation Failure) [PSYoungGen: 64992K->768K(65536K)] 99342K->35118K(420864K), 0.0032793 secs] [Times: user=0.01 sys=0.00, real=0.00 secs] 
2019-01-02T18:01:23.666+0900: 176330.165: [GC (Allocation Failure) [PSYoungGen: 65280K->704K(65536K)] 99630K->35054K(420864K), 0.0034047 secs] [Times: user=0.00 sys=0.01, real=0.00 secs] 
2019-01-02T18:02:13.839+0900: 176380.338: [GC (Allocation Failure) [PSYoungGen: 65216K->544K(65536K)] 99566K->34894K(420864K), 0.0032874 secs] [Times: user=0.02 sys=0.00, real=0.00 secs] 
2019-01-02T18:02:47.979+0900: 176414.478: [GC (Allocation Failure) [PSYoungGen: 65056K->896K(65536K)] 99406K->35246K(420864K), 0.0037397 secs] [Times: user=0.01 sys=0.00, real=0.00 secs] 
2019-01-02T18:03:45.964+0900: 176472.463: [GC (Allocation Failure) [PSYoungGen: 65408K->384K(65536K)] 99758K->34734K(420864K), 0.0028939 secs] [Times: user=0.01 sys=0.00, real=0.00 secs] 
2019-01-02T18:04:32.030+0900: 176518.529: [GC (Allocation Failure) [PSYoungGen: 64896K->640K(65536K)] 99246K->34990K(420864K), 0.0034286 secs] [Times: user=0.00 sys=0.01, real=0.01 secs] 
2019-01-02T18:05:23.556+0900: 176570.055: [GC (Allocation Failure) [PSYoungGen: 65152K->544K(65536K)] 99502K->34894K(420864K), 0.0030762 secs] [Times: user=0.00 sys=0.01, real=0.00 secs] 
2019-01-02T18:06:17.806+0900: 176624.305: [GC (Allocation Failure) [PSYoungGen: 65056K->416K(65536K)] 99406K->34766K(420864K), 0.0030382 secs] [Times: user=0.01 sys=0.00, real=0.00 secs] 
2019-01-02T18:07:06.004+0900: 176672.503: [GC (Allocation Failure) [PSYoungGen: 64928K->576K(65536K)] 99278K->34934K(420864K), 0.0036256 secs] [Times: user=0.02 sys=0.00, real=0.00 secs] 
2019-01-02T18:07:54.198+0900: 176720.697: [GC (Allocation Failure) [PSYoungGen: 65088K->544K(65536K)] 99446K->34918K(420864K), 0.0034733 secs] [Times: user=0.01 sys=0.00, real=0.00 secs] 
2019-01-02T18:08:46.272+0900: 176772.771: [GC (Allocation Failure) [PSYoungGen: 65056K->480K(65536K)] 99430K->34854K(420864K), 0.0033688 secs] [Times: user=0.01 sys=0.00, real=0.01 secs] 
2019-01-02T18:09:24.127+0900: 176810.626: [GC (Allocation Failure) [PSYoungGen: 64992K->832K(65536K)] 99366K->35206K(420864K), 0.0032624 secs] [Times: user=0.00 sys=0.01, real=0.00 secs] 
2019-01-02T18:10:13.763+0900: 176860.262: [GC (Allocation Failure) [PSYoungGen: 65344K->480K(65536K)] 99718K->34854K(420864K), 0.0031896 secs] [Times: user=0.02 sys=0.00, real=0.01 secs] 
2019-01-02T18:11:01.419+0900: 176907.918: [GC (Allocation Failure) [PSYoungGen: 64992K->512K(65536K)] 99366K->34886K(420864K), 0.0029064 secs] [Times: user=0.01 sys=0.00, real=0.00 secs] 
2019-01-02T18:11:56.842+0900: 176963.341: [GC (Allocation Failure) [PSYoungGen: 65024K->448K(65536K)] 99398K->34822K(420864K), 0.0031376 secs] [Times: user=0.01 sys=0.00, real=0.01 secs] 
2019-01-02T18:12:48.847+0900: 177015.346: [GC (Allocation Failure) [PSYoungGen: 64960K->448K(65536K)] 99334K->34822K(420864K), 0.0031982 secs] [Times: user=0.01 sys=0.00, real=0.00 secs] 
2019-01-02T18:13:24.205+0900: 177050.704: [GC (Allocation Failure) [PSYoungGen: 64960K->896K(65536K)] 99334K->35270K(420864K), 0.0036949 secs] [Times: user=0.01 sys=0.00, real=0.00 secs] 
2019-01-02T18:14:18.869+0900: 177105.368: [GC (Allocation Failure) [PSYoungGen: 65408K->416K(65536K)] 99782K->34790K(420864K), 0.0029470 secs] [Times: user=0.01 sys=0.01, real=0.00 secs] 
2019-01-02T18:15:10.619+0900: 177157.118: [GC (Allocation Failure) [PSYoungGen: 64928K->512K(65536K)] 99302K->34894K(420864K), 0.0028845 secs] [Times: user=0.00 sys=0.01, real=0.00 secs] 
2019-01-02T18:15:58.273+0900: 177204.772: [GC (Allocation Failure) [PSYoungGen: 65024K->608K(65536K)] 99406K->34990K(420864K), 0.0031968 secs] [Times: user=0.01 sys=0.00, real=0.01 secs] 
2019-01-02T18:16:50.376+0900: 177256.875: [GC (Allocation Failure) [PSYoungGen: 65120K->480K(65536K)] 99502K->34870K(420864K), 0.0031795 secs] [Times: user=0.01 sys=0.00, real=0.00 secs] 
2019-01-02T18:17:34.518+0900: 177301.017: [GC (Allocation Failure) [PSYoungGen: 64992K->608K(65536K)] 99382K->34998K(420864K), 0.0053441 secs] [Times: user=0.01 sys=0.00, real=0.00 secs] 
2019-01-02T18:18:30.511+0900: 177357.010: [GC (Allocation Failure) [PSYoungGen: 65120K->416K(65536K)] 99510K->34806K(420864K), 0.0031283 secs] [Times: user=0.00 sys=0.01, real=0.01 secs] 
2019-01-02T18:19:19.952+0900: 177406.451: [GC (Allocation Failure) [PSYoungGen: 64928K->576K(65536K)] 99318K->34966K(420864K), 0.0028262 secs] [Times: user=0.01 sys=0.00, real=0.01 secs] 
2019-01-02T18:20:18.176+0900: 177464.675: [GC (Allocation Failure) [PSYoungGen: 65088K->288K(65536K)] 99478K->34678K(420864K), 0.0026848 secs] [Times: user=0.01 sys=0.00, real=0.00 secs] 
2019-01-02T18:21:08.059+0900: 177514.558: [GC (Allocation Failure) [PSYoungGen: 64800K->480K(65536K)] 99190K->34870K(420864K), 0.0030267 secs] [Times: user=0.01 sys=0.00, real=0.00 secs] 
2019-01-02T18:21:56.038+0900: 177562.537: [GC (Allocation Failure) [PSYoungGen: 64992K->544K(65536K)] 99382K->34934K(420864K), 0.0032646 secs] [Times: user=0.01 sys=0.01, real=0.00 secs] 
2019-01-02T18:22:51.858+0900: 177618.357: [GC (Allocation Failure) [PSYoungGen: 65056K->384K(65536K)] 99446K->34774K(420864K), 0.0031353 secs] [Times: user=0.02 sys=0.00, real=0.00 secs] 
2019-01-02T18:23:40.166+0900: 177666.665: [GC (Allocation Failure) [PSYoungGen: 64896K->576K(65536K)] 99286K->34966K(420864K), 0.0029600 secs] [Times: user=0.01 sys=0.00, real=0.00 secs] 
2019-01-02T18:24:30.173+0900: 177716.672: [GC (Allocation Failure) [PSYoungGen: 65088K->544K(65536K)] 99478K->34934K(420864K), 0.0033726 secs] [Times: user=0.00 sys=0.01, real=0.01 secs] 
2019-01-02T18:25:18.467+0900: 177764.966: [GC (Allocation Failure) [PSYoungGen: 65056K->576K(65536K)] 99446K->34966K(420864K), 0.0032580 secs] [Times: user=0.01 sys=0.00, real=0.00 secs] 
2019-01-02T18:26:07.087+0900: 177813.586: [GC (Allocation Failure) [PSYoungGen: 65088K->576K(65536K)] 99478K->34966K(420864K), 0.0029554 secs] [Times: user=0.01 sys=0.00, real=0.00 secs] 
2019-01-02T18:26:57.709+0900: 177864.208: [GC (Allocation Failure) [PSYoungGen: 65088K->544K(65536K)] 99478K->34934K(420864K), 0.0033201 secs] [Times: user=0.01 sys=0.00, real=0.00 secs] 
2019-01-02T18:27:48.943+0900: 177915.442: [GC (Allocation Failure) [PSYoungGen: 65056K->544K(65536K)] 99446K->34934K(420864K), 0.0029088 secs] [Times: user=0.01 sys=0.00, real=0.01 secs] 
2019-01-02T18:28:42.330+0900: 177968.829: [GC (Allocation Failure) [PSYoungGen: 65056K->448K(65536K)] 99446K->34838K(420864K), 0.0029573 secs] [Times: user=0.01 sys=0.00, real=0.00 secs] 
2019-01-02T18:29:28.445+0900: 178014.944: [GC (Allocation Failure) [PSYoungGen: 64960K->608K(65536K)] 99350K->34998K(420864K), 0.0033882 secs] [Times: user=0.01 sys=0.00, real=0.00 secs] 
2019-01-02T18:30:22.560+0900: 178069.059: [GC (Allocation Failure) [PSYoungGen: 65120K->448K(65536K)] 99510K->34838K(420864K), 0.0027625 secs] [Times: user=0.01 sys=0.00, real=0.00 secs] 
2019-01-02T18:31:12.458+0900: 178118.957: [GC (Allocation Failure) [PSYoungGen: 64960K->512K(65536K)] 99350K->34902K(420864K), 0.0028588 secs] [Times: user=0.01 sys=0.01, real=0.00 secs] 
2019-01-02T18:31:58.376+0900: 178164.875: [GC (Allocation Failure) [PSYoungGen: 65024K->704K(65536K)] 99414K->35094K(420864K), 0.0031415 secs] [Times: user=0.01 sys=0.00, real=0.00 secs] 
2019-01-02T18:32:38.433+0900: 178204.932: [GC (Allocation Failure) [PSYoungGen: 65216K->736K(65536K)] 99606K->35126K(420864K), 0.0036953 secs] [Times: user=0.02 sys=0.00, real=0.01 secs] 
2019-01-02T18:33:20.298+0900: 178246.797: [GC (Allocation Failure) [PSYoungGen: 65248K->640K(65536K)] 99638K->35030K(420864K), 0.0035099 secs] [Times: user=0.00 sys=0.00, real=0.00 secs] 
2019-01-02T18:34:14.477+0900: 178300.977: [GC (Allocation Failure) [PSYoungGen: 65152K->480K(65536K)] 99542K->34870K(420864K), 0.0026731 secs] [Times: user=0.02 sys=0.00, real=0.00 secs] 
2019-01-02T18:35:08.312+0900: 178354.811: [GC (Allocation Failure) [PSYoungGen: 64992K->416K(65536K)] 99382K->34806K(420864K), 0.0028868 secs] [Times: user=0.00 sys=0.01, real=0.01 secs] 
2019-01-02T18:35:54.806+0900: 178401.306: [GC (Allocation Failure) [PSYoungGen: 64928K->640K(65536K)] 99318K->35030K(420864K), 0.0033303 secs] [Times: user=0.00 sys=0.01, real=0.00 secs] 
2019-01-02T18:36:43.565+0900: 178450.064: [GC (Allocation Failure) [PSYoungGen: 65152K->608K(65536K)] 99542K->34998K(420864K), 0.0032712 secs] [Times: user=0.00 sys=0.02, real=0.00 secs] 
2019-01-02T18:37:31.450+0900: 178497.949: [GC (Allocation Failure) [PSYoungGen: 65120K->608K(65536K)] 99510K->34998K(420864K), 0.0032993 secs] [Times: user=0.01 sys=0.00, real=0.01 secs] 
2019-01-02T18:38:19.455+0900: 178545.954: [GC (Allocation Failure) [PSYoungGen: 65120K->608K(65536K)] 99510K->34998K(420864K), 0.0028742 secs] [Times: user=0.00 sys=0.00, real=0.00 secs] 
2019-01-02T18:39:03.014+0900: 178589.513: [GC (Allocation Failure) [PSYoungGen: 65120K->640K(65536K)] 99510K->35030K(420864K), 0.0034675 secs] [Times: user=0.00 sys=0.01, real=0.00 secs] 
2019-01-02T18:39:47.699+0900: 178634.198: [GC (Allocation Failure) [PSYoungGen: 65140K->704K(65536K)] 99531K->35094K(420864K), 0.0033210 secs] [Times: user=0.01 sys=0.00, real=0.00 secs] 
2019-01-02T18:40:30.978+0900: 178677.477: [GC (Allocation Failure) [PSYoungGen: 65216K->704K(65536K)] 99606K->35102K(420864K), 0.0034658 secs] [Times: user=0.01 sys=0.01, real=0.00 secs] 
2019-01-02T18:41:22.377+0900: 178728.876: [GC (Allocation Failure) [PSYoungGen: 65216K->480K(65536K)] 99614K->34878K(420864K), 0.0030865 secs] [Times: user=0.02 sys=0.00, real=0.00 secs] 
2019-01-02T18:42:18.570+0900: 178785.070: [GC (Allocation Failure) [PSYoungGen: 64992K->384K(65536K)] 99390K->34782K(420864K), 0.0032411 secs] [Times: user=0.01 sys=0.00, real=0.01 secs] 
2019-01-02T18:43:15.724+0900: 178842.223: [GC (Allocation Failure) [PSYoungGen: 64896K->384K(65536K)] 99294K->34782K(420864K), 0.0029663 secs] [Times: user=0.01 sys=0.00, real=0.00 secs] 
2019-01-02T18:44:09.666+0900: 178896.165: [GC (Allocation Failure) [PSYoungGen: 64896K->416K(65536K)] 99294K->34814K(420864K), 0.0027078 secs] [Times: user=0.01 sys=0.00, real=0.00 secs] 
2019-01-02T18:44:59.638+0900: 178946.137: [GC (Allocation Failure) [PSYoungGen: 64928K->544K(65536K)] 99326K->34950K(420864K), 0.0032029 secs] [Times: user=0.01 sys=0.00, real=0.00 secs] 
2019-01-02T18:45:43.527+0900: 178990.026: [GC (Allocation Failure) [PSYoungGen: 65056K->672K(65536K)] 99462K->35086K(420864K), 0.0035708 secs] [Times: user=0.01 sys=0.01, real=0.00 secs] 
2019-01-02T18:46:27.427+0900: 179033.926: [GC (Allocation Failure) [PSYoungGen: 65184K->704K(65536K)] 99598K->35118K(420864K), 0.0033557 secs] [Times: user=0.01 sys=0.00, real=0.00 secs] 
2019-01-02T18:47:16.542+0900: 179083.041: [GC (Allocation Failure) [PSYoungGen: 65216K->608K(65536K)] 99630K->35022K(420864K), 0.0028763 secs] [Times: user=0.02 sys=0.00, real=0.01 secs] 
2019-01-02T18:48:07.633+0900: 179134.132: [GC (Allocation Failure) [PSYoungGen: 65120K->544K(65536K)] 99534K->34958K(420864K), 0.0030089 secs] [Times: user=0.02 sys=0.00, real=0.01 secs] 
2019-01-02T18:49:05.053+0900: 179191.552: [GC (Allocation Failure) [PSYoungGen: 65056K->288K(65536K)] 99470K->34702K(420864K), 0.0029696 secs] [Times: user=0.01 sys=0.00, real=0.01 secs] 
2019-01-02T18:49:59.146+0900: 179245.645: [GC (Allocation Failure) [PSYoungGen: 64800K->416K(65536K)] 99214K->34830K(420864K), 0.0030072 secs] [Times: user=0.01 sys=0.00, real=0.00 secs] 
2019-01-02T18:50:44.719+0900: 179291.218: [GC (Allocation Failure) [PSYoungGen: 64928K->512K(65536K)] 99342K->34926K(420864K), 0.0035091 secs] [Times: user=0.00 sys=0.01, real=0.00 secs] 
2019-01-02T18:51:38.077+0900: 179344.576: [GC (Allocation Failure) [PSYoungGen: 65024K->448K(65536K)] 99438K->34870K(420864K), 0.0030967 secs] [Times: user=0.01 sys=0.00, real=0.00 secs] 
2019-01-02T18:52:18.239+0900: 179384.738: [GC (Allocation Failure) [PSYoungGen: 64960K->704K(65536K)] 99382K->35126K(420864K), 0.0036803 secs] [Times: user=0.00 sys=0.01, real=0.00 secs] 
2019-01-02T18:53:06.336+0900: 179432.835: [GC (Allocation Failure) [PSYoungGen: 65216K->576K(65536K)] 99638K->34998K(420864K), 0.0033673 secs] [Times: user=0.01 sys=0.00, real=0.00 secs] 
2019-01-02T18:53:58.216+0900: 179484.715: [GC (Allocation Failure) [PSYoungGen: 65088K->480K(65536K)] 99510K->34902K(420864K), 0.0031124 secs] [Times: user=0.02 sys=0.00, real=0.00 secs] 
2019-01-02T18:54:49.040+0900: 179535.539: [GC (Allocation Failure) [PSYoungGen: 64992K->480K(65536K)] 99414K->34902K(420864K), 0.0031824 secs] [Times: user=0.00 sys=0.01, real=0.00 secs] 
2019-01-02T18:55:41.685+0900: 179588.184: [GC (Allocation Failure) [PSYoungGen: 64992K->512K(65536K)] 99414K->34934K(420864K), 0.0034068 secs] [Times: user=0.01 sys=0.00, real=0.00 secs] 
2019-01-02T18:56:35.828+0900: 179642.327: [GC (Allocation Failure) [PSYoungGen: 65024K->384K(65536K)] 99446K->34806K(420864K), 0.0033620 secs] [Times: user=0.00 sys=0.01, real=0.00 secs] 
2019-01-02T18:57:29.142+0900: 179695.641: [GC (Allocation Failure) [PSYoungGen: 64896K->352K(65536K)] 99318K->34774K(420864K), 0.0031386 secs] [Times: user=0.00 sys=0.01, real=0.01 secs] 
2019-01-02T18:58:23.254+0900: 179749.753: [GC (Allocation Failure) [PSYoungGen: 64864K->448K(65536K)] 99286K->34870K(420864K), 0.0032225 secs] [Times: user=0.01 sys=0.00, real=0.00 secs] 
2019-01-02T18:59:15.151+0900: 179801.650: [GC (Allocation Failure) [PSYoungGen: 64960K->448K(65536K)] 99382K->34870K(420864K), 0.0031784 secs] [Times: user=0.01 sys=0.00, real=0.01 secs] 
2019-01-02T19:00:04.668+0900: 179851.168: [GC (Allocation Failure) [PSYoungGen: 64960K->544K(65536K)] 99382K->34966K(420864K), 0.0035220 secs] [Times: user=0.02 sys=0.00, real=0.00 secs] 
2019-01-02T19:00:58.612+0900: 179905.111: [GC (Allocation Failure) [PSYoungGen: 65056K->416K(65536K)] 99478K->34838K(420864K), 0.0031240 secs] [Times: user=0.01 sys=0.00, real=0.01 secs] 
2019-01-02T19:01:54.212+0900: 179960.711: [GC (Allocation Failure) [PSYoungGen: 64928K->320K(65536K)] 99350K->34742K(420864K), 0.0030353 secs] [Times: user=0.02 sys=0.00, real=0.01 secs] 
2019-01-02T19:02:34.238+0900: 180000.737: [GC (Allocation Failure) [PSYoungGen: 64832K->800K(65536K)] 99254K->35222K(420864K), 0.0039311 secs] [Times: user=0.00 sys=0.01, real=0.00 secs] 
2019-01-02T19:03:20.425+0900: 180046.924: [GC (Allocation Failure) [PSYoungGen: 65312K->608K(65536K)] 99734K->35030K(420864K), 0.0034375 secs] [Times: user=0.01 sys=0.00, real=0.00 secs] 
2019-01-02T19:04:14.988+0900: 180101.487: [GC (Allocation Failure) [PSYoungGen: 65120K->480K(65536K)] 99542K->34902K(420864K), 0.0031100 secs] [Times: user=0.01 sys=0.01, real=0.00 secs] 
2019-01-02T19:05:07.872+0900: 180154.371: [GC (Allocation Failure) [PSYoungGen: 64992K->416K(65536K)] 99414K->34838K(420864K), 0.0029016 secs] [Times: user=0.01 sys=0.00, real=0.01 secs] 
2019-01-02T19:06:03.118+0900: 180209.617: [GC (Allocation Failure) [PSYoungGen: 64928K->352K(65536K)] 99350K->34774K(420864K), 0.0026162 secs] [Times: user=0.01 sys=0.01, real=0.00 secs] 
2019-01-02T19:06:51.290+0900: 180257.789: [GC (Allocation Failure) [PSYoungGen: 64864K->608K(65536K)] 99286K->35030K(420864K), 0.0033324 secs] [Times: user=0.01 sys=0.00, real=0.01 secs] 
2019-01-02T19:07:39.346+0900: 180305.845: [GC (Allocation Failure) [PSYoungGen: 65120K->576K(65536K)] 99542K->34998K(420864K), 0.0034663 secs] [Times: user=0.01 sys=0.00, real=0.00 secs] 
2019-01-02T19:08:34.694+0900: 180361.194: [GC (Allocation Failure) [PSYoungGen: 65088K->352K(65536K)] 99510K->34774K(420864K), 0.0027942 secs] [Times: user=0.01 sys=0.00, real=0.00 secs] 
2019-01-02T19:09:14.485+0900: 180400.984: [GC (Allocation Failure) [PSYoungGen: 64864K->768K(65536K)] 99286K->35190K(420864K), 0.0035754 secs] [Times: user=0.01 sys=0.01, real=0.00 secs] 
2019-01-02T19:09:56.357+0900: 180442.856: [GC (Allocation Failure) [PSYoungGen: 65280K->704K(65536K)] 99702K->35126K(420864K), 0.0033721 secs] [Times: user=0.01 sys=0.00, real=0.00 secs] 
2019-01-02T19:10:44.226+0900: 180490.725: [GC (Allocation Failure) [PSYoungGen: 65216K->608K(65536K)] 99638K->35030K(420864K), 0.0033705 secs] [Times: user=0.02 sys=0.00, real=0.00 secs] 
2019-01-02T19:11:38.230+0900: 180544.729: [GC (Allocation Failure) [PSYoungGen: 65120K->448K(65536K)] 99542K->34870K(420864K), 0.0027728 secs] [Times: user=0.00 sys=0.01, real=0.00 secs] 
2019-01-02T19:12:27.812+0900: 180594.311: [GC (Allocation Failure) [PSYoungGen: 64960K->544K(65536K)] 99382K->34966K(420864K), 0.0031490 secs] [Times: user=0.01 sys=0.00, real=0.01 secs] 
2019-01-02T19:13:17.892+0900: 180644.391: [GC (Allocation Failure) [PSYoungGen: 65056K->512K(65536K)] 99478K->34934K(420864K), 0.0032361 secs] [Times: user=0.01 sys=0.00, real=0.01 secs] 
2019-01-02T19:14:15.354+0900: 180701.853: [GC (Allocation Failure) [PSYoungGen: 65024K->352K(65536K)] 99446K->34782K(420864K), 0.0030686 secs] [Times: user=0.00 sys=0.00, real=0.00 secs] 
2019-01-02T19:15:11.352+0900: 180757.851: [GC (Allocation Failure) [PSYoungGen: 64864K->352K(65536K)] 99294K->34790K(420864K), 0.0026812 secs] [Times: user=0.01 sys=0.01, real=0.01 secs] 
2019-01-02T19:16:03.260+0900: 180809.759: [GC (Allocation Failure) [PSYoungGen: 64864K->608K(65536K)] 99302K->35054K(420864K), 0.0031353 secs] [Times: user=0.01 sys=0.00, real=0.00 secs] 
2019-01-02T19:16:51.503+0900: 180858.002: [GC (Allocation Failure) [PSYoungGen: 65105K->640K(65536K)] 99551K->35086K(420864K), 0.0034725 secs] [Times: user=0.01 sys=0.00, real=0.01 secs] 
2019-01-02T19:17:40.114+0900: 180906.613: [GC (Allocation Failure) [PSYoungGen: 65152K->608K(65536K)] 99598K->35054K(420864K), 0.0031288 secs] [Times: user=0.01 sys=0.00, real=0.01 secs] 
2019-01-02T19:18:32.137+0900: 180958.636: [GC (Allocation Failure) [PSYoungGen: 65120K->480K(65536K)] 99566K->34926K(420864K), 0.0027482 secs] [Times: user=0.01 sys=0.00, real=0.00 secs] 
2019-01-02T19:19:20.081+0900: 181006.580: [GC (Allocation Failure) [PSYoungGen: 64992K->512K(65536K)] 99438K->34958K(420864K), 0.0039636 secs] [Times: user=0.02 sys=0.00, real=0.01 secs] 
2019-01-02T19:20:06.552+0900: 181053.051: [GC (Allocation Failure) [PSYoungGen: 65024K->512K(65536K)] 99470K->34958K(420864K), 0.0031119 secs] [Times: user=0.01 sys=0.00, real=0.01 secs] 
2019-01-02T19:20:47.595+0900: 181094.094: [GC (Allocation Failure) [PSYoungGen: 65024K->768K(65536K)] 99470K->35214K(420864K), 0.0037061 secs] [Times: user=0.01 sys=0.01, real=0.00 secs] 
2019-01-02T19:21:37.398+0900: 181143.897: [GC (Allocation Failure) [PSYoungGen: 65280K->544K(65536K)] 99726K->34998K(420864K), 0.0033028 secs] [Times: user=0.01 sys=0.00, real=0.00 secs] 
2019-01-02T19:22:35.083+0900: 181201.582: [GC (Allocation Failure) [PSYoungGen: 65056K->384K(65536K)] 99510K->34838K(420864K), 0.0032336 secs] [Times: user=0.01 sys=0.00, real=0.01 secs] 
2019-01-02T19:23:24.928+0900: 181251.427: [GC (Allocation Failure) [PSYoungGen: 64896K->512K(65536K)] 99350K->34966K(420864K), 0.0034490 secs] [Times: user=0.01 sys=0.00, real=0.00 secs] 
2019-01-02T19:24:22.504+0900: 181309.003: [GC (Allocation Failure) [PSYoungGen: 65024K->352K(65536K)] 99478K->34806K(420864K), 0.0029710 secs] [Times: user=0.01 sys=0.00, real=0.00 secs] 
2019-01-02T19:25:16.423+0900: 181362.922: [GC (Allocation Failure) [PSYoungGen: 64864K->352K(65536K)] 99318K->34806K(420864K), 0.0028828 secs] [Times: user=0.01 sys=0.00, real=0.01 secs] 
2019-01-02T19:26:12.145+0900: 181418.644: [GC (Allocation Failure) [PSYoungGen: 64864K->288K(65536K)] 99318K->34742K(420864K), 0.0026986 secs] [Times: user=0.01 sys=0.00, real=0.00 secs] 
2019-01-02T19:27:00.114+0900: 181466.613: [GC (Allocation Failure) [PSYoungGen: 64800K->544K(65536K)] 99254K->34998K(420864K), 0.0032124 secs] [Times: user=0.00 sys=0.01, real=0.00 secs] 
2019-01-02T19:27:52.151+0900: 181518.650: [GC (Allocation Failure) [PSYoungGen: 65056K->416K(65536K)] 99510K->34870K(420864K), 0.0034781 secs] [Times: user=0.00 sys=0.02, real=0.01 secs] 
2019-01-02T19:28:43.470+0900: 181569.969: [GC (Allocation Failure) [PSYoungGen: 64906K->544K(65536K)] 99360K->34998K(420864K), 0.0028368 secs] [Times: user=0.01 sys=0.00, real=0.00 secs] 
2019-01-02T19:29:37.500+0900: 181623.999: [GC (Allocation Failure) [PSYoungGen: 65056K->416K(65536K)] 99510K->34870K(420864K), 0.0030089 secs] [Times: user=0.00 sys=0.02, real=0.00 secs] 
2019-01-02T19:30:28.507+0900: 181675.006: [GC (Allocation Failure) [PSYoungGen: 64845K->576K(65536K)] 99299K->35030K(420864K), 0.0027288 secs] [Times: user=0.00 sys=0.01, real=0.00 secs] 
2019-01-02T19:31:11.035+0900: 181717.534: [GC (Allocation Failure) [PSYoungGen: 65088K->768K(65536K)] 99542K->35222K(420864K), 0.0034210 secs] [Times: user=0.00 sys=0.01, real=0.00 secs] 
2019-01-02T19:31:57.195+0900: 181763.694: [GC (Allocation Failure) [PSYoungGen: 65280K->640K(65536K)] 99734K->35094K(420864K), 0.0034422 secs] [Times: user=0.01 sys=0.00, real=0.00 secs] 
2019-01-02T19:32:37.464+0900: 181803.963: [GC (Allocation Failure) [PSYoungGen: 65152K->736K(65536K)] 99606K->35190K(420864K), 0.0035979 secs] [Times: user=0.00 sys=0.01, real=0.01 secs] 
2019-01-02T19:33:11.607+0900: 181838.106: [GC (Allocation Failure) [PSYoungGen: 65248K->896K(65536K)] 99702K->35350K(420864K), 0.0034415 secs] [Times: user=0.02 sys=0.00, real=0.00 secs] 
2019-01-02T19:33:57.212+0900: 181883.711: [GC (Allocation Failure) [PSYoungGen: 65408K->544K(65536K)] 99862K->34998K(420864K), 0.0032689 secs] [Times: user=0.01 sys=0.00, real=0.01 secs] 
2019-01-02T19:34:38.954+0900: 181925.453: [GC (Allocation Failure) [PSYoungGen: 65056K->704K(65536K)] 99510K->35158K(420864K), 0.0034720 secs] [Times: user=0.01 sys=0.00, real=0.00 secs] 
2019-01-02T19:35:22.258+0900: 181968.757: [GC (Allocation Failure) [PSYoungGen: 65216K->736K(65536K)] 99670K->35198K(420864K), 0.0033788 secs] [Times: user=0.02 sys=0.00, real=0.00 secs] 
2019-01-02T19:36:13.135+0900: 182019.634: [GC (Allocation Failure) [PSYoungGen: 65248K->544K(65536K)] 99710K->35006K(420864K), 0.0028895 secs] [Times: user=0.00 sys=0.01, real=0.00 secs] 
2019-01-02T19:37:00.561+0900: 182067.060: [GC (Allocation Failure) [PSYoungGen: 65056K->608K(65536K)] 99518K->35086K(420864K), 0.0030946 secs] [Times: user=0.01 sys=0.00, real=0.01 secs] 
2019-01-02T19:37:46.824+0900: 182113.323: [GC (Allocation Failure) [PSYoungGen: 65120K->640K(65536K)] 99598K->35118K(420864K), 0.0030714 secs] [Times: user=0.01 sys=0.00, real=0.00 secs] 
2019-01-02T19:38:34.854+0900: 182161.353: [GC (Allocation Failure) [PSYoungGen: 65152K->608K(65536K)] 99630K->35086K(420864K), 0.0029124 secs] [Times: user=0.01 sys=0.01, real=0.00 secs] 
2019-01-02T19:39:14.480+0900: 182200.979: [GC (Allocation Failure) [PSYoungGen: 65120K->800K(65536K)] 99598K->35278K(420864K), 0.0036445 secs] [Times: user=0.01 sys=0.00, real=0.01 secs] 
2019-01-02T19:39:55.032+0900: 182241.531: [GC (Allocation Failure) [PSYoungGen: 65312K->800K(65536K)] 99790K->35278K(420864K), 0.0035473 secs] [Times: user=0.00 sys=0.01, real=0.01 secs] 
2019-01-02T19:40:40.771+0900: 182287.270: [GC (Allocation Failure) [PSYoungGen: 65312K->608K(65536K)] 99790K->35086K(420864K), 0.0033979 secs] [Times: user=0.02 sys=0.00, real=0.01 secs] 
2019-01-02T19:41:25.312+0900: 182331.811: [GC (Allocation Failure) [PSYoungGen: 65120K->640K(65536K)] 99598K->35118K(420864K), 0.0033933 secs] [Times: user=0.02 sys=0.00, real=0.01 secs] 
2019-01-02T19:42:17.220+0900: 182383.719: [GC (Allocation Failure) [PSYoungGen: 65152K->512K(65536K)] 99630K->34990K(420864K), 0.0029867 secs] [Times: user=0.01 sys=0.00, real=0.00 secs] 
2019-01-02T19:43:02.089+0900: 182428.588: [GC (Allocation Failure) [PSYoungGen: 65024K->640K(65536K)] 99502K->35118K(420864K), 0.0033434 secs] [Times: user=0.01 sys=0.00, real=0.00 secs] 
2019-01-02T19:43:46.627+0900: 182473.126: [GC (Allocation Failure) [PSYoungGen: 65152K->672K(65536K)] 99630K->35150K(420864K), 0.0037639 secs] [Times: user=0.01 sys=0.00, real=0.00 secs] 
2019-01-02T19:44:36.320+0900: 182522.819: [GC (Allocation Failure) [PSYoungGen: 65184K->544K(65536K)] 99662K->35030K(420864K), 0.0029458 secs] [Times: user=0.02 sys=0.00, real=0.00 secs] 
2019-01-02T19:45:17.800+0900: 182564.299: [GC (Allocation Failure) [PSYoungGen: 65056K->768K(65536K)] 99542K->35254K(420864K), 0.0035029 secs] [Times: user=0.00 sys=0.01, real=0.01 secs] 
2019-01-02T19:45:54.426+0900: 182600.925: [GC (Allocation Failure) [PSYoungGen: 65280K->832K(65536K)] 99766K->35318K(420864K), 0.0035463 secs] [Times: user=0.02 sys=0.00, real=0.00 secs] 
2019-01-02T19:46:41.700+0900: 182648.199: [GC (Allocation Failure) [PSYoungGen: 65344K->576K(65536K)] 99830K->35062K(420864K), 0.0033188 secs] [Times: user=0.01 sys=0.00, real=0.00 secs] 
2019-01-02T19:47:25.911+0900: 182692.410: [GC (Allocation Failure) [PSYoungGen: 65088K->736K(65536K)] 99574K->35222K(420864K), 0.0033618 secs] [Times: user=0.00 sys=0.02, real=0.01 secs] 
2019-01-02T19:48:13.573+0900: 182740.072: [GC (Allocation Failure) [PSYoungGen: 65248K->608K(65536K)] 99734K->35094K(420864K), 0.0029879 secs] [Times: user=0.02 sys=0.00, real=0.01 secs] 
2019-01-02T19:48:59.642+0900: 182786.141: [GC (Allocation Failure) [PSYoungGen: 65120K->608K(65536K)] 99606K->35094K(420864K), 0.0030163 secs] [Times: user=0.01 sys=0.01, real=0.01 secs] 
2019-01-02T19:49:49.529+0900: 182836.028: [GC (Allocation Failure) [PSYoungGen: 65120K->544K(65536K)] 99606K->35030K(420864K), 0.0030781 secs] [Times: user=0.01 sys=0.00, real=0.00 secs] 
2019-01-02T19:50:27.739+0900: 182874.238: [GC (Allocation Failure) [PSYoungGen: 65056K->800K(65536K)] 99542K->35294K(420864K), 0.0032631 secs] [Times: user=0.01 sys=0.00, real=0.00 secs] 
2019-01-02T19:51:13.858+0900: 182920.357: [GC (Allocation Failure) [PSYoungGen: 65312K->608K(65536K)] 99806K->35102K(420864K), 0.0034426 secs] [Times: user=0.01 sys=0.00, real=0.00 secs] 
2019-01-02T19:52:07.906+0900: 182974.405: [GC (Allocation Failure) [PSYoungGen: 65120K->480K(65536K)] 99614K->34974K(420864K), 0.0031783 secs] [Times: user=0.02 sys=0.00, real=0.00 secs] 
2019-01-02T19:52:53.485+0900: 183019.984: [GC (Allocation Failure) [PSYoungGen: 64992K->640K(65536K)] 99486K->35134K(420864K), 0.0033088 secs] [Times: user=0.02 sys=0.00, real=0.00 secs] 
2019-01-02T19:53:37.422+0900: 183063.921: [GC (Allocation Failure) [PSYoungGen: 65152K->640K(65536K)] 99646K->35134K(420864K), 0.0033588 secs] [Times: user=0.01 sys=0.00, real=0.01 secs] 
2019-01-02T19:54:23.325+0900: 183109.825: [GC (Allocation Failure) [PSYoungGen: 65152K->608K(65536K)] 99646K->35110K(420864K), 0.0034371 secs] [Times: user=0.02 sys=0.00, real=0.00 secs] 
2019-01-02T19:55:18.852+0900: 183165.351: [GC (Allocation Failure) [PSYoungGen: 65120K->352K(65536K)] 99622K->34854K(420864K), 0.0028736 secs] [Times: user=0.01 sys=0.00, real=0.01 secs] 
2019-01-02T19:56:05.157+0900: 183211.656: [GC (Allocation Failure) [PSYoungGen: 64864K->608K(65536K)] 99366K->35110K(420864K), 0.0033421 secs] [Times: user=0.01 sys=0.00, real=0.00 secs] 
2019-01-02T19:56:53.224+0900: 183259.723: [GC (Allocation Failure) [PSYoungGen: 65120K->544K(65536K)] 99622K->35046K(420864K), 0.0033707 secs] [Times: user=0.00 sys=0.00, real=0.00 secs] 
2019-01-02T19:57:45.429+0900: 183311.928: [GC (Allocation Failure) [PSYoungGen: 65056K->480K(65536K)] 99558K->34982K(420864K), 0.0031979 secs] [Times: user=0.01 sys=0.00, real=0.00 secs] 
2019-01-02T19:58:37.636+0900: 183364.135: [GC (Allocation Failure) [PSYoungGen: 64992K->480K(65536K)] 99494K->34982K(420864K), 0.0033270 secs] [Times: user=0.00 sys=0.01, real=0.00 secs] 
2019-01-02T19:59:29.209+0900: 183415.708: [GC (Allocation Failure) [PSYoungGen: 64992K->448K(65536K)] 99494K->34950K(420864K), 0.0030885 secs] [Times: user=0.01 sys=0.00, real=0.00 secs] 
2019-01-02T20:00:23.055+0900: 183469.554: [GC (Allocation Failure) [PSYoungGen: 64960K->384K(65536K)] 99462K->34886K(420864K), 0.0032994 secs] [Times: user=0.00 sys=0.01, real=0.00 secs] 
2019-01-02T20:01:12.842+0900: 183519.341: [GC (Allocation Failure) [PSYoungGen: 64896K->480K(65536K)] 99398K->34982K(420864K), 0.0033959 secs] [Times: user=0.00 sys=0.01, real=0.01 secs] 
2019-01-02T20:02:02.442+0900: 183568.941: [GC (Allocation Failure) [PSYoungGen: 64992K->512K(65536K)] 99494K->35014K(420864K), 0.0031837 secs] [Times: user=0.01 sys=0.00, real=0.01 secs] 
2019-01-02T20:02:45.232+0900: 183611.731: [GC (Allocation Failure) [PSYoungGen: 65024K->736K(65536K)] 99526K->35238K(420864K), 0.0030592 secs] [Times: user=0.01 sys=0.00, real=0.01 secs] 
2019-01-02T20:03:30.643+0900: 183657.142: [GC (Allocation Failure) [PSYoungGen: 65248K->608K(65536K)] 99750K->35110K(420864K), 0.0030647 secs] [Times: user=0.01 sys=0.00, real=0.01 secs] 
2019-01-02T20:04:26.121+0900: 183712.620: [GC (Allocation Failure) [PSYoungGen: 65120K->384K(65536K)] 99622K->34886K(420864K), 0.0030302 secs] [Times: user=0.01 sys=0.00, real=0.01 secs] 
2019-01-02T20:05:12.283+0900: 183758.782: [GC (Allocation Failure) [PSYoungGen: 64896K->608K(65536K)] 99398K->35110K(420864K), 0.0031613 secs] [Times: user=0.00 sys=0.01, real=0.01 secs] 
2019-01-02T20:06:04.381+0900: 183810.880: [GC (Allocation Failure) [PSYoungGen: 65120K->480K(65536K)] 99622K->34982K(420864K), 0.0035018 secs] [Times: user=0.01 sys=0.00, real=0.01 secs] 
2019-01-02T20:07:00.268+0900: 183866.767: [GC (Allocation Failure) [PSYoungGen: 64992K->352K(65536K)] 99494K->34854K(420864K), 0.0030253 secs] [Times: user=0.01 sys=0.00, real=0.00 secs] 
2019-01-02T20:07:47.865+0900: 183914.364: [GC (Allocation Failure) [PSYoungGen: 64864K->576K(65536K)] 99366K->35078K(420864K), 0.0033996 secs] [Times: user=0.01 sys=0.00, real=0.00 secs] 
2019-01-02T20:08:37.390+0900: 183963.889: [GC (Allocation Failure) [PSYoungGen: 65088K->640K(65536K)] 99590K->35142K(420864K), 0.0032281 secs] [Times: user=0.01 sys=0.00, real=0.00 secs] 
2019-01-02T20:09:21.878+0900: 184008.377: [GC (Allocation Failure) [PSYoungGen: 65152K->672K(65536K)] 99654K->35174K(420864K), 0.0033593 secs] [Times: user=0.01 sys=0.00, real=0.00 secs] 
2019-01-02T20:09:53.928+0900: 184040.427: [GC (Allocation Failure) [PSYoungGen: 65184K->992K(65536K)] 99686K->35494K(420864K), 0.0037395 secs] [Times: user=0.01 sys=0.00, real=0.00 secs] 
2019-01-02T20:10:40.376+0900: 184086.875: [GC (Allocation Failure) [PSYoungGen: 65504K->608K(65536K)] 100006K->35110K(420864K), 0.0030638 secs] [Times: user=0.00 sys=0.01, real=0.00 secs] 
2019-01-02T20:11:32.544+0900: 184139.043: [GC (Allocation Failure) [PSYoungGen: 65120K->512K(65536K)] 99622K->35014K(420864K), 0.0032307 secs] [Times: user=0.00 sys=0.01, real=0.00 secs] 
2019-01-02T20:12:19.322+0900: 184185.821: [GC (Allocation Failure) [PSYoungGen: 65024K->640K(65536K)] 99526K->35142K(420864K), 0.0035860 secs] [Times: user=0.00 sys=0.01, real=0.01 secs] 
2019-01-02T20:13:05.225+0900: 184231.724: [GC (Allocation Failure) [PSYoungGen: 65152K->640K(65536K)] 99654K->35142K(420864K), 0.0033457 secs] [Times: user=0.01 sys=0.00, real=0.00 secs] 
2019-01-02T20:13:45.237+0900: 184271.736: [GC (Allocation Failure) [PSYoungGen: 65152K->672K(65536K)] 99654K->35174K(420864K), 0.0035560 secs] [Times: user=0.01 sys=0.00, real=0.00 secs] 
2019-01-02T20:14:31.311+0900: 184317.810: [GC (Allocation Failure) [PSYoungGen: 65184K->640K(65536K)] 99686K->35142K(420864K), 0.0033468 secs] [Times: user=0.01 sys=0.00, real=0.01 secs] 
2019-01-02T20:15:26.228+0900: 184372.727: [GC (Allocation Failure) [PSYoungGen: 65152K->480K(65536K)] 99654K->34982K(420864K), 0.0031018 secs] [Times: user=0.01 sys=0.00, real=0.00 secs] 
2019-01-02T20:16:08.796+0900: 184415.295: [GC (Allocation Failure) [PSYoungGen: 64992K->704K(65536K)] 99494K->35206K(420864K), 0.0034609 secs] [Times: user=0.02 sys=0.00, real=0.00 secs] 
2019-01-02T20:17:00.611+0900: 184467.110: [GC (Allocation Failure) [PSYoungGen: 65216K->448K(65536K)] 99718K->34950K(420864K), 0.0031912 secs] [Times: user=0.01 sys=0.00, real=0.01 secs] 
2019-01-02T20:17:47.005+0900: 184513.504: [GC (Allocation Failure) [PSYoungGen: 64960K->608K(65536K)] 99462K->35110K(420864K), 0.0034250 secs] [Times: user=0.01 sys=0.00, real=0.00 secs] 
2019-01-02T20:18:30.748+0900: 184557.247: [GC (Allocation Failure) [PSYoungGen: 65120K->672K(65536K)] 99622K->35190K(420864K), 0.0034691 secs] [Times: user=0.01 sys=0.00, real=0.00 secs] 
2019-01-02T20:19:14.584+0900: 184601.083: [GC (Allocation Failure) [PSYoungGen: 65184K->672K(65536K)] 99702K->35190K(420864K), 0.0037348 secs] [Times: user=0.02 sys=0.00, real=0.00 secs] 
2019-01-02T20:20:06.614+0900: 184653.113: [GC (Allocation Failure) [PSYoungGen: 65184K->512K(65536K)] 99702K->35030K(420864K), 0.0032547 secs] [Times: user=0.01 sys=0.01, real=0.00 secs] 
2019-01-02T20:20:50.093+0900: 184696.592: [GC (Allocation Failure) [PSYoungGen: 65024K->704K(65536K)] 99542K->35222K(420864K), 0.0035108 secs] [Times: user=0.02 sys=0.00, real=0.01 secs] 
2019-01-02T20:21:32.092+0900: 184738.591: [GC (Allocation Failure) [PSYoungGen: 65216K->704K(65536K)] 99734K->35222K(420864K), 0.0036784 secs] [Times: user=0.01 sys=0.00, real=0.01 secs] 
2019-01-02T20:22:25.986+0900: 184792.485: [GC (Allocation Failure) [PSYoungGen: 65216K->384K(65536K)] 99734K->34902K(420864K), 0.0028137 secs] [Times: user=0.01 sys=0.00, real=0.00 secs] 
2019-01-02T20:23:19.758+0900: 184846.257: [GC (Allocation Failure) [PSYoungGen: 64896K->416K(65536K)] 99414K->34934K(420864K), 0.0031674 secs] [Times: user=0.01 sys=0.00, real=0.00 secs] 
2019-01-02T20:24:13.107+0900: 184899.606: [GC (Allocation Failure) [PSYoungGen: 64928K->480K(65536K)] 99446K->34998K(420864K), 0.0030293 secs] [Times: user=0.01 sys=0.01, real=0.00 secs] 
2019-01-02T20:24:51.874+0900: 184938.373: [GC (Allocation Failure) [PSYoungGen: 64992K->768K(65536K)] 99510K->35286K(420864K), 0.0037746 secs] [Times: user=0.01 sys=0.00, real=0.00 secs] 
2019-01-02T20:25:44.083+0900: 184990.582: [GC (Allocation Failure) [PSYoungGen: 65280K->416K(65536K)] 99798K->34934K(420864K), 0.0031408 secs] [Times: user=0.01 sys=0.00, real=0.01 secs] 
2019-01-02T20:26:42.311+0900: 185048.810: [GC (Allocation Failure) [PSYoungGen: 64928K->256K(65536K)] 99446K->34774K(420864K), 0.0027373 secs] [Times: user=0.00 sys=0.01, real=0.01 secs] 
2019-01-02T20:27:33.777+0900: 185100.276: [GC (Allocation Failure) [PSYoungGen: 64768K->512K(65536K)] 99286K->35030K(420864K), 0.0030633 secs] [Times: user=0.01 sys=0.00, real=0.00 secs] 
2019-01-02T20:28:19.701+0900: 185146.200: [GC (Allocation Failure) [PSYoungGen: 65024K->672K(65536K)] 99542K->35190K(420864K), 0.0031910 secs] [Times: user=0.01 sys=0.00, real=0.01 secs] 
2019-01-02T20:29:07.799+0900: 185194.298: [GC (Allocation Failure) [PSYoungGen: 65184K->608K(65536K)] 99702K->35126K(420864K), 0.0032478 secs] [Times: user=0.01 sys=0.00, real=0.00 secs] 
2019-01-02T20:29:55.080+0900: 185241.579: [GC (Allocation Failure) [PSYoungGen: 65120K->608K(65536K)] 99638K->35126K(420864K), 0.0032716 secs] [Times: user=0.01 sys=0.00, real=0.00 secs] 
2019-01-02T20:30:47.274+0900: 185293.773: [GC (Allocation Failure) [PSYoungGen: 65120K->480K(65536K)] 99638K->34998K(420864K), 0.0031419 secs] [Times: user=0.01 sys=0.00, real=0.00 secs] 
2019-01-02T20:31:33.227+0900: 185339.726: [GC (Allocation Failure) [PSYoungGen: 64992K->608K(65536K)] 99510K->35126K(420864K), 0.0033801 secs] [Times: user=0.01 sys=0.00, real=0.00 secs] 
2019-01-02T20:32:18.765+0900: 185385.264: [GC (Allocation Failure) [PSYoungGen: 65120K->672K(65536K)] 99638K->35190K(420864K), 0.0033518 secs] [Times: user=0.01 sys=0.00, real=0.00 secs] 
2019-01-02T20:32:44.988+0900: 185411.487: [GC (Allocation Failure) [PSYoungGen: 65184K->992K(65024K)] 99702K->35646K(420352K), 0.0049622 secs] [Times: user=0.01 sys=0.00, real=0.00 secs] 
2019-01-02T20:33:21.249+0900: 185447.748: [GC (Allocation Failure) [PSYoungGen: 64992K->864K(65536K)] 99646K->35518K(420864K), 0.0036080 secs] [Times: user=0.02 sys=0.00, real=0.00 secs] 
2019-01-02T20:34:06.866+0900: 185493.365: [GC (Allocation Failure) [PSYoungGen: 64864K->608K(65536K)] 99518K->35262K(420864K), 0.0034820 secs] [Times: user=0.01 sys=0.00, real=0.00 secs] 
2019-01-02T20:34:58.049+0900: 185544.548: [GC (Allocation Failure) [PSYoungGen: 64608K->512K(65536K)] 99262K->35166K(420864K), 0.0031520 secs] [Times: user=0.02 sys=0.00, real=0.00 secs] 
2019-01-02T20:35:46.399+0900: 185592.898: [GC (Allocation Failure) [PSYoungGen: 64512K->672K(65024K)] 99166K->35326K(420352K), 0.0035226 secs] [Times: user=0.00 sys=0.02, real=0.00 secs] 
2019-01-02T20:36:39.421+0900: 185645.920: [GC (Allocation Failure) [PSYoungGen: 64672K->544K(65024K)] 99326K->35198K(420352K), 0.0031866 secs] [Times: user=0.02 sys=0.00, real=0.01 secs] 
2019-01-02T20:37:27.847+0900: 185694.346: [GC (Allocation Failure) [PSYoungGen: 64544K->512K(64512K)] 99198K->35198K(419840K), 0.0033328 secs] [Times: user=0.00 sys=0.01, real=0.00 secs] 
2019-01-02T20:38:17.479+0900: 185743.978: [GC (Allocation Failure) [PSYoungGen: 64512K->544K(65024K)] 99198K->35246K(420352K), 0.0036505 secs] [Times: user=0.02 sys=0.00, real=0.00 secs] 
2019-01-02T20:39:08.283+0900: 185794.782: [GC (Allocation Failure) [PSYoungGen: 64544K->576K(65024K)] 99246K->35278K(420352K), 0.0033938 secs] [Times: user=0.02 sys=0.00, real=0.01 secs] 
2019-01-02T20:39:46.728+0900: 185833.227: [GC (Allocation Failure) [PSYoungGen: 64576K->768K(65024K)] 99278K->35470K(420352K), 0.0037173 secs] [Times: user=0.02 sys=0.00, real=0.00 secs] 
2019-01-02T20:40:34.399+0900: 185880.898: [GC (Allocation Failure) [PSYoungGen: 64768K->576K(65024K)] 99470K->35278K(420352K), 0.0033709 secs] [Times: user=0.02 sys=0.00, real=0.00 secs] 
2019-01-02T20:41:31.127+0900: 185937.627: [GC (Allocation Failure) [PSYoungGen: 64576K->352K(65024K)] 99278K->35054K(420352K), 0.0031053 secs] [Times: user=0.01 sys=0.00, real=0.00 secs] 
2019-01-02T20:42:16.207+0900: 185982.706: [GC (Allocation Failure) [PSYoungGen: 64352K->576K(65024K)] 99054K->35278K(420352K), 0.0032971 secs] [Times: user=0.01 sys=0.00, real=0.00 secs] 
2019-01-02T20:43:03.819+0900: 186030.318: [GC (Allocation Failure) [PSYoungGen: 64576K->512K(65024K)] 99278K->35214K(420352K), 0.0035391 secs] [Times: user=0.01 sys=0.00, real=0.00 secs] 
2019-01-02T20:43:57.232+0900: 186083.731: [GC (Allocation Failure) [PSYoungGen: 64512K->480K(65024K)] 99214K->35190K(420352K), 0.0030274 secs] [Times: user=0.00 sys=0.01, real=0.01 secs] 
2019-01-02T20:44:42.874+0900: 186129.373: [GC (Allocation Failure) [PSYoungGen: 64480K->608K(65024K)] 99190K->35334K(420352K), 0.0033767 secs] [Times: user=0.02 sys=0.00, real=0.00 secs] 
2019-01-02T20:45:29.214+0900: 186175.713: [GC (Allocation Failure) [PSYoungGen: 64608K->736K(65024K)] 99334K->35486K(420352K), 0.0032323 secs] [Times: user=0.01 sys=0.00, real=0.00 secs] 
2019-01-02T20:46:15.676+0900: 186222.175: [GC (Allocation Failure) [PSYoungGen: 64736K->640K(65024K)] 99486K->35390K(420352K), 0.0035925 secs] [Times: user=0.00 sys=0.01, real=0.00 secs] 
2019-01-02T20:47:08.713+0900: 186275.212: [GC (Allocation Failure) [PSYoungGen: 64640K->416K(65024K)] 99390K->35166K(420352K), 0.0031552 secs] [Times: user=0.00 sys=0.01, real=0.01 secs] 
2019-01-02T20:48:02.174+0900: 186328.673: [GC (Allocation Failure) [PSYoungGen: 64416K->480K(65024K)] 99166K->35230K(420352K), 0.0031121 secs] [Times: user=0.01 sys=0.00, real=0.00 secs] 
2019-01-02T20:48:48.595+0900: 186375.094: [GC (Allocation Failure) [PSYoungGen: 64480K->704K(65024K)] 99230K->35454K(420352K), 0.0033582 secs] [Times: user=0.00 sys=0.01, real=0.00 secs] 
2019-01-02T20:49:38.725+0900: 186425.224: [GC (Allocation Failure) [PSYoungGen: 64704K->544K(65024K)] 99454K->35342K(420352K), 0.0028980 secs] [Times: user=0.01 sys=0.01, real=0.00 secs] 
2019-01-02T20:50:24.183+0900: 186470.682: [GC (Allocation Failure) [PSYoungGen: 64544K->576K(65024K)] 99342K->35382K(420352K), 0.0034069 secs] [Times: user=0.00 sys=0.01, real=0.01 secs] 
2019-01-02T20:51:11.447+0900: 186517.946: [GC (Allocation Failure) [PSYoungGen: 64576K->544K(65024K)] 99382K->35350K(420352K), 0.0029669 secs] [Times: user=0.00 sys=0.01, real=0.00 secs] 
2019-01-02T20:51:52.073+0900: 186558.572: [GC (Allocation Failure) [PSYoungGen: 64544K->672K(65024K)] 99350K->35486K(420352K), 0.0032476 secs] [Times: user=0.00 sys=0.01, real=0.01 secs] 
2019-01-02T20:52:36.530+0900: 186603.029: [GC (Allocation Failure) [PSYoungGen: 64672K->640K(65024K)] 99486K->35454K(420352K), 0.0033227 secs] [Times: user=0.01 sys=0.00, real=0.00 secs] 
2019-01-02T20:53:20.023+0900: 186646.522: [GC (Allocation Failure) [PSYoungGen: 64640K->608K(65024K)] 99454K->35422K(420352K), 0.0033925 secs] [Times: user=0.01 sys=0.00, real=0.01 secs] 
2019-01-02T20:54:03.755+0900: 186690.254: [GC (Allocation Failure) [PSYoungGen: 64608K->576K(65024K)] 99422K->35390K(420352K), 0.0034439 secs] [Times: user=0.00 sys=0.01, real=0.00 secs] 
2019-01-02T20:54:54.963+0900: 186741.462: [GC (Allocation Failure) [PSYoungGen: 64576K->480K(65024K)] 99390K->35294K(420352K), 0.0032016 secs] [Times: user=0.00 sys=0.01, real=0.01 secs] 
2019-01-02T20:55:46.176+0900: 186792.675: [GC (Allocation Failure) [PSYoungGen: 64480K->480K(65024K)] 99294K->35294K(420352K), 0.0035742 secs] [Times: user=0.01 sys=0.00, real=0.00 secs] 
2019-01-02T20:56:32.336+0900: 186838.835: [GC (Allocation Failure) [PSYoungGen: 64480K->448K(65024K)] 99294K->35262K(420352K), 0.0031680 secs] [Times: user=0.00 sys=0.01, real=0.00 secs] 
2019-01-02T20:57:16.110+0900: 186882.609: [GC (Allocation Failure) [PSYoungGen: 64448K->672K(65024K)] 99262K->35486K(420352K), 0.0033701 secs] [Times: user=0.01 sys=0.00, real=0.00 secs] 
2019-01-02T20:58:10.725+0900: 186937.224: [GC (Allocation Failure) [PSYoungGen: 64672K->416K(65024K)] 99486K->35230K(420352K), 0.0031191 secs] [Times: user=0.01 sys=0.00, real=0.00 secs] 
2019-01-02T20:59:03.964+0900: 186990.463: [GC (Allocation Failure) [PSYoungGen: 64416K->384K(65024K)] 99230K->35198K(420352K), 0.0026682 secs] [Times: user=0.01 sys=0.00, real=0.00 secs] 
2019-01-02T20:59:57.845+0900: 187044.344: [GC (Allocation Failure) [PSYoungGen: 64384K->416K(65024K)] 99198K->35238K(420352K), 0.0029090 secs] [Times: user=0.00 sys=0.01, real=0.00 secs] 
2019-01-02T21:00:45.362+0900: 187091.862: [GC (Allocation Failure) [PSYoungGen: 64416K->544K(65024K)] 99238K->35366K(420352K), 0.0033706 secs] [Times: user=0.01 sys=0.00, real=0.01 secs] 
2019-01-02T21:01:42.454+0900: 187148.953: [GC (Allocation Failure) [PSYoungGen: 64544K->352K(65024K)] 99366K->35174K(420352K), 0.0031642 secs] [Times: user=0.01 sys=0.00, real=0.01 secs] 
2019-01-02T21:02:21.747+0900: 187188.246: [GC (Allocation Failure) [PSYoungGen: 64352K->800K(65024K)] 99174K->35622K(420352K), 0.0038156 secs] [Times: user=0.01 sys=0.00, real=0.00 secs] 
2019-01-02T21:02:45.824+0900: 187212.324: [GC (Allocation Failure) [PSYoungGen: 64800K->1024K(64512K)] 99622K->35950K(419840K), 0.0043263 secs] [Times: user=0.01 sys=0.00, real=0.00 secs] 
2019-01-02T21:03:42.177+0900: 187268.676: [GC (Allocation Failure) [PSYoungGen: 64512K->288K(65024K)] 99438K->35214K(420352K), 0.0026694 secs] [Times: user=0.01 sys=0.00, real=0.00 secs] 
2019-01-02T21:04:38.229+0900: 187324.728: [GC (Allocation Failure) [PSYoungGen: 63776K->384K(65024K)] 98702K->35310K(420352K), 0.0032838 secs] [Times: user=0.02 sys=0.00, real=0.00 secs] 
2019-01-02T21:05:22.730+0900: 187369.229: [GC (Allocation Failure) [PSYoungGen: 63872K->704K(65024K)] 98798K->35630K(420352K), 0.0034056 secs] [Times: user=0.00 sys=0.01, real=0.00 secs] 
2019-01-02T21:06:12.841+0900: 187419.340: [GC (Allocation Failure) [PSYoungGen: 64192K->512K(64000K)] 99118K->35438K(419328K), 0.0032445 secs] [Times: user=0.01 sys=0.00, real=0.01 secs] 
2019-01-02T21:07:05.861+0900: 187472.360: [GC (Allocation Failure) [PSYoungGen: 64000K->416K(64512K)] 98926K->35342K(419840K), 0.0031249 secs] [Times: user=0.02 sys=0.00, real=0.01 secs] 
2019-01-02T21:08:02.617+0900: 187529.116: [GC (Allocation Failure) [PSYoungGen: 63904K->320K(64512K)] 98830K->35246K(419840K), 0.0030645 secs] [Times: user=0.01 sys=0.00, real=0.00 secs] 
2019-01-02T21:08:59.306+0900: 187585.805: [GC (Allocation Failure) [PSYoungGen: 63808K->384K(64512K)] 98734K->35310K(419840K), 0.0027393 secs] [Times: user=0.00 sys=0.01, real=0.00 secs] 
2019-01-02T21:09:52.767+0900: 187639.266: [GC (Allocation Failure) [PSYoungGen: 63870K->448K(64512K)] 98797K->35374K(419840K), 0.0033224 secs] [Times: user=0.01 sys=0.00, real=0.00 secs] 
2019-01-02T21:10:38.937+0900: 187685.436: [GC (Allocation Failure) [PSYoungGen: 63936K->512K(64512K)] 98862K->35438K(419840K), 0.0031820 secs] [Times: user=0.00 sys=0.01, real=0.00 secs] 
2019-01-02T21:11:23.967+0900: 187730.466: [GC (Allocation Failure) [PSYoungGen: 64000K->608K(64512K)] 98926K->35534K(419840K), 0.0034507 secs] [Times: user=0.00 sys=0.01, real=0.00 secs] 
2019-01-02T21:12:15.042+0900: 187781.541: [GC (Allocation Failure) [PSYoungGen: 64096K->512K(64512K)] 99022K->35438K(419840K), 0.0031468 secs] [Times: user=0.02 sys=0.00, real=0.01 secs] 
2019-01-02T21:13:01.746+0900: 187828.245: [GC (Allocation Failure) [PSYoungGen: 64000K->576K(64512K)] 98926K->35502K(419840K), 0.0032295 secs] [Times: user=0.01 sys=0.00, real=0.00 secs] 
2019-01-02T21:13:56.564+0900: 187883.063: [GC (Allocation Failure) [PSYoungGen: 64064K->416K(64512K)] 98990K->35342K(419840K), 0.0031135 secs] [Times: user=0.01 sys=0.00, real=0.00 secs] 
2019-01-02T21:14:43.675+0900: 187930.174: [GC (Allocation Failure) [PSYoungGen: 63904K->544K(64512K)] 98830K->35470K(419840K), 0.0035226 secs] [Times: user=0.00 sys=0.01, real=0.00 secs] 
2019-01-02T21:15:38.224+0900: 187984.723: [GC (Allocation Failure) [PSYoungGen: 64032K->352K(64512K)] 98958K->35294K(419840K), 0.0026790 secs] [Times: user=0.01 sys=0.00, real=0.00 secs] 
2019-01-02T21:16:31.860+0900: 188038.359: [GC (Allocation Failure) [PSYoungGen: 63840K->480K(64512K)] 98782K->35438K(419840K), 0.0029336 secs] [Times: user=0.02 sys=0.00, real=0.00 secs] 
2019-01-02T21:17:17.144+0900: 188083.643: [GC (Allocation Failure) [PSYoungGen: 63968K->640K(64512K)] 98926K->35614K(419840K), 0.0032692 secs] [Times: user=0.00 sys=0.01, real=0.01 secs] 
2019-01-02T21:18:08.799+0900: 188135.298: [GC (Allocation Failure) [PSYoungGen: 64128K->448K(64512K)] 99102K->35422K(419840K), 0.0027077 secs] [Times: user=0.00 sys=0.01, real=0.00 secs] 
2019-01-02T21:18:55.772+0900: 188182.271: [GC (Allocation Failure) [PSYoungGen: 63936K->672K(64512K)] 98910K->35646K(419840K), 0.0030212 secs] [Times: user=0.01 sys=0.00, real=0.01 secs] 
2019-01-02T21:19:30.796+0900: 188217.295: [GC (Allocation Failure) [PSYoungGen: 64160K->768K(64512K)] 99134K->35742K(419840K), 0.0038572 secs] [Times: user=0.00 sys=0.01, real=0.00 secs] 
2019-01-02T21:20:17.983+0900: 188264.482: [GC (Allocation Failure) [PSYoungGen: 64256K->544K(64512K)] 99230K->35518K(419840K), 0.0034227 secs] [Times: user=0.01 sys=0.01, real=0.01 secs] 
2019-01-02T21:21:07.177+0900: 188313.676: [GC (Allocation Failure) [PSYoungGen: 64032K->576K(64512K)] 99006K->35550K(419840K), 0.0029509 secs] [Times: user=0.01 sys=0.00, real=0.00 secs] 
2019-01-02T21:22:03.456+0900: 188369.955: [GC (Allocation Failure) [PSYoungGen: 64064K->320K(64512K)] 99038K->35302K(419840K), 0.0030343 secs] [Times: user=0.01 sys=0.01, real=0.00 secs] 
2019-01-02T21:22:50.578+0900: 188417.077: [GC (Allocation Failure) [PSYoungGen: 63808K->608K(64512K)] 98790K->35590K(419840K), 0.0028594 secs] [Times: user=0.01 sys=0.00, real=0.00 secs] 
2019-01-02T21:23:43.691+0900: 188470.190: [GC (Allocation Failure) [PSYoungGen: 64096K->448K(64512K)] 99078K->35430K(419840K), 0.0031726 secs] [Times: user=0.01 sys=0.00, real=0.01 secs] 
2019-01-02T21:24:34.236+0900: 188520.735: [GC (Allocation Failure) [PSYoungGen: 63936K->480K(64512K)] 98918K->35462K(419840K), 0.0030107 secs] [Times: user=0.00 sys=0.01, real=0.00 secs] 
2019-01-02T21:25:26.256+0900: 188572.755: [GC (Allocation Failure) [PSYoungGen: 63968K->448K(64512K)] 98950K->35430K(419840K), 0.0028551 secs] [Times: user=0.01 sys=0.00, real=0.00 secs] 
2019-01-02T21:26:08.492+0900: 188614.991: [GC (Allocation Failure) [PSYoungGen: 63936K->640K(64512K)] 98918K->35622K(419840K), 0.0034474 secs] [Times: user=0.01 sys=0.00, real=0.01 secs] 
2019-01-02T21:27:03.268+0900: 188669.767: [GC (Allocation Failure) [PSYoungGen: 64128K->352K(64512K)] 99110K->35334K(419840K), 0.0028886 secs] [Times: user=0.01 sys=0.01, real=0.00 secs] 
2019-01-02T21:27:59.933+0900: 188726.432: [GC (Allocation Failure) [PSYoungGen: 63840K->320K(64512K)] 98822K->35302K(419840K), 0.0031500 secs] [Times: user=0.01 sys=0.00, real=0.01 secs] 
2019-01-02T21:28:50.519+0900: 188777.018: [GC (Allocation Failure) [PSYoungGen: 63808K->576K(64512K)] 98790K->35558K(419840K), 0.0030739 secs] [Times: user=0.01 sys=0.00, real=0.00 secs] 
2019-01-02T21:29:43.505+0900: 188830.004: [GC (Allocation Failure) [PSYoungGen: 64064K->480K(64512K)] 99046K->35462K(419840K), 0.0030425 secs] [Times: user=0.00 sys=0.01, real=0.00 secs] 
2019-01-02T21:30:30.864+0900: 188877.363: [GC (Allocation Failure) [PSYoungGen: 63968K->544K(64512K)] 98950K->35526K(419840K), 0.0033141 secs] [Times: user=0.02 sys=0.00, real=0.00 secs] 
2019-01-02T21:31:21.018+0900: 188927.517: [GC (Allocation Failure) [PSYoungGen: 64032K->512K(64512K)] 99014K->35494K(419840K), 0.0033487 secs] [Times: user=0.02 sys=0.00, real=0.00 secs] 
2019-01-02T21:32:15.630+0900: 188982.130: [GC (Allocation Failure) [PSYoungGen: 64000K->416K(64512K)] 98982K->35398K(419840K), 0.0027828 secs] [Times: user=0.01 sys=0.00, real=0.00 secs] 
2019-01-02T21:32:46.912+0900: 189013.411: [GC (Allocation Failure) [PSYoungGen: 63904K->864K(64512K)] 98886K->35846K(419840K), 0.0038326 secs] [Times: user=0.01 sys=0.00, real=0.01 secs] 
2019-01-02T21:33:33.444+0900: 189059.943: [GC (Allocation Failure) [PSYoungGen: 64352K->576K(64512K)] 99334K->35558K(419840K), 0.0033672 secs] [Times: user=0.00 sys=0.01, real=0.00 secs] 
2019-01-02T21:34:23.428+0900: 189109.927: [GC (Allocation Failure) [PSYoungGen: 64064K->512K(64512K)] 99046K->35494K(419840K), 0.0032849 secs] [Times: user=0.01 sys=0.00, real=0.00 secs] 
2019-01-02T21:35:09.724+0900: 189156.223: [GC (Allocation Failure) [PSYoungGen: 64000K->640K(64512K)] 98982K->35622K(419840K), 0.0032439 secs] [Times: user=0.01 sys=0.00, real=0.00 secs] 
2019-01-02T21:36:01.122+0900: 189207.621: [GC (Allocation Failure) [PSYoungGen: 64128K->480K(64512K)] 99110K->35462K(419840K), 0.0030009 secs] [Times: user=0.01 sys=0.01, real=0.01 secs] 
2019-01-02T21:36:50.487+0900: 189256.987: [GC (Allocation Failure) [PSYoungGen: 63968K->608K(64512K)] 98950K->35590K(419840K), 0.0032017 secs] [Times: user=0.01 sys=0.00, real=0.00 secs] 
2019-01-02T21:37:43.208+0900: 189309.707: [GC (Allocation Failure) [PSYoungGen: 64096K->384K(64512K)] 99078K->35366K(419840K), 0.0031208 secs] [Times: user=0.00 sys=0.01, real=0.00 secs] 
2019-01-02T21:38:37.599+0900: 189364.098: [GC (Allocation Failure) [PSYoungGen: 63872K->352K(64512K)] 98854K->35334K(419840K), 0.0030093 secs] [Times: user=0.01 sys=0.00, real=0.00 secs] 
2019-01-02T21:39:17.876+0900: 189404.375: [GC (Allocation Failure) [PSYoungGen: 63840K->608K(64512K)] 98822K->35590K(419840K), 0.0033990 secs] [Times: user=0.01 sys=0.00, real=0.00 secs] 
2019-01-02T21:39:59.945+0900: 189446.444: [GC (Allocation Failure) [PSYoungGen: 64096K->672K(64512K)] 99078K->35654K(419840K), 0.0036524 secs] [Times: user=0.02 sys=0.00, real=0.00 secs] 
2019-01-02T21:40:54.960+0900: 189501.459: [GC (Allocation Failure) [PSYoungGen: 64160K->384K(64512K)] 99142K->35374K(419840K), 0.0027711 secs] [Times: user=0.01 sys=0.00, real=0.00 secs] 
2019-01-02T21:41:46.119+0900: 189552.618: [GC (Allocation Failure) [PSYoungGen: 63872K->480K(64512K)] 98862K->35470K(419840K), 0.0029294 secs] [Times: user=0.01 sys=0.00, real=0.00 secs] 
2019-01-02T21:42:41.241+0900: 189607.740: [GC (Allocation Failure) [PSYoungGen: 63968K->352K(64512K)] 98958K->35358K(419840K), 0.0030732 secs] [Times: user=0.00 sys=0.01, real=0.01 secs] 
2019-01-02T21:43:38.001+0900: 189664.501: [GC (Allocation Failure) [PSYoungGen: 63840K->288K(64512K)] 98846K->35294K(419840K), 0.0030592 secs] [Times: user=0.00 sys=0.01, real=0.01 secs] 
2019-01-02T21:44:32.815+0900: 189719.314: [GC (Allocation Failure) [PSYoungGen: 63776K->384K(64512K)] 98782K->35390K(419840K), 0.0030024 secs] [Times: user=0.01 sys=0.00, real=0.00 secs] 
2019-01-02T21:45:27.789+0900: 189774.288: [GC (Allocation Failure) [PSYoungGen: 63872K->384K(64512K)] 98878K->35414K(419840K), 0.0031180 secs] [Times: user=0.01 sys=0.00, real=0.00 secs] 
2019-01-02T21:46:17.876+0900: 189824.375: [GC (Allocation Failure) [PSYoungGen: 63872K->544K(64512K)] 98902K->35574K(419840K), 0.0028945 secs] [Times: user=0.01 sys=0.00, real=0.00 secs] 
2019-01-02T21:47:05.414+0900: 189871.913: [GC (Allocation Failure) [PSYoungGen: 64032K->608K(64512K)] 99062K->35638K(419840K), 0.0033970 secs] [Times: user=0.02 sys=0.00, real=0.00 secs] 
2019-01-02T21:48:02.320+0900: 189928.819: [GC (Allocation Failure) [PSYoungGen: 64096K->288K(64512K)] 99126K->35318K(419840K), 0.0028509 secs] [Times: user=0.01 sys=0.01, real=0.00 secs] 
2019-01-02T21:48:53.195+0900: 189979.694: [GC (Allocation Failure) [PSYoungGen: 63776K->416K(64512K)] 98806K->35446K(419840K), 0.0031239 secs] [Times: user=0.00 sys=0.01, real=0.00 secs] 
2019-01-02T21:49:42.141+0900: 190028.640: [GC (Allocation Failure) [PSYoungGen: 63904K->352K(64512K)] 98934K->35382K(419840K), 0.0029624 secs] [Times: user=0.01 sys=0.00, real=0.00 secs] 
2019-01-02T21:50:35.284+0900: 190081.783: [GC (Allocation Failure) [PSYoungGen: 63840K->480K(64512K)] 98870K->35510K(419840K), 0.0031622 secs] [Times: user=0.01 sys=0.00, real=0.00 secs] 
2019-01-02T21:51:24.482+0900: 190130.981: [GC (Allocation Failure) [PSYoungGen: 63968K->544K(64512K)] 98998K->35574K(419840K), 0.0031562 secs] [Times: user=0.01 sys=0.00, real=0.01 secs] 
2019-01-02T21:52:11.345+0900: 190177.844: [GC (Allocation Failure) [PSYoungGen: 64032K->544K(64512K)] 99062K->35574K(419840K), 0.0031832 secs] [Times: user=0.01 sys=0.00, real=0.00 secs] 
2019-01-02T21:53:06.109+0900: 190232.608: [GC (Allocation Failure) [PSYoungGen: 64032K->352K(64512K)] 99062K->35390K(419840K), 0.0028762 secs] [Times: user=0.01 sys=0.00, real=0.00 secs] 
2019-01-02T21:53:58.636+0900: 190285.135: [GC (Allocation Failure) [PSYoungGen: 63840K->416K(64512K)] 98878K->35454K(419840K), 0.0030216 secs] [Times: user=0.02 sys=0.00, real=0.00 secs] 
2019-01-02T21:54:51.485+0900: 190337.984: [GC (Allocation Failure) [PSYoungGen: 63904K->448K(64512K)] 98942K->35486K(419840K), 0.0029800 secs] [Times: user=0.01 sys=0.00, real=0.00 secs] 
2019-01-02T21:55:46.978+0900: 190393.477: [GC (Allocation Failure) [PSYoungGen: 63936K->448K(64512K)] 98974K->35486K(419840K), 0.0027856 secs] [Times: user=0.02 sys=0.00, real=0.00 secs] 
2019-01-02T21:56:40.863+0900: 190447.362: [GC (Allocation Failure) [PSYoungGen: 63936K->448K(64512K)] 98974K->35486K(419840K), 0.0031047 secs] [Times: user=0.01 sys=0.00, real=0.01 secs] 
2019-01-02T21:57:37.620+0900: 190504.119: [GC (Allocation Failure) [PSYoungGen: 63936K->320K(64512K)] 98974K->35374K(419840K), 0.0029567 secs] [Times: user=0.02 sys=0.00, real=0.00 secs] 
2019-01-02T21:58:30.983+0900: 190557.482: [GC (Allocation Failure) [PSYoungGen: 63808K->512K(64512K)] 98862K->35566K(419840K), 0.0027715 secs] [Times: user=0.00 sys=0.01, real=0.01 secs] 
2019-01-02T21:59:19.732+0900: 190606.231: [GC (Allocation Failure) [PSYoungGen: 64000K->512K(64512K)] 99054K->35582K(419840K), 0.0031367 secs] [Times: user=0.01 sys=0.00, real=0.01 secs] 
2019-01-02T22:00:08.835+0900: 190655.334: [GC (Allocation Failure) [PSYoungGen: 64000K->480K(64512K)] 99070K->35550K(419840K), 0.0029619 secs] [Times: user=0.01 sys=0.00, real=0.00 secs] 
2019-01-02T22:00:59.871+0900: 190706.370: [GC (Allocation Failure) [PSYoungGen: 63968K->384K(64512K)] 99038K->35454K(419840K), 0.0032615 secs] [Times: user=0.00 sys=0.00, real=0.01 secs] 
2019-01-02T22:01:48.922+0900: 190755.421: [GC (Allocation Failure) [PSYoungGen: 63872K->480K(64512K)] 98942K->35550K(419840K), 0.0031037 secs] [Times: user=0.02 sys=0.00, real=0.01 secs] 
2019-01-02T22:02:32.104+0900: 190798.603: [GC (Allocation Failure) [PSYoungGen: 63968K->672K(64512K)] 99038K->35742K(419840K), 0.0036203 secs] [Times: user=0.01 sys=0.00, real=0.00 secs] 
2019-01-02T22:03:03.739+0900: 190830.238: [GC (Allocation Failure) [PSYoungGen: 64160K->864K(64512K)] 99230K->35934K(419840K), 0.0036473 secs] [Times: user=0.00 sys=0.01, real=0.00 secs] 
2019-01-02T22:03:52.424+0900: 190878.923: [GC (Allocation Failure) [PSYoungGen: 64352K->576K(64512K)] 99422K->35646K(419840K), 0.0033281 secs] [Times: user=0.01 sys=0.01, real=0.00 secs] 
2019-01-02T22:04:47.644+0900: 190934.143: [GC (Allocation Failure) [PSYoungGen: 64064K->384K(64512K)] 99134K->35454K(419840K), 0.0027407 secs] [Times: user=0.02 sys=0.00, real=0.00 secs] 
2019-01-02T22:05:34.200+0900: 190980.699: [GC (Allocation Failure) [PSYoungGen: 63872K->544K(64512K)] 98942K->35614K(419840K), 0.0032458 secs] [Times: user=0.00 sys=0.01, real=0.00 secs] 
2019-01-02T22:06:25.030+0900: 191031.529: [GC (Allocation Failure) [PSYoungGen: 64032K->512K(64512K)] 99102K->35582K(419840K), 0.0030588 secs] [Times: user=0.01 sys=0.00, real=0.00 secs] 
2019-01-02T22:07:22.253+0900: 191088.752: [GC (Allocation Failure) [PSYoungGen: 64000K->224K(64512K)] 99070K->35294K(419840K), 0.0030290 secs] [Times: user=0.00 sys=0.01, real=0.01 secs] 
2019-01-02T22:08:04.752+0900: 191131.251: [GC (Allocation Failure) [PSYoungGen: 63712K->608K(64512K)] 98782K->35678K(419840K), 0.0035701 secs] [Times: user=0.00 sys=0.02, real=0.01 secs] 
2019-01-02T22:08:55.294+0900: 191181.793: [GC (Allocation Failure) [PSYoungGen: 64096K->512K(64512K)] 99166K->35582K(419840K), 0.0031419 secs] [Times: user=0.01 sys=0.00, real=0.00 secs] 
2019-01-02T22:09:38.720+0900: 191225.219: [GC (Allocation Failure) [PSYoungGen: 64000K->704K(64512K)] 99070K->35774K(419840K), 0.0035693 secs] [Times: user=0.01 sys=0.00, real=0.01 secs] 
2019-01-02T22:10:21.214+0900: 191267.713: [GC (Allocation Failure) [PSYoungGen: 64192K->640K(64512K)] 99262K->35718K(419840K), 0.0033971 secs] [Times: user=0.01 sys=0.00, real=0.00 secs] 
2019-01-02T22:11:14.160+0900: 191320.659: [GC (Allocation Failure) [PSYoungGen: 64128K->448K(64512K)] 99206K->35534K(419840K), 0.0029783 secs] [Times: user=0.01 sys=0.00, real=0.00 secs] 
2019-01-02T22:12:10.967+0900: 191377.467: [GC (Allocation Failure) [PSYoungGen: 63936K->352K(64512K)] 99022K->35438K(419840K), 0.0029570 secs] [Times: user=0.00 sys=0.01, real=0.00 secs] 
2019-01-02T22:12:59.882+0900: 191426.381: [GC (Allocation Failure) [PSYoungGen: 63840K->480K(64512K)] 98926K->35566K(419840K), 0.0030390 secs] [Times: user=0.00 sys=0.01, real=0.01 secs] 
2019-01-02T22:13:51.025+0900: 191477.524: [GC (Allocation Failure) [PSYoungGen: 63968K->512K(64512K)] 99054K->35598K(419840K), 0.0033162 secs] [Times: user=0.00 sys=0.01, real=0.00 secs] 
2019-01-02T22:14:47.996+0900: 191534.496: [GC (Allocation Failure) [PSYoungGen: 64000K->352K(64512K)] 99086K->35438K(419840K), 0.0025710 secs] [Times: user=0.01 sys=0.00, real=0.00 secs] 
2019-01-02T22:15:39.031+0900: 191585.530: [GC (Allocation Failure) [PSYoungGen: 63840K->416K(64512K)] 98926K->35510K(419840K), 0.0031057 secs] [Times: user=0.00 sys=0.01, real=0.01 secs] 
2019-01-02T22:16:30.041+0900: 191636.540: [GC (Allocation Failure) [PSYoungGen: 63904K->480K(64512K)] 98998K->35574K(419840K), 0.0034097 secs] [Times: user=0.01 sys=0.00, real=0.01 secs] 
2019-01-02T22:17:26.784+0900: 191693.283: [GC (Allocation Failure) [PSYoungGen: 63968K->352K(64512K)] 99062K->35446K(419840K), 0.0028276 secs] [Times: user=0.01 sys=0.00, real=0.01 secs] 
2019-01-02T22:18:23.842+0900: 191750.341: [GC (Allocation Failure) [PSYoungGen: 63840K->352K(64512K)] 98934K->35446K(419840K), 0.0026026 secs] [Times: user=0.01 sys=0.00, real=0.01 secs] 
2019-01-02T22:19:18.631+0900: 191805.130: [GC (Allocation Failure) [PSYoungGen: 63840K->384K(64512K)] 98934K->35478K(419840K), 0.0032111 secs] [Times: user=0.00 sys=0.01, real=0.01 secs] 
2019-01-02T22:20:13.467+0900: 191859.966: [GC (Allocation Failure) [PSYoungGen: 63872K->352K(64512K)] 98966K->35446K(419840K), 0.0030321 secs] [Times: user=0.01 sys=0.01, real=0.00 secs] 
2019-01-02T22:21:08.482+0900: 191914.981: [GC (Allocation Failure) [PSYoungGen: 63840K->352K(64512K)] 98934K->35446K(419840K), 0.0035445 secs] [Times: user=0.01 sys=0.00, real=0.01 secs] 
2019-01-02T22:22:01.697+0900: 191968.196: [GC (Allocation Failure) [PSYoungGen: 63840K->416K(64512K)] 98934K->35510K(419840K), 0.0031172 secs] [Times: user=0.00 sys=0.01, real=0.00 secs] 
2019-01-02T22:22:50.436+0900: 192016.935: [GC (Allocation Failure) [PSYoungGen: 63904K->512K(64512K)] 98998K->35614K(419840K), 0.0027754 secs] [Times: user=0.00 sys=0.00, real=0.00 secs] 
2019-01-02T22:23:47.119+0900: 192073.618: [GC (Allocation Failure) [PSYoungGen: 64000K->384K(64512K)] 99102K->35494K(419840K), 0.0026620 secs] [Times: user=0.00 sys=0.01, real=0.00 secs] 
2019-01-02T22:24:44.351+0900: 192130.850: [GC (Allocation Failure) [PSYoungGen: 63872K->384K(64512K)] 98982K->35510K(419840K), 0.0029779 secs] [Times: user=0.02 sys=0.00, real=0.01 secs] 
2019-01-02T22:25:37.343+0900: 192183.842: [GC (Allocation Failure) [PSYoungGen: 63872K->416K(64512K)] 98998K->35542K(419840K), 0.0031081 secs] [Times: user=0.01 sys=0.00, real=0.01 secs] 
2019-01-02T22:26:34.025+0900: 192240.524: [GC (Allocation Failure) [PSYoungGen: 63904K->352K(64512K)] 99030K->35494K(419840K), 0.0030044 secs] [Times: user=0.01 sys=0.00, real=0.00 secs] 
2019-01-02T22:27:29.424+0900: 192295.923: [GC (Allocation Failure) [PSYoungGen: 63840K->416K(64512K)] 98982K->35558K(419840K), 0.0029322 secs] [Times: user=0.00 sys=0.01, real=0.00 secs] 
2019-01-02T22:28:23.508+0900: 192350.007: [GC (Allocation Failure) [PSYoungGen: 63904K->384K(64512K)] 99046K->35526K(419840K), 0.0030089 secs] [Times: user=0.02 sys=0.00, real=0.00 secs] 
2019-01-02T22:29:20.447+0900: 192406.946: [GC (Allocation Failure) [PSYoungGen: 63872K->352K(64512K)] 99014K->35494K(419840K), 0.0026543 secs] [Times: user=0.00 sys=0.00, real=0.00 secs] 
2019-01-02T22:30:09.644+0900: 192456.143: [GC (Allocation Failure) [PSYoungGen: 63840K->480K(64512K)] 98982K->35622K(419840K), 0.0033092 secs] [Times: user=0.01 sys=0.00, real=0.00 secs] 
2019-01-02T22:31:02.866+0900: 192509.365: [GC (Allocation Failure) [PSYoungGen: 63968K->416K(64512K)] 99110K->35558K(419840K), 0.0031405 secs] [Times: user=0.01 sys=0.00, real=0.00 secs] 
2019-01-02T22:32:00.078+0900: 192566.577: [GC (Allocation Failure) [PSYoungGen: 63904K->352K(64512K)] 99046K->35494K(419840K), 0.0029151 secs] [Times: user=0.01 sys=0.00, real=0.00 secs] 
2019-01-02T22:32:45.260+0900: 192611.760: [GC (Allocation Failure) [PSYoungGen: 63840K->544K(64512K)] 98982K->35718K(419840K), 0.0033933 secs] [Times: user=0.01 sys=0.00, real=0.01 secs] 
2019-01-02T22:33:30.446+0900: 192656.945: [GC (Allocation Failure) [PSYoungGen: 64032K->608K(64512K)] 99206K->35782K(419840K), 0.0029999 secs] [Times: user=0.00 sys=0.01, real=0.00 secs] 
2019-01-02T22:34:27.511+0900: 192714.010: [GC (Allocation Failure) [PSYoungGen: 64096K->288K(64512K)] 99270K->35462K(419840K), 0.0029726 secs] [Times: user=0.01 sys=0.01, real=0.01 secs] 
2019-01-02T22:35:20.714+0900: 192767.213: [GC (Allocation Failure) [PSYoungGen: 63776K->448K(64512K)] 98950K->35630K(419840K), 0.0026578 secs] [Times: user=0.01 sys=0.00, real=0.00 secs] 
2019-01-02T22:36:09.218+0900: 192815.717: [GC (Allocation Failure) [PSYoungGen: 63936K->576K(64512K)] 99118K->35758K(419840K), 0.0030387 secs] [Times: user=0.01 sys=0.00, real=0.00 secs] 
2019-01-02T22:37:02.275+0900: 192868.774: [GC (Allocation Failure) [PSYoungGen: 64064K->448K(64512K)] 99246K->35630K(419840K), 0.0031046 secs] [Times: user=0.01 sys=0.00, real=0.00 secs] 
2019-01-02T22:37:59.137+0900: 192925.636: [GC (Allocation Failure) [PSYoungGen: 63936K->288K(64512K)] 99118K->35470K(419840K), 0.0027201 secs] [Times: user=0.01 sys=0.01, real=0.00 secs] 
2019-01-02T22:38:51.941+0900: 192978.440: [GC (Allocation Failure) [PSYoungGen: 63776K->480K(64512K)] 98958K->35662K(419840K), 0.0030633 secs] [Times: user=0.01 sys=0.00, real=0.01 secs] 
2019-01-02T22:39:44.757+0900: 193031.256: [GC (Allocation Failure) [PSYoungGen: 63968K->448K(64512K)] 99150K->35630K(419840K), 0.0031284 secs] [Times: user=0.01 sys=0.00, real=0.00 secs] 
2019-01-02T22:40:29.843+0900: 193076.342: [GC (Allocation Failure) [PSYoungGen: 63936K->640K(64512K)] 99118K->35822K(419840K), 0.0030135 secs] [Times: user=0.00 sys=0.01, real=0.01 secs] 
2019-01-02T22:41:26.201+0900: 193132.700: [GC (Allocation Failure) [PSYoungGen: 64128K->352K(64512K)] 99310K->35534K(419840K), 0.0029526 secs] [Times: user=0.00 sys=0.01, real=0.00 secs] 
2019-01-02T22:42:22.975+0900: 193189.474: [GC (Allocation Failure) [PSYoungGen: 63840K->320K(64512K)] 99022K->35502K(419840K), 0.0029537 secs] [Times: user=0.01 sys=0.00, real=0.00 secs] 
2019-01-02T22:43:13.669+0900: 193240.168: [GC (Allocation Failure) [PSYoungGen: 63739K->544K(64512K)] 98922K->35726K(419840K), 0.0032978 secs] [Times: user=0.01 sys=0.00, real=0.00 secs] 
2019-01-02T22:43:56.894+0900: 193283.393: [GC (Allocation Failure) [PSYoungGen: 64032K->576K(64512K)] 99214K->35766K(419840K), 0.0040395 secs] [Times: user=0.00 sys=0.01, real=0.00 secs] 
2019-01-02T22:44:49.606+0900: 193336.105: [GC (Allocation Failure) [PSYoungGen: 64064K->384K(64512K)] 99254K->35574K(419840K), 0.0031256 secs] [Times: user=0.01 sys=0.00, real=0.00 secs] 
2019-01-02T22:45:46.348+0900: 193392.847: [GC (Allocation Failure) [PSYoungGen: 63872K->384K(64512K)] 99062K->35582K(419840K), 0.0029588 secs] [Times: user=0.01 sys=0.00, real=0.00 secs] 
2019-01-02T22:46:37.531+0900: 193444.030: [GC (Allocation Failure) [PSYoungGen: 63872K->416K(64512K)] 99070K->35630K(419840K), 0.0031728 secs] [Times: user=0.00 sys=0.01, real=0.01 secs] 
2019-01-02T22:47:28.582+0900: 193495.081: [GC (Allocation Failure) [PSYoungGen: 63904K->512K(64512K)] 99118K->35726K(419840K), 0.0031623 secs] [Times: user=0.01 sys=0.00, real=0.01 secs] 
2019-01-02T22:48:25.708+0900: 193552.207: [GC (Allocation Failure) [PSYoungGen: 64000K->320K(64512K)] 99214K->35534K(419840K), 0.0028489 secs] [Times: user=0.01 sys=0.00, real=0.00 secs] 
2019-01-02T22:49:22.437+0900: 193608.936: [GC (Allocation Failure) [PSYoungGen: 63808K->352K(64512K)] 99022K->35566K(419840K), 0.0026739 secs] [Times: user=0.01 sys=0.00, real=0.00 secs] 
2019-01-02T22:50:15.387+0900: 193661.886: [GC (Allocation Failure) [PSYoungGen: 63840K->320K(64512K)] 99054K->35534K(419840K), 0.0030708 secs] [Times: user=0.01 sys=0.01, real=0.00 secs] 
2019-01-02T22:51:12.623+0900: 193719.122: [GC (Allocation Failure) [PSYoungGen: 63808K->352K(64512K)] 99022K->35566K(419840K), 0.0031215 secs] [Times: user=0.02 sys=0.00, real=0.01 secs] 
2019-01-02T22:52:05.823+0900: 193772.322: [GC (Allocation Failure) [PSYoungGen: 63840K->352K(64512K)] 99054K->35566K(419840K), 0.0031746 secs] [Times: user=0.01 sys=0.00, real=0.01 secs] 
2019-01-02T22:53:02.784+0900: 193829.283: [GC (Allocation Failure) [PSYoungGen: 63840K->352K(64512K)] 99054K->35574K(419840K), 0.0025498 secs] [Times: user=0.00 sys=0.01, real=0.00 secs] 
2019-01-02T22:53:49.405+0900: 193875.904: [GC (Allocation Failure) [PSYoungGen: 63840K->544K(64512K)] 99062K->35766K(419840K), 0.0028999 secs] [Times: user=0.01 sys=0.00, real=0.00 secs] 
2019-01-02T22:54:35.553+0900: 193922.052: [GC (Allocation Failure) [PSYoungGen: 64032K->640K(64512K)] 99254K->35862K(419840K), 0.0035329 secs] [Times: user=0.02 sys=0.00, real=0.01 secs] 
2019-01-02T22:55:28.880+0900: 193975.379: [GC (Allocation Failure) [PSYoungGen: 64128K->416K(64512K)] 99350K->35638K(419840K), 0.0032275 secs] [Times: user=0.01 sys=0.00, real=0.00 secs] 
2019-01-02T22:56:21.552+0900: 194028.051: [GC (Allocation Failure) [PSYoungGen: 63904K->448K(64512K)] 99126K->35670K(419840K), 0.0031395 secs] [Times: user=0.01 sys=0.00, real=0.01 secs] 
2019-01-02T22:57:14.375+0900: 194080.874: [GC (Allocation Failure) [PSYoungGen: 63936K->384K(64512K)] 99158K->35606K(419840K), 0.0029047 secs] [Times: user=0.01 sys=0.00, real=0.00 secs] 
2019-01-02T22:58:07.613+0900: 194134.112: [GC (Allocation Failure) [PSYoungGen: 63872K->352K(64512K)] 99094K->35574K(419840K), 0.0028414 secs] [Times: user=0.01 sys=0.00, real=0.01 secs] 
2019-01-02T22:59:00.449+0900: 194186.948: [GC (Allocation Failure) [PSYoungGen: 63840K->384K(64512K)] 99062K->35606K(419840K), 0.0031068 secs] [Times: user=0.01 sys=0.00, real=0.00 secs] 
2019-01-02T22:59:57.307+0900: 194243.806: [GC (Allocation Failure) [PSYoungGen: 63872K->384K(64512K)] 99094K->35606K(419840K), 0.0030431 secs] [Times: user=0.01 sys=0.00, real=0.00 secs] 
2019-01-02T23:00:52.374+0900: 194298.873: [GC (Allocation Failure) [PSYoungGen: 63872K->384K(64512K)] 99094K->35606K(419840K), 0.0029165 secs] [Times: user=0.01 sys=0.00, real=0.01 secs] 
2019-01-02T23:01:49.103+0900: 194355.602: [GC (Allocation Failure) [PSYoungGen: 63872K->320K(64512K)] 99094K->35542K(419840K), 0.0028899 secs] [Times: user=0.01 sys=0.00, real=0.01 secs] 
2019-01-02T23:02:35.997+0900: 194402.496: [GC (Allocation Failure) [PSYoungGen: 63808K->608K(64512K)] 99030K->35830K(419840K), 0.0032758 secs] [Times: user=0.01 sys=0.00, real=0.00 secs] 
2019-01-02T23:03:11.422+0900: 194437.921: [GC (Allocation Failure) [PSYoungGen: 64096K->800K(64512K)] 99318K->36022K(419840K), 0.0038258 secs] [Times: user=0.02 sys=0.00, real=0.01 secs] 
2019-01-02T23:04:08.648+0900: 194495.147: [GC (Allocation Failure) [PSYoungGen: 64288K->352K(64512K)] 99510K->35574K(419840K), 0.0026249 secs] [Times: user=0.01 sys=0.00, real=0.00 secs] 
2019-01-02T23:05:04.896+0900: 194551.395: [GC (Allocation Failure) [PSYoungGen: 63840K->352K(64512K)] 99062K->35574K(419840K), 0.0029365 secs] [Times: user=0.02 sys=0.00, real=0.00 secs] 
2019-01-02T23:05:50.046+0900: 194596.545: [GC (Allocation Failure) [PSYoungGen: 63840K->640K(64512K)] 99062K->35862K(419840K), 0.0033148 secs] [Times: user=0.02 sys=0.00, real=0.00 secs] 
2019-01-02T23:06:40.957+0900: 194647.456: [GC (Allocation Failure) [PSYoungGen: 64128K->512K(64512K)] 99350K->35734K(419840K), 0.0031012 secs] [Times: user=0.01 sys=0.00, real=0.00 secs] 
2019-01-02T23:07:33.460+0900: 194699.959: [GC (Allocation Failure) [PSYoungGen: 64000K->384K(64512K)] 99222K->35606K(419840K), 0.0030765 secs] [Times: user=0.01 sys=0.00, real=0.00 secs] 
2019-01-02T23:08:24.516+0900: 194751.015: [GC (Allocation Failure) [PSYoungGen: 63872K->512K(64512K)] 99094K->35734K(419840K), 0.0027848 secs] [Times: user=0.01 sys=0.00, real=0.00 secs] 
2019-01-02T23:09:20.865+0900: 194807.364: [GC (Allocation Failure) [PSYoungGen: 64000K->352K(64512K)] 99222K->35574K(419840K), 0.0028438 secs] [Times: user=0.01 sys=0.00, real=0.00 secs] 
2019-01-02T23:10:15.258+0900: 194861.758: [GC (Allocation Failure) [PSYoungGen: 63840K->384K(64512K)] 99062K->35606K(419840K), 0.0026265 secs] [Times: user=0.01 sys=0.00, real=0.00 secs] 
2019-01-02T23:10:59.179+0900: 194905.678: [GC (Allocation Failure) [PSYoungGen: 63872K->608K(64512K)] 99094K->35830K(419840K), 0.0035461 secs] [Times: user=0.00 sys=0.01, real=0.00 secs] 
2019-01-02T23:11:51.821+0900: 194958.320: [GC (Allocation Failure) [PSYoungGen: 64096K->352K(64512K)] 99318K->35574K(419840K), 0.0027739 secs] [Times: user=0.00 sys=0.01, real=0.01 secs] 
2019-01-02T23:12:48.837+0900: 195015.336: [GC (Allocation Failure) [PSYoungGen: 63840K->352K(64512K)] 99062K->35574K(419840K), 0.0028747 secs] [Times: user=0.00 sys=0.01, real=0.00 secs] 
2019-01-02T23:13:41.883+0900: 195068.383: [GC (Allocation Failure) [PSYoungGen: 63840K->416K(64512K)] 99062K->35638K(419840K), 0.0032204 secs] [Times: user=0.01 sys=0.00, real=0.01 secs] 
2019-01-02T23:14:38.939+0900: 195125.438: [GC (Allocation Failure) [PSYoungGen: 63904K->352K(64512K)] 99126K->35574K(419840K), 0.0027413 secs] [Times: user=0.00 sys=0.01, real=0.00 secs] 
2019-01-02T23:15:32.127+0900: 195178.626: [GC (Allocation Failure) [PSYoungGen: 63840K->480K(64512K)] 99062K->35710K(419840K), 0.0030891 secs] [Times: user=0.01 sys=0.00, real=0.00 secs] 
2019-01-02T23:16:25.222+0900: 195231.721: [GC (Allocation Failure) [PSYoungGen: 63968K->416K(64512K)] 99198K->35646K(419840K), 0.0027789 secs] [Times: user=0.00 sys=0.01, real=0.01 secs] 
2019-01-02T23:17:21.881+0900: 195288.380: [GC (Allocation Failure) [PSYoungGen: 63904K->288K(64512K)] 99134K->35518K(419840K), 0.0029064 secs] [Times: user=0.02 sys=0.00, real=0.01 secs] 
2019-01-02T23:18:12.964+0900: 195339.463: [GC (Allocation Failure) [PSYoungGen: 63776K->512K(64512K)] 99006K->35742K(419840K), 0.0032179 secs] [Times: user=0.00 sys=0.01, real=0.00 secs] 
2019-01-02T23:19:04.134+0900: 195390.633: [GC (Allocation Failure) [PSYoungGen: 64000K->416K(64512K)] 99230K->35646K(419840K), 0.0031438 secs] [Times: user=0.00 sys=0.01, real=0.00 secs] 
2019-01-02T23:19:55.340+0900: 195441.839: [GC (Allocation Failure) [PSYoungGen: 63904K->480K(64512K)] 99134K->35710K(419840K), 0.0031368 secs] [Times: user=0.02 sys=0.00, real=0.00 secs] 
2019-01-02T23:20:48.578+0900: 195495.077: [GC (Allocation Failure) [PSYoungGen: 63968K->448K(64512K)] 99198K->35678K(419840K), 0.0033105 secs] [Times: user=0.01 sys=0.00, real=0.00 secs] 
2019-01-02T23:21:44.873+0900: 195551.372: [GC (Allocation Failure) [PSYoungGen: 63936K->384K(64512K)] 99166K->35614K(419840K), 0.0029781 secs] [Times: user=0.01 sys=0.00, real=0.01 secs] 
2019-01-02T23:22:42.034+0900: 195608.533: [GC (Allocation Failure) [PSYoungGen: 63872K->320K(64512K)] 99102K->35550K(419840K), 0.0027661 secs] [Times: user=0.00 sys=0.01, real=0.00 secs] 
2019-01-02T23:23:35.243+0900: 195661.742: [GC (Allocation Failure) [PSYoungGen: 63808K->352K(64512K)] 99038K->35582K(419840K), 0.0029669 secs] [Times: user=0.01 sys=0.01, real=0.01 secs] 
2019-01-02T23:24:31.817+0900: 195718.316: [GC (Allocation Failure) [PSYoungGen: 63840K->320K(64512K)] 99070K->35550K(419840K), 0.0028498 secs] [Times: user=0.00 sys=0.01, real=0.00 secs] 
2019-01-02T23:25:28.973+0900: 195775.472: [GC (Allocation Failure) [PSYoungGen: 63808K->384K(64512K)] 99038K->35614K(419840K), 0.0025305 secs] [Times: user=0.01 sys=0.00, real=0.01 secs] 
2019-01-02T23:26:21.904+0900: 195828.403: [GC (Allocation Failure) [PSYoungGen: 63872K->448K(64512K)] 99102K->35678K(419840K), 0.0027229 secs] [Times: user=0.00 sys=0.01, real=0.00 secs] 
2019-01-02T23:27:15.117+0900: 195881.616: [GC (Allocation Failure) [PSYoungGen: 63936K->480K(64512K)] 99166K->35710K(419840K), 0.0027140 secs] [Times: user=0.02 sys=0.00, real=0.00 secs] 
2019-01-02T23:28:11.622+0900: 195938.121: [GC (Allocation Failure) [PSYoungGen: 63968K->320K(64512K)] 99198K->35550K(419840K), 0.0025867 secs] [Times: user=0.01 sys=0.00, real=0.01 secs] 
2019-01-02T23:29:06.769+0900: 195993.268: [GC (Allocation Failure) [PSYoungGen: 63808K->416K(64512K)] 99038K->35654K(419840K), 0.0031201 secs] [Times: user=0.00 sys=0.01, real=0.00 secs] 
2019-01-02T23:30:01.717+0900: 196048.216: [GC (Allocation Failure) [PSYoungGen: 63904K->320K(64512K)] 99142K->35558K(419840K), 0.0030082 secs] [Times: user=0.01 sys=0.01, real=0.00 secs] 
2019-01-02T23:30:58.011+0900: 196104.510: [GC (Allocation Failure) [PSYoungGen: 63808K->352K(64512K)] 99046K->35590K(419840K), 0.0030608 secs] [Times: user=0.00 sys=0.01, real=0.01 secs] 
2019-01-02T23:31:53.200+0900: 196159.699: [GC (Allocation Failure) [PSYoungGen: 63840K->416K(64512K)] 99078K->35662K(419840K), 0.0032012 secs] [Times: user=0.02 sys=0.00, real=0.00 secs] 
2019-01-02T23:32:36.345+0900: 196202.844: [GC (Allocation Failure) [PSYoungGen: 63904K->672K(64512K)] 99150K->35926K(419840K), 0.0035486 secs] [Times: user=0.01 sys=0.00, real=0.00 secs] 
2019-01-02T23:33:17.423+0900: 196243.922: [GC (Allocation Failure) [PSYoungGen: 64160K->736K(64512K)] 99414K->35990K(419840K), 0.0035937 secs] [Times: user=0.01 sys=0.00, real=0.01 secs] 
2019-01-02T23:34:13.750+0900: 196300.250: [GC (Allocation Failure) [PSYoungGen: 64224K->384K(64512K)] 99478K->35638K(419840K), 0.0029146 secs] [Times: user=0.00 sys=0.01, real=0.00 secs] 
2019-01-02T23:35:10.624+0900: 196357.123: [GC (Allocation Failure) [PSYoungGen: 63872K->384K(64512K)] 99126K->35638K(419840K), 0.0032402 secs] [Times: user=0.01 sys=0.00, real=0.00 secs] 
2019-01-02T23:36:03.346+0900: 196409.845: [GC (Allocation Failure) [PSYoungGen: 63872K->480K(64512K)] 99126K->35734K(419840K), 0.0027819 secs] [Times: user=0.02 sys=0.00, real=0.00 secs] 
2019-01-02T23:37:00.401+0900: 196466.900: [GC (Allocation Failure) [PSYoungGen: 63968K->352K(64512K)] 99222K->35606K(419840K), 0.0031036 secs] [Times: user=0.02 sys=0.00, real=0.01 secs] 
2019-01-02T23:37:49.393+0900: 196515.892: [GC (Allocation Failure) [PSYoungGen: 63840K->544K(64512K)] 99094K->35798K(419840K), 0.0032504 secs] [Times: user=0.01 sys=0.00, real=0.01 secs] 
2019-01-02T23:38:40.793+0900: 196567.292: [GC (Allocation Failure) [PSYoungGen: 64032K->512K(64512K)] 99286K->35782K(419840K), 0.0033242 secs] [Times: user=0.01 sys=0.00, real=0.01 secs] 
2019-01-02T23:39:37.695+0900: 196624.194: [GC (Allocation Failure) [PSYoungGen: 64000K->288K(64512K)] 99270K->35558K(419840K), 0.0029265 secs] [Times: user=0.00 sys=0.02, real=0.00 secs] 
2019-01-02T23:40:34.690+0900: 196681.189: [GC (Allocation Failure) [PSYoungGen: 63776K->352K(64512K)] 99046K->35630K(419840K), 0.0029589 secs] [Times: user=0.01 sys=0.00, real=0.00 secs] 
2019-01-02T23:41:19.695+0900: 196726.194: [GC (Allocation Failure) [PSYoungGen: 63840K->640K(64512K)] 99118K->35918K(419840K), 0.0029439 secs] [Times: user=0.00 sys=0.01, real=0.00 secs] 
2019-01-02T23:42:16.638+0900: 196783.137: [GC (Allocation Failure) [PSYoungGen: 64128K->384K(64512K)] 99406K->35662K(419840K), 0.0030983 secs] [Times: user=0.01 sys=0.01, real=0.00 secs] 
2019-01-02T23:43:13.559+0900: 196840.058: [GC (Allocation Failure) [PSYoungGen: 63872K->384K(64512K)] 99150K->35662K(419840K), 0.0028454 secs] [Times: user=0.01 sys=0.00, real=0.00 secs] 
2019-01-02T23:44:10.424+0900: 196896.923: [GC (Allocation Failure) [PSYoungGen: 63872K->384K(64512K)] 99150K->35662K(419840K), 0.0030726 secs] [Times: user=0.00 sys=0.01, real=0.00 secs] 
2019-01-02T23:45:07.309+0900: 196953.808: [GC (Allocation Failure) [PSYoungGen: 63872K->352K(64512K)] 99150K->35630K(419840K), 0.0028409 secs] [Times: user=0.00 sys=0.01, real=0.00 secs] 
2019-01-02T23:46:04.333+0900: 197010.832: [GC (Allocation Failure) [PSYoungGen: 63840K->352K(64512K)] 99118K->35638K(419840K), 0.0030857 secs] [Times: user=0.00 sys=0.01, real=0.01 secs] 
2019-01-02T23:47:01.390+0900: 197067.889: [GC (Allocation Failure) [PSYoungGen: 63840K->352K(64512K)] 99126K->35662K(419840K), 0.0030076 secs] [Times: user=0.00 sys=0.01, real=0.00 secs] 
2019-01-02T23:47:58.918+0900: 197125.417: [GC (Allocation Failure) [PSYoungGen: 63840K->320K(64512K)] 99150K->35630K(419840K), 0.0030205 secs] [Times: user=0.01 sys=0.00, real=0.00 secs] 
2019-01-02T23:48:55.589+0900: 197182.088: [GC (Allocation Failure) [PSYoungGen: 63808K->352K(64512K)] 99118K->35662K(419840K), 0.0027131 secs] [Times: user=0.00 sys=0.01, real=0.00 secs] 
2019-01-02T23:49:52.605+0900: 197239.104: [GC (Allocation Failure) [PSYoungGen: 63840K->384K(64512K)] 99150K->35694K(419840K), 0.0031795 secs] [Times: user=0.02 sys=0.00, real=0.00 secs] 
2019-01-02T23:50:49.667+0900: 197296.167: [GC (Allocation Failure) [PSYoungGen: 63872K->384K(64512K)] 99182K->35694K(419840K), 0.0027751 secs] [Times: user=0.01 sys=0.00, real=0.00 secs] 
2019-01-02T23:51:42.876+0900: 197349.375: [GC (Allocation Failure) [PSYoungGen: 63872K->480K(64512K)] 99182K->35822K(419840K), 0.0034851 secs] [Times: user=0.02 sys=0.00, real=0.00 secs] 
2019-01-02T23:52:39.900+0900: 197406.399: [GC (Allocation Failure) [PSYoungGen: 63968K->320K(64512K)] 99310K->35662K(419840K), 0.0029734 secs] [Times: user=0.00 sys=0.00, real=0.00 secs] 
2019-01-02T23:53:36.684+0900: 197463.183: [GC (Allocation Failure) [PSYoungGen: 63808K->288K(64512K)] 99150K->35630K(419840K), 0.0028955 secs] [Times: user=0.01 sys=0.00, real=0.00 secs] 
2019-01-02T23:54:33.541+0900: 197520.040: [GC (Allocation Failure) [PSYoungGen: 63776K->352K(64512K)] 99118K->35694K(419840K), 0.0030930 secs] [Times: user=0.00 sys=0.01, real=0.01 secs] 
2019-01-02T23:55:28.762+0900: 197575.261: [GC (Allocation Failure) [PSYoungGen: 63840K->416K(64512K)] 99182K->35774K(419840K), 0.0029650 secs] [Times: user=0.00 sys=0.01, real=0.01 secs] 
2019-01-02T23:56:21.445+0900: 197627.944: [GC (Allocation Failure) [PSYoungGen: 63904K->416K(64512K)] 99262K->35774K(419840K), 0.0033476 secs] [Times: user=0.02 sys=0.00, real=0.00 secs] 
2019-01-02T23:57:12.242+0900: 197678.741: [GC (Allocation Failure) [PSYoungGen: 63904K->480K(64512K)] 99262K->35838K(419840K), 0.0030671 secs] [Times: user=0.01 sys=0.00, real=0.01 secs] 
2019-01-02T23:58:09.393+0900: 197735.892: [GC (Allocation Failure) [PSYoungGen: 63968K->320K(64512K)] 99326K->35678K(419840K), 0.0031164 secs] [Times: user=0.01 sys=0.00, real=0.01 secs] 
2019-01-02T23:59:01.740+0900: 197788.239: [GC (Allocation Failure) [PSYoungGen: 63808K->384K(64512K)] 99166K->35742K(419840K), 0.0026605 secs] [Times: user=0.01 sys=0.00, real=0.00 secs] 
2019-01-02T23:59:58.833+0900: 197845.332: [GC (Allocation Failure) [PSYoungGen: 63872K->288K(64512K)] 99230K->35646K(419840K), 0.0029516 secs] [Times: user=0.02 sys=0.00, real=0.01 secs] 
2019-01-03T00:00:52.029+0900: 197898.528: [GC (Allocation Failure) [PSYoungGen: 63776K->416K(64512K)] 99134K->35774K(419840K), 0.0027589 secs] [Times: user=0.00 sys=0.00, real=0.00 secs] 
2019-01-03T00:01:48.632+0900: 197955.131: [GC (Allocation Failure) [PSYoungGen: 63904K->384K(64512K)] 99262K->35742K(419840K), 0.0027996 secs] [Times: user=0.00 sys=0.00, real=0.01 secs] 
2019-01-03T00:02:33.563+0900: 198000.062: [GC (Allocation Failure) [PSYoungGen: 63872K->544K(64512K)] 99230K->35902K(419840K), 0.0032269 secs] [Times: user=0.00 sys=0.01, real=0.01 secs] 
2019-01-03T00:03:18.880+0900: 198045.379: [GC (Allocation Failure) [PSYoungGen: 64032K->608K(64512K)] 99390K->35966K(419840K), 0.0033695 secs] [Times: user=0.01 sys=0.01, real=0.00 secs] 
2019-01-03T00:04:15.630+0900: 198102.129: [GC (Allocation Failure) [PSYoungGen: 64096K->384K(64512K)] 99454K->35742K(419840K), 0.0030322 secs] [Times: user=0.02 sys=0.00, real=0.00 secs] 
2019-01-03T00:05:12.247+0900: 198158.746: [GC (Allocation Failure) [PSYoungGen: 63872K->320K(64512K)] 99230K->35678K(419840K), 0.0025950 secs] [Times: user=0.01 sys=0.00, real=0.00 secs] 
2019-01-03T00:06:09.013+0900: 198215.512: [GC (Allocation Failure) [PSYoungGen: 63808K->288K(64512K)] 99166K->35646K(419840K), 0.0029849 secs] [Times: user=0.01 sys=0.01, real=0.01 secs] 
2019-01-03T00:07:05.619+0900: 198272.118: [GC (Allocation Failure) [PSYoungGen: 63776K->320K(64512K)] 99134K->35678K(419840K), 0.0029377 secs] [Times: user=0.01 sys=0.00, real=0.00 secs] 
2019-01-03T00:07:58.989+0900: 198325.488: [GC (Allocation Failure) [PSYoungGen: 63808K->448K(64512K)] 99166K->35806K(419840K), 0.0033547 secs] [Times: user=0.01 sys=0.00, real=0.00 secs] 
2019-01-03T00:08:51.902+0900: 198378.401: [GC (Allocation Failure) [PSYoungGen: 63936K->416K(64512K)] 99294K->35774K(419840K), 0.0031298 secs] [Times: user=0.00 sys=0.01, real=0.01 secs] 
2019-01-03T00:09:48.487+0900: 198434.986: [GC (Allocation Failure) [PSYoungGen: 63904K->320K(64512K)] 99262K->35686K(419840K), 0.0028417 secs] [Times: user=0.01 sys=0.00, real=0.00 secs] 
2019-01-03T00:10:41.335+0900: 198487.834: [GC (Allocation Failure) [PSYoungGen: 63808K->448K(64512K)] 99174K->35830K(419840K), 0.0030902 secs] [Times: user=0.00 sys=0.01, real=0.00 secs] 
2019-01-03T00:11:26.590+0900: 198533.089: [GC (Allocation Failure) [PSYoungGen: 63936K->576K(64512K)] 99318K->35958K(419840K), 0.0033547 secs] [Times: user=0.00 sys=0.01, real=0.00 secs] 
2019-01-03T00:12:23.608+0900: 198590.107: [GC (Allocation Failure) [PSYoungGen: 64064K->384K(64512K)] 99446K->35766K(419840K), 0.0030506 secs] [Times: user=0.01 sys=0.00, real=0.00 secs] 
2019-01-03T00:13:20.250+0900: 198646.749: [GC (Allocation Failure) [PSYoungGen: 63872K->320K(64512K)] 99254K->35702K(419840K), 0.0027265 secs] [Times: user=0.00 sys=0.01, real=0.00 secs] 
2019-01-03T00:14:13.388+0900: 198699.888: [GC (Allocation Failure) [PSYoungGen: 63808K->416K(64512K)] 99190K->35806K(419840K), 0.0031799 secs] [Times: user=0.00 sys=0.01, real=0.00 secs] 
2019-01-03T00:15:10.408+0900: 198756.907: [GC (Allocation Failure) [PSYoungGen: 63904K->320K(64512K)] 99294K->35710K(419840K), 0.0025096 secs] [Times: user=0.01 sys=0.00, real=0.00 secs] 
2019-01-03T00:16:02.851+0900: 198809.350: [GC (Allocation Failure) [PSYoungGen: 63808K->352K(64512K)] 99198K->35750K(419840K), 0.0031789 secs] [Times: user=0.01 sys=0.00, real=0.01 secs] 
2019-01-03T00:16:59.840+0900: 198866.339: [GC (Allocation Failure) [PSYoungGen: 63840K->384K(64512K)] 99238K->35806K(419840K), 0.0028998 secs] [Times: user=0.01 sys=0.00, real=0.00 secs] 
2019-01-03T00:17:57.062+0900: 198923.561: [GC (Allocation Failure) [PSYoungGen: 63872K->224K(64512K)] 99294K->35646K(419840K), 0.0025048 secs] [Times: user=0.01 sys=0.00, real=0.01 secs] 
2019-01-03T00:18:53.307+0900: 198979.806: [GC (Allocation Failure) [PSYoungGen: 63712K->384K(64512K)] 99134K->35806K(419840K), 0.0030856 secs] [Times: user=0.01 sys=0.00, real=0.00 secs] 
2019-01-03T00:19:50.546+0900: 199037.045: [GC (Allocation Failure) [PSYoungGen: 63872K->320K(64512K)] 99294K->35742K(419840K), 0.0031473 secs] [Times: user=0.00 sys=0.01, real=0.00 secs] 
2019-01-03T00:20:43.701+0900: 199090.200: [GC (Allocation Failure) [PSYoungGen: 63808K->448K(64512K)] 99230K->35870K(419840K), 0.0034741 secs] [Times: user=0.00 sys=0.01, real=0.01 secs] 
2019-01-03T00:21:40.267+0900: 199146.766: [GC (Allocation Failure) [PSYoungGen: 63936K->384K(64512K)] 99358K->35806K(419840K), 0.0028278 secs] [Times: user=0.01 sys=0.00, real=0.00 secs] 
2019-01-03T00:22:37.156+0900: 199203.655: [GC (Allocation Failure) [PSYoungGen: 63872K->320K(64512K)] 99294K->35742K(419840K), 0.0029856 secs] [Times: user=0.01 sys=0.00, real=0.00 secs] 
2019-01-03T00:23:34.374+0900: 199260.873: [GC (Allocation Failure) [PSYoungGen: 63808K->384K(64512K)] 99230K->35806K(419840K), 0.0030370 secs] [Times: user=0.01 sys=0.01, real=0.00 secs] 
2019-01-03T00:24:31.601+0900: 199318.100: [GC (Allocation Failure) [PSYoungGen: 63872K->384K(64512K)] 99294K->35806K(419840K), 0.0029201 secs] [Times: user=0.01 sys=0.00, real=0.00 secs] 
2019-01-03T00:25:26.822+0900: 199373.321: [GC (Allocation Failure) [PSYoungGen: 63872K->416K(64512K)] 99294K->35838K(419840K), 0.0026603 secs] [Times: user=0.01 sys=0.00, real=0.01 secs] 
2019-01-03T00:26:24.066+0900: 199430.566: [GC (Allocation Failure) [PSYoungGen: 63904K->224K(64512K)] 99326K->35646K(419840K), 0.0030526 secs] [Times: user=0.01 sys=0.00, real=0.00 secs] 
2019-01-03T00:27:21.109+0900: 199487.608: [GC (Allocation Failure) [PSYoungGen: 63712K->288K(64512K)] 99134K->35710K(419840K), 0.0026237 secs] [Times: user=0.00 sys=0.01, real=0.00 secs] 
2019-01-03T00:28:11.843+0900: 199538.342: [GC (Allocation Failure) [PSYoungGen: 63776K->480K(64512K)] 99198K->35902K(419840K), 0.0027959 secs] [Times: user=0.01 sys=0.01, real=0.01 secs] 
2019-01-03T00:29:02.685+0900: 199589.184: [GC (Allocation Failure) [PSYoungGen: 63968K->512K(64512K)] 99390K->35934K(419840K), 0.0032237 secs] [Times: user=0.02 sys=0.00, real=0.00 secs] 
2019-01-03T00:29:59.911+0900: 199646.410: [GC (Allocation Failure) [PSYoungGen: 64000K->352K(64512K)] 99422K->35782K(419840K), 0.0029543 secs] [Times: user=0.00 sys=0.01, real=0.01 secs] 
2019-01-03T00:30:57.006+0900: 199703.505: [GC (Allocation Failure) [PSYoungGen: 63840K->320K(64512K)] 99270K->35750K(419840K), 0.0029277 secs] [Times: user=0.01 sys=0.00, real=0.00 secs] 
2019-01-03T00:31:53.972+0900: 199760.471: [GC (Allocation Failure) [PSYoungGen: 63808K->320K(64512K)] 99238K->35750K(419840K), 0.0026649 secs] [Times: user=0.01 sys=0.00, real=0.01 secs] 
2019-01-03T00:32:38.938+0900: 199805.437: [GC (Allocation Failure) [PSYoungGen: 63808K->608K(64512K)] 99238K->36038K(419840K), 0.0033281 secs] [Times: user=0.00 sys=0.01, real=0.00 secs] 
2019-01-03T00:33:23.860+0900: 199850.359: [GC (Allocation Failure) [PSYoungGen: 64096K->576K(64512K)] 99526K->36006K(419840K), 0.0034297 secs] [Times: user=0.01 sys=0.01, real=0.00 secs] 
2019-01-03T00:34:20.901+0900: 199907.400: [GC (Allocation Failure) [PSYoungGen: 64064K->352K(64512K)] 99494K->35782K(419840K), 0.0028442 secs] [Times: user=0.00 sys=0.01, real=0.01 secs] 
2019-01-03T00:35:13.259+0900: 199959.759: [GC (Allocation Failure) [PSYoungGen: 63840K->448K(64512K)] 99270K->35878K(419840K), 0.0027634 secs] [Times: user=0.01 sys=0.00, real=0.00 secs] 
2019-01-03T00:36:10.377+0900: 200016.876: [GC (Allocation Failure) [PSYoungGen: 63936K->320K(64512K)] 99366K->35750K(419840K), 0.0029081 secs] [Times: user=0.01 sys=0.00, real=0.00 secs] 
2019-01-03T00:37:07.572+0900: 200074.071: [GC (Allocation Failure) [PSYoungGen: 63808K->352K(64512K)] 99238K->35782K(419840K), 0.0028873 secs] [Times: user=0.00 sys=0.00, real=0.01 secs] 
2019-01-03T00:38:04.351+0900: 200130.850: [GC (Allocation Failure) [PSYoungGen: 63840K->320K(64512K)] 99270K->35750K(419840K), 0.0029708 secs] [Times: user=0.00 sys=0.01, real=0.01 secs] 
2019-01-03T00:38:59.957+0900: 200186.456: [GC (Allocation Failure) [PSYoungGen: 63808K->288K(64512K)] 99238K->35718K(419840K), 0.0030876 secs] [Times: user=0.01 sys=0.00, real=0.00 secs] 
2019-01-03T00:39:56.442+0900: 200242.941: [GC (Allocation Failure) [PSYoungGen: 63776K->384K(64512K)] 99206K->35814K(419840K), 0.0030888 secs] [Times: user=0.02 sys=0.00, real=0.01 secs] 
2019-01-03T00:40:43.617+0900: 200290.116: [GC (Allocation Failure) [PSYoungGen: 63872K->608K(64512K)] 99302K->36038K(419840K), 0.0031517 secs] [Times: user=0.01 sys=0.01, real=0.00 secs] 
2019-01-03T00:41:26.648+0900: 200333.147: [GC (Allocation Failure) [PSYoungGen: 64096K->640K(64512K)] 99526K->36078K(419840K), 0.0033006 secs] [Times: user=0.00 sys=0.00, real=0.00 secs] 
2019-01-03T00:42:23.811+0900: 200390.310: [GC (Allocation Failure) [PSYoungGen: 64128K->352K(64512K)] 99566K->35790K(419840K), 0.0029476 secs] [Times: user=0.01 sys=0.00, real=0.01 secs] 
2019-01-03T00:43:17.018+0900: 200443.517: [GC (Allocation Failure) [PSYoungGen: 63840K->448K(64512K)] 99278K->35886K(419840K), 0.0028616 secs] [Times: user=0.02 sys=0.00, real=0.00 secs] 
2019-01-03T00:44:14.016+0900: 200500.515: [GC (Allocation Failure) [PSYoungGen: 63936K->384K(64512K)] 99374K->35822K(419840K), 0.0029128 secs] [Times: user=0.01 sys=0.00, real=0.00 secs] 
2019-01-03T00:45:10.473+0900: 200556.972: [GC (Allocation Failure) [PSYoungGen: 63872K->384K(64512K)] 99310K->35822K(419840K), 0.0031037 secs] [Times: user=0.01 sys=0.00, real=0.01 secs] 
2019-01-03T00:46:07.698+0900: 200614.197: [GC (Allocation Failure) [PSYoungGen: 63872K->352K(64512K)] 99310K->35798K(419840K), 0.0025662 secs] [Times: user=0.00 sys=0.01, real=0.00 secs] 
2019-01-03T00:47:04.312+0900: 200670.811: [GC (Allocation Failure) [PSYoungGen: 63840K->256K(64512K)] 99286K->35734K(419840K), 0.0029169 secs] [Times: user=0.01 sys=0.00, real=0.01 secs] 
2019-01-03T00:48:01.401+0900: 200727.900: [GC (Allocation Failure) [PSYoungGen: 63744K->320K(64512K)] 99222K->35798K(419840K), 0.0030116 secs] [Times: user=0.00 sys=0.00, real=0.01 secs] 
2019-01-03T00:48:58.413+0900: 200784.912: [GC (Allocation Failure) [PSYoungGen: 63808K->384K(64512K)] 99286K->35862K(419840K), 0.0028570 secs] [Times: user=0.00 sys=0.01, real=0.01 secs] 
2019-01-03T00:49:55.574+0900: 200842.074: [GC (Allocation Failure) [PSYoungGen: 63872K->352K(64512K)] 99350K->35830K(419840K), 0.0027197 secs] [Times: user=0.01 sys=0.00, real=0.00 secs] 
2019-01-03T00:50:50.791+0900: 200897.290: [GC (Allocation Failure) [PSYoungGen: 63840K->288K(64512K)] 99318K->35766K(419840K), 0.0028920 secs] [Times: user=0.00 sys=0.01, real=0.01 secs] 
2019-01-03T00:51:43.496+0900: 200949.995: [GC (Allocation Failure) [PSYoungGen: 63775K->448K(64512K)] 99254K->35926K(419840K), 0.0031420 secs] [Times: user=0.01 sys=0.00, real=0.00 secs] 
2019-01-03T00:52:38.361+0900: 201004.860: [GC (Allocation Failure) [PSYoungGen: 63936K->384K(64512K)] 99414K->35862K(419840K), 0.0030963 secs] [Times: user=0.02 sys=0.00, real=0.01 secs] 
2019-01-03T00:53:29.416+0900: 201055.915: [GC (Allocation Failure) [PSYoungGen: 63872K->480K(64512K)] 99350K->35958K(419840K), 0.0029993 secs] [Times: user=0.00 sys=0.02, real=0.00 secs] 
2019-01-03T00:54:22.630+0900: 201109.129: [GC (Allocation Failure) [PSYoungGen: 63968K->416K(64512K)] 99446K->35894K(419840K), 0.0030112 secs] [Times: user=0.00 sys=0.00, real=0.00 secs] 
2019-01-03T00:55:19.326+0900: 201165.825: [GC (Allocation Failure) [PSYoungGen: 63904K->352K(64512K)] 99382K->35830K(419840K), 0.0030433 secs] [Times: user=0.01 sys=0.00, real=0.00 secs] 
2019-01-03T00:56:16.289+0900: 201222.788: [GC (Allocation Failure) [PSYoungGen: 63840K->352K(64512K)] 99318K->35830K(419840K), 0.0031085 secs] [Times: user=0.00 sys=0.01, real=0.00 secs] 
2019-01-03T00:57:13.471+0900: 201279.970: [GC (Allocation Failure) [PSYoungGen: 63840K->352K(64512K)] 99318K->35830K(419840K), 0.0028978 secs] [Times: user=0.00 sys=0.01, real=0.01 secs] 
2019-01-03T00:58:10.516+0900: 201337.015: [GC (Allocation Failure) [PSYoungGen: 63840K->256K(64512K)] 99318K->35734K(419840K), 0.0028032 secs] [Times: user=0.01 sys=0.01, real=0.00 secs] 
2019-01-03T00:59:06.937+0900: 201393.436: [GC (Allocation Failure) [PSYoungGen: 63744K->384K(64512K)] 99222K->35862K(419840K), 0.0025411 secs] [Times: user=0.00 sys=0.01, real=0.00 secs] 
2019-01-03T01:00:00.127+0900: 201446.626: [GC (Allocation Failure) [PSYoungGen: 63872K->448K(64512K)] 99350K->35926K(419840K), 0.0031055 secs] [Times: user=0.00 sys=0.01, real=0.00 secs] 
2019-01-03T01:00:57.346+0900: 201503.845: [GC (Allocation Failure) [PSYoungGen: 63936K->352K(64512K)] 99414K->35830K(419840K), 0.0026175 secs] [Times: user=0.01 sys=0.01, real=0.00 secs] 
2019-01-03T01:01:54.333+0900: 201560.832: [GC (Allocation Failure) [PSYoungGen: 63840K->384K(64512K)] 99318K->35862K(419840K), 0.0033934 secs] [Times: user=0.01 sys=0.01, real=0.01 secs] 
2019-01-03T01:02:38.930+0900: 201605.430: [GC (Allocation Failure) [PSYoungGen: 63872K->544K(64512K)] 99350K->36022K(419840K), 0.0033065 secs] [Times: user=0.01 sys=0.00, real=0.01 secs] 
2019-01-03T01:03:23.923+0900: 201650.422: [GC (Allocation Failure) [PSYoungGen: 64032K->576K(64512K)] 99510K->36054K(419840K), 0.0033390 secs] [Times: user=0.01 sys=0.00, real=0.01 secs] 
2019-01-03T01:04:20.815+0900: 201707.314: [GC (Allocation Failure) [PSYoungGen: 64064K->288K(64512K)] 99542K->35782K(419840K), 0.0030021 secs] [Times: user=0.01 sys=0.00, real=0.00 secs] 
2019-01-03T01:05:17.370+0900: 201763.869: [GC (Allocation Failure) [PSYoungGen: 63776K->320K(64512K)] 99270K->35814K(419840K), 0.0026940 secs] [Times: user=0.01 sys=0.00, real=0.00 secs] 
2019-01-03T01:06:14.534+0900: 201821.033: [GC (Allocation Failure) [PSYoungGen: 63808K->384K(64512K)] 99302K->35878K(419840K), 0.0033848 secs] [Times: user=0.01 sys=0.00, real=0.00 secs] 
2019-01-03T01:07:10.976+0900: 201877.475: [GC (Allocation Failure) [PSYoungGen: 63872K->256K(64512K)] 99366K->35750K(419840K), 0.0030003 secs] [Times: user=0.01 sys=0.00, real=0.00 secs] 
2019-01-03T01:08:06.337+0900: 201932.836: [GC (Allocation Failure) [PSYoungGen: 63744K->288K(64512K)] 99238K->35782K(419840K), 0.0030771 secs] [Times: user=0.01 sys=0.00, real=0.00 secs] 
2019-01-03T01:09:01.241+0900: 201987.740: [GC (Allocation Failure) [PSYoungGen: 63776K->384K(64512K)] 99270K->35878K(419840K), 0.0032710 secs] [Times: user=0.01 sys=0.00, real=0.01 secs] 
2019-01-03T01:09:57.552+0900: 202044.051: [GC (Allocation Failure) [PSYoungGen: 63872K->384K(64512K)] 99366K->35878K(419840K), 0.0027747 secs] [Times: user=0.01 sys=0.00, real=0.01 secs] 
2019-01-03T01:10:54.533+0900: 202101.032: [GC (Allocation Failure) [PSYoungGen: 63872K->384K(64512K)] 99366K->35878K(419840K), 0.0031983 secs] [Times: user=0.01 sys=0.00, real=0.01 secs] 
2019-01-03T01:11:39.708+0900: 202146.207: [GC (Allocation Failure) [PSYoungGen: 63872K->672K(64512K)] 99366K->36166K(419840K), 0.0033712 secs] [Times: user=0.01 sys=0.00, real=0.00 secs] 
2019-01-03T01:12:36.274+0900: 202202.773: [GC (Allocation Failure) [PSYoungGen: 64160K->320K(64512K)] 99654K->35814K(419840K), 0.0028060 secs] [Times: user=0.02 sys=0.00, real=0.01 secs] 
2019-01-03T01:13:33.313+0900: 202259.812: [GC (Allocation Failure) [PSYoungGen: 63808K->384K(64512K)] 99302K->35878K(419840K), 0.0029211 secs] [Times: user=0.01 sys=0.00, real=0.01 secs] 
2019-01-03T01:14:29.628+0900: 202316.127: [GC (Allocation Failure) [PSYoungGen: 63872K->320K(64512K)] 99366K->35814K(419840K), 0.0030820 secs] [Times: user=0.01 sys=0.00, real=0.00 secs] 
2019-01-03T01:15:26.784+0900: 202373.283: [GC (Allocation Failure) [PSYoungGen: 63808K->384K(64512K)] 99302K->35878K(419840K), 0.0038230 secs] [Times: user=0.01 sys=0.01, real=0.00 secs] 
2019-01-03T01:16:23.919+0900: 202430.418: [GC (Allocation Failure) [PSYoungGen: 63872K->352K(64512K)] 99366K->35854K(419840K), 0.0030265 secs] [Times: user=0.00 sys=0.01, real=0.00 secs] 
2019-01-03T01:17:20.452+0900: 202486.951: [GC (Allocation Failure) [PSYoungGen: 63840K->384K(64512K)] 99342K->35910K(419840K), 0.0027992 secs] [Times: user=0.01 sys=0.00, real=0.01 secs] 
2019-01-03T01:18:17.411+0900: 202543.910: [GC (Allocation Failure) [PSYoungGen: 63872K->384K(64512K)] 99398K->35910K(419840K), 0.0026196 secs] [Times: user=0.02 sys=0.00, real=0.00 secs] 
2019-01-03T01:19:14.640+0900: 202601.139: [GC (Allocation Failure) [PSYoungGen: 63872K->384K(64512K)] 99398K->35910K(419840K), 0.0026014 secs] [Times: user=0.01 sys=0.00, real=0.00 secs] 
2019-01-03T01:20:11.521+0900: 202658.020: [GC (Allocation Failure) [PSYoungGen: 63872K->320K(64512K)] 99398K->35846K(419840K), 0.0029017 secs] [Times: user=0.00 sys=0.01, real=0.01 secs] 
2019-01-03T01:21:08.459+0900: 202714.958: [GC (Allocation Failure) [PSYoungGen: 63808K->320K(64512K)] 99334K->35846K(419840K), 0.0031164 secs] [Times: user=0.01 sys=0.00, real=0.00 secs] 
2019-01-03T01:22:05.458+0900: 202771.957: [GC (Allocation Failure) [PSYoungGen: 63808K->352K(64000K)] 99334K->35878K(419328K), 0.0029771 secs] [Times: user=0.00 sys=0.01, real=0.00 secs] 
2019-01-03T01:22:54.503+0900: 202821.002: [GC (Allocation Failure) [PSYoungGen: 63840K->480K(64000K)] 99366K->36022K(419328K), 0.0032329 secs] [Times: user=0.01 sys=0.00, real=0.01 secs] 
2019-01-03T01:23:51.730+0900: 202878.229: [GC (Allocation Failure) [PSYoungGen: 63968K->352K(64512K)] 99510K->35894K(419840K), 0.0028898 secs] [Times: user=0.00 sys=0.01, real=0.00 secs] 
2019-01-03T01:24:49.058+0900: 202935.558: [GC (Allocation Failure) [PSYoungGen: 63840K->384K(64512K)] 99382K->35926K(419840K), 0.0029180 secs] [Times: user=0.02 sys=0.00, real=0.00 secs] 
2019-01-03T01:25:46.179+0900: 202992.678: [GC (Allocation Failure) [PSYoungGen: 63872K->352K(64000K)] 99414K->35918K(419328K), 0.0029356 secs] [Times: user=0.02 sys=0.00, real=0.00 secs] 
2019-01-03T01:26:43.399+0900: 203049.898: [GC (Allocation Failure) [PSYoungGen: 63840K->384K(64000K)] 99406K->35950K(419328K), 0.0025213 secs] [Times: user=0.02 sys=0.00, real=0.00 secs] 
2019-01-03T01:27:40.408+0900: 203106.907: [GC (Allocation Failure) [PSYoungGen: 63872K->352K(64000K)] 99438K->35918K(419328K), 0.0027893 secs] [Times: user=0.00 sys=0.02, real=0.00 secs] 
2019-01-03T01:28:37.145+0900: 203163.644: [GC (Allocation Failure) [PSYoungGen: 63840K->384K(64000K)] 99406K->35950K(419328K), 0.0026094 secs] [Times: user=0.01 sys=0.00, real=0.00 secs] 
2019-01-03T01:29:34.112+0900: 203220.611: [GC (Allocation Failure) [PSYoungGen: 63872K->384K(64000K)] 99438K->35950K(419328K), 0.0025371 secs] [Times: user=0.00 sys=0.01, real=0.01 secs] 
2019-01-03T01:30:31.024+0900: 203277.523: [GC (Allocation Failure) [PSYoungGen: 63872K->352K(64000K)] 99438K->35918K(419328K), 0.0028842 secs] [Times: user=0.01 sys=0.00, real=0.00 secs] 
2019-01-03T01:31:27.958+0900: 203334.457: [GC (Allocation Failure) [PSYoungGen: 63840K->352K(64000K)] 99406K->35918K(419328K), 0.0028355 secs] [Times: user=0.01 sys=0.00, real=0.00 secs] 
2019-01-03T01:32:25.234+0900: 203391.733: [GC (Allocation Failure) [PSYoungGen: 63840K->320K(64000K)] 99406K->35886K(419328K), 0.0030149 secs] [Times: user=0.02 sys=0.00, real=0.00 secs] 
2019-01-03T01:32:58.285+0900: 203424.784: [GC (Allocation Failure) [PSYoungGen: 63808K->512K(64000K)] 99374K->36463K(419328K), 0.0038167 secs] [Times: user=0.01 sys=0.00, real=0.00 secs] 
2019-01-03T01:33:55.125+0900: 203481.624: [GC (Allocation Failure) [PSYoungGen: 64000K->320K(64512K)] 99951K->36271K(419840K), 0.0026703 secs] [Times: user=0.00 sys=0.01, real=0.00 secs] 
2019-01-03T01:34:51.357+0900: 203537.856: [GC (Allocation Failure) [PSYoungGen: 63808K->320K(64512K)] 99759K->36271K(419840K), 0.0028442 secs] [Times: user=0.02 sys=0.00, real=0.00 secs] 
2019-01-03T01:35:48.660+0900: 203595.159: [GC (Allocation Failure) [PSYoungGen: 63808K->384K(64512K)] 99759K->36335K(419840K), 0.0028771 secs] [Times: user=0.00 sys=0.01, real=0.00 secs] 
2019-01-03T01:36:45.790+0900: 203652.289: [GC (Allocation Failure) [PSYoungGen: 63872K->384K(64512K)] 99823K->36343K(419840K), 0.0029282 secs] [Times: user=0.01 sys=0.00, real=0.00 secs] 
2019-01-03T01:37:42.283+0900: 203708.782: [GC (Allocation Failure) [PSYoungGen: 63872K->384K(64512K)] 99831K->36343K(419840K), 0.0030936 secs] [Times: user=0.01 sys=0.00, real=0.01 secs] 
2019-01-03T01:38:39.237+0900: 203765.736: [GC (Allocation Failure) [PSYoungGen: 63872K->288K(64512K)] 99831K->36247K(419840K), 0.0028859 secs] [Times: user=0.01 sys=0.00, real=0.00 secs] 
2019-01-03T01:39:36.465+0900: 203822.964: [GC (Allocation Failure) [PSYoungGen: 63776K->320K(64512K)] 99735K->36279K(419840K), 0.0028666 secs] [Times: user=0.01 sys=0.00, real=0.00 secs] 
2019-01-03T01:40:33.692+0900: 203880.191: [GC (Allocation Failure) [PSYoungGen: 63808K->352K(64512K)] 99767K->36311K(419840K), 0.0026043 secs] [Times: user=0.01 sys=0.00, real=0.01 secs] 
2019-01-03T01:41:20.721+0900: 203927.220: [GC (Allocation Failure) [PSYoungGen: 63840K->544K(64512K)] 99799K->36503K(419840K), 0.0033859 secs] [Times: user=0.01 sys=0.00, real=0.01 secs] 
2019-01-03T01:42:15.663+0900: 203982.162: [GC (Allocation Failure) [PSYoungGen: 64032K->384K(64512K)] 99991K->36343K(419840K), 0.0028277 secs] [Times: user=0.01 sys=0.01, real=0.01 secs] 
2019-01-03T01:43:12.697+0900: 204039.196: [GC (Allocation Failure) [PSYoungGen: 63872K->320K(64512K)] 99831K->36279K(419840K), 0.0034846 secs] [Times: user=0.01 sys=0.00, real=0.00 secs] 
2019-01-03T01:44:09.797+0900: 204096.296: [GC (Allocation Failure) [PSYoungGen: 63808K->288K(64512K)] 99767K->36247K(419840K), 0.0032281 secs] [Times: user=0.02 sys=0.00, real=0.00 secs] 
2019-01-03T01:45:06.611+0900: 204153.110: [GC (Allocation Failure) [PSYoungGen: 63776K->384K(64512K)] 99735K->36343K(419840K), 0.0030417 secs] [Times: user=0.01 sys=0.00, real=0.01 secs] 
2019-01-03T01:46:03.171+0900: 204209.670: [GC (Allocation Failure) [PSYoungGen: 63872K->384K(64512K)] 99831K->36343K(419840K), 0.0026728 secs] [Times: user=0.00 sys=0.01, real=0.01 secs] 
2019-01-03T01:47:00.253+0900: 204266.752: [GC (Allocation Failure) [PSYoungGen: 63872K->384K(64512K)] 99831K->36399K(419840K), 0.0029927 secs] [Times: user=0.00 sys=0.01, real=0.01 secs] 
2019-01-03T01:47:53.288+0900: 204319.787: [GC (Allocation Failure) [PSYoungGen: 63872K->480K(64512K)] 99887K->36559K(419840K), 0.0032014 secs] [Times: user=0.01 sys=0.01, real=0.00 secs] 
2019-01-03T01:48:50.684+0900: 204377.183: [GC (Allocation Failure) [PSYoungGen: 63968K->352K(64512K)] 100047K->36431K(419840K), 0.0029763 secs] [Times: user=0.01 sys=0.00, real=0.00 secs] 
2019-01-03T01:49:47.045+0900: 204433.544: [GC (Allocation Failure) [PSYoungGen: 63840K->288K(64512K)] 99919K->36367K(419840K), 0.0031318 secs] [Times: user=0.01 sys=0.00, real=0.00 secs] 
2019-01-03T01:50:43.803+0900: 204490.302: [GC (Allocation Failure) [PSYoungGen: 63776K->384K(64512K)] 99855K->36463K(419840K), 0.0026387 secs] [Times: user=0.00 sys=0.01, real=0.01 secs] 
2019-01-03T01:51:36.607+0900: 204543.106: [GC (Allocation Failure) [PSYoungGen: 63872K->352K(64512K)] 99951K->36431K(419840K), 0.0030944 secs] [Times: user=0.01 sys=0.00, real=0.00 secs] 
2019-01-03T01:52:33.559+0900: 204600.058: [GC (Allocation Failure) [PSYoungGen: 63840K->320K(64512K)] 99919K->36399K(419840K), 0.0030220 secs] [Times: user=0.01 sys=0.00, real=0.00 secs] 
2019-01-03T01:53:30.411+0900: 204656.911: [GC (Allocation Failure) [PSYoungGen: 63808K->352K(64000K)] 99887K->36431K(419328K), 0.0028962 secs] [Times: user=0.01 sys=0.00, real=0.01 secs] 
2019-01-03T01:54:26.862+0900: 204713.361: [GC (Allocation Failure) [PSYoungGen: 63840K->352K(64000K)] 99919K->36431K(419328K), 0.0028413 secs] [Times: user=0.01 sys=0.00, real=0.01 secs] 
2019-01-03T01:55:23.289+0900: 204769.788: [GC (Allocation Failure) [PSYoungGen: 63840K->320K(64000K)] 99919K->36415K(419328K), 0.0031222 secs] [Times: user=0.01 sys=0.00, real=0.00 secs] 
2019-01-03T01:56:20.441+0900: 204826.940: [GC (Allocation Failure) [PSYoungGen: 63808K->288K(64000K)] 99903K->36383K(419328K), 0.0028174 secs] [Times: user=0.01 sys=0.00, real=0.00 secs] 
2019-01-03T01:57:17.669+0900: 204884.168: [GC (Allocation Failure) [PSYoungGen: 63776K->256K(64000K)] 99871K->36351K(419328K), 0.0027194 secs] [Times: user=0.01 sys=0.01, real=0.00 secs] 
2019-01-03T01:58:14.880+0900: 204941.379: [GC (Allocation Failure) [PSYoungGen: 63744K->384K(64000K)] 99839K->36479K(419328K), 0.0026173 secs] [Times: user=0.01 sys=0.00, real=0.00 secs] 
2019-01-03T01:59:11.862+0900: 204998.361: [GC (Allocation Failure) [PSYoungGen: 63872K->384K(64000K)] 99967K->36479K(419328K), 0.0030849 secs] [Times: user=0.00 sys=0.01, real=0.01 secs] 
2019-01-03T02:00:08.694+0900: 205055.193: [GC (Allocation Failure) [PSYoungGen: 63872K->320K(64000K)] 99967K->36415K(419328K), 0.0028913 secs] [Times: user=0.01 sys=0.00, real=0.00 secs] 
2019-01-03T02:01:05.481+0900: 205111.980: [GC (Allocation Failure) [PSYoungGen: 63808K->352K(64000K)] 99903K->36447K(419328K), 0.0031276 secs] [Times: user=0.01 sys=0.00, real=0.01 secs] 
2019-01-03T02:02:02.088+0900: 205168.588: [GC (Allocation Failure) [PSYoungGen: 63840K->384K(64000K)] 99935K->36519K(419328K), 0.0028963 secs] [Times: user=0.01 sys=0.00, real=0.00 secs] 
2019-01-03T02:02:47.054+0900: 205213.553: [GC (Allocation Failure) [PSYoungGen: 63872K->512K(64000K)] 100007K->36759K(419328K), 0.0031859 secs] [Times: user=0.01 sys=0.00, real=0.00 secs] 
2019-01-03T02:03:32.400+0900: 205258.899: [GC (Allocation Failure) [PSYoungGen: 64000K->576K(64512K)] 100247K->36823K(419840K), 0.0034701 secs] [Times: user=0.01 sys=0.00, real=0.00 secs] 
2019-01-03T02:04:28.793+0900: 205315.292: [GC (Allocation Failure) [PSYoungGen: 64064K->384K(64512K)] 100311K->36631K(419840K), 0.0028346 secs] [Times: user=0.01 sys=0.00, real=0.01 secs] 
2019-01-03T02:05:25.594+0900: 205372.093: [GC (Allocation Failure) [PSYoungGen: 63872K->320K(64512K)] 100119K->36575K(419840K), 0.0025616 secs] [Times: user=0.01 sys=0.00, real=0.00 secs] 
2019-01-03T02:06:22.815+0900: 205429.314: [GC (Allocation Failure) [PSYoungGen: 63808K->352K(64512K)] 100063K->36607K(419840K), 0.0029896 secs] [Times: user=0.01 sys=0.00, real=0.00 secs] 
2019-01-03T02:07:19.092+0900: 205485.591: [GC (Allocation Failure) [PSYoungGen: 63840K->320K(64512K)] 100095K->36575K(419840K), 0.0030487 secs] [Times: user=0.00 sys=0.01, real=0.01 secs] 
2019-01-03T02:08:16.134+0900: 205542.633: [GC (Allocation Failure) [PSYoungGen: 63808K->352K(64512K)] 100063K->36607K(419840K), 0.0033358 secs] [Times: user=0.01 sys=0.00, real=0.00 secs] 
2019-01-03T02:09:13.058+0900: 205599.557: [GC (Allocation Failure) [PSYoungGen: 63840K->384K(64512K)] 100095K->36639K(419840K), 0.0028798 secs] [Times: user=0.00 sys=0.01, real=0.00 secs] 
2019-01-03T02:10:09.742+0900: 205656.241: [GC (Allocation Failure) [PSYoungGen: 63872K->352K(64512K)] 100127K->36607K(419840K), 0.0030374 secs] [Times: user=0.01 sys=0.00, real=0.01 secs] 
2019-01-03T02:11:06.956+0900: 205713.455: [GC (Allocation Failure) [PSYoungGen: 63840K->352K(64512K)] 100095K->36607K(419840K), 0.0031097 secs] [Times: user=0.02 sys=0.00, real=0.00 secs] 
2019-01-03T02:11:52.258+0900: 205758.757: [GC (Allocation Failure) [PSYoungGen: 63840K->608K(64512K)] 100095K->36863K(419840K), 0.0031001 secs] [Times: user=0.01 sys=0.00, real=0.00 secs] 
2019-01-03T02:12:45.346+0900: 205811.845: [GC (Allocation Failure) [PSYoungGen: 64096K->384K(64512K)] 100351K->36639K(419840K), 0.0030261 secs] [Times: user=0.01 sys=0.00, real=0.00 secs] 
2019-01-03T02:13:42.525+0900: 205869.024: [GC (Allocation Failure) [PSYoungGen: 63872K->384K(64512K)] 100127K->36639K(419840K), 0.0026757 secs] [Times: user=0.01 sys=0.00, real=0.00 secs] 
2019-01-03T02:14:39.585+0900: 205926.084: [GC (Allocation Failure) [PSYoungGen: 63872K->320K(64512K)] 100127K->36575K(419840K), 0.0030067 secs] [Times: user=0.00 sys=0.01, real=0.00 secs] 
2019-01-03T02:15:36.091+0900: 205982.590: [GC (Allocation Failure) [PSYoungGen: 63808K->352K(64512K)] 100063K->36607K(419840K), 0.0027748 secs] [Times: user=0.00 sys=0.01, real=0.01 secs] 
2019-01-03T02:16:33.168+0900: 206039.667: [GC (Allocation Failure) [PSYoungGen: 63840K->384K(64512K)] 100095K->36671K(419840K), 0.0029129 secs] [Times: user=0.02 sys=0.00, real=0.00 secs] 
2019-01-03T02:17:30.139+0900: 206096.638: [GC (Allocation Failure) [PSYoungGen: 63872K->352K(64512K)] 100159K->36687K(419840K), 0.0030395 secs] [Times: user=0.01 sys=0.00, real=0.00 secs] 
2019-01-03T02:18:27.560+0900: 206154.059: [GC (Allocation Failure) [PSYoungGen: 63840K->352K(64512K)] 100175K->36687K(419840K), 0.0032333 secs] [Times: user=0.00 sys=0.01, real=0.00 secs] 
2019-01-03T02:19:24.508+0900: 206211.007: [GC (Allocation Failure) [PSYoungGen: 63840K->352K(64000K)] 100175K->36687K(419328K), 0.0029268 secs] [Times: user=0.01 sys=0.01, real=0.00 secs] 
2019-01-03T02:20:21.124+0900: 206267.623: [GC (Allocation Failure) [PSYoungGen: 63840K->320K(64000K)] 100175K->36655K(419328K), 0.0031000 secs] [Times: user=0.01 sys=0.02, real=0.00 secs] 
2019-01-03T02:21:18.070+0900: 206324.569: [GC (Allocation Failure) [PSYoungGen: 63808K->256K(64000K)] 100143K->36591K(419328K), 0.0029479 secs] [Times: user=0.00 sys=0.01, real=0.00 secs] 
2019-01-03T02:22:14.874+0900: 206381.373: [GC (Allocation Failure) [PSYoungGen: 63744K->320K(64000K)] 100079K->36655K(419328K), 0.0030152 secs] [Times: user=0.00 sys=0.01, real=0.00 secs] 
2019-01-03T02:23:11.786+0900: 206438.285: [GC (Allocation Failure) [PSYoungGen: 63808K->384K(64000K)] 100143K->36719K(419328K), 0.0029189 secs] [Times: user=0.01 sys=0.01, real=0.00 secs] 
2019-01-03T02:24:09.018+0900: 206495.517: [GC (Allocation Failure) [PSYoungGen: 63872K->320K(64000K)] 100207K->36655K(419328K), 0.0031654 secs] [Times: user=0.01 sys=0.01, real=0.00 secs] 
2019-01-03T02:25:06.096+0900: 206552.595: [GC (Allocation Failure) [PSYoungGen: 63808K->320K(64000K)] 100143K->36655K(419328K), 0.0030294 secs] [Times: user=0.01 sys=0.00, real=0.00 secs] 
2019-01-03T02:26:03.246+0900: 206609.745: [GC (Allocation Failure) [PSYoungGen: 63808K->288K(64000K)] 100143K->36663K(419328K), 0.0028009 secs] [Times: user=0.00 sys=0.01, real=0.00 secs] 
2019-01-03T02:26:59.895+0900: 206666.394: [GC (Allocation Failure) [PSYoungGen: 63776K->352K(64000K)] 100151K->36775K(419328K), 0.0029528 secs] [Times: user=0.00 sys=0.01, real=0.00 secs] 
2019-01-03T02:27:56.711+0900: 206723.210: [GC (Allocation Failure) [PSYoungGen: 63840K->384K(64000K)] 100263K->36807K(419328K), 0.0033126 secs] [Times: user=0.00 sys=0.01, real=0.01 secs] 
2019-01-03T02:28:53.185+0900: 206779.684: [GC (Allocation Failure) [PSYoungGen: 63872K->320K(64000K)] 100295K->36743K(419328K), 0.0030197 secs] [Times: user=0.00 sys=0.01, real=0.00 secs] 
2019-01-03T02:29:49.911+0900: 206836.411: [GC (Allocation Failure) [PSYoungGen: 63808K->288K(64000K)] 100231K->36711K(419328K), 0.0033646 secs] [Times: user=0.01 sys=0.00, real=0.01 secs] 
2019-01-03T02:30:46.793+0900: 206893.292: [GC (Allocation Failure) [PSYoungGen: 63776K->320K(64000K)] 100199K->36743K(419328K), 0.0032162 secs] [Times: user=0.00 sys=0.01, real=0.01 secs] 
2019-01-03T02:31:43.783+0900: 206950.282: [GC (Allocation Failure) [PSYoungGen: 63808K->320K(64000K)] 100231K->36743K(419328K), 0.0028027 secs] [Times: user=0.00 sys=0.01, real=0.01 secs] 
2019-01-03T02:32:38.184+0900: 207004.683: [GC (Allocation Failure) [PSYoungGen: 63806K->480K(64000K)] 100229K->36927K(419328K), 0.0029185 secs] [Times: user=0.00 sys=0.01, real=0.00 secs] 
2019-01-03T02:33:13.883+0900: 207040.382: [GC (Allocation Failure) [PSYoungGen: 63968K->512K(64000K)] 100415K->37295K(419328K), 0.0040028 secs] [Times: user=0.00 sys=0.02, real=0.01 secs] 
2019-01-03T02:34:10.929+0900: 207097.428: [GC (Allocation Failure) [PSYoungGen: 64000K->384K(64512K)] 100783K->37167K(419840K), 0.0030812 secs] [Times: user=0.00 sys=0.00, real=0.00 secs] 
2019-01-03T02:35:07.614+0900: 207154.113: [GC (Allocation Failure) [PSYoungGen: 63872K->384K(64512K)] 100655K->37167K(419840K), 0.0030447 secs] [Times: user=0.01 sys=0.01, real=0.00 secs] 
2019-01-03T02:36:04.209+0900: 207210.708: [GC (Allocation Failure) [PSYoungGen: 63872K->384K(64512K)] 100655K->37167K(419840K), 0.0027492 secs] [Times: user=0.01 sys=0.00, real=0.00 secs] 
2019-01-03T02:37:01.332+0900: 207267.831: [GC (Allocation Failure) [PSYoungGen: 63872K->384K(64512K)] 100655K->37167K(419840K), 0.0031542 secs] [Times: user=0.00 sys=0.02, real=0.01 secs] 
2019-01-03T02:37:58.280+0900: 207324.779: [GC (Allocation Failure) [PSYoungGen: 63872K->320K(64512K)] 100655K->37103K(419840K), 0.0030728 secs] [Times: user=0.00 sys=0.02, real=0.00 secs] 
2019-01-03T02:38:55.462+0900: 207381.961: [GC (Allocation Failure) [PSYoungGen: 63808K->384K(64512K)] 100591K->37167K(419840K), 0.0031260 secs] [Times: user=0.00 sys=0.01, real=0.01 secs] 
2019-01-03T02:39:51.766+0900: 207438.265: [GC (Allocation Failure) [PSYoungGen: 63872K->384K(64512K)] 100655K->37167K(419840K), 0.0028337 secs] [Times: user=0.00 sys=0.01, real=0.00 secs] 
2019-01-03T02:40:48.966+0900: 207495.465: [GC (Allocation Failure) [PSYoungGen: 63872K->384K(64512K)] 100655K->37167K(419840K), 0.0025204 secs] [Times: user=0.01 sys=0.00, real=0.00 secs] 
2019-01-03T02:41:40.134+0900: 207546.633: [GC (Allocation Failure) [PSYoungGen: 63870K->576K(64512K)] 100654K->37359K(419840K), 0.0032530 secs] [Times: user=0.00 sys=0.01, real=0.00 secs] 
2019-01-03T02:42:30.532+0900: 207597.031: [GC (Allocation Failure) [PSYoungGen: 64064K->448K(64512K)] 100847K->37231K(419840K), 0.0031561 secs] [Times: user=0.00 sys=0.02, real=0.01 secs] 
2019-01-03T02:43:27.608+0900: 207654.107: [GC (Allocation Failure) [PSYoungGen: 63936K->320K(64512K)] 100719K->37103K(419840K), 0.0031615 secs] [Times: user=0.00 sys=0.00, real=0.00 secs] 
2019-01-03T02:44:24.791+0900: 207711.290: [GC (Allocation Failure) [PSYoungGen: 63808K->320K(64512K)] 100591K->37103K(419840K), 0.0028762 secs] [Times: user=0.01 sys=0.00, real=0.01 secs] 
2019-01-03T02:45:22.023+0900: 207768.522: [GC (Allocation Failure) [PSYoungGen: 63808K->320K(64512K)] 100591K->37103K(419840K), 0.0029227 secs] [Times: user=0.01 sys=0.00, real=0.01 secs] 
2019-01-03T02:46:19.165+0900: 207825.664: [GC (Allocation Failure) [PSYoungGen: 63808K->352K(64512K)] 100591K->37159K(419840K), 0.0029754 secs] [Times: user=0.01 sys=0.00, real=0.00 secs] 
2019-01-03T02:47:15.797+0900: 207882.296: [GC (Allocation Failure) [PSYoungGen: 63840K->384K(64512K)] 100647K->37239K(419840K), 0.0028933 secs] [Times: user=0.02 sys=0.00, real=0.00 secs] 
2019-01-03T02:48:13.084+0900: 207939.583: [GC (Allocation Failure) [PSYoungGen: 63872K->352K(64512K)] 100727K->37279K(419840K), 0.0037189 secs] [Times: user=0.00 sys=0.02, real=0.00 secs] 
2019-01-03T02:49:10.057+0900: 207996.556: [GC (Allocation Failure) [PSYoungGen: 63840K->352K(64512K)] 100767K->37279K(419840K), 0.0029635 secs] [Times: user=0.00 sys=0.01, real=0.00 secs] 
2019-01-03T02:50:07.285+0900: 208053.784: [GC (Allocation Failure) [PSYoungGen: 63840K->352K(64512K)] 100767K->37279K(419840K), 0.0029908 secs] [Times: user=0.01 sys=0.00, real=0.00 secs] 
2019-01-03T02:51:04.515+0900: 208111.014: [GC (Allocation Failure) [PSYoungGen: 63840K->384K(64000K)] 100767K->37311K(419328K), 0.0025979 secs] [Times: user=0.00 sys=0.01, real=0.00 secs] 
2019-01-03T02:52:00.833+0900: 208167.332: [GC (Allocation Failure) [PSYoungGen: 63872K->352K(64000K)] 100799K->37279K(419328K), 0.0029536 secs] [Times: user=0.01 sys=0.00, real=0.01 secs] 
2019-01-03T02:52:57.967+0900: 208224.466: [GC (Allocation Failure) [PSYoungGen: 63840K->384K(64000K)] 100767K->37311K(419328K), 0.0027370 secs] [Times: user=0.01 sys=0.00, real=0.00 secs] 
2019-01-03T02:53:55.196+0900: 208281.695: [GC (Allocation Failure) [PSYoungGen: 63872K->320K(64000K)] 100799K->37247K(419328K), 0.0029724 secs] [Times: user=0.01 sys=0.00, real=0.00 secs] 
2019-01-03T02:54:52.318+0900: 208338.817: [GC (Allocation Failure) [PSYoungGen: 63808K->288K(64000K)] 100735K->37215K(419328K), 0.0029876 secs] [Times: user=0.01 sys=0.00, real=0.00 secs] 
2019-01-03T02:55:49.020+0900: 208395.519: [GC (Allocation Failure) [PSYoungGen: 63776K->288K(64000K)] 100703K->37239K(419328K), 0.0031575 secs] [Times: user=0.00 sys=0.01, real=0.00 secs] 
2019-01-03T02:56:45.875+0900: 208452.374: [GC (Allocation Failure) [PSYoungGen: 63776K->320K(64000K)] 100727K->37311K(419328K), 0.0025543 secs] [Times: user=0.00 sys=0.01, real=0.00 secs] 
2019-01-03T02:57:42.826+0900: 208509.325: [GC (Allocation Failure) [PSYoungGen: 63808K->384K(64000K)] 100799K->37375K(419328K), 0.0031078 secs] [Times: user=0.00 sys=0.01, real=0.00 secs] 
2019-01-03T02:58:39.461+0900: 208565.960: [GC (Allocation Failure) [PSYoungGen: 63872K->320K(64000K)] 100863K->37311K(419328K), 0.0029164 secs] [Times: user=0.00 sys=0.01, real=0.00 secs] 
2019-01-03T02:59:36.578+0900: 208623.077: [GC (Allocation Failure) [PSYoungGen: 63808K->384K(64000K)] 100799K->37375K(419328K), 0.0026504 secs] [Times: user=0.01 sys=0.00, real=0.00 secs] 
2019-01-03T03:00:33.812+0900: 208680.311: [GC (Allocation Failure) [PSYoungGen: 63872K->384K(64000K)] 100863K->37375K(419328K), 0.0029546 secs] [Times: user=0.00 sys=0.02, real=0.01 secs] 
2019-01-03T03:01:31.042+0900: 208737.541: [GC (Allocation Failure) [PSYoungGen: 63872K->384K(64000K)] 100863K->37375K(419328K), 0.0029083 secs] [Times: user=0.00 sys=0.01, real=0.01 secs] 
2019-01-03T03:02:28.272+0900: 208794.771: [GC (Allocation Failure) [PSYoungGen: 63872K->352K(64000K)] 100863K->37343K(419328K), 0.0029242 secs] [Times: user=0.01 sys=0.00, real=0.01 secs] 
2019-01-03T03:03:01.457+0900: 208827.956: [GC (Allocation Failure) [PSYoungGen: 63840K->512K(64000K)] 100831K->37855K(419328K), 0.0034435 secs] [Times: user=0.01 sys=0.01, real=0.00 secs] 
2019-01-03T03:03:58.634+0900: 208885.133: [GC (Allocation Failure) [PSYoungGen: 64000K->384K(64512K)] 101343K->37727K(419840K), 0.0030582 secs] [Times: user=0.00 sys=0.01, real=0.00 secs] 
2019-01-03T03:04:55.603+0900: 208942.102: [GC (Allocation Failure) [PSYoungGen: 63872K->288K(64512K)] 101215K->37631K(419840K), 0.0030343 secs] [Times: user=0.01 sys=0.00, real=0.01 secs] 
2019-01-03T03:05:52.378+0900: 208998.877: [GC (Allocation Failure) [PSYoungGen: 63776K->384K(64512K)] 101119K->37727K(419840K), 0.0029784 secs] [Times: user=0.00 sys=0.01, real=0.00 secs] 
2019-01-03T03:06:49.392+0900: 209055.891: [GC (Allocation Failure) [PSYoungGen: 63872K->288K(64512K)] 101215K->37631K(419840K), 0.0030256 secs] [Times: user=0.00 sys=0.00, real=0.01 secs] 
2019-01-03T03:07:46.529+0900: 209113.028: [GC (Allocation Failure) [PSYoungGen: 63776K->352K(64512K)] 101119K->37695K(419840K), 0.0026399 secs] [Times: user=0.01 sys=0.00, real=0.00 secs] 
2019-01-03T03:08:43.103+0900: 209169.602: [GC (Allocation Failure) [PSYoungGen: 63840K->352K(64512K)] 101183K->37695K(419840K), 0.0026058 secs] [Times: user=0.00 sys=0.01, real=0.01 secs] 
2019-01-03T03:09:40.388+0900: 209226.887: [GC (Allocation Failure) [PSYoungGen: 63840K->320K(64512K)] 101183K->37663K(419840K), 0.0027326 secs] [Times: user=0.01 sys=0.00, real=0.00 secs] 
2019-01-03T03:10:37.193+0900: 209283.692: [GC (Allocation Failure) [PSYoungGen: 63808K->384K(64512K)] 101151K->37727K(419840K), 0.0027692 secs] [Times: user=0.01 sys=0.01, real=0.01 secs] 
2019-01-03T03:11:33.929+0900: 209340.428: [GC (Allocation Failure) [PSYoungGen: 63872K->352K(64512K)] 101215K->37695K(419840K), 0.0028426 secs] [Times: user=0.00 sys=0.01, real=0.00 secs] 
2019-01-03T03:12:19.492+0900: 209385.991: [GC (Allocation Failure) [PSYoungGen: 63840K->576K(64512K)] 101183K->37919K(419840K), 0.0031953 secs] [Times: user=0.01 sys=0.00, real=0.01 secs] 
2019-01-03T03:13:15.808+0900: 209442.307: [GC (Allocation Failure) [PSYoungGen: 64064K->384K(64512K)] 101407K->37727K(419840K), 0.0030021 secs] [Times: user=0.00 sys=0.01, real=0.00 secs] 
2019-01-03T03:14:13.110+0900: 209499.609: [GC (Allocation Failure) [PSYoungGen: 63872K->384K(64512K)] 101215K->37727K(419840K), 0.0028874 secs] [Times: user=0.01 sys=0.01, real=0.00 secs] 
2019-01-03T03:15:10.254+0900: 209556.753: [GC (Allocation Failure) [PSYoungGen: 63872K->288K(64512K)] 101215K->37631K(419840K), 0.0031050 secs] [Times: user=0.00 sys=0.01, real=0.01 secs] 
2019-01-03T03:16:07.064+0900: 209613.563: [GC (Allocation Failure) [PSYoungGen: 63776K->384K(64512K)] 101119K->37727K(419840K), 0.0029832 secs] [Times: user=0.00 sys=0.01, real=0.00 secs] 
2019-01-03T03:17:03.507+0900: 209670.006: [GC (Allocation Failure) [PSYoungGen: 63872K->384K(64512K)] 101215K->37807K(419840K), 0.0026494 secs] [Times: user=0.01 sys=0.00, real=0.00 secs] 
2019-01-03T03:18:00.923+0900: 209727.422: [GC (Allocation Failure) [PSYoungGen: 63872K->384K(64512K)] 101295K->37847K(419840K), 0.0028558 secs] [Times: user=0.01 sys=0.01, real=0.01 secs] 
2019-01-03T03:18:57.403+0900: 209783.902: [GC (Allocation Failure) [PSYoungGen: 63872K->352K(64000K)] 101335K->37815K(419328K), 0.0029310 secs] [Times: user=0.01 sys=0.00, real=0.01 secs] 
2019-01-03T03:19:54.369+0900: 209840.868: [GC (Allocation Failure) [PSYoungGen: 63840K->352K(64000K)] 101303K->37815K(419328K), 0.0030469 secs] [Times: user=0.02 sys=0.00, real=0.00 secs] 
2019-01-03T03:20:51.172+0900: 209897.671: [GC (Allocation Failure) [PSYoungGen: 63840K->384K(64000K)] 101303K->37847K(419328K), 0.0028531 secs] [Times: user=0.00 sys=0.01, real=0.01 secs] 
2019-01-03T03:21:48.117+0900: 209954.616: [GC (Allocation Failure) [PSYoungGen: 63872K->384K(64000K)] 101335K->37847K(419328K), 0.0029377 secs] [Times: user=0.01 sys=0.00, real=0.00 secs] 
2019-01-03T03:22:44.989+0900: 210011.488: [GC (Allocation Failure) [PSYoungGen: 63872K->320K(64000K)] 101335K->37783K(419328K), 0.0026693 secs] [Times: user=0.01 sys=0.00, real=0.00 secs] 
2019-01-03T03:23:41.853+0900: 210068.352: [GC (Allocation Failure) [PSYoungGen: 63808K->320K(64000K)] 101271K->37783K(419328K), 0.0029603 secs] [Times: user=0.00 sys=0.01, real=0.01 secs] 
2019-01-03T03:24:38.729+0900: 210125.228: [GC (Allocation Failure) [PSYoungGen: 63808K->320K(64000K)] 101271K->37783K(419328K), 0.0029425 secs] [Times: user=0.00 sys=0.01, real=0.00 secs] 
2019-01-03T03:25:35.676+0900: 210182.175: [GC (Allocation Failure) [PSYoungGen: 63808K->352K(64000K)] 101271K->37815K(419328K), 0.0030180 secs] [Times: user=0.02 sys=0.00, real=0.00 secs] 
2019-01-03T03:26:32.353+0900: 210238.852: [GC (Allocation Failure) [PSYoungGen: 63840K->352K(64000K)] 101303K->37839K(419328K), 0.0027139 secs] [Times: user=0.01 sys=0.00, real=0.01 secs] 
2019-01-03T03:27:29.205+0900: 210295.704: [GC (Allocation Failure) [PSYoungGen: 63840K->384K(64000K)] 101327K->37871K(419328K), 0.0027683 secs] [Times: user=0.00 sys=0.01, real=0.00 secs] 
2019-01-03T03:28:26.130+0900: 210352.629: [GC (Allocation Failure) [PSYoungGen: 63872K->352K(64000K)] 101359K->37839K(419328K), 0.0029134 secs] [Times: user=0.01 sys=0.01, real=0.00 secs] 
2019-01-03T03:29:22.683+0900: 210409.182: [GC (Allocation Failure) [PSYoungGen: 63840K->352K(64000K)] 101327K->37839K(419328K), 0.0029817 secs] [Times: user=0.01 sys=0.01, real=0.01 secs] 
2019-01-03T03:30:19.875+0900: 210466.374: [GC (Allocation Failure) [PSYoungGen: 63840K->320K(64000K)] 101327K->37807K(419328K), 0.0030322 secs] [Times: user=0.01 sys=0.01, real=0.00 secs] 
2019-01-03T03:31:17.105+0900: 210523.604: [GC (Allocation Failure) [PSYoungGen: 63808K->352K(64000K)] 101295K->37839K(419328K), 0.0030977 secs] [Times: user=0.01 sys=0.00, real=0.00 secs] 
2019-01-03T03:32:14.190+0900: 210580.689: [GC (Allocation Failure) [PSYoungGen: 63840K->320K(64000K)] 101327K->37807K(419328K), 0.0028088 secs] [Times: user=0.00 sys=0.01, real=0.00 secs] 
2019-01-03T03:32:49.225+0900: 210615.725: [GC (Allocation Failure) [PSYoungGen: 63807K->480K(64000K)] 101295K->38336K(419328K), 0.0037773 secs] [Times: user=0.02 sys=0.00, real=0.00 secs] 
2019-01-03T03:33:43.775+0900: 210670.274: [GC (Allocation Failure) [PSYoungGen: 63968K->416K(64512K)] 101824K->38272K(419840K), 0.0027021 secs] [Times: user=0.01 sys=0.00, real=0.00 secs] 
2019-01-03T03:34:40.907+0900: 210727.406: [GC (Allocation Failure) [PSYoungGen: 63904K->384K(64512K)] 101760K->38240K(419840K), 0.0029246 secs] [Times: user=0.01 sys=0.00, real=0.00 secs] 
2019-01-03T03:35:38.143+0900: 210784.642: [GC (Allocation Failure) [PSYoungGen: 63872K->320K(64512K)] 101728K->38176K(419840K), 0.0030058 secs] [Times: user=0.00 sys=0.01, real=0.01 secs] 
2019-01-03T03:36:35.377+0900: 210841.876: [GC (Allocation Failure) [PSYoungGen: 63808K->384K(64512K)] 101664K->38240K(419840K), 0.0030750 secs] [Times: user=0.01 sys=0.01, real=0.00 secs] 
2019-01-03T03:37:32.058+0900: 210898.557: [GC (Allocation Failure) [PSYoungGen: 63872K->288K(64512K)] 101728K->38144K(419840K), 0.0027570 secs] [Times: user=0.01 sys=0.00, real=0.00 secs] 
2019-01-03T03:38:28.890+0900: 210955.389: [GC (Allocation Failure) [PSYoungGen: 63776K->288K(64512K)] 101632K->38144K(419840K), 0.0029068 secs] [Times: user=0.00 sys=0.01, real=0.00 secs] 
2019-01-03T03:39:26.050+0900: 211012.549: [GC (Allocation Failure) [PSYoungGen: 63776K->384K(64512K)] 101632K->38240K(419840K), 0.0026814 secs] [Times: user=0.00 sys=0.01, real=0.00 secs] 
2019-01-03T03:40:22.879+0900: 211069.378: [GC (Allocation Failure) [PSYoungGen: 63872K->352K(64512K)] 101728K->38208K(419840K), 0.0029735 secs] [Times: user=0.00 sys=0.01, real=0.00 secs] 
2019-01-03T03:41:19.622+0900: 211126.121: [GC (Allocation Failure) [PSYoungGen: 63840K->320K(64512K)] 101696K->38176K(419840K), 0.0029747 secs] [Times: user=0.00 sys=0.01, real=0.01 secs] 
2019-01-03T03:42:04.824+0900: 211171.323: [GC (Allocation Failure) [PSYoungGen: 63808K->608K(64512K)] 101664K->38464K(419840K), 0.0029739 secs] [Times: user=0.01 sys=0.00, real=0.00 secs] 
2019-01-03T03:43:01.905+0900: 211228.404: [GC (Allocation Failure) [PSYoungGen: 64096K->384K(64512K)] 101952K->38240K(419840K), 0.0030112 secs] [Times: user=0.01 sys=0.01, real=0.00 secs] 
2019-01-03T03:43:59.116+0900: 211285.615: [GC (Allocation Failure) [PSYoungGen: 63872K->384K(64512K)] 101728K->38240K(419840K), 0.0032341 secs] [Times: user=0.01 sys=0.01, real=0.00 secs] 
2019-01-03T03:44:55.385+0900: 211341.884: [GC (Allocation Failure) [PSYoungGen: 63872K->352K(64512K)] 101728K->38208K(419840K), 0.0033749 secs] [Times: user=0.01 sys=0.01, real=0.00 secs] 
2019-01-03T03:45:52.374+0900: 211398.873: [GC (Allocation Failure) [PSYoungGen: 63840K->352K(64512K)] 101696K->38208K(419840K), 0.0029085 secs] [Times: user=0.00 sys=0.02, real=0.00 secs] 
2019-01-03T03:46:49.009+0900: 211455.508: [GC (Allocation Failure) [PSYoungGen: 63840K->288K(64512K)] 101696K->38176K(419840K), 0.0028961 secs] [Times: user=0.01 sys=0.00, real=0.00 secs] 
2019-01-03T03:47:46.004+0900: 211512.503: [GC (Allocation Failure) [PSYoungGen: 63776K->352K(64512K)] 101664K->38272K(419840K), 0.0029014 secs] [Times: user=0.00 sys=0.01, real=0.00 secs] 
2019-01-03T03:48:43.233+0900: 211569.732: [GC (Allocation Failure) [PSYoungGen: 63840K->352K(64512K)] 101760K->38272K(419840K), 0.0028955 secs] [Times: user=0.00 sys=0.01, real=0.01 secs] 
2019-01-03T03:49:40.469+0900: 211626.968: [GC (Allocation Failure) [PSYoungGen: 63840K->320K(64512K)] 101760K->38240K(419840K), 0.0029980 secs] [Times: user=0.00 sys=0.01, real=0.00 secs] 
2019-01-03T03:50:37.431+0900: 211683.930: [GC (Allocation Failure) [PSYoungGen: 63808K->384K(64000K)] 101728K->38304K(419328K), 0.0032252 secs] [Times: user=0.00 sys=0.00, real=0.01 secs] 
2019-01-03T03:51:34.162+0900: 211740.661: [GC (Allocation Failure) [PSYoungGen: 63872K->352K(64000K)] 101792K->38272K(419328K), 0.0026668 secs] [Times: user=0.00 sys=0.01, real=0.01 secs] 
2019-01-03T03:52:31.146+0900: 211797.645: [GC (Allocation Failure) [PSYoungGen: 63840K->352K(64000K)] 101760K->38272K(419328K), 0.0027059 secs] [Times: user=0.01 sys=0.00, real=0.00 secs] 
2019-01-03T03:53:28.216+0900: 211854.715: [GC (Allocation Failure) [PSYoungGen: 63840K->384K(64000K)] 101760K->38304K(419328K), 0.0029542 secs] [Times: user=0.01 sys=0.00, real=0.00 secs] 
2019-01-03T03:54:24.865+0900: 211911.364: [GC (Allocation Failure) [PSYoungGen: 63872K->320K(64000K)] 101792K->38240K(419328K), 0.0029423 secs] [Times: user=0.01 sys=0.01, real=0.00 secs] 
2019-01-03T03:55:21.686+0900: 211968.185: [GC (Allocation Failure) [PSYoungGen: 63808K->384K(64000K)] 101728K->38304K(419328K), 0.0025457 secs] [Times: user=0.00 sys=0.01, real=0.00 secs] 
2019-01-03T03:56:18.424+0900: 212024.923: [GC (Allocation Failure) [PSYoungGen: 63872K->384K(64000K)] 101792K->38376K(419328K), 0.0030398 secs] [Times: user=0.00 sys=0.01, real=0.00 secs] 
2019-01-03T03:57:15.095+0900: 212081.594: [GC (Allocation Failure) [PSYoungGen: 63872K->320K(64000K)] 101864K->38312K(419328K), 0.0029861 secs] [Times: user=0.00 sys=0.01, real=0.00 secs] 
2019-01-03T03:58:12.071+0900: 212138.570: [GC (Allocation Failure) [PSYoungGen: 63808K->352K(64000K)] 101800K->38344K(419328K), 0.0029531 secs] [Times: user=0.01 sys=0.00, real=0.00 secs] 
2019-01-03T03:59:08.871+0900: 212195.370: [GC (Allocation Failure) [PSYoungGen: 63840K->384K(64000K)] 101832K->38376K(419328K), 0.0024920 secs] [Times: user=0.00 sys=0.01, real=0.00 secs] 
2019-01-03T04:00:05.435+0900: 212251.934: [GC (Allocation Failure) [PSYoungGen: 63872K->384K(64000K)] 101864K->38376K(419328K), 0.0027204 secs] [Times: user=0.00 sys=0.01, real=0.00 secs] 
2019-01-03T04:01:02.312+0900: 212308.811: [GC (Allocation Failure) [PSYoungGen: 63872K->320K(64000K)] 101864K->38312K(419328K), 0.0025647 secs] [Times: user=0.01 sys=0.00, real=0.01 secs] 
2019-01-03T04:01:59.218+0900: 212365.717: [GC (Allocation Failure) [PSYoungGen: 63808K->288K(64000K)] 101800K->38280K(419328K), 0.0027055 secs] [Times: user=0.00 sys=0.02, real=0.00 secs] 
2019-01-03T04:02:44.432+0900: 212410.931: [GC (Allocation Failure) [PSYoungGen: 63776K->512K(64000K)] 101768K->38536K(419328K), 0.0033079 secs] [Times: user=0.01 sys=0.00, real=0.01 secs] 
2019-01-03T04:03:28.904+0900: 212455.403: [GC (Allocation Failure) [PSYoungGen: 64000K->608K(64512K)] 102024K->38632K(419840K), 0.0036760 secs] [Times: user=0.01 sys=0.00, real=0.00 secs] 
2019-01-03T04:04:25.933+0900: 212512.432: [GC (Allocation Failure) [PSYoungGen: 64096K->384K(64512K)] 102120K->38408K(419840K), 0.0030023 secs] [Times: user=0.01 sys=0.00, real=0.01 secs] 
2019-01-03T04:05:22.624+0900: 212569.123: [GC (Allocation Failure) [PSYoungGen: 63872K->288K(64512K)] 101896K->38312K(419840K), 0.0030852 secs] [Times: user=0.00 sys=0.01, real=0.00 secs] 
2019-01-03T04:06:19.823+0900: 212626.322: [GC (Allocation Failure) [PSYoungGen: 63776K->352K(64512K)] 101800K->38376K(419840K), 0.0029816 secs] [Times: user=0.01 sys=0.00, real=0.01 secs] 
2019-01-03T04:07:16.605+0900: 212683.104: [GC (Allocation Failure) [PSYoungGen: 63840K->384K(64512K)] 101864K->38408K(419840K), 0.0030070 secs] [Times: user=0.01 sys=0.00, real=0.00 secs] 
2019-01-03T04:08:13.241+0900: 212739.740: [GC (Allocation Failure) [PSYoungGen: 63872K->352K(64512K)] 101896K->38376K(419840K), 0.0027912 secs] [Times: user=0.01 sys=0.00, real=0.01 secs] 
2019-01-03T04:09:10.454+0900: 212796.953: [GC (Allocation Failure) [PSYoungGen: 63840K->384K(64512K)] 101864K->38408K(419840K), 0.0028293 secs] [Times: user=0.00 sys=0.01, real=0.00 secs] 
2019-01-03T04:10:07.269+0900: 212853.768: [GC (Allocation Failure) [PSYoungGen: 63872K->320K(64512K)] 101896K->38344K(419840K), 0.0029161 secs] [Times: user=0.01 sys=0.00, real=0.00 secs] 
2019-01-03T04:11:03.831+0900: 212910.330: [GC (Allocation Failure) [PSYoungGen: 63808K->352K(64000K)] 101832K->38376K(419328K), 0.0034143 secs] [Times: user=0.00 sys=0.01, real=0.01 secs] 
2019-01-03T04:12:00.718+0900: 212967.217: [GC (Allocation Failure) [PSYoungGen: 63840K->384K(64000K)] 101864K->38408K(419328K), 0.0031599 secs] [Times: user=0.00 sys=0.01, real=0.00 secs] 
2019-01-03T04:12:45.930+0900: 213012.429: [GC (Allocation Failure) [PSYoungGen: 63872K->512K(64000K)] 101896K->38536K(419328K), 0.0036246 secs] [Times: user=0.00 sys=0.01, real=0.01 secs] 
2019-01-03T04:13:39.364+0900: 213065.863: [GC (Allocation Failure) [PSYoungGen: 64000K->384K(64512K)] 102024K->38408K(419840K), 0.0030626 secs] [Times: user=0.01 sys=0.00, real=0.00 secs] 
2019-01-03T04:14:36.330+0900: 213122.829: [GC (Allocation Failure) [PSYoungGen: 63872K->320K(64512K)] 101896K->38344K(419840K), 0.0026726 secs] [Times: user=0.00 sys=0.01, real=0.00 secs] 
2019-01-03T04:15:33.553+0900: 213180.052: [GC (Allocation Failure) [PSYoungGen: 63808K->352K(64512K)] 101832K->38376K(419840K), 0.0039790 secs] [Times: user=0.02 sys=0.00, real=0.01 secs] 
2019-01-03T04:16:30.146+0900: 213236.645: [GC (Allocation Failure) [PSYoungGen: 63840K->320K(64000K)] 101864K->38400K(419328K), 0.0028901 secs] [Times: user=0.00 sys=0.01, real=0.00 secs] 
2019-01-03T04:17:27.146+0900: 213293.645: [GC (Allocation Failure) [PSYoungGen: 63808K->320K(64000K)] 101888K->38448K(419328K), 0.0030879 secs] [Times: user=0.00 sys=0.01, real=0.00 secs] 
2019-01-03T04:18:23.475+0900: 213349.974: [GC (Allocation Failure) [PSYoungGen: 63808K->320K(64000K)] 101936K->38448K(419328K), 0.0028426 secs] [Times: user=0.00 sys=0.01, real=0.00 secs] 
2019-01-03T04:19:20.451+0900: 213406.951: [GC (Allocation Failure) [PSYoungGen: 63808K->320K(64000K)] 101936K->38448K(419328K), 0.0035397 secs] [Times: user=0.00 sys=0.01, real=0.01 secs] 
2019-01-03T04:20:17.697+0900: 213464.196: [GC (Allocation Failure) [PSYoungGen: 63808K->288K(64000K)] 101936K->38416K(419328K), 0.0029762 secs] [Times: user=0.00 sys=0.01, real=0.00 secs] 
2019-01-03T04:21:14.932+0900: 213521.431: [GC (Allocation Failure) [PSYoungGen: 63776K->352K(64000K)] 101904K->38480K(419328K), 0.0033139 secs] [Times: user=0.01 sys=0.00, real=0.01 secs] 
2019-01-03T04:22:11.995+0900: 213578.494: [GC (Allocation Failure) [PSYoungGen: 63840K->352K(64000K)] 101968K->38480K(419328K), 0.0026912 secs] [Times: user=0.00 sys=0.01, real=0.00 secs] 
2019-01-03T04:23:08.384+0900: 213634.883: [GC (Allocation Failure) [PSYoungGen: 63840K->384K(64000K)] 101968K->38512K(419328K), 0.0027931 secs] [Times: user=0.00 sys=0.02, real=0.00 secs] 
2019-01-03T04:24:05.602+0900: 213692.101: [GC (Allocation Failure) [PSYoungGen: 63872K->384K(64000K)] 102000K->38512K(419328K), 0.0030372 secs] [Times: user=0.00 sys=0.01, real=0.01 secs] 
2019-01-03T04:25:02.673+0900: 213749.172: [GC (Allocation Failure) [PSYoungGen: 63872K->288K(64000K)] 102000K->38416K(419328K), 0.0029086 secs] [Times: user=0.01 sys=0.00, real=0.01 secs] 
2019-01-03T04:25:59.154+0900: 213805.653: [GC (Allocation Failure) [PSYoungGen: 63776K->320K(64000K)] 101904K->38448K(419328K), 0.0025316 secs] [Times: user=0.00 sys=0.01, real=0.00 secs] 
2019-01-03T04:26:55.884+0900: 213862.383: [GC (Allocation Failure) [PSYoungGen: 63808K->384K(64000K)] 101936K->38520K(419328K), 0.0025899 secs] [Times: user=0.01 sys=0.01, real=0.00 secs] 
2019-01-03T04:27:52.873+0900: 213919.372: [GC (Allocation Failure) [PSYoungGen: 63872K->352K(64000K)] 102008K->38536K(419328K), 0.0029365 secs] [Times: user=0.01 sys=0.01, real=0.01 secs] 
2019-01-03T04:28:49.813+0900: 213976.312: [GC (Allocation Failure) [PSYoungGen: 63840K->384K(64000K)] 102024K->38568K(419328K), 0.0026948 secs] [Times: user=0.00 sys=0.01, real=0.01 secs] 
2019-01-03T04:29:46.179+0900: 214032.678: [GC (Allocation Failure) [PSYoungGen: 63872K->352K(64000K)] 102056K->38536K(419328K), 0.0030073 secs] [Times: user=0.02 sys=0.00, real=0.00 secs] 
2019-01-03T04:30:43.421+0900: 214089.920: [GC (Allocation Failure) [PSYoungGen: 63840K->288K(64000K)] 102024K->38472K(419328K), 0.0026614 secs] [Times: user=0.00 sys=0.01, real=0.01 secs] 
2019-01-03T04:31:40.247+0900: 214146.746: [GC (Allocation Failure) [PSYoungGen: 63776K->384K(64000K)] 101960K->38568K(419328K), 0.0030093 secs] [Times: user=0.00 sys=0.01, real=0.00 secs] 
2019-01-03T04:32:34.856+0900: 214201.355: [GC (Allocation Failure) [PSYoungGen: 63871K->352K(64000K)] 102055K->38536K(419328K), 0.0027833 secs] [Times: user=0.01 sys=0.00, real=0.00 secs] 
2019-01-03T04:33:10.198+0900: 214236.697: [GC (Allocation Failure) [PSYoungGen: 63840K->512K(64000K)] 102024K->39000K(419328K), 0.0037395 secs] [Times: user=0.00 sys=0.01, real=0.00 secs] 
2019-01-03T04:34:07.045+0900: 214293.544: [GC (Allocation Failure) [PSYoungGen: 64000K->320K(64512K)] 102488K->38808K(419840K), 0.0029499 secs] [Times: user=0.00 sys=0.01, real=0.00 secs] 
2019-01-03T04:35:04.228+0900: 214350.727: [GC (Allocation Failure) [PSYoungGen: 63808K->320K(64512K)] 102296K->38808K(419840K), 0.0033412 secs] [Times: user=0.01 sys=0.00, real=0.00 secs] 
2019-01-03T04:36:01.039+0900: 214407.538: [GC (Allocation Failure) [PSYoungGen: 63808K->352K(64512K)] 102296K->38840K(419840K), 0.0032344 secs] [Times: user=0.01 sys=0.00, real=0.00 secs] 
2019-01-03T04:36:57.714+0900: 214464.213: [GC (Allocation Failure) [PSYoungGen: 63840K->320K(64512K)] 102328K->38808K(419840K), 0.0033553 secs] [Times: user=0.01 sys=0.01, real=0.00 secs] 
2019-01-03T04:37:54.943+0900: 214521.442: [GC (Allocation Failure) [PSYoungGen: 63808K->352K(64512K)] 102296K->38840K(419840K), 0.0029728 secs] [Times: user=0.01 sys=0.01, real=0.01 secs] 
2019-01-03T04:38:52.125+0900: 214578.624: [GC (Allocation Failure) [PSYoungGen: 63840K->320K(64512K)] 102328K->38808K(419840K), 0.0028074 secs] [Times: user=0.00 sys=0.01, real=0.00 secs] 
2019-01-03T04:39:49.080+0900: 214635.579: [GC (Allocation Failure) [PSYoungGen: 63808K->288K(64512K)] 102296K->38776K(419840K), 0.0030539 secs] [Times: user=0.00 sys=0.01, real=0.00 secs] 
2019-01-03T04:40:45.792+0900: 214692.291: [GC (Allocation Failure) [PSYoungGen: 63776K->256K(64512K)] 102264K->38744K(419840K), 0.0028787 secs] [Times: user=0.00 sys=0.01, real=0.01 secs] 
2019-01-03T04:41:42.865+0900: 214749.364: [GC (Allocation Failure) [PSYoungGen: 63744K->384K(64512K)] 102232K->38872K(419840K), 0.0026403 secs] [Times: user=0.01 sys=0.00, real=0.00 secs] 
2019-01-03T04:42:28.197+0900: 214794.696: [GC (Allocation Failure) [PSYoungGen: 63872K->608K(64512K)] 102360K->39096K(419840K), 0.0034359 secs] [Times: user=0.00 sys=0.01, real=0.00 secs] 
2019-01-03T04:43:25.236+0900: 214851.735: [GC (Allocation Failure) [PSYoungGen: 64096K->352K(64512K)] 102584K->38840K(419840K), 0.0031397 secs] [Times: user=0.02 sys=0.00, real=0.00 secs] 
2019-01-03T04:44:22.461+0900: 214908.960: [GC (Allocation Failure) [PSYoungGen: 63840K->384K(64512K)] 102328K->38872K(419840K), 0.0031125 secs] [Times: user=0.01 sys=0.00, real=0.01 secs] 
2019-01-03T04:45:18.916+0900: 214965.415: [GC (Allocation Failure) [PSYoungGen: 63872K->352K(64512K)] 102360K->38840K(419840K), 0.0029623 secs] [Times: user=0.00 sys=0.02, real=0.00 secs] 
2019-01-03T04:46:15.913+0900: 215022.412: [GC (Allocation Failure) [PSYoungGen: 63840K->384K(64512K)] 102328K->38912K(419840K), 0.0026665 secs] [Times: user=0.00 sys=0.01, real=0.01 secs] 
2019-01-03T04:47:09.130+0900: 215075.629: [GC (Allocation Failure) [PSYoungGen: 63872K->320K(64512K)] 102400K->38896K(419840K), 0.0029208 secs] [Times: user=0.01 sys=0.00, real=0.00 secs] 
2019-01-03T04:48:05.965+0900: 215132.465: [GC (Allocation Failure) [PSYoungGen: 63808K->384K(64512K)] 102384K->39024K(419840K), 0.0026270 secs] [Times: user=0.01 sys=0.00, real=0.00 secs] 
2019-01-03T04:49:02.858+0900: 215189.357: [GC (Allocation Failure) [PSYoungGen: 63872K->352K(64512K)] 102512K->38992K(419840K), 0.0027437 secs] [Times: user=0.00 sys=0.01, real=0.00 secs] 
2019-01-03T04:49:59.168+0900: 215245.667: [GC (Allocation Failure) [PSYoungGen: 63840K->320K(64000K)] 102480K->38960K(419328K), 0.0028900 secs] [Times: user=0.01 sys=0.00, real=0.00 secs] 
2019-01-03T04:50:56.105+0900: 215302.604: [GC (Allocation Failure) [PSYoungGen: 63808K->384K(64000K)] 102448K->39024K(419328K), 0.0030795 secs] [Times: user=0.01 sys=0.01, real=0.00 secs] 
2019-01-03T04:51:53.343+0900: 215359.842: [GC (Allocation Failure) [PSYoungGen: 63872K->320K(64000K)] 102512K->38960K(419328K), 0.0029169 secs] [Times: user=0.01 sys=0.01, real=0.01 secs] 
2019-01-03T04:52:50.477+0900: 215416.976: [GC (Allocation Failure) [PSYoungGen: 63808K->352K(64000K)] 102448K->38992K(419328K), 0.0026578 secs] [Times: user=0.00 sys=0.01, real=0.00 secs] 
2019-01-03T04:53:47.344+0900: 215473.843: [GC (Allocation Failure) [PSYoungGen: 63840K->288K(64000K)] 102480K->38928K(419328K), 0.0029654 secs] [Times: user=0.00 sys=0.02, real=0.00 secs] 
2019-01-03T04:54:44.114+0900: 215530.613: [GC (Allocation Failure) [PSYoungGen: 63776K->352K(64000K)] 102416K->38992K(419328K), 0.0029881 secs] [Times: user=0.01 sys=0.00, real=0.00 secs] 
2019-01-03T04:55:41.191+0900: 215587.690: [GC (Allocation Failure) [PSYoungGen: 63840K->384K(64000K)] 102480K->39024K(419328K), 0.0031481 secs] [Times: user=0.00 sys=0.01, real=0.01 secs] 
2019-01-03T04:56:38.340+0900: 215644.839: [GC (Allocation Failure) [PSYoungGen: 63872K->384K(64000K)] 102512K->39072K(419328K), 0.0030998 secs] [Times: user=0.00 sys=0.01, real=0.00 secs] 
2019-01-03T04:57:35.077+0900: 215701.576: [GC (Allocation Failure) [PSYoungGen: 63872K->352K(64000K)] 102560K->39040K(419328K), 0.0030001 secs] [Times: user=0.01 sys=0.01, real=0.00 secs] 
2019-01-03T04:58:31.917+0900: 215758.416: [GC (Allocation Failure) [PSYoungGen: 63840K->352K(64000K)] 102528K->39040K(419328K), 0.0030614 secs] [Times: user=0.02 sys=0.00, real=0.00 secs] 
2019-01-03T04:59:29.020+0900: 215815.519: [GC (Allocation Failure) [PSYoungGen: 63840K->352K(64000K)] 102528K->39040K(419328K), 0.0032018 secs] [Times: user=0.01 sys=0.01, real=0.00 secs] 
2019-01-03T05:00:25.634+0900: 215872.133: [GC (Allocation Failure) [PSYoungGen: 63840K->320K(64000K)] 102528K->39008K(419328K), 0.0030204 secs] [Times: user=0.00 sys=0.01, real=0.01 secs] 
2019-01-03T05:01:18.574+0900: 215925.073: [GC (Allocation Failure) [PSYoungGen: 63808K->448K(64000K)] 102496K->39144K(419328K), 0.0031293 secs] [Times: user=0.00 sys=0.01, real=0.01 secs] 
2019-01-03T05:02:15.745+0900: 215982.244: [GC (Allocation Failure) [PSYoungGen: 63936K->352K(64000K)] 102632K->39048K(419328K), 0.0029285 secs] [Times: user=0.01 sys=0.00, real=0.00 secs] 
2019-01-03T05:02:49.706+0900: 216016.205: [GC (Allocation Failure) [PSYoungGen: 63840K->480K(64000K)] 102536K->39489K(419328K), 0.0039413 secs] [Times: user=0.01 sys=0.00, real=0.00 secs] 
2019-01-03T05:03:41.305+0900: 216067.804: [GC (Allocation Failure) [PSYoungGen: 63965K->480K(64512K)] 102974K->39489K(419840K), 0.0033582 secs] [Times: user=0.01 sys=0.00, real=0.00 secs] 
2019-01-03T05:04:38.309+0900: 216124.808: [GC (Allocation Failure) [PSYoungGen: 63968K->384K(64512K)] 102977K->39393K(419840K), 0.0028830 secs] [Times: user=0.01 sys=0.00, real=0.00 secs] 
2019-01-03T05:05:34.760+0900: 216181.259: [GC (Allocation Failure) [PSYoungGen: 63872K->384K(64512K)] 102881K->39393K(419840K), 0.0026035 secs] [Times: user=0.00 sys=0.01, real=0.00 secs] 
2019-01-03T05:06:27.935+0900: 216234.434: [GC (Allocation Failure) [PSYoungGen: 63872K->352K(64512K)] 102881K->39361K(419840K), 0.0027839 secs] [Times: user=0.01 sys=0.00, real=0.00 secs] 
2019-01-03T05:07:25.163+0900: 216291.662: [GC (Allocation Failure) [PSYoungGen: 63840K->384K(64512K)] 102849K->39393K(419840K), 0.0032497 secs] [Times: user=0.01 sys=0.00, real=0.01 secs] 
2019-01-03T05:08:22.075+0900: 216348.574: [GC (Allocation Failure) [PSYoungGen: 63872K->384K(64512K)] 102881K->39393K(419840K), 0.0026716 secs] [Times: user=0.00 sys=0.01, real=0.00 secs] 
2019-01-03T05:09:18.926+0900: 216405.425: [GC (Allocation Failure) [PSYoungGen: 63872K->352K(64512K)] 102881K->39361K(419840K), 0.0030865 secs] [Times: user=0.01 sys=0.01, real=0.00 secs] 
2019-01-03T05:10:15.840+0900: 216462.339: [GC (Allocation Failure) [PSYoungGen: 63840K->320K(64512K)] 102849K->39329K(419840K), 0.0029538 secs] [Times: user=0.01 sys=0.00, real=0.00 secs] 
2019-01-03T05:11:13.073+0900: 216519.572: [GC (Allocation Failure) [PSYoungGen: 63808K->352K(64512K)] 102817K->39361K(419840K), 0.0032489 secs] [Times: user=0.00 sys=0.01, real=0.01 secs] 
2019-01-03T05:12:03.835+0900: 216570.334: [GC (Allocation Failure) [PSYoungGen: 63832K->416K(64512K)] 102841K->39425K(419840K), 0.0030566 secs] [Times: user=0.01 sys=0.00, real=0.00 secs] 
2019-01-03T05:12:55.083+0900: 216621.582: [GC (Allocation Failure) [PSYoungGen: 63904K->512K(64512K)] 102913K->39521K(419840K), 0.0035471 secs] [Times: user=0.01 sys=0.01, real=0.01 secs] 
2019-01-03T05:13:51.877+0900: 216678.376: [GC (Allocation Failure) [PSYoungGen: 64000K->352K(64512K)] 103009K->39361K(419840K), 0.0030368 secs] [Times: user=0.02 sys=0.00, real=0.00 secs] 
2019-01-03T05:14:48.890+0900: 216735.389: [GC (Allocation Failure) [PSYoungGen: 63840K->352K(64512K)] 102849K->39393K(419840K), 0.0025998 secs] [Times: user=0.02 sys=0.00, real=0.00 secs] 
2019-01-03T05:15:45.618+0900: 216792.117: [GC (Allocation Failure) [PSYoungGen: 63840K->352K(64512K)] 102881K->39393K(419840K), 0.0025202 secs] [Times: user=0.01 sys=0.00, real=0.00 secs] 
2019-01-03T05:16:42.682+0900: 216849.181: [GC (Allocation Failure) [PSYoungGen: 63840K->384K(64512K)] 102881K->39473K(419840K), 0.0027636 secs] [Times: user=0.01 sys=0.01, real=0.01 secs] 
2019-01-03T05:17:39.706+0900: 216906.205: [GC (Allocation Failure) [PSYoungGen: 63872K->352K(64000K)] 102961K->39489K(419328K), 0.0025423 secs] [Times: user=0.01 sys=0.00, real=0.00 secs] 
2019-01-03T05:18:36.935+0900: 216963.434: [GC (Allocation Failure) [PSYoungGen: 63840K->320K(64000K)] 102977K->39457K(419328K), 0.0029673 secs] [Times: user=0.01 sys=0.00, real=0.00 secs] 
2019-01-03T05:19:34.162+0900: 217020.661: [GC (Allocation Failure) [PSYoungGen: 63808K->384K(64000K)] 102945K->39521K(419328K), 0.0030019 secs] [Times: user=0.00 sys=0.01, real=0.01 secs] 
2019-01-03T05:20:31.080+0900: 217077.579: [GC (Allocation Failure) [PSYoungGen: 63872K->384K(64000K)] 103009K->39569K(419328K), 0.0028915 secs] [Times: user=0.01 sys=0.01, real=0.00 secs] 
2019-01-03T05:21:27.792+0900: 217134.291: [GC (Allocation Failure) [PSYoungGen: 63872K->384K(64000K)] 103057K->39569K(419328K), 0.0031620 secs] [Times: user=0.00 sys=0.02, real=0.01 secs] 
2019-01-03T05:22:24.832+0900: 217191.331: [GC (Allocation Failure) [PSYoungGen: 63872K->384K(64000K)] 103057K->39569K(419328K), 0.0030845 secs] [Times: user=0.02 sys=0.00, real=0.01 secs] 
2019-01-03T05:23:22.034+0900: 217248.533: [GC (Allocation Failure) [PSYoungGen: 63872K->384K(64000K)] 103057K->39569K(419328K), 0.0033446 secs] [Times: user=0.01 sys=0.01, real=0.00 secs] 
2019-01-03T05:24:19.068+0900: 217305.567: [GC (Allocation Failure) [PSYoungGen: 63872K->320K(64000K)] 103057K->39505K(419328K), 0.0031804 secs] [Times: user=0.01 sys=0.01, real=0.00 secs] 
2019-01-03T05:25:15.815+0900: 217362.314: [GC (Allocation Failure) [PSYoungGen: 63808K->352K(64000K)] 102993K->39537K(419328K), 0.0029065 secs] [Times: user=0.00 sys=0.01, real=0.00 secs] 
2019-01-03T05:26:12.979+0900: 217419.478: [GC (Allocation Failure) [PSYoungGen: 63840K->384K(64000K)] 103025K->39585K(419328K), 0.0029676 secs] [Times: user=0.00 sys=0.01, real=0.00 secs] 
2019-01-03T05:27:10.074+0900: 217476.573: [GC (Allocation Failure) [PSYoungGen: 63872K->384K(64000K)] 103073K->39625K(419328K), 0.0030134 secs] [Times: user=0.01 sys=0.00, real=0.00 secs] 
2019-01-03T05:28:06.983+0900: 217533.482: [GC (Allocation Failure) [PSYoungGen: 63872K->352K(64000K)] 103113K->39593K(419328K), 0.0029212 secs] [Times: user=0.01 sys=0.01, real=0.01 secs] 
2019-01-03T05:29:03.459+0900: 217589.958: [GC (Allocation Failure) [PSYoungGen: 63840K->352K(64000K)] 103081K->39593K(419328K), 0.0025815 secs] [Times: user=0.01 sys=0.00, real=0.00 secs] 
2019-01-03T05:30:00.365+0900: 217646.864: [GC (Allocation Failure) [PSYoungGen: 63840K->352K(64000K)] 103081K->39593K(419328K), 0.0030783 secs] [Times: user=0.00 sys=0.01, real=0.00 secs] 
2019-01-03T05:30:57.268+0900: 217703.767: [GC (Allocation Failure) [PSYoungGen: 63840K->352K(64000K)] 103081K->39593K(419328K), 0.0029927 secs] [Times: user=0.01 sys=0.00, real=0.00 secs] 
2019-01-03T05:31:54.250+0900: 217760.749: [GC (Allocation Failure) [PSYoungGen: 63840K->352K(64000K)] 103081K->39593K(419328K), 0.0026442 secs] [Times: user=0.01 sys=0.00, real=0.00 secs] 
2019-01-03T05:32:39.248+0900: 217805.747: [GC (Allocation Failure) [PSYoungGen: 63840K->512K(64000K)] 103081K->39865K(419328K), 0.0033459 secs] [Times: user=0.01 sys=0.00, real=0.00 secs] 
2019-01-03T05:33:24.439+0900: 217850.938: [GC (Allocation Failure) [PSYoungGen: 64000K->640K(64512K)] 103353K->39993K(419840K), 0.0030404 secs] [Times: user=0.01 sys=0.01, real=0.00 secs] 
2019-01-03T05:34:21.530+0900: 217908.029: [GC (Allocation Failure) [PSYoungGen: 64128K->352K(64512K)] 103481K->39705K(419840K), 0.0034833 secs] [Times: user=0.00 sys=0.01, real=0.00 secs] 
2019-01-03T05:35:18.451+0900: 217964.950: [GC (Allocation Failure) [PSYoungGen: 63840K->352K(64512K)] 103193K->39705K(419840K), 0.0029499 secs] [Times: user=0.00 sys=0.01, real=0.01 secs] 
2019-01-03T05:36:14.998+0900: 218021.497: [GC (Allocation Failure) [PSYoungGen: 63840K->384K(64512K)] 103193K->39737K(419840K), 0.0030401 secs] [Times: user=0.02 sys=0.00, real=0.00 secs] 
2019-01-03T05:37:11.353+0900: 218077.852: [GC (Allocation Failure) [PSYoungGen: 63872K->352K(64512K)] 103225K->39705K(419840K), 0.0028841 secs] [Times: user=0.00 sys=0.01, real=0.01 secs] 
2019-01-03T05:38:04.620+0900: 218131.119: [GC (Allocation Failure) [PSYoungGen: 63840K->448K(64512K)] 103193K->39801K(419840K), 0.0030775 secs] [Times: user=0.00 sys=0.01, real=0.00 secs] 
2019-01-03T05:39:01.717+0900: 218188.216: [GC (Allocation Failure) [PSYoungGen: 63936K->288K(64512K)] 103289K->39641K(419840K), 0.0026700 secs] [Times: user=0.00 sys=0.01, real=0.00 secs] 
2019-01-03T05:39:58.510+0900: 218245.009: [GC (Allocation Failure) [PSYoungGen: 63776K->352K(64512K)] 103129K->39705K(419840K), 0.0030584 secs] [Times: user=0.01 sys=0.00, real=0.00 secs] 
2019-01-03T05:40:51.994+0900: 218298.493: [GC (Allocation Failure) [PSYoungGen: 63840K->480K(64512K)] 103193K->39833K(419840K), 0.0030084 secs] [Times: user=0.01 sys=0.00, real=0.00 secs] 
2019-01-03T05:41:48.592+0900: 218355.091: [GC (Allocation Failure) [PSYoungGen: 63968K->288K(64512K)] 103321K->39641K(419840K), 0.0026701 secs] [Times: user=0.01 sys=0.00, real=0.01 secs] 
2019-01-03T05:42:33.873+0900: 218400.372: [GC (Allocation Failure) [PSYoungGen: 63776K->576K(64512K)] 103129K->39929K(419840K), 0.0033750 secs] [Times: user=0.00 sys=0.01, real=0.01 secs] 
2019-01-03T05:43:30.927+0900: 218457.426: [GC (Allocation Failure) [PSYoungGen: 64064K->288K(64512K)] 103417K->39641K(419840K), 0.0030148 secs] [Times: user=0.01 sys=0.00, real=0.00 secs] 
2019-01-03T05:44:23.995+0900: 218510.494: [GC (Allocation Failure) [PSYoungGen: 63776K->448K(64512K)] 103129K->39801K(419840K), 0.0033586 secs] [Times: user=0.01 sys=0.00, real=0.00 secs] 
2019-01-03T05:45:17.223+0900: 218563.722: [GC (Allocation Failure) [PSYoungGen: 63936K->384K(64512K)] 103289K->39737K(419840K), 0.0030120 secs] [Times: user=0.00 sys=0.01, real=0.01 secs] 
2019-01-03T05:46:14.273+0900: 218620.772: [GC (Allocation Failure) [PSYoungGen: 63872K->384K(64512K)] 103225K->39785K(419840K), 0.0028822 secs] [Times: user=0.01 sys=0.00, real=0.01 secs] 
2019-01-03T05:47:10.878+0900: 218677.377: [GC (Allocation Failure) [PSYoungGen: 63872K->384K(64512K)] 103273K->39825K(419840K), 0.0031286 secs] [Times: user=0.01 sys=0.00, real=0.00 secs] 
2019-01-03T05:48:07.950+0900: 218734.449: [GC (Allocation Failure) [PSYoungGen: 63872K->352K(64512K)] 103313K->39793K(419840K), 0.0029337 secs] [Times: user=0.00 sys=0.01, real=0.00 secs] 
2019-01-03T05:49:05.055+0900: 218791.554: [GC (Allocation Failure) [PSYoungGen: 63840K->384K(64512K)] 103281K->39825K(419840K), 0.0030771 secs] [Times: user=0.00 sys=0.01, real=0.00 secs] 
2019-01-03T05:50:01.618+0900: 218848.117: [GC (Allocation Failure) [PSYoungGen: 63872K->384K(64512K)] 103313K->39825K(419840K), 0.0030676 secs] [Times: user=0.01 sys=0.00, real=0.00 secs] 
2019-01-03T05:50:58.622+0900: 218905.121: [GC (Allocation Failure) [PSYoungGen: 63872K->384K(64512K)] 103313K->39825K(419840K), 0.0027551 secs] [Times: user=0.00 sys=0.01, real=0.01 secs] 
2019-01-03T05:51:55.854+0900: 218962.353: [GC (Allocation Failure) [PSYoungGen: 63872K->288K(64512K)] 103313K->39729K(419840K), 0.0030356 secs] [Times: user=0.00 sys=0.01, real=0.00 secs] 
2019-01-03T05:52:52.712+0900: 219019.211: [GC (Allocation Failure) [PSYoungGen: 63776K->352K(64000K)] 103217K->39793K(419328K), 0.0031315 secs] [Times: user=0.00 sys=0.01, real=0.01 secs] 
2019-01-03T05:53:49.671+0900: 219076.170: [GC (Allocation Failure) [PSYoungGen: 63840K->320K(64000K)] 103281K->39761K(419328K), 0.0026903 secs] [Times: user=0.00 sys=0.01, real=0.00 secs] 
2019-01-03T05:54:42.862+0900: 219129.361: [GC (Allocation Failure) [PSYoungGen: 63808K->352K(64000K)] 103249K->39793K(419328K), 0.0031621 secs] [Times: user=0.01 sys=0.00, real=0.01 secs] 
2019-01-03T05:55:39.767+0900: 219186.266: [GC (Allocation Failure) [PSYoungGen: 63840K->384K(64000K)] 103281K->39825K(419328K), 0.0027722 secs] [Times: user=0.01 sys=0.00, real=0.00 secs] 
2019-01-03T05:56:36.463+0900: 219242.962: [GC (Allocation Failure) [PSYoungGen: 63872K->384K(64000K)] 103313K->39825K(419328K), 0.0026959 secs] [Times: user=0.00 sys=0.01, real=0.01 secs] 
2019-01-03T05:57:29.237+0900: 219295.736: [GC (Allocation Failure) [PSYoungGen: 63872K->448K(64000K)] 103313K->39889K(419328K), 0.0034723 secs] [Times: user=0.01 sys=0.00, real=0.00 secs] 
2019-01-03T05:58:26.435+0900: 219352.934: [GC (Allocation Failure) [PSYoungGen: 63936K->224K(64000K)] 103377K->39673K(419328K), 0.0031019 secs] [Times: user=0.01 sys=0.00, real=0.00 secs] 
2019-01-03T05:59:22.881+0900: 219409.380: [GC (Allocation Failure) [PSYoungGen: 63712K->384K(64512K)] 103161K->39881K(419840K), 0.0031063 secs] [Times: user=0.00 sys=0.01, real=0.01 secs] 
2019-01-03T06:00:17.883+0900: 219464.382: [GC (Allocation Failure) [PSYoungGen: 63872K->352K(64000K)] 103369K->39849K(419328K), 0.0030660 secs] [Times: user=0.00 sys=0.01, real=0.01 secs] 
2019-01-03T06:01:13.109+0900: 219519.608: [GC (Allocation Failure) [PSYoungGen: 63840K->352K(64000K)] 103337K->39849K(419328K), 0.0027381 secs] [Times: user=0.00 sys=0.01, real=0.00 secs] 
2019-01-03T06:02:06.035+0900: 219572.534: [GC (Allocation Failure) [PSYoungGen: 63840K->416K(64000K)] 103337K->39913K(419328K), 0.0031910 secs] [Times: user=0.00 sys=0.01, real=0.00 secs] 
2019-01-03T06:02:50.300+0900: 219616.799: [GC (Allocation Failure) [PSYoungGen: 63904K->480K(64000K)] 103401K->40185K(419328K), 0.0031312 secs] [Times: user=0.00 sys=0.01, real=0.00 secs] 
2019-01-03T06:03:34.205+0900: 219660.704: [GC (Allocation Failure) [PSYoungGen: 63968K->704K(64512K)] 103673K->40409K(419840K), 0.0033128 secs] [Times: user=0.01 sys=0.01, real=0.00 secs] 
2019-01-03T06:04:28.888+0900: 219715.387: [GC (Allocation Failure) [PSYoungGen: 64192K->320K(64512K)] 103897K->40025K(419840K), 0.0027453 secs] [Times: user=0.00 sys=0.01, real=0.00 secs] 
2019-01-03T06:05:26.096+0900: 219772.595: [GC (Allocation Failure) [PSYoungGen: 63808K->384K(64512K)] 103513K->40089K(419840K), 0.0027865 secs] [Times: user=0.01 sys=0.01, real=0.00 secs] 
2019-01-03T06:06:22.490+0900: 219828.989: [GC (Allocation Failure) [PSYoungGen: 63872K->384K(64512K)] 103577K->40089K(419840K), 0.0026142 secs] [Times: user=0.01 sys=0.01, real=0.00 secs] 
2019-01-03T06:07:16.047+0900: 219882.546: [GC (Allocation Failure) [PSYoungGen: 63872K->320K(64512K)] 103577K->40025K(419840K), 0.0032156 secs] [Times: user=0.01 sys=0.01, real=0.00 secs] 
2019-01-03T06:08:12.774+0900: 219939.273: [GC (Allocation Failure) [PSYoungGen: 63808K->320K(64512K)] 103513K->40025K(419840K), 0.0026237 secs] [Times: user=0.00 sys=0.01, real=0.00 secs] 
2019-01-03T06:09:09.996+0900: 219996.495: [GC (Allocation Failure) [PSYoungGen: 63808K->352K(64512K)] 103513K->40057K(419840K), 0.0030942 secs] [Times: user=0.00 sys=0.01, real=0.00 secs] 
2019-01-03T06:10:06.365+0900: 220052.864: [GC (Allocation Failure) [PSYoungGen: 63840K->352K(64512K)] 103545K->40057K(419840K), 0.0027488 secs] [Times: user=0.01 sys=0.00, real=0.00 secs] 
2019-01-03T06:11:03.404+0900: 220109.903: [GC (Allocation Failure) [PSYoungGen: 63840K->352K(64512K)] 103545K->40057K(419840K), 0.0034327 secs] [Times: user=0.00 sys=0.01, real=0.00 secs] 
2019-01-03T06:11:54.215+0900: 220160.714: [GC (Allocation Failure) [PSYoungGen: 63840K->512K(64512K)] 103545K->40217K(419840K), 0.0031768 secs] [Times: user=0.00 sys=0.01, real=0.00 secs] 
2019-01-03T06:12:37.809+0900: 220204.308: [GC (Allocation Failure) [PSYoungGen: 64000K->704K(64512K)] 103705K->40409K(419840K), 0.0032576 secs] [Times: user=0.02 sys=0.00, real=0.00 secs] 
2019-01-03T06:13:34.485+0900: 220260.984: [GC (Allocation Failure) [PSYoungGen: 64192K->352K(64512K)] 103897K->40057K(419840K), 0.0031596 secs] [Times: user=0.01 sys=0.00, real=0.00 secs] 
2019-01-03T06:14:31.265+0900: 220317.764: [GC (Allocation Failure) [PSYoungGen: 63840K->384K(64512K)] 103545K->40089K(419840K), 0.0027046 secs] [Times: user=0.00 sys=0.01, real=0.00 secs] 
2019-01-03T06:15:28.492+0900: 220374.991: [GC (Allocation Failure) [PSYoungGen: 63872K->288K(64512K)] 103577K->39993K(419840K), 0.0026111 secs] [Times: user=0.00 sys=0.01, real=0.01 secs] 
2019-01-03T06:16:25.732+0900: 220432.231: [GC (Allocation Failure) [PSYoungGen: 63776K->288K(64512K)] 103481K->40017K(419840K), 0.0029261 secs] [Times: user=0.01 sys=0.00, real=0.01 secs] 
2019-01-03T06:17:21.049+0900: 220487.549: [GC (Allocation Failure) [PSYoungGen: 63776K->384K(64512K)] 103505K->40161K(419840K), 0.0030671 secs] [Times: user=0.01 sys=0.00, real=0.00 secs] 
2019-01-03T06:18:15.460+0900: 220541.959: [GC (Allocation Failure) [PSYoungGen: 63872K->416K(64512K)] 103649K->40193K(419840K), 0.0031691 secs] [Times: user=0.00 sys=0.01, real=0.00 secs] 
2019-01-03T06:19:12.861+0900: 220599.360: [GC (Allocation Failure) [PSYoungGen: 63904K->384K(64512K)] 103681K->40161K(419840K), 0.0028653 secs] [Times: user=0.01 sys=0.00, real=0.01 secs] 
2019-01-03T06:20:05.614+0900: 220652.113: [GC (Allocation Failure) [PSYoungGen: 63872K->480K(64512K)] 103649K->40257K(419840K), 0.0030218 secs] [Times: user=0.00 sys=0.01, real=0.01 secs] 
2019-01-03T06:21:02.804+0900: 220709.303: [GC (Allocation Failure) [PSYoungGen: 63968K->320K(64512K)] 103745K->40097K(419840K), 0.0031966 secs] [Times: user=0.00 sys=0.01, real=0.00 secs] 
2019-01-03T06:22:00.027+0900: 220766.526: [GC (Allocation Failure) [PSYoungGen: 63808K->352K(64512K)] 103585K->40129K(419840K), 0.0031529 secs] [Times: user=0.01 sys=0.01, real=0.00 secs] 
2019-01-03T06:22:52.885+0900: 220819.384: [GC (Allocation Failure) [PSYoungGen: 63840K->416K(64512K)] 103617K->40193K(419840K), 0.0029797 secs] [Times: user=0.00 sys=0.01, real=0.00 secs] 
2019-01-03T06:23:37.534+0900: 220864.033: [GC (Allocation Failure) [PSYoungGen: 63829K->640K(64512K)] 103606K->40417K(419840K), 0.0030419 secs] [Times: user=0.00 sys=0.01, real=0.00 secs] 
2019-01-03T06:24:34.165+0900: 220920.664: [GC (Allocation Failure) [PSYoungGen: 64128K->416K(64512K)] 103905K->40193K(419840K), 0.0030662 secs] [Times: user=0.00 sys=0.01, real=0.00 secs] 
2019-01-03T06:25:30.859+0900: 220977.358: [GC (Allocation Failure) [PSYoungGen: 63904K->320K(64512K)] 103681K->40105K(419840K), 0.0031463 secs] [Times: user=0.01 sys=0.01, real=0.00 secs] 
2019-01-03T06:26:28.085+0900: 221034.584: [GC (Allocation Failure) [PSYoungGen: 63808K->320K(64512K)] 103593K->40113K(419840K), 0.0028934 secs] [Times: user=0.01 sys=0.00, real=0.00 secs] 
2019-01-03T06:27:21.253+0900: 221087.752: [GC (Allocation Failure) [PSYoungGen: 63808K->416K(64512K)] 103601K->40209K(419840K), 0.0032664 secs] [Times: user=0.01 sys=0.01, real=0.01 secs] 
2019-01-03T06:28:17.800+0900: 221144.299: [GC (Allocation Failure) [PSYoungGen: 63904K->352K(64512K)] 103697K->40145K(419840K), 0.0032643 secs] [Times: user=0.01 sys=0.00, real=0.00 secs] 
2019-01-03T06:29:12.991+0900: 221199.490: [GC (Allocation Failure) [PSYoungGen: 63840K->384K(64512K)] 103633K->40177K(419840K), 0.0033999 secs] [Times: user=0.00 sys=0.01, real=0.01 secs] 
2019-01-03T06:30:06.041+0900: 221252.540: [GC (Allocation Failure) [PSYoungGen: 63872K->448K(64512K)] 103665K->40241K(419840K), 0.0027277 secs] [Times: user=0.00 sys=0.01, real=0.01 secs] 
2019-01-03T06:30:59.177+0900: 221305.676: [GC (Allocation Failure) [PSYoungGen: 63936K->352K(64512K)] 103729K->40145K(419840K), 0.0033733 secs] [Times: user=0.00 sys=0.01, real=0.00 secs] 
2019-01-03T06:31:53.833+0900: 221360.332: [GC (Allocation Failure) [PSYoungGen: 63840K->352K(64512K)] 103633K->40145K(419840K), 0.0028198 secs] [Times: user=0.01 sys=0.00, real=0.01 secs] 
2019-01-03T06:32:35.576+0900: 221402.075: [GC (Allocation Failure) [PSYoungGen: 63794K->768K(64512K)] 103587K->40561K(419840K), 0.0035353 secs] [Times: user=0.02 sys=0.00, real=0.00 secs] 
2019-01-03T06:33:11.732+0900: 221438.231: [GC (Allocation Failure) [PSYoungGen: 64256K->896K(64512K)] 104049K->40689K(419840K), 0.0038989 secs] [Times: user=0.00 sys=0.01, real=0.01 secs] 
2019-01-03T06:34:08.955+0900: 221495.454: [GC (Allocation Failure) [PSYoungGen: 64384K->320K(64512K)] 104177K->40113K(419840K), 0.0031791 secs] [Times: user=0.00 sys=0.01, real=0.00 secs] 
2019-01-03T06:35:05.746+0900: 221552.245: [GC (Allocation Failure) [PSYoungGen: 63808K->288K(64512K)] 103601K->40081K(419840K), 0.0031469 secs] [Times: user=0.00 sys=0.01, real=0.00 secs] 
2019-01-03T06:35:58.384+0900: 221604.883: [GC (Allocation Failure) [PSYoungGen: 63776K->448K(64512K)] 103569K->40241K(419840K), 0.0026920 secs] [Times: user=0.01 sys=0.01, real=0.00 secs] 
2019-01-03T06:36:55.609+0900: 221662.108: [GC (Allocation Failure) [PSYoungGen: 63936K->288K(64512K)] 103729K->40089K(419840K), 0.0030432 secs] [Times: user=0.01 sys=0.01, real=0.00 secs] 
2019-01-03T06:37:44.806+0900: 221711.305: [GC (Allocation Failure) [PSYoungGen: 63776K->448K(64512K)] 103577K->40249K(419840K), 0.0030130 secs] [Times: user=0.00 sys=0.01, real=0.00 secs] 
2019-01-03T06:38:42.032+0900: 221768.531: [GC (Allocation Failure) [PSYoungGen: 63936K->384K(64512K)] 103737K->40185K(419840K), 0.0030259 secs] [Times: user=0.00 sys=0.01, real=0.01 secs] 
2019-01-03T06:39:31.676+0900: 221818.175: [GC (Allocation Failure) [PSYoungGen: 63872K->512K(64512K)] 103673K->40313K(419840K), 0.0033707 secs] [Times: user=0.00 sys=0.01, real=0.00 secs] 
2019-01-03T06:40:23.438+0900: 221869.937: [GC (Allocation Failure) [PSYoungGen: 64000K->416K(64512K)] 103801K->40217K(419840K), 0.0032854 secs] [Times: user=0.01 sys=0.00, real=0.00 secs] 
2019-01-03T06:41:16.652+0900: 221923.151: [GC (Allocation Failure) [PSYoungGen: 63904K->416K(64512K)] 103705K->40217K(419840K), 0.0032012 secs] [Times: user=0.00 sys=0.01, real=0.01 secs] 
2019-01-03T06:42:05.847+0900: 221972.346: [GC (Allocation Failure) [PSYoungGen: 63904K->544K(64512K)] 103705K->40345K(419840K), 0.0031401 secs] [Times: user=0.00 sys=0.01, real=0.00 secs] 
2019-01-03T06:42:48.910+0900: 222015.409: [GC (Allocation Failure) [PSYoungGen: 64032K->608K(64512K)] 103833K->40409K(419840K), 0.0035424 secs] [Times: user=0.01 sys=0.01, real=0.01 secs] 
2019-01-03T06:43:45.472+0900: 222071.971: [GC (Allocation Failure) [PSYoungGen: 64096K->384K(64512K)] 103897K->40185K(419840K), 0.0030205 secs] [Times: user=0.00 sys=0.01, real=0.01 secs] 
2019-01-03T06:44:42.504+0900: 222129.003: [GC (Allocation Failure) [PSYoungGen: 63872K->320K(64512K)] 103673K->40121K(419840K), 0.0024410 secs] [Times: user=0.01 sys=0.01, real=0.00 secs] 
2019-01-03T06:45:39.101+0900: 222185.600: [GC (Allocation Failure) [PSYoungGen: 63808K->352K(64512K)] 103609K->40153K(419840K), 0.0028976 secs] [Times: user=0.00 sys=0.01, real=0.01 secs] 
2019-01-03T06:46:31.937+0900: 222238.436: [GC (Allocation Failure) [PSYoungGen: 63840K->416K(64512K)] 103641K->40233K(419840K), 0.0029784 secs] [Times: user=0.01 sys=0.00, real=0.00 secs] 
2019-01-03T06:47:29.040+0900: 222295.539: [GC (Allocation Failure) [PSYoungGen: 63904K->352K(64512K)] 103721K->40169K(419840K), 0.0029455 secs] [Times: user=0.01 sys=0.01, real=0.00 secs] 
2019-01-03T06:48:23.387+0900: 222349.886: [GC (Allocation Failure) [PSYoungGen: 63840K->384K(64512K)] 103657K->40201K(419840K), 0.0029502 secs] [Times: user=0.00 sys=0.01, real=0.00 secs] 
2019-01-03T06:49:16.581+0900: 222403.080: [GC (Allocation Failure) [PSYoungGen: 63872K->352K(64512K)] 103689K->40169K(419840K), 0.0030936 secs] [Times: user=0.00 sys=0.01, real=0.01 secs] 
2019-01-03T06:50:13.111+0900: 222459.610: [GC (Allocation Failure) [PSYoungGen: 63840K->320K(64512K)] 103657K->40137K(419840K), 0.0029724 secs] [Times: user=0.02 sys=0.00, real=0.01 secs] 
2019-01-03T06:51:06.037+0900: 222512.536: [GC (Allocation Failure) [PSYoungGen: 63808K->416K(64512K)] 103625K->40233K(419840K), 0.0032690 secs] [Times: user=0.01 sys=0.00, real=0.00 secs] 
2019-01-03T06:52:03.237+0900: 222569.736: [GC (Allocation Failure) [PSYoungGen: 63904K->384K(64512K)] 103721K->40201K(419840K), 0.0029004 secs] [Times: user=0.00 sys=0.01, real=0.00 secs] 
2019-01-03T06:52:59.658+0900: 222626.157: [GC (Allocation Failure) [PSYoungGen: 63872K->352K(64512K)] 103689K->40169K(419840K), 0.0029822 secs] [Times: user=0.01 sys=0.00, real=0.00 secs] 
2019-01-03T06:53:44.636+0900: 222671.135: [GC (Allocation Failure) [PSYoungGen: 63840K->608K(64512K)] 103657K->40441K(419840K), 0.0034685 secs] [Times: user=0.01 sys=0.01, real=0.00 secs] 
2019-01-03T06:54:37.717+0900: 222724.216: [GC (Allocation Failure) [PSYoungGen: 64096K->384K(64512K)] 103929K->40217K(419840K), 0.0032165 secs] [Times: user=0.01 sys=0.00, real=0.00 secs] 
2019-01-03T06:55:34.262+0900: 222780.761: [GC (Allocation Failure) [PSYoungGen: 63872K->288K(64512K)] 103705K->40121K(419840K), 0.0027638 secs] [Times: user=0.02 sys=0.00, real=0.01 secs] 
2019-01-03T06:56:29.014+0900: 222835.513: [GC (Allocation Failure) [PSYoungGen: 63776K->384K(64512K)] 103609K->40225K(419840K), 0.0030998 secs] [Times: user=0.00 sys=0.01, real=0.01 secs] 
2019-01-03T06:57:19.544+0900: 222886.044: [GC (Allocation Failure) [PSYoungGen: 63872K->384K(64512K)] 103713K->40225K(419840K), 0.0030538 secs] [Times: user=0.00 sys=0.00, real=0.00 secs] 
2019-01-03T06:58:08.680+0900: 222935.179: [GC (Allocation Failure) [PSYoungGen: 63872K->576K(64512K)] 103713K->40417K(419840K), 0.0031833 secs] [Times: user=0.00 sys=0.00, real=0.00 secs] 
2019-01-03T06:59:05.598+0900: 222992.097: [GC (Allocation Failure) [PSYoungGen: 64064K->320K(64512K)] 103905K->40161K(419840K), 0.0029570 secs] [Times: user=0.01 sys=0.00, real=0.00 secs] 
2019-01-03T07:00:02.623+0900: 223049.122: [GC (Allocation Failure) [PSYoungGen: 63808K->352K(64512K)] 103649K->40201K(419840K), 0.0028300 secs] [Times: user=0.01 sys=0.01, real=0.01 secs] 
2019-01-03T07:00:59.498+0900: 223105.997: [GC (Allocation Failure) [PSYoungGen: 63840K->288K(64512K)] 103689K->40137K(419840K), 0.0029618 secs] [Times: user=0.00 sys=0.01, real=0.00 secs] 
2019-01-03T07:01:56.583+0900: 223163.082: [GC (Allocation Failure) [PSYoungGen: 63776K->384K(64512K)] 103625K->40233K(419840K), 0.0026522 secs] [Times: user=0.01 sys=0.00, real=0.01 secs] 
2019-01-03T07:02:39.757+0900: 223206.256: [GC (Allocation Failure) [PSYoungGen: 63872K->640K(64512K)] 103721K->40489K(419840K), 0.0034168 secs] [Times: user=0.01 sys=0.00, real=0.00 secs] 
2019-01-03T07:03:23.079+0900: 223249.578: [GC (Allocation Failure) [PSYoungGen: 64128K->608K(64512K)] 103977K->40457K(419840K), 0.0035525 secs] [Times: user=0.01 sys=0.02, real=0.00 secs] 
2019-01-03T07:04:18.144+0900: 223304.643: [GC (Allocation Failure) [PSYoungGen: 64096K->320K(64512K)] 103945K->40169K(419840K), 0.0030081 secs] [Times: user=0.00 sys=0.02, real=0.00 secs] 
2019-01-03T07:05:12.650+0900: 223359.149: [GC (Allocation Failure) [PSYoungGen: 63808K->384K(64512K)] 103657K->40233K(419840K), 0.0030724 secs] [Times: user=0.01 sys=0.00, real=0.00 secs] 
2019-01-03T07:06:07.616+0900: 223414.115: [GC (Allocation Failure) [PSYoungGen: 63872K->384K(64512K)] 103721K->40233K(419840K), 0.0033554 secs] [Times: user=0.00 sys=0.01, real=0.00 secs] 
2019-01-03T07:07:02.833+0900: 223469.332: [GC (Allocation Failure) [PSYoungGen: 63872K->288K(64512K)] 103721K->40137K(419840K), 0.0037732 secs] [Times: user=0.01 sys=0.00, real=0.01 secs] 
2019-01-03T07:07:51.738+0900: 223518.237: [GC (Allocation Failure) [PSYoungGen: 63776K->512K(64512K)] 103625K->40369K(419840K), 0.0032004 secs] [Times: user=0.01 sys=0.01, real=0.00 secs] 
2019-01-03T07:08:40.734+0900: 223567.233: [GC (Allocation Failure) [PSYoungGen: 64000K->448K(64512K)] 103857K->40305K(419840K), 0.0030816 secs] [Times: user=0.01 sys=0.01, real=0.00 secs] 
2019-01-03T07:09:37.598+0900: 223624.097: [GC (Allocation Failure) [PSYoungGen: 63936K->352K(64512K)] 103793K->40209K(419840K), 0.0027464 secs] [Times: user=0.01 sys=0.00, real=0.00 secs] 
2019-01-03T07:10:34.730+0900: 223681.229: [GC (Allocation Failure) [PSYoungGen: 63840K->352K(64512K)] 103697K->40209K(419840K), 0.0029785 secs] [Times: user=0.01 sys=0.00, real=0.00 secs] 
2019-01-03T07:11:31.913+0900: 223738.412: [GC (Allocation Failure) [PSYoungGen: 63840K->320K(64512K)] 103697K->40177K(419840K), 0.0032871 secs] [Times: user=0.01 sys=0.00, real=0.01 secs] 
2019-01-03T07:12:14.087+0900: 223780.586: [GC (Allocation Failure) [PSYoungGen: 63768K->672K(64512K)] 103625K->40529K(419840K), 0.0031184 secs] [Times: user=0.01 sys=0.01, real=0.00 secs] 
2019-01-03T07:12:57.400+0900: 223823.899: [GC (Allocation Failure) [PSYoungGen: 64160K->640K(64512K)] 104017K->40497K(419840K), 0.0033394 secs] [Times: user=0.00 sys=0.01, real=0.00 secs] 
2019-01-03T07:13:52.986+0900: 223879.485: [GC (Allocation Failure) [PSYoungGen: 64128K->448K(64512K)] 103985K->40305K(419840K), 0.0030789 secs] [Times: user=0.01 sys=0.00, real=0.00 secs] 
2019-01-03T07:14:35.612+0900: 223922.111: [GC (Allocation Failure) [PSYoungGen: 63936K->704K(64512K)] 103793K->40561K(419840K), 0.0036543 secs] [Times: user=0.00 sys=0.01, real=0.01 secs] 
2019-01-03T07:15:26.660+0900: 223973.160: [GC (Allocation Failure) [PSYoungGen: 64192K->448K(64512K)] 104049K->40313K(419840K), 0.0033673 secs] [Times: user=0.01 sys=0.01, real=0.01 secs] 
2019-01-03T07:16:21.610+0900: 224028.109: [GC (Allocation Failure) [PSYoungGen: 63936K->352K(64512K)] 103801K->40241K(419840K), 0.0026913 secs] [Times: user=0.01 sys=0.00, real=0.00 secs] 
2019-01-03T07:17:14.415+0900: 224080.914: [GC (Allocation Failure) [PSYoungGen: 63840K->448K(64512K)] 103729K->40337K(419840K), 0.0032591 secs] [Times: user=0.02 sys=0.00, real=0.00 secs] 
2019-01-03T07:18:07.032+0900: 224133.531: [GC (Allocation Failure) [PSYoungGen: 63936K->448K(64512K)] 103825K->40337K(419840K), 0.0030820 secs] [Times: user=0.00 sys=0.01, real=0.01 secs] 
2019-01-03T07:19:03.605+0900: 224190.104: [GC (Allocation Failure) [PSYoungGen: 63936K->352K(64512K)] 103825K->40265K(419840K), 0.0030857 secs] [Times: user=0.01 sys=0.01, real=0.00 secs] 
2019-01-03T07:19:56.518+0900: 224243.017: [GC (Allocation Failure) [PSYoungGen: 63840K->480K(64512K)] 103753K->40393K(419840K), 0.0031394 secs] [Times: user=0.00 sys=0.01, real=0.00 secs] 
2019-01-03T07:20:47.430+0900: 224293.929: [GC (Allocation Failure) [PSYoungGen: 63900K->480K(64512K)] 103814K->40393K(419840K), 0.0030303 secs] [Times: user=0.01 sys=0.00, real=0.00 secs] 
2019-01-03T07:21:28.283+0900: 224334.782: [GC (Allocation Failure) [PSYoungGen: 63968K->768K(64512K)] 103881K->40681K(419840K), 0.0034854 secs] [Times: user=0.00 sys=0.01, real=0.01 secs] 
2019-01-03T07:22:09.791+0900: 224376.290: [GC (Allocation Failure) [PSYoungGen: 64256K->704K(64512K)] 104169K->40617K(419840K), 0.0035244 secs] [Times: user=0.00 sys=0.01, real=0.01 secs] 
2019-01-03T07:23:00.633+0900: 224427.132: [GC (Allocation Failure) [PSYoungGen: 64192K->448K(64512K)] 104105K->40361K(419840K), 0.0035067 secs] [Times: user=0.01 sys=0.01, real=0.01 secs] 
2019-01-03T07:23:46.735+0900: 224473.234: [GC (Allocation Failure) [PSYoungGen: 63936K->512K(64512K)] 103849K->40425K(419840K), 0.0033502 secs] [Times: user=0.00 sys=0.01, real=0.00 secs] 
2019-01-03T07:24:34.399+0900: 224520.898: [GC (Allocation Failure) [PSYoungGen: 64000K->576K(64512K)] 103913K->40489K(419840K), 0.0032666 secs] [Times: user=0.02 sys=0.00, real=0.00 secs] 
2019-01-03T07:25:31.227+0900: 224577.726: [GC (Allocation Failure) [PSYoungGen: 64064K->352K(64512K)] 103977K->40265K(419840K), 0.0030619 secs] [Times: user=0.00 sys=0.01, real=0.00 secs] 
2019-01-03T07:26:28.437+0900: 224634.936: [GC (Allocation Failure) [PSYoungGen: 63840K->352K(64512K)] 103753K->40265K(419840K), 0.0030470 secs] [Times: user=0.00 sys=0.01, real=0.00 secs] 
2019-01-03T07:27:17.178+0900: 224683.677: [GC (Allocation Failure) [PSYoungGen: 63840K->576K(64512K)] 103753K->40489K(419840K), 0.0032422 secs] [Times: user=0.00 sys=0.01, real=0.00 secs] 
2019-01-03T07:27:53.950+0900: 224720.449: [GC (Allocation Failure) [PSYoungGen: 64064K->800K(64512K)] 103977K->40713K(419840K), 0.0040743 secs] [Times: user=0.01 sys=0.01, real=0.01 secs] 
2019-01-03T07:28:35.512+0900: 224762.011: [GC (Allocation Failure) [PSYoungGen: 64288K->576K(64512K)] 104201K->40489K(419840K), 0.0033786 secs] [Times: user=0.00 sys=0.01, real=0.01 secs] 
2019-01-03T07:29:28.155+0900: 224814.654: [GC (Allocation Failure) [PSYoungGen: 64064K->448K(64512K)] 103977K->40361K(419840K), 0.0030872 secs] [Times: user=0.02 sys=0.00, real=0.00 secs] 
2019-01-03T07:30:18.426+0900: 224864.925: [GC (Allocation Failure) [PSYoungGen: 63936K->640K(64512K)] 103849K->40561K(419840K), 0.0027814 secs] [Times: user=0.00 sys=0.01, real=0.00 secs] 
2019-01-03T07:31:10.448+0900: 224916.947: [GC (Allocation Failure) [PSYoungGen: 64128K->448K(64512K)] 104049K->40369K(419840K), 0.0031796 secs] [Times: user=0.00 sys=0.01, real=0.00 secs] 
2019-01-03T07:32:06.939+0900: 224973.438: [GC (Allocation Failure) [PSYoungGen: 63936K->352K(64512K)] 103857K->40273K(419840K), 0.0029748 secs] [Times: user=0.00 sys=0.01, real=0.00 secs] 
2019-01-03T07:32:51.394+0900: 225017.893: [GC (Allocation Failure) [PSYoungGen: 63840K->672K(64512K)] 103761K->40593K(419840K), 0.0035539 secs] [Times: user=0.01 sys=0.00, real=0.00 secs] 
2019-01-03T07:33:26.902+0900: 225053.401: [GC (Allocation Failure) [PSYoungGen: 64160K->800K(64512K)] 104081K->40721K(419840K), 0.0033205 secs] [Times: user=0.00 sys=0.01, real=0.01 secs] 
2019-01-03T07:34:17.052+0900: 225103.551: [GC (Allocation Failure) [PSYoungGen: 64288K->576K(64512K)] 104209K->40497K(419840K), 0.0027880 secs] [Times: user=0.00 sys=0.01, real=0.01 secs] 
2019-01-03T07:35:10.150+0900: 225156.649: [GC (Allocation Failure) [PSYoungGen: 64064K->384K(64512K)] 103985K->40305K(419840K), 0.0033925 secs] [Times: user=0.01 sys=0.00, real=0.00 secs] 
2019-01-03T07:36:00.954+0900: 225207.453: [GC (Allocation Failure) [PSYoungGen: 63872K->512K(64512K)] 103793K->40433K(419840K), 0.0028182 secs] [Times: user=0.00 sys=0.01, real=0.00 secs] 
2019-01-03T07:36:51.895+0900: 225258.394: [GC (Allocation Failure) [PSYoungGen: 64000K->480K(64512K)] 103921K->40409K(419840K), 0.0032435 secs] [Times: user=0.02 sys=0.00, real=0.00 secs] 
2019-01-03T07:37:47.117+0900: 225313.616: [GC (Allocation Failure) [PSYoungGen: 63968K->352K(64512K)] 103897K->40281K(419840K), 0.0031180 secs] [Times: user=0.01 sys=0.01, real=0.00 secs] 
2019-01-03T07:38:44.221+0900: 225370.720: [GC (Allocation Failure) [PSYoungGen: 63840K->320K(64512K)] 103769K->40249K(419840K), 0.0030681 secs] [Times: user=0.00 sys=0.01, real=0.01 secs] 
2019-01-03T07:39:34.922+0900: 225421.421: [GC (Allocation Failure) [PSYoungGen: 63808K->512K(64512K)] 103737K->40441K(419840K), 0.0032324 secs] [Times: user=0.01 sys=0.01, real=0.01 secs] 
2019-01-03T07:40:19.823+0900: 225466.322: [GC (Allocation Failure) [PSYoungGen: 64000K->576K(64512K)] 103929K->40505K(419840K), 0.0033724 secs] [Times: user=0.00 sys=0.01, real=0.01 secs] 
2019-01-03T07:41:05.374+0900: 225511.873: [GC (Allocation Failure) [PSYoungGen: 64064K->704K(64512K)] 103993K->40633K(419840K), 0.0034551 secs] [Times: user=0.00 sys=0.01, real=0.00 secs] 
2019-01-03T07:41:50.073+0900: 225556.572: [GC (Allocation Failure) [PSYoungGen: 64192K->704K(64512K)] 104121K->40633K(419840K), 0.0034580 secs] [Times: user=0.02 sys=0.00, real=0.01 secs] 
2019-01-03T07:42:17.475+0900: 225583.974: [GC (Allocation Failure) [PSYoungGen: 64192K->1024K(64000K)] 104121K->40969K(419328K), 0.0040215 secs] [Times: user=0.01 sys=0.00, real=0.00 secs] 
2019-01-03T07:42:57.166+0900: 225623.665: [GC (Allocation Failure) [PSYoungGen: 64000K->768K(64512K)] 103945K->40713K(419840K), 0.0034739 secs] [Times: user=0.00 sys=0.01, real=0.00 secs] 
2019-01-03T07:43:40.506+0900: 225667.005: [GC (Allocation Failure) [PSYoungGen: 63744K->672K(64512K)] 103689K->40617K(419840K), 0.0036101 secs] [Times: user=0.00 sys=0.01, real=0.00 secs] 
2019-01-03T07:44:28.887+0900: 225715.386: [GC (Allocation Failure) [PSYoungGen: 63648K->576K(64000K)] 103593K->40529K(419328K), 0.0032924 secs] [Times: user=0.01 sys=0.00, real=0.00 secs] 
2019-01-03T07:45:10.937+0900: 225757.436: [GC (Allocation Failure) [PSYoungGen: 63552K->640K(64000K)] 103505K->40593K(419328K), 0.0034811 secs] [Times: user=0.01 sys=0.00, real=0.00 secs] 
2019-01-03T07:45:55.375+0900: 225801.874: [GC (Allocation Failure) [PSYoungGen: 63616K->608K(64000K)] 103569K->40561K(419328K), 0.0032714 secs] [Times: user=0.00 sys=0.01, real=0.00 secs] 
2019-01-03T07:46:51.613+0900: 225858.112: [GC (Allocation Failure) [PSYoungGen: 63584K->352K(64000K)] 103537K->40305K(419328K), 0.0026586 secs] [Times: user=0.01 sys=0.00, real=0.01 secs] 
2019-01-03T07:47:48.502+0900: 225915.001: [GC (Allocation Failure) [PSYoungGen: 63328K->352K(64000K)] 103281K->40305K(419328K), 0.0026340 secs] [Times: user=0.01 sys=0.00, real=0.01 secs] 
2019-01-03T07:48:44.679+0900: 225971.178: [GC (Allocation Failure) [PSYoungGen: 63328K->320K(64000K)] 103281K->40273K(419328K), 0.0027061 secs] [Times: user=0.00 sys=0.01, real=0.00 secs] 
2019-01-03T07:49:40.943+0900: 226027.442: [GC (Allocation Failure) [PSYoungGen: 63296K->288K(64000K)] 103249K->40241K(419328K), 0.0033606 secs] [Times: user=0.01 sys=0.01, real=0.01 secs] 
2019-01-03T07:50:33.155+0900: 226079.654: [GC (Allocation Failure) [PSYoungGen: 63264K->320K(64000K)] 103217K->40273K(419328K), 0.0031862 secs] [Times: user=0.00 sys=0.01, real=0.00 secs] 
2019-01-03T07:51:29.862+0900: 226136.361: [GC (Allocation Failure) [PSYoungGen: 63296K->288K(64000K)] 103249K->40241K(419328K), 0.0025762 secs] [Times: user=0.01 sys=0.01, real=0.01 secs] 
2019-01-03T07:52:18.043+0900: 226184.542: [GC (Allocation Failure) [PSYoungGen: 63264K->544K(64000K)] 103217K->40497K(419328K), 0.0033368 secs] [Times: user=0.02 sys=0.00, real=0.01 secs] 
2019-01-03T07:52:59.530+0900: 226226.029: [GC (Allocation Failure) [PSYoungGen: 63520K->704K(64000K)] 103473K->40665K(419328K), 0.0035149 secs] [Times: user=0.02 sys=0.00, real=0.00 secs] 
2019-01-03T07:53:50.935+0900: 226277.434: [GC (Allocation Failure) [PSYoungGen: 63680K->512K(64000K)] 103641K->40473K(419328K), 0.0032225 secs] [Times: user=0.00 sys=0.01, real=0.00 secs] 
2019-01-03T07:54:43.265+0900: 226329.764: [GC (Allocation Failure) [PSYoungGen: 63488K->448K(64000K)] 103449K->40425K(419328K), 0.0031831 secs] [Times: user=0.00 sys=0.01, real=0.00 secs] 
2019-01-03T07:55:22.945+0900: 226369.444: [GC (Allocation Failure) [PSYoungGen: 63424K->736K(64000K)] 103401K->40737K(419328K), 0.0038142 secs] [Times: user=0.01 sys=0.01, real=0.00 secs] 
2019-01-03T07:56:02.425+0900: 226408.924: [GC (Allocation Failure) [PSYoungGen: 63712K->768K(64000K)] 103713K->40769K(419328K), 0.0032215 secs] [Times: user=0.00 sys=0.01, real=0.00 secs] 
2019-01-03T07:56:50.642+0900: 226457.141: [GC (Allocation Failure) [PSYoungGen: 63744K->480K(64000K)] 103745K->40481K(419328K), 0.0032622 secs] [Times: user=0.01 sys=0.00, real=0.01 secs] 
2019-01-03T07:57:35.343+0900: 226501.842: [GC (Allocation Failure) [PSYoungGen: 63456K->608K(64000K)] 103457K->40609K(419328K), 0.0029366 secs] [Times: user=0.00 sys=0.01, real=0.01 secs] 
2019-01-03T07:58:26.158+0900: 226552.657: [GC (Allocation Failure) [PSYoungGen: 63584K->512K(64000K)] 103585K->40513K(419328K), 0.0031676 secs] [Times: user=0.02 sys=0.00, real=0.00 secs] 
2019-01-03T07:59:18.297+0900: 226604.796: [GC (Allocation Failure) [PSYoungGen: 63488K->416K(64000K)] 103489K->40417K(419328K), 0.0032293 secs] [Times: user=0.00 sys=0.01, real=0.00 secs] 
2019-01-03T08:00:13.102+0900: 226659.601: [GC (Allocation Failure) [PSYoungGen: 63392K->416K(64000K)] 103393K->40417K(419328K), 0.0030483 secs] [Times: user=0.02 sys=0.00, real=0.01 secs] 
2019-01-03T08:01:00.593+0900: 226707.092: [GC (Allocation Failure) [PSYoungGen: 63392K->640K(64000K)] 103393K->40641K(419328K), 0.0028670 secs] [Times: user=0.00 sys=0.01, real=0.01 secs] 
2019-01-03T08:01:45.798+0900: 226752.297: [GC (Allocation Failure) [PSYoungGen: 63616K->640K(64000K)] 103617K->40641K(419328K), 0.0034607 secs] [Times: user=0.01 sys=0.01, real=0.00 secs] 
2019-01-03T08:02:37.694+0900: 226804.193: [GC (Allocation Failure) [PSYoungGen: 63616K->576K(64000K)] 103617K->40577K(419328K), 0.0031865 secs] [Times: user=0.02 sys=0.00, real=0.00 secs] 
2019-01-03T08:03:10.698+0900: 226837.197: [GC (Allocation Failure) [PSYoungGen: 63552K->960K(64000K)] 103553K->40961K(419328K), 0.0038811 secs] [Times: user=0.01 sys=0.00, real=0.00 secs] 
2019-01-03T08:04:03.343+0900: 226889.842: [GC (Allocation Failure) [PSYoungGen: 63936K->416K(64000K)] 103937K->40417K(419328K), 0.0031294 secs] [Times: user=0.00 sys=0.02, real=0.01 secs] 
2019-01-03T08:04:52.798+0900: 226939.297: [GC (Allocation Failure) [PSYoungGen: 63392K->480K(64000K)] 103393K->40481K(419328K), 0.0030061 secs] [Times: user=0.00 sys=0.01, real=0.00 secs] 
2019-01-03T08:05:38.589+0900: 226985.088: [GC (Allocation Failure) [PSYoungGen: 63456K->576K(64000K)] 103457K->40577K(419328K), 0.0032296 secs] [Times: user=0.00 sys=0.01, real=0.00 secs] 
2019-01-03T08:06:24.893+0900: 227031.392: [GC (Allocation Failure) [PSYoungGen: 63552K->544K(64000K)] 103553K->40545K(419328K), 0.0033019 secs] [Times: user=0.00 sys=0.01, real=0.01 secs] 
2019-01-03T08:07:18.079+0900: 227084.578: [GC (Allocation Failure) [PSYoungGen: 63520K->448K(64000K)] 103521K->40449K(419328K), 0.0030844 secs] [Times: user=0.00 sys=0.01, real=0.00 secs] 
2019-01-03T08:08:10.254+0900: 227136.753: [GC (Allocation Failure) [PSYoungGen: 63424K->448K(64000K)] 103425K->40449K(419328K), 0.0030713 secs] [Times: user=0.00 sys=0.02, real=0.01 secs] 
2019-01-03T08:09:02.515+0900: 227189.014: [GC (Allocation Failure) [PSYoungGen: 63424K->448K(64000K)] 103425K->40449K(419328K), 0.0031531 secs] [Times: user=0.01 sys=0.00, real=0.00 secs] 
2019-01-03T08:09:48.866+0900: 227235.365: [GC (Allocation Failure) [PSYoungGen: 63424K->576K(64000K)] 103425K->40577K(419328K), 0.0033770 secs] [Times: user=0.01 sys=0.01, real=0.00 secs] 
2019-01-03T08:10:29.846+0900: 227276.345: [GC (Allocation Failure) [PSYoungGen: 63552K->736K(64000K)] 103553K->40737K(419328K), 0.0035357 secs] [Times: user=0.01 sys=0.00, real=0.00 secs] 
2019-01-03T08:11:18.347+0900: 227324.846: [GC (Allocation Failure) [PSYoungGen: 63712K->416K(64000K)] 103713K->40417K(419328K), 0.0033701 secs] [Times: user=0.00 sys=0.01, real=0.00 secs] 
2019-01-03T08:12:03.219+0900: 227369.718: [GC (Allocation Failure) [PSYoungGen: 63392K->544K(64000K)] 103393K->40553K(419328K), 0.0045800 secs] [Times: user=0.03 sys=0.00, real=0.00 secs] 
2019-01-03T08:12:45.760+0900: 227412.259: [GC (Allocation Failure) [PSYoungGen: 63520K->704K(64000K)] 103529K->40713K(419328K), 0.0036524 secs] [Times: user=0.00 sys=0.01, real=0.01 secs] 
2019-01-03T08:13:39.837+0900: 227466.336: [GC (Allocation Failure) [PSYoungGen: 63680K->320K(64000K)] 103689K->40329K(419328K), 0.0031179 secs] [Times: user=0.01 sys=0.00, real=0.00 secs] 
2019-01-03T08:14:30.797+0900: 227517.296: [GC (Allocation Failure) [PSYoungGen: 63296K->480K(64000K)] 103305K->40489K(419328K), 0.0032561 secs] [Times: user=0.01 sys=0.01, real=0.00 secs] 
2019-01-03T08:15:22.821+0900: 227569.320: [GC (Allocation Failure) [PSYoungGen: 63456K->480K(64000K)] 103465K->40497K(419328K), 0.0036029 secs] [Times: user=0.00 sys=0.01, real=0.01 secs] 
2019-01-03T08:16:12.401+0900: 227618.900: [GC (Allocation Failure) [PSYoungGen: 63456K->448K(64000K)] 103473K->40465K(419328K), 0.0028284 secs] [Times: user=0.00 sys=0.01, real=0.01 secs] 
2019-01-03T08:16:57.356+0900: 227663.855: [GC (Allocation Failure) [PSYoungGen: 63424K->672K(64000K)] 103441K->40689K(419328K), 0.0035491 secs] [Times: user=0.01 sys=0.01, real=0.00 secs] 
2019-01-03T08:17:53.592+0900: 227720.091: [GC (Allocation Failure) [PSYoungGen: 63648K->384K(64000K)] 103665K->40401K(419328K), 0.0025326 secs] [Times: user=0.00 sys=0.01, real=0.01 secs] 
2019-01-03T08:18:45.796+0900: 227772.295: [GC (Allocation Failure) [PSYoungGen: 63360K->384K(64000K)] 103377K->40401K(419328K), 0.0027616 secs] [Times: user=0.01 sys=0.00, real=0.00 secs] 
2019-01-03T08:19:36.940+0900: 227823.439: [GC (Allocation Failure) [PSYoungGen: 63360K->480K(64000K)] 103377K->40497K(419328K), 0.0033481 secs] [Times: user=0.00 sys=0.01, real=0.00 secs] 
2019-01-03T08:20:23.177+0900: 227869.676: [GC (Allocation Failure) [PSYoungGen: 63456K->608K(64000K)] 103473K->40625K(419328K), 0.0027933 secs] [Times: user=0.01 sys=0.01, real=0.00 secs] 
2019-01-03T08:21:07.831+0900: 227914.330: [GC (Allocation Failure) [PSYoungGen: 63584K->576K(64000K)] 103601K->40593K(419328K), 0.0033749 secs] [Times: user=0.01 sys=0.01, real=0.01 secs] 
2019-01-03T08:21:58.553+0900: 227965.052: [GC (Allocation Failure) [PSYoungGen: 63552K->416K(64000K)] 103569K->40433K(419328K), 0.0032260 secs] [Times: user=0.00 sys=0.01, real=0.01 secs] 
2019-01-03T08:22:42.738+0900: 228009.237: [GC (Allocation Failure) [PSYoungGen: 63392K->640K(64000K)] 103409K->40657K(419328K), 0.0037605 secs] [Times: user=0.01 sys=0.00, real=0.00 secs] 
2019-01-03T08:23:31.348+0900: 228057.847: [GC (Allocation Failure) [PSYoungGen: 63616K->640K(64000K)] 103633K->40657K(419328K), 0.0032721 secs] [Times: user=0.00 sys=0.01, real=0.00 secs] 
2019-01-03T08:24:19.196+0900: 228105.695: [GC (Allocation Failure) [PSYoungGen: 63616K->512K(64000K)] 103633K->40529K(419328K), 0.0032765 secs] [Times: user=0.01 sys=0.01, real=0.00 secs] 
2019-01-03T08:25:02.150+0900: 228148.649: [GC (Allocation Failure) [PSYoungGen: 63488K->608K(64000K)] 103505K->40633K(419328K), 0.0036420 secs] [Times: user=0.01 sys=0.00, real=0.01 secs] 
2019-01-03T08:25:51.045+0900: 228197.544: [GC (Allocation Failure) [PSYoungGen: 63584K->512K(64000K)] 103609K->40537K(419328K), 0.0032222 secs] [Times: user=0.00 sys=0.01, real=0.00 secs] 
2019-01-03T08:26:40.996+0900: 228247.495: [GC (Allocation Failure) [PSYoungGen: 63488K->512K(64000K)] 103513K->40545K(419328K), 0.0029220 secs] [Times: user=0.01 sys=0.01, real=0.00 secs] 
2019-01-03T08:27:33.256+0900: 228299.755: [GC (Allocation Failure) [PSYoungGen: 63488K->480K(64000K)] 103521K->40513K(419328K), 0.0032056 secs] [Times: user=0.01 sys=0.00, real=0.00 secs] 
2019-01-03T08:28:22.040+0900: 228348.539: [GC (Allocation Failure) [PSYoungGen: 63456K->512K(64000K)] 103489K->40545K(419328K), 0.0030562 secs] [Times: user=0.02 sys=0.00, real=0.00 secs] 
2019-01-03T08:29:14.249+0900: 228400.748: [GC (Allocation Failure) [PSYoungGen: 63488K->448K(64000K)] 103521K->40481K(419328K), 0.0031378 secs] [Times: user=0.00 sys=0.01, real=0.00 secs] 
2019-01-03T08:30:10.571+0900: 228457.070: [GC (Allocation Failure) [PSYoungGen: 63424K->384K(64000K)] 103457K->40417K(419328K), 0.0031128 secs] [Times: user=0.00 sys=0.01, real=0.01 secs] 
2019-01-03T08:30:55.206+0900: 228501.705: [GC (Allocation Failure) [PSYoungGen: 63360K->544K(64000K)] 103393K->40577K(419328K), 0.0032071 secs] [Times: user=0.00 sys=0.01, real=0.00 secs] 
2019-01-03T08:31:47.850+0900: 228554.349: [GC (Allocation Failure) [PSYoungGen: 63520K->352K(64000K)] 103553K->40385K(419328K), 0.0029039 secs] [Times: user=0.00 sys=0.01, real=0.00 secs] 
2019-01-03T08:32:37.928+0900: 228604.427: [GC (Allocation Failure) [PSYoungGen: 63328K->480K(64000K)] 103361K->40521K(419328K), 0.0031848 secs] [Times: user=0.01 sys=0.00, real=0.00 secs] 
2019-01-03T08:33:10.356+0900: 228636.855: [GC (Allocation Failure) [PSYoungGen: 63456K->960K(64000K)] 103497K->41001K(419328K), 0.0039683 secs] [Times: user=0.01 sys=0.01, real=0.00 secs] 
2019-01-03T08:34:01.008+0900: 228687.507: [GC (Allocation Failure) [PSYoungGen: 63936K->416K(64000K)] 103977K->40457K(419328K), 0.0034468 secs] [Times: user=0.00 sys=0.01, real=0.00 secs] 
2019-01-03T08:34:53.654+0900: 228740.153: [GC (Allocation Failure) [PSYoungGen: 63392K->448K(64000K)] 103433K->40489K(419328K), 0.0031093 secs] [Times: user=0.01 sys=0.01, real=0.00 secs] 
2019-01-03T08:35:47.973+0900: 228794.472: [GC (Allocation Failure) [PSYoungGen: 63424K->288K(64000K)] 103465K->40329K(419328K), 0.0028022 secs] [Times: user=0.01 sys=0.01, real=0.01 secs] 
2019-01-03T08:36:40.811+0900: 228847.310: [GC (Allocation Failure) [PSYoungGen: 63264K->416K(64000K)] 103305K->40457K(419328K), 0.0031354 secs] [Times: user=0.00 sys=0.01, real=0.01 secs] 
2019-01-03T08:37:34.699+0900: 228901.198: [GC (Allocation Failure) [PSYoungGen: 63392K->448K(64000K)] 103433K->40489K(419328K), 0.0033866 secs] [Times: user=0.02 sys=0.00, real=0.00 secs] 
2019-01-03T08:38:27.488+0900: 228953.987: [GC (Allocation Failure) [PSYoungGen: 63423K->416K(64000K)] 103464K->40457K(419328K), 0.0029346 secs] [Times: user=0.02 sys=0.00, real=0.00 secs] 
2019-01-03T08:39:19.849+0900: 229006.348: [GC (Allocation Failure) [PSYoungGen: 63392K->416K(64000K)] 103433K->40457K(419328K), 0.0032002 secs] [Times: user=0.01 sys=0.00, real=0.00 secs] 
2019-01-03T08:40:12.436+0900: 229058.935: [GC (Allocation Failure) [PSYoungGen: 63392K->448K(64000K)] 103433K->40489K(419328K), 0.0032808 secs] [Times: user=0.00 sys=0.01, real=0.00 secs] 
2019-01-03T08:41:05.154+0900: 229111.653: [GC (Allocation Failure) [PSYoungGen: 63424K->384K(64000K)] 103465K->40425K(419328K), 0.0030710 secs] [Times: user=0.02 sys=0.00, real=0.00 secs] 
2019-01-03T08:41:56.926+0900: 229163.425: [GC (Allocation Failure) [PSYoungGen: 63360K->448K(64000K)] 103401K->40489K(419328K), 0.0030655 secs] [Times: user=0.02 sys=0.00, real=0.00 secs] 
2019-01-03T08:42:37.705+0900: 229204.204: [GC (Allocation Failure) [PSYoungGen: 63424K->736K(64000K)] 103465K->40777K(419328K), 0.0032930 secs] [Times: user=0.01 sys=0.01, real=0.00 secs] 
2019-01-03T08:43:20.297+0900: 229246.796: [GC (Allocation Failure) [PSYoungGen: 63712K->704K(64000K)] 103753K->40745K(419328K), 0.0034509 secs] [Times: user=0.01 sys=0.00, real=0.00 secs] 
2019-01-03T08:44:06.709+0900: 229293.208: [GC (Allocation Failure) [PSYoungGen: 63680K->544K(64000K)] 103721K->40585K(419328K), 0.0033371 secs] [Times: user=0.00 sys=0.02, real=0.00 secs] 
2019-01-03T08:44:51.171+0900: 229337.670: [GC (Allocation Failure) [PSYoungGen: 63520K->640K(64000K)] 103561K->40681K(419328K), 0.0033983 secs] [Times: user=0.00 sys=0.01, real=0.01 secs] 
2019-01-03T08:45:34.245+0900: 229380.744: [GC (Allocation Failure) [PSYoungGen: 63616K->704K(64000K)] 103657K->40761K(419328K), 0.0034990 secs] [Times: user=0.02 sys=0.00, real=0.00 secs] 
2019-01-03T08:46:20.448+0900: 229426.947: [GC (Allocation Failure) [PSYoungGen: 63680K->480K(64000K)] 103737K->40545K(419328K), 0.0033636 secs] [Times: user=0.01 sys=0.00, real=0.00 secs] 
2019-01-03T08:46:59.336+0900: 229465.835: [GC (Allocation Failure) [PSYoungGen: 63451K->768K(64000K)] 103516K->40833K(419328K), 0.0040629 secs] [Times: user=0.00 sys=0.01, real=0.00 secs] 
2019-01-03T08:47:51.280+0900: 229517.779: [GC (Allocation Failure) [PSYoungGen: 63744K->416K(64000K)] 103809K->40481K(419328K), 0.0034749 secs] [Times: user=0.00 sys=0.01, real=0.00 secs] 
2019-01-03T08:48:39.974+0900: 229566.473: [GC (Allocation Failure) [PSYoungGen: 63392K->352K(64000K)] 103457K->40417K(419328K), 0.0035204 secs] [Times: user=0.00 sys=0.01, real=0.00 secs] 
2019-01-03T08:49:20.281+0900: 229606.780: [GC (Allocation Failure) [PSYoungGen: 63328K->704K(64000K)] 103393K->40769K(419328K), 0.0036199 secs] [Times: user=0.01 sys=0.01, real=0.01 secs] 
2019-01-03T08:50:07.322+0900: 229653.821: [GC (Allocation Failure) [PSYoungGen: 63680K->544K(64000K)] 103745K->40609K(419328K), 0.0032120 secs] [Times: user=0.00 sys=0.01, real=0.01 secs] 
2019-01-03T08:50:53.746+0900: 229700.245: [GC (Allocation Failure) [PSYoungGen: 63520K->576K(64000K)] 103585K->40641K(419328K), 0.0032146 secs] [Times: user=0.00 sys=0.01, real=0.00 secs] 
2019-01-03T08:51:46.076+0900: 229752.575: [GC (Allocation Failure) [PSYoungGen: 63552K->416K(64000K)] 103617K->40481K(419328K), 0.0030654 secs] [Times: user=0.00 sys=0.01, real=0.00 secs] 
2019-01-03T08:52:35.712+0900: 229802.211: [GC (Allocation Failure) [PSYoungGen: 63392K->480K(64000K)] 103457K->40545K(419328K), 0.0032710 secs] [Times: user=0.01 sys=0.01, real=0.01 secs] 
2019-01-03T08:53:31.168+0900: 229857.667: [GC (Allocation Failure) [PSYoungGen: 63456K->352K(64000K)] 103521K->40417K(419328K), 0.0026138 secs] [Times: user=0.01 sys=0.00, real=0.00 secs] 
2019-01-03T08:54:27.397+0900: 229913.896: [GC (Allocation Failure) [PSYoungGen: 63328K->352K(64000K)] 103393K->40425K(419328K), 0.0029066 secs] [Times: user=0.01 sys=0.01, real=0.00 secs] 
2019-01-03T08:55:20.718+0900: 229967.217: [GC (Allocation Failure) [PSYoungGen: 63325K->384K(64000K)] 103399K->40457K(419328K), 0.0029385 secs] [Times: user=0.00 sys=0.01, real=0.00 secs] 
2019-01-03T08:56:12.551+0900: 230019.050: [GC (Allocation Failure) [PSYoungGen: 63360K->512K(64000K)] 103433K->40585K(419328K), 0.0030810 secs] [Times: user=0.00 sys=0.01, real=0.01 secs] 
2019-01-03T08:57:05.015+0900: 230071.514: [GC (Allocation Failure) [PSYoungGen: 63488K->480K(64000K)] 103561K->40553K(419328K), 0.0028808 secs] [Times: user=0.01 sys=0.02, real=0.00 secs] 
2019-01-03T08:57:53.713+0900: 230120.212: [GC (Allocation Failure) [PSYoungGen: 63456K->544K(64000K)] 103529K->40617K(419328K), 0.0031173 secs] [Times: user=0.00 sys=0.01, real=0.01 secs] 
2019-01-03T08:58:50.302+0900: 230176.801: [GC (Allocation Failure) [PSYoungGen: 63520K->384K(64000K)] 103593K->40457K(419328K), 0.0032629 secs] [Times: user=0.00 sys=0.00, real=0.01 secs] 
2019-01-03T08:59:45.739+0900: 230232.238: [GC (Allocation Failure) [PSYoungGen: 63360K->320K(64000K)] 103433K->40393K(419328K), 0.0030104 secs] [Times: user=0.00 sys=0.01, real=0.00 secs] 
2019-01-03T09:00:42.854+0900: 230289.353: [GC (Allocation Failure) [PSYoungGen: 63296K->352K(64000K)] 103369K->40425K(419328K), 0.0028383 secs] [Times: user=0.00 sys=0.01, real=0.00 secs] 
2019-01-03T09:01:39.080+0900: 230345.579: [GC (Allocation Failure) [PSYoungGen: 63328K->320K(64000K)] 103401K->40393K(419328K), 0.0030482 secs] [Times: user=0.01 sys=0.00, real=0.00 secs] 
2019-01-03T09:02:35.798+0900: 230402.297: [GC (Allocation Failure) [PSYoungGen: 63296K->352K(64000K)] 103369K->40433K(419328K), 0.0024807 secs] [Times: user=0.01 sys=0.00, real=0.00 secs] 
2019-01-03T09:03:08.436+0900: 230434.935: [GC (Allocation Failure) [PSYoungGen: 63328K->896K(64000K)] 103409K->40977K(419328K), 0.0038396 secs] [Times: user=0.00 sys=0.01, real=0.00 secs] 
2019-01-03T09:04:03.137+0900: 230489.636: [GC (Allocation Failure) [PSYoungGen: 63872K->384K(64000K)] 103953K->40465K(419328K), 0.0029892 secs] [Times: user=0.00 sys=0.01, real=0.00 secs] 
2019-01-03T09:04:58.902+0900: 230545.401: [GC (Allocation Failure) [PSYoungGen: 63360K->352K(64000K)] 103441K->40433K(419328K), 0.0031403 secs] [Times: user=0.01 sys=0.00, real=0.01 secs] 
2019-01-03T09:05:55.613+0900: 230602.112: [GC (Allocation Failure) [PSYoungGen: 63328K->384K(64000K)] 103409K->40465K(419328K), 0.0029042 secs] [Times: user=0.00 sys=0.01, real=0.01 secs] 
2019-01-03T09:06:51.686+0900: 230658.185: [GC (Allocation Failure) [PSYoungGen: 63360K->384K(64000K)] 103441K->40465K(419328K), 0.0028280 secs] [Times: user=0.01 sys=0.00, real=0.00 secs] 
2019-01-03T09:07:44.507+0900: 230711.006: [GC (Allocation Failure) [PSYoungGen: 63360K->448K(64000K)] 103441K->40529K(419328K), 0.0028236 secs] [Times: user=0.01 sys=0.00, real=0.00 secs] 
2019-01-03T09:08:39.332+0900: 230765.831: [GC (Allocation Failure) [PSYoungGen: 63424K->384K(64000K)] 103505K->40465K(419328K), 0.0027947 secs] [Times: user=0.01 sys=0.00, real=0.01 secs] 
2019-01-03T09:09:35.271+0900: 230821.770: [GC (Allocation Failure) [PSYoungGen: 63360K->384K(64000K)] 103441K->40465K(419328K), 0.0031395 secs] [Times: user=0.02 sys=0.00, real=0.01 secs] 
2019-01-03T09:10:19.854+0900: 230866.353: [GC (Allocation Failure) [PSYoungGen: 63360K->608K(64000K)] 103441K->40689K(419328K), 0.0031277 secs] [Times: user=0.00 sys=0.01, real=0.00 secs] 
2019-01-03T09:11:12.318+0900: 230918.817: [GC (Allocation Failure) [PSYoungGen: 63584K->448K(64000K)] 103665K->40545K(419328K), 0.0031479 secs] [Times: user=0.01 sys=0.00, real=0.00 secs] 
2019-01-03T09:12:08.546+0900: 230975.045: [GC (Allocation Failure) [PSYoungGen: 63424K->256K(64000K)] 103521K->40353K(419328K), 0.0027732 secs] [Times: user=0.01 sys=0.01, real=0.00 secs] 
2019-01-03T09:12:53.540+0900: 231020.039: [GC (Allocation Failure) [PSYoungGen: 63232K->512K(64000K)] 103329K->40609K(419328K), 0.0033936 secs] [Times: user=0.01 sys=0.00, real=0.00 secs] 
2019-01-03T09:13:49.321+0900: 231075.820: [GC (Allocation Failure) [PSYoungGen: 63488K->288K(64000K)] 103585K->40385K(419328K), 0.0031191 secs] [Times: user=0.01 sys=0.01, real=0.01 secs] 
2019-01-03T09:14:45.795+0900: 231132.294: [GC (Allocation Failure) [PSYoungGen: 63264K->384K(64000K)] 103361K->40481K(419328K), 0.0033322 secs] [Times: user=0.00 sys=0.02, real=0.00 secs] 
2019-01-03T09:15:30.083+0900: 231176.582: [GC (Allocation Failure) [PSYoungGen: 63360K->576K(64000K)] 103457K->40673K(419328K), 0.0033838 secs] [Times: user=0.01 sys=0.01, real=0.01 secs] 
2019-01-03T09:16:26.555+0900: 231233.054: [GC (Allocation Failure) [PSYoungGen: 63552K->352K(64000K)] 103649K->40481K(419328K), 0.0026445 secs] [Times: user=0.01 sys=0.01, real=0.00 secs] 
2019-01-03T09:17:22.975+0900: 231289.474: [GC (Allocation Failure) [PSYoungGen: 63328K->320K(64000K)] 103457K->40449K(419328K), 0.0029585 secs] [Times: user=0.00 sys=0.01, real=0.00 secs] 
2019-01-03T09:18:19.469+0900: 231345.968: [GC (Allocation Failure) [PSYoungGen: 63296K->288K(64000K)] 103425K->40417K(419328K), 0.0026142 secs] [Times: user=0.00 sys=0.01, real=0.00 secs] 
2019-01-03T09:19:15.484+0900: 231401.983: [GC (Allocation Failure) [PSYoungGen: 63264K->256K(64000K)] 103393K->40385K(419328K), 0.0029795 secs] [Times: user=0.01 sys=0.01, real=0.00 secs] 
2019-01-03T09:20:12.460+0900: 231458.959: [GC (Allocation Failure) [PSYoungGen: 63232K->352K(64000K)] 103361K->40481K(419328K), 0.0029980 secs] [Times: user=0.00 sys=0.01, real=0.00 secs] 
2019-01-03T09:21:08.333+0900: 231514.832: [GC (Allocation Failure) [PSYoungGen: 63328K->352K(64000K)] 103457K->40489K(419328K), 0.0030094 secs] [Times: user=0.02 sys=0.00, real=0.01 secs] 
2019-01-03T09:22:04.909+0900: 231571.408: [GC (Allocation Failure) [PSYoungGen: 63328K->352K(64000K)] 103465K->40489K(419328K), 0.0030388 secs] [Times: user=0.01 sys=0.01, real=0.00 secs] 
2019-01-03T09:23:01.135+0900: 231627.634: [GC (Allocation Failure) [PSYoungGen: 63328K->384K(64000K)] 103465K->40521K(419328K), 0.0026841 secs] [Times: user=0.00 sys=0.01, real=0.00 secs] 
2019-01-03T09:23:57.636+0900: 231684.135: [GC (Allocation Failure) [PSYoungGen: 63360K->384K(64000K)] 103497K->40521K(419328K), 0.0028958 secs] [Times: user=0.02 sys=0.00, real=0.00 secs] 
2019-01-03T09:24:53.906+0900: 231740.405: [GC (Allocation Failure) [PSYoungGen: 63360K->384K(64000K)] 103497K->40521K(419328K), 0.0030078 secs] [Times: user=0.00 sys=0.01, real=0.00 secs] 
2019-01-03T09:25:50.311+0900: 231796.810: [GC (Allocation Failure) [PSYoungGen: 63360K->288K(64000K)] 103497K->40425K(419328K), 0.0025100 secs] [Times: user=0.00 sys=0.01, real=0.01 secs] 
2019-01-03T09:26:46.661+0900: 231853.160: [GC (Allocation Failure) [PSYoungGen: 63264K->320K(64000K)] 103401K->40481K(419328K), 0.0026955 secs] [Times: user=0.00 sys=0.01, real=0.01 secs] 
2019-01-03T09:27:43.056+0900: 231909.555: [GC (Allocation Failure) [PSYoungGen: 63296K->384K(64000K)] 103457K->40545K(419328K), 0.0028644 secs] [Times: user=0.00 sys=0.01, real=0.00 secs] 
2019-01-03T09:28:37.232+0900: 231963.731: [GC (Allocation Failure) [PSYoungGen: 63360K->416K(64000K)] 103521K->40577K(419328K), 0.0027463 secs] [Times: user=0.01 sys=0.01, real=0.01 secs] 
2019-01-03T09:29:27.371+0900: 232013.870: [GC (Allocation Failure) [PSYoungGen: 63392K->512K(64000K)] 103553K->40697K(419328K), 0.0031870 secs] [Times: user=0.00 sys=0.01, real=0.01 secs] 
2019-01-03T09:30:21.842+0900: 232068.341: [GC (Allocation Failure) [PSYoungGen: 63488K->416K(64000K)] 103673K->40601K(419328K), 0.0031241 secs] [Times: user=0.00 sys=0.01, real=0.01 secs] 
2019-01-03T09:31:18.085+0900: 232124.584: [GC (Allocation Failure) [PSYoungGen: 63392K->352K(64000K)] 103577K->40537K(419328K), 0.0027177 secs] [Times: user=0.01 sys=0.00, real=0.00 secs] 
2019-01-03T09:32:15.003+0900: 232181.502: [GC (Allocation Failure) [PSYoungGen: 63328K->352K(64000K)] 103513K->40537K(419328K), 0.0029780 secs] [Times: user=0.01 sys=0.00, real=0.01 secs] 
2019-01-03T09:32:53.058+0900: 232219.557: [GC (Allocation Failure) [PSYoungGen: 63326K->800K(64000K)] 103512K->40985K(419328K), 0.0034864 secs] [Times: user=0.00 sys=0.02, real=0.00 secs] 
2019-01-03T09:33:41.623+0900: 232268.122: [GC (Allocation Failure) [PSYoungGen: 63776K->544K(64000K)] 103961K->40729K(419328K), 0.0032225 secs] [Times: user=0.00 sys=0.01, real=0.01 secs] 
2019-01-03T09:34:37.843+0900: 232324.342: [GC (Allocation Failure) [PSYoungGen: 63520K->352K(64000K)] 103705K->40537K(419328K), 0.0031191 secs] [Times: user=0.00 sys=0.01, real=0.01 secs] 
2019-01-03T09:35:34.243+0900: 232380.742: [GC (Allocation Failure) [PSYoungGen: 63328K->352K(64000K)] 103513K->40537K(419328K), 0.0029605 secs] [Times: user=0.02 sys=0.00, real=0.01 secs] 
2019-01-03T09:36:30.770+0900: 232437.269: [GC (Allocation Failure) [PSYoungGen: 63328K->352K(64000K)] 103513K->40537K(419328K), 0.0030431 secs] [Times: user=0.00 sys=0.01, real=0.00 secs] 
2019-01-03T09:37:27.510+0900: 232494.009: [GC (Allocation Failure) [PSYoungGen: 63328K->288K(64000K)] 103513K->40473K(419328K), 0.0031155 secs] [Times: user=0.01 sys=0.00, real=0.00 secs] 
2019-01-03T09:38:23.884+0900: 232550.383: [GC (Allocation Failure) [PSYoungGen: 63264K->384K(64000K)] 103449K->40569K(419328K), 0.0028799 secs] [Times: user=0.00 sys=0.01, real=0.01 secs] 
2019-01-03T09:39:20.325+0900: 232606.824: [GC (Allocation Failure) [PSYoungGen: 63360K->352K(64000K)] 103545K->40537K(419328K), 0.0032774 secs] [Times: user=0.00 sys=0.01, real=0.00 secs] 
2019-01-03T09:40:17.187+0900: 232663.686: [GC (Allocation Failure) [PSYoungGen: 63328K->288K(64000K)] 103513K->40473K(419328K), 0.0031443 secs] [Times: user=0.00 sys=0.01, real=0.00 secs] 
2019-01-03T09:41:14.091+0900: 232720.590: [GC (Allocation Failure) [PSYoungGen: 63264K->384K(64000K)] 103449K->40569K(419328K), 0.0032090 secs] [Times: user=0.00 sys=0.00, real=0.01 secs] 
2019-01-03T09:42:09.640+0900: 232776.139: [GC (Allocation Failure) [PSYoungGen: 63360K->320K(64000K)] 103545K->40505K(419328K), 0.0029910 secs] [Times: user=0.01 sys=0.01, real=0.00 secs] 
2019-01-03T09:42:54.685+0900: 232821.184: [GC (Allocation Failure) [PSYoungGen: 63296K->608K(64000K)] 103481K->40801K(419328K), 0.0034631 secs] [Times: user=0.01 sys=0.00, real=0.00 secs] 
2019-01-03T09:43:51.034+0900: 232877.533: [GC (Allocation Failure) [PSYoungGen: 63584K->352K(64000K)] 103777K->40545K(419328K), 0.0029852 secs] [Times: user=0.01 sys=0.01, real=0.00 secs] 
2019-01-03T09:44:47.314+0900: 232933.813: [GC (Allocation Failure) [PSYoungGen: 63328K->320K(64000K)] 103521K->40513K(419328K), 0.0030967 secs] [Times: user=0.01 sys=0.01, real=0.00 secs] 
2019-01-03T09:45:43.949+0900: 232990.448: [GC (Allocation Failure) [PSYoungGen: 63296K->352K(64000K)] 103489K->40545K(419328K), 0.0026088 secs] [Times: user=0.00 sys=0.01, real=0.00 secs] 
2019-01-03T09:46:40.341+0900: 233046.840: [GC (Allocation Failure) [PSYoungGen: 63328K->384K(64000K)] 103521K->40609K(419328K), 0.0029634 secs] [Times: user=0.02 sys=0.00, real=0.01 secs] 
2019-01-03T09:47:32.831+0900: 233099.330: [GC (Allocation Failure) [PSYoungGen: 63360K->352K(64000K)] 103585K->40577K(419328K), 0.0029888 secs] [Times: user=0.00 sys=0.01, real=0.01 secs] 
2019-01-03T09:48:29.127+0900: 233155.626: [GC (Allocation Failure) [PSYoungGen: 63328K->384K(64000K)] 103553K->40609K(419328K), 0.0031800 secs] [Times: user=0.00 sys=0.02, real=0.00 secs] 
2019-01-03T09:49:25.353+0900: 233211.852: [GC (Allocation Failure) [PSYoungGen: 63360K->224K(64000K)] 103585K->40449K(419328K), 0.0029672 secs] [Times: user=0.00 sys=0.00, real=0.01 secs] 
2019-01-03T09:50:21.756+0900: 233268.255: [GC (Allocation Failure) [PSYoungGen: 63200K->352K(64000K)] 103425K->40577K(419328K), 0.0025827 secs] [Times: user=0.00 sys=0.01, real=0.00 secs] 
2019-01-03T09:51:18.690+0900: 233325.189: [GC (Allocation Failure) [PSYoungGen: 63328K->352K(64000K)] 103553K->40577K(419328K), 0.0030382 secs] [Times: user=0.01 sys=0.00, real=0.00 secs] 
2019-01-03T09:52:15.024+0900: 233381.523: [GC (Allocation Failure) [PSYoungGen: 63328K->384K(64000K)] 103553K->40609K(419328K), 0.0026674 secs] [Times: user=0.00 sys=0.01, real=0.00 secs] 
2019-01-03T09:53:11.386+0900: 233437.885: [GC (Allocation Failure) [PSYoungGen: 63360K->320K(63488K)] 103585K->40545K(418816K), 0.0032761 secs] [Times: user=0.01 sys=0.00, real=0.00 secs] 
2019-01-03T09:54:07.913+0900: 233494.412: [GC (Allocation Failure) [PSYoungGen: 63296K->384K(63488K)] 103521K->40609K(418816K), 0.0026933 secs] [Times: user=0.00 sys=0.02, real=0.01 secs] 
2019-01-03T09:55:04.682+0900: 233551.181: [GC (Allocation Failure) [PSYoungGen: 63360K->352K(63488K)] 103585K->40577K(418816K), 0.0026679 secs] [Times: user=0.00 sys=0.01, real=0.01 secs] 
2019-01-03T09:56:01.083+0900: 233607.582: [GC (Allocation Failure) [PSYoungGen: 63328K->384K(63488K)] 103553K->40609K(418816K), 0.0030278 secs] [Times: user=0.00 sys=0.01, real=0.01 secs] 
2019-01-03T09:56:56.074+0900: 233662.573: [GC (Allocation Failure) [PSYoungGen: 63360K->288K(63488K)] 103585K->40537K(418816K), 0.0027000 secs] [Times: user=0.00 sys=0.01, real=0.00 secs] 
2019-01-03T09:57:50.334+0900: 233716.833: [GC (Allocation Failure) [PSYoungGen: 63264K->288K(63488K)] 103513K->40537K(418816K), 0.0027801 secs] [Times: user=0.00 sys=0.01, real=0.00 secs] 
2019-01-03T09:58:46.783+0900: 233773.283: [GC (Allocation Failure) [PSYoungGen: 63264K->352K(63488K)] 103513K->40601K(418816K), 0.0031059 secs] [Times: user=0.01 sys=0.00, real=0.01 secs] 
2019-01-03T09:59:43.303+0900: 233829.802: [GC (Allocation Failure) [PSYoungGen: 63328K->384K(63488K)] 103577K->40633K(418816K), 0.0030042 secs] [Times: user=0.01 sys=0.01, real=0.01 secs] 
2019-01-03T10:00:39.411+0900: 233885.910: [GC (Allocation Failure) [PSYoungGen: 63360K->320K(63488K)] 103609K->40569K(418816K), 0.0026227 secs] [Times: user=0.00 sys=0.00, real=0.01 secs] 
2019-01-03T10:01:35.611+0900: 233942.110: [GC (Allocation Failure) [PSYoungGen: 63296K->384K(63488K)] 103545K->40697K(418816K), 0.0029872 secs] [Times: user=0.00 sys=0.01, real=0.01 secs] 
2019-01-03T10:02:32.114+0900: 233998.613: [GC (Allocation Failure) [PSYoungGen: 63360K->384K(63488K)] 103673K->40697K(418816K), 0.0030028 secs] [Times: user=0.01 sys=0.00, real=0.00 secs] 
2019-01-03T10:03:04.773+0900: 234031.272: [GC (Allocation Failure) [PSYoungGen: 63360K->512K(63488K)] 103673K->41145K(418816K), 0.0038791 secs] [Times: user=0.02 sys=0.00, real=0.01 secs] 
2019-01-03T10:04:01.104+0900: 234087.603: [GC (Allocation Failure) [PSYoungGen: 63488K->352K(64000K)] 104121K->40985K(419328K), 0.0027876 secs] [Times: user=0.01 sys=0.00, real=0.00 secs] 
2019-01-03T10:04:51.408+0900: 234137.907: [GC (Allocation Failure) [PSYoungGen: 63328K->544K(64000K)] 103961K->41177K(419328K), 0.0029868 secs] [Times: user=0.00 sys=0.01, real=0.00 secs] 
2019-01-03T10:05:40.152+0900: 234186.651: [GC (Allocation Failure) [PSYoungGen: 63520K->544K(64000K)] 104153K->41177K(419328K), 0.0032888 secs] [Times: user=0.01 sys=0.00, real=0.01 secs] 
2019-01-03T10:06:24.198+0900: 234230.697: [GC (Allocation Failure) [PSYoungGen: 63520K->672K(64000K)] 104153K->41305K(419328K), 0.0029888 secs] [Times: user=0.00 sys=0.01, real=0.00 secs] 
2019-01-03T10:07:18.553+0900: 234285.052: [GC (Allocation Failure) [PSYoungGen: 63648K->416K(64000K)] 104281K->41049K(419328K), 0.0028740 secs] [Times: user=0.00 sys=0.01, real=0.01 secs] 
2019-01-03T10:08:10.768+0900: 234337.267: [GC (Allocation Failure) [PSYoungGen: 63392K->448K(64000K)] 104025K->41081K(419328K), 0.0032424 secs] [Times: user=0.00 sys=0.01, real=0.00 secs] 
2019-01-03T10:09:06.737+0900: 234393.236: [GC (Allocation Failure) [PSYoungGen: 63424K->512K(64000K)] 104057K->41145K(419328K), 0.0029064 secs] [Times: user=0.00 sys=0.01, real=0.00 secs] 
2019-01-03T10:10:00.060+0900: 234446.559: [GC (Allocation Failure) [PSYoungGen: 63488K->480K(64000K)] 104121K->41113K(419328K), 0.0030900 secs] [Times: user=0.01 sys=0.00, real=0.00 secs] 
2019-01-03T10:10:56.065+0900: 234502.564: [GC (Allocation Failure) [PSYoungGen: 63456K->384K(64000K)] 104089K->41025K(419328K), 0.0032256 secs] [Times: user=0.00 sys=0.02, real=0.00 secs] 
2019-01-03T10:11:48.587+0900: 234555.086: [GC (Allocation Failure) [PSYoungGen: 63360K->448K(64000K)] 104001K->41089K(419328K), 0.0031269 secs] [Times: user=0.00 sys=0.01, real=0.00 secs] 
2019-01-03T10:12:31.051+0900: 234597.551: [GC (Allocation Failure) [PSYoungGen: 63424K->704K(64000K)] 104065K->41345K(419328K), 0.0031387 secs] [Times: user=0.01 sys=0.00, real=0.01 secs] 
2019-01-03T10:13:25.587+0900: 234652.086: [GC (Allocation Failure) [PSYoungGen: 63680K->416K(64000K)] 104321K->41057K(419328K), 0.0030302 secs] [Times: user=0.01 sys=0.00, real=0.00 secs] 
2019-01-03T10:14:21.561+0900: 234708.060: [GC (Allocation Failure) [PSYoungGen: 63392K->384K(64000K)] 104033K->41025K(419328K), 0.0029243 secs] [Times: user=0.01 sys=0.00, real=0.01 secs] 
2019-01-03T10:15:17.928+0900: 234764.427: [GC (Allocation Failure) [PSYoungGen: 63360K->352K(64000K)] 104001K->40993K(419328K), 0.0025936 secs] [Times: user=0.01 sys=0.00, real=0.00 secs] 
2019-01-03T10:16:14.494+0900: 234820.993: [GC (Allocation Failure) [PSYoungGen: 63328K->352K(64000K)] 103969K->41049K(419328K), 0.0028225 secs] [Times: user=0.01 sys=0.01, real=0.00 secs] 
2019-01-03T10:17:10.736+0900: 234877.235: [GC (Allocation Failure) [PSYoungGen: 63328K->352K(64000K)] 104025K->41097K(419328K), 0.0025185 secs] [Times: user=0.01 sys=0.00, real=0.00 secs] 
2019-01-03T10:18:07.167+0900: 234933.666: [GC (Allocation Failure) [PSYoungGen: 63328K->384K(64000K)] 104073K->41145K(419328K), 0.0030266 secs] [Times: user=0.00 sys=0.01, real=0.00 secs] 
2019-01-03T10:19:03.573+0900: 234990.072: [GC (Allocation Failure) [PSYoungGen: 63360K->352K(64000K)] 104121K->41129K(419328K), 0.0025638 secs] [Times: user=0.00 sys=0.01, real=0.01 secs] 
2019-01-03T10:20:00.146+0900: 235046.645: [GC (Allocation Failure) [PSYoungGen: 63328K->384K(64000K)] 104105K->41177K(419328K), 0.0030153 secs] [Times: user=0.00 sys=0.01, real=0.00 secs] 
2019-01-03T10:20:56.478+0900: 235102.977: [GC (Allocation Failure) [PSYoungGen: 63360K->320K(64000K)] 104153K->41113K(419328K), 0.0030367 secs] [Times: user=0.00 sys=0.01, real=0.00 secs] 
2019-01-03T10:21:52.160+0900: 235158.659: [GC (Allocation Failure) [PSYoungGen: 63294K->352K(64000K)] 104088K->41145K(419328K), 0.0031462 secs] [Times: user=0.00 sys=0.01, real=0.00 secs] 
2019-01-03T10:22:49.281+0900: 235215.780: [GC (Allocation Failure) [PSYoungGen: 63328K->352K(64000K)] 104121K->41145K(419328K), 0.0028820 secs] [Times: user=0.01 sys=0.00, real=0.01 secs] 
2019-01-03T10:23:45.524+0900: 235272.023: [GC (Allocation Failure) [PSYoungGen: 63328K->352K(64000K)] 104121K->41145K(419328K), 0.0029560 secs] [Times: user=0.01 sys=0.01, real=0.00 secs] 
2019-01-03T10:24:42.159+0900: 235328.658: [GC (Allocation Failure) [PSYoungGen: 63328K->288K(64000K)] 104121K->41081K(419328K), 0.0028982 secs] [Times: user=0.00 sys=0.01, real=0.00 secs] 
2019-01-03T10:25:38.944+0900: 235385.443: [GC (Allocation Failure) [PSYoungGen: 63264K->384K(64000K)] 104057K->41177K(419328K), 0.0033215 secs] [Times: user=0.02 sys=0.00, real=0.00 secs] 
2019-01-03T10:26:25.140+0900: 235431.639: [GC (Allocation Failure) [PSYoungGen: 63360K->608K(64000K)] 104153K->41449K(419328K), 0.0034155 secs] [Times: user=0.00 sys=0.01, real=0.00 secs] 
2019-01-03T10:27:16.199+0900: 235482.698: [GC (Allocation Failure) [PSYoungGen: 63536K->512K(64000K)] 104377K->41369K(419328K), 0.0032093 secs] [Times: user=0.01 sys=0.00, real=0.00 secs] 
2019-01-03T10:28:07.597+0900: 235534.096: [GC (Allocation Failure) [PSYoungGen: 63488K->512K(64000K)] 104345K->41369K(419328K), 0.0031868 secs] [Times: user=0.00 sys=0.02, real=0.00 secs] 
2019-01-03T10:28:59.968+0900: 235586.467: [GC (Allocation Failure) [PSYoungGen: 63488K->448K(64000K)] 104345K->41305K(419328K), 0.0032116 secs] [Times: user=0.01 sys=0.00, real=0.00 secs] 
2019-01-03T10:29:50.057+0900: 235636.556: [GC (Allocation Failure) [PSYoungGen: 63424K->512K(64000K)] 104281K->41369K(419328K), 0.0031874 secs] [Times: user=0.01 sys=0.01, real=0.00 secs] 
2019-01-03T10:30:42.539+0900: 235689.038: [GC (Allocation Failure) [PSYoungGen: 63488K->448K(64000K)] 104345K->41305K(419328K), 0.0028211 secs] [Times: user=0.02 sys=0.00, real=0.00 secs] 
2019-01-03T10:31:36.788+0900: 235743.287: [GC (Allocation Failure) [PSYoungGen: 63423K->288K(64000K)] 104280K->41145K(419328K), 0.0026034 secs] [Times: user=0.00 sys=0.01, real=0.00 secs] 
2019-01-03T10:32:29.741+0900: 235796.240: [GC (Allocation Failure) [PSYoungGen: 63264K->448K(64000K)] 104121K->41305K(419328K), 0.0032133 secs] [Times: user=0.01 sys=0.00, real=0.01 secs] 
2019-01-03T10:33:01.884+0900: 235828.383: [GC (Allocation Failure) [PSYoungGen: 63424K->928K(64000K)] 104281K->41785K(419328K), 0.0038376 secs] [Times: user=0.01 sys=0.00, real=0.00 secs] 
2019-01-03T10:33:58.444+0900: 235884.943: [GC (Allocation Failure) [PSYoungGen: 63904K->352K(64000K)] 104761K->41209K(419328K), 0.0026022 secs] [Times: user=0.00 sys=0.01, real=0.00 secs] 
2019-01-03T10:34:51.263+0900: 235937.762: [GC (Allocation Failure) [PSYoungGen: 63328K->448K(64000K)] 104185K->41305K(419328K), 0.0031700 secs] [Times: user=0.01 sys=0.01, real=0.01 secs] 
2019-01-03T10:35:47.525+0900: 235994.024: [GC (Allocation Failure) [PSYoungGen: 63424K->384K(64000K)] 104281K->41241K(419328K), 0.0029654 secs] [Times: user=0.00 sys=0.01, real=0.00 secs] 
2019-01-03T10:36:44.155+0900: 236050.654: [GC (Allocation Failure) [PSYoungGen: 63360K->384K(64000K)] 104217K->41241K(419328K), 0.0029713 secs] [Times: user=0.01 sys=0.00, real=0.00 secs] 
2019-01-03T10:37:40.503+0900: 236107.002: [GC (Allocation Failure) [PSYoungGen: 63360K->320K(64000K)] 104217K->41177K(419328K), 0.0026258 secs] [Times: user=0.01 sys=0.00, real=0.01 secs] 
2019-01-03T10:38:32.505+0900: 236159.004: [GC (Allocation Failure) [PSYoungGen: 63296K->480K(64000K)] 104153K->41337K(419328K), 0.0029587 secs] [Times: user=0.00 sys=0.01, real=0.00 secs] 
2019-01-03T10:39:28.464+0900: 236214.963: [GC (Allocation Failure) [PSYoungGen: 63456K->384K(64000K)] 104313K->41241K(419328K), 0.0025911 secs] [Times: user=0.00 sys=0.01, real=0.00 secs] 
