Java HotSpot(TM) 64-Bit Server VM (25.171-b11) for linux-amd64 JRE (1.8.0_171-b11), built on Mar 28 2018 17:07:08 by "java_re" with gcc 4.3.0 20080428 (Red Hat 4.3.0-8)
Memory: 4k page, physical 32766844k(25502400k free), swap 16515068k(16515068k free)
CommandLine flags: -XX:GCLogFileSize=1048576 -XX:+HeapDumpOnOutOfMemoryError -XX:HeapDumpPath=artifacts/heapdump -XX:InitialHeapSize=524269504 -XX:MaxHeapSize=805306368 -XX:NumberOfGCLogFiles=10 -XX:+PrintGC -XX:+PrintGCDateStamps -XX:+PrintGCDetails -XX:+PrintGCTimeStamps -XX:+UseCompressedClassPointers -XX:+UseCompressedOops -XX:+UseGCLogFileRotation -XX:+UseParallelGC 
2018-12-31T17:02:36.276+0900: 2.852: [GC (Metadata GC Threshold) [PSYoungGen: 79694K->15084K(149504K)] 79694K->15164K(491008K), 0.0214532 secs] [Times: user=0.08 sys=0.04, real=0.02 secs] 
2018-12-31T17:02:36.297+0900: 2.873: [Full GC (Metadata GC Threshold) [PSYoungGen: 15084K->0K(149504K)] [ParOldGen: 80K->14499K(234496K)] 15164K->14499K(384000K), [Metaspace: 21012K->21012K(1067008K)], 0.0513006 secs] [Times: user=0.25 sys=0.07, real=0.05 secs] 
2018-12-31T17:02:38.951+0900: 5.526: [GC (Allocation Failure) [PSYoungGen: 128512K->14972K(149504K)] 143011K->29480K(384000K), 0.0260821 secs] [Times: user=0.10 sys=0.02, real=0.03 secs] 
2018-12-31T17:02:39.159+0900: 5.735: [GC (Metadata GC Threshold) [PSYoungGen: 25161K->6083K(149504K)] 39668K->20599K(384000K), 0.0175754 secs] [Times: user=0.07 sys=0.00, real=0.02 secs] 
2018-12-31T17:02:39.176+0900: 5.752: [Full GC (Metadata GC Threshold) [PSYoungGen: 6083K->0K(149504K)] [ParOldGen: 14515K->11353K(308736K)] 20599K->11353K(458240K), [Metaspace: 34961K->34961K(1079296K)], 0.0550580 secs] [Times: user=0.21 sys=0.00, real=0.05 secs] 
2018-12-31T17:03:46.542+0900: 73.118: [GC (Allocation Failure) [PSYoungGen: 128512K->5773K(214016K)] 139865K->17134K(522752K), 0.0099542 secs] [Times: user=0.03 sys=0.03, real=0.01 secs] 
2018-12-31T17:06:19.190+0900: 225.766: [GC (Allocation Failure) [PSYoungGen: 209037K->2216K(224256K)] 220398K->13713K(532992K), 0.0075440 secs] [Times: user=0.02 sys=0.03, real=0.01 secs] 
2018-12-31T17:08:55.476+0900: 382.052: [GC (Allocation Failure) [PSYoungGen: 205480K->2280K(239616K)] 216977K->13785K(548352K), 0.0083714 secs] [Times: user=0.03 sys=0.02, real=0.01 secs] 
2018-12-31T17:11:48.918+0900: 555.494: [GC (Allocation Failure) [PSYoungGen: 223976K->2184K(241152K)] 235481K->13697K(549888K), 0.0064314 secs] [Times: user=0.02 sys=0.00, real=0.01 secs] 
2018-12-31T17:14:42.856+0900: 729.432: [GC (Allocation Failure) [PSYoungGen: 223880K->2216K(227840K)] 235393K->13737K(536576K), 0.0042130 secs] [Times: user=0.01 sys=0.00, real=0.00 secs] 
2018-12-31T17:17:34.321+0900: 900.897: [GC (Allocation Failure) [PSYoungGen: 219304K->2312K(215552K)] 230825K->13841K(524288K), 0.0046797 secs] [Times: user=0.02 sys=0.00, real=0.01 secs] 
2018-12-31T17:20:23.170+0900: 1069.746: [GC (Allocation Failure) [PSYoungGen: 215304K->2056K(221696K)] 226833K->13593K(530432K), 0.0075897 secs] [Times: user=0.02 sys=0.02, real=0.01 secs] 
2018-12-31T17:23:08.684+0900: 1235.260: [GC (Allocation Failure) [PSYoungGen: 210952K->2088K(207360K)] 222489K->13633K(516096K), 0.0044012 secs] [Times: user=0.02 sys=0.00, real=0.00 secs] 
2018-12-31T17:25:50.152+0900: 1396.728: [GC (Allocation Failure) [PSYoungGen: 206888K->2056K(212480K)] 218433K->13609K(521216K), 0.0050916 secs] [Times: user=0.03 sys=0.00, real=0.01 secs] 
2018-12-31T17:28:29.023+0900: 1555.599: [GC (Allocation Failure) [PSYoungGen: 202760K->2152K(199680K)] 214313K->13713K(508416K), 0.0048056 secs] [Times: user=0.03 sys=0.00, real=0.01 secs] 
2018-12-31T17:31:03.250+0900: 1709.826: [GC (Allocation Failure) [PSYoungGen: 199272K->2088K(203776K)] 210833K->13657K(512512K), 0.0046707 secs] [Times: user=0.02 sys=0.00, real=0.01 secs] 
2018-12-31T17:33:35.390+0900: 1861.966: [GC (Allocation Failure) [PSYoungGen: 195624K->2088K(192512K)] 207193K->13665K(501248K), 0.0045967 secs] [Times: user=0.03 sys=0.00, real=0.01 secs] 
2018-12-31T17:36:04.625+0900: 2011.201: [GC (Allocation Failure) [PSYoungGen: 192040K->2152K(196096K)] 203617K->13737K(504832K), 0.0051713 secs] [Times: user=0.02 sys=0.00, real=0.00 secs] 
2018-12-31T17:38:31.811+0900: 2158.387: [GC (Allocation Failure) [PSYoungGen: 188520K->2056K(185344K)] 200105K->13649K(494080K), 0.0049016 secs] [Times: user=0.02 sys=0.00, real=0.01 secs] 
2018-12-31T17:40:55.849+0900: 2302.425: [GC (Allocation Failure) [PSYoungGen: 184840K->2152K(187904K)] 196433K->13753K(496640K), 0.0049930 secs] [Times: user=0.02 sys=0.00, real=0.01 secs] 
2018-12-31T17:43:17.426+0900: 2444.002: [GC (Allocation Failure) [PSYoungGen: 181864K->480K(177152K)] 193465K->13798K(485888K), 0.0052694 secs] [Times: user=0.02 sys=0.00, real=0.00 secs] 
2018-12-31T17:45:36.991+0900: 2583.567: [GC (Allocation Failure) [PSYoungGen: 177120K->416K(181760K)] 190438K->13814K(490496K), 0.0035872 secs] [Times: user=0.02 sys=0.00, real=0.01 secs] 
2018-12-31T17:47:53.853+0900: 2720.429: [GC (Allocation Failure) [PSYoungGen: 173984K->320K(171008K)] 187382K->13758K(479744K), 0.0036103 secs] [Times: user=0.01 sys=0.00, real=0.01 secs] 
2018-12-31T17:50:08.352+0900: 2854.928: [GC (Allocation Failure) [PSYoungGen: 170816K->416K(174592K)] 184254K->13910K(483328K), 0.0032003 secs] [Times: user=0.02 sys=0.00, real=0.01 secs] 
2018-12-31T17:52:20.638+0900: 2987.214: [GC (Allocation Failure) [PSYoungGen: 167840K->384K(165376K)] 181334K->13926K(474112K), 0.0035684 secs] [Times: user=0.01 sys=0.00, real=0.00 secs] 
2018-12-31T17:54:30.946+0900: 3117.522: [GC (Allocation Failure) [PSYoungGen: 165248K->384K(169984K)] 178790K->13982K(478720K), 0.0035968 secs] [Times: user=0.01 sys=0.00, real=0.00 secs] 
2018-12-31T17:56:39.073+0900: 3245.649: [GC (Allocation Failure) [PSYoungGen: 162688K->384K(160256K)] 176286K->14030K(468992K), 0.0032331 secs] [Times: user=0.01 sys=0.00, real=0.01 secs] 
2018-12-31T17:58:45.251+0900: 3371.827: [GC (Allocation Failure) [PSYoungGen: 160128K->384K(163328K)] 173774K->14086K(472064K), 0.0032857 secs] [Times: user=0.01 sys=0.00, real=0.01 secs] 
2018-12-31T18:00:49.410+0900: 3495.986: [GC (Allocation Failure) [PSYoungGen: 157568K->416K(155136K)] 171270K->14166K(463872K), 0.0031819 secs] [Times: user=0.01 sys=0.00, real=0.00 secs] 
2018-12-31T18:02:51.332+0900: 3617.908: [GC (Allocation Failure) [PSYoungGen: 155040K->416K(157184K)] 168790K->14190K(465920K), 0.0029556 secs] [Times: user=0.01 sys=0.00, real=0.01 secs] 
2018-12-31T18:04:51.111+0900: 3737.687: [GC (Allocation Failure) [PSYoungGen: 152480K->416K(150016K)] 166254K->14230K(458752K), 0.0033397 secs] [Times: user=0.01 sys=0.00, real=0.01 secs] 
2018-12-31T18:06:49.180+0900: 3855.755: [GC (Allocation Failure) [PSYoungGen: 149920K->416K(152064K)] 163734K->14270K(460800K), 0.0030494 secs] [Times: user=0.01 sys=0.00, real=0.00 secs] 
2018-12-31T18:08:46.138+0900: 3972.714: [GC (Allocation Failure) [PSYoungGen: 147872K->384K(145920K)] 161726K->14262K(454656K), 0.0031624 secs] [Times: user=0.02 sys=0.00, real=0.00 secs] 
2018-12-31T18:10:41.109+0900: 4087.685: [GC (Allocation Failure) [PSYoungGen: 145792K->384K(147968K)] 159670K->14286K(456704K), 0.0033686 secs] [Times: user=0.01 sys=0.00, real=0.00 secs] 
2018-12-31T18:12:35.122+0900: 4201.698: [GC (Allocation Failure) [PSYoungGen: 143744K->352K(141824K)] 157646K->14254K(450560K), 0.0030905 secs] [Times: user=0.01 sys=0.01, real=0.01 secs] 
2018-12-31T18:14:26.936+0900: 4313.512: [GC (Allocation Failure) [PSYoungGen: 141664K->288K(142336K)] 155566K->14222K(451072K), 0.0030507 secs] [Times: user=0.01 sys=0.00, real=0.00 secs] 
2018-12-31T18:16:16.530+0900: 4423.106: [GC (Allocation Failure) [PSYoungGen: 139552K->384K(137728K)] 153486K->14334K(446464K), 0.0032755 secs] [Times: user=0.02 sys=0.00, real=0.00 secs] 
2018-12-31T18:18:05.807+0900: 4532.383: [GC (Allocation Failure) [PSYoungGen: 137600K->384K(137728K)] 151550K->14350K(446464K), 0.0031901 secs] [Times: user=0.02 sys=0.00, real=0.00 secs] 
2018-12-31T18:19:52.703+0900: 4639.279: [GC (Allocation Failure) [PSYoungGen: 135552K->416K(133632K)] 149518K->14422K(442368K), 0.0032392 secs] [Times: user=0.01 sys=0.00, real=0.01 secs] 
2018-12-31T18:21:37.676+0900: 4744.252: [GC (Allocation Failure) [PSYoungGen: 133536K->384K(132608K)] 147542K->14430K(441344K), 0.0029738 secs] [Times: user=0.01 sys=0.00, real=0.00 secs] 
2018-12-31T18:23:21.325+0900: 4847.901: [GC (Allocation Failure) [PSYoungGen: 131456K->352K(130048K)] 145502K->14414K(438784K), 0.0027783 secs] [Times: user=0.01 sys=0.00, real=0.00 secs] 
2018-12-31T18:25:03.493+0900: 4950.069: [GC (Allocation Failure) [PSYoungGen: 129888K->352K(129024K)] 143950K->14454K(437760K), 0.0032386 secs] [Times: user=0.01 sys=0.00, real=0.01 secs] 
2018-12-31T18:26:44.010+0900: 5050.586: [GC (Allocation Failure) [PSYoungGen: 128352K->352K(130560K)] 142454K->14486K(439296K), 0.0030070 secs] [Times: user=0.02 sys=0.00, real=0.00 secs] 
2018-12-31T18:28:24.212+0900: 5150.788: [GC (Allocation Failure) [PSYoungGen: 126816K->352K(125440K)] 140950K->14494K(434176K), 0.0030445 secs] [Times: user=0.02 sys=0.00, real=0.01 secs] 
2018-12-31T18:30:01.853+0900: 5248.429: [GC (Allocation Failure) [PSYoungGen: 125280K->320K(126976K)] 139422K->14486K(435712K), 0.0030526 secs] [Times: user=0.02 sys=0.00, real=0.01 secs] 
2018-12-31T18:31:39.154+0900: 5345.730: [GC (Allocation Failure) [PSYoungGen: 123712K->352K(122368K)] 137878K->14518K(431104K), 0.0031688 secs] [Times: user=0.01 sys=0.00, real=0.00 secs] 
2018-12-31T18:33:15.365+0900: 5441.940: [GC (Allocation Failure) [PSYoungGen: 122208K->352K(123392K)] 136374K->14534K(432128K), 0.0024082 secs] [Times: user=0.01 sys=0.00, real=0.00 secs] 
2018-12-31T18:34:50.536+0900: 5537.112: [GC (Allocation Failure) [PSYoungGen: 120672K->352K(119296K)] 134854K->14534K(428032K), 0.0033043 secs] [Times: user=0.02 sys=0.00, real=0.00 secs] 
2018-12-31T18:36:24.286+0900: 5630.862: [GC (Allocation Failure) [PSYoungGen: 119136K->352K(119808K)] 133318K->14566K(428544K), 0.0025300 secs] [Times: user=0.01 sys=0.00, real=0.00 secs] 
2018-12-31T18:37:56.085+0900: 5722.661: [GC (Allocation Failure) [PSYoungGen: 117600K->384K(116224K)] 131814K->14630K(424960K), 0.0029009 secs] [Times: user=0.01 sys=0.00, real=0.00 secs] 
2018-12-31T18:39:27.009+0900: 5813.585: [GC (Allocation Failure) [PSYoungGen: 116096K->384K(116736K)] 130342K->14646K(425472K), 0.0027400 secs] [Times: user=0.01 sys=0.01, real=0.00 secs] 
2018-12-31T18:40:57.077+0900: 5903.653: [GC (Allocation Failure) [PSYoungGen: 114560K->352K(113152K)] 128822K->14614K(421888K), 0.0030424 secs] [Times: user=0.01 sys=0.00, real=0.00 secs] 
2018-12-31T18:42:25.880+0900: 5992.456: [GC (Allocation Failure) [PSYoungGen: 112992K->352K(113152K)] 127254K->14622K(421888K), 0.0029584 secs] [Times: user=0.01 sys=0.00, real=0.00 secs] 
2018-12-31T18:43:53.492+0900: 6080.068: [GC (Allocation Failure) [PSYoungGen: 111456K->320K(110592K)] 125726K->14614K(419328K), 0.0030519 secs] [Times: user=0.01 sys=0.00, real=0.01 secs] 
2018-12-31T18:45:19.801+0900: 6166.377: [GC (Allocation Failure) [PSYoungGen: 110400K->384K(111104K)] 124694K->14694K(419840K), 0.0029030 secs] [Times: user=0.01 sys=0.00, real=0.01 secs] 
2018-12-31T18:46:45.625+0900: 6252.201: [GC (Allocation Failure) [PSYoungGen: 109440K->288K(108544K)] 123750K->14606K(417280K), 0.0030230 secs] [Times: user=0.01 sys=0.00, real=0.00 secs] 
2018-12-31T18:48:11.043+0900: 6337.619: [GC (Allocation Failure) [PSYoungGen: 108320K->320K(108544K)] 122638K->14646K(417280K), 0.0033580 secs] [Times: user=0.02 sys=0.00, real=0.01 secs] 
2018-12-31T18:49:35.442+0900: 6422.018: [GC (Allocation Failure) [PSYoungGen: 107328K->352K(106496K)] 121654K->14678K(415232K), 0.0032459 secs] [Times: user=0.01 sys=0.00, real=0.01 secs] 
2018-12-31T18:50:58.780+0900: 6505.356: [GC (Allocation Failure) [PSYoungGen: 106336K->288K(106496K)] 120662K->14630K(415232K), 0.0029622 secs] [Times: user=0.01 sys=0.00, real=0.00 secs] 
2018-12-31T18:52:21.785+0900: 6588.361: [GC (Allocation Failure) [PSYoungGen: 105248K->384K(104448K)] 119590K->14734K(413184K), 0.0029383 secs] [Times: user=0.01 sys=0.00, real=0.00 secs] 
2018-12-31T18:53:43.922+0900: 6670.498: [GC (Allocation Failure) [PSYoungGen: 104320K->320K(104448K)] 118670K->14678K(413184K), 0.0030018 secs] [Times: user=0.01 sys=0.00, real=0.01 secs] 
2018-12-31T18:55:05.175+0900: 6751.751: [GC (Allocation Failure) [PSYoungGen: 103232K->384K(102400K)] 117590K->14790K(411136K), 0.0029762 secs] [Times: user=0.01 sys=0.00, real=0.00 secs] 
2018-12-31T18:56:25.361+0900: 6831.937: [GC (Allocation Failure) [PSYoungGen: 102272K->352K(101888K)] 116678K->14774K(410624K), 0.0027395 secs] [Times: user=0.01 sys=0.00, real=0.01 secs] 
2018-12-31T18:57:45.345+0900: 6911.921: [GC (Allocation Failure) [PSYoungGen: 101216K->384K(100352K)] 115638K->14806K(409088K), 0.0025510 secs] [Times: user=0.01 sys=0.00, real=0.00 secs] 
2018-12-31T18:59:03.975+0900: 6990.551: [GC (Allocation Failure) [PSYoungGen: 100224K->320K(99840K)] 114646K->14742K(408576K), 0.0029165 secs] [Times: user=0.01 sys=0.00, real=0.00 secs] 
2018-12-31T19:00:21.826+0900: 7068.401: [GC (Allocation Failure) [PSYoungGen: 99136K->288K(98304K)] 113558K->14718K(407040K), 0.0032463 secs] [Times: user=0.01 sys=0.00, real=0.00 secs] 
2018-12-31T19:01:38.368+0900: 7144.944: [GC (Allocation Failure) [PSYoungGen: 98080K->320K(97792K)] 112510K->14750K(406528K), 0.0029034 secs] [Times: user=0.01 sys=0.00, real=0.00 secs] 
2018-12-31T19:02:54.353+0900: 7220.929: [GC (Allocation Failure) [PSYoungGen: 97088K->320K(96256K)] 111518K->14758K(404992K), 0.0029953 secs] [Times: user=0.01 sys=0.00, real=0.01 secs] 
2018-12-31T19:04:09.846+0900: 7296.422: [GC (Allocation Failure) [PSYoungGen: 96064K->384K(95744K)] 110502K->14822K(404480K), 0.0027641 secs] [Times: user=0.01 sys=0.00, real=0.00 secs] 
2018-12-31T19:05:23.975+0900: 7370.550: [GC (Allocation Failure) [PSYoungGen: 95104K->352K(94208K)] 109542K->14814K(402944K), 0.0025974 secs] [Times: user=0.01 sys=0.00, real=0.00 secs] 
2018-12-31T19:06:37.126+0900: 7443.702: [GC (Allocation Failure) [PSYoungGen: 94048K->288K(93696K)] 108510K->14758K(402432K), 0.0028134 secs] [Times: user=0.01 sys=0.00, real=0.00 secs] 
2018-12-31T19:07:49.747+0900: 7516.323: [GC (Allocation Failure) [PSYoungGen: 92960K->352K(92160K)] 107430K->14854K(400896K), 0.0028203 secs] [Times: user=0.02 sys=0.01, real=0.00 secs] 
2018-12-31T19:09:01.967+0900: 7588.543: [GC (Allocation Failure) [PSYoungGen: 92000K->352K(91648K)] 106502K->14854K(400384K), 0.0025731 secs] [Times: user=0.01 sys=0.00, real=0.00 secs] 
2018-12-31T19:10:12.612+0900: 7659.188: [GC (Allocation Failure) [PSYoungGen: 90976K->384K(90112K)] 105478K->14942K(398848K), 0.0026738 secs] [Times: user=0.01 sys=0.00, real=0.01 secs] 
2018-12-31T19:11:23.593+0900: 7730.169: [GC (Allocation Failure) [PSYoungGen: 89984K->352K(89600K)] 104542K->14910K(398336K), 0.0028270 secs] [Times: user=0.01 sys=0.00, real=0.01 secs] 
2018-12-31T19:12:33.493+0900: 7800.069: [GC (Allocation Failure) [PSYoungGen: 88928K->320K(88576K)] 103486K->14878K(397312K), 0.0026557 secs] [Times: user=0.01 sys=0.00, real=0.01 secs] 
2018-12-31T19:13:42.195+0900: 7868.771: [GC (Allocation Failure) [PSYoungGen: 88384K->320K(88576K)] 102942K->14886K(397312K), 0.0029287 secs] [Times: user=0.00 sys=0.00, real=0.00 secs] 
2018-12-31T19:14:51.406+0900: 7937.982: [GC (Allocation Failure) [PSYoungGen: 87872K->384K(87552K)] 102438K->14950K(396288K), 0.0029055 secs] [Times: user=0.01 sys=0.00, real=0.00 secs] 
2018-12-31T19:16:00.013+0900: 8006.588: [GC (Allocation Failure) [PSYoungGen: 87424K->384K(87552K)] 101990K->14950K(396288K), 0.0023927 secs] [Times: user=0.01 sys=0.00, real=0.01 secs] 
2018-12-31T19:17:07.940+0900: 8074.516: [GC (Allocation Failure) [PSYoungGen: 86912K->320K(86528K)] 101478K->14886K(395264K), 0.0027617 secs] [Times: user=0.01 sys=0.00, real=0.00 secs] 
2018-12-31T19:18:16.047+0900: 8142.623: [GC (Allocation Failure) [PSYoungGen: 86336K->288K(86528K)] 100902K->14854K(395264K), 0.0028166 secs] [Times: user=0.01 sys=0.00, real=0.00 secs] 
2018-12-31T19:19:22.849+0900: 8209.425: [GC (Allocation Failure) [PSYoungGen: 85792K->384K(85504K)] 100358K->14950K(394240K), 0.0024653 secs] [Times: user=0.01 sys=0.01, real=0.00 secs] 
2018-12-31T19:20:29.775+0900: 8276.351: [GC (Allocation Failure) [PSYoungGen: 85376K->384K(84992K)] 99942K->14966K(393728K), 0.0027814 secs] [Times: user=0.01 sys=0.00, real=0.00 secs] 
2018-12-31T19:21:36.605+0900: 8343.181: [GC (Allocation Failure) [PSYoungGen: 84864K->384K(84480K)] 99446K->14966K(393216K), 0.0023941 secs] [Times: user=0.01 sys=0.00, real=0.00 secs] 
2018-12-31T19:22:42.389+0900: 8408.965: [GC (Allocation Failure) [PSYoungGen: 84352K->256K(83968K)] 98934K->14838K(392704K), 0.0027439 secs] [Times: user=0.01 sys=0.00, real=0.00 secs] 
2018-12-31T19:23:47.955+0900: 8474.531: [GC (Allocation Failure) [PSYoungGen: 83712K->320K(83456K)] 98294K->14902K(392192K), 0.0029006 secs] [Times: user=0.01 sys=0.00, real=0.00 secs] 
2018-12-31T19:24:53.363+0900: 8539.938: [GC (Allocation Failure) [PSYoungGen: 83264K->320K(82944K)] 97846K->14902K(391680K), 0.0023901 secs] [Times: user=0.01 sys=0.00, real=0.01 secs] 
2018-12-31T19:25:58.116+0900: 8604.692: [GC (Allocation Failure) [PSYoungGen: 82752K->256K(82432K)] 97334K->14838K(391168K), 0.0027242 secs] [Times: user=0.01 sys=0.00, real=0.00 secs] 
2018-12-31T19:27:02.311+0900: 8668.887: [GC (Allocation Failure) [PSYoungGen: 82176K->352K(81920K)] 96758K->14942K(390656K), 0.0027933 secs] [Times: user=0.01 sys=0.00, real=0.01 secs] 
2018-12-31T19:28:06.170+0900: 8732.746: [GC (Allocation Failure) [PSYoungGen: 81760K->352K(81408K)] 96350K->14942K(390144K), 0.0024244 secs] [Times: user=0.00 sys=0.00, real=0.00 secs] 
2018-12-31T19:29:09.918+0900: 8796.494: [GC (Allocation Failure) [PSYoungGen: 81248K->352K(80896K)] 95838K->14942K(389632K), 0.0023689 secs] [Times: user=0.01 sys=0.00, real=0.00 secs] 
2018-12-31T19:30:13.139+0900: 8859.715: [GC (Allocation Failure) [PSYoungGen: 80736K->384K(80384K)] 95326K->14998K(389120K), 0.0027964 secs] [Times: user=0.01 sys=0.00, real=0.00 secs] 
2018-12-31T19:31:16.301+0900: 8922.877: [GC (Allocation Failure) [PSYoungGen: 80256K->320K(79872K)] 94870K->14934K(388608K), 0.0029784 secs] [Times: user=0.01 sys=0.00, real=0.01 secs] 
2018-12-31T19:32:18.590+0900: 8985.166: [GC (Allocation Failure) [PSYoungGen: 79680K->320K(79360K)] 94294K->14934K(388096K), 0.0027044 secs] [Times: user=0.01 sys=0.00, real=0.00 secs] 
2018-12-31T19:33:20.379+0900: 9046.955: [GC (Allocation Failure) [PSYoungGen: 79168K->384K(78848K)] 93782K->14998K(387584K), 0.0026999 secs] [Times: user=0.01 sys=0.00, real=0.00 secs] 
2018-12-31T19:34:22.207+0900: 9108.783: [GC (Allocation Failure) [PSYoungGen: 78720K->288K(78336K)] 93334K->14902K(387072K), 0.0028103 secs] [Times: user=0.02 sys=0.00, real=0.00 secs] 
2018-12-31T19:35:23.378+0900: 9169.954: [GC (Allocation Failure) [PSYoungGen: 78112K->352K(77824K)] 92726K->14966K(386560K), 0.0028046 secs] [Times: user=0.01 sys=0.00, real=0.00 secs] 
2018-12-31T19:36:24.112+0900: 9230.688: [GC (Allocation Failure) [PSYoungGen: 77664K->288K(77312K)] 92278K->14902K(386048K), 0.0027825 secs] [Times: user=0.01 sys=0.00, real=0.01 secs] 
2018-12-31T19:37:24.765+0900: 9291.341: [GC (Allocation Failure) [PSYoungGen: 77088K->320K(76800K)] 91702K->14934K(385536K), 0.0027021 secs] [Times: user=0.01 sys=0.00, real=0.00 secs] 
2018-12-31T19:38:24.470+0900: 9351.045: [GC (Allocation Failure) [PSYoungGen: 76608K->352K(76288K)] 91222K->14966K(385024K), 0.0025078 secs] [Times: user=0.01 sys=0.00, real=0.00 secs] 
2018-12-31T19:39:24.252+0900: 9410.828: [GC (Allocation Failure) [PSYoungGen: 76128K->352K(75776K)] 90742K->14966K(384512K), 0.0026994 secs] [Times: user=0.01 sys=0.00, real=0.01 secs] 
2018-12-31T19:40:23.536+0900: 9470.112: [GC (Allocation Failure) [PSYoungGen: 75616K->320K(75264K)] 90230K->14934K(384000K), 0.0030533 secs] [Times: user=0.01 sys=0.00, real=0.00 secs] 
2018-12-31T19:41:22.685+0900: 9529.261: [GC (Allocation Failure) [PSYoungGen: 75072K->320K(74752K)] 89686K->14934K(383488K), 0.0027025 secs] [Times: user=0.01 sys=0.00, real=0.00 secs] 
2018-12-31T19:42:20.957+0900: 9587.533: [GC (Allocation Failure) [PSYoungGen: 74560K->352K(74240K)] 89174K->14966K(382976K), 0.0023912 secs] [Times: user=0.01 sys=0.00, real=0.00 secs] 
2018-12-31T19:43:18.971+0900: 9645.547: [GC (Allocation Failure) [PSYoungGen: 74080K->288K(73728K)] 88694K->14902K(382464K), 0.0027333 secs] [Times: user=0.01 sys=0.00, real=0.00 secs] 
2018-12-31T19:44:16.544+0900: 9703.120: [GC (Allocation Failure) [PSYoungGen: 73504K->384K(73216K)] 88118K->14998K(381952K), 0.0024284 secs] [Times: user=0.01 sys=0.00, real=0.00 secs] 
2018-12-31T19:45:14.320+0900: 9760.896: [GC (Allocation Failure) [PSYoungGen: 73088K->320K(72704K)] 87702K->14934K(381440K), 0.0029665 secs] [Times: user=0.01 sys=0.00, real=0.00 secs] 
2018-12-31T19:46:10.895+0900: 9817.471: [GC (Allocation Failure) [PSYoungGen: 72512K->320K(72192K)] 87126K->14934K(380928K), 0.0023890 secs] [Times: user=0.02 sys=0.00, real=0.00 secs] 
2018-12-31T19:47:07.219+0900: 9873.795: [GC (Allocation Failure) [PSYoungGen: 72000K->288K(71680K)] 86614K->14918K(380416K), 0.0028217 secs] [Times: user=0.01 sys=0.00, real=0.00 secs] 
2018-12-31T19:48:03.300+0900: 9929.876: [GC (Allocation Failure) [PSYoungGen: 71456K->288K(71168K)] 86086K->14926K(379904K), 0.0027218 secs] [Times: user=0.01 sys=0.00, real=0.00 secs] 
2018-12-31T19:48:59.505+0900: 9986.081: [GC (Allocation Failure) [PSYoungGen: 70944K->384K(70656K)] 85582K->15022K(379392K), 0.0022826 secs] [Times: user=0.01 sys=0.00, real=0.00 secs] 
2018-12-31T19:49:54.985+0900: 10041.561: [GC (Allocation Failure) [PSYoungGen: 70528K->288K(70144K)] 85166K->14926K(378880K), 0.0028107 secs] [Times: user=0.01 sys=0.00, real=0.00 secs] 
2018-12-31T19:50:49.944+0900: 10096.520: [GC (Allocation Failure) [PSYoungGen: 69920K->320K(69632K)] 84558K->14966K(378368K), 0.0028078 secs] [Times: user=0.01 sys=0.01, real=0.00 secs] 
2018-12-31T19:51:44.548+0900: 10151.124: [GC (Allocation Failure) [PSYoungGen: 69440K->256K(69120K)] 84086K->14902K(377856K), 0.0028649 secs] [Times: user=0.01 sys=0.00, real=0.00 secs] 
2018-12-31T19:52:38.814+0900: 10205.390: [GC (Allocation Failure) [PSYoungGen: 68864K->384K(68608K)] 83510K->15030K(377344K), 0.0027964 secs] [Times: user=0.01 sys=0.00, real=0.00 secs] 
2018-12-31T19:53:32.564+0900: 10259.140: [GC (Allocation Failure) [PSYoungGen: 68480K->384K(68096K)] 83126K->15030K(376832K), 0.0024216 secs] [Times: user=0.01 sys=0.00, real=0.00 secs] 
2018-12-31T19:54:25.123+0900: 10311.699: [GC (Allocation Failure) [PSYoungGen: 67968K->320K(67584K)] 82614K->15006K(376320K), 0.0030575 secs] [Times: user=0.01 sys=0.00, real=0.01 secs] 
2018-12-31T19:55:17.997+0900: 10364.573: [GC (Allocation Failure) [PSYoungGen: 67392K->320K(67072K)] 82078K->15006K(375808K), 0.0024024 secs] [Times: user=0.01 sys=0.01, real=0.00 secs] 
2018-12-31T19:56:10.471+0900: 10417.047: [GC (Allocation Failure) [PSYoungGen: 66880K->320K(66560K)] 81566K->15006K(375296K), 0.0023530 secs] [Times: user=0.01 sys=0.00, real=0.00 secs] 
2018-12-31T19:57:02.538+0900: 10469.114: [GC (Allocation Failure) [PSYoungGen: 66368K->320K(66048K)] 81054K->15006K(374784K), 0.0027546 secs] [Times: user=0.01 sys=0.01, real=0.00 secs] 
2018-12-31T19:57:54.406+0900: 10520.982: [GC (Allocation Failure) [PSYoungGen: 65856K->288K(65536K)] 80542K->14982K(374272K), 0.0024922 secs] [Times: user=0.01 sys=0.00, real=0.00 secs] 
2018-12-31T19:58:45.511+0900: 10572.087: [GC (Allocation Failure) [PSYoungGen: 65312K->384K(65024K)] 80006K->15078K(373760K), 0.0028213 secs] [Times: user=0.01 sys=0.00, real=0.01 secs] 
2018-12-31T19:59:36.125+0900: 10622.700: [GC (Allocation Failure) [PSYoungGen: 64896K->224K(64512K)] 79590K->14918K(373248K), 0.0025594 secs] [Times: user=0.01 sys=0.00, real=0.00 secs] 
2018-12-31T20:00:26.649+0900: 10673.225: [GC (Allocation Failure) [PSYoungGen: 64224K->320K(64000K)] 78918K->15014K(372736K), 0.0028585 secs] [Times: user=0.02 sys=0.00, real=0.00 secs] 
2018-12-31T20:01:16.477+0900: 10723.053: [GC (Allocation Failure) [PSYoungGen: 63808K->256K(63488K)] 78502K->14950K(372224K), 0.0026593 secs] [Times: user=0.01 sys=0.00, real=0.00 secs] 
2018-12-31T20:02:06.594+0900: 10773.170: [GC (Allocation Failure) [PSYoungGen: 63232K->320K(62976K)] 77926K->15014K(371712K), 0.0026608 secs] [Times: user=0.01 sys=0.00, real=0.00 secs] 
2018-12-31T20:02:55.520+0900: 10822.096: [GC (Allocation Failure) [PSYoungGen: 62784K->224K(62464K)] 77478K->14918K(371200K), 0.0026905 secs] [Times: user=0.01 sys=0.00, real=0.00 secs] 
2018-12-31T20:03:44.315+0900: 10870.891: [GC (Allocation Failure) [PSYoungGen: 62176K->320K(61952K)] 76870K->15014K(370688K), 0.0028451 secs] [Times: user=0.01 sys=0.00, real=0.00 secs] 
2018-12-31T20:04:33.060+0900: 10919.636: [GC (Allocation Failure) [PSYoungGen: 61760K->352K(61440K)] 76454K->15046K(370176K), 0.0024343 secs] [Times: user=0.01 sys=0.00, real=0.00 secs] 
2018-12-31T20:05:20.474+0900: 10967.050: [GC (Allocation Failure) [PSYoungGen: 61280K->256K(60928K)] 75974K->14950K(369664K), 0.0023226 secs] [Times: user=0.01 sys=0.00, real=0.00 secs] 
2018-12-31T20:06:07.992+0900: 11014.568: [GC (Allocation Failure) [PSYoungGen: 60672K->256K(60928K)] 75366K->14950K(369664K), 0.0027405 secs] [Times: user=0.01 sys=0.00, real=0.01 secs] 
2018-12-31T20:06:55.723+0900: 11062.299: [GC (Allocation Failure) [PSYoungGen: 60672K->224K(60928K)] 75366K->14918K(369664K), 0.0028335 secs] [Times: user=0.01 sys=0.00, real=0.01 secs] 
2018-12-31T20:07:43.072+0900: 11109.648: [GC (Allocation Failure) [PSYoungGen: 60640K->320K(60928K)] 75334K->15014K(369664K), 0.0028208 secs] [Times: user=0.02 sys=0.00, real=0.01 secs] 
2018-12-31T20:08:31.098+0900: 11157.674: [GC (Allocation Failure) [PSYoungGen: 60736K->320K(60928K)] 75430K->15014K(369664K), 0.0027777 secs] [Times: user=0.01 sys=0.00, real=0.00 secs] 
2018-12-31T20:09:18.774+0900: 11205.350: [GC (Allocation Failure) [PSYoungGen: 60736K->320K(60928K)] 75430K->15014K(369664K), 0.0027894 secs] [Times: user=0.01 sys=0.00, real=0.00 secs] 
2018-12-31T20:10:06.489+0900: 11253.065: [GC (Allocation Failure) [PSYoungGen: 60736K->352K(60928K)] 75430K->15054K(369664K), 0.0028412 secs] [Times: user=0.01 sys=0.00, real=0.00 secs] 
2018-12-31T20:10:53.990+0900: 11300.566: [GC (Allocation Failure) [PSYoungGen: 60768K->320K(60928K)] 75470K->15038K(369664K), 0.0028037 secs] [Times: user=0.01 sys=0.00, real=0.00 secs] 
2018-12-31T20:11:41.871+0900: 11348.447: [GC (Allocation Failure) [PSYoungGen: 60736K->320K(60928K)] 75454K->15038K(369664K), 0.0024122 secs] [Times: user=0.02 sys=0.00, real=0.01 secs] 
2018-12-31T20:12:29.530+0900: 11396.106: [GC (Allocation Failure) [PSYoungGen: 60736K->320K(60928K)] 75454K->15046K(369664K), 0.0026303 secs] [Times: user=0.01 sys=0.00, real=0.00 secs] 
2018-12-31T20:13:17.255+0900: 11443.831: [GC (Allocation Failure) [PSYoungGen: 60736K->352K(60928K)] 75462K->15078K(369664K), 0.0029716 secs] [Times: user=0.01 sys=0.00, real=0.00 secs] 
2018-12-31T20:14:05.080+0900: 11491.656: [GC (Allocation Failure) [PSYoungGen: 60768K->288K(60928K)] 75494K->15022K(369664K), 0.0027843 secs] [Times: user=0.01 sys=0.00, real=0.00 secs] 
2018-12-31T20:14:52.672+0900: 11539.248: [GC (Allocation Failure) [PSYoungGen: 60704K->288K(60928K)] 75438K->15046K(369664K), 0.0030777 secs] [Times: user=0.01 sys=0.00, real=0.01 secs] 
2018-12-31T20:15:40.294+0900: 11586.870: [GC (Allocation Failure) [PSYoungGen: 60704K->320K(60928K)] 75462K->15094K(369664K), 0.0026700 secs] [Times: user=0.01 sys=0.00, real=0.00 secs] 
2018-12-31T20:16:28.001+0900: 11634.577: [GC (Allocation Failure) [PSYoungGen: 60736K->320K(60928K)] 75510K->15102K(369664K), 0.0026162 secs] [Times: user=0.01 sys=0.00, real=0.01 secs] 
2018-12-31T20:17:15.859+0900: 11682.434: [GC (Allocation Failure) [PSYoungGen: 60736K->192K(60928K)] 75518K->14974K(369664K), 0.0027742 secs] [Times: user=0.01 sys=0.00, real=0.00 secs] 
2018-12-31T20:18:03.392+0900: 11729.967: [GC (Allocation Failure) [PSYoungGen: 60608K->256K(60928K)] 75390K->15038K(369664K), 0.0027773 secs] [Times: user=0.01 sys=0.00, real=0.01 secs] 
2018-12-31T20:18:51.024+0900: 11777.600: [GC (Allocation Failure) [PSYoungGen: 60672K->288K(60928K)] 75454K->15070K(369664K), 0.0029820 secs] [Times: user=0.01 sys=0.00, real=0.00 secs] 
2018-12-31T20:19:39.028+0900: 11825.604: [GC (Allocation Failure) [PSYoungGen: 60704K->288K(60928K)] 75486K->15070K(369664K), 0.0028981 secs] [Times: user=0.00 sys=0.01, real=0.00 secs] 
2018-12-31T20:20:26.955+0900: 11873.531: [GC (Allocation Failure) [PSYoungGen: 60704K->320K(60928K)] 75486K->15102K(369664K), 0.0027430 secs] [Times: user=0.01 sys=0.00, real=0.00 secs] 
2018-12-31T20:21:14.400+0900: 11920.976: [GC (Allocation Failure) [PSYoungGen: 60736K->320K(60928K)] 75518K->15102K(369664K), 0.0030906 secs] [Times: user=0.02 sys=0.00, real=0.00 secs] 
2018-12-31T20:22:02.337+0900: 11968.913: [GC (Allocation Failure) [PSYoungGen: 60736K->320K(60928K)] 75518K->15102K(369664K), 0.0024688 secs] [Times: user=0.01 sys=0.00, real=0.00 secs] 
2018-12-31T20:22:50.017+0900: 12016.593: [GC (Allocation Failure) [PSYoungGen: 60736K->320K(60928K)] 75518K->15134K(369664K), 0.0027796 secs] [Times: user=0.01 sys=0.01, real=0.00 secs] 
2018-12-31T20:23:37.748+0900: 12064.324: [GC (Allocation Failure) [PSYoungGen: 60736K->288K(60928K)] 75550K->15102K(369664K), 0.0027020 secs] [Times: user=0.01 sys=0.00, real=0.00 secs] 
2018-12-31T20:24:25.190+0900: 12111.766: [GC (Allocation Failure) [PSYoungGen: 60704K->288K(60928K)] 75518K->15102K(369664K), 0.0027233 secs] [Times: user=0.02 sys=0.00, real=0.00 secs] 
2018-12-31T20:25:13.125+0900: 12159.701: [GC (Allocation Failure) [PSYoungGen: 60704K->352K(60928K)] 75518K->15198K(369664K), 0.0024063 secs] [Times: user=0.01 sys=0.00, real=0.00 secs] 
2018-12-31T20:26:01.068+0900: 12207.644: [GC (Allocation Failure) [PSYoungGen: 60768K->320K(60928K)] 75614K->15174K(369664K), 0.0026791 secs] [Times: user=0.01 sys=0.00, real=0.00 secs] 
2018-12-31T20:26:48.505+0900: 12255.081: [GC (Allocation Failure) [PSYoungGen: 60736K->352K(60928K)] 75590K->15246K(369664K), 0.0023188 secs] [Times: user=0.01 sys=0.00, real=0.00 secs] 
2018-12-31T20:27:36.150+0900: 12302.726: [GC (Allocation Failure) [PSYoungGen: 60768K->288K(60928K)] 75662K->15182K(369664K), 0.0027567 secs] [Times: user=0.01 sys=0.01, real=0.00 secs] 
2018-12-31T20:28:23.877+0900: 12350.453: [GC (Allocation Failure) [PSYoungGen: 60704K->288K(60928K)] 75598K->15190K(369664K), 0.0023400 secs] [Times: user=0.01 sys=0.00, real=0.00 secs] 
2018-12-31T20:29:11.339+0900: 12397.915: [GC (Allocation Failure) [PSYoungGen: 60704K->320K(60928K)] 75606K->15222K(369664K), 0.0023490 secs] [Times: user=0.01 sys=0.00, real=0.00 secs] 
2018-12-31T20:29:59.251+0900: 12445.827: [GC (Allocation Failure) [PSYoungGen: 60736K->288K(60928K)] 75638K->15198K(369664K), 0.0024170 secs] [Times: user=0.01 sys=0.00, real=0.01 secs] 
2018-12-31T20:30:46.692+0900: 12493.268: [GC (Allocation Failure) [PSYoungGen: 60704K->288K(60928K)] 75614K->15198K(369664K), 0.0023636 secs] [Times: user=0.01 sys=0.00, real=0.01 secs] 
2018-12-31T20:31:34.627+0900: 12541.203: [GC (Allocation Failure) [PSYoungGen: 60704K->288K(60928K)] 75614K->15198K(369664K), 0.0023937 secs] [Times: user=0.01 sys=0.00, real=0.00 secs] 
2018-12-31T20:32:22.343+0900: 12588.919: [GC (Allocation Failure) [PSYoungGen: 60704K->256K(60928K)] 75614K->15174K(369664K), 0.0029302 secs] [Times: user=0.01 sys=0.00, real=0.01 secs] 
2018-12-31T20:33:10.010+0900: 12636.586: [GC (Allocation Failure) [PSYoungGen: 60672K->320K(60928K)] 75590K->15246K(369664K), 0.0026352 secs] [Times: user=0.01 sys=0.00, real=0.00 secs] 
2018-12-31T20:33:57.547+0900: 12684.123: [GC (Allocation Failure) [PSYoungGen: 60736K->288K(60928K)] 75662K->15214K(369664K), 0.0022947 secs] [Times: user=0.01 sys=0.00, real=0.00 secs] 
2018-12-31T20:34:45.385+0900: 12731.961: [GC (Allocation Failure) [PSYoungGen: 60704K->320K(60928K)] 75630K->15246K(369664K), 0.0026090 secs] [Times: user=0.01 sys=0.00, real=0.00 secs] 
2018-12-31T20:35:32.933+0900: 12779.509: [GC (Allocation Failure) [PSYoungGen: 60736K->288K(60928K)] 75662K->15214K(369664K), 0.0027228 secs] [Times: user=0.01 sys=0.00, real=0.01 secs] 
2018-12-31T20:36:20.583+0900: 12827.159: [GC (Allocation Failure) [PSYoungGen: 60704K->352K(60928K)] 75630K->15278K(369664K), 0.0024390 secs] [Times: user=0.01 sys=0.00, real=0.01 secs] 
2018-12-31T20:37:08.279+0900: 12874.855: [GC (Allocation Failure) [PSYoungGen: 60768K->288K(60928K)] 75694K->15214K(369664K), 0.0030297 secs] [Times: user=0.01 sys=0.01, real=0.00 secs] 
2018-12-31T20:37:56.132+0900: 12922.708: [GC (Allocation Failure) [PSYoungGen: 60704K->352K(60928K)] 75630K->15278K(369664K), 0.0027424 secs] [Times: user=0.02 sys=0.00, real=0.01 secs] 
2018-12-31T20:38:43.964+0900: 12970.540: [GC (Allocation Failure) [PSYoungGen: 60768K->288K(60928K)] 75694K->15214K(369664K), 0.0026586 secs] [Times: user=0.01 sys=0.01, real=0.00 secs] 
2018-12-31T20:39:31.510+0900: 13018.086: [GC (Allocation Failure) [PSYoungGen: 60704K->320K(60928K)] 75630K->15246K(369664K), 0.0028014 secs] [Times: user=0.01 sys=0.00, real=0.00 secs] 
2018-12-31T20:40:19.025+0900: 13065.601: [GC (Allocation Failure) [PSYoungGen: 60736K->352K(60928K)] 75662K->15278K(369664K), 0.0028839 secs] [Times: user=0.01 sys=0.00, real=0.00 secs] 
2018-12-31T20:41:06.884+0900: 13113.460: [GC (Allocation Failure) [PSYoungGen: 60768K->256K(60928K)] 75694K->15190K(369664K), 0.0029843 secs] [Times: user=0.02 sys=0.00, real=0.00 secs] 
2018-12-31T20:41:54.696+0900: 13161.272: [GC (Allocation Failure) [PSYoungGen: 60672K->288K(60928K)] 75606K->15222K(369664K), 0.0026920 secs] [Times: user=0.02 sys=0.00, real=0.00 secs] 
2018-12-31T20:42:42.591+0900: 13209.167: [GC (Allocation Failure) [PSYoungGen: 60704K->320K(60928K)] 75638K->15254K(369664K), 0.0027271 secs] [Times: user=0.01 sys=0.00, real=0.01 secs] 
2018-12-31T20:43:30.449+0900: 13257.024: [GC (Allocation Failure) [PSYoungGen: 60736K->256K(60928K)] 75670K->15190K(369664K), 0.0023925 secs] [Times: user=0.01 sys=0.00, real=0.00 secs] 
2018-12-31T20:44:18.067+0900: 13304.643: [GC (Allocation Failure) [PSYoungGen: 60672K->224K(60928K)] 75606K->15166K(369664K), 0.0028092 secs] [Times: user=0.01 sys=0.00, real=0.00 secs] 
2018-12-31T20:45:05.664+0900: 13352.239: [GC (Allocation Failure) [PSYoungGen: 60640K->288K(60928K)] 75582K->15246K(369664K), 0.0022652 secs] [Times: user=0.01 sys=0.00, real=0.01 secs] 
2018-12-31T20:45:53.721+0900: 13400.297: [GC (Allocation Failure) [PSYoungGen: 60704K->352K(60928K)] 75662K->15342K(369664K), 0.0023439 secs] [Times: user=0.01 sys=0.00, real=0.00 secs] 
2018-12-31T20:46:41.200+0900: 13447.776: [GC (Allocation Failure) [PSYoungGen: 60768K->352K(60928K)] 75758K->15350K(369664K), 0.0029450 secs] [Times: user=0.01 sys=0.00, real=0.00 secs] 
2018-12-31T20:47:28.777+0900: 13495.353: [GC (Allocation Failure) [PSYoungGen: 60768K->288K(60928K)] 75766K->15286K(369664K), 0.0029100 secs] [Times: user=0.00 sys=0.00, real=0.00 secs] 
2018-12-31T20:48:16.572+0900: 13543.148: [GC (Allocation Failure) [PSYoungGen: 60704K->320K(60928K)] 75702K->15318K(369664K), 0.0025478 secs] [Times: user=0.01 sys=0.00, real=0.01 secs] 
2018-12-31T20:49:04.490+0900: 13591.066: [GC (Allocation Failure) [PSYoungGen: 60736K->224K(60928K)] 75734K->15222K(369664K), 0.0028478 secs] [Times: user=0.00 sys=0.01, real=0.00 secs] 
2018-12-31T20:49:52.032+0900: 13638.608: [GC (Allocation Failure) [PSYoungGen: 60640K->256K(60928K)] 75638K->15262K(369664K), 0.0023609 secs] [Times: user=0.01 sys=0.00, real=0.01 secs] 
2018-12-31T20:50:39.910+0900: 13686.486: [GC (Allocation Failure) [PSYoungGen: 60672K->256K(60928K)] 75678K->15270K(369664K), 0.0026650 secs] [Times: user=0.01 sys=0.00, real=0.00 secs] 
2018-12-31T20:51:27.353+0900: 13733.929: [GC (Allocation Failure) [PSYoungGen: 60672K->288K(60928K)] 75686K->15302K(369664K), 0.0026432 secs] [Times: user=0.02 sys=0.00, real=0.01 secs] 
2018-12-31T20:52:14.978+0900: 13781.554: [GC (Allocation Failure) [PSYoungGen: 60704K->288K(60928K)] 75718K->15302K(369664K), 0.0027313 secs] [Times: user=0.01 sys=0.00, real=0.00 secs] 
2018-12-31T20:53:02.803+0900: 13829.378: [GC (Allocation Failure) [PSYoungGen: 60704K->256K(60928K)] 75718K->15270K(369664K), 0.0025733 secs] [Times: user=0.01 sys=0.00, real=0.01 secs] 
2018-12-31T20:53:50.628+0900: 13877.204: [GC (Allocation Failure) [PSYoungGen: 60672K->288K(60928K)] 75686K->15302K(369664K), 0.0026869 secs] [Times: user=0.01 sys=0.00, real=0.00 secs] 
2018-12-31T20:54:38.073+0900: 13924.649: [GC (Allocation Failure) [PSYoungGen: 60704K->320K(60928K)] 75718K->15334K(369664K), 0.0030058 secs] [Times: user=0.01 sys=0.00, real=0.01 secs] 
2018-12-31T20:55:25.618+0900: 13972.194: [GC (Allocation Failure) [PSYoungGen: 60736K->288K(60928K)] 75750K->15310K(369664K), 0.0023494 secs] [Times: user=0.01 sys=0.00, real=0.00 secs] 
2018-12-31T20:56:13.421+0900: 14019.997: [GC (Allocation Failure) [PSYoungGen: 60704K->352K(60928K)] 75726K->15382K(369664K), 0.0030295 secs] [Times: user=0.01 sys=0.00, real=0.01 secs] 
2018-12-31T20:57:00.635+0900: 14067.211: [GC (Allocation Failure) [PSYoungGen: 60768K->352K(60928K)] 75798K->15382K(369664K), 0.0024234 secs] [Times: user=0.01 sys=0.00, real=0.00 secs] 
2018-12-31T20:57:48.095+0900: 14114.671: [GC (Allocation Failure) [PSYoungGen: 60768K->256K(60928K)] 75798K->15286K(369664K), 0.0027428 secs] [Times: user=0.01 sys=0.00, real=0.00 secs] 
2018-12-31T20:58:35.615+0900: 14162.191: [GC (Allocation Failure) [PSYoungGen: 60672K->288K(60928K)] 75702K->15318K(369664K), 0.0027320 secs] [Times: user=0.01 sys=0.00, real=0.00 secs] 
2018-12-31T20:59:23.205+0900: 14209.781: [GC (Allocation Failure) [PSYoungGen: 60704K->288K(60928K)] 75734K->15334K(369664K), 0.0026590 secs] [Times: user=0.02 sys=0.00, real=0.00 secs] 
2018-12-31T21:00:11.369+0900: 14257.945: [GC (Allocation Failure) [PSYoungGen: 60704K->224K(60928K)] 75750K->15270K(369664K), 0.0026817 secs] [Times: user=0.01 sys=0.00, real=0.00 secs] 
2018-12-31T21:00:58.564+0900: 14305.140: [GC (Allocation Failure) [PSYoungGen: 60640K->352K(60928K)] 75686K->15398K(369664K), 0.0024141 secs] [Times: user=0.01 sys=0.00, real=0.00 secs] 
2018-12-31T21:01:46.204+0900: 14352.780: [GC (Allocation Failure) [PSYoungGen: 60768K->352K(60928K)] 75814K->15422K(369664K), 0.0026722 secs] [Times: user=0.01 sys=0.00, real=0.00 secs] 
2018-12-31T21:02:33.941+0900: 14400.517: [GC (Allocation Failure) [PSYoungGen: 60768K->256K(60928K)] 75838K->15326K(369664K), 0.0028609 secs] [Times: user=0.01 sys=0.00, real=0.00 secs] 
2018-12-31T21:03:21.538+0900: 14448.113: [GC (Allocation Failure) [PSYoungGen: 60672K->288K(60928K)] 75742K->15358K(369664K), 0.0023326 secs] [Times: user=0.01 sys=0.00, real=0.00 secs] 
2018-12-31T21:04:09.317+0900: 14495.893: [GC (Allocation Failure) [PSYoungGen: 60704K->320K(60928K)] 75774K->15398K(369664K), 0.0027982 secs] [Times: user=0.01 sys=0.01, real=0.00 secs] 
2018-12-31T21:04:56.609+0900: 14543.185: [GC (Allocation Failure) [PSYoungGen: 60736K->352K(60928K)] 75814K->15430K(369664K), 0.0030500 secs] [Times: user=0.02 sys=0.00, real=0.00 secs] 
2018-12-31T21:05:44.161+0900: 14590.737: [GC (Allocation Failure) [PSYoungGen: 60768K->320K(60928K)] 75846K->15430K(369664K), 0.0031154 secs] [Times: user=0.02 sys=0.00, real=0.01 secs] 
2018-12-31T21:06:31.875+0900: 14638.451: [GC (Allocation Failure) [PSYoungGen: 60736K->224K(60928K)] 75846K->15334K(369664K), 0.0023788 secs] [Times: user=0.01 sys=0.00, real=0.00 secs] 
2018-12-31T21:07:19.274+0900: 14685.850: [GC (Allocation Failure) [PSYoungGen: 60640K->352K(60928K)] 75750K->15462K(369664K), 0.0028860 secs] [Times: user=0.01 sys=0.00, real=0.00 secs] 
2018-12-31T21:08:06.755+0900: 14733.331: [GC (Allocation Failure) [PSYoungGen: 60768K->288K(60928K)] 75878K->15398K(369664K), 0.0024663 secs] [Times: user=0.01 sys=0.00, real=0.00 secs] 
2018-12-31T21:08:54.388+0900: 14780.964: [GC (Allocation Failure) [PSYoungGen: 60704K->288K(60928K)] 75814K->15398K(369664K), 0.0027089 secs] [Times: user=0.01 sys=0.01, real=0.00 secs] 
2018-12-31T21:09:41.689+0900: 14828.265: [GC (Allocation Failure) [PSYoungGen: 60704K->320K(60928K)] 75814K->15430K(369664K), 0.0027567 secs] [Times: user=0.01 sys=0.00, real=0.00 secs] 
2018-12-31T21:10:29.101+0900: 14875.677: [GC (Allocation Failure) [PSYoungGen: 60736K->288K(60928K)] 75846K->15398K(369664K), 0.0026780 secs] [Times: user=0.01 sys=0.00, real=0.01 secs] 
2018-12-31T21:11:16.985+0900: 14923.561: [GC (Allocation Failure) [PSYoungGen: 60704K->352K(60928K)] 75814K->15462K(369664K), 0.0030077 secs] [Times: user=0.01 sys=0.01, real=0.00 secs] 
2018-12-31T21:12:04.754+0900: 14971.330: [GC (Allocation Failure) [PSYoungGen: 60768K->256K(60928K)] 75878K->15366K(369664K), 0.0028248 secs] [Times: user=0.01 sys=0.00, real=0.00 secs] 
2018-12-31T21:12:52.439+0900: 15019.015: [GC (Allocation Failure) [PSYoungGen: 60672K->352K(60928K)] 75782K->15462K(369664K), 0.0027563 secs] [Times: user=0.01 sys=0.00, real=0.00 secs] 
2018-12-31T21:13:40.368+0900: 15066.944: [GC (Allocation Failure) [PSYoungGen: 60768K->288K(60928K)] 75878K->15398K(369664K), 0.0027664 secs] [Times: user=0.01 sys=0.00, real=0.00 secs] 
2018-12-31T21:14:28.038+0900: 15114.614: [GC (Allocation Failure) [PSYoungGen: 60704K->320K(60928K)] 75814K->15454K(369664K), 0.0027178 secs] [Times: user=0.01 sys=0.00, real=0.00 secs] 
2018-12-31T21:15:15.920+0900: 15162.496: [GC (Allocation Failure) [PSYoungGen: 60736K->352K(60928K)] 75870K->15486K(369664K), 0.0024446 secs] [Times: user=0.01 sys=0.01, real=0.00 secs] 
2018-12-31T21:16:03.854+0900: 15210.430: [GC (Allocation Failure) [PSYoungGen: 60768K->320K(60928K)] 75902K->15462K(369664K), 0.0028354 secs] [Times: user=0.01 sys=0.00, real=0.00 secs] 
2018-12-31T21:16:51.309+0900: 15257.885: [GC (Allocation Failure) [PSYoungGen: 60736K->352K(60928K)] 75878K->15502K(369664K), 0.0027483 secs] [Times: user=0.01 sys=0.00, real=0.00 secs] 
2018-12-31T21:17:39.104+0900: 15305.680: [GC (Allocation Failure) [PSYoungGen: 60768K->288K(60928K)] 75918K->15438K(369664K), 0.0027398 secs] [Times: user=0.01 sys=0.01, real=0.00 secs] 
2018-12-31T21:18:26.833+0900: 15353.409: [GC (Allocation Failure) [PSYoungGen: 60704K->288K(60928K)] 75854K->15446K(369664K), 0.0024582 secs] [Times: user=0.01 sys=0.00, real=0.01 secs] 
2018-12-31T21:19:14.820+0900: 15401.396: [GC (Allocation Failure) [PSYoungGen: 60704K->320K(60928K)] 75862K->15502K(369664K), 0.0026226 secs] [Times: user=0.01 sys=0.00, real=0.00 secs] 
2018-12-31T21:20:02.798+0900: 15449.374: [GC (Allocation Failure) [PSYoungGen: 60736K->288K(60928K)] 75918K->15478K(369664K), 0.0028335 secs] [Times: user=0.01 sys=0.00, real=0.00 secs] 
2018-12-31T21:20:50.224+0900: 15496.800: [GC (Allocation Failure) [PSYoungGen: 60704K->256K(60928K)] 75894K->15454K(369664K), 0.0024524 secs] [Times: user=0.01 sys=0.00, real=0.00 secs] 
2018-12-31T21:21:38.059+0900: 15544.634: [GC (Allocation Failure) [PSYoungGen: 60672K->320K(60928K)] 75870K->15518K(369664K), 0.0030600 secs] [Times: user=0.01 sys=0.00, real=0.00 secs] 
2018-12-31T21:22:25.809+0900: 15592.385: [GC (Allocation Failure) [PSYoungGen: 60736K->320K(60928K)] 75934K->15526K(369664K), 0.0027197 secs] [Times: user=0.01 sys=0.00, real=0.00 secs] 
2018-12-31T21:23:13.562+0900: 15640.138: [GC (Allocation Failure) [PSYoungGen: 60736K->288K(60928K)] 75942K->15494K(369664K), 0.0025946 secs] [Times: user=0.01 sys=0.00, real=0.01 secs] 
2018-12-31T21:24:00.971+0900: 15687.547: [GC (Allocation Failure) [PSYoungGen: 60704K->352K(60928K)] 75910K->15590K(369664K), 0.0029707 secs] [Times: user=0.02 sys=0.00, real=0.01 secs] 
2018-12-31T21:24:49.161+0900: 15735.737: [GC (Allocation Failure) [PSYoungGen: 60768K->224K(60928K)] 76006K->15478K(369664K), 0.0024782 secs] [Times: user=0.01 sys=0.00, real=0.00 secs] 
2018-12-31T21:25:37.021+0900: 15783.597: [GC (Allocation Failure) [PSYoungGen: 60640K->224K(60928K)] 75894K->15478K(369664K), 0.0027861 secs] [Times: user=0.00 sys=0.00, real=0.00 secs] 
2018-12-31T21:26:24.537+0900: 15831.113: [GC (Allocation Failure) [PSYoungGen: 60640K->320K(60928K)] 75894K->15582K(369664K), 0.0029805 secs] [Times: user=0.01 sys=0.00, real=0.00 secs] 
2018-12-31T21:27:12.344+0900: 15878.920: [GC (Allocation Failure) [PSYoungGen: 60736K->352K(60928K)] 75998K->15614K(369664K), 0.0025635 secs] [Times: user=0.01 sys=0.00, real=0.00 secs] 
2018-12-31T21:28:00.104+0900: 15926.680: [GC (Allocation Failure) [PSYoungGen: 60768K->224K(60928K)] 76030K->15486K(369664K), 0.0027848 secs] [Times: user=0.01 sys=0.00, real=0.00 secs] 
2018-12-31T21:28:47.864+0900: 15974.440: [GC (Allocation Failure) [PSYoungGen: 60640K->256K(60928K)] 75902K->15534K(369664K), 0.0029008 secs] [Times: user=0.01 sys=0.00, real=0.00 secs] 
2018-12-31T21:29:35.399+0900: 16021.975: [GC (Allocation Failure) [PSYoungGen: 60672K->288K(60928K)] 75950K->15574K(369664K), 0.0025570 secs] [Times: user=0.01 sys=0.00, real=0.00 secs] 
2018-12-31T21:30:23.463+0900: 16070.038: [GC (Allocation Failure) [PSYoungGen: 60704K->352K(60928K)] 75990K->15638K(369664K), 0.0028476 secs] [Times: user=0.01 sys=0.00, real=0.01 secs] 
2018-12-31T21:31:10.659+0900: 16117.235: [GC (Allocation Failure) [PSYoungGen: 60768K->320K(60928K)] 76054K->15606K(369664K), 0.0030129 secs] [Times: user=0.01 sys=0.00, real=0.00 secs] 
2018-12-31T21:31:58.835+0900: 16165.411: [GC (Allocation Failure) [PSYoungGen: 60736K->352K(60928K)] 76022K->15638K(369664K), 0.0028768 secs] [Times: user=0.02 sys=0.00, real=0.00 secs] 
2018-12-31T21:32:46.636+0900: 16213.212: [GC (Allocation Failure) [PSYoungGen: 60768K->256K(60928K)] 76054K->15542K(369664K), 0.0029510 secs] [Times: user=0.01 sys=0.00, real=0.00 secs] 
2018-12-31T21:33:34.559+0900: 16261.135: [GC (Allocation Failure) [PSYoungGen: 60672K->288K(60928K)] 75958K->15574K(369664K), 0.0027736 secs] [Times: user=0.01 sys=0.00, real=0.00 secs] 
2018-12-31T21:34:22.173+0900: 16308.749: [GC (Allocation Failure) [PSYoungGen: 60704K->288K(60928K)] 75990K->15574K(369664K), 0.0028588 secs] [Times: user=0.01 sys=0.00, real=0.01 secs] 
2018-12-31T21:35:09.624+0900: 16356.200: [GC (Allocation Failure) [PSYoungGen: 60704K->288K(60928K)] 75990K->15574K(369664K), 0.0024829 secs] [Times: user=0.00 sys=0.01, real=0.00 secs] 
2018-12-31T21:35:57.254+0900: 16403.830: [GC (Allocation Failure) [PSYoungGen: 60704K->256K(60928K)] 75990K->15542K(369664K), 0.0027727 secs] [Times: user=0.01 sys=0.00, real=0.00 secs] 
2018-12-31T21:36:44.960+0900: 16451.536: [GC (Allocation Failure) [PSYoungGen: 60672K->320K(60928K)] 75958K->15606K(369664K), 0.0031332 secs] [Times: user=0.01 sys=0.00, real=0.00 secs] 
2018-12-31T21:37:33.149+0900: 16499.725: [GC (Allocation Failure) [PSYoungGen: 60736K->320K(60928K)] 76022K->15646K(369664K), 0.0024215 secs] [Times: user=0.01 sys=0.00, real=0.00 secs] 
2018-12-31T21:38:20.922+0900: 16547.498: [GC (Allocation Failure) [PSYoungGen: 60736K->352K(60928K)] 76062K->15678K(369664K), 0.0027684 secs] [Times: user=0.01 sys=0.00, real=0.01 secs] 
2018-12-31T21:39:08.522+0900: 16595.098: [GC (Allocation Failure) [PSYoungGen: 60768K->256K(60928K)] 76094K->15582K(369664K), 0.0028407 secs] [Times: user=0.01 sys=0.00, real=0.01 secs] 
2018-12-31T21:39:56.301+0900: 16642.877: [GC (Allocation Failure) [PSYoungGen: 60672K->288K(60928K)] 75998K->15622K(369664K), 0.0024763 secs] [Times: user=0.01 sys=0.00, real=0.00 secs] 
2018-12-31T21:40:44.260+0900: 16690.836: [GC (Allocation Failure) [PSYoungGen: 60704K->320K(60928K)] 76038K->15654K(369664K), 0.0026728 secs] [Times: user=0.01 sys=0.00, real=0.00 secs] 
2018-12-31T21:41:32.232+0900: 16738.807: [GC (Allocation Failure) [PSYoungGen: 60736K->352K(60928K)] 76070K->15686K(369664K), 0.0026763 secs] [Times: user=0.02 sys=0.00, real=0.01 secs] 
2018-12-31T21:42:19.797+0900: 16786.373: [GC (Allocation Failure) [PSYoungGen: 60768K->320K(60928K)] 76102K->15654K(369664K), 0.0027945 secs] [Times: user=0.01 sys=0.00, real=0.00 secs] 
2018-12-31T21:43:07.457+0900: 16834.033: [GC (Allocation Failure) [PSYoungGen: 60736K->320K(60928K)] 76070K->15654K(369664K), 0.0027475 secs] [Times: user=0.01 sys=0.00, real=0.00 secs] 
2018-12-31T21:43:55.373+0900: 16881.948: [GC (Allocation Failure) [PSYoungGen: 60736K->320K(60928K)] 76070K->15654K(369664K), 0.0027765 secs] [Times: user=0.01 sys=0.00, real=0.01 secs] 
2018-12-31T21:44:42.948+0900: 16929.524: [GC (Allocation Failure) [PSYoungGen: 60736K->288K(60928K)] 76070K->15646K(369664K), 0.0030224 secs] [Times: user=0.01 sys=0.00, real=0.00 secs] 
2018-12-31T21:45:30.631+0900: 16977.207: [GC (Allocation Failure) [PSYoungGen: 60704K->288K(60928K)] 76062K->15646K(369664K), 0.0027742 secs] [Times: user=0.01 sys=0.00, real=0.01 secs] 
2018-12-31T21:46:18.304+0900: 17024.880: [GC (Allocation Failure) [PSYoungGen: 60704K->224K(60928K)] 76062K->15590K(369664K), 0.0028416 secs] [Times: user=0.01 sys=0.00, real=0.00 secs] 
2018-12-31T21:47:05.915+0900: 17072.491: [GC (Allocation Failure) [PSYoungGen: 60640K->320K(60928K)] 76006K->15686K(369664K), 0.0029480 secs] [Times: user=0.01 sys=0.00, real=0.00 secs] 
2018-12-31T21:47:53.616+0900: 17120.192: [GC (Allocation Failure) [PSYoungGen: 60736K->256K(60928K)] 76102K->15622K(369664K), 0.0030155 secs] [Times: user=0.01 sys=0.00, real=0.00 secs] 
2018-12-31T21:48:41.677+0900: 17168.253: [GC (Allocation Failure) [PSYoungGen: 60672K->256K(60928K)] 76038K->15630K(369664K), 0.0027288 secs] [Times: user=0.01 sys=0.00, real=0.00 secs] 
2018-12-31T21:49:29.382+0900: 17215.958: [GC (Allocation Failure) [PSYoungGen: 60672K->320K(60928K)] 76046K->15702K(369664K), 0.0028963 secs] [Times: user=0.01 sys=0.00, real=0.01 secs] 
2018-12-31T21:50:17.094+0900: 17263.670: [GC (Allocation Failure) [PSYoungGen: 60736K->288K(60928K)] 76118K->15670K(369664K), 0.0024723 secs] [Times: user=0.01 sys=0.00, real=0.00 secs] 
2018-12-31T21:51:04.421+0900: 17310.997: [GC (Allocation Failure) [PSYoungGen: 60704K->256K(60928K)] 76086K->15638K(369664K), 0.0024428 secs] [Times: user=0.01 sys=0.00, real=0.00 secs] 
2018-12-31T21:51:52.081+0900: 17358.657: [GC (Allocation Failure) [PSYoungGen: 60672K->256K(60928K)] 76054K->15638K(369664K), 0.0026067 secs] [Times: user=0.01 sys=0.00, real=0.00 secs] 
2018-12-31T21:52:39.710+0900: 17406.286: [GC (Allocation Failure) [PSYoungGen: 60672K->320K(60928K)] 76054K->15702K(369664K), 0.0028268 secs] [Times: user=0.01 sys=0.00, real=0.00 secs] 
2018-12-31T21:53:27.355+0900: 17453.931: [GC (Allocation Failure) [PSYoungGen: 60736K->320K(60928K)] 76118K->15710K(369664K), 0.0031038 secs] [Times: user=0.01 sys=0.00, real=0.00 secs] 
2018-12-31T21:54:15.078+0900: 17501.654: [GC (Allocation Failure) [PSYoungGen: 60736K->224K(60928K)] 76126K->15622K(369664K), 0.0027819 secs] [Times: user=0.01 sys=0.00, real=0.00 secs] 
2018-12-31T21:55:02.835+0900: 17549.411: [GC (Allocation Failure) [PSYoungGen: 60640K->352K(60928K)] 76038K->15750K(369664K), 0.0025519 secs] [Times: user=0.02 sys=0.00, real=0.00 secs] 
2018-12-31T21:55:50.487+0900: 17597.063: [GC (Allocation Failure) [PSYoungGen: 60768K->352K(60928K)] 76166K->15750K(369664K), 0.0034315 secs] [Times: user=0.01 sys=0.00, real=0.00 secs] 
2018-12-31T21:56:38.040+0900: 17644.616: [GC (Allocation Failure) [PSYoungGen: 60768K->288K(60928K)] 76166K->15686K(369664K), 0.0033061 secs] [Times: user=0.01 sys=0.00, real=0.00 secs] 
2018-12-31T21:57:25.788+0900: 17692.364: [GC (Allocation Failure) [PSYoungGen: 60704K->352K(60928K)] 76102K->15766K(369664K), 0.0026734 secs] [Times: user=0.01 sys=0.00, real=0.00 secs] 
2018-12-31T21:58:13.044+0900: 17739.620: [GC (Allocation Failure) [PSYoungGen: 60768K->320K(60928K)] 76182K->15734K(369664K), 0.0028861 secs] [Times: user=0.01 sys=0.00, real=0.00 secs] 
2018-12-31T21:59:00.796+0900: 17787.372: [GC (Allocation Failure) [PSYoungGen: 60736K->320K(60928K)] 76150K->15766K(369664K), 0.0024640 secs] [Times: user=0.01 sys=0.00, real=0.00 secs] 
2018-12-31T21:59:48.605+0900: 17835.181: [GC (Allocation Failure) [PSYoungGen: 60736K->320K(60928K)] 76182K->15766K(369664K), 0.0030607 secs] [Times: user=0.01 sys=0.00, real=0.00 secs] 
2018-12-31T22:00:36.314+0900: 17882.890: [GC (Allocation Failure) [PSYoungGen: 60736K->320K(60928K)] 76182K->15806K(369664K), 0.0028069 secs] [Times: user=0.01 sys=0.00, real=0.00 secs] 
2018-12-31T22:01:23.802+0900: 17930.378: [GC (Allocation Failure) [PSYoungGen: 60736K->352K(60928K)] 76222K->15838K(369664K), 0.0027712 secs] [Times: user=0.02 sys=0.00, real=0.01 secs] 
2018-12-31T22:02:11.283+0900: 17977.859: [GC (Allocation Failure) [PSYoungGen: 60768K->288K(60928K)] 76254K->15774K(369664K), 0.0030487 secs] [Times: user=0.01 sys=0.00, real=0.01 secs] 
2018-12-31T22:02:58.363+0900: 18024.938: [GC (Allocation Failure) [PSYoungGen: 60704K->320K(60928K)] 76190K->15806K(369664K), 0.0025620 secs] [Times: user=0.01 sys=0.00, real=0.01 secs] 
2018-12-31T22:03:46.356+0900: 18072.931: [GC (Allocation Failure) [PSYoungGen: 60736K->320K(60928K)] 76222K->15814K(369664K), 0.0025706 secs] [Times: user=0.01 sys=0.00, real=0.00 secs] 
2018-12-31T22:04:34.547+0900: 18121.123: [GC (Allocation Failure) [PSYoungGen: 60736K->320K(60928K)] 76230K->15814K(369664K), 0.0030738 secs] [Times: user=0.01 sys=0.00, real=0.00 secs] 
2018-12-31T22:05:22.268+0900: 18168.844: [GC (Allocation Failure) [PSYoungGen: 60736K->320K(60928K)] 76230K->15814K(369664K), 0.0025000 secs] [Times: user=0.01 sys=0.01, real=0.00 secs] 
2018-12-31T22:06:09.923+0900: 18216.499: [GC (Allocation Failure) [PSYoungGen: 60736K->352K(60928K)] 76230K->15846K(369664K), 0.0029285 secs] [Times: user=0.01 sys=0.00, real=0.01 secs] 
2018-12-31T22:06:57.700+0900: 18264.276: [GC (Allocation Failure) [PSYoungGen: 60768K->352K(60928K)] 76262K->15846K(369664K), 0.0026507 secs] [Times: user=0.01 sys=0.00, real=0.00 secs] 
2018-12-31T22:07:45.340+0900: 18311.916: [GC (Allocation Failure) [PSYoungGen: 60768K->288K(60928K)] 76262K->15782K(369664K), 0.0026240 secs] [Times: user=0.01 sys=0.00, real=0.00 secs] 
2018-12-31T22:08:33.143+0900: 18359.719: [GC (Allocation Failure) [PSYoungGen: 60704K->288K(60928K)] 76198K->15782K(369664K), 0.0027063 secs] [Times: user=0.01 sys=0.00, real=0.01 secs] 
2018-12-31T22:09:20.767+0900: 18407.342: [GC (Allocation Failure) [PSYoungGen: 60704K->256K(60928K)] 76198K->15750K(369664K), 0.0028368 secs] [Times: user=0.01 sys=0.00, real=0.00 secs] 
2018-12-31T22:10:08.654+0900: 18455.230: [GC (Allocation Failure) [PSYoungGen: 60672K->288K(60928K)] 76166K->15782K(369664K), 0.0028512 secs] [Times: user=0.01 sys=0.00, real=0.00 secs] 
2018-12-31T22:10:56.301+0900: 18502.876: [GC (Allocation Failure) [PSYoungGen: 60704K->320K(60928K)] 76198K->15814K(369664K), 0.0026520 secs] [Times: user=0.02 sys=0.00, real=0.00 secs] 
2018-12-31T22:11:43.912+0900: 18550.488: [GC (Allocation Failure) [PSYoungGen: 60736K->224K(60928K)] 76230K->15718K(369664K), 0.0028060 secs] [Times: user=0.00 sys=0.00, real=0.01 secs] 
2018-12-31T22:12:31.957+0900: 18598.533: [GC (Allocation Failure) [PSYoungGen: 60640K->320K(60928K)] 76134K->15814K(369664K), 0.0029095 secs] [Times: user=0.01 sys=0.00, real=0.00 secs] 
2018-12-31T22:13:19.401+0900: 18645.977: [GC (Allocation Failure) [PSYoungGen: 60736K->320K(60928K)] 76230K->15822K(369664K), 0.0028172 secs] [Times: user=0.01 sys=0.00, real=0.01 secs] 
2018-12-31T22:14:06.835+0900: 18693.410: [GC (Allocation Failure) [PSYoungGen: 60736K->352K(60928K)] 76238K->15902K(369664K), 0.0023933 secs] [Times: user=0.02 sys=0.00, real=0.00 secs] 
2018-12-31T22:14:55.028+0900: 18741.603: [GC (Allocation Failure) [PSYoungGen: 60768K->288K(60928K)] 76318K->15846K(369664K), 0.0026362 secs] [Times: user=0.01 sys=0.00, real=0.00 secs] 
2018-12-31T22:15:42.903+0900: 18789.479: [GC (Allocation Failure) [PSYoungGen: 60704K->288K(60928K)] 76262K->15846K(369664K), 0.0028782 secs] [Times: user=0.01 sys=0.00, real=0.01 secs] 
2018-12-31T22:16:30.492+0900: 18837.068: [GC (Allocation Failure) [PSYoungGen: 60704K->288K(60928K)] 76262K->15846K(369664K), 0.0023361 secs] [Times: user=0.01 sys=0.00, real=0.01 secs] 
2018-12-31T22:17:18.280+0900: 18884.856: [GC (Allocation Failure) [PSYoungGen: 60704K->256K(60928K)] 76262K->15822K(369664K), 0.0026793 secs] [Times: user=0.01 sys=0.00, real=0.00 secs] 
2018-12-31T22:18:05.772+0900: 18932.348: [GC (Allocation Failure) [PSYoungGen: 60672K->352K(60928K)] 76238K->15926K(369664K), 0.0025951 secs] [Times: user=0.02 sys=0.00, real=0.01 secs] 
2018-12-31T22:18:53.594+0900: 18980.170: [GC (Allocation Failure) [PSYoungGen: 60768K->224K(60928K)] 76342K->15798K(369664K), 0.0029000 secs] [Times: user=0.01 sys=0.00, real=0.00 secs] 
2018-12-31T22:19:41.223+0900: 19027.799: [GC (Allocation Failure) [PSYoungGen: 60640K->288K(60928K)] 76214K->15862K(369664K), 0.0027559 secs] [Times: user=0.01 sys=0.00, real=0.01 secs] 
2018-12-31T22:20:28.732+0900: 19075.308: [GC (Allocation Failure) [PSYoungGen: 60704K->320K(60928K)] 76278K->15894K(369664K), 0.0028976 secs] [Times: user=0.01 sys=0.00, real=0.01 secs] 
2018-12-31T22:21:16.552+0900: 19123.128: [GC (Allocation Failure) [PSYoungGen: 60736K->224K(60928K)] 76310K->15798K(369664K), 0.0028635 secs] [Times: user=0.01 sys=0.00, real=0.01 secs] 
2018-12-31T22:22:04.317+0900: 19170.892: [GC (Allocation Failure) [PSYoungGen: 60640K->320K(60928K)] 76214K->15894K(369664K), 0.0028347 secs] [Times: user=0.01 sys=0.00, real=0.00 secs] 
2018-12-31T22:22:51.831+0900: 19218.406: [GC (Allocation Failure) [PSYoungGen: 60736K->288K(60928K)] 76310K->15862K(369664K), 0.0023916 secs] [Times: user=0.01 sys=0.00, real=0.00 secs] 
2018-12-31T22:23:39.736+0900: 19266.312: [GC (Allocation Failure) [PSYoungGen: 60704K->288K(60928K)] 76278K->15862K(369664K), 0.0025544 secs] [Times: user=0.01 sys=0.00, real=0.00 secs] 
2018-12-31T22:24:27.305+0900: 19313.881: [GC (Allocation Failure) [PSYoungGen: 60704K->320K(60928K)] 76278K->15894K(369664K), 0.0034900 secs] [Times: user=0.01 sys=0.00, real=0.00 secs] 
2018-12-31T22:25:14.783+0900: 19361.359: [GC (Allocation Failure) [PSYoungGen: 60736K->288K(60928K)] 76310K->15862K(369664K), 0.0024521 secs] [Times: user=0.01 sys=0.00, real=0.01 secs] 
2018-12-31T22:26:02.576+0900: 19409.152: [GC (Allocation Failure) [PSYoungGen: 60704K->320K(60928K)] 76278K->15894K(369664K), 0.0025086 secs] [Times: user=0.01 sys=0.00, real=0.00 secs] 
2018-12-31T22:26:50.263+0900: 19456.839: [GC (Allocation Failure) [PSYoungGen: 60736K->352K(60928K)] 76310K->15926K(369664K), 0.0024245 secs] [Times: user=0.01 sys=0.00, real=0.01 secs] 
2018-12-31T22:27:38.240+0900: 19504.816: [GC (Allocation Failure) [PSYoungGen: 60768K->352K(60928K)] 76342K->15926K(369664K), 0.0027281 secs] [Times: user=0.01 sys=0.00, real=0.00 secs] 
2018-12-31T22:28:25.992+0900: 19552.568: [GC (Allocation Failure) [PSYoungGen: 60768K->320K(60928K)] 76342K->15894K(369664K), 0.0028109 secs] [Times: user=0.01 sys=0.00, real=0.01 secs] 
2018-12-31T22:29:13.616+0900: 19600.192: [GC (Allocation Failure) [PSYoungGen: 60736K->320K(60928K)] 76310K->15894K(369664K), 0.0029143 secs] [Times: user=0.02 sys=0.00, real=0.00 secs] 
2018-12-31T22:30:01.708+0900: 19648.283: [GC (Allocation Failure) [PSYoungGen: 60736K->288K(60928K)] 76310K->15862K(369664K), 0.0026594 secs] [Times: user=0.01 sys=0.00, real=0.00 secs] 
2018-12-31T22:30:49.562+0900: 19696.138: [GC (Allocation Failure) [PSYoungGen: 60704K->288K(60928K)] 76278K->15878K(369664K), 0.0028295 secs] [Times: user=0.00 sys=0.00, real=0.01 secs] 
2018-12-31T22:31:37.430+0900: 19744.006: [GC (Allocation Failure) [PSYoungGen: 60704K->288K(60928K)] 76294K->15878K(369664K), 0.0025553 secs] [Times: user=0.01 sys=0.00, real=0.00 secs] 
2018-12-31T22:32:25.044+0900: 19791.620: [GC (Allocation Failure) [PSYoungGen: 60704K->352K(60928K)] 76294K->15942K(369664K), 0.0024113 secs] [Times: user=0.01 sys=0.00, real=0.00 secs] 
2018-12-31T22:33:12.639+0900: 19839.215: [GC (Allocation Failure) [PSYoungGen: 60768K->256K(60928K)] 76358K->15846K(369664K), 0.0027096 secs] [Times: user=0.01 sys=0.00, real=0.00 secs] 
2018-12-31T22:34:00.549+0900: 19887.125: [GC (Allocation Failure) [PSYoungGen: 60672K->320K(60928K)] 76262K->15910K(369664K), 0.0023903 secs] [Times: user=0.01 sys=0.00, real=0.00 secs] 
2018-12-31T22:34:47.820+0900: 19934.396: [GC (Allocation Failure) [PSYoungGen: 60736K->352K(60928K)] 76326K->15942K(369664K), 0.0024777 secs] [Times: user=0.02 sys=0.00, real=0.00 secs] 
2018-12-31T22:35:36.014+0900: 19982.590: [GC (Allocation Failure) [PSYoungGen: 60768K->288K(60928K)] 76358K->15878K(369664K), 0.0025932 secs] [Times: user=0.01 sys=0.00, real=0.00 secs] 
2018-12-31T22:36:23.744+0900: 20030.320: [GC (Allocation Failure) [PSYoungGen: 60704K->288K(60928K)] 76294K->15878K(369664K), 0.0025809 secs] [Times: user=0.01 sys=0.00, real=0.00 secs] 
2018-12-31T22:37:11.392+0900: 20077.968: [GC (Allocation Failure) [PSYoungGen: 60704K->288K(60928K)] 76294K->15878K(369664K), 0.0028821 secs] [Times: user=0.01 sys=0.00, real=0.01 secs] 
2018-12-31T22:37:59.179+0900: 20125.755: [GC (Allocation Failure) [PSYoungGen: 60704K->320K(60928K)] 76294K->15926K(369664K), 0.0025081 secs] [Times: user=0.01 sys=0.01, real=0.00 secs] 
2018-12-31T22:38:46.771+0900: 20173.347: [GC (Allocation Failure) [PSYoungGen: 60736K->320K(60928K)] 76342K->15934K(369664K), 0.0029255 secs] [Times: user=0.01 sys=0.00, real=0.01 secs] 
2018-12-31T22:39:34.435+0900: 20221.010: [GC (Allocation Failure) [PSYoungGen: 60736K->224K(60928K)] 76350K->15838K(369664K), 0.0027941 secs] [Times: user=0.01 sys=0.00, real=0.00 secs] 
2018-12-31T22:40:22.153+0900: 20268.729: [GC (Allocation Failure) [PSYoungGen: 60640K->352K(60928K)] 76254K->15966K(369664K), 0.0027714 secs] [Times: user=0.01 sys=0.00, real=0.01 secs] 
2018-12-31T22:41:09.870+0900: 20316.446: [GC (Allocation Failure) [PSYoungGen: 60768K->256K(60928K)] 76382K->15870K(369664K), 0.0027795 secs] [Times: user=0.02 sys=0.00, real=0.00 secs] 
2018-12-31T22:41:57.523+0900: 20364.099: [GC (Allocation Failure) [PSYoungGen: 60672K->288K(60928K)] 76286K->15902K(369664K), 0.0027663 secs] [Times: user=0.01 sys=0.00, real=0.01 secs] 
2018-12-31T22:42:45.162+0900: 20411.738: [GC (Allocation Failure) [PSYoungGen: 60704K->320K(60928K)] 76318K->15934K(369664K), 0.0026831 secs] [Times: user=0.01 sys=0.00, real=0.01 secs] 
2018-12-31T22:43:33.018+0900: 20459.594: [GC (Allocation Failure) [PSYoungGen: 60736K->320K(60928K)] 76350K->15934K(369664K), 0.0023487 secs] [Times: user=0.01 sys=0.00, real=0.00 secs] 
2018-12-31T22:44:20.867+0900: 20507.443: [GC (Allocation Failure) [PSYoungGen: 60736K->224K(60928K)] 76350K->15854K(369664K), 0.0025223 secs] [Times: user=0.01 sys=0.00, real=0.00 secs] 
2018-12-31T22:45:08.285+0900: 20554.861: [GC (Allocation Failure) [PSYoungGen: 60640K->288K(60928K)] 76270K->15958K(369664K), 0.0031273 secs] [Times: user=0.02 sys=0.00, real=0.00 secs] 
2018-12-31T22:45:55.894+0900: 20602.470: [GC (Allocation Failure) [PSYoungGen: 60704K->320K(60928K)] 76374K->15990K(369664K), 0.0023119 secs] [Times: user=0.01 sys=0.00, real=0.00 secs] 
2018-12-31T22:46:43.658+0900: 20650.234: [GC (Allocation Failure) [PSYoungGen: 60736K->288K(60928K)] 76406K->15958K(369664K), 0.0027347 secs] [Times: user=0.01 sys=0.00, real=0.00 secs] 
2018-12-31T22:47:31.582+0900: 20698.158: [GC (Allocation Failure) [PSYoungGen: 60704K->320K(60928K)] 76374K->15990K(369664K), 0.0027333 secs] [Times: user=0.01 sys=0.00, real=0.01 secs] 
2018-12-31T22:48:19.155+0900: 20745.731: [GC (Allocation Failure) [PSYoungGen: 60736K->352K(60928K)] 76406K->16022K(369664K), 0.0025889 secs] [Times: user=0.01 sys=0.00, real=0.00 secs] 
2018-12-31T22:49:06.970+0900: 20793.546: [GC (Allocation Failure) [PSYoungGen: 60768K->288K(60928K)] 76438K->15958K(369664K), 0.0027755 secs] [Times: user=0.01 sys=0.00, real=0.00 secs] 
2018-12-31T22:49:54.486+0900: 20841.062: [GC (Allocation Failure) [PSYoungGen: 60704K->256K(60928K)] 76374K->15942K(369664K), 0.0029110 secs] [Times: user=0.01 sys=0.00, real=0.00 secs] 
2018-12-31T22:50:42.133+0900: 20888.709: [GC (Allocation Failure) [PSYoungGen: 60672K->320K(60928K)] 76358K->16006K(369664K), 0.0027828 secs] [Times: user=0.01 sys=0.00, real=0.01 secs] 
2018-12-31T22:51:29.892+0900: 20936.467: [GC (Allocation Failure) [PSYoungGen: 60736K->320K(60928K)] 76422K->16006K(369664K), 0.0023860 secs] [Times: user=0.01 sys=0.00, real=0.01 secs] 
2018-12-31T22:52:17.468+0900: 20984.044: [GC (Allocation Failure) [PSYoungGen: 60736K->256K(60928K)] 76422K->15982K(369664K), 0.0028382 secs] [Times: user=0.01 sys=0.00, real=0.00 secs] 
2018-12-31T22:53:05.459+0900: 21032.035: [GC (Allocation Failure) [PSYoungGen: 60672K->320K(60928K)] 76398K->16046K(369664K), 0.0025574 secs] [Times: user=0.01 sys=0.00, real=0.00 secs] 
2018-12-31T22:53:53.460+0900: 21080.036: [GC (Allocation Failure) [PSYoungGen: 60736K->288K(60928K)] 76462K->16014K(369664K), 0.0028147 secs] [Times: user=0.01 sys=0.00, real=0.00 secs] 
2018-12-31T22:54:41.401+0900: 21127.977: [GC (Allocation Failure) [PSYoungGen: 60704K->288K(60928K)] 76430K->16014K(369664K), 0.0028719 secs] [Times: user=0.01 sys=0.00, real=0.01 secs] 
2018-12-31T22:55:28.842+0900: 21175.418: [GC (Allocation Failure) [PSYoungGen: 60704K->256K(60928K)] 76430K->15982K(369664K), 0.0028314 secs] [Times: user=0.01 sys=0.00, real=0.01 secs] 
2018-12-31T22:56:16.539+0900: 21223.115: [GC (Allocation Failure) [PSYoungGen: 60672K->320K(60928K)] 76398K->16046K(369664K), 0.0026824 secs] [Times: user=0.01 sys=0.01, real=0.00 secs] 
2018-12-31T22:57:04.289+0900: 21270.864: [GC (Allocation Failure) [PSYoungGen: 60736K->320K(60928K)] 76462K->16054K(369664K), 0.0027544 secs] [Times: user=0.02 sys=0.00, real=0.00 secs] 
2018-12-31T22:57:52.313+0900: 21318.889: [GC (Allocation Failure) [PSYoungGen: 60736K->288K(60928K)] 76470K->16022K(369664K), 0.0027942 secs] [Times: user=0.02 sys=0.00, real=0.01 secs] 
2018-12-31T22:58:40.245+0900: 21366.821: [GC (Allocation Failure) [PSYoungGen: 60704K->288K(60928K)] 76438K->16022K(369664K), 0.0027891 secs] [Times: user=0.01 sys=0.01, real=0.00 secs] 
2018-12-31T22:59:27.782+0900: 21414.358: [GC (Allocation Failure) [PSYoungGen: 60704K->288K(60928K)] 76438K->16022K(369664K), 0.0028236 secs] [Times: user=0.01 sys=0.00, real=0.01 secs] 
2018-12-31T23:00:15.045+0900: 21461.621: [GC (Allocation Failure) [PSYoungGen: 60704K->320K(60928K)] 76438K->16054K(369664K), 0.0026340 secs] [Times: user=0.01 sys=0.00, real=0.00 secs] 
2018-12-31T23:01:02.532+0900: 21509.108: [GC (Allocation Failure) [PSYoungGen: 60736K->320K(60928K)] 76470K->16054K(369664K), 0.0028101 secs] [Times: user=0.01 sys=0.00, real=0.01 secs] 
2018-12-31T23:01:50.340+0900: 21556.916: [GC (Allocation Failure) [PSYoungGen: 60736K->256K(60928K)] 76470K->16006K(369664K), 0.0027686 secs] [Times: user=0.01 sys=0.00, real=0.00 secs] 
2018-12-31T23:02:37.690+0900: 21604.266: [GC (Allocation Failure) [PSYoungGen: 60672K->352K(60928K)] 76422K->16102K(369664K), 0.0029029 secs] [Times: user=0.01 sys=0.00, real=0.00 secs] 
2018-12-31T23:03:25.101+0900: 21651.677: [GC (Allocation Failure) [PSYoungGen: 60768K->288K(60928K)] 76518K->16038K(369664K), 0.0026905 secs] [Times: user=0.01 sys=0.00, real=0.00 secs] 
2018-12-31T23:04:12.779+0900: 21699.355: [GC (Allocation Failure) [PSYoungGen: 60704K->320K(60928K)] 76454K->16070K(369664K), 0.0029682 secs] [Times: user=0.01 sys=0.00, real=0.00 secs] 
2018-12-31T23:05:00.120+0900: 21746.696: [GC (Allocation Failure) [PSYoungGen: 60736K->352K(60928K)] 76486K->16102K(369664K), 0.0022370 secs] [Times: user=0.01 sys=0.00, real=0.00 secs] 
2018-12-31T23:05:47.559+0900: 21794.135: [GC (Allocation Failure) [PSYoungGen: 60768K->320K(60928K)] 76518K->16070K(369664K), 0.0028581 secs] [Times: user=0.01 sys=0.00, real=0.00 secs] 
2018-12-31T23:06:35.456+0900: 21842.032: [GC (Allocation Failure) [PSYoungGen: 60736K->352K(60928K)] 76486K->16102K(369664K), 0.0024757 secs] [Times: user=0.01 sys=0.00, real=0.00 secs] 
2018-12-31T23:07:23.650+0900: 21890.226: [GC (Allocation Failure) [PSYoungGen: 60768K->320K(60928K)] 76518K->16070K(369664K), 0.0027383 secs] [Times: user=0.01 sys=0.00, real=0.00 secs] 
2018-12-31T23:08:11.358+0900: 21937.934: [GC (Allocation Failure) [PSYoungGen: 60736K->320K(60928K)] 76486K->16070K(369664K), 0.0023684 secs] [Times: user=0.01 sys=0.00, real=0.00 secs] 
2018-12-31T23:08:59.296+0900: 21985.872: [GC (Allocation Failure) [PSYoungGen: 60736K->288K(60928K)] 76486K->16038K(369664K), 0.0030347 secs] [Times: user=0.01 sys=0.00, real=0.00 secs] 
2018-12-31T23:09:47.221+0900: 22033.797: [GC (Allocation Failure) [PSYoungGen: 60704K->288K(60928K)] 76454K->16038K(369664K), 0.0025389 secs] [Times: user=0.01 sys=0.00, real=0.01 secs] 
2018-12-31T23:10:35.309+0900: 22081.885: [GC (Allocation Failure) [PSYoungGen: 60704K->288K(60928K)] 76454K->16038K(369664K), 0.0023641 secs] [Times: user=0.01 sys=0.00, real=0.00 secs] 
2018-12-31T23:11:22.618+0900: 22129.193: [GC (Allocation Failure) [PSYoungGen: 60704K->288K(60928K)] 76454K->16038K(369664K), 0.0028029 secs] [Times: user=0.01 sys=0.00, real=0.00 secs] 
2018-12-31T23:12:10.437+0900: 22177.012: [GC (Allocation Failure) [PSYoungGen: 60704K->288K(60928K)] 76454K->16038K(369664K), 0.0024396 secs] [Times: user=0.01 sys=0.00, real=0.00 secs] 
2018-12-31T23:12:58.209+0900: 22224.785: [GC (Allocation Failure) [PSYoungGen: 60704K->320K(60928K)] 76454K->16070K(369664K), 0.0029965 secs] [Times: user=0.01 sys=0.01, real=0.00 secs] 
2018-12-31T23:13:45.632+0900: 22272.207: [GC (Allocation Failure) [PSYoungGen: 60736K->320K(60928K)] 76486K->16070K(369664K), 0.0028311 secs] [Times: user=0.01 sys=0.00, real=0.01 secs] 
2018-12-31T23:14:33.365+0900: 22319.941: [GC (Allocation Failure) [PSYoungGen: 60736K->288K(60928K)] 76486K->16054K(369664K), 0.0028099 secs] [Times: user=0.01 sys=0.00, real=0.00 secs] 
2018-12-31T23:15:21.277+0900: 22367.853: [GC (Allocation Failure) [PSYoungGen: 60704K->256K(60928K)] 76470K->16030K(369664K), 0.0024384 secs] [Times: user=0.01 sys=0.00, real=0.00 secs] 
2018-12-31T23:16:08.745+0900: 22415.321: [GC (Allocation Failure) [PSYoungGen: 60672K->256K(60928K)] 76446K->16038K(369664K), 0.0027953 secs] [Times: user=0.01 sys=0.00, real=0.00 secs] 
2018-12-31T23:16:56.559+0900: 22463.135: [GC (Allocation Failure) [PSYoungGen: 60672K->256K(60928K)] 76454K->16038K(369664K), 0.0031024 secs] [Times: user=0.01 sys=0.00, real=0.00 secs] 
2018-12-31T23:17:44.337+0900: 22510.913: [GC (Allocation Failure) [PSYoungGen: 60672K->352K(60928K)] 76454K->16134K(369664K), 0.0028287 secs] [Times: user=0.01 sys=0.00, real=0.00 secs] 
2018-12-31T23:18:32.233+0900: 22558.809: [GC (Allocation Failure) [PSYoungGen: 60768K->288K(60928K)] 76550K->16070K(369664K), 0.0032835 secs] [Times: user=0.01 sys=0.00, real=0.01 secs] 
2018-12-31T23:19:19.668+0900: 22606.244: [GC (Allocation Failure) [PSYoungGen: 60704K->288K(60928K)] 76486K->16070K(369664K), 0.0028322 secs] [Times: user=0.02 sys=0.00, real=0.00 secs] 
2018-12-31T23:20:07.419+0900: 22653.995: [GC (Allocation Failure) [PSYoungGen: 60704K->288K(60928K)] 76486K->16070K(369664K), 0.0028288 secs] [Times: user=0.01 sys=0.00, real=0.00 secs] 
2018-12-31T23:20:55.171+0900: 22701.747: [GC (Allocation Failure) [PSYoungGen: 60704K->256K(60928K)] 76486K->16038K(369664K), 0.0027266 secs] [Times: user=0.01 sys=0.00, real=0.01 secs] 
2018-12-31T23:21:43.048+0900: 22749.624: [GC (Allocation Failure) [PSYoungGen: 60672K->288K(60928K)] 76454K->16070K(369664K), 0.0028399 secs] [Times: user=0.01 sys=0.00, real=0.00 secs] 
2018-12-31T23:22:31.067+0900: 22797.643: [GC (Allocation Failure) [PSYoungGen: 60704K->320K(60928K)] 76486K->16102K(369664K), 0.0026381 secs] [Times: user=0.01 sys=0.00, real=0.00 secs] 
2018-12-31T23:23:18.477+0900: 22845.053: [GC (Allocation Failure) [PSYoungGen: 60736K->288K(60928K)] 76518K->16102K(369664K), 0.0029054 secs] [Times: user=0.01 sys=0.00, real=0.00 secs] 
2018-12-31T23:24:06.160+0900: 22892.736: [GC (Allocation Failure) [PSYoungGen: 60704K->256K(60928K)] 76518K->16070K(369664K), 0.0024463 secs] [Times: user=0.01 sys=0.00, real=0.00 secs] 
2018-12-31T23:24:53.899+0900: 22940.475: [GC (Allocation Failure) [PSYoungGen: 60672K->352K(60928K)] 76486K->16166K(369664K), 0.0027258 secs] [Times: user=0.01 sys=0.01, real=0.00 secs] 
2018-12-31T23:25:41.693+0900: 22988.269: [GC (Allocation Failure) [PSYoungGen: 60768K->288K(60928K)] 76582K->16102K(369664K), 0.0027834 secs] [Times: user=0.01 sys=0.00, real=0.01 secs] 
2018-12-31T23:26:29.456+0900: 23036.032: [GC (Allocation Failure) [PSYoungGen: 60704K->288K(60928K)] 76518K->16110K(369664K), 0.0023572 secs] [Times: user=0.01 sys=0.00, real=0.00 secs] 
2018-12-31T23:27:17.308+0900: 23083.884: [GC (Allocation Failure) [PSYoungGen: 60704K->352K(60928K)] 76526K->16182K(369664K), 0.0028517 secs] [Times: user=0.01 sys=0.00, real=0.00 secs] 
2018-12-31T23:28:05.084+0900: 23131.660: [GC (Allocation Failure) [PSYoungGen: 60768K->352K(60928K)] 76598K->16190K(369664K), 0.0026390 secs] [Times: user=0.01 sys=0.00, real=0.00 secs] 
2018-12-31T23:28:52.800+0900: 23179.376: [GC (Allocation Failure) [PSYoungGen: 60768K->256K(60928K)] 76606K->16094K(369664K), 0.0027542 secs] [Times: user=0.01 sys=0.00, real=0.00 secs] 
2018-12-31T23:29:40.406+0900: 23226.982: [GC (Allocation Failure) [PSYoungGen: 60672K->352K(60928K)] 76510K->16190K(369664K), 0.0025980 secs] [Times: user=0.01 sys=0.00, real=0.00 secs] 
2018-12-31T23:30:28.099+0900: 23274.675: [GC (Allocation Failure) [PSYoungGen: 60768K->320K(60928K)] 76606K->16158K(369664K), 0.0028189 secs] [Times: user=0.02 sys=0.00, real=0.00 secs] 
2018-12-31T23:31:15.698+0900: 23322.274: [GC (Allocation Failure) [PSYoungGen: 60736K->288K(60928K)] 76574K->16126K(369664K), 0.0027246 secs] [Times: user=0.01 sys=0.00, real=0.00 secs] 
2018-12-31T23:32:03.511+0900: 23370.087: [GC (Allocation Failure) [PSYoungGen: 60704K->288K(60928K)] 76542K->16134K(369664K), 0.0029195 secs] [Times: user=0.01 sys=0.00, real=0.01 secs] 
2018-12-31T23:32:50.697+0900: 23417.273: [GC (Allocation Failure) [PSYoungGen: 60704K->352K(60928K)] 76550K->16198K(369664K), 0.0024630 secs] [Times: user=0.01 sys=0.01, real=0.00 secs] 
2018-12-31T23:33:38.328+0900: 23464.904: [GC (Allocation Failure) [PSYoungGen: 60768K->288K(60928K)] 76614K->16134K(369664K), 0.0025773 secs] [Times: user=0.01 sys=0.00, real=0.00 secs] 
2018-12-31T23:34:26.076+0900: 23512.652: [GC (Allocation Failure) [PSYoungGen: 60704K->352K(60928K)] 76550K->16198K(369664K), 0.0030868 secs] [Times: user=0.01 sys=0.00, real=0.00 secs] 
2018-12-31T23:35:13.806+0900: 23560.382: [GC (Allocation Failure) [PSYoungGen: 60768K->288K(60928K)] 76614K->16134K(369664K), 0.0027212 secs] [Times: user=0.01 sys=0.00, real=0.00 secs] 
2018-12-31T23:36:01.460+0900: 23608.036: [GC (Allocation Failure) [PSYoungGen: 60704K->320K(60928K)] 76550K->16166K(369664K), 0.0022846 secs] [Times: user=0.01 sys=0.00, real=0.00 secs] 
2018-12-31T23:36:48.838+0900: 23655.414: [GC (Allocation Failure) [PSYoungGen: 60736K->256K(60928K)] 76582K->16102K(369664K), 0.0027578 secs] [Times: user=0.01 sys=0.01, real=0.00 secs] 
2018-12-31T23:37:36.932+0900: 23703.508: [GC (Allocation Failure) [PSYoungGen: 60672K->320K(60928K)] 76518K->16166K(369664K), 0.0026599 secs] [Times: user=0.01 sys=0.00, real=0.01 secs] 
2018-12-31T23:38:24.898+0900: 23751.474: [GC (Allocation Failure) [PSYoungGen: 60736K->288K(60928K)] 76582K->16142K(369664K), 0.0029415 secs] [Times: user=0.01 sys=0.00, real=0.00 secs] 
2018-12-31T23:39:12.212+0900: 23798.788: [GC (Allocation Failure) [PSYoungGen: 60704K->288K(60928K)] 76558K->16174K(369664K), 0.0027295 secs] [Times: user=0.01 sys=0.00, real=0.01 secs] 
2018-12-31T23:39:59.844+0900: 23846.420: [GC (Allocation Failure) [PSYoungGen: 60704K->320K(60928K)] 76590K->16206K(369664K), 0.0022949 secs] [Times: user=0.01 sys=0.01, real=0.00 secs] 
2018-12-31T23:40:47.587+0900: 23894.163: [GC (Allocation Failure) [PSYoungGen: 60736K->288K(60928K)] 76622K->16174K(369664K), 0.0025776 secs] [Times: user=0.01 sys=0.00, real=0.00 secs] 
2018-12-31T23:41:35.383+0900: 23941.959: [GC (Allocation Failure) [PSYoungGen: 60704K->320K(60928K)] 76590K->16214K(369664K), 0.0027658 secs] [Times: user=0.02 sys=0.00, real=0.01 secs] 
2018-12-31T23:42:22.969+0900: 23989.545: [GC (Allocation Failure) [PSYoungGen: 60736K->224K(60928K)] 76630K->16126K(369664K), 0.0029382 secs] [Times: user=0.02 sys=0.00, real=0.00 secs] 
2018-12-31T23:43:10.453+0900: 24037.029: [GC (Allocation Failure) [PSYoungGen: 60640K->288K(60928K)] 76542K->16190K(369664K), 0.0027794 secs] [Times: user=0.01 sys=0.00, real=0.01 secs] 
2018-12-31T23:43:58.303+0900: 24084.879: [GC (Allocation Failure) [PSYoungGen: 60704K->288K(60928K)] 76606K->16190K(369664K), 0.0028880 secs] [Times: user=0.01 sys=0.00, real=0.01 secs] 
2018-12-31T23:44:45.555+0900: 24132.131: [GC (Allocation Failure) [PSYoungGen: 60704K->352K(60928K)] 76606K->16270K(369664K), 0.0027011 secs] [Times: user=0.01 sys=0.00, real=0.00 secs] 
2018-12-31T23:45:33.729+0900: 24180.305: [GC (Allocation Failure) [PSYoungGen: 60768K->352K(60928K)] 76686K->16270K(369664K), 0.0038441 secs] [Times: user=0.02 sys=0.00, real=0.00 secs] 
2018-12-31T23:46:21.108+0900: 24227.684: [GC (Allocation Failure) [PSYoungGen: 60768K->352K(60928K)] 76686K->16270K(369664K), 0.0027148 secs] [Times: user=0.01 sys=0.00, real=0.00 secs] 
2018-12-31T23:47:08.628+0900: 24275.203: [GC (Allocation Failure) [PSYoungGen: 60768K->288K(60928K)] 76686K->16206K(369664K), 0.0023531 secs] [Times: user=0.01 sys=0.00, real=0.00 secs] 
2018-12-31T23:47:56.403+0900: 24322.979: [GC (Allocation Failure) [PSYoungGen: 60704K->320K(60928K)] 76622K->16238K(369664K), 0.0024429 secs] [Times: user=0.01 sys=0.00, real=0.01 secs] 
2018-12-31T23:48:44.280+0900: 24370.856: [GC (Allocation Failure) [PSYoungGen: 60736K->256K(60928K)] 76654K->16174K(369664K), 0.0027336 secs] [Times: user=0.02 sys=0.00, real=0.00 secs] 
2018-12-31T23:49:32.192+0900: 24418.768: [GC (Allocation Failure) [PSYoungGen: 60672K->288K(60928K)] 76590K->16206K(369664K), 0.0029370 secs] [Times: user=0.01 sys=0.01, real=0.01 secs] 
2018-12-31T23:50:19.926+0900: 24466.502: [GC (Allocation Failure) [PSYoungGen: 60704K->288K(60928K)] 76622K->16206K(369664K), 0.0033391 secs] [Times: user=0.01 sys=0.00, real=0.00 secs] 
2018-12-31T23:51:08.124+0900: 24514.700: [GC (Allocation Failure) [PSYoungGen: 60704K->352K(60928K)] 76622K->16270K(369664K), 0.0024573 secs] [Times: user=0.01 sys=0.01, real=0.00 secs] 
2018-12-31T23:51:55.961+0900: 24562.537: [GC (Allocation Failure) [PSYoungGen: 60768K->320K(60928K)] 76686K->16238K(369664K), 0.0027789 secs] [Times: user=0.01 sys=0.00, real=0.01 secs] 
2018-12-31T23:52:43.501+0900: 24610.077: [GC (Allocation Failure) [PSYoungGen: 60736K->288K(60928K)] 76654K->16206K(369664K), 0.0026544 secs] [Times: user=0.01 sys=0.00, real=0.01 secs] 
2018-12-31T23:53:31.455+0900: 24658.030: [GC (Allocation Failure) [PSYoungGen: 60704K->352K(60928K)] 76622K->16270K(369664K), 0.0027985 secs] [Times: user=0.01 sys=0.00, real=0.00 secs] 
2018-12-31T23:54:19.043+0900: 24705.619: [GC (Allocation Failure) [PSYoungGen: 60768K->320K(60928K)] 76686K->16238K(369664K), 0.0026947 secs] [Times: user=0.01 sys=0.00, real=0.01 secs] 
2018-12-31T23:55:06.745+0900: 24753.321: [GC (Allocation Failure) [PSYoungGen: 60736K->352K(60928K)] 76654K->16278K(369664K), 0.0027059 secs] [Times: user=0.01 sys=0.01, real=0.00 secs] 
2018-12-31T23:55:54.277+0900: 24800.853: [GC (Allocation Failure) [PSYoungGen: 60768K->320K(60928K)] 76694K->16254K(369664K), 0.0026985 secs] [Times: user=0.01 sys=0.00, real=0.00 secs] 
2018-12-31T23:56:41.860+0900: 24848.436: [GC (Allocation Failure) [PSYoungGen: 60736K->352K(60928K)] 76670K->16286K(369664K), 0.0028264 secs] [Times: user=0.02 sys=0.00, real=0.00 secs] 
2018-12-31T23:57:29.642+0900: 24896.217: [GC (Allocation Failure) [PSYoungGen: 60768K->320K(60928K)] 76702K->16254K(369664K), 0.0025476 secs] [Times: user=0.01 sys=0.00, real=0.01 secs] 
2018-12-31T23:58:17.188+0900: 24943.764: [GC (Allocation Failure) [PSYoungGen: 60736K->352K(60928K)] 76670K->16310K(369664K), 0.0028922 secs] [Times: user=0.01 sys=0.00, real=0.00 secs] 
2018-12-31T23:59:05.006+0900: 24991.582: [GC (Allocation Failure) [PSYoungGen: 60768K->256K(60928K)] 76726K->16214K(369664K), 0.0028072 secs] [Times: user=0.01 sys=0.00, real=0.00 secs] 
2018-12-31T23:59:52.898+0900: 25039.474: [GC (Allocation Failure) [PSYoungGen: 60672K->320K(60928K)] 76630K->16278K(369664K), 0.0026397 secs] [Times: user=0.01 sys=0.01, real=0.00 secs] 
2019-01-01T00:00:40.496+0900: 25087.072: [GC (Allocation Failure) [PSYoungGen: 60736K->352K(60928K)] 76694K->16310K(369664K), 0.0027574 secs] [Times: user=0.01 sys=0.00, real=0.00 secs] 
2019-01-01T00:01:28.130+0900: 25134.706: [GC (Allocation Failure) [PSYoungGen: 60768K->224K(60928K)] 76726K->16182K(369664K), 0.0027296 secs] [Times: user=0.01 sys=0.00, real=0.00 secs] 
2019-01-01T00:02:15.754+0900: 25182.330: [GC (Allocation Failure) [PSYoungGen: 60640K->288K(60928K)] 76598K->16246K(369664K), 0.0027525 secs] [Times: user=0.01 sys=0.00, real=0.00 secs] 
2019-01-01T00:03:03.100+0900: 25229.676: [GC (Allocation Failure) [PSYoungGen: 60704K->352K(60928K)] 76662K->16310K(369664K), 0.0029043 secs] [Times: user=0.01 sys=0.00, real=0.00 secs] 
2019-01-01T00:03:51.127+0900: 25277.703: [GC (Allocation Failure) [PSYoungGen: 60768K->288K(60928K)] 76726K->16246K(369664K), 0.0024412 secs] [Times: user=0.01 sys=0.00, real=0.00 secs] 
2019-01-01T00:04:38.991+0900: 25325.567: [GC (Allocation Failure) [PSYoungGen: 60704K->320K(60928K)] 76662K->16278K(369664K), 0.0023962 secs] [Times: user=0.01 sys=0.00, real=0.00 secs] 
2019-01-01T00:05:26.516+0900: 25373.092: [GC (Allocation Failure) [PSYoungGen: 60736K->320K(60928K)] 76694K->16278K(369664K), 0.0043487 secs] [Times: user=0.01 sys=0.00, real=0.00 secs] 
2019-01-01T00:06:14.381+0900: 25420.957: [GC (Allocation Failure) [PSYoungGen: 60736K->256K(60928K)] 76694K->16214K(369664K), 0.0026644 secs] [Times: user=0.01 sys=0.00, real=0.00 secs] 
2019-01-01T00:07:01.931+0900: 25468.507: [GC (Allocation Failure) [PSYoungGen: 60672K->288K(60928K)] 76630K->16246K(369664K), 0.0030520 secs] [Times: user=0.01 sys=0.00, real=0.01 secs] 
2019-01-01T00:07:49.510+0900: 25516.086: [GC (Allocation Failure) [PSYoungGen: 60704K->288K(60928K)] 76662K->16246K(369664K), 0.0029580 secs] [Times: user=0.01 sys=0.00, real=0.00 secs] 
2019-01-01T00:08:37.370+0900: 25563.945: [GC (Allocation Failure) [PSYoungGen: 60704K->320K(60928K)] 76662K->16278K(369664K), 0.0030723 secs] [Times: user=0.01 sys=0.00, real=0.00 secs] 
2019-01-01T00:09:25.466+0900: 25612.042: [GC (Allocation Failure) [PSYoungGen: 60736K->352K(60928K)] 76694K->16318K(369664K), 0.0026102 secs] [Times: user=0.01 sys=0.00, real=0.00 secs] 
2019-01-01T00:10:12.681+0900: 25659.257: [GC (Allocation Failure) [PSYoungGen: 60768K->288K(60928K)] 76734K->16254K(369664K), 0.0025893 secs] [Times: user=0.01 sys=0.00, real=0.01 secs] 
2019-01-01T00:11:00.472+0900: 25707.048: [GC (Allocation Failure) [PSYoungGen: 60704K->256K(60928K)] 76670K->16222K(369664K), 0.0028210 secs] [Times: user=0.01 sys=0.00, real=0.01 secs] 
2019-01-01T00:11:48.203+0900: 25754.779: [GC (Allocation Failure) [PSYoungGen: 60672K->320K(60928K)] 76638K->16286K(369664K), 0.0027675 secs] [Times: user=0.01 sys=0.00, real=0.01 secs] 
2019-01-01T00:12:35.990+0900: 25802.566: [GC (Allocation Failure) [PSYoungGen: 60736K->256K(60928K)] 76702K->16222K(369664K), 0.0029101 secs] [Times: user=0.01 sys=0.00, real=0.00 secs] 
2019-01-01T00:13:23.456+0900: 25850.032: [GC (Allocation Failure) [PSYoungGen: 60672K->288K(60928K)] 76638K->16262K(369664K), 0.0023318 secs] [Times: user=0.01 sys=0.00, real=0.00 secs] 
2019-01-01T00:14:11.650+0900: 25898.226: [GC (Allocation Failure) [PSYoungGen: 60704K->288K(60928K)] 76678K->16262K(369664K), 0.0027222 secs] [Times: user=0.01 sys=0.00, real=0.00 secs] 
2019-01-01T00:14:59.201+0900: 25945.777: [GC (Allocation Failure) [PSYoungGen: 60704K->224K(60928K)] 76678K->16222K(369664K), 0.0025177 secs] [Times: user=0.01 sys=0.00, real=0.00 secs] 
2019-01-01T00:15:46.785+0900: 25993.361: [GC (Allocation Failure) [PSYoungGen: 60640K->320K(60928K)] 76638K->16318K(369664K), 0.0029446 secs] [Times: user=0.01 sys=0.00, real=0.00 secs] 
2019-01-01T00:16:34.958+0900: 26041.534: [GC (Allocation Failure) [PSYoungGen: 60736K->352K(60928K)] 76734K->16350K(369664K), 0.0024112 secs] [Times: user=0.01 sys=0.00, real=0.00 secs] 
2019-01-01T00:17:22.405+0900: 26088.981: [GC (Allocation Failure) [PSYoungGen: 60768K->288K(60928K)] 76766K->16302K(369664K), 0.0023905 secs] [Times: user=0.00 sys=0.00, real=0.00 secs] 
2019-01-01T00:18:10.323+0900: 26136.899: [GC (Allocation Failure) [PSYoungGen: 60704K->288K(60928K)] 76718K->16302K(369664K), 0.0028972 secs] [Times: user=0.01 sys=0.01, real=0.01 secs] 
2019-01-01T00:18:57.785+0900: 26184.361: [GC (Allocation Failure) [PSYoungGen: 60704K->288K(60928K)] 76718K->16302K(369664K), 0.0023848 secs] [Times: user=0.01 sys=0.00, real=0.00 secs] 
2019-01-01T00:19:45.536+0900: 26232.112: [GC (Allocation Failure) [PSYoungGen: 60704K->320K(60928K)] 76718K->16334K(369664K), 0.0028060 secs] [Times: user=0.02 sys=0.00, real=0.00 secs] 
2019-01-01T00:20:33.443+0900: 26280.019: [GC (Allocation Failure) [PSYoungGen: 60736K->352K(60928K)] 76750K->16366K(369664K), 0.0024321 secs] [Times: user=0.01 sys=0.00, real=0.01 secs] 
2019-01-01T00:21:21.350+0900: 26327.926: [GC (Allocation Failure) [PSYoungGen: 60768K->288K(60928K)] 76782K->16302K(369664K), 0.0023954 secs] [Times: user=0.01 sys=0.01, real=0.00 secs] 
2019-01-01T00:22:09.046+0900: 26375.622: [GC (Allocation Failure) [PSYoungGen: 60704K->288K(60928K)] 76718K->16302K(369664K), 0.0023988 secs] [Times: user=0.01 sys=0.00, real=0.00 secs] 
2019-01-01T00:22:56.721+0900: 26423.297: [GC (Allocation Failure) [PSYoungGen: 60704K->320K(60928K)] 76718K->16334K(369664K), 0.0023396 secs] [Times: user=0.01 sys=0.00, real=0.01 secs] 
2019-01-01T00:23:44.317+0900: 26470.893: [GC (Allocation Failure) [PSYoungGen: 60736K->288K(60928K)] 76750K->16302K(369664K), 0.0029223 secs] [Times: user=0.01 sys=0.00, real=0.00 secs] 
2019-01-01T00:24:32.219+0900: 26518.795: [GC (Allocation Failure) [PSYoungGen: 60704K->256K(60928K)] 76718K->16270K(369664K), 0.0028362 secs] [Times: user=0.01 sys=0.00, real=0.00 secs] 
2019-01-01T00:25:20.081+0900: 26566.657: [GC (Allocation Failure) [PSYoungGen: 60672K->352K(60928K)] 76686K->16374K(369664K), 0.0027842 secs] [Times: user=0.01 sys=0.00, real=0.01 secs] 
2019-01-01T00:26:07.718+0900: 26614.294: [GC (Allocation Failure) [PSYoungGen: 60768K->256K(60928K)] 76790K->16278K(369664K), 0.0024218 secs] [Times: user=0.01 sys=0.00, real=0.00 secs] 
2019-01-01T00:26:55.361+0900: 26661.937: [GC (Allocation Failure) [PSYoungGen: 60672K->352K(60928K)] 76694K->16382K(369664K), 0.0030375 secs] [Times: user=0.01 sys=0.00, real=0.01 secs] 
2019-01-01T00:27:42.881+0900: 26709.456: [GC (Allocation Failure) [PSYoungGen: 60768K->320K(60928K)] 76798K->16350K(369664K), 0.0026730 secs] [Times: user=0.01 sys=0.00, real=0.00 secs] 
2019-01-01T00:28:31.032+0900: 26757.608: [GC (Allocation Failure) [PSYoungGen: 60736K->288K(60928K)] 76766K->16318K(369664K), 0.0042046 secs] [Times: user=0.01 sys=0.00, real=0.01 secs] 
2019-01-01T00:29:18.862+0900: 26805.438: [GC (Allocation Failure) [PSYoungGen: 60704K->320K(60928K)] 76734K->16350K(369664K), 0.0028137 secs] [Times: user=0.02 sys=0.00, real=0.01 secs] 
2019-01-01T00:30:06.914+0900: 26853.490: [GC (Allocation Failure) [PSYoungGen: 60736K->256K(60928K)] 76766K->16286K(369664K), 0.0023828 secs] [Times: user=0.01 sys=0.00, real=0.00 secs] 
2019-01-01T00:30:54.599+0900: 26901.175: [GC (Allocation Failure) [PSYoungGen: 60672K->256K(60928K)] 76702K->16286K(369664K), 0.0026790 secs] [Times: user=0.01 sys=0.00, real=0.00 secs] 
2019-01-01T00:31:42.410+0900: 26948.986: [GC (Allocation Failure) [PSYoungGen: 60672K->352K(60928K)] 76702K->16382K(369664K), 0.0023650 secs] [Times: user=0.01 sys=0.00, real=0.00 secs] 
2019-01-01T00:32:29.981+0900: 26996.557: [GC (Allocation Failure) [PSYoungGen: 60768K->320K(60928K)] 76798K->16350K(369664K), 0.0028794 secs] [Times: user=0.01 sys=0.00, real=0.01 secs] 
2019-01-01T00:33:17.215+0900: 27043.791: [GC (Allocation Failure) [PSYoungGen: 60736K->320K(60928K)] 76766K->16350K(369664K), 0.0027959 secs] [Times: user=0.00 sys=0.00, real=0.00 secs] 
2019-01-01T00:34:05.354+0900: 27091.930: [GC (Allocation Failure) [PSYoungGen: 60736K->320K(60928K)] 76766K->16350K(369664K), 0.0030219 secs] [Times: user=0.01 sys=0.00, real=0.00 secs] 
2019-01-01T00:34:53.174+0900: 27139.750: [GC (Allocation Failure) [PSYoungGen: 60736K->320K(60928K)] 76766K->16350K(369664K), 0.0027606 secs] [Times: user=0.01 sys=0.00, real=0.00 secs] 
2019-01-01T00:35:41.177+0900: 27187.753: [GC (Allocation Failure) [PSYoungGen: 60736K->320K(60928K)] 76766K->16350K(369664K), 0.0028273 secs] [Times: user=0.01 sys=0.00, real=0.00 secs] 
2019-01-01T00:36:28.932+0900: 27235.508: [GC (Allocation Failure) [PSYoungGen: 60736K->224K(60928K)] 76766K->16254K(369664K), 0.0026535 secs] [Times: user=0.01 sys=0.00, real=0.01 secs] 
2019-01-01T00:37:16.606+0900: 27283.182: [GC (Allocation Failure) [PSYoungGen: 60640K->256K(60928K)] 76670K->16286K(369664K), 0.0027417 secs] [Times: user=0.01 sys=0.00, real=0.00 secs] 
2019-01-01T00:38:04.483+0900: 27331.059: [GC (Allocation Failure) [PSYoungGen: 60672K->256K(60928K)] 76702K->16286K(369664K), 0.0029219 secs] [Times: user=0.01 sys=0.00, real=0.01 secs] 
2019-01-01T00:38:52.070+0900: 27378.646: [GC (Allocation Failure) [PSYoungGen: 60672K->288K(60928K)] 76702K->16318K(369664K), 0.0027718 secs] [Times: user=0.02 sys=0.00, real=0.00 secs] 
2019-01-01T00:39:39.839+0900: 27426.415: [GC (Allocation Failure) [PSYoungGen: 60704K->320K(60928K)] 76734K->16350K(369664K), 0.0025733 secs] [Times: user=0.01 sys=0.00, real=0.00 secs] 
2019-01-01T00:40:27.565+0900: 27474.141: [GC (Allocation Failure) [PSYoungGen: 60736K->288K(60928K)] 76766K->16318K(369664K), 0.0028380 secs] [Times: user=0.01 sys=0.00, real=0.00 secs] 
2019-01-01T00:41:15.466+0900: 27522.042: [GC (Allocation Failure) [PSYoungGen: 60704K->320K(60928K)] 76734K->16350K(369664K), 0.0029626 secs] [Times: user=0.02 sys=0.00, real=0.00 secs] 
2019-01-01T00:42:03.291+0900: 27569.867: [GC (Allocation Failure) [PSYoungGen: 60736K->256K(60928K)] 76766K->16286K(369664K), 0.0026461 secs] [Times: user=0.01 sys=0.01, real=0.01 secs] 
2019-01-01T00:42:50.884+0900: 27617.460: [GC (Allocation Failure) [PSYoungGen: 60672K->320K(60928K)] 76702K->16350K(369664K), 0.0026542 secs] [Times: user=0.01 sys=0.00, real=0.00 secs] 
2019-01-01T00:43:38.760+0900: 27665.336: [GC (Allocation Failure) [PSYoungGen: 60736K->224K(60928K)] 76766K->16254K(369664K), 0.0028981 secs] [Times: user=0.02 sys=0.00, real=0.00 secs] 
2019-01-01T00:44:26.721+0900: 27713.297: [GC (Allocation Failure) [PSYoungGen: 60640K->288K(60928K)] 76670K->16342K(369664K), 0.0028788 secs] [Times: user=0.01 sys=0.00, real=0.01 secs] 
2019-01-01T00:45:14.052+0900: 27760.628: [GC (Allocation Failure) [PSYoungGen: 60704K->288K(60928K)] 76758K->16366K(369664K), 0.0024832 secs] [Times: user=0.01 sys=0.00, real=0.01 secs] 
2019-01-01T00:46:01.655+0900: 27808.231: [GC (Allocation Failure) [PSYoungGen: 60704K->352K(60928K)] 76782K->16430K(369664K), 0.0028387 secs] [Times: user=0.01 sys=0.00, real=0.00 secs] 
2019-01-01T00:46:49.431+0900: 27856.007: [GC (Allocation Failure) [PSYoungGen: 60768K->352K(60928K)] 76846K->16430K(369664K), 0.0027685 secs] [Times: user=0.01 sys=0.00, real=0.01 secs] 
2019-01-01T00:47:36.676+0900: 27903.252: [GC (Allocation Failure) [PSYoungGen: 60768K->288K(60928K)] 76846K->16366K(369664K), 0.0027125 secs] [Times: user=0.01 sys=0.00, real=0.00 secs] 
2019-01-01T00:48:24.276+0900: 27950.852: [GC (Allocation Failure) [PSYoungGen: 60704K->288K(60928K)] 76782K->16366K(369664K), 0.0032313 secs] [Times: user=0.01 sys=0.00, real=0.00 secs] 
2019-01-01T00:49:11.998+0900: 27998.574: [GC (Allocation Failure) [PSYoungGen: 60704K->352K(60928K)] 76782K->16430K(369664K), 0.0031384 secs] [Times: user=0.01 sys=0.01, real=0.00 secs] 
2019-01-01T00:49:59.719+0900: 28046.295: [GC (Allocation Failure) [PSYoungGen: 60768K->288K(60928K)] 76846K->16366K(369664K), 0.0026918 secs] [Times: user=0.01 sys=0.00, real=0.00 secs] 
2019-01-01T00:50:47.415+0900: 28093.991: [GC (Allocation Failure) [PSYoungGen: 60704K->224K(60928K)] 76782K->16326K(369664K), 0.0026197 secs] [Times: user=0.01 sys=0.00, real=0.00 secs] 
2019-01-01T00:51:35.197+0900: 28141.773: [GC (Allocation Failure) [PSYoungGen: 60640K->352K(60928K)] 76742K->16454K(369664K), 0.0028624 secs] [Times: user=0.01 sys=0.00, real=0.00 secs] 
2019-01-01T00:52:22.793+0900: 28189.369: [GC (Allocation Failure) [PSYoungGen: 60768K->320K(60928K)] 76870K->16422K(369664K), 0.0026066 secs] [Times: user=0.01 sys=0.00, real=0.01 secs] 
2019-01-01T00:53:10.185+0900: 28236.761: [GC (Allocation Failure) [PSYoungGen: 60736K->320K(60928K)] 76838K->16422K(369664K), 0.0029218 secs] [Times: user=0.01 sys=0.00, real=0.00 secs] 
2019-01-01T00:53:58.172+0900: 28284.748: [GC (Allocation Failure) [PSYoungGen: 60736K->288K(60928K)] 76838K->16390K(369664K), 0.0024777 secs] [Times: user=0.01 sys=0.00, real=0.01 secs] 
2019-01-01T00:54:46.118+0900: 28332.694: [GC (Allocation Failure) [PSYoungGen: 60704K->320K(60928K)] 76806K->16422K(369664K), 0.0027494 secs] [Times: user=0.01 sys=0.00, real=0.00 secs] 
2019-01-01T00:55:34.044+0900: 28380.620: [GC (Allocation Failure) [PSYoungGen: 60736K->320K(60928K)] 76838K->16422K(369664K), 0.0028742 secs] [Times: user=0.01 sys=0.00, real=0.00 secs] 
2019-01-01T00:56:21.739+0900: 28428.315: [GC (Allocation Failure) [PSYoungGen: 60736K->352K(60928K)] 76838K->16454K(369664K), 0.0025206 secs] [Times: user=0.01 sys=0.00, real=0.00 secs] 
2019-01-01T00:57:09.636+0900: 28476.212: [GC (Allocation Failure) [PSYoungGen: 60768K->352K(60928K)] 76870K->16454K(369664K), 0.0028340 secs] [Times: user=0.01 sys=0.00, real=0.00 secs] 
2019-01-01T00:57:57.403+0900: 28523.979: [GC (Allocation Failure) [PSYoungGen: 60768K->352K(60928K)] 76870K->16454K(369664K), 0.0024573 secs] [Times: user=0.01 sys=0.00, real=0.01 secs] 
2019-01-01T00:58:45.298+0900: 28571.874: [GC (Allocation Failure) [PSYoungGen: 60768K->320K(60928K)] 76870K->16430K(369664K), 0.0029393 secs] [Times: user=0.01 sys=0.00, real=0.00 secs] 
2019-01-01T00:59:33.275+0900: 28619.851: [GC (Allocation Failure) [PSYoungGen: 60736K->320K(60928K)] 76846K->16430K(369664K), 0.0028397 secs] [Times: user=0.01 sys=0.00, real=0.00 secs] 
2019-01-01T01:00:20.706+0900: 28667.282: [GC (Allocation Failure) [PSYoungGen: 60736K->288K(60928K)] 76846K->16398K(369664K), 0.0024702 secs] [Times: user=0.02 sys=0.00, real=0.00 secs] 
2019-01-01T01:01:08.455+0900: 28715.031: [GC (Allocation Failure) [PSYoungGen: 60704K->288K(60928K)] 76814K->16398K(369664K), 0.0030160 secs] [Times: user=0.01 sys=0.00, real=0.00 secs] 
2019-01-01T01:01:56.046+0900: 28762.622: [GC (Allocation Failure) [PSYoungGen: 60704K->256K(60928K)] 76814K->16366K(369664K), 0.0024378 secs] [Times: user=0.01 sys=0.00, real=0.00 secs] 
2019-01-01T01:02:43.731+0900: 28810.307: [GC (Allocation Failure) [PSYoungGen: 60672K->352K(60928K)] 76782K->16470K(369664K), 0.0025203 secs] [Times: user=0.01 sys=0.00, real=0.01 secs] 
2019-01-01T01:03:31.478+0900: 28858.054: [GC (Allocation Failure) [PSYoungGen: 60768K->320K(60928K)] 76886K->16438K(369664K), 0.0023849 secs] [Times: user=0.01 sys=0.00, real=0.00 secs] 
2019-01-01T01:04:18.677+0900: 28905.253: [GC (Allocation Failure) [PSYoungGen: 60736K->224K(60928K)] 76854K->16342K(369664K), 0.0028686 secs] [Times: user=0.01 sys=0.00, real=0.00 secs] 
2019-01-01T01:05:06.863+0900: 28953.439: [GC (Allocation Failure) [PSYoungGen: 60640K->352K(60928K)] 76758K->16470K(369664K), 0.0028058 secs] [Times: user=0.01 sys=0.00, real=0.01 secs] 
2019-01-01T01:05:54.774+0900: 29001.350: [GC (Allocation Failure) [PSYoungGen: 60768K->320K(60928K)] 76886K->16438K(369664K), 0.0024402 secs] [Times: user=0.01 sys=0.00, real=0.00 secs] 
2019-01-01T01:06:42.565+0900: 29049.141: [GC (Allocation Failure) [PSYoungGen: 60736K->256K(60928K)] 76854K->16374K(369664K), 0.0026787 secs] [Times: user=0.01 sys=0.00, real=0.00 secs] 
2019-01-01T01:07:30.170+0900: 29096.746: [GC (Allocation Failure) [PSYoungGen: 60672K->352K(60928K)] 76790K->16470K(369664K), 0.0027711 secs] [Times: user=0.01 sys=0.00, real=0.00 secs] 
2019-01-01T01:08:17.664+0900: 29144.240: [GC (Allocation Failure) [PSYoungGen: 60768K->288K(60928K)] 76886K->16406K(369664K), 0.0022840 secs] [Times: user=0.01 sys=0.00, real=0.00 secs] 
2019-01-01T01:09:05.614+0900: 29192.190: [GC (Allocation Failure) [PSYoungGen: 60704K->320K(60928K)] 76822K->16438K(369664K), 0.0028126 secs] [Times: user=0.01 sys=0.00, real=0.00 secs] 
2019-01-01T01:09:53.108+0900: 29239.684: [GC (Allocation Failure) [PSYoungGen: 60736K->352K(60928K)] 76854K->16510K(369664K), 0.0023221 secs] [Times: user=0.01 sys=0.00, real=0.00 secs] 
2019-01-01T01:10:40.736+0900: 29287.312: [GC (Allocation Failure) [PSYoungGen: 60768K->320K(60928K)] 76926K->16510K(369664K), 0.0027549 secs] [Times: user=0.01 sys=0.00, real=0.00 secs] 
2019-01-01T01:11:28.541+0900: 29335.116: [GC (Allocation Failure) [PSYoungGen: 60736K->320K(60928K)] 76926K->16510K(369664K), 0.0027481 secs] [Times: user=0.01 sys=0.00, real=0.00 secs] 
2019-01-01T01:12:16.396+0900: 29382.971: [GC (Allocation Failure) [PSYoungGen: 60736K->320K(60928K)] 76926K->16510K(369664K), 0.0027211 secs] [Times: user=0.02 sys=0.00, real=0.00 secs] 
2019-01-01T01:13:04.214+0900: 29430.790: [GC (Allocation Failure) [PSYoungGen: 60736K->320K(60928K)] 76926K->16510K(369664K), 0.0025049 secs] [Times: user=0.01 sys=0.00, real=0.00 secs] 
2019-01-01T01:13:51.922+0900: 29478.498: [GC (Allocation Failure) [PSYoungGen: 60736K->320K(60928K)] 76926K->16534K(369664K), 0.0023823 secs] [Times: user=0.00 sys=0.00, real=0.01 secs] 
2019-01-01T01:14:39.776+0900: 29526.352: [GC (Allocation Failure) [PSYoungGen: 60736K->256K(60928K)] 76950K->16494K(369664K), 0.0026793 secs] [Times: user=0.01 sys=0.00, real=0.00 secs] 
2019-01-01T01:15:27.327+0900: 29573.903: [GC (Allocation Failure) [PSYoungGen: 60672K->256K(60928K)] 76910K->16526K(369664K), 0.0029747 secs] [Times: user=0.02 sys=0.00, real=0.00 secs] 
2019-01-01T01:16:15.513+0900: 29622.089: [GC (Allocation Failure) [PSYoungGen: 60672K->320K(60928K)] 76942K->16590K(369664K), 0.0024931 secs] [Times: user=0.01 sys=0.00, real=0.01 secs] 
2019-01-01T01:17:03.449+0900: 29670.025: [GC (Allocation Failure) [PSYoungGen: 60736K->352K(60928K)] 77006K->16622K(369664K), 0.0028518 secs] [Times: user=0.01 sys=0.00, real=0.00 secs] 
2019-01-01T01:17:50.892+0900: 29717.468: [GC (Allocation Failure) [PSYoungGen: 60768K->320K(60928K)] 77038K->16590K(369664K), 0.0029232 secs] [Times: user=0.01 sys=0.00, real=0.01 secs] 
2019-01-01T01:18:38.678+0900: 29765.254: [GC (Allocation Failure) [PSYoungGen: 60736K->288K(60928K)] 77006K->16558K(369664K), 0.0024269 secs] [Times: user=0.02 sys=0.00, real=0.00 secs] 
2019-01-01T01:19:26.599+0900: 29813.174: [GC (Allocation Failure) [PSYoungGen: 60704K->320K(60928K)] 76974K->16590K(369664K), 0.0027496 secs] [Times: user=0.01 sys=0.00, real=0.00 secs] 
2019-01-01T01:20:14.466+0900: 29861.042: [GC (Allocation Failure) [PSYoungGen: 60736K->320K(60928K)] 77006K->16598K(369664K), 0.0024501 secs] [Times: user=0.01 sys=0.00, real=0.00 secs] 
2019-01-01T01:21:02.051+0900: 29908.627: [GC (Allocation Failure) [PSYoungGen: 60736K->320K(60928K)] 77014K->16598K(369664K), 0.0027838 secs] [Times: user=0.01 sys=0.00, real=0.01 secs] 
2019-01-01T01:21:49.843+0900: 29956.419: [GC (Allocation Failure) [PSYoungGen: 60736K->352K(60928K)] 77014K->16638K(369664K), 0.0024073 secs] [Times: user=0.01 sys=0.00, real=0.01 secs] 
2019-01-01T01:22:38.037+0900: 30004.613: [GC (Allocation Failure) [PSYoungGen: 60768K->320K(60928K)] 77054K->16606K(369664K), 0.0024600 secs] [Times: user=0.01 sys=0.00, real=0.00 secs] 
2019-01-01T01:23:25.907+0900: 30052.483: [GC (Allocation Failure) [PSYoungGen: 60736K->320K(60928K)] 77022K->16606K(369664K), 0.0023913 secs] [Times: user=0.01 sys=0.00, real=0.00 secs] 
2019-01-01T01:24:13.421+0900: 30099.997: [GC (Allocation Failure) [PSYoungGen: 60736K->288K(60928K)] 77022K->16574K(369664K), 0.0027036 secs] [Times: user=0.01 sys=0.00, real=0.00 secs] 
2019-01-01T01:25:01.294+0900: 30147.870: [GC (Allocation Failure) [PSYoungGen: 60704K->192K(60928K)] 76990K->16478K(369664K), 0.0030742 secs] [Times: user=0.01 sys=0.00, real=0.00 secs] 
2019-01-01T01:25:48.874+0900: 30195.450: [GC (Allocation Failure) [PSYoungGen: 60608K->320K(60928K)] 76894K->16606K(369664K), 0.0029170 secs] [Times: user=0.01 sys=0.00, real=0.00 secs] 
2019-01-01T01:26:36.570+0900: 30243.145: [GC (Allocation Failure) [PSYoungGen: 60736K->256K(60928K)] 77022K->16542K(369664K), 0.0025136 secs] [Times: user=0.02 sys=0.00, real=0.00 secs] 
2019-01-01T01:27:24.236+0900: 30290.812: [GC (Allocation Failure) [PSYoungGen: 60672K->352K(60928K)] 76958K->16638K(369664K), 0.0028625 secs] [Times: user=0.01 sys=0.00, real=0.00 secs] 
2019-01-01T01:28:11.959+0900: 30338.535: [GC (Allocation Failure) [PSYoungGen: 60768K->352K(60928K)] 77054K->16638K(369664K), 0.0026436 secs] [Times: user=0.02 sys=0.00, real=0.00 secs] 
2019-01-01T01:28:59.612+0900: 30386.188: [GC (Allocation Failure) [PSYoungGen: 60768K->256K(60928K)] 77054K->16542K(369664K), 0.0025509 secs] [Times: user=0.01 sys=0.00, real=0.01 secs] 
2019-01-01T01:29:47.181+0900: 30433.757: [GC (Allocation Failure) [PSYoungGen: 60672K->288K(60928K)] 76958K->16622K(369664K), 0.0028377 secs] [Times: user=0.01 sys=0.00, real=0.01 secs] 
2019-01-01T01:30:34.991+0900: 30481.567: [GC (Allocation Failure) [PSYoungGen: 60704K->288K(60928K)] 77038K->16622K(369664K), 0.0023236 secs] [Times: user=0.01 sys=0.00, real=0.00 secs] 
2019-01-01T01:31:23.047+0900: 30529.623: [GC (Allocation Failure) [PSYoungGen: 60704K->224K(60928K)] 77038K->16558K(369664K), 0.0025248 secs] [Times: user=0.01 sys=0.00, real=0.00 secs] 
2019-01-01T01:32:10.371+0900: 30576.947: [GC (Allocation Failure) [PSYoungGen: 60640K->352K(60928K)] 76974K->16686K(369664K), 0.0027750 secs] [Times: user=0.02 sys=0.00, real=0.01 secs] 
2019-01-01T01:32:57.790+0900: 30624.366: [GC (Allocation Failure) [PSYoungGen: 60768K->320K(60928K)] 77102K->16662K(369664K), 0.0023677 secs] [Times: user=0.01 sys=0.01, real=0.00 secs] 
2019-01-01T01:33:45.754+0900: 30672.329: [GC (Allocation Failure) [PSYoungGen: 60736K->352K(60928K)] 77078K->16694K(369664K), 0.0030139 secs] [Times: user=0.01 sys=0.00, real=0.01 secs] 
2019-01-01T01:34:33.879+0900: 30720.455: [GC (Allocation Failure) [PSYoungGen: 60768K->288K(60928K)] 77110K->16662K(369664K), 0.0027289 secs] [Times: user=0.01 sys=0.00, real=0.00 secs] 
2019-01-01T01:35:21.138+0900: 30767.714: [GC (Allocation Failure) [PSYoungGen: 60704K->352K(60928K)] 77078K->16726K(369664K), 0.0032099 secs] [Times: user=0.01 sys=0.01, real=0.00 secs] 
2019-01-01T01:36:09.329+0900: 30815.905: [GC (Allocation Failure) [PSYoungGen: 60768K->288K(60928K)] 77142K->16662K(369664K), 0.0024615 secs] [Times: user=0.01 sys=0.00, real=0.00 secs] 
2019-01-01T01:36:57.133+0900: 30863.709: [GC (Allocation Failure) [PSYoungGen: 60704K->320K(60928K)] 77078K->16694K(369664K), 0.0028933 secs] [Times: user=0.01 sys=0.00, real=0.01 secs] 
2019-01-01T01:37:44.712+0900: 30911.288: [GC (Allocation Failure) [PSYoungGen: 60736K->352K(60928K)] 77110K->16726K(369664K), 0.0027992 secs] [Times: user=0.01 sys=0.00, real=0.01 secs] 
2019-01-01T01:38:32.580+0900: 30959.156: [GC (Allocation Failure) [PSYoungGen: 60768K->352K(60928K)] 77142K->16750K(369664K), 0.0026195 secs] [Times: user=0.01 sys=0.00, real=0.00 secs] 
2019-01-01T01:39:20.147+0900: 31006.723: [GC (Allocation Failure) [PSYoungGen: 60768K->288K(60928K)] 77166K->16686K(369664K), 0.0027396 secs] [Times: user=0.01 sys=0.00, real=0.00 secs] 
2019-01-01T01:40:07.760+0900: 31054.336: [GC (Allocation Failure) [PSYoungGen: 60704K->352K(60928K)] 77102K->16750K(369664K), 0.0031390 secs] [Times: user=0.01 sys=0.00, real=0.01 secs] 
2019-01-01T01:40:55.514+0900: 31102.090: [GC (Allocation Failure) [PSYoungGen: 60768K->288K(60928K)] 77166K->16710K(369664K), 0.0027682 secs] [Times: user=0.01 sys=0.00, real=0.00 secs] 
2019-01-01T01:41:43.689+0900: 31150.265: [GC (Allocation Failure) [PSYoungGen: 60704K->352K(60928K)] 77126K->16774K(369664K), 0.0027531 secs] [Times: user=0.01 sys=0.00, real=0.00 secs] 
2019-01-01T01:42:31.568+0900: 31198.144: [GC (Allocation Failure) [PSYoungGen: 60768K->352K(60928K)] 77190K->16782K(369664K), 0.0027375 secs] [Times: user=0.01 sys=0.00, real=0.00 secs] 
2019-01-01T01:43:19.076+0900: 31245.652: [GC (Allocation Failure) [PSYoungGen: 60768K->320K(60928K)] 77198K->16750K(369664K), 0.0028486 secs] [Times: user=0.01 sys=0.00, real=0.00 secs] 
2019-01-01T01:44:06.729+0900: 31293.304: [GC (Allocation Failure) [PSYoungGen: 60736K->288K(60928K)] 77166K->16718K(369664K), 0.0028496 secs] [Times: user=0.01 sys=0.00, real=0.00 secs] 
2019-01-01T01:44:54.459+0900: 31341.035: [GC (Allocation Failure) [PSYoungGen: 60704K->320K(60928K)] 77134K->16766K(369664K), 0.0025306 secs] [Times: user=0.01 sys=0.00, real=0.00 secs] 
2019-01-01T01:45:42.078+0900: 31388.654: [GC (Allocation Failure) [PSYoungGen: 60736K->320K(60928K)] 77182K->16766K(369664K), 0.0024929 secs] [Times: user=0.00 sys=0.00, real=0.00 secs] 
2019-01-01T01:46:29.908+0900: 31436.484: [GC (Allocation Failure) [PSYoungGen: 60736K->320K(60928K)] 77182K->16766K(369664K), 0.0028398 secs] [Times: user=0.01 sys=0.00, real=0.00 secs] 
2019-01-01T01:47:17.999+0900: 31484.574: [GC (Allocation Failure) [PSYoungGen: 60736K->288K(60928K)] 77182K->16742K(369664K), 0.0027781 secs] [Times: user=0.01 sys=0.00, real=0.00 secs] 
2019-01-01T01:48:05.386+0900: 31531.962: [GC (Allocation Failure) [PSYoungGen: 60704K->320K(60928K)] 77158K->16774K(369664K), 0.0023348 secs] [Times: user=0.01 sys=0.00, real=0.00 secs] 
2019-01-01T01:48:53.175+0900: 31579.751: [GC (Allocation Failure) [PSYoungGen: 60736K->256K(60928K)] 77190K->16726K(369664K), 0.0026811 secs] [Times: user=0.01 sys=0.00, real=0.00 secs] 
2019-01-01T01:49:40.682+0900: 31627.258: [GC (Allocation Failure) [PSYoungGen: 60672K->320K(60928K)] 77142K->16790K(369664K), 0.0030410 secs] [Times: user=0.01 sys=0.01, real=0.01 secs] 
2019-01-01T01:50:28.764+0900: 31675.340: [GC (Allocation Failure) [PSYoungGen: 60736K->288K(60928K)] 77206K->16758K(369664K), 0.0025384 secs] [Times: user=0.01 sys=0.00, real=0.00 secs] 
2019-01-01T01:51:16.536+0900: 31723.112: [GC (Allocation Failure) [PSYoungGen: 60704K->288K(60928K)] 77174K->16758K(369664K), 0.0024186 secs] [Times: user=0.01 sys=0.00, real=0.00 secs] 
2019-01-01T01:52:04.484+0900: 31771.060: [GC (Allocation Failure) [PSYoungGen: 60704K->320K(60928K)] 77174K->16790K(369664K), 0.0026188 secs] [Times: user=0.01 sys=0.00, real=0.00 secs] 
2019-01-01T01:52:52.392+0900: 31818.968: [GC (Allocation Failure) [PSYoungGen: 60736K->256K(60928K)] 77206K->16726K(369664K), 0.0030270 secs] [Times: user=0.01 sys=0.00, real=0.01 secs] 
2019-01-01T01:53:40.089+0900: 31866.665: [GC (Allocation Failure) [PSYoungGen: 60672K->352K(60928K)] 77142K->16822K(369664K), 0.0027373 secs] [Times: user=0.01 sys=0.01, real=0.00 secs] 
2019-01-01T01:54:27.469+0900: 31914.045: [GC (Allocation Failure) [PSYoungGen: 60768K->320K(60928K)] 77238K->16790K(369664K), 0.0025377 secs] [Times: user=0.02 sys=0.00, real=0.00 secs] 
2019-01-01T01:55:15.081+0900: 31961.657: [GC (Allocation Failure) [PSYoungGen: 60736K->352K(60928K)] 77206K->16838K(369664K), 0.0030003 secs] [Times: user=0.01 sys=0.00, real=0.01 secs] 
2019-01-01T01:56:02.897+0900: 32009.473: [GC (Allocation Failure) [PSYoungGen: 60768K->288K(60928K)] 77254K->16774K(369664K), 0.0024044 secs] [Times: user=0.01 sys=0.00, real=0.00 secs] 
2019-01-01T01:56:50.326+0900: 32056.902: [GC (Allocation Failure) [PSYoungGen: 60704K->320K(60928K)] 77190K->16806K(369664K), 0.0029824 secs] [Times: user=0.01 sys=0.00, real=0.00 secs] 
2019-01-01T01:57:38.524+0900: 32105.100: [GC (Allocation Failure) [PSYoungGen: 60736K->320K(60928K)] 77222K->16806K(369664K), 0.0023442 secs] [Times: user=0.01 sys=0.00, real=0.00 secs] 
2019-01-01T01:58:26.260+0900: 32152.836: [GC (Allocation Failure) [PSYoungGen: 60736K->320K(60928K)] 77222K->16806K(369664K), 0.0028969 secs] [Times: user=0.01 sys=0.00, real=0.00 secs] 
2019-01-01T01:59:13.907+0900: 32200.483: [GC (Allocation Failure) [PSYoungGen: 60736K->288K(60928K)] 77222K->16774K(369664K), 0.0026450 secs] [Times: user=0.01 sys=0.00, real=0.00 secs] 
2019-01-01T02:00:01.590+0900: 32248.166: [GC (Allocation Failure) [PSYoungGen: 60704K->288K(60928K)] 77190K->16774K(369664K), 0.0024492 secs] [Times: user=0.01 sys=0.00, real=0.00 secs] 
2019-01-01T02:00:49.285+0900: 32295.861: [GC (Allocation Failure) [PSYoungGen: 60704K->288K(60928K)] 77190K->16774K(369664K), 0.0028897 secs] [Times: user=0.01 sys=0.00, real=0.00 secs] 
2019-01-01T02:01:37.476+0900: 32344.052: [GC (Allocation Failure) [PSYoungGen: 60704K->352K(60928K)] 77190K->16838K(369664K), 0.0029583 secs] [Times: user=0.01 sys=0.00, real=0.00 secs] 
2019-01-01T02:02:24.881+0900: 32391.457: [GC (Allocation Failure) [PSYoungGen: 60768K->224K(60928K)] 77254K->16710K(369664K), 0.0028197 secs] [Times: user=0.01 sys=0.00, real=0.01 secs] 
2019-01-01T02:03:12.854+0900: 32439.430: [GC (Allocation Failure) [PSYoungGen: 60640K->352K(60928K)] 77126K->16838K(369664K), 0.0024104 secs] [Times: user=0.01 sys=0.00, real=0.00 secs] 
2019-01-01T02:04:00.406+0900: 32486.982: [GC (Allocation Failure) [PSYoungGen: 60768K->352K(60928K)] 77254K->16838K(369664K), 0.0026695 secs] [Times: user=0.01 sys=0.00, real=0.00 secs] 
2019-01-01T02:04:48.096+0900: 32534.672: [GC (Allocation Failure) [PSYoungGen: 60768K->352K(60928K)] 77254K->16838K(369664K), 0.0028536 secs] [Times: user=0.01 sys=0.00, real=0.00 secs] 
2019-01-01T02:05:36.033+0900: 32582.609: [GC (Allocation Failure) [PSYoungGen: 60768K->352K(60928K)] 77254K->16838K(369664K), 0.0027933 secs] [Times: user=0.01 sys=0.00, real=0.01 secs] 
2019-01-01T02:06:23.643+0900: 32630.219: [GC (Allocation Failure) [PSYoungGen: 60768K->352K(60928K)] 77254K->16862K(369664K), 0.0028978 secs] [Times: user=0.01 sys=0.00, real=0.01 secs] 
2019-01-01T02:07:11.410+0900: 32677.986: [GC (Allocation Failure) [PSYoungGen: 60768K->352K(60928K)] 77278K->16862K(369664K), 0.0030281 secs] [Times: user=0.01 sys=0.00, real=0.00 secs] 
2019-01-01T02:07:59.320+0900: 32725.896: [GC (Allocation Failure) [PSYoungGen: 60768K->352K(60928K)] 77278K->16862K(369664K), 0.0027748 secs] [Times: user=0.01 sys=0.00, real=0.00 secs] 
2019-01-01T02:08:47.204+0900: 32773.780: [GC (Allocation Failure) [PSYoungGen: 60768K->352K(60928K)] 77278K->16870K(369664K), 0.0027762 secs] [Times: user=0.01 sys=0.00, real=0.00 secs] 
2019-01-01T02:09:35.235+0900: 32821.811: [GC (Allocation Failure) [PSYoungGen: 60768K->352K(60928K)] 77286K->16870K(369664K), 0.0027904 secs] [Times: user=0.01 sys=0.00, real=0.00 secs] 
2019-01-01T02:10:22.591+0900: 32869.167: [GC (Allocation Failure) [PSYoungGen: 60768K->352K(60928K)] 77286K->16870K(369664K), 0.0026145 secs] [Times: user=0.01 sys=0.00, real=0.01 secs] 
2019-01-01T02:11:10.497+0900: 32917.073: [GC (Allocation Failure) [PSYoungGen: 60768K->288K(60928K)] 77286K->16806K(369664K), 0.0024540 secs] [Times: user=0.01 sys=0.01, real=0.00 secs] 
2019-01-01T02:11:57.970+0900: 32964.546: [GC (Allocation Failure) [PSYoungGen: 60704K->320K(60928K)] 77222K->16838K(369664K), 0.0024152 secs] [Times: user=0.01 sys=0.00, real=0.00 secs] 
2019-01-01T02:12:45.722+0900: 33012.297: [GC (Allocation Failure) [PSYoungGen: 60736K->352K(60928K)] 77254K->16870K(369664K), 0.0031357 secs] [Times: user=0.01 sys=0.00, real=0.01 secs] 
2019-01-01T02:13:33.503+0900: 33060.079: [GC (Allocation Failure) [PSYoungGen: 60768K->320K(60928K)] 77286K->16838K(369664K), 0.0027077 secs] [Times: user=0.01 sys=0.01, real=0.01 secs] 
2019-01-01T02:14:21.536+0900: 33108.112: [GC (Allocation Failure) [PSYoungGen: 60736K->352K(60928K)] 77254K->16878K(369664K), 0.0027820 secs] [Times: user=0.01 sys=0.01, real=0.00 secs] 
2019-01-01T02:15:09.488+0900: 33156.064: [GC (Allocation Failure) [PSYoungGen: 60768K->288K(60928K)] 77294K->16822K(369664K), 0.0027653 secs] [Times: user=0.01 sys=0.00, real=0.00 secs] 
2019-01-01T02:15:57.048+0900: 33203.624: [GC (Allocation Failure) [PSYoungGen: 60704K->288K(60928K)] 77238K->16830K(369664K), 0.0031188 secs] [Times: user=0.01 sys=0.00, real=0.00 secs] 
2019-01-01T02:16:44.759+0900: 33251.335: [GC (Allocation Failure) [PSYoungGen: 60704K->352K(60928K)] 77246K->16894K(369664K), 0.0029626 secs] [Times: user=0.01 sys=0.00, real=0.00 secs] 
2019-01-01T02:17:32.430+0900: 33299.006: [GC (Allocation Failure) [PSYoungGen: 60768K->256K(60928K)] 77310K->16798K(369664K), 0.0027571 secs] [Times: user=0.01 sys=0.00, real=0.00 secs] 
2019-01-01T02:18:20.009+0900: 33346.585: [GC (Allocation Failure) [PSYoungGen: 60672K->352K(60928K)] 77214K->16902K(369664K), 0.0024642 secs] [Times: user=0.01 sys=0.00, real=0.00 secs] 
2019-01-01T02:19:07.858+0900: 33394.434: [GC (Allocation Failure) [PSYoungGen: 60768K->320K(60928K)] 77318K->16870K(369664K), 0.0026958 secs] [Times: user=0.01 sys=0.00, real=0.00 secs] 
2019-01-01T02:19:55.376+0900: 33441.952: [GC (Allocation Failure) [PSYoungGen: 60736K->288K(60928K)] 77286K->16838K(369664K), 0.0027238 secs] [Times: user=0.00 sys=0.00, real=0.00 secs] 
2019-01-01T02:20:43.043+0900: 33489.619: [GC (Allocation Failure) [PSYoungGen: 60704K->352K(60928K)] 77254K->16902K(369664K), 0.0025195 secs] [Times: user=0.02 sys=0.00, real=0.01 secs] 
2019-01-01T02:21:31.222+0900: 33537.798: [GC (Allocation Failure) [PSYoungGen: 60768K->320K(60928K)] 77318K->16870K(369664K), 0.0029969 secs] [Times: user=0.01 sys=0.00, real=0.01 secs] 
2019-01-01T02:22:18.957+0900: 33585.533: [GC (Allocation Failure) [PSYoungGen: 60736K->288K(60928K)] 77286K->16838K(369664K), 0.0028052 secs] [Times: user=0.02 sys=0.00, real=0.00 secs] 
2019-01-01T02:23:06.649+0900: 33633.225: [GC (Allocation Failure) [PSYoungGen: 60704K->320K(60928K)] 77254K->16878K(369664K), 0.0026363 secs] [Times: user=0.02 sys=0.00, real=0.00 secs] 
2019-01-01T02:23:54.690+0900: 33681.265: [GC (Allocation Failure) [PSYoungGen: 60736K->288K(60928K)] 77294K->16846K(369664K), 0.0029932 secs] [Times: user=0.01 sys=0.00, real=0.00 secs] 
2019-01-01T02:24:41.976+0900: 33728.552: [GC (Allocation Failure) [PSYoungGen: 60704K->256K(60928K)] 77262K->16822K(369664K), 0.0028768 secs] [Times: user=0.01 sys=0.00, real=0.00 secs] 
2019-01-01T02:25:29.684+0900: 33776.260: [GC (Allocation Failure) [PSYoungGen: 60672K->352K(60928K)] 77238K->16918K(369664K), 0.0025247 secs] [Times: user=0.00 sys=0.00, real=0.00 secs] 
2019-01-01T02:26:17.498+0900: 33824.074: [GC (Allocation Failure) [PSYoungGen: 60768K->352K(60928K)] 77334K->16918K(369664K), 0.0027908 secs] [Times: user=0.01 sys=0.00, real=0.00 secs] 
2019-01-01T02:27:05.360+0900: 33871.936: [GC (Allocation Failure) [PSYoungGen: 60768K->320K(60928K)] 77334K->16886K(369664K), 0.0022959 secs] [Times: user=0.01 sys=0.00, real=0.00 secs] 
2019-01-01T02:27:52.868+0900: 33919.444: [GC (Allocation Failure) [PSYoungGen: 60736K->320K(60928K)] 77302K->16886K(369664K), 0.0026021 secs] [Times: user=0.01 sys=0.01, real=0.00 secs] 
2019-01-01T02:28:40.625+0900: 33967.201: [GC (Allocation Failure) [PSYoungGen: 60736K->320K(60928K)] 77302K->16886K(369664K), 0.0026209 secs] [Times: user=0.01 sys=0.00, real=0.00 secs] 
2019-01-01T02:29:28.234+0900: 34014.810: [GC (Allocation Failure) [PSYoungGen: 60736K->320K(60928K)] 77302K->16886K(369664K), 0.0028119 secs] [Times: user=0.01 sys=0.00, real=0.00 secs] 
2019-01-01T02:30:16.290+0900: 34062.866: [GC (Allocation Failure) [PSYoungGen: 60736K->320K(60928K)] 77302K->16886K(369664K), 0.0025475 secs] [Times: user=0.01 sys=0.00, real=0.00 secs] 
2019-01-01T02:31:04.162+0900: 34110.738: [GC (Allocation Failure) [PSYoungGen: 60736K->288K(60928K)] 77302K->16854K(369664K), 0.0027929 secs] [Times: user=0.01 sys=0.01, real=0.01 secs] 
2019-01-01T02:31:51.905+0900: 34158.481: [GC (Allocation Failure) [PSYoungGen: 60704K->352K(60928K)] 77270K->16918K(369664K), 0.0028756 secs] [Times: user=0.01 sys=0.00, real=0.00 secs] 
2019-01-01T02:32:39.543+0900: 34206.119: [GC (Allocation Failure) [PSYoungGen: 60768K->320K(60928K)] 77334K->16886K(369664K), 0.0027170 secs] [Times: user=0.01 sys=0.00, real=0.01 secs] 
2019-01-01T02:33:27.042+0900: 34253.618: [GC (Allocation Failure) [PSYoungGen: 60736K->288K(60928K)] 77302K->16854K(369664K), 0.0023940 secs] [Times: user=0.01 sys=0.00, real=0.01 secs] 
2019-01-01T02:34:15.237+0900: 34301.813: [GC (Allocation Failure) [PSYoungGen: 60704K->352K(60928K)] 77270K->16918K(369664K), 0.0023162 secs] [Times: user=0.01 sys=0.00, real=0.00 secs] 
2019-01-01T02:35:03.043+0900: 34349.619: [GC (Allocation Failure) [PSYoungGen: 60768K->352K(60928K)] 77334K->16926K(369664K), 0.0027134 secs] [Times: user=0.01 sys=0.00, real=0.01 secs] 
2019-01-01T02:35:50.619+0900: 34397.195: [GC (Allocation Failure) [PSYoungGen: 60768K->288K(60928K)] 77342K->16862K(369664K), 0.0023450 secs] [Times: user=0.01 sys=0.00, real=0.00 secs] 
2019-01-01T02:36:38.506+0900: 34445.081: [GC (Allocation Failure) [PSYoungGen: 60704K->352K(60928K)] 77278K->16926K(369664K), 0.0023623 secs] [Times: user=0.01 sys=0.00, real=0.00 secs] 
2019-01-01T02:37:26.305+0900: 34492.880: [GC (Allocation Failure) [PSYoungGen: 60768K->352K(60928K)] 77342K->16926K(369664K), 0.0024791 secs] [Times: user=0.01 sys=0.00, real=0.00 secs] 
2019-01-01T02:38:13.955+0900: 34540.531: [GC (Allocation Failure) [PSYoungGen: 60768K->352K(60928K)] 77342K->16926K(369664K), 0.0024750 secs] [Times: user=0.01 sys=0.00, real=0.00 secs] 
2019-01-01T02:39:01.584+0900: 34588.160: [GC (Allocation Failure) [PSYoungGen: 60768K->352K(60928K)] 77342K->16926K(369664K), 0.0028347 secs] [Times: user=0.01 sys=0.00, real=0.00 secs] 
2019-01-01T02:39:49.550+0900: 34636.126: [GC (Allocation Failure) [PSYoungGen: 60768K->352K(60928K)] 77342K->16926K(369664K), 0.0027747 secs] [Times: user=0.01 sys=0.00, real=0.00 secs] 
2019-01-01T02:40:37.424+0900: 34684.000: [GC (Allocation Failure) [PSYoungGen: 60768K->320K(60928K)] 77342K->16894K(369664K), 0.0025952 secs] [Times: user=0.01 sys=0.00, real=0.00 secs] 
2019-01-01T02:41:24.933+0900: 34731.509: [GC (Allocation Failure) [PSYoungGen: 60736K->352K(60928K)] 77310K->16934K(369664K), 0.0028325 secs] [Times: user=0.01 sys=0.00, real=0.01 secs] 
2019-01-01T02:42:13.111+0900: 34779.687: [GC (Allocation Failure) [PSYoungGen: 60768K->256K(60928K)] 77350K->16838K(369664K), 0.0026353 secs] [Times: user=0.01 sys=0.00, real=0.01 secs] 
2019-01-01T02:43:00.532+0900: 34827.108: [GC (Allocation Failure) [PSYoungGen: 60672K->320K(60928K)] 77254K->16902K(369664K), 0.0025449 secs] [Times: user=0.01 sys=0.00, real=0.01 secs] 
2019-01-01T02:43:48.294+0900: 34874.870: [GC (Allocation Failure) [PSYoungGen: 60736K->320K(60928K)] 77318K->16902K(369664K), 0.0026764 secs] [Times: user=0.01 sys=0.00, real=0.00 secs] 
2019-01-01T02:44:36.310+0900: 34922.886: [GC (Allocation Failure) [PSYoungGen: 60736K->320K(60928K)] 77318K->16918K(369664K), 0.0029034 secs] [Times: user=0.01 sys=0.00, real=0.00 secs] 
2019-01-01T02:45:24.155+0900: 34970.731: [GC (Allocation Failure) [PSYoungGen: 60736K->256K(60928K)] 77334K->16902K(369664K), 0.0024170 secs] [Times: user=0.01 sys=0.00, real=0.00 secs] 
2019-01-01T02:46:11.816+0900: 35018.392: [GC (Allocation Failure) [PSYoungGen: 60672K->320K(60928K)] 77318K->16966K(369664K), 0.0027548 secs] [Times: user=0.01 sys=0.00, real=0.00 secs] 
2019-01-01T02:46:59.259+0900: 35065.834: [GC (Allocation Failure) [PSYoungGen: 60736K->320K(60928K)] 77382K->16966K(369664K), 0.0028089 secs] [Times: user=0.01 sys=0.00, real=0.00 secs] 
2019-01-01T02:47:46.860+0900: 35113.436: [GC (Allocation Failure) [PSYoungGen: 60736K->320K(60928K)] 77382K->16998K(369664K), 0.0032284 secs] [Times: user=0.01 sys=0.00, real=0.00 secs] 
2019-01-01T02:48:34.726+0900: 35161.302: [GC (Allocation Failure) [PSYoungGen: 60736K->288K(60928K)] 77414K->16966K(369664K), 0.0028521 secs] [Times: user=0.01 sys=0.00, real=0.00 secs] 
2019-01-01T02:49:22.482+0900: 35209.058: [GC (Allocation Failure) [PSYoungGen: 60704K->320K(60928K)] 77382K->16998K(369664K), 0.0028553 secs] [Times: user=0.01 sys=0.00, real=0.01 secs] 
2019-01-01T02:50:10.415+0900: 35256.991: [GC (Allocation Failure) [PSYoungGen: 60736K->288K(60928K)] 77414K->16966K(369664K), 0.0024313 secs] [Times: user=0.01 sys=0.00, real=0.00 secs] 
2019-01-01T02:50:58.228+0900: 35304.804: [GC (Allocation Failure) [PSYoungGen: 60704K->256K(60928K)] 77382K->16934K(369664K), 0.0027079 secs] [Times: user=0.02 sys=0.00, real=0.00 secs] 
2019-01-01T02:51:46.257+0900: 35352.833: [GC (Allocation Failure) [PSYoungGen: 60672K->320K(60928K)] 77350K->16998K(369664K), 0.0023443 secs] [Times: user=0.01 sys=0.00, real=0.00 secs] 
2019-01-01T02:52:33.702+0900: 35400.278: [GC (Allocation Failure) [PSYoungGen: 60736K->288K(60928K)] 77414K->16966K(369664K), 0.0024275 secs] [Times: user=0.00 sys=0.00, real=0.01 secs] 
2019-01-01T02:53:21.737+0900: 35448.313: [GC (Allocation Failure) [PSYoungGen: 60704K->320K(60928K)] 77382K->16998K(369664K), 0.0029041 secs] [Times: user=0.01 sys=0.00, real=0.00 secs] 
2019-01-01T02:54:09.616+0900: 35496.192: [GC (Allocation Failure) [PSYoungGen: 60736K->320K(60928K)] 77414K->16998K(369664K), 0.0027732 secs] [Times: user=0.01 sys=0.00, real=0.00 secs] 
2019-01-01T02:54:57.354+0900: 35543.930: [GC (Allocation Failure) [PSYoungGen: 60736K->256K(60928K)] 77414K->16934K(369664K), 0.0028424 secs] [Times: user=0.01 sys=0.00, real=0.00 secs] 
2019-01-01T02:55:45.071+0900: 35591.647: [GC (Allocation Failure) [PSYoungGen: 60672K->256K(60928K)] 77350K->16934K(369664K), 0.0026202 secs] [Times: user=0.01 sys=0.00, real=0.00 secs] 
2019-01-01T02:56:32.622+0900: 35639.198: [GC (Allocation Failure) [PSYoungGen: 60672K->352K(60928K)] 77350K->17030K(369664K), 0.0025117 secs] [Times: user=0.02 sys=0.00, real=0.01 secs] 
2019-01-01T02:57:20.295+0900: 35686.871: [GC (Allocation Failure) [PSYoungGen: 60768K->320K(60928K)] 77446K->17030K(369664K), 0.0026841 secs] [Times: user=0.02 sys=0.00, real=0.00 secs] 
2019-01-01T02:58:08.101+0900: 35734.677: [GC (Allocation Failure) [PSYoungGen: 60736K->288K(60928K)] 77446K->16998K(369664K), 0.0026364 secs] [Times: user=0.01 sys=0.00, real=0.00 secs] 
2019-01-01T02:58:56.124+0900: 35782.700: [GC (Allocation Failure) [PSYoungGen: 60704K->288K(60928K)] 77414K->16998K(369664K), 0.0029723 secs] [Times: user=0.01 sys=0.00, real=0.00 secs] 
2019-01-01T02:59:43.983+0900: 35830.559: [GC (Allocation Failure) [PSYoungGen: 60704K->256K(60928K)] 77414K->16966K(369664K), 0.0028563 secs] [Times: user=0.01 sys=0.00, real=0.01 secs] 
2019-01-01T03:00:31.780+0900: 35878.356: [GC (Allocation Failure) [PSYoungGen: 60672K->320K(60928K)] 77382K->17030K(369664K), 0.0026291 secs] [Times: user=0.01 sys=0.00, real=0.00 secs] 
2019-01-01T03:01:19.651+0900: 35926.227: [GC (Allocation Failure) [PSYoungGen: 60736K->256K(60928K)] 77446K->16966K(369664K), 0.0028669 secs] [Times: user=0.01 sys=0.00, real=0.01 secs] 
2019-01-01T03:02:06.950+0900: 35973.526: [GC (Allocation Failure) [PSYoungGen: 60672K->320K(60928K)] 77382K->17030K(369664K), 0.0026876 secs] [Times: user=0.01 sys=0.00, real=0.00 secs] 
2019-01-01T03:02:54.602+0900: 36021.178: [GC (Allocation Failure) [PSYoungGen: 60736K->352K(60928K)] 77446K->17062K(369664K), 0.0024260 secs] [Times: user=0.01 sys=0.00, real=0.01 secs] 
2019-01-01T03:03:42.438+0900: 36069.014: [GC (Allocation Failure) [PSYoungGen: 60768K->288K(60928K)] 77478K->16998K(369664K), 0.0026325 secs] [Times: user=0.01 sys=0.00, real=0.00 secs] 
2019-01-01T03:04:30.414+0900: 36116.990: [GC (Allocation Failure) [PSYoungGen: 60704K->320K(60928K)] 77414K->17030K(369664K), 0.0025345 secs] [Times: user=0.01 sys=0.00, real=0.00 secs] 
2019-01-01T03:05:17.624+0900: 36164.200: [GC (Allocation Failure) [PSYoungGen: 60736K->288K(60928K)] 77446K->16998K(369664K), 0.0030638 secs] [Times: user=0.01 sys=0.00, real=0.00 secs] 
2019-01-01T03:06:05.344+0900: 36211.920: [GC (Allocation Failure) [PSYoungGen: 60704K->352K(60928K)] 77414K->17062K(369664K), 0.0026927 secs] [Times: user=0.01 sys=0.00, real=0.00 secs] 
2019-01-01T03:06:53.012+0900: 36259.588: [GC (Allocation Failure) [PSYoungGen: 60768K->320K(60928K)] 77478K->17030K(369664K), 0.0026114 secs] [Times: user=0.02 sys=0.00, real=0.01 secs] 
2019-01-01T03:07:40.776+0900: 36307.352: [GC (Allocation Failure) [PSYoungGen: 60736K->352K(60928K)] 77446K->17110K(369664K), 0.0026607 secs] [Times: user=0.02 sys=0.00, real=0.00 secs] 
2019-01-01T03:08:28.454+0900: 36355.030: [GC (Allocation Failure) [PSYoungGen: 60768K->320K(60928K)] 77526K->17078K(369664K), 0.0028268 secs] [Times: user=0.01 sys=0.00, real=0.00 secs] 
2019-01-01T03:09:16.596+0900: 36403.172: [GC (Allocation Failure) [PSYoungGen: 60736K->320K(60928K)] 77494K->17078K(369664K), 0.0027782 secs] [Times: user=0.01 sys=0.00, real=0.00 secs] 
2019-01-01T03:10:04.457+0900: 36451.033: [GC (Allocation Failure) [PSYoungGen: 60736K->256K(60928K)] 77494K->17014K(369664K), 0.0024256 secs] [Times: user=0.01 sys=0.00, real=0.00 secs] 
2019-01-01T03:10:51.984+0900: 36498.560: [GC (Allocation Failure) [PSYoungGen: 60672K->352K(60928K)] 77430K->17110K(369664K), 0.0029598 secs] [Times: user=0.01 sys=0.00, real=0.01 secs] 
2019-01-01T03:11:39.732+0900: 36546.308: [GC (Allocation Failure) [PSYoungGen: 60768K->320K(60928K)] 77526K->17078K(369664K), 0.0023653 secs] [Times: user=0.01 sys=0.00, real=0.01 secs] 
2019-01-01T03:12:27.693+0900: 36594.269: [GC (Allocation Failure) [PSYoungGen: 60736K->288K(60928K)] 77494K->17046K(369664K), 0.0029099 secs] [Times: user=0.01 sys=0.01, real=0.01 secs] 
2019-01-01T03:13:15.549+0900: 36642.125: [GC (Allocation Failure) [PSYoungGen: 60704K->320K(60928K)] 77462K->17078K(369664K), 0.0029059 secs] [Times: user=0.01 sys=0.00, real=0.00 secs] 
2019-01-01T03:14:03.180+0900: 36689.756: [GC (Allocation Failure) [PSYoungGen: 60736K->288K(60928K)] 77494K->17046K(369664K), 0.0024998 secs] [Times: user=0.02 sys=0.00, real=0.00 secs] 
2019-01-01T03:14:51.171+0900: 36737.747: [GC (Allocation Failure) [PSYoungGen: 60704K->320K(60928K)] 77462K->17086K(369664K), 0.0026519 secs] [Times: user=0.01 sys=0.00, real=0.01 secs] 
2019-01-01T03:15:39.080+0900: 36785.656: [GC (Allocation Failure) [PSYoungGen: 60736K->288K(60928K)] 77502K->17086K(369664K), 0.0027457 secs] [Times: user=0.01 sys=0.00, real=0.00 secs] 
2019-01-01T03:16:26.656+0900: 36833.232: [GC (Allocation Failure) [PSYoungGen: 60704K->288K(60928K)] 77502K->17086K(369664K), 0.0027947 secs] [Times: user=0.01 sys=0.00, real=0.00 secs] 
2019-01-01T03:17:14.343+0900: 36880.919: [GC (Allocation Failure) [PSYoungGen: 60704K->288K(60928K)] 77502K->17118K(369664K), 0.0028061 secs] [Times: user=0.01 sys=0.00, real=0.01 secs] 
2019-01-01T03:18:01.731+0900: 36928.307: [GC (Allocation Failure) [PSYoungGen: 60704K->320K(60928K)] 77534K->17150K(369664K), 0.0027926 secs] [Times: user=0.01 sys=0.00, real=0.01 secs] 
2019-01-01T03:18:49.376+0900: 36975.952: [GC (Allocation Failure) [PSYoungGen: 60736K->256K(60928K)] 77566K->17086K(369664K), 0.0030245 secs] [Times: user=0.01 sys=0.00, real=0.00 secs] 
2019-01-01T03:19:37.167+0900: 37023.743: [GC (Allocation Failure) [PSYoungGen: 60672K->288K(60928K)] 77502K->17118K(369664K), 0.0028584 secs] [Times: user=0.01 sys=0.00, real=0.00 secs] 
2019-01-01T03:20:24.873+0900: 37071.449: [GC (Allocation Failure) [PSYoungGen: 60704K->320K(60928K)] 77534K->17150K(369664K), 0.0028227 secs] [Times: user=0.01 sys=0.00, real=0.01 secs] 
2019-01-01T03:21:12.432+0900: 37119.008: [GC (Allocation Failure) [PSYoungGen: 60736K->256K(60928K)] 77566K->17086K(369664K), 0.0025496 secs] [Times: user=0.01 sys=0.00, real=0.01 secs] 
2019-01-01T03:22:00.273+0900: 37166.849: [GC (Allocation Failure) [PSYoungGen: 60672K->320K(60928K)] 77502K->17150K(369664K), 0.0029292 secs] [Times: user=0.02 sys=0.00, real=0.01 secs] 
2019-01-01T03:22:47.957+0900: 37214.533: [GC (Allocation Failure) [PSYoungGen: 60736K->288K(60928K)] 77566K->17118K(369664K), 0.0029341 secs] [Times: user=0.01 sys=0.00, real=0.00 secs] 
2019-01-01T03:23:35.899+0900: 37262.474: [GC (Allocation Failure) [PSYoungGen: 60704K->288K(60928K)] 77534K->17118K(369664K), 0.0023237 secs] [Times: user=0.01 sys=0.00, real=0.00 secs] 
2019-01-01T03:24:23.213+0900: 37309.789: [GC (Allocation Failure) [PSYoungGen: 60704K->320K(60928K)] 77534K->17150K(369664K), 0.0025479 secs] [Times: user=0.01 sys=0.00, real=0.01 secs] 
2019-01-01T03:25:11.351+0900: 37357.927: [GC (Allocation Failure) [PSYoungGen: 60736K->256K(60928K)] 77566K->17086K(369664K), 0.0031288 secs] [Times: user=0.01 sys=0.00, real=0.01 secs] 
2019-01-01T03:25:59.097+0900: 37405.673: [GC (Allocation Failure) [PSYoungGen: 60672K->288K(60928K)] 77502K->17118K(369664K), 0.0031432 secs] [Times: user=0.01 sys=0.00, real=0.00 secs] 
2019-01-01T03:26:46.866+0900: 37453.442: [GC (Allocation Failure) [PSYoungGen: 60704K->352K(60928K)] 77534K->17182K(369664K), 0.0025196 secs] [Times: user=0.00 sys=0.01, real=0.00 secs] 
2019-01-01T03:27:34.695+0900: 37501.271: [GC (Allocation Failure) [PSYoungGen: 60768K->320K(60928K)] 77598K->17150K(369664K), 0.0027686 secs] [Times: user=0.02 sys=0.00, real=0.00 secs] 
2019-01-01T03:28:22.274+0900: 37548.850: [GC (Allocation Failure) [PSYoungGen: 60736K->320K(60928K)] 77566K->17150K(369664K), 0.0028829 secs] [Times: user=0.01 sys=0.00, real=0.00 secs] 
2019-01-01T03:29:09.901+0900: 37596.477: [GC (Allocation Failure) [PSYoungGen: 60736K->320K(60928K)] 77566K->17150K(369664K), 0.0023513 secs] [Times: user=0.01 sys=0.00, real=0.00 secs] 
2019-01-01T03:29:57.543+0900: 37644.119: [GC (Allocation Failure) [PSYoungGen: 60736K->320K(60928K)] 77566K->17150K(369664K), 0.0027274 secs] [Times: user=0.01 sys=0.00, real=0.01 secs] 
2019-01-01T03:30:45.076+0900: 37691.652: [GC (Allocation Failure) [PSYoungGen: 60736K->288K(60928K)] 77566K->17118K(369664K), 0.0023938 secs] [Times: user=0.01 sys=0.00, real=0.00 secs] 
2019-01-01T03:31:32.955+0900: 37739.531: [GC (Allocation Failure) [PSYoungGen: 60704K->288K(60928K)] 77534K->17118K(369664K), 0.0028085 secs] [Times: user=0.01 sys=0.00, real=0.00 secs] 
2019-01-01T03:32:20.870+0900: 37787.446: [GC (Allocation Failure) [PSYoungGen: 60704K->288K(60928K)] 77534K->17118K(369664K), 0.0024853 secs] [Times: user=0.01 sys=0.00, real=0.00 secs] 
2019-01-01T03:33:08.215+0900: 37834.791: [GC (Allocation Failure) [PSYoungGen: 60704K->288K(60928K)] 77534K->17118K(369664K), 0.0029126 secs] [Times: user=0.01 sys=0.00, real=0.00 secs] 
2019-01-01T03:33:55.816+0900: 37882.392: [GC (Allocation Failure) [PSYoungGen: 60704K->288K(60928K)] 77534K->17118K(369664K), 0.0023416 secs] [Times: user=0.01 sys=0.00, real=0.00 secs] 
2019-01-01T03:34:43.584+0900: 37930.160: [GC (Allocation Failure) [PSYoungGen: 60704K->288K(60928K)] 77534K->17118K(369664K), 0.0026988 secs] [Times: user=0.01 sys=0.00, real=0.00 secs] 
2019-01-01T03:35:31.297+0900: 37977.873: [GC (Allocation Failure) [PSYoungGen: 60704K->352K(60928K)] 77534K->17182K(369664K), 0.0024850 secs] [Times: user=0.01 sys=0.00, real=0.00 secs] 
2019-01-01T03:36:18.972+0900: 38025.548: [GC (Allocation Failure) [PSYoungGen: 60768K->352K(60928K)] 77598K->17182K(369664K), 0.0029637 secs] [Times: user=0.01 sys=0.00, real=0.01 secs] 
2019-01-01T03:37:06.356+0900: 38072.932: [GC (Allocation Failure) [PSYoungGen: 60768K->320K(60928K)] 77598K->17190K(369664K), 0.0028118 secs] [Times: user=0.01 sys=0.01, real=0.00 secs] 
2019-01-01T03:37:54.344+0900: 38120.920: [GC (Allocation Failure) [PSYoungGen: 60736K->320K(60928K)] 77606K->17190K(369664K), 0.0031818 secs] [Times: user=0.01 sys=0.00, real=0.00 secs] 
2019-01-01T03:38:42.047+0900: 38168.623: [GC (Allocation Failure) [PSYoungGen: 60736K->320K(60928K)] 77606K->17190K(369664K), 0.0027119 secs] [Times: user=0.02 sys=0.00, real=0.00 secs] 
2019-01-01T03:39:29.811+0900: 38216.387: [GC (Allocation Failure) [PSYoungGen: 60736K->288K(60928K)] 77606K->17158K(369664K), 0.0029343 secs] [Times: user=0.02 sys=0.00, real=0.01 secs] 
2019-01-01T03:40:17.722+0900: 38264.298: [GC (Allocation Failure) [PSYoungGen: 60704K->352K(60928K)] 77574K->17222K(369664K), 0.0027740 secs] [Times: user=0.01 sys=0.00, real=0.01 secs] 
2019-01-01T03:41:05.521+0900: 38312.097: [GC (Allocation Failure) [PSYoungGen: 60768K->352K(60928K)] 77638K->17230K(369664K), 0.0027928 secs] [Times: user=0.01 sys=0.00, real=0.01 secs] 
2019-01-01T03:41:53.285+0900: 38359.861: [GC (Allocation Failure) [PSYoungGen: 60768K->320K(60928K)] 77646K->17198K(369664K), 0.0028751 secs] [Times: user=0.01 sys=0.01, real=0.00 secs] 
2019-01-01T03:42:41.011+0900: 38407.587: [GC (Allocation Failure) [PSYoungGen: 60736K->320K(60928K)] 77614K->17198K(369664K), 0.0029667 secs] [Times: user=0.01 sys=0.00, real=0.01 secs] 
2019-01-01T03:43:28.875+0900: 38455.451: [GC (Allocation Failure) [PSYoungGen: 60736K->352K(60928K)] 77614K->17230K(369664K), 0.0025665 secs] [Times: user=0.01 sys=0.00, real=0.00 secs] 
2019-01-01T03:44:16.487+0900: 38503.063: [GC (Allocation Failure) [PSYoungGen: 60768K->320K(60928K)] 77646K->17198K(369664K), 0.0028780 secs] [Times: user=0.01 sys=0.00, real=0.00 secs] 
2019-01-01T03:45:04.036+0900: 38550.612: [GC (Allocation Failure) [PSYoungGen: 60736K->224K(60928K)] 77614K->17134K(369664K), 0.0027821 secs] [Times: user=0.01 sys=0.00, real=0.00 secs] 
2019-01-01T03:45:52.051+0900: 38598.627: [GC (Allocation Failure) [PSYoungGen: 60640K->352K(60928K)] 77550K->17262K(369664K), 0.0028426 secs] [Times: user=0.01 sys=0.00, real=0.01 secs] 
2019-01-01T03:46:39.940+0900: 38646.516: [GC (Allocation Failure) [PSYoungGen: 60768K->288K(60928K)] 77678K->17198K(369664K), 0.0027914 secs] [Times: user=0.01 sys=0.00, real=0.00 secs] 
2019-01-01T03:47:27.795+0900: 38694.371: [GC (Allocation Failure) [PSYoungGen: 60704K->320K(60928K)] 77614K->17230K(369664K), 0.0025151 secs] [Times: user=0.01 sys=0.00, real=0.00 secs] 
2019-01-01T03:48:15.790+0900: 38742.366: [GC (Allocation Failure) [PSYoungGen: 60736K->352K(60928K)] 77646K->17286K(369664K), 0.0024239 secs] [Times: user=0.01 sys=0.00, real=0.00 secs] 
2019-01-01T03:49:03.554+0900: 38790.130: [GC (Allocation Failure) [PSYoungGen: 60768K->288K(60928K)] 77702K->17222K(369664K), 0.0026890 secs] [Times: user=0.01 sys=0.00, real=0.00 secs] 
2019-01-01T03:49:51.276+0900: 38837.852: [GC (Allocation Failure) [PSYoungGen: 60704K->288K(60928K)] 77638K->17222K(369664K), 0.0027929 secs] [Times: user=0.01 sys=0.00, real=0.00 secs] 
2019-01-01T03:50:39.353+0900: 38885.928: [GC (Allocation Failure) [PSYoungGen: 60704K->320K(60928K)] 77638K->17254K(369664K), 0.0026596 secs] [Times: user=0.01 sys=0.00, real=0.01 secs] 
2019-01-01T03:51:26.938+0900: 38933.514: [GC (Allocation Failure) [PSYoungGen: 60736K->352K(60928K)] 77670K->17286K(369664K), 0.0026969 secs] [Times: user=0.01 sys=0.00, real=0.00 secs] 
2019-01-01T03:52:14.733+0900: 38981.309: [GC (Allocation Failure) [PSYoungGen: 60768K->256K(60928K)] 77702K->17190K(369664K), 0.0028571 secs] [Times: user=0.01 sys=0.00, real=0.01 secs] 
2019-01-01T03:53:02.730+0900: 39029.306: [GC (Allocation Failure) [PSYoungGen: 60672K->224K(60928K)] 77606K->17166K(369664K), 0.0024286 secs] [Times: user=0.01 sys=0.00, real=0.00 secs] 
2019-01-01T03:53:50.113+0900: 39076.689: [GC (Allocation Failure) [PSYoungGen: 60640K->256K(60928K)] 77582K->17198K(369664K), 0.0024254 secs] [Times: user=0.01 sys=0.00, real=0.01 secs] 
2019-01-01T03:54:38.073+0900: 39124.649: [GC (Allocation Failure) [PSYoungGen: 60672K->352K(60928K)] 77614K->17294K(369664K), 0.0025056 secs] [Times: user=0.01 sys=0.01, real=0.01 secs] 
2019-01-01T03:55:25.555+0900: 39172.131: [GC (Allocation Failure) [PSYoungGen: 60768K->320K(60928K)] 77710K->17262K(369664K), 0.0030534 secs] [Times: user=0.01 sys=0.00, real=0.00 secs] 
2019-01-01T03:56:13.372+0900: 39219.948: [GC (Allocation Failure) [PSYoungGen: 60736K->288K(60928K)] 77678K->17230K(369664K), 0.0032496 secs] [Times: user=0.02 sys=0.00, real=0.01 secs] 
2019-01-01T03:57:01.010+0900: 39267.586: [GC (Allocation Failure) [PSYoungGen: 60704K->352K(60928K)] 77646K->17294K(369664K), 0.0028266 secs] [Times: user=0.01 sys=0.00, real=0.00 secs] 
2019-01-01T03:57:49.114+0900: 39315.690: [GC (Allocation Failure) [PSYoungGen: 60768K->256K(60928K)] 77710K->17198K(369664K), 0.0027873 secs] [Times: user=0.01 sys=0.00, real=0.00 secs] 
2019-01-01T03:58:36.999+0900: 39363.575: [GC (Allocation Failure) [PSYoungGen: 60672K->288K(60928K)] 77614K->17230K(369664K), 0.0024684 secs] [Times: user=0.02 sys=0.00, real=0.00 secs] 
2019-01-01T03:59:24.545+0900: 39411.121: [GC (Allocation Failure) [PSYoungGen: 60704K->288K(60928K)] 77646K->17230K(369664K), 0.0029229 secs] [Times: user=0.01 sys=0.00, real=0.00 secs] 
2019-01-01T04:00:12.507+0900: 39459.083: [GC (Allocation Failure) [PSYoungGen: 60704K->288K(60928K)] 77646K->17230K(369664K), 0.0026504 secs] [Times: user=0.01 sys=0.00, real=0.00 secs] 
2019-01-01T04:01:00.128+0900: 39506.704: [GC (Allocation Failure) [PSYoungGen: 60704K->352K(60928K)] 77646K->17294K(369664K), 0.0024797 secs] [Times: user=0.01 sys=0.00, real=0.00 secs] 
2019-01-01T04:01:48.105+0900: 39554.681: [GC (Allocation Failure) [PSYoungGen: 60768K->320K(60928K)] 77710K->17262K(369664K), 0.0031004 secs] [Times: user=0.01 sys=0.00, real=0.00 secs] 
2019-01-01T04:02:35.871+0900: 39602.447: [GC (Allocation Failure) [PSYoungGen: 60736K->352K(60928K)] 77678K->17294K(369664K), 0.0027974 secs] [Times: user=0.01 sys=0.00, real=0.01 secs] 
2019-01-01T04:03:23.571+0900: 39650.147: [GC (Allocation Failure) [PSYoungGen: 60768K->288K(60928K)] 77710K->17230K(369664K), 0.0033015 secs] [Times: user=0.01 sys=0.00, real=0.01 secs] 
2019-01-01T04:04:11.570+0900: 39698.146: [GC (Allocation Failure) [PSYoungGen: 60704K->352K(60928K)] 77646K->17294K(369664K), 0.0023866 secs] [Times: user=0.01 sys=0.00, real=0.00 secs] 
2019-01-01T04:04:59.019+0900: 39745.595: [GC (Allocation Failure) [PSYoungGen: 60768K->256K(60928K)] 77710K->17198K(369664K), 0.0030579 secs] [Times: user=0.01 sys=0.00, real=0.00 secs] 
2019-01-01T04:05:46.721+0900: 39793.297: [GC (Allocation Failure) [PSYoungGen: 60672K->256K(60928K)] 77614K->17198K(369664K), 0.0027387 secs] [Times: user=0.00 sys=0.00, real=0.01 secs] 
2019-01-01T04:06:34.547+0900: 39841.123: [GC (Allocation Failure) [PSYoungGen: 60672K->352K(60928K)] 77614K->17294K(369664K), 0.0027103 secs] [Times: user=0.01 sys=0.00, real=0.00 secs] 
2019-01-01T04:07:22.422+0900: 39888.998: [GC (Allocation Failure) [PSYoungGen: 60768K->352K(60928K)] 77710K->17302K(369664K), 0.0028725 secs] [Times: user=0.01 sys=0.00, real=0.01 secs] 
2019-01-01T04:08:10.425+0900: 39937.001: [GC (Allocation Failure) [PSYoungGen: 60768K->352K(60928K)] 77718K->17302K(369664K), 0.0030084 secs] [Times: user=0.01 sys=0.00, real=0.00 secs] 
2019-01-01T04:08:57.802+0900: 39984.378: [GC (Allocation Failure) [PSYoungGen: 60768K->352K(60928K)] 77718K->17302K(369664K), 0.0031418 secs] [Times: user=0.01 sys=0.01, real=0.01 secs] 
2019-01-01T04:09:45.553+0900: 40032.129: [GC (Allocation Failure) [PSYoungGen: 60768K->320K(60928K)] 77718K->17270K(369664K), 0.0025777 secs] [Times: user=0.01 sys=0.00, real=0.01 secs] 
2019-01-01T04:10:33.538+0900: 40080.114: [GC (Allocation Failure) [PSYoungGen: 60736K->288K(60928K)] 77686K->17238K(369664K), 0.0027949 secs] [Times: user=0.01 sys=0.00, real=0.00 secs] 
2019-01-01T04:11:21.365+0900: 40127.941: [GC (Allocation Failure) [PSYoungGen: 60704K->320K(60928K)] 77654K->17270K(369664K), 0.0028161 secs] [Times: user=0.01 sys=0.00, real=0.00 secs] 
2019-01-01T04:12:09.279+0900: 40175.855: [GC (Allocation Failure) [PSYoungGen: 60736K->288K(60928K)] 77686K->17238K(369664K), 0.0027971 secs] [Times: user=0.01 sys=0.00, real=0.00 secs] 
2019-01-01T04:12:57.172+0900: 40223.748: [GC (Allocation Failure) [PSYoungGen: 60704K->352K(60928K)] 77654K->17302K(369664K), 0.0028237 secs] [Times: user=0.01 sys=0.00, real=0.01 secs] 
2019-01-01T04:13:44.934+0900: 40271.510: [GC (Allocation Failure) [PSYoungGen: 60768K->320K(60928K)] 77718K->17270K(369664K), 0.0029067 secs] [Times: user=0.01 sys=0.00, real=0.00 secs] 
2019-01-01T04:14:32.846+0900: 40319.421: [GC (Allocation Failure) [PSYoungGen: 60736K->352K(60928K)] 77686K->17374K(369664K), 0.0023824 secs] [Times: user=0.01 sys=0.00, real=0.00 secs] 
2019-01-01T04:15:20.472+0900: 40367.048: [GC (Allocation Failure) [PSYoungGen: 60768K->256K(60928K)] 77790K->17294K(369664K), 0.0027728 secs] [Times: user=0.01 sys=0.00, real=0.01 secs] 
2019-01-01T04:16:08.496+0900: 40415.072: [GC (Allocation Failure) [PSYoungGen: 60672K->352K(60928K)] 77710K->17390K(369664K), 0.0028511 secs] [Times: user=0.01 sys=0.00, real=0.00 secs] 
2019-01-01T04:16:56.317+0900: 40462.893: [GC (Allocation Failure) [PSYoungGen: 60768K->256K(60928K)] 77806K->17294K(369664K), 0.0027947 secs] [Times: user=0.01 sys=0.00, real=0.00 secs] 
2019-01-01T04:17:43.877+0900: 40510.453: [GC (Allocation Failure) [PSYoungGen: 60672K->256K(60928K)] 77710K->17294K(369664K), 0.0025611 secs] [Times: user=0.01 sys=0.00, real=0.00 secs] 
2019-01-01T04:18:31.603+0900: 40558.179: [GC (Allocation Failure) [PSYoungGen: 60672K->352K(60928K)] 77710K->17390K(369664K), 0.0028681 secs] [Times: user=0.01 sys=0.00, real=0.01 secs] 
2019-01-01T04:19:19.494+0900: 40606.070: [GC (Allocation Failure) [PSYoungGen: 60768K->320K(60928K)] 77806K->17358K(369664K), 0.0027956 secs] [Times: user=0.01 sys=0.00, real=0.00 secs] 
2019-01-01T04:20:07.451+0900: 40654.026: [GC (Allocation Failure) [PSYoungGen: 60736K->320K(60928K)] 77774K->17358K(369664K), 0.0026607 secs] [Times: user=0.01 sys=0.00, real=0.00 secs] 
2019-01-01T04:20:55.309+0900: 40701.885: [GC (Allocation Failure) [PSYoungGen: 60736K->288K(60928K)] 77774K->17366K(369664K), 0.0030779 secs] [Times: user=0.01 sys=0.00, real=0.00 secs] 
2019-01-01T04:21:43.042+0900: 40749.618: [GC (Allocation Failure) [PSYoungGen: 60704K->320K(60928K)] 77782K->17398K(369664K), 0.0028194 secs] [Times: user=0.01 sys=0.00, real=0.01 secs] 
2019-01-01T04:22:30.950+0900: 40797.526: [GC (Allocation Failure) [PSYoungGen: 60736K->256K(60928K)] 77814K->17334K(369664K), 0.0029756 secs] [Times: user=0.01 sys=0.00, real=0.00 secs] 
2019-01-01T04:23:18.265+0900: 40844.841: [GC (Allocation Failure) [PSYoungGen: 60672K->320K(60928K)] 77750K->17398K(369664K), 0.0028701 secs] [Times: user=0.01 sys=0.00, real=0.00 secs] 
2019-01-01T04:24:05.909+0900: 40892.485: [GC (Allocation Failure) [PSYoungGen: 60736K->288K(60928K)] 77814K->17366K(369664K), 0.0025370 secs] [Times: user=0.01 sys=0.00, real=0.00 secs] 
2019-01-01T04:24:53.644+0900: 40940.220: [GC (Allocation Failure) [PSYoungGen: 60704K->352K(60928K)] 77782K->17430K(369664K), 0.0028324 secs] [Times: user=0.01 sys=0.00, real=0.00 secs] 
2019-01-01T04:25:41.378+0900: 40987.953: [GC (Allocation Failure) [PSYoungGen: 60768K->288K(60928K)] 77846K->17366K(369664K), 0.0026636 secs] [Times: user=0.02 sys=0.00, real=0.00 secs] 
2019-01-01T04:26:29.223+0900: 41035.799: [GC (Allocation Failure) [PSYoungGen: 60704K->288K(60928K)] 77782K->17382K(369664K), 0.0028268 secs] [Times: user=0.01 sys=0.00, real=0.01 secs] 
2019-01-01T04:27:16.970+0900: 41083.546: [GC (Allocation Failure) [PSYoungGen: 60704K->224K(60928K)] 77798K->17318K(369664K), 0.0026432 secs] [Times: user=0.01 sys=0.00, real=0.00 secs] 
2019-01-01T04:28:04.728+0900: 41131.304: [GC (Allocation Failure) [PSYoungGen: 60640K->320K(60928K)] 77734K->17414K(369664K), 0.0027765 secs] [Times: user=0.01 sys=0.01, real=0.00 secs] 
2019-01-01T04:28:52.594+0900: 41179.170: [GC (Allocation Failure) [PSYoungGen: 60736K->288K(60928K)] 77830K->17382K(369664K), 0.0027922 secs] [Times: user=0.01 sys=0.00, real=0.00 secs] 
2019-01-01T04:29:40.436+0900: 41227.012: [GC (Allocation Failure) [PSYoungGen: 60704K->320K(60928K)] 77798K->17414K(369664K), 0.0029228 secs] [Times: user=0.01 sys=0.00, real=0.00 secs] 
2019-01-01T04:30:28.305+0900: 41274.881: [GC (Allocation Failure) [PSYoungGen: 60736K->320K(60928K)] 77830K->17414K(369664K), 0.0028861 secs] [Times: user=0.01 sys=0.00, real=0.00 secs] 
2019-01-01T04:31:16.085+0900: 41322.661: [GC (Allocation Failure) [PSYoungGen: 60736K->320K(60928K)] 77830K->17430K(369664K), 0.0030098 secs] [Times: user=0.01 sys=0.00, real=0.00 secs] 
2019-01-01T04:32:03.520+0900: 41370.096: [GC (Allocation Failure) [PSYoungGen: 60736K->224K(60928K)] 77846K->17334K(369664K), 0.0024548 secs] [Times: user=0.01 sys=0.01, real=0.00 secs] 
2019-01-01T04:32:51.258+0900: 41417.834: [GC (Allocation Failure) [PSYoungGen: 60640K->256K(60928K)] 77750K->17366K(369664K), 0.0028375 secs] [Times: user=0.01 sys=0.00, real=0.00 secs] 
2019-01-01T04:33:38.924+0900: 41465.500: [GC (Allocation Failure) [PSYoungGen: 60672K->320K(60928K)] 77782K->17430K(369664K), 0.0022342 secs] [Times: user=0.01 sys=0.00, real=0.00 secs] 
2019-01-01T04:34:26.489+0900: 41513.065: [GC (Allocation Failure) [PSYoungGen: 60736K->352K(60928K)] 77846K->17462K(369664K), 0.0031186 secs] [Times: user=0.01 sys=0.00, real=0.00 secs] 
2019-01-01T04:35:14.372+0900: 41560.948: [GC (Allocation Failure) [PSYoungGen: 60768K->352K(60928K)] 77878K->17462K(369664K), 0.0023684 secs] [Times: user=0.01 sys=0.00, real=0.01 secs] 
2019-01-01T04:36:02.305+0900: 41608.881: [GC (Allocation Failure) [PSYoungGen: 60768K->352K(60928K)] 77878K->17462K(369664K), 0.0027934 secs] [Times: user=0.02 sys=0.00, real=0.00 secs] 
2019-01-01T04:36:50.205+0900: 41656.781: [GC (Allocation Failure) [PSYoungGen: 60768K->256K(60928K)] 77878K->17366K(369664K), 0.0031684 secs] [Times: user=0.01 sys=0.00, real=0.00 secs] 
2019-01-01T04:37:38.042+0900: 41704.618: [GC (Allocation Failure) [PSYoungGen: 60672K->320K(60928K)] 77782K->17430K(369664K), 0.0029661 secs] [Times: user=0.01 sys=0.00, real=0.01 secs] 
2019-01-01T04:38:25.893+0900: 41752.469: [GC (Allocation Failure) [PSYoungGen: 60736K->352K(60928K)] 77846K->17462K(369664K), 0.0028412 secs] [Times: user=0.00 sys=0.01, real=0.01 secs] 
2019-01-01T04:39:13.534+0900: 41800.110: [GC (Allocation Failure) [PSYoungGen: 60767K->352K(60928K)] 77878K->17462K(369664K), 0.0024516 secs] [Times: user=0.01 sys=0.00, real=0.00 secs] 
2019-01-01T04:40:01.253+0900: 41847.829: [GC (Allocation Failure) [PSYoungGen: 60768K->352K(60928K)] 77878K->17462K(369664K), 0.0029062 secs] [Times: user=0.02 sys=0.00, real=0.01 secs] 
2019-01-01T04:40:49.202+0900: 41895.778: [GC (Allocation Failure) [PSYoungGen: 60768K->320K(60928K)] 77878K->17430K(369664K), 0.0029479 secs] [Times: user=0.01 sys=0.01, real=0.01 secs] 
2019-01-01T04:41:37.214+0900: 41943.790: [GC (Allocation Failure) [PSYoungGen: 60736K->256K(60928K)] 77846K->17366K(369664K), 0.0028794 secs] [Times: user=0.01 sys=0.00, real=0.00 secs] 
2019-01-01T04:42:24.826+0900: 41991.402: [GC (Allocation Failure) [PSYoungGen: 60672K->320K(60928K)] 77782K->17446K(369664K), 0.0031010 secs] [Times: user=0.01 sys=0.00, real=0.00 secs] 
2019-01-01T04:43:12.509+0900: 42039.085: [GC (Allocation Failure) [PSYoungGen: 60736K->320K(60928K)] 77862K->17446K(369664K), 0.0028738 secs] [Times: user=0.01 sys=0.00, real=0.00 secs] 
2019-01-01T04:44:00.284+0900: 42086.860: [GC (Allocation Failure) [PSYoungGen: 60736K->256K(60928K)] 77862K->17382K(369664K), 0.0028161 secs] [Times: user=0.01 sys=0.00, real=0.00 secs] 
2019-01-01T04:44:47.861+0900: 42134.437: [GC (Allocation Failure) [PSYoungGen: 60672K->320K(60928K)] 77798K->17494K(369664K), 0.0028057 secs] [Times: user=0.01 sys=0.00, real=0.01 secs] 
2019-01-01T04:45:35.723+0900: 42182.299: [GC (Allocation Failure) [PSYoungGen: 60736K->320K(60928K)] 77910K->17534K(369664K), 0.0029184 secs] [Times: user=0.01 sys=0.00, real=0.01 secs] 
2019-01-01T04:46:23.775+0900: 42230.351: [GC (Allocation Failure) [PSYoungGen: 60736K->288K(60928K)] 77950K->17502K(369664K), 0.0029238 secs] [Times: user=0.01 sys=0.00, real=0.00 secs] 
2019-01-01T04:47:11.780+0900: 42278.356: [GC (Allocation Failure) [PSYoungGen: 60704K->256K(60928K)] 77918K->17470K(369664K), 0.0029109 secs] [Times: user=0.01 sys=0.00, real=0.00 secs] 
2019-01-01T04:47:59.214+0900: 42325.790: [GC (Allocation Failure) [PSYoungGen: 60672K->320K(60928K)] 77886K->17534K(369664K), 0.0025286 secs] [Times: user=0.01 sys=0.00, real=0.00 secs] 
2019-01-01T04:48:47.015+0900: 42373.591: [GC (Allocation Failure) [PSYoungGen: 60736K->288K(60928K)] 77950K->17526K(369664K), 0.0030681 secs] [Times: user=0.01 sys=0.00, real=0.00 secs] 
2019-01-01T04:49:35.013+0900: 42421.589: [GC (Allocation Failure) [PSYoungGen: 60704K->320K(60928K)] 77942K->17558K(369664K), 0.0023787 secs] [Times: user=0.01 sys=0.00, real=0.01 secs] 
2019-01-01T04:50:22.790+0900: 42469.366: [GC (Allocation Failure) [PSYoungGen: 60736K->320K(60928K)] 77974K->17558K(369664K), 0.0026836 secs] [Times: user=0.01 sys=0.00, real=0.00 secs] 
2019-01-01T04:51:10.385+0900: 42516.961: [GC (Allocation Failure) [PSYoungGen: 60736K->352K(60928K)] 77974K->17590K(369664K), 0.0030038 secs] [Times: user=0.01 sys=0.00, real=0.00 secs] 
2019-01-01T04:51:58.168+0900: 42564.744: [GC (Allocation Failure) [PSYoungGen: 60768K->352K(60928K)] 78006K->17590K(369664K), 0.0029447 secs] [Times: user=0.00 sys=0.00, real=0.00 secs] 
2019-01-01T04:52:45.796+0900: 42612.371: [GC (Allocation Failure) [PSYoungGen: 60768K->352K(60928K)] 78006K->17590K(369664K), 0.0027595 secs] [Times: user=0.02 sys=0.00, real=0.00 secs] 
2019-01-01T04:53:33.730+0900: 42660.306: [GC (Allocation Failure) [PSYoungGen: 60768K->320K(60928K)] 78006K->17558K(369664K), 0.0029951 secs] [Times: user=0.01 sys=0.00, real=0.00 secs] 
2019-01-01T04:54:21.740+0900: 42708.316: [GC (Allocation Failure) [PSYoungGen: 60736K->352K(60928K)] 77974K->17590K(369664K), 0.0024654 secs] [Times: user=0.01 sys=0.00, real=0.00 secs] 
2019-01-01T04:55:09.677+0900: 42756.253: [GC (Allocation Failure) [PSYoungGen: 60768K->288K(60928K)] 78006K->17526K(369664K), 0.0028174 secs] [Times: user=0.01 sys=0.00, real=0.00 secs] 
2019-01-01T04:55:57.665+0900: 42804.240: [GC (Allocation Failure) [PSYoungGen: 60704K->288K(60928K)] 77942K->17526K(369664K), 0.0025998 secs] [Times: user=0.01 sys=0.00, real=0.00 secs] 
2019-01-01T04:56:45.317+0900: 42851.893: [GC (Allocation Failure) [PSYoungGen: 60704K->320K(60928K)] 77942K->17558K(369664K), 0.0026699 secs] [Times: user=0.01 sys=0.00, real=0.00 secs] 
2019-01-01T04:57:33.210+0900: 42899.786: [GC (Allocation Failure) [PSYoungGen: 60736K->288K(60928K)] 77974K->17526K(369664K), 0.0028877 secs] [Times: user=0.01 sys=0.00, real=0.00 secs] 
2019-01-01T04:58:21.027+0900: 42947.603: [GC (Allocation Failure) [PSYoungGen: 60704K->288K(60928K)] 77942K->17526K(369664K), 0.0028758 secs] [Times: user=0.01 sys=0.00, real=0.00 secs] 
2019-01-01T04:59:08.896+0900: 42995.472: [GC (Allocation Failure) [PSYoungGen: 60704K->352K(60928K)] 77942K->17638K(369664K), 0.0025252 secs] [Times: user=0.02 sys=0.00, real=0.00 secs] 
2019-01-01T04:59:56.549+0900: 43043.125: [GC (Allocation Failure) [PSYoungGen: 60768K->288K(60928K)] 78054K->17574K(369664K), 0.0026684 secs] [Times: user=0.02 sys=0.00, real=0.00 secs] 
2019-01-01T05:00:44.300+0900: 43090.876: [GC (Allocation Failure) [PSYoungGen: 60704K->288K(60928K)] 77990K->17574K(369664K), 0.0029341 secs] [Times: user=0.01 sys=0.00, real=0.00 secs] 
2019-01-01T05:01:32.221+0900: 43138.796: [GC (Allocation Failure) [PSYoungGen: 60704K->288K(60928K)] 77990K->17574K(369664K), 0.0026961 secs] [Times: user=0.01 sys=0.00, real=0.00 secs] 
2019-01-01T05:02:19.283+0900: 43185.859: [GC (Allocation Failure) [PSYoungGen: 60704K->288K(60928K)] 77990K->17574K(369664K), 0.0024918 secs] [Times: user=0.01 sys=0.00, real=0.01 secs] 
2019-01-01T05:03:06.973+0900: 43233.549: [GC (Allocation Failure) [PSYoungGen: 60704K->320K(60928K)] 77990K->17614K(369664K), 0.0028953 secs] [Times: user=0.01 sys=0.00, real=0.01 secs] 
2019-01-01T05:03:54.902+0900: 43281.478: [GC (Allocation Failure) [PSYoungGen: 60736K->288K(60928K)] 78030K->17582K(369664K), 0.0026855 secs] [Times: user=0.01 sys=0.00, real=0.01 secs] 
2019-01-01T05:04:42.745+0900: 43329.320: [GC (Allocation Failure) [PSYoungGen: 60704K->288K(60928K)] 77998K->17582K(369664K), 0.0028875 secs] [Times: user=0.01 sys=0.00, real=0.00 secs] 
2019-01-01T05:05:30.588+0900: 43377.164: [GC (Allocation Failure) [PSYoungGen: 60704K->320K(60928K)] 77998K->17614K(369664K), 0.0029156 secs] [Times: user=0.01 sys=0.00, real=0.00 secs] 
2019-01-01T05:06:18.537+0900: 43425.113: [GC (Allocation Failure) [PSYoungGen: 60736K->288K(60928K)] 78030K->17582K(369664K), 0.0028009 secs] [Times: user=0.01 sys=0.00, real=0.00 secs] 
2019-01-01T05:07:05.816+0900: 43472.392: [GC (Allocation Failure) [PSYoungGen: 60704K->224K(60928K)] 77998K->17518K(369664K), 0.0026709 secs] [Times: user=0.01 sys=0.00, real=0.00 secs] 
2019-01-01T05:07:53.589+0900: 43520.165: [GC (Allocation Failure) [PSYoungGen: 60640K->288K(60928K)] 77934K->17582K(369664K), 0.0024090 secs] [Times: user=0.01 sys=0.00, real=0.00 secs] 
2019-01-01T05:08:41.322+0900: 43567.898: [GC (Allocation Failure) [PSYoungGen: 60704K->352K(60928K)] 77998K->17646K(369664K), 0.0029570 secs] [Times: user=0.01 sys=0.00, real=0.01 secs] 
2019-01-01T05:09:29.343+0900: 43615.919: [GC (Allocation Failure) [PSYoungGen: 60768K->352K(60928K)] 78062K->17646K(369664K), 0.0024361 secs] [Times: user=0.01 sys=0.00, real=0.01 secs] 
2019-01-01T05:10:17.106+0900: 43663.682: [GC (Allocation Failure) [PSYoungGen: 60768K->352K(60928K)] 78062K->17646K(369664K), 0.0026974 secs] [Times: user=0.01 sys=0.01, real=0.00 secs] 
2019-01-01T05:11:04.820+0900: 43711.396: [GC (Allocation Failure) [PSYoungGen: 60768K->256K(60928K)] 78062K->17550K(369664K), 0.0029208 secs] [Times: user=0.01 sys=0.00, real=0.00 secs] 
2019-01-01T05:11:52.439+0900: 43759.015: [GC (Allocation Failure) [PSYoungGen: 60672K->288K(60928K)] 77966K->17582K(369664K), 0.0023331 secs] [Times: user=0.01 sys=0.00, real=0.00 secs] 
2019-01-01T05:12:40.223+0900: 43806.799: [GC (Allocation Failure) [PSYoungGen: 60704K->288K(60928K)] 77998K->17582K(369664K), 0.0024388 secs] [Times: user=0.02 sys=0.00, real=0.01 secs] 
2019-01-01T05:13:27.731+0900: 43854.307: [GC (Allocation Failure) [PSYoungGen: 60704K->320K(60928K)] 77998K->17678K(369664K), 0.0027625 secs] [Times: user=0.01 sys=0.00, real=0.00 secs] 
2019-01-01T05:14:15.582+0900: 43902.158: [GC (Allocation Failure) [PSYoungGen: 60736K->256K(60928K)] 78094K->17638K(369664K), 0.0030290 secs] [Times: user=0.01 sys=0.00, real=0.01 secs] 
2019-01-01T05:15:02.837+0900: 43949.413: [GC (Allocation Failure) [PSYoungGen: 60672K->320K(60928K)] 78054K->17742K(369664K), 0.0026093 secs] [Times: user=0.01 sys=0.00, real=0.00 secs] 
2019-01-01T05:15:50.564+0900: 43997.140: [GC (Allocation Failure) [PSYoungGen: 60736K->320K(60928K)] 78158K->17742K(369664K), 0.0028977 secs] [Times: user=0.01 sys=0.00, real=0.00 secs] 
2019-01-01T05:16:38.343+0900: 44044.919: [GC (Allocation Failure) [PSYoungGen: 60736K->320K(60928K)] 78158K->17742K(369664K), 0.0023270 secs] [Times: user=0.01 sys=0.00, real=0.01 secs] 
2019-01-01T05:17:26.197+0900: 44092.773: [GC (Allocation Failure) [PSYoungGen: 60736K->160K(60928K)] 78158K->17582K(369664K), 0.0024735 secs] [Times: user=0.01 sys=0.00, real=0.00 secs] 
2019-01-01T05:18:13.623+0900: 44140.199: [GC (Allocation Failure) [PSYoungGen: 60576K->352K(60928K)] 77998K->17774K(369664K), 0.0028918 secs] [Times: user=0.01 sys=0.00, real=0.01 secs] 
2019-01-01T05:19:01.718+0900: 44188.294: [GC (Allocation Failure) [PSYoungGen: 60768K->352K(60928K)] 78190K->17774K(369664K), 0.0028832 secs] [Times: user=0.02 sys=0.00, real=0.00 secs] 
2019-01-01T05:19:49.626+0900: 44236.202: [GC (Allocation Failure) [PSYoungGen: 60768K->320K(60928K)] 78190K->17742K(369664K), 0.0026744 secs] [Times: user=0.02 sys=0.00, real=0.00 secs] 
2019-01-01T05:20:37.560+0900: 44284.136: [GC (Allocation Failure) [PSYoungGen: 60736K->320K(60928K)] 78158K->17742K(369664K), 0.0028041 secs] [Times: user=0.01 sys=0.00, real=0.00 secs] 
2019-01-01T05:21:25.287+0900: 44331.863: [GC (Allocation Failure) [PSYoungGen: 60736K->224K(60928K)] 78158K->17678K(369664K), 0.0027642 secs] [Times: user=0.01 sys=0.00, real=0.00 secs] 
2019-01-01T05:22:13.038+0900: 44379.614: [GC (Allocation Failure) [PSYoungGen: 60640K->288K(60928K)] 78094K->17742K(369664K), 0.0029392 secs] [Times: user=0.00 sys=0.01, real=0.00 secs] 
2019-01-01T05:23:00.750+0900: 44427.325: [GC (Allocation Failure) [PSYoungGen: 60704K->320K(60928K)] 78158K->17774K(369664K), 0.0023871 secs] [Times: user=0.01 sys=0.00, real=0.00 secs] 
2019-01-01T05:23:48.410+0900: 44474.986: [GC (Allocation Failure) [PSYoungGen: 60736K->352K(60928K)] 78190K->17806K(369664K), 0.0027508 secs] [Times: user=0.01 sys=0.00, real=0.00 secs] 
2019-01-01T05:24:36.427+0900: 44523.003: [GC (Allocation Failure) [PSYoungGen: 60768K->288K(60928K)] 78222K->17742K(369664K), 0.0026119 secs] [Times: user=0.01 sys=0.00, real=0.00 secs] 
2019-01-01T05:25:24.233+0900: 44570.809: [GC (Allocation Failure) [PSYoungGen: 60704K->320K(60928K)] 78158K->17774K(369664K), 0.0024300 secs] [Times: user=0.01 sys=0.00, real=0.01 secs] 
2019-01-01T05:26:12.205+0900: 44618.781: [GC (Allocation Failure) [PSYoungGen: 60736K->224K(60928K)] 78190K->17710K(369664K), 0.0029085 secs] [Times: user=0.01 sys=0.00, real=0.00 secs] 
2019-01-01T05:26:59.894+0900: 44666.470: [GC (Allocation Failure) [PSYoungGen: 60640K->320K(60928K)] 78126K->17806K(369664K), 0.0028443 secs] [Times: user=0.01 sys=0.00, real=0.00 secs] 
2019-01-01T05:27:47.805+0900: 44714.380: [GC (Allocation Failure) [PSYoungGen: 60736K->320K(60928K)] 78222K->17806K(369664K), 0.0024035 secs] [Times: user=0.01 sys=0.00, real=0.00 secs] 
2019-01-01T05:28:35.874+0900: 44762.450: [GC (Allocation Failure) [PSYoungGen: 60736K->288K(60928K)] 78222K->17774K(369664K), 0.0028528 secs] [Times: user=0.01 sys=0.00, real=0.00 secs] 
2019-01-01T05:29:23.209+0900: 44809.784: [GC (Allocation Failure) [PSYoungGen: 60704K->320K(60928K)] 78190K->17806K(369664K), 0.0023234 secs] [Times: user=0.01 sys=0.00, real=0.00 secs] 
2019-01-01T05:30:11.234+0900: 44857.810: [GC (Allocation Failure) [PSYoungGen: 60736K->320K(60928K)] 78222K->17806K(369664K), 0.0029034 secs] [Times: user=0.01 sys=0.00, real=0.00 secs] 
2019-01-01T05:30:58.820+0900: 44905.396: [GC (Allocation Failure) [PSYoungGen: 60736K->320K(60928K)] 78222K->17806K(369664K), 0.0028000 secs] [Times: user=0.01 sys=0.00, real=0.00 secs] 
2019-01-01T05:31:46.423+0900: 44952.999: [GC (Allocation Failure) [PSYoungGen: 60736K->320K(60928K)] 78222K->17806K(369664K), 0.0028915 secs] [Times: user=0.01 sys=0.00, real=0.01 secs] 
2019-01-01T05:32:34.029+0900: 45000.605: [GC (Allocation Failure) [PSYoungGen: 60736K->320K(60928K)] 78222K->17806K(369664K), 0.0024666 secs] [Times: user=0.01 sys=0.00, real=0.00 secs] 
2019-01-01T05:33:21.768+0900: 45048.344: [GC (Allocation Failure) [PSYoungGen: 60736K->224K(60928K)] 78222K->17710K(369664K), 0.0024366 secs] [Times: user=0.01 sys=0.00, real=0.00 secs] 
2019-01-01T05:34:09.378+0900: 45095.954: [GC (Allocation Failure) [PSYoungGen: 60640K->320K(60928K)] 78126K->17806K(369664K), 0.0028076 secs] [Times: user=0.01 sys=0.00, real=0.00 secs] 
2019-01-01T05:34:57.526+0900: 45144.102: [GC (Allocation Failure) [PSYoungGen: 60736K->288K(60928K)] 78222K->17774K(369664K), 0.0028110 secs] [Times: user=0.01 sys=0.00, real=0.00 secs] 
2019-01-01T05:35:45.470+0900: 45192.046: [GC (Allocation Failure) [PSYoungGen: 60704K->256K(60928K)] 78190K->17742K(369664K), 0.0024838 secs] [Times: user=0.01 sys=0.00, real=0.00 secs] 
2019-01-01T05:36:33.378+0900: 45239.954: [GC (Allocation Failure) [PSYoungGen: 60672K->352K(60928K)] 78158K->17838K(369664K), 0.0028748 secs] [Times: user=0.01 sys=0.00, real=0.00 secs] 
2019-01-01T05:37:21.193+0900: 45287.769: [GC (Allocation Failure) [PSYoungGen: 60768K->288K(60928K)] 78254K->17774K(369664K), 0.0023841 secs] [Times: user=0.01 sys=0.00, real=0.01 secs] 
2019-01-01T05:38:09.296+0900: 45335.872: [GC (Allocation Failure) [PSYoungGen: 60704K->320K(60928K)] 78190K->17806K(369664K), 0.0028844 secs] [Times: user=0.01 sys=0.00, real=0.00 secs] 
2019-01-01T05:38:56.578+0900: 45383.154: [GC (Allocation Failure) [PSYoungGen: 60736K->320K(60928K)] 78222K->17806K(369664K), 0.0028368 secs] [Times: user=0.01 sys=0.00, real=0.00 secs] 
2019-01-01T05:39:44.284+0900: 45430.860: [GC (Allocation Failure) [PSYoungGen: 60736K->256K(60928K)] 78222K->17742K(369664K), 0.0029153 secs] [Times: user=0.01 sys=0.00, real=0.00 secs] 
2019-01-01T05:40:32.112+0900: 45478.687: [GC (Allocation Failure) [PSYoungGen: 60672K->320K(60928K)] 78158K->17806K(369664K), 0.0029233 secs] [Times: user=0.01 sys=0.00, real=0.01 secs] 
2019-01-01T05:41:20.153+0900: 45526.729: [GC (Allocation Failure) [PSYoungGen: 60736K->320K(60928K)] 78222K->17846K(369664K), 0.0024709 secs] [Times: user=0.01 sys=0.00, real=0.01 secs] 
2019-01-01T05:42:07.999+0900: 45574.575: [GC (Allocation Failure) [PSYoungGen: 60736K->256K(60928K)] 78262K->17782K(369664K), 0.0029752 secs] [Times: user=0.01 sys=0.00, real=0.00 secs] 
2019-01-01T05:42:55.539+0900: 45622.115: [GC (Allocation Failure) [PSYoungGen: 60672K->352K(60928K)] 78198K->17878K(369664K), 0.0023384 secs] [Times: user=0.01 sys=0.00, real=0.00 secs] 
2019-01-01T05:43:43.735+0900: 45670.311: [GC (Allocation Failure) [PSYoungGen: 60768K->352K(60928K)] 78294K->17878K(369664K), 0.0027390 secs] [Times: user=0.01 sys=0.00, real=0.00 secs] 
2019-01-01T05:44:31.578+0900: 45718.154: [GC (Allocation Failure) [PSYoungGen: 60768K->320K(60928K)] 78294K->17894K(369664K), 0.0027716 secs] [Times: user=0.01 sys=0.00, real=0.00 secs] 
2019-01-01T05:45:19.115+0900: 45765.691: [GC (Allocation Failure) [PSYoungGen: 60736K->320K(60928K)] 78310K->17942K(369664K), 0.0028293 secs] [Times: user=0.00 sys=0.00, real=0.00 secs] 
2019-01-01T05:46:07.177+0900: 45813.753: [GC (Allocation Failure) [PSYoungGen: 60736K->288K(60928K)] 78358K->17910K(369664K), 0.0027160 secs] [Times: user=0.01 sys=0.00, real=0.00 secs] 
2019-01-01T05:46:54.931+0900: 45861.507: [GC (Allocation Failure) [PSYoungGen: 60704K->256K(60928K)] 78326K->17894K(369664K), 0.0029133 secs] [Times: user=0.01 sys=0.00, real=0.01 secs] 
2019-01-01T05:47:42.644+0900: 45909.220: [GC (Allocation Failure) [PSYoungGen: 60672K->352K(60928K)] 78310K->17990K(369664K), 0.0028497 secs] [Times: user=0.01 sys=0.00, real=0.00 secs] 
2019-01-01T05:48:30.347+0900: 45956.922: [GC (Allocation Failure) [PSYoungGen: 60768K->256K(60928K)] 78406K->17894K(369664K), 0.0029061 secs] [Times: user=0.01 sys=0.00, real=0.00 secs] 
2019-01-01T05:49:18.077+0900: 46004.653: [GC (Allocation Failure) [PSYoungGen: 60672K->320K(60928K)] 78310K->17958K(369664K), 0.0026152 secs] [Times: user=0.01 sys=0.00, real=0.00 secs] 
2019-01-01T05:50:06.137+0900: 46052.713: [GC (Allocation Failure) [PSYoungGen: 60736K->320K(60928K)] 78374K->17958K(369664K), 0.0031160 secs] [Times: user=0.01 sys=0.00, real=0.00 secs] 
2019-01-01T05:50:53.828+0900: 46100.404: [GC (Allocation Failure) [PSYoungGen: 60736K->288K(60928K)] 78374K->17926K(369664K), 0.0027124 secs] [Times: user=0.01 sys=0.00, real=0.00 secs] 
2019-01-01T05:51:41.541+0900: 46148.117: [GC (Allocation Failure) [PSYoungGen: 60704K->320K(60928K)] 78342K->17982K(369664K), 0.0028303 secs] [Times: user=0.01 sys=0.00, real=0.01 secs] 
2019-01-01T05:52:29.579+0900: 46196.155: [GC (Allocation Failure) [PSYoungGen: 60736K->288K(60928K)] 78398K->17950K(369664K), 0.0023262 secs] [Times: user=0.01 sys=0.00, real=0.00 secs] 
2019-01-01T05:53:17.028+0900: 46243.604: [GC (Allocation Failure) [PSYoungGen: 60704K->288K(60928K)] 78366K->17950K(369664K), 0.0028162 secs] [Times: user=0.01 sys=0.00, real=0.00 secs] 
2019-01-01T05:54:04.657+0900: 46291.233: [GC (Allocation Failure) [PSYoungGen: 60704K->288K(60928K)] 78366K->17950K(369664K), 0.0024640 secs] [Times: user=0.01 sys=0.00, real=0.00 secs] 
2019-01-01T05:54:52.468+0900: 46339.044: [GC (Allocation Failure) [PSYoungGen: 60704K->288K(60928K)] 78366K->17950K(369664K), 0.0027170 secs] [Times: user=0.02 sys=0.00, real=0.00 secs] 
2019-01-01T05:55:40.337+0900: 46386.913: [GC (Allocation Failure) [PSYoungGen: 60704K->352K(60928K)] 78366K->18014K(369664K), 0.0026349 secs] [Times: user=0.01 sys=0.00, real=0.00 secs] 
2019-01-01T05:56:27.923+0900: 46434.499: [GC (Allocation Failure) [PSYoungGen: 60768K->352K(60928K)] 78430K->18014K(369664K), 0.0027309 secs] [Times: user=0.01 sys=0.00, real=0.01 secs] 
2019-01-01T05:57:15.613+0900: 46482.189: [GC (Allocation Failure) [PSYoungGen: 60768K->256K(60928K)] 78430K->17918K(369664K), 0.0027847 secs] [Times: user=0.01 sys=0.00, real=0.01 secs] 
2019-01-01T05:58:03.366+0900: 46529.942: [GC (Allocation Failure) [PSYoungGen: 60672K->320K(60928K)] 78334K->17982K(369664K), 0.0025945 secs] [Times: user=0.01 sys=0.00, real=0.00 secs] 
2019-01-01T05:58:51.389+0900: 46577.965: [GC (Allocation Failure) [PSYoungGen: 60736K->320K(60928K)] 78398K->17982K(369664K), 0.0024127 secs] [Times: user=0.01 sys=0.00, real=0.00 secs] 
2019-01-01T05:59:39.420+0900: 46625.996: [GC (Allocation Failure) [PSYoungGen: 60736K->288K(60928K)] 78398K->17950K(369664K), 0.0028147 secs] [Times: user=0.01 sys=0.00, real=0.00 secs] 
2019-01-01T06:00:26.853+0900: 46673.429: [GC (Allocation Failure) [PSYoungGen: 60704K->256K(60928K)] 78366K->17918K(369664K), 0.0027480 secs] [Times: user=0.01 sys=0.00, real=0.01 secs] 
2019-01-01T06:01:14.464+0900: 46721.040: [GC (Allocation Failure) [PSYoungGen: 60672K->288K(60928K)] 78334K->17990K(369664K), 0.0027991 secs] [Times: user=0.01 sys=0.00, real=0.00 secs] 
2019-01-01T06:02:02.315+0900: 46768.891: [GC (Allocation Failure) [PSYoungGen: 60704K->288K(60928K)] 78406K->17990K(369664K), 0.0030672 secs] [Times: user=0.01 sys=0.00, real=0.00 secs] 
2019-01-01T06:02:50.248+0900: 46816.824: [GC (Allocation Failure) [PSYoungGen: 60704K->224K(60928K)] 78406K->17926K(369664K), 0.0028656 secs] [Times: user=0.00 sys=0.00, real=0.00 secs] 
2019-01-01T06:03:38.010+0900: 46864.585: [GC (Allocation Failure) [PSYoungGen: 60640K->320K(60928K)] 78342K->18022K(369664K), 0.0028204 secs] [Times: user=0.01 sys=0.00, real=0.00 secs] 
2019-01-01T06:04:25.538+0900: 46912.114: [GC (Allocation Failure) [PSYoungGen: 60736K->288K(60928K)] 78438K->17990K(369664K), 0.0027735 secs] [Times: user=0.02 sys=0.00, real=0.00 secs] 
2019-01-01T06:05:13.431+0900: 46960.007: [GC (Allocation Failure) [PSYoungGen: 60704K->192K(60928K)] 78406K->17918K(369664K), 0.0023884 secs] [Times: user=0.01 sys=0.00, real=0.00 secs] 
2019-01-01T06:06:01.294+0900: 47007.870: [GC (Allocation Failure) [PSYoungGen: 60608K->320K(60928K)] 78334K->18078K(369664K), 0.0030944 secs] [Times: user=0.01 sys=0.01, real=0.00 secs] 
2019-01-01T06:06:49.286+0900: 47055.862: [GC (Allocation Failure) [PSYoungGen: 60736K->256K(60928K)] 78494K->18022K(369664K), 0.0028451 secs] [Times: user=0.01 sys=0.00, real=0.00 secs] 
2019-01-01T06:07:37.223+0900: 47103.799: [GC (Allocation Failure) [PSYoungGen: 60672K->288K(60928K)] 78438K->18054K(369664K), 0.0029016 secs] [Times: user=0.01 sys=0.00, real=0.01 secs] 
2019-01-01T06:08:24.800+0900: 47151.376: [GC (Allocation Failure) [PSYoungGen: 60704K->320K(60928K)] 78470K->18086K(369664K), 0.0027708 secs] [Times: user=0.01 sys=0.00, real=0.00 secs] 
2019-01-01T06:09:12.507+0900: 47199.083: [GC (Allocation Failure) [PSYoungGen: 60736K->224K(60928K)] 78502K->17990K(369664K), 0.0025311 secs] [Times: user=0.01 sys=0.00, real=0.00 secs] 
2019-01-01T06:10:00.050+0900: 47246.626: [GC (Allocation Failure) [PSYoungGen: 60640K->288K(60928K)] 78406K->18054K(369664K), 0.0026246 secs] [Times: user=0.01 sys=0.00, real=0.00 secs] 
2019-01-01T06:10:48.244+0900: 47294.820: [GC (Allocation Failure) [PSYoungGen: 60704K->352K(60928K)] 78470K->18118K(369664K), 0.0029339 secs] [Times: user=0.01 sys=0.00, real=0.00 secs] 
2019-01-01T06:11:36.135+0900: 47342.711: [GC (Allocation Failure) [PSYoungGen: 60768K->320K(60928K)] 78534K->18086K(369664K), 0.0033768 secs] [Times: user=0.01 sys=0.01, real=0.00 secs] 
2019-01-01T06:12:23.621+0900: 47390.197: [GC (Allocation Failure) [PSYoungGen: 60736K->352K(60928K)] 78502K->18118K(369664K), 0.0025142 secs] [Times: user=0.01 sys=0.00, real=0.01 secs] 
2019-01-01T06:13:11.327+0900: 47437.903: [GC (Allocation Failure) [PSYoungGen: 60768K->288K(60928K)] 78534K->18054K(369664K), 0.0032552 secs] [Times: user=0.02 sys=0.00, real=0.00 secs] 
2019-01-01T06:13:59.189+0900: 47485.765: [GC (Allocation Failure) [PSYoungGen: 60704K->320K(60928K)] 78470K->18086K(369664K), 0.0027134 secs] [Times: user=0.01 sys=0.00, real=0.00 secs] 
2019-01-01T06:14:47.158+0900: 47533.734: [GC (Allocation Failure) [PSYoungGen: 60736K->320K(60928K)] 78502K->18134K(369664K), 0.0029592 secs] [Times: user=0.01 sys=0.00, real=0.00 secs] 
2019-01-01T06:15:34.763+0900: 47581.339: [GC (Allocation Failure) [PSYoungGen: 60736K->320K(60928K)] 78550K->18150K(369664K), 0.0029453 secs] [Times: user=0.01 sys=0.00, real=0.01 secs] 
2019-01-01T06:16:22.669+0900: 47629.245: [GC (Allocation Failure) [PSYoungGen: 60736K->288K(60928K)] 78566K->18118K(369664K), 0.0029013 secs] [Times: user=0.01 sys=0.00, real=0.00 secs] 
2019-01-01T06:17:10.580+0900: 47677.156: [GC (Allocation Failure) [PSYoungGen: 60704K->320K(60928K)] 78534K->18150K(369664K), 0.0027292 secs] [Times: user=0.00 sys=0.00, real=0.00 secs] 
2019-01-01T06:17:58.050+0900: 47724.626: [GC (Allocation Failure) [PSYoungGen: 60736K->352K(60928K)] 78566K->18182K(369664K), 0.0023977 secs] [Times: user=0.01 sys=0.00, real=0.00 secs] 
2019-01-01T06:18:45.961+0900: 47772.537: [GC (Allocation Failure) [PSYoungGen: 60768K->288K(60928K)] 78598K->18118K(369664K), 0.0026613 secs] [Times: user=0.01 sys=0.00, real=0.01 secs] 
2019-01-01T06:19:33.742+0900: 47820.318: [GC (Allocation Failure) [PSYoungGen: 60704K->288K(60928K)] 78534K->18118K(369664K), 0.0023642 secs] [Times: user=0.00 sys=0.00, real=0.01 secs] 
2019-01-01T06:20:21.440+0900: 47868.016: [GC (Allocation Failure) [PSYoungGen: 60704K->352K(60928K)] 78534K->18182K(369664K), 0.0028601 secs] [Times: user=0.01 sys=0.00, real=0.00 secs] 
2019-01-01T06:21:09.294+0900: 47915.870: [GC (Allocation Failure) [PSYoungGen: 60768K->320K(60928K)] 78598K->18190K(369664K), 0.0027837 secs] [Times: user=0.01 sys=0.00, real=0.00 secs] 
2019-01-01T06:21:56.984+0900: 47963.560: [GC (Allocation Failure) [PSYoungGen: 60736K->320K(60928K)] 78606K->18190K(369664K), 0.0025070 secs] [Times: user=0.01 sys=0.00, real=0.00 secs] 
2019-01-01T06:22:44.633+0900: 48011.209: [GC (Allocation Failure) [PSYoungGen: 60736K->320K(60928K)] 78606K->18190K(369664K), 0.0027360 secs] [Times: user=0.01 sys=0.00, real=0.01 secs] 
2019-01-01T06:23:32.495+0900: 48059.071: [GC (Allocation Failure) [PSYoungGen: 60736K->256K(60928K)] 78606K->18126K(369664K), 0.0026805 secs] [Times: user=0.01 sys=0.00, real=0.00 secs] 
2019-01-01T06:24:20.413+0900: 48106.989: [GC (Allocation Failure) [PSYoungGen: 60672K->352K(60928K)] 78542K->18270K(369664K), 0.0026894 secs] [Times: user=0.01 sys=0.00, real=0.01 secs] 
2019-01-01T06:25:08.294+0900: 48154.870: [GC (Allocation Failure) [PSYoungGen: 60768K->288K(60928K)] 78686K->18206K(369664K), 0.0029334 secs] [Times: user=0.00 sys=0.00, real=0.00 secs] 
2019-01-01T06:25:55.912+0900: 48202.487: [GC (Allocation Failure) [PSYoungGen: 60704K->320K(60928K)] 78622K->18238K(369664K), 0.0024064 secs] [Times: user=0.01 sys=0.00, real=0.01 secs] 
2019-01-01T06:26:43.958+0900: 48250.534: [GC (Allocation Failure) [PSYoungGen: 60736K->352K(60928K)] 78654K->18270K(369664K), 0.0023563 secs] [Times: user=0.01 sys=0.00, real=0.00 secs] 
2019-01-01T06:27:31.576+0900: 48298.151: [GC (Allocation Failure) [PSYoungGen: 60768K->320K(60928K)] 78686K->18238K(369664K), 0.0028451 secs] [Times: user=0.01 sys=0.00, real=0.00 secs] 
2019-01-01T06:28:19.373+0900: 48345.949: [GC (Allocation Failure) [PSYoungGen: 60736K->288K(60928K)] 78654K->18206K(369664K), 0.0028958 secs] [Times: user=0.01 sys=0.00, real=0.01 secs] 
2019-01-01T06:29:07.296+0900: 48393.872: [GC (Allocation Failure) [PSYoungGen: 60704K->256K(60928K)] 78622K->18174K(369664K), 0.0030807 secs] [Times: user=0.01 sys=0.00, real=0.00 secs] 
2019-01-01T06:29:54.847+0900: 48441.422: [GC (Allocation Failure) [PSYoungGen: 60672K->320K(60928K)] 78590K->18238K(369664K), 0.0024802 secs] [Times: user=0.01 sys=0.00, real=0.00 secs] 
2019-01-01T06:30:42.520+0900: 48489.096: [GC (Allocation Failure) [PSYoungGen: 60736K->288K(60928K)] 78654K->18206K(369664K), 0.0025714 secs] [Times: user=0.00 sys=0.00, real=0.00 secs] 
2019-01-01T06:31:30.396+0900: 48536.972: [GC (Allocation Failure) [PSYoungGen: 60704K->288K(60928K)] 78622K->18206K(369664K), 0.0026918 secs] [Times: user=0.01 sys=0.00, real=0.00 secs] 
2019-01-01T06:32:18.389+0900: 48584.965: [GC (Allocation Failure) [PSYoungGen: 60704K->288K(60928K)] 78622K->18206K(369664K), 0.0027521 secs] [Times: user=0.01 sys=0.00, real=0.00 secs] 
2019-01-01T06:33:05.577+0900: 48632.152: [GC (Allocation Failure) [PSYoungGen: 60704K->320K(60928K)] 78622K->18238K(369664K), 0.0027917 secs] [Times: user=0.01 sys=0.00, real=0.00 secs] 
2019-01-01T06:33:53.226+0900: 48679.802: [GC (Allocation Failure) [PSYoungGen: 60736K->320K(60928K)] 78654K->18262K(369664K), 0.0028317 secs] [Times: user=0.01 sys=0.00, real=0.00 secs] 
2019-01-01T06:34:40.963+0900: 48727.539: [GC (Allocation Failure) [PSYoungGen: 60736K->320K(60928K)] 78678K->18262K(369664K), 0.0026476 secs] [Times: user=0.01 sys=0.00, real=0.01 secs] 
2019-01-01T06:35:28.817+0900: 48775.393: [GC (Allocation Failure) [PSYoungGen: 60736K->320K(60928K)] 78678K->18302K(369664K), 0.0024404 secs] [Times: user=0.01 sys=0.00, real=0.00 secs] 
2019-01-01T06:36:16.539+0900: 48823.115: [GC (Allocation Failure) [PSYoungGen: 60736K->320K(60928K)] 78718K->18302K(369664K), 0.0025534 secs] [Times: user=0.01 sys=0.00, real=0.00 secs] 
2019-01-01T06:37:04.614+0900: 48871.190: [GC (Allocation Failure) [PSYoungGen: 60736K->192K(60928K)] 78718K->18174K(369664K), 0.0029060 secs] [Times: user=0.01 sys=0.00, real=0.00 secs] 
2019-01-01T06:37:52.499+0900: 48919.075: [GC (Allocation Failure) [PSYoungGen: 60608K->320K(60928K)] 78590K->18302K(369664K), 0.0027166 secs] [Times: user=0.01 sys=0.00, real=0.00 secs] 
2019-01-01T06:38:40.454+0900: 48967.030: [GC (Allocation Failure) [PSYoungGen: 60736K->352K(60928K)] 78718K->18334K(369664K), 0.0028539 secs] [Times: user=0.02 sys=0.00, real=0.00 secs] 
2019-01-01T06:39:28.179+0900: 49014.754: [GC (Allocation Failure) [PSYoungGen: 60768K->320K(60928K)] 78750K->18302K(369664K), 0.0023154 secs] [Times: user=0.01 sys=0.00, real=0.00 secs] 
2019-01-01T06:40:15.494+0900: 49062.070: [GC (Allocation Failure) [PSYoungGen: 60736K->288K(60928K)] 78718K->18270K(369664K), 0.0024213 secs] [Times: user=0.01 sys=0.00, real=0.00 secs] 
2019-01-01T06:41:03.560+0900: 49110.136: [GC (Allocation Failure) [PSYoungGen: 60704K->352K(60928K)] 78686K->18334K(369664K), 0.0025385 secs] [Times: user=0.01 sys=0.00, real=0.00 secs] 
2019-01-01T06:41:51.581+0900: 49158.157: [GC (Allocation Failure) [PSYoungGen: 60768K->352K(60928K)] 78750K->18342K(369664K), 0.0027650 secs] [Times: user=0.01 sys=0.00, real=0.01 secs] 
2019-01-01T06:42:39.485+0900: 49206.061: [GC (Allocation Failure) [PSYoungGen: 60768K->256K(60928K)] 78758K->18246K(369664K), 0.0027225 secs] [Times: user=0.01 sys=0.00, real=0.00 secs] 
2019-01-01T06:43:27.125+0900: 49253.701: [GC (Allocation Failure) [PSYoungGen: 60672K->256K(60928K)] 78662K->18246K(369664K), 0.0029212 secs] [Times: user=0.01 sys=0.00, real=0.00 secs] 
2019-01-01T06:44:14.840+0900: 49301.416: [GC (Allocation Failure) [PSYoungGen: 60672K->288K(60928K)] 78662K->18278K(369664K), 0.0030179 secs] [Times: user=0.02 sys=0.00, real=0.00 secs] 
2019-01-01T06:45:02.506+0900: 49349.082: [GC (Allocation Failure) [PSYoungGen: 60704K->352K(60928K)] 78694K->18366K(369664K), 0.0027897 secs] [Times: user=0.01 sys=0.00, real=0.00 secs] 
2019-01-01T06:45:50.039+0900: 49396.615: [GC (Allocation Failure) [PSYoungGen: 60768K->288K(60928K)] 78782K->18326K(369664K), 0.0030204 secs] [Times: user=0.02 sys=0.00, real=0.00 secs] 
2019-01-01T06:46:37.883+0900: 49444.459: [GC (Allocation Failure) [PSYoungGen: 60704K->352K(60928K)] 78742K->18390K(369664K), 0.0030411 secs] [Times: user=0.01 sys=0.00, real=0.01 secs] 
2019-01-01T06:47:25.687+0900: 49492.263: [GC (Allocation Failure) [PSYoungGen: 60768K->256K(60928K)] 78806K->18294K(369664K), 0.0027864 secs] [Times: user=0.01 sys=0.00, real=0.00 secs] 
2019-01-01T06:48:13.271+0900: 49539.847: [GC (Allocation Failure) [PSYoungGen: 60672K->352K(60928K)] 78710K->18390K(369664K), 0.0028920 secs] [Times: user=0.01 sys=0.00, real=0.01 secs] 
2019-01-01T06:49:01.448+0900: 49588.024: [GC (Allocation Failure) [PSYoungGen: 60768K->320K(60928K)] 78806K->18358K(369664K), 0.0029711 secs] [Times: user=0.01 sys=0.00, real=0.00 secs] 
2019-01-01T06:49:49.266+0900: 49635.842: [GC (Allocation Failure) [PSYoungGen: 60736K->320K(60928K)] 78774K->18358K(369664K), 0.0029036 secs] [Times: user=0.01 sys=0.00, real=0.00 secs] 
2019-01-01T06:50:37.252+0900: 49683.828: [GC (Allocation Failure) [PSYoungGen: 60736K->288K(60928K)] 78774K->18326K(369664K), 0.0027946 secs] [Times: user=0.01 sys=0.00, real=0.01 secs] 
2019-01-01T06:51:24.897+0900: 49731.473: [GC (Allocation Failure) [PSYoungGen: 60704K->288K(60928K)] 78742K->18326K(369664K), 0.0025925 secs] [Times: user=0.00 sys=0.01, real=0.00 secs] 
2019-01-01T06:52:12.820+0900: 49779.396: [GC (Allocation Failure) [PSYoungGen: 60704K->256K(60928K)] 78742K->18294K(369664K), 0.0028178 secs] [Times: user=0.01 sys=0.00, real=0.00 secs] 
2019-01-01T06:53:00.430+0900: 49827.005: [GC (Allocation Failure) [PSYoungGen: 60672K->352K(60928K)] 78710K->18390K(369664K), 0.0027549 secs] [Times: user=0.01 sys=0.00, real=0.00 secs] 
2019-01-01T06:53:48.158+0900: 49874.734: [GC (Allocation Failure) [PSYoungGen: 60768K->320K(60928K)] 78806K->18358K(369664K), 0.0029858 secs] [Times: user=0.01 sys=0.00, real=0.00 secs] 
2019-01-01T06:54:36.077+0900: 49922.653: [GC (Allocation Failure) [PSYoungGen: 60736K->288K(60928K)] 78774K->18326K(369664K), 0.0025757 secs] [Times: user=0.02 sys=0.00, real=0.00 secs] 
2019-01-01T06:55:23.995+0900: 49970.571: [GC (Allocation Failure) [PSYoungGen: 60704K->256K(60928K)] 78742K->18310K(369664K), 0.0024687 secs] [Times: user=0.01 sys=0.00, real=0.00 secs] 
2019-01-01T06:56:11.641+0900: 50018.217: [GC (Allocation Failure) [PSYoungGen: 60672K->352K(60928K)] 78726K->18406K(369664K), 0.0031114 secs] [Times: user=0.02 sys=0.00, real=0.01 secs] 
2019-01-01T06:56:59.575+0900: 50066.151: [GC (Allocation Failure) [PSYoungGen: 60768K->320K(60928K)] 78822K->18374K(369664K), 0.0028731 secs] [Times: user=0.01 sys=0.00, real=0.00 secs] 
2019-01-01T06:57:47.565+0900: 50114.141: [GC (Allocation Failure) [PSYoungGen: 60736K->256K(60928K)] 78790K->18310K(369664K), 0.0028875 secs] [Times: user=0.01 sys=0.00, real=0.00 secs] 
2019-01-01T06:58:35.596+0900: 50162.172: [GC (Allocation Failure) [PSYoungGen: 60672K->320K(60928K)] 78726K->18414K(369664K), 0.0025977 secs] [Times: user=0.01 sys=0.00, real=0.00 secs] 
2019-01-01T06:59:22.973+0900: 50209.549: [GC (Allocation Failure) [PSYoungGen: 60736K->320K(60928K)] 78830K->18454K(369664K), 0.0024338 secs] [Times: user=0.01 sys=0.00, real=0.01 secs] 
2019-01-01T07:00:10.596+0900: 50257.172: [GC (Allocation Failure) [PSYoungGen: 60736K->288K(60928K)] 78870K->18422K(369664K), 0.0027037 secs] [Times: user=0.01 sys=0.00, real=0.00 secs] 
2019-01-01T07:00:58.441+0900: 50305.016: [GC (Allocation Failure) [PSYoungGen: 60704K->288K(60928K)] 78838K->18422K(369664K), 0.0027545 secs] [Times: user=0.01 sys=0.00, real=0.00 secs] 
2019-01-01T07:01:46.286+0900: 50352.862: [GC (Allocation Failure) [PSYoungGen: 60704K->352K(60928K)] 78838K->18502K(369664K), 0.0027896 secs] [Times: user=0.01 sys=0.00, real=0.00 secs] 
2019-01-01T07:02:34.000+0900: 50400.576: [GC (Allocation Failure) [PSYoungGen: 60768K->320K(60928K)] 78918K->18470K(369664K), 0.0029293 secs] [Times: user=0.02 sys=0.00, real=0.00 secs] 
2019-01-01T07:03:21.563+0900: 50448.139: [GC (Allocation Failure) [PSYoungGen: 60736K->256K(60928K)] 78886K->18406K(369664K), 0.0026149 secs] [Times: user=0.01 sys=0.00, real=0.01 secs] 
2019-01-01T07:04:09.478+0900: 50496.054: [GC (Allocation Failure) [PSYoungGen: 60672K->352K(60928K)] 78822K->18502K(369664K), 0.0023840 secs] [Times: user=0.01 sys=0.00, real=0.00 secs] 
2019-01-01T07:04:57.345+0900: 50543.920: [GC (Allocation Failure) [PSYoungGen: 60768K->288K(60928K)] 78918K->18438K(369664K), 0.0025004 secs] [Times: user=0.01 sys=0.00, real=0.00 secs] 
2019-01-01T07:05:44.839+0900: 50591.415: [GC (Allocation Failure) [PSYoungGen: 60704K->320K(60928K)] 78854K->18470K(369664K), 0.0025071 secs] [Times: user=0.01 sys=0.00, real=0.00 secs] 
2019-01-01T07:06:32.761+0900: 50639.336: [GC (Allocation Failure) [PSYoungGen: 60736K->320K(60928K)] 78886K->18470K(369664K), 0.0023503 secs] [Times: user=0.02 sys=0.00, real=0.00 secs] 
2019-01-01T07:07:20.537+0900: 50687.112: [GC (Allocation Failure) [PSYoungGen: 60736K->256K(60928K)] 78886K->18414K(369664K), 0.0030209 secs] [Times: user=0.01 sys=0.00, real=0.00 secs] 
2019-01-01T07:08:08.165+0900: 50734.741: [GC (Allocation Failure) [PSYoungGen: 60672K->288K(60928K)] 78830K->18446K(369664K), 0.0030198 secs] [Times: user=0.01 sys=0.00, real=0.00 secs] 
2019-01-01T07:08:56.109+0900: 50782.685: [GC (Allocation Failure) [PSYoungGen: 60704K->352K(60928K)] 78862K->18510K(369664K), 0.0028676 secs] [Times: user=0.01 sys=0.00, real=0.00 secs] 
2019-01-01T07:09:43.665+0900: 50830.241: [GC (Allocation Failure) [PSYoungGen: 60768K->352K(60928K)] 78926K->18510K(369664K), 0.0026845 secs] [Times: user=0.01 sys=0.00, real=0.00 secs] 
2019-01-01T07:10:31.371+0900: 50877.947: [GC (Allocation Failure) [PSYoungGen: 60768K->320K(60928K)] 78926K->18478K(369664K), 0.0028872 secs] [Times: user=0.01 sys=0.00, real=0.01 secs] 
2019-01-01T07:11:19.341+0900: 50925.917: [GC (Allocation Failure) [PSYoungGen: 60736K->320K(60928K)] 78894K->18478K(369664K), 0.0023507 secs] [Times: user=0.01 sys=0.00, real=0.00 secs] 
2019-01-01T07:12:07.058+0900: 50973.634: [GC (Allocation Failure) [PSYoungGen: 60736K->320K(60928K)] 78894K->18478K(369664K), 0.0024461 secs] [Times: user=0.01 sys=0.00, real=0.00 secs] 
2019-01-01T07:12:54.682+0900: 51021.258: [GC (Allocation Failure) [PSYoungGen: 60736K->288K(60928K)] 78894K->18446K(369664K), 0.0028749 secs] [Times: user=0.01 sys=0.00, real=0.01 secs] 
2019-01-01T07:13:42.518+0900: 51069.094: [GC (Allocation Failure) [PSYoungGen: 60704K->320K(60928K)] 78862K->18478K(369664K), 0.0024288 secs] [Times: user=0.01 sys=0.00, real=0.00 secs] 
2019-01-01T07:14:30.689+0900: 51117.265: [GC (Allocation Failure) [PSYoungGen: 60736K->224K(60928K)] 78894K->18398K(369664K), 0.0028546 secs] [Times: user=0.01 sys=0.00, real=0.00 secs] 
2019-01-01T07:15:18.702+0900: 51165.278: [GC (Allocation Failure) [PSYoungGen: 60640K->288K(60928K)] 78814K->18502K(369664K), 0.0024137 secs] [Times: user=0.01 sys=0.00, real=0.01 secs] 
2019-01-01T07:16:06.138+0900: 51212.714: [GC (Allocation Failure) [PSYoungGen: 60704K->352K(60928K)] 78918K->18566K(369664K), 0.0026777 secs] [Times: user=0.02 sys=0.00, real=0.00 secs] 
2019-01-01T07:16:53.851+0900: 51260.427: [GC (Allocation Failure) [PSYoungGen: 60768K->256K(60928K)] 78982K->18470K(369664K), 0.0023632 secs] [Times: user=0.01 sys=0.00, real=0.00 secs] 
2019-01-01T07:17:41.648+0900: 51308.224: [GC (Allocation Failure) [PSYoungGen: 60672K->320K(60928K)] 78886K->18550K(369664K), 0.0024994 secs] [Times: user=0.02 sys=0.00, real=0.00 secs] 
2019-01-01T07:18:29.705+0900: 51356.281: [GC (Allocation Failure) [PSYoungGen: 60736K->288K(60928K)] 78966K->18518K(369664K), 0.0027117 secs] [Times: user=0.01 sys=0.00, real=0.00 secs] 
2019-01-01T07:19:17.606+0900: 51404.182: [GC (Allocation Failure) [PSYoungGen: 60704K->320K(60928K)] 78934K->18606K(369664K), 0.0022617 secs] [Times: user=0.01 sys=0.00, real=0.00 secs] 
2019-01-01T07:20:05.108+0900: 51451.684: [GC (Allocation Failure) [PSYoungGen: 60736K->288K(60928K)] 79022K->18574K(369664K), 0.0028620 secs] [Times: user=0.01 sys=0.00, real=0.00 secs] 
2019-01-01T07:20:52.839+0900: 51499.414: [GC (Allocation Failure) [PSYoungGen: 60704K->256K(60928K)] 78990K->18542K(369664K), 0.0027840 secs] [Times: user=0.01 sys=0.00, real=0.00 secs] 
2019-01-01T07:21:40.664+0900: 51547.240: [GC (Allocation Failure) [PSYoungGen: 60672K->224K(60928K)] 78958K->18510K(369664K), 0.0026767 secs] [Times: user=0.01 sys=0.00, real=0.00 secs] 
2019-01-01T07:22:28.463+0900: 51595.039: [GC (Allocation Failure) [PSYoungGen: 60640K->352K(60928K)] 78926K->18638K(369664K), 0.0027153 secs] [Times: user=0.02 sys=0.00, real=0.01 secs] 
2019-01-01T07:23:15.832+0900: 51642.408: [GC (Allocation Failure) [PSYoungGen: 60768K->288K(60928K)] 79054K->18574K(369664K), 0.0028018 secs] [Times: user=0.01 sys=0.00, real=0.01 secs] 
2019-01-01T07:24:03.902+0900: 51690.478: [GC (Allocation Failure) [PSYoungGen: 60704K->352K(60928K)] 78990K->18638K(369664K), 0.0028438 secs] [Times: user=0.01 sys=0.00, real=0.01 secs] 
2019-01-01T07:24:51.549+0900: 51738.125: [GC (Allocation Failure) [PSYoungGen: 60768K->256K(60928K)] 79054K->18542K(369664K), 0.0024541 secs] [Times: user=0.01 sys=0.00, real=0.00 secs] 
2019-01-01T07:25:39.415+0900: 51785.991: [GC (Allocation Failure) [PSYoungGen: 60672K->224K(60928K)] 78958K->18518K(369664K), 0.0026801 secs] [Times: user=0.00 sys=0.00, real=0.00 secs] 
2019-01-01T07:26:27.336+0900: 51833.912: [GC (Allocation Failure) [PSYoungGen: 60640K->320K(60928K)] 78934K->18614K(369664K), 0.0024741 secs] [Times: user=0.01 sys=0.00, real=0.00 secs] 
2019-01-01T07:27:15.315+0900: 51881.891: [GC (Allocation Failure) [PSYoungGen: 60736K->288K(60928K)] 79030K->18582K(369664K), 0.0029909 secs] [Times: user=0.01 sys=0.00, real=0.00 secs] 
2019-01-01T07:28:02.986+0900: 51929.562: [GC (Allocation Failure) [PSYoungGen: 60704K->288K(60928K)] 78998K->18582K(369664K), 0.0028205 secs] [Times: user=0.01 sys=0.00, real=0.00 secs] 
2019-01-01T07:28:50.681+0900: 51977.257: [GC (Allocation Failure) [PSYoungGen: 60704K->320K(60928K)] 78998K->18614K(369664K), 0.0028033 secs] [Times: user=0.01 sys=0.00, real=0.00 secs] 
2019-01-01T07:29:38.853+0900: 52025.429: [GC (Allocation Failure) [PSYoungGen: 60736K->320K(60928K)] 79030K->18614K(369664K), 0.0024789 secs] [Times: user=0.01 sys=0.00, real=0.01 secs] 
2019-01-01T07:30:26.553+0900: 52073.128: [GC (Allocation Failure) [PSYoungGen: 60736K->224K(60928K)] 79030K->18518K(369664K), 0.0024366 secs] [Times: user=0.01 sys=0.00, real=0.01 secs] 
2019-01-01T07:31:14.254+0900: 52120.830: [GC (Allocation Failure) [PSYoungGen: 60640K->320K(60928K)] 78934K->18614K(369664K), 0.0027530 secs] [Times: user=0.02 sys=0.00, real=0.00 secs] 
2019-01-01T07:32:01.945+0900: 52168.520: [GC (Allocation Failure) [PSYoungGen: 60736K->352K(60928K)] 79030K->18646K(369664K), 0.0028136 secs] [Times: user=0.02 sys=0.00, real=0.00 secs] 
2019-01-01T07:32:49.626+0900: 52216.202: [GC (Allocation Failure) [PSYoungGen: 60768K->288K(60928K)] 79062K->18582K(369664K), 0.0028137 secs] [Times: user=0.01 sys=0.00, real=0.00 secs] 
2019-01-01T07:33:37.457+0900: 52264.033: [GC (Allocation Failure) [PSYoungGen: 60704K->288K(60928K)] 78998K->18598K(369664K), 0.0030959 secs] [Times: user=0.01 sys=0.01, real=0.00 secs] 
2019-01-01T07:34:25.498+0900: 52312.073: [GC (Allocation Failure) [PSYoungGen: 60704K->320K(60928K)] 79014K->18630K(369664K), 0.0031569 secs] [Times: user=0.01 sys=0.00, real=0.00 secs] 
2019-01-01T07:35:13.601+0900: 52360.177: [GC (Allocation Failure) [PSYoungGen: 60736K->320K(60928K)] 79046K->18630K(369664K), 0.0027239 secs] [Times: user=0.01 sys=0.00, real=0.00 secs] 
2019-01-01T07:36:01.408+0900: 52407.984: [GC (Allocation Failure) [PSYoungGen: 60736K->352K(60928K)] 79046K->18662K(369664K), 0.0027247 secs] [Times: user=0.01 sys=0.00, real=0.00 secs] 
2019-01-01T07:36:49.066+0900: 52455.642: [GC (Allocation Failure) [PSYoungGen: 60768K->320K(60928K)] 79078K->18630K(369664K), 0.0028621 secs] [Times: user=0.01 sys=0.00, real=0.00 secs] 
2019-01-01T07:37:37.227+0900: 52503.803: [GC (Allocation Failure) [PSYoungGen: 60736K->288K(60928K)] 79046K->18598K(369664K), 0.0029232 secs] [Times: user=0.01 sys=0.00, real=0.00 secs] 
2019-01-01T07:38:24.746+0900: 52551.322: [GC (Allocation Failure) [PSYoungGen: 60704K->352K(60928K)] 79014K->18662K(369664K), 0.0024499 secs] [Times: user=0.01 sys=0.00, real=0.00 secs] 
2019-01-01T07:39:12.509+0900: 52599.085: [GC (Allocation Failure) [PSYoungGen: 60768K->320K(60928K)] 79078K->18630K(369664K), 0.0029166 secs] [Times: user=0.02 sys=0.00, real=0.00 secs] 
2019-01-01T07:39:59.872+0900: 52646.448: [GC (Allocation Failure) [PSYoungGen: 60736K->288K(60928K)] 79046K->18598K(369664K), 0.0027190 secs] [Times: user=0.01 sys=0.00, real=0.01 secs] 
2019-01-01T07:40:47.992+0900: 52694.568: [GC (Allocation Failure) [PSYoungGen: 60704K->352K(60928K)] 79014K->18662K(369664K), 0.0030096 secs] [Times: user=0.01 sys=0.00, real=0.01 secs] 
2019-01-01T07:41:35.863+0900: 52742.439: [GC (Allocation Failure) [PSYoungGen: 60768K->320K(60928K)] 79078K->18630K(369664K), 0.0031259 secs] [Times: user=0.01 sys=0.01, real=0.01 secs] 
2019-01-01T07:42:23.453+0900: 52790.029: [GC (Allocation Failure) [PSYoungGen: 60736K->352K(60928K)] 79046K->18662K(369664K), 0.0025604 secs] [Times: user=0.01 sys=0.00, real=0.01 secs] 
2019-01-01T07:43:11.114+0900: 52837.690: [GC (Allocation Failure) [PSYoungGen: 60768K->352K(60928K)] 79078K->18662K(369664K), 0.0029426 secs] [Times: user=0.02 sys=0.00, real=0.00 secs] 
2019-01-01T07:43:58.952+0900: 52885.528: [GC (Allocation Failure) [PSYoungGen: 60768K->320K(60928K)] 79078K->18630K(369664K), 0.0026807 secs] [Times: user=0.01 sys=0.00, real=0.01 secs] 
2019-01-01T07:44:46.936+0900: 52933.512: [GC (Allocation Failure) [PSYoungGen: 60736K->288K(60928K)] 79046K->18638K(369664K), 0.0029082 secs] [Times: user=0.01 sys=0.00, real=0.00 secs] 
2019-01-01T07:45:34.831+0900: 52981.407: [GC (Allocation Failure) [PSYoungGen: 60704K->224K(60928K)] 79054K->18606K(369664K), 0.0028417 secs] [Times: user=0.01 sys=0.00, real=0.01 secs] 
2019-01-01T07:46:22.438+0900: 53029.014: [GC (Allocation Failure) [PSYoungGen: 60640K->288K(60928K)] 79022K->18670K(369664K), 0.0027636 secs] [Times: user=0.01 sys=0.00, real=0.00 secs] 
2019-01-01T07:47:10.016+0900: 53076.592: [GC (Allocation Failure) [PSYoungGen: 60704K->320K(60928K)] 79086K->18702K(369664K), 0.0027470 secs] [Times: user=0.02 sys=0.00, real=0.00 secs] 
2019-01-01T07:47:57.718+0900: 53124.294: [GC (Allocation Failure) [PSYoungGen: 60736K->320K(60928K)] 79118K->18702K(369664K), 0.0027751 secs] [Times: user=0.01 sys=0.00, real=0.00 secs] 
2019-01-01T07:48:45.918+0900: 53172.494: [GC (Allocation Failure) [PSYoungGen: 60736K->352K(60928K)] 79118K->18734K(369664K), 0.0024864 secs] [Times: user=0.01 sys=0.00, real=0.00 secs] 
2019-01-01T07:49:33.803+0900: 53220.379: [GC (Allocation Failure) [PSYoungGen: 60768K->288K(60928K)] 79150K->18670K(369664K), 0.0028694 secs] [Times: user=0.02 sys=0.00, real=0.01 secs] 
2019-01-01T07:50:21.354+0900: 53267.930: [GC (Allocation Failure) [PSYoungGen: 60704K->352K(60928K)] 79086K->18734K(369664K), 0.0030449 secs] [Times: user=0.01 sys=0.00, real=0.00 secs] 
2019-01-01T07:51:09.214+0900: 53315.790: [GC (Allocation Failure) [PSYoungGen: 60768K->352K(60928K)] 79150K->18734K(369664K), 0.0029440 secs] [Times: user=0.02 sys=0.00, real=0.00 secs] 
2019-01-01T07:51:57.259+0900: 53363.835: [GC (Allocation Failure) [PSYoungGen: 60768K->352K(60928K)] 79150K->18758K(369664K), 0.0030150 secs] [Times: user=0.01 sys=0.01, real=0.00 secs] 
2019-01-01T07:52:44.927+0900: 53411.503: [GC (Allocation Failure) [PSYoungGen: 60768K->352K(60928K)] 79174K->18758K(369664K), 0.0028735 secs] [Times: user=0.01 sys=0.00, real=0.00 secs] 
2019-01-01T07:53:32.728+0900: 53459.304: [GC (Allocation Failure) [PSYoungGen: 60768K->320K(60928K)] 79174K->18726K(369664K), 0.0027721 secs] [Times: user=0.01 sys=0.00, real=0.00 secs] 
2019-01-01T07:54:20.654+0900: 53507.230: [GC (Allocation Failure) [PSYoungGen: 60736K->256K(60928K)] 79142K->18662K(369664K), 0.0023328 secs] [Times: user=0.01 sys=0.00, real=0.00 secs] 
2019-01-01T07:55:08.499+0900: 53555.075: [GC (Allocation Failure) [PSYoungGen: 60672K->352K(60928K)] 79078K->18758K(369664K), 0.0028079 secs] [Times: user=0.01 sys=0.00, real=0.00 secs] 
2019-01-01T07:55:56.265+0900: 53602.841: [GC (Allocation Failure) [PSYoungGen: 60768K->320K(60928K)] 79174K->18726K(369664K), 0.0028728 secs] [Times: user=0.01 sys=0.01, real=0.00 secs] 
2019-01-01T07:56:43.964+0900: 53650.540: [GC (Allocation Failure) [PSYoungGen: 60736K->352K(60928K)] 79142K->18758K(369664K), 0.0029386 secs] [Times: user=0.01 sys=0.00, real=0.00 secs] 
2019-01-01T07:57:31.578+0900: 53698.154: [GC (Allocation Failure) [PSYoungGen: 60768K->352K(60928K)] 79174K->18758K(369664K), 0.0027962 secs] [Times: user=0.01 sys=0.00, real=0.00 secs] 
2019-01-01T07:58:19.258+0900: 53745.834: [GC (Allocation Failure) [PSYoungGen: 60768K->352K(60928K)] 79174K->18758K(369664K), 0.0028337 secs] [Times: user=0.01 sys=0.00, real=0.00 secs] 
2019-01-01T07:59:07.290+0900: 53793.866: [GC (Allocation Failure) [PSYoungGen: 60768K->352K(60928K)] 79174K->18766K(369664K), 0.0029631 secs] [Times: user=0.01 sys=0.00, real=0.00 secs] 
2019-01-01T07:59:54.635+0900: 53841.211: [GC (Allocation Failure) [PSYoungGen: 60768K->352K(60928K)] 79182K->18782K(369664K), 0.0030106 secs] [Times: user=0.01 sys=0.01, real=0.00 secs] 
2019-01-01T08:00:42.645+0900: 53889.221: [GC (Allocation Failure) [PSYoungGen: 60768K->320K(60928K)] 79198K->18750K(369664K), 0.0023666 secs] [Times: user=0.01 sys=0.00, real=0.00 secs] 
2019-01-01T08:01:30.296+0900: 53936.872: [GC (Allocation Failure) [PSYoungGen: 60736K->352K(60928K)] 79166K->18798K(369664K), 0.0027353 secs] [Times: user=0.01 sys=0.00, real=0.00 secs] 
2019-01-01T08:02:18.008+0900: 53984.584: [GC (Allocation Failure) [PSYoungGen: 60768K->288K(60928K)] 79214K->18734K(369664K), 0.0024057 secs] [Times: user=0.01 sys=0.00, real=0.00 secs] 
2019-01-01T08:03:05.372+0900: 54031.948: [GC (Allocation Failure) [PSYoungGen: 60704K->288K(60928K)] 79150K->18734K(369664K), 0.0032912 secs] [Times: user=0.01 sys=0.00, real=0.01 secs] 
2019-01-01T08:03:53.053+0900: 54079.629: [GC (Allocation Failure) [PSYoungGen: 60704K->288K(60928K)] 79150K->18734K(369664K), 0.0027067 secs] [Times: user=0.01 sys=0.00, real=0.01 secs] 
2019-01-01T08:04:40.801+0900: 54127.377: [GC (Allocation Failure) [PSYoungGen: 60704K->352K(60928K)] 79150K->18798K(369664K), 0.0023764 secs] [Times: user=0.02 sys=0.00, real=0.01 secs] 
2019-01-01T08:05:28.558+0900: 54175.134: [GC (Allocation Failure) [PSYoungGen: 60768K->256K(60928K)] 79214K->18702K(369664K), 0.0029232 secs] [Times: user=0.01 sys=0.00, real=0.00 secs] 
2019-01-01T08:06:16.184+0900: 54222.760: [GC (Allocation Failure) [PSYoungGen: 60672K->256K(60928K)] 79118K->18702K(369664K), 0.0026046 secs] [Times: user=0.01 sys=0.00, real=0.00 secs] 
2019-01-01T08:07:04.379+0900: 54270.955: [GC (Allocation Failure) [PSYoungGen: 60672K->352K(60928K)] 79118K->18798K(369664K), 0.0029760 secs] [Times: user=0.01 sys=0.00, real=0.00 secs] 
2019-01-01T08:07:52.043+0900: 54318.619: [GC (Allocation Failure) [PSYoungGen: 60768K->352K(60928K)] 79214K->18814K(369664K), 0.0027966 secs] [Times: user=0.01 sys=0.00, real=0.01 secs] 
2019-01-01T08:08:39.759+0900: 54366.335: [GC (Allocation Failure) [PSYoungGen: 60768K->320K(60928K)] 79230K->18782K(369664K), 0.0028964 secs] [Times: user=0.00 sys=0.01, real=0.00 secs] 
2019-01-01T08:09:27.170+0900: 54413.746: [GC (Allocation Failure) [PSYoungGen: 60736K->352K(60928K)] 79198K->18814K(369664K), 0.0029450 secs] [Times: user=0.01 sys=0.01, real=0.00 secs] 
2019-01-01T08:10:15.063+0900: 54461.639: [GC (Allocation Failure) [PSYoungGen: 60768K->224K(60928K)] 79230K->18686K(369664K), 0.0027224 secs] [Times: user=0.00 sys=0.00, real=0.01 secs] 
2019-01-01T08:11:02.334+0900: 54508.910: [GC (Allocation Failure) [PSYoungGen: 60640K->224K(60928K)] 79102K->18702K(369664K), 0.0028828 secs] [Times: user=0.01 sys=0.00, real=0.00 secs] 
2019-01-01T08:11:49.892+0900: 54556.468: [GC (Allocation Failure) [PSYoungGen: 60640K->352K(60928K)] 79118K->18830K(369664K), 0.0027310 secs] [Times: user=0.00 sys=0.01, real=0.01 secs] 
2019-01-01T08:12:37.714+0900: 54604.289: [GC (Allocation Failure) [PSYoungGen: 60768K->352K(60928K)] 79246K->18830K(369664K), 0.0024424 secs] [Times: user=0.01 sys=0.00, real=0.01 secs] 
2019-01-01T08:13:25.462+0900: 54652.038: [GC (Allocation Failure) [PSYoungGen: 60768K->352K(60928K)] 79246K->18830K(369664K), 0.0024762 secs] [Times: user=0.01 sys=0.00, real=0.01 secs] 
2019-01-01T08:14:13.181+0900: 54699.757: [GC (Allocation Failure) [PSYoungGen: 60768K->288K(60928K)] 79246K->18766K(369664K), 0.0028284 secs] [Times: user=0.02 sys=0.00, real=0.01 secs] 
2019-01-01T08:15:01.025+0900: 54747.601: [GC (Allocation Failure) [PSYoungGen: 60704K->352K(60928K)] 79182K->18846K(369664K), 0.0025742 secs] [Times: user=0.01 sys=0.00, real=0.00 secs] 
2019-01-01T08:15:48.628+0900: 54795.204: [GC (Allocation Failure) [PSYoungGen: 60768K->288K(60928K)] 79262K->18790K(369664K), 0.0028683 secs] [Times: user=0.01 sys=0.00, real=0.00 secs] 
2019-01-01T08:16:36.159+0900: 54842.735: [GC (Allocation Failure) [PSYoungGen: 60704K->288K(60928K)] 79206K->18790K(369664K), 0.0029185 secs] [Times: user=0.01 sys=0.00, real=0.00 secs] 
2019-01-01T08:17:23.853+0900: 54890.429: [GC (Allocation Failure) [PSYoungGen: 60704K->320K(60928K)] 79206K->18822K(369664K), 0.0028042 secs] [Times: user=0.01 sys=0.01, real=0.01 secs] 
2019-01-01T08:18:11.992+0900: 54938.568: [GC (Allocation Failure) [PSYoungGen: 60736K->320K(60928K)] 79238K->18822K(369664K), 0.0027294 secs] [Times: user=0.01 sys=0.00, real=0.01 secs] 
2019-01-01T08:18:59.253+0900: 54985.829: [GC (Allocation Failure) [PSYoungGen: 60736K->352K(60928K)] 79238K->18854K(369664K), 0.0025441 secs] [Times: user=0.01 sys=0.00, real=0.01 secs] 
2019-01-01T08:19:46.919+0900: 55033.495: [GC (Allocation Failure) [PSYoungGen: 60768K->224K(60928K)] 79270K->18734K(369664K), 0.0023485 secs] [Times: user=0.01 sys=0.00, real=0.00 secs] 
2019-01-01T08:20:34.728+0900: 55081.304: [GC (Allocation Failure) [PSYoungGen: 60640K->320K(60928K)] 79150K->18830K(369664K), 0.0028286 secs] [Times: user=0.01 sys=0.00, real=0.00 secs] 
2019-01-01T08:21:22.637+0900: 55129.213: [GC (Allocation Failure) [PSYoungGen: 60736K->288K(60928K)] 79246K->18798K(369664K), 0.0027082 secs] [Times: user=0.01 sys=0.00, real=0.00 secs] 
2019-01-01T08:22:10.007+0900: 55176.583: [GC (Allocation Failure) [PSYoungGen: 60704K->256K(60928K)] 79214K->18766K(369664K), 0.0024446 secs] [Times: user=0.01 sys=0.00, real=0.00 secs] 
2019-01-01T08:22:57.618+0900: 55224.194: [GC (Allocation Failure) [PSYoungGen: 60672K->320K(60928K)] 79182K->18830K(369664K), 0.0024279 secs] [Times: user=0.01 sys=0.00, real=0.00 secs] 
2019-01-01T08:23:45.353+0900: 55271.929: [GC (Allocation Failure) [PSYoungGen: 60736K->288K(60928K)] 79246K->18798K(369664K), 0.0028413 secs] [Times: user=0.01 sys=0.00, real=0.01 secs] 
2019-01-01T08:24:33.154+0900: 55319.730: [GC (Allocation Failure) [PSYoungGen: 60704K->320K(60928K)] 79214K->18830K(369664K), 0.0027857 secs] [Times: user=0.00 sys=0.01, real=0.00 secs] 
2019-01-01T08:25:20.955+0900: 55367.531: [GC (Allocation Failure) [PSYoungGen: 60736K->288K(60928K)] 79246K->18798K(369664K), 0.0024978 secs] [Times: user=0.00 sys=0.00, real=0.00 secs] 
2019-01-01T08:26:08.735+0900: 55415.311: [GC (Allocation Failure) [PSYoungGen: 60704K->256K(60928K)] 79214K->18766K(369664K), 0.0027960 secs] [Times: user=0.01 sys=0.00, real=0.00 secs] 
2019-01-01T08:26:56.457+0900: 55463.033: [GC (Allocation Failure) [PSYoungGen: 60672K->320K(60928K)] 79182K->18830K(369664K), 0.0024549 secs] [Times: user=0.01 sys=0.00, real=0.00 secs] 
2019-01-01T08:27:44.378+0900: 55510.954: [GC (Allocation Failure) [PSYoungGen: 60736K->352K(60928K)] 79246K->18862K(369664K), 0.0026840 secs] [Times: user=0.01 sys=0.00, real=0.00 secs] 
2019-01-01T08:28:32.260+0900: 55558.836: [GC (Allocation Failure) [PSYoungGen: 60768K->224K(60928K)] 79278K->18742K(369664K), 0.0035959 secs] [Times: user=0.02 sys=0.00, real=0.01 secs] 
2019-01-01T08:29:20.107+0900: 55606.683: [GC (Allocation Failure) [PSYoungGen: 60640K->352K(60928K)] 79158K->18870K(369664K), 0.0024834 secs] [Times: user=0.01 sys=0.00, real=0.00 secs] 
2019-01-01T08:30:07.955+0900: 55654.531: [GC (Allocation Failure) [PSYoungGen: 60768K->320K(60928K)] 79286K->18838K(369664K), 0.0026515 secs] [Times: user=0.01 sys=0.00, real=0.00 secs] 
2019-01-01T08:30:55.644+0900: 55702.220: [GC (Allocation Failure) [PSYoungGen: 60736K->352K(60928K)] 79254K->18870K(369664K), 0.0029529 secs] [Times: user=0.00 sys=0.01, real=0.00 secs] 
2019-01-01T08:31:43.336+0900: 55749.912: [GC (Allocation Failure) [PSYoungGen: 60768K->288K(60928K)] 79286K->18806K(369664K), 0.0025797 secs] [Times: user=0.01 sys=0.00, real=0.00 secs] 
2019-01-01T08:32:31.097+0900: 55797.673: [GC (Allocation Failure) [PSYoungGen: 60704K->352K(60928K)] 79222K->18878K(369664K), 0.0030500 secs] [Times: user=0.01 sys=0.00, real=0.00 secs] 
2019-01-01T08:33:18.770+0900: 55845.346: [GC (Allocation Failure) [PSYoungGen: 60768K->320K(60928K)] 79294K->18846K(369664K), 0.0026701 secs] [Times: user=0.01 sys=0.00, real=0.00 secs] 
2019-01-01T08:34:06.310+0900: 55892.886: [GC (Allocation Failure) [PSYoungGen: 60736K->288K(60928K)] 79262K->18814K(369664K), 0.0027478 secs] [Times: user=0.01 sys=0.00, real=0.00 secs] 
2019-01-01T08:34:54.095+0900: 55940.670: [GC (Allocation Failure) [PSYoungGen: 60704K->352K(60928K)] 79230K->18878K(369664K), 0.0028501 secs] [Times: user=0.01 sys=0.00, real=0.00 secs] 
2019-01-01T08:35:42.197+0900: 55988.773: [GC (Allocation Failure) [PSYoungGen: 60768K->288K(60928K)] 79294K->18814K(369664K), 0.0026095 secs] [Times: user=0.01 sys=0.00, real=0.00 secs] 
2019-01-01T08:36:29.988+0900: 56036.564: [GC (Allocation Failure) [PSYoungGen: 60704K->320K(60928K)] 79230K->18846K(369664K), 0.0027284 secs] [Times: user=0.00 sys=0.00, real=0.00 secs] 
2019-01-01T08:37:17.166+0900: 56083.742: [GC (Allocation Failure) [PSYoungGen: 60736K->288K(60928K)] 79262K->18814K(369664K), 0.0023061 secs] [Times: user=0.01 sys=0.00, real=0.00 secs] 
2019-01-01T08:38:04.859+0900: 56131.435: [GC (Allocation Failure) [PSYoungGen: 60704K->352K(60928K)] 79230K->18878K(369664K), 0.0026566 secs] [Times: user=0.01 sys=0.00, real=0.00 secs] 
2019-01-01T08:38:52.599+0900: 56179.175: [GC (Allocation Failure) [PSYoungGen: 60768K->288K(60928K)] 79294K->18814K(369664K), 0.0028419 secs] [Times: user=0.01 sys=0.00, real=0.00 secs] 
2019-01-01T08:39:40.372+0900: 56226.948: [GC (Allocation Failure) [PSYoungGen: 60704K->352K(60928K)] 79230K->18878K(369664K), 0.0028182 secs] [Times: user=0.01 sys=0.00, real=0.01 secs] 
2019-01-01T08:40:28.435+0900: 56275.011: [GC (Allocation Failure) [PSYoungGen: 60768K->288K(60928K)] 79294K->18814K(369664K), 0.0028472 secs] [Times: user=0.01 sys=0.00, real=0.00 secs] 
2019-01-01T08:41:15.642+0900: 56322.218: [GC (Allocation Failure) [PSYoungGen: 60704K->320K(60928K)] 79230K->18846K(369664K), 0.0027862 secs] [Times: user=0.01 sys=0.00, real=0.01 secs] 
2019-01-01T08:42:03.564+0900: 56370.140: [GC (Allocation Failure) [PSYoungGen: 60736K->352K(60928K)] 79262K->18886K(369664K), 0.0033332 secs] [Times: user=0.01 sys=0.00, real=0.00 secs] 
2019-01-01T08:42:51.321+0900: 56417.897: [GC (Allocation Failure) [PSYoungGen: 60768K->224K(60928K)] 79302K->18758K(369664K), 0.0025349 secs] [Times: user=0.01 sys=0.00, real=0.00 secs] 
2019-01-01T08:43:39.212+0900: 56465.788: [GC (Allocation Failure) [PSYoungGen: 60640K->320K(60928K)] 79174K->18854K(369664K), 0.0029266 secs] [Times: user=0.01 sys=0.00, real=0.01 secs] 
2019-01-01T08:44:26.682+0900: 56513.258: [GC (Allocation Failure) [PSYoungGen: 60736K->288K(60928K)] 79270K->18830K(369664K), 0.0028734 secs] [Times: user=0.01 sys=0.00, real=0.01 secs] 
2019-01-01T08:45:14.597+0900: 56561.173: [GC (Allocation Failure) [PSYoungGen: 60704K->320K(60928K)] 79246K->18870K(369664K), 0.0028493 secs] [Times: user=0.01 sys=0.00, real=0.00 secs] 
2019-01-01T08:46:02.373+0900: 56608.949: [GC (Allocation Failure) [PSYoungGen: 60736K->352K(60928K)] 79286K->18902K(369664K), 0.0029142 secs] [Times: user=0.01 sys=0.00, real=0.01 secs] 
2019-01-01T08:46:49.980+0900: 56656.556: [GC (Allocation Failure) [PSYoungGen: 60768K->288K(60928K)] 79318K->18838K(369664K), 0.0024002 secs] [Times: user=0.00 sys=0.00, real=0.00 secs] 
2019-01-01T08:47:38.179+0900: 56704.754: [GC (Allocation Failure) [PSYoungGen: 60704K->288K(60928K)] 79254K->18838K(369664K), 0.0027079 secs] [Times: user=0.01 sys=0.00, real=0.00 secs] 
2019-01-01T08:48:25.968+0900: 56752.544: [GC (Allocation Failure) [PSYoungGen: 60704K->256K(60928K)] 79254K->18806K(369664K), 0.0030711 secs] [Times: user=0.01 sys=0.00, real=0.00 secs] 
2019-01-01T08:49:13.565+0900: 56800.141: [GC (Allocation Failure) [PSYoungGen: 60672K->352K(60928K)] 79222K->18902K(369664K), 0.0024471 secs] [Times: user=0.01 sys=0.00, real=0.00 secs] 
2019-01-01T08:50:01.526+0900: 56848.101: [GC (Allocation Failure) [PSYoungGen: 60768K->320K(60928K)] 79318K->18910K(369664K), 0.0024586 secs] [Times: user=0.01 sys=0.00, real=0.00 secs] 
2019-01-01T08:50:48.963+0900: 56895.539: [GC (Allocation Failure) [PSYoungGen: 60736K->352K(60928K)] 79326K->18942K(369664K), 0.0029012 secs] [Times: user=0.01 sys=0.00, real=0.01 secs] 
2019-01-01T08:51:36.763+0900: 56943.339: [GC (Allocation Failure) [PSYoungGen: 60768K->352K(60928K)] 79358K->18942K(369664K), 0.0026519 secs] [Times: user=0.01 sys=0.00, real=0.01 secs] 
2019-01-01T08:52:24.522+0900: 56991.098: [GC (Allocation Failure) [PSYoungGen: 60768K->192K(60928K)] 79358K->18782K(369664K), 0.0030197 secs] [Times: user=0.01 sys=0.00, real=0.01 secs] 
2019-01-01T08:53:12.376+0900: 57038.951: [GC (Allocation Failure) [PSYoungGen: 60608K->320K(60928K)] 79198K->18918K(369664K), 0.0026862 secs] [Times: user=0.01 sys=0.00, real=0.00 secs] 
2019-01-01T08:53:59.720+0900: 57086.296: [GC (Allocation Failure) [PSYoungGen: 60736K->352K(60928K)] 79334K->18950K(369664K), 0.0028154 secs] [Times: user=0.02 sys=0.00, real=0.00 secs] 
2019-01-01T08:54:47.333+0900: 57133.909: [GC (Allocation Failure) [PSYoungGen: 60768K->320K(60928K)] 79366K->18918K(369664K), 0.0027463 secs] [Times: user=0.01 sys=0.00, real=0.01 secs] 
2019-01-01T08:55:35.074+0900: 57181.650: [GC (Allocation Failure) [PSYoungGen: 60736K->224K(60928K)] 79334K->18822K(369664K), 0.0028320 secs] [Times: user=0.01 sys=0.00, real=0.00 secs] 
2019-01-01T08:56:22.543+0900: 57229.118: [GC (Allocation Failure) [PSYoungGen: 60640K->288K(60928K)] 79238K->18886K(369664K), 0.0028469 secs] [Times: user=0.01 sys=0.00, real=0.01 secs] 
2019-01-01T08:57:10.470+0900: 57277.046: [GC (Allocation Failure) [PSYoungGen: 60704K->320K(60928K)] 79302K->18918K(369664K), 0.0028058 secs] [Times: user=0.01 sys=0.00, real=0.00 secs] 
2019-01-01T08:57:58.085+0900: 57324.661: [GC (Allocation Failure) [PSYoungGen: 60736K->256K(60928K)] 79334K->18854K(369664K), 0.0026639 secs] [Times: user=0.01 sys=0.00, real=0.00 secs] 
2019-01-01T08:58:45.787+0900: 57372.363: [GC (Allocation Failure) [PSYoungGen: 60672K->352K(60928K)] 79270K->18950K(369664K), 0.0028093 secs] [Times: user=0.00 sys=0.00, real=0.00 secs] 
2019-01-01T08:59:33.899+0900: 57420.475: [GC (Allocation Failure) [PSYoungGen: 60768K->288K(60928K)] 79366K->18886K(369664K), 0.0029543 secs] [Times: user=0.02 sys=0.00, real=0.00 secs] 
2019-01-01T09:00:21.230+0900: 57467.806: [GC (Allocation Failure) [PSYoungGen: 60704K->320K(60928K)] 79302K->18926K(369664K), 0.0023897 secs] [Times: user=0.01 sys=0.00, real=0.00 secs] 
2019-01-01T09:01:08.926+0900: 57515.502: [GC (Allocation Failure) [PSYoungGen: 60736K->352K(60928K)] 79342K->18958K(369664K), 0.0024584 secs] [Times: user=0.01 sys=0.00, real=0.00 secs] 
2019-01-01T09:01:56.795+0900: 57563.371: [GC (Allocation Failure) [PSYoungGen: 60768K->320K(60928K)] 79374K->18926K(369664K), 0.0028612 secs] [Times: user=0.01 sys=0.01, real=0.00 secs] 
2019-01-01T09:02:43.871+0900: 57610.446: [GC (Allocation Failure) [PSYoungGen: 60736K->288K(60928K)] 79342K->18894K(369664K), 0.0026464 secs] [Times: user=0.01 sys=0.00, real=0.00 secs] 
2019-01-01T09:03:31.823+0900: 57658.399: [GC (Allocation Failure) [PSYoungGen: 60704K->320K(60928K)] 79310K->18926K(369664K), 0.0023735 secs] [Times: user=0.01 sys=0.00, real=0.01 secs] 
2019-01-01T09:04:19.440+0900: 57706.016: [GC (Allocation Failure) [PSYoungGen: 60736K->288K(60928K)] 79342K->18894K(369664K), 0.0028741 secs] [Times: user=0.01 sys=0.00, real=0.00 secs] 
2019-01-01T09:05:07.352+0900: 57753.928: [GC (Allocation Failure) [PSYoungGen: 60704K->320K(60928K)] 79310K->18926K(369664K), 0.0027706 secs] [Times: user=0.01 sys=0.00, real=0.01 secs] 
2019-01-01T09:05:55.169+0900: 57801.745: [GC (Allocation Failure) [PSYoungGen: 60736K->320K(60928K)] 79342K->18926K(369664K), 0.0025282 secs] [Times: user=0.02 sys=0.00, real=0.00 secs] 
2019-01-01T09:06:42.780+0900: 57849.356: [GC (Allocation Failure) [PSYoungGen: 60736K->352K(60928K)] 79342K->18958K(369664K), 0.0028328 secs] [Times: user=0.01 sys=0.00, real=0.00 secs] 
2019-01-01T09:07:30.369+0900: 57896.945: [GC (Allocation Failure) [PSYoungGen: 60768K->224K(60928K)] 79374K->18838K(369664K), 0.0029154 secs] [Times: user=0.01 sys=0.00, real=0.00 secs] 
2019-01-01T09:08:18.171+0900: 57944.747: [GC (Allocation Failure) [PSYoungGen: 60640K->320K(60928K)] 79254K->18934K(369664K), 0.0028035 secs] [Times: user=0.01 sys=0.00, real=0.01 secs] 
2019-01-01T09:09:06.009+0900: 57992.585: [GC (Allocation Failure) [PSYoungGen: 60736K->320K(60928K)] 79350K->18934K(369664K), 0.0028543 secs] [Times: user=0.01 sys=0.00, real=0.00 secs] 
2019-01-01T09:09:53.558+0900: 58040.133: [GC (Allocation Failure) [PSYoungGen: 60736K->256K(60928K)] 79350K->18870K(369664K), 0.0029391 secs] [Times: user=0.01 sys=0.00, real=0.00 secs] 
2019-01-01T09:10:41.585+0900: 58088.161: [GC (Allocation Failure) [PSYoungGen: 60672K->320K(60928K)] 79286K->18934K(369664K), 0.0024155 secs] [Times: user=0.01 sys=0.00, real=0.00 secs] 
2019-01-01T09:11:29.009+0900: 58135.585: [GC (Allocation Failure) [PSYoungGen: 60736K->320K(60928K)] 79350K->18934K(369664K), 0.0029351 secs] [Times: user=0.01 sys=0.00, real=0.00 secs] 
2019-01-01T09:12:16.644+0900: 58183.220: [GC (Allocation Failure) [PSYoungGen: 60736K->256K(60928K)] 79350K->18870K(369664K), 0.0027156 secs] [Times: user=0.01 sys=0.00, real=0.00 secs] 
2019-01-01T09:13:04.593+0900: 58231.169: [GC (Allocation Failure) [PSYoungGen: 60672K->288K(60928K)] 79286K->18902K(369664K), 0.0027486 secs] [Times: user=0.01 sys=0.00, real=0.01 secs] 
2019-01-01T09:13:52.497+0900: 58279.073: [GC (Allocation Failure) [PSYoungGen: 60704K->320K(60928K)] 79318K->18934K(369664K), 0.0028317 secs] [Times: user=0.01 sys=0.00, real=0.00 secs] 
2019-01-01T09:14:40.487+0900: 58327.063: [GC (Allocation Failure) [PSYoungGen: 60736K->352K(60928K)] 79350K->18990K(369664K), 0.0028467 secs] [Times: user=0.01 sys=0.00, real=0.00 secs] 
2019-01-01T09:15:27.910+0900: 58374.486: [GC (Allocation Failure) [PSYoungGen: 60768K->352K(60928K)] 79406K->19006K(369664K), 0.0027695 secs] [Times: user=0.00 sys=0.00, real=0.00 secs] 
2019-01-01T09:16:15.926+0900: 58422.502: [GC (Allocation Failure) [PSYoungGen: 60768K->320K(60928K)] 79422K->18974K(369664K), 0.0027448 secs] [Times: user=0.01 sys=0.00, real=0.00 secs] 
2019-01-01T09:17:03.378+0900: 58469.954: [GC (Allocation Failure) [PSYoungGen: 60736K->288K(60928K)] 79390K->18942K(369664K), 0.0023961 secs] [Times: user=0.01 sys=0.00, real=0.00 secs] 
2019-01-01T09:17:51.137+0900: 58517.713: [GC (Allocation Failure) [PSYoungGen: 60704K->320K(60928K)] 79358K->18974K(369664K), 0.0029213 secs] [Times: user=0.01 sys=0.00, real=0.00 secs] 
2019-01-01T09:18:38.892+0900: 58565.468: [GC (Allocation Failure) [PSYoungGen: 60736K->224K(60928K)] 79390K->18886K(369664K), 0.0024210 secs] [Times: user=0.01 sys=0.00, real=0.01 secs] 
2019-01-01T09:19:26.867+0900: 58613.443: [GC (Allocation Failure) [PSYoungGen: 60640K->320K(60928K)] 79302K->18982K(369664K), 0.0031277 secs] [Times: user=0.01 sys=0.00, real=0.00 secs] 
2019-01-01T09:20:14.875+0900: 58661.451: [GC (Allocation Failure) [PSYoungGen: 60736K->256K(60928K)] 79398K->18918K(369664K), 0.0024246 secs] [Times: user=0.01 sys=0.00, real=0.00 secs] 
2019-01-01T09:21:02.316+0900: 58708.892: [GC (Allocation Failure) [PSYoungGen: 60672K->288K(60928K)] 79334K->18950K(369664K), 0.0027462 secs] [Times: user=0.01 sys=0.00, real=0.00 secs] 
2019-01-01T09:21:50.368+0900: 58756.944: [GC (Allocation Failure) [PSYoungGen: 60704K->256K(60928K)] 79366K->18918K(369664K), 0.0024162 secs] [Times: user=0.01 sys=0.00, real=0.00 secs] 
2019-01-01T09:22:37.977+0900: 58804.553: [GC (Allocation Failure) [PSYoungGen: 60672K->320K(60928K)] 79334K->18982K(369664K), 0.0026618 secs] [Times: user=0.02 sys=0.00, real=0.00 secs] 
2019-01-01T09:23:25.821+0900: 58852.397: [GC (Allocation Failure) [PSYoungGen: 60736K->224K(60928K)] 79398K->18894K(369664K), 0.0024349 secs] [Times: user=0.01 sys=0.00, real=0.00 secs] 
2019-01-01T09:24:13.657+0900: 58900.233: [GC (Allocation Failure) [PSYoungGen: 60640K->320K(60928K)] 79310K->18990K(369664K), 0.0028525 secs] [Times: user=0.01 sys=0.00, real=0.00 secs] 
2019-01-01T09:25:01.274+0900: 58947.850: [GC (Allocation Failure) [PSYoungGen: 60736K->288K(60928K)] 79406K->18958K(369664K), 0.0027499 secs] [Times: user=0.01 sys=0.00, real=0.00 secs] 
2019-01-01T09:25:49.127+0900: 58995.703: [GC (Allocation Failure) [PSYoungGen: 60704K->320K(60928K)] 79374K->18990K(369664K), 0.0027022 secs] [Times: user=0.01 sys=0.00, real=0.00 secs] 
2019-01-01T09:26:36.841+0900: 59043.417: [GC (Allocation Failure) [PSYoungGen: 60734K->352K(60928K)] 79404K->19038K(369664K), 0.0024504 secs] [Times: user=0.00 sys=0.01, real=0.01 secs] 
2019-01-01T09:27:24.769+0900: 59091.345: [GC (Allocation Failure) [PSYoungGen: 60768K->256K(60928K)] 79454K->18974K(369664K), 0.0028119 secs] [Times: user=0.01 sys=0.00, real=0.00 secs] 
2019-01-01T09:28:12.070+0900: 59138.646: [GC (Allocation Failure) [PSYoungGen: 60672K->288K(60928K)] 79390K->19014K(369664K), 0.0027494 secs] [Times: user=0.01 sys=0.00, real=0.00 secs] 
2019-01-01T09:28:59.830+0900: 59186.406: [GC (Allocation Failure) [PSYoungGen: 60704K->288K(60928K)] 79430K->19014K(369664K), 0.0028339 secs] [Times: user=0.01 sys=0.00, real=0.00 secs] 
2019-01-01T09:29:47.347+0900: 59233.923: [GC (Allocation Failure) [PSYoungGen: 60704K->288K(60928K)] 79430K->19014K(369664K), 0.0027941 secs] [Times: user=0.01 sys=0.00, real=0.00 secs] 
2019-01-01T09:30:34.991+0900: 59281.567: [GC (Allocation Failure) [PSYoungGen: 60704K->320K(60928K)] 79430K->19046K(369664K), 0.0027768 secs] [Times: user=0.01 sys=0.00, real=0.00 secs] 
2019-01-01T09:31:22.760+0900: 59329.335: [GC (Allocation Failure) [PSYoungGen: 60736K->256K(60928K)] 79462K->18982K(369664K), 0.0028510 secs] [Times: user=0.01 sys=0.00, real=0.00 secs] 
2019-01-01T09:32:10.644+0900: 59377.220: [GC (Allocation Failure) [PSYoungGen: 60672K->352K(60928K)] 79398K->19078K(369664K), 0.0024206 secs] [Times: user=0.01 sys=0.00, real=0.00 secs] 
2019-01-01T09:32:57.806+0900: 59424.382: [GC (Allocation Failure) [PSYoungGen: 60768K->320K(60928K)] 79494K->19046K(369664K), 0.0028325 secs] [Times: user=0.01 sys=0.00, real=0.00 secs] 
2019-01-01T09:33:45.578+0900: 59472.154: [GC (Allocation Failure) [PSYoungGen: 60736K->320K(60928K)] 79462K->19046K(369664K), 0.0028281 secs] [Times: user=0.02 sys=0.00, real=0.00 secs] 
2019-01-01T09:34:33.470+0900: 59520.046: [GC (Allocation Failure) [PSYoungGen: 60736K->320K(60928K)] 79462K->19046K(369664K), 0.0029684 secs] [Times: user=0.02 sys=0.01, real=0.00 secs] 
2019-01-01T09:35:21.305+0900: 59567.881: [GC (Allocation Failure) [PSYoungGen: 60736K->320K(60928K)] 79462K->19046K(369664K), 0.0025788 secs] [Times: user=0.00 sys=0.00, real=0.00 secs] 
2019-01-01T09:36:08.934+0900: 59615.510: [GC (Allocation Failure) [PSYoungGen: 60736K->320K(60928K)] 79462K->19046K(369664K), 0.0028759 secs] [Times: user=0.01 sys=0.00, real=0.00 secs] 
2019-01-01T09:36:57.053+0900: 59663.629: [GC (Allocation Failure) [PSYoungGen: 60736K->320K(60928K)] 79462K->19046K(369664K), 0.0027436 secs] [Times: user=0.01 sys=0.00, real=0.01 secs] 
2019-01-01T09:37:44.880+0900: 59711.456: [GC (Allocation Failure) [PSYoungGen: 60736K->352K(60928K)] 79462K->19078K(369664K), 0.0025148 secs] [Times: user=0.01 sys=0.00, real=0.00 secs] 
2019-01-01T09:38:32.438+0900: 59759.014: [GC (Allocation Failure) [PSYoungGen: 60768K->224K(60928K)] 79494K->18950K(369664K), 0.0024664 secs] [Times: user=0.01 sys=0.00, real=0.00 secs] 
2019-01-01T09:39:20.124+0900: 59806.700: [GC (Allocation Failure) [PSYoungGen: 60640K->352K(60928K)] 79366K->19078K(369664K), 0.0026653 secs] [Times: user=0.01 sys=0.00, real=0.00 secs] 
2019-01-01T09:40:07.977+0900: 59854.553: [GC (Allocation Failure) [PSYoungGen: 60768K->352K(60928K)] 79494K->19078K(369664K), 0.0027833 secs] [Times: user=0.01 sys=0.00, real=0.00 secs] 
2019-01-01T09:40:56.009+0900: 59902.585: [GC (Allocation Failure) [PSYoungGen: 60768K->320K(60928K)] 79494K->19070K(369664K), 0.0027186 secs] [Times: user=0.02 sys=0.00, real=0.00 secs] 
2019-01-01T09:41:43.499+0900: 59950.075: [GC (Allocation Failure) [PSYoungGen: 60736K->288K(60928K)] 79486K->19038K(369664K), 0.0028899 secs] [Times: user=0.01 sys=0.00, real=0.00 secs] 
2019-01-01T09:42:31.400+0900: 59997.976: [GC (Allocation Failure) [PSYoungGen: 60704K->352K(60928K)] 79454K->19110K(369664K), 0.0026136 secs] [Times: user=0.01 sys=0.00, real=0.00 secs] 
2019-01-01T09:43:19.292+0900: 60045.868: [GC (Allocation Failure) [PSYoungGen: 60768K->256K(60928K)] 79526K->19014K(369664K), 0.0024266 secs] [Times: user=0.01 sys=0.00, real=0.01 secs] 
2019-01-01T09:44:07.086+0900: 60093.662: [GC (Allocation Failure) [PSYoungGen: 60672K->352K(60928K)] 79430K->19118K(369664K), 0.0026255 secs] [Times: user=0.01 sys=0.00, real=0.00 secs] 
2019-01-01T09:44:54.640+0900: 60141.216: [GC (Allocation Failure) [PSYoungGen: 60768K->320K(60928K)] 79534K->19110K(369664K), 0.0028040 secs] [Times: user=0.01 sys=0.00, real=0.00 secs] 
2019-01-01T09:45:42.232+0900: 60188.808: [GC (Allocation Failure) [PSYoungGen: 60736K->256K(60928K)] 79526K->19062K(369664K), 0.0028617 secs] [Times: user=0.01 sys=0.00, real=0.01 secs] 
2019-01-01T09:46:29.839+0900: 60236.415: [GC (Allocation Failure) [PSYoungGen: 60672K->288K(60928K)] 79478K->19094K(369664K), 0.0024261 secs] [Times: user=0.01 sys=0.00, real=0.00 secs] 
2019-01-01T09:47:17.739+0900: 60284.314: [GC (Allocation Failure) [PSYoungGen: 60704K->224K(60928K)] 79510K->19030K(369664K), 0.0023975 secs] [Times: user=0.01 sys=0.00, real=0.00 secs] 
2019-01-01T09:48:05.723+0900: 60332.299: [GC (Allocation Failure) [PSYoungGen: 60640K->288K(60928K)] 79446K->19094K(369664K), 0.0023768 secs] [Times: user=0.00 sys=0.01, real=0.01 secs] 
2019-01-01T09:48:53.443+0900: 60380.019: [GC (Allocation Failure) [PSYoungGen: 60704K->320K(60928K)] 79510K->19126K(369664K), 0.0029852 secs] [Times: user=0.02 sys=0.00, real=0.01 secs] 
2019-01-01T09:49:41.109+0900: 60427.685: [GC (Allocation Failure) [PSYoungGen: 60736K->288K(60928K)] 79542K->19094K(369664K), 0.0027601 secs] [Times: user=0.01 sys=0.01, real=0.00 secs] 
2019-01-01T09:50:29.001+0900: 60475.577: [GC (Allocation Failure) [PSYoungGen: 60704K->320K(60928K)] 79510K->19134K(369664K), 0.0027455 secs] [Times: user=0.01 sys=0.00, real=0.01 secs] 
2019-01-01T09:51:16.495+0900: 60523.071: [GC (Allocation Failure) [PSYoungGen: 60736K->352K(60928K)] 79550K->19166K(369664K), 0.0027013 secs] [Times: user=0.01 sys=0.00, real=0.00 secs] 
2019-01-01T09:52:04.312+0900: 60570.888: [GC (Allocation Failure) [PSYoungGen: 60768K->288K(60928K)] 79582K->19102K(369664K), 0.0027175 secs] [Times: user=0.01 sys=0.00, real=0.01 secs] 
2019-01-01T09:52:52.109+0900: 60618.684: [GC (Allocation Failure) [PSYoungGen: 60704K->352K(60928K)] 79518K->19166K(369664K), 0.0024465 secs] [Times: user=0.01 sys=0.00, real=0.00 secs] 
2019-01-01T09:53:40.062+0900: 60666.638: [GC (Allocation Failure) [PSYoungGen: 60768K->352K(60928K)] 79582K->19166K(369664K), 0.0023722 secs] [Times: user=0.01 sys=0.00, real=0.01 secs] 
2019-01-01T09:54:27.918+0900: 60714.494: [GC (Allocation Failure) [PSYoungGen: 60768K->256K(60928K)] 79582K->19070K(369664K), 0.0028521 secs] [Times: user=0.01 sys=0.00, real=0.00 secs] 
2019-01-01T09:55:15.434+0900: 60762.010: [GC (Allocation Failure) [PSYoungGen: 60672K->320K(60928K)] 79486K->19134K(369664K), 0.0029461 secs] [Times: user=0.02 sys=0.00, real=0.00 secs] 
2019-01-01T09:56:03.150+0900: 60809.726: [GC (Allocation Failure) [PSYoungGen: 60736K->352K(60928K)] 79550K->19198K(369664K), 0.0024090 secs] [Times: user=0.01 sys=0.00, real=0.00 secs] 
2019-01-01T09:56:50.887+0900: 60857.463: [GC (Allocation Failure) [PSYoungGen: 60768K->352K(60928K)] 79614K->19198K(369664K), 0.0029676 secs] [Times: user=0.01 sys=0.00, real=0.00 secs] 
2019-01-01T09:57:38.995+0900: 60905.571: [GC (Allocation Failure) [PSYoungGen: 60768K->320K(60928K)] 79614K->19166K(369664K), 0.0028605 secs] [Times: user=0.02 sys=0.00, real=0.00 secs] 
2019-01-01T09:58:26.791+0900: 60953.366: [GC (Allocation Failure) [PSYoungGen: 60736K->288K(60928K)] 79582K->19134K(369664K), 0.0024883 secs] [Times: user=0.01 sys=0.00, real=0.00 secs] 
2019-01-01T09:59:14.529+0900: 61001.105: [GC (Allocation Failure) [PSYoungGen: 60704K->288K(60928K)] 79550K->19134K(369664K), 0.0026505 secs] [Times: user=0.01 sys=0.00, real=0.00 secs] 
2019-01-01T10:00:02.408+0900: 61048.983: [GC (Allocation Failure) [PSYoungGen: 60704K->288K(60928K)] 79550K->19174K(369664K), 0.0030325 secs] [Times: user=0.02 sys=0.00, real=0.00 secs] 
2019-01-01T10:00:49.740+0900: 61096.316: [GC (Allocation Failure) [PSYoungGen: 60704K->352K(60928K)] 79590K->19254K(369664K), 0.0024373 secs] [Times: user=0.01 sys=0.00, real=0.00 secs] 
2019-01-01T10:01:37.464+0900: 61144.039: [GC (Allocation Failure) [PSYoungGen: 60768K->320K(60928K)] 79670K->19222K(369664K), 0.0030843 secs] [Times: user=0.01 sys=0.00, real=0.01 secs] 
2019-01-01T10:02:25.252+0900: 61191.828: [GC (Allocation Failure) [PSYoungGen: 60736K->320K(60928K)] 79638K->19222K(369664K), 0.0028079 secs] [Times: user=0.01 sys=0.00, real=0.01 secs] 
2019-01-01T10:03:13.136+0900: 61239.712: [GC (Allocation Failure) [PSYoungGen: 60736K->256K(60928K)] 79638K->19158K(369664K), 0.0028320 secs] [Times: user=0.01 sys=0.00, real=0.00 secs] 
2019-01-01T10:04:00.486+0900: 61287.062: [GC (Allocation Failure) [PSYoungGen: 60672K->288K(60928K)] 79574K->19190K(369664K), 0.0028355 secs] [Times: user=0.01 sys=0.00, real=0.00 secs] 
2019-01-01T10:04:48.117+0900: 61334.693: [GC (Allocation Failure) [PSYoungGen: 60704K->352K(60928K)] 79606K->19254K(369664K), 0.0022890 secs] [Times: user=0.01 sys=0.00, real=0.00 secs] 
2019-01-01T10:05:35.909+0900: 61382.485: [GC (Allocation Failure) [PSYoungGen: 60768K->320K(60928K)] 79670K->19222K(369664K), 0.0027897 secs] [Times: user=0.01 sys=0.00, real=0.00 secs] 
2019-01-01T10:06:23.864+0900: 61430.440: [GC (Allocation Failure) [PSYoungGen: 60736K->288K(60928K)] 79638K->19190K(369664K), 0.0027550 secs] [Times: user=0.02 sys=0.00, real=0.00 secs] 
2019-01-01T10:07:11.450+0900: 61478.026: [GC (Allocation Failure) [PSYoungGen: 60704K->352K(60928K)] 79606K->19262K(369664K), 0.0029287 secs] [Times: user=0.01 sys=0.00, real=0.00 secs] 
2019-01-01T10:07:59.185+0900: 61525.761: [GC (Allocation Failure) [PSYoungGen: 60768K->352K(60928K)] 79678K->19270K(369664K), 0.0027854 secs] [Times: user=0.01 sys=0.00, real=0.00 secs] 
2019-01-01T10:08:47.024+0900: 61573.600: [GC (Allocation Failure) [PSYoungGen: 60768K->288K(60928K)] 79686K->19206K(369664K), 0.0024609 secs] [Times: user=0.01 sys=0.00, real=0.00 secs] 
2019-01-01T10:09:34.935+0900: 61621.511: [GC (Allocation Failure) [PSYoungGen: 60704K->320K(60928K)] 79622K->19238K(369664K), 0.0027921 secs] [Times: user=0.01 sys=0.00, real=0.00 secs] 
2019-01-01T10:10:22.757+0900: 61669.333: [GC (Allocation Failure) [PSYoungGen: 60736K->352K(60928K)] 79654K->19270K(369664K), 0.0029051 secs] [Times: user=0.02 sys=0.00, real=0.00 secs] 
2019-01-01T10:11:10.413+0900: 61716.989: [GC (Allocation Failure) [PSYoungGen: 60768K->352K(60928K)] 79686K->19270K(369664K), 0.0031162 secs] [Times: user=0.01 sys=0.00, real=0.01 secs] 
2019-01-01T10:11:58.016+0900: 61764.592: [GC (Allocation Failure) [PSYoungGen: 60768K->256K(60928K)] 79686K->19174K(369664K), 0.0025766 secs] [Times: user=0.01 sys=0.00, real=0.00 secs] 
2019-01-01T10:12:45.698+0900: 61812.274: [GC (Allocation Failure) [PSYoungGen: 60672K->288K(60928K)] 79590K->19206K(369664K), 0.0025717 secs] [Times: user=0.01 sys=0.00, real=0.00 secs] 
2019-01-01T10:13:33.786+0900: 61860.362: [GC (Allocation Failure) [PSYoungGen: 60704K->320K(60928K)] 79622K->19238K(369664K), 0.0027121 secs] [Times: user=0.01 sys=0.00, real=0.00 secs] 
2019-01-01T10:14:21.604+0900: 61908.180: [GC (Allocation Failure) [PSYoungGen: 60736K->320K(60928K)] 79654K->19286K(369664K), 0.0027838 secs] [Times: user=0.00 sys=0.00, real=0.00 secs] 
2019-01-01T10:15:09.164+0900: 61955.740: [GC (Allocation Failure) [PSYoungGen: 60736K->352K(60928K)] 79702K->19318K(369664K), 0.0027574 secs] [Times: user=0.01 sys=0.00, real=0.00 secs] 
2019-01-01T10:15:56.891+0900: 62003.467: [GC (Allocation Failure) [PSYoungGen: 60768K->288K(60928K)] 79734K->19286K(369664K), 0.0028751 secs] [Times: user=0.01 sys=0.00, real=0.01 secs] 
2019-01-01T10:16:44.749+0900: 62051.325: [GC (Allocation Failure) [PSYoungGen: 60704K->352K(60928K)] 79702K->19350K(369664K), 0.0026939 secs] [Times: user=0.01 sys=0.00, real=0.00 secs] 
2019-01-01T10:17:32.728+0900: 62099.304: [GC (Allocation Failure) [PSYoungGen: 60768K->256K(60928K)] 79766K->19254K(369664K), 0.0027153 secs] [Times: user=0.01 sys=0.00, real=0.00 secs] 
2019-01-01T10:18:20.663+0900: 62147.238: [GC (Allocation Failure) [PSYoungGen: 60672K->256K(60928K)] 79670K->19254K(369664K), 0.0026674 secs] [Times: user=0.01 sys=0.00, real=0.01 secs] 
2019-01-01T10:19:08.107+0900: 62194.683: [GC (Allocation Failure) [PSYoungGen: 60672K->320K(60928K)] 79670K->19318K(369664K), 0.0028209 secs] [Times: user=0.01 sys=0.00, real=0.00 secs] 
2019-01-01T10:19:55.664+0900: 62242.240: [GC (Allocation Failure) [PSYoungGen: 60736K->352K(60928K)] 79734K->19350K(369664K), 0.0026863 secs] [Times: user=0.01 sys=0.00, real=0.00 secs] 
2019-01-01T10:20:43.383+0900: 62289.959: [GC (Allocation Failure) [PSYoungGen: 60768K->352K(60928K)] 79766K->19350K(369664K), 0.0028271 secs] [Times: user=0.01 sys=0.00, real=0.01 secs] 
2019-01-01T10:21:30.868+0900: 62337.444: [GC (Allocation Failure) [PSYoungGen: 60768K->352K(60928K)] 79766K->19350K(369664K), 0.0026896 secs] [Times: user=0.01 sys=0.00, real=0.00 secs] 
2019-01-01T10:22:18.855+0900: 62385.431: [GC (Allocation Failure) [PSYoungGen: 60768K->320K(60928K)] 79766K->19326K(369664K), 0.0025979 secs] [Times: user=0.01 sys=0.00, real=0.00 secs] 
2019-01-01T10:23:06.535+0900: 62433.111: [GC (Allocation Failure) [PSYoungGen: 60736K->352K(60928K)] 79742K->19358K(369664K), 0.0026653 secs] [Times: user=0.01 sys=0.00, real=0.00 secs] 
2019-01-01T10:23:54.233+0900: 62480.809: [GC (Allocation Failure) [PSYoungGen: 60768K->352K(60928K)] 79774K->19358K(369664K), 0.0023814 secs] [Times: user=0.01 sys=0.00, real=0.01 secs] 
2019-01-01T10:24:42.429+0900: 62529.005: [GC (Allocation Failure) [PSYoungGen: 60768K->352K(60928K)] 79774K->19358K(369664K), 0.0024370 secs] [Times: user=0.01 sys=0.00, real=0.00 secs] 
2019-01-01T10:25:30.317+0900: 62576.893: [GC (Allocation Failure) [PSYoungGen: 60768K->320K(60928K)] 79774K->19334K(369664K), 0.0024770 secs] [Times: user=0.01 sys=0.00, real=0.00 secs] 
2019-01-01T10:26:17.812+0900: 62624.388: [GC (Allocation Failure) [PSYoungGen: 60736K->352K(60928K)] 79750K->19366K(369664K), 0.0029030 secs] [Times: user=0.01 sys=0.00, real=0.01 secs] 
2019-01-01T10:27:05.647+0900: 62672.223: [GC (Allocation Failure) [PSYoungGen: 60768K->352K(60928K)] 79782K->19366K(369664K), 0.0025005 secs] [Times: user=0.00 sys=0.00, real=0.00 secs] 
2019-01-01T10:27:53.304+0900: 62719.879: [GC (Allocation Failure) [PSYoungGen: 60768K->320K(60928K)] 79782K->19342K(369664K), 0.0025710 secs] [Times: user=0.01 sys=0.00, real=0.01 secs] 
2019-01-01T10:28:41.374+0900: 62767.950: [GC (Allocation Failure) [PSYoungGen: 60736K->352K(60928K)] 79758K->19374K(369664K), 0.0027943 secs] [Times: user=0.01 sys=0.00, real=0.00 secs] 
2019-01-01T10:29:29.340+0900: 62815.916: [GC (Allocation Failure) [PSYoungGen: 60768K->320K(60928K)] 79790K->19366K(369664K), 0.0025689 secs] [Times: user=0.01 sys=0.00, real=0.00 secs] 
2019-01-01T10:30:16.759+0900: 62863.335: [GC (Allocation Failure) [PSYoungGen: 60736K->320K(60928K)] 79782K->19366K(369664K), 0.0023779 secs] [Times: user=0.01 sys=0.00, real=0.00 secs] 
2019-01-01T10:31:04.632+0900: 62911.208: [GC (Allocation Failure) [PSYoungGen: 60736K->352K(60928K)] 79782K->19398K(369664K), 0.0024075 secs] [Times: user=0.01 sys=0.00, real=0.01 secs] 
2019-01-01T10:31:52.250+0900: 62958.826: [GC (Allocation Failure) [PSYoungGen: 60768K->256K(60928K)] 79814K->19302K(369664K), 0.0024030 secs] [Times: user=0.01 sys=0.00, real=0.00 secs] 
2019-01-01T10:32:39.907+0900: 63006.483: [GC (Allocation Failure) [PSYoungGen: 60672K->320K(60928K)] 79718K->19366K(369664K), 0.0027457 secs] [Times: user=0.01 sys=0.00, real=0.00 secs] 
2019-01-01T10:33:27.436+0900: 63054.012: [GC (Allocation Failure) [PSYoungGen: 60736K->320K(60928K)] 79782K->19366K(369664K), 0.0024594 secs] [Times: user=0.02 sys=0.00, real=0.00 secs] 
2019-01-01T10:34:15.108+0900: 63101.684: [GC (Allocation Failure) [PSYoungGen: 60736K->256K(60928K)] 79782K->19302K(369664K), 0.0031428 secs] [Times: user=0.01 sys=0.00, real=0.00 secs] 
2019-01-01T10:35:03.006+0900: 63149.582: [GC (Allocation Failure) [PSYoungGen: 60672K->320K(60928K)] 79718K->19366K(369664K), 0.0027250 secs] [Times: user=0.01 sys=0.01, real=0.00 secs] 
2019-01-01T10:35:50.897+0900: 63197.473: [GC (Allocation Failure) [PSYoungGen: 60736K->352K(60928K)] 79782K->19398K(369664K), 0.0025885 secs] [Times: user=0.01 sys=0.00, real=0.00 secs] 
2019-01-01T10:36:38.262+0900: 63244.837: [GC (Allocation Failure) [PSYoungGen: 60768K->224K(60928K)] 79814K->19270K(369664K), 0.0029302 secs] [Times: user=0.01 sys=0.00, real=0.01 secs] 
2019-01-01T10:37:26.423+0900: 63292.999: [GC (Allocation Failure) [PSYoungGen: 60640K->352K(60928K)] 79686K->19398K(369664K), 0.0028012 secs] [Times: user=0.01 sys=0.00, real=0.01 secs] 
2019-01-01T10:38:14.123+0900: 63340.699: [GC (Allocation Failure) [PSYoungGen: 60768K->352K(60928K)] 79814K->19398K(369664K), 0.0026146 secs] [Times: user=0.01 sys=0.00, real=0.01 secs] 
2019-01-01T10:39:01.803+0900: 63388.379: [GC (Allocation Failure) [PSYoungGen: 60768K->352K(60928K)] 79814K->19398K(369664K), 0.0028880 secs] [Times: user=0.01 sys=0.00, real=0.01 secs] 
2019-01-01T10:39:49.346+0900: 63435.922: [GC (Allocation Failure) [PSYoungGen: 60768K->288K(60928K)] 79814K->19334K(369664K), 0.0028754 secs] [Times: user=0.01 sys=0.00, real=0.00 secs] 
2019-01-01T10:40:37.206+0900: 63483.782: [GC (Allocation Failure) [PSYoungGen: 60704K->224K(60928K)] 79750K->19270K(369664K), 0.0027389 secs] [Times: user=0.01 sys=0.00, real=0.00 secs] 
2019-01-01T10:41:25.309+0900: 63531.885: [GC (Allocation Failure) [PSYoungGen: 60640K->320K(60928K)] 79686K->19366K(369664K), 0.0028250 secs] [Times: user=0.01 sys=0.00, real=0.00 secs] 
2019-01-01T10:42:12.608+0900: 63579.184: [GC (Allocation Failure) [PSYoungGen: 60736K->288K(60928K)] 79782K->19334K(369664K), 0.0026488 secs] [Times: user=0.01 sys=0.00, real=0.00 secs] 
2019-01-01T10:43:00.223+0900: 63626.798: [GC (Allocation Failure) [PSYoungGen: 60704K->288K(60928K)] 79750K->19334K(369664K), 0.0024119 secs] [Times: user=0.01 sys=0.00, real=0.01 secs] 
2019-01-01T10:43:47.959+0900: 63674.535: [GC (Allocation Failure) [PSYoungGen: 60704K->320K(60928K)] 79750K->19374K(369664K), 0.0030267 secs] [Times: user=0.01 sys=0.00, real=0.00 secs] 
2019-01-01T10:44:35.854+0900: 63722.430: [GC (Allocation Failure) [PSYoungGen: 60736K->352K(60928K)] 79790K->19438K(369664K), 0.0027584 secs] [Times: user=0.01 sys=0.00, real=0.00 secs] 
2019-01-01T10:45:23.722+0900: 63770.298: [GC (Allocation Failure) [PSYoungGen: 60768K->288K(60928K)] 79854K->19390K(369664K), 0.0025477 secs] [Times: user=0.01 sys=0.00, real=0.01 secs] 
2019-01-01T10:46:11.531+0900: 63818.107: [GC (Allocation Failure) [PSYoungGen: 60704K->320K(60928K)] 79806K->19422K(369664K), 0.0024537 secs] [Times: user=0.01 sys=0.00, real=0.01 secs] 
2019-01-01T10:46:59.721+0900: 63866.297: [GC (Allocation Failure) [PSYoungGen: 60736K->352K(60928K)] 79838K->19454K(369664K), 0.0023657 secs] [Times: user=0.01 sys=0.00, real=0.00 secs] 
2019-01-01T10:47:47.220+0900: 63913.796: [GC (Allocation Failure) [PSYoungGen: 60768K->320K(60928K)] 79870K->19422K(369664K), 0.0031949 secs] [Times: user=0.01 sys=0.00, real=0.00 secs] 
2019-01-01T10:48:35.103+0900: 63961.679: [GC (Allocation Failure) [PSYoungGen: 60736K->288K(60928K)] 79838K->19390K(369664K), 0.0030109 secs] [Times: user=0.01 sys=0.00, real=0.01 secs] 
2019-01-01T10:49:23.162+0900: 64009.738: [GC (Allocation Failure) [PSYoungGen: 60704K->224K(60928K)] 79806K->19326K(369664K), 0.0027333 secs] [Times: user=0.01 sys=0.00, real=0.01 secs] 
2019-01-01T10:50:10.498+0900: 64057.074: [GC (Allocation Failure) [PSYoungGen: 60640K->320K(60928K)] 79742K->19462K(369664K), 0.0028167 secs] [Times: user=0.02 sys=0.00, real=0.00 secs] 
2019-01-01T10:50:58.245+0900: 64104.821: [GC (Allocation Failure) [PSYoungGen: 60736K->320K(60928K)] 79878K->19462K(369664K), 0.0024413 secs] [Times: user=0.02 sys=0.00, real=0.00 secs] 
2019-01-01T10:51:45.972+0900: 64152.548: [GC (Allocation Failure) [PSYoungGen: 60736K->320K(60928K)] 79878K->19470K(369664K), 0.0028060 secs] [Times: user=0.00 sys=0.01, real=0.01 secs] 
2019-01-01T10:52:34.037+0900: 64200.613: [GC (Allocation Failure) [PSYoungGen: 60736K->288K(60928K)] 79886K->19438K(369664K), 0.0028347 secs] [Times: user=0.01 sys=0.00, real=0.00 secs] 
2019-01-01T10:53:21.902+0900: 64248.478: [GC (Allocation Failure) [PSYoungGen: 60704K->288K(60928K)] 79854K->19438K(369664K), 0.0028488 secs] [Times: user=0.01 sys=0.00, real=0.01 secs] 
2019-01-01T10:54:09.419+0900: 64295.995: [GC (Allocation Failure) [PSYoungGen: 60704K->256K(60928K)] 79854K->19406K(369664K), 0.0024626 secs] [Times: user=0.01 sys=0.00, real=0.00 secs] 
2019-01-01T10:54:57.238+0900: 64343.814: [GC (Allocation Failure) [PSYoungGen: 60672K->320K(60928K)] 79822K->19470K(369664K), 0.0028540 secs] [Times: user=0.00 sys=0.01, real=0.00 secs] 
2019-01-01T10:55:44.927+0900: 64391.503: [GC (Allocation Failure) [PSYoungGen: 60736K->288K(60928K)] 79886K->19438K(369664K), 0.0029149 secs] [Times: user=0.02 sys=0.00, real=0.00 secs] 
2019-01-01T10:56:32.992+0900: 64439.568: [GC (Allocation Failure) [PSYoungGen: 60704K->320K(60928K)] 79854K->19470K(369664K), 0.0026070 secs] [Times: user=0.01 sys=0.00, real=0.01 secs] 
2019-01-01T10:57:20.887+0900: 64487.463: [GC (Allocation Failure) [PSYoungGen: 60736K->352K(60928K)] 79886K->19502K(369664K), 0.0027914 secs] [Times: user=0.02 sys=0.00, real=0.00 secs] 
2019-01-01T10:58:08.371+0900: 64534.947: [GC (Allocation Failure) [PSYoungGen: 60768K->288K(60928K)] 79918K->19438K(369664K), 0.0026632 secs] [Times: user=0.01 sys=0.00, real=0.01 secs] 
2019-01-01T10:58:56.152+0900: 64582.728: [GC (Allocation Failure) [PSYoungGen: 60704K->256K(60928K)] 79854K->19438K(369664K), 0.0028019 secs] [Times: user=0.01 sys=0.00, real=0.01 secs] 
2019-01-01T10:59:43.809+0900: 64630.385: [GC (Allocation Failure) [PSYoungGen: 60672K->288K(60928K)] 79854K->19470K(369664K), 0.0024198 secs] [Times: user=0.01 sys=0.00, real=0.00 secs] 
2019-01-01T11:00:31.463+0900: 64678.039: [GC (Allocation Failure) [PSYoungGen: 60704K->352K(60928K)] 79886K->19534K(369664K), 0.0026729 secs] [Times: user=0.01 sys=0.01, real=0.01 secs] 
2019-01-01T11:01:19.309+0900: 64725.885: [GC (Allocation Failure) [PSYoungGen: 60768K->352K(60928K)] 79950K->19534K(369664K), 0.0028606 secs] [Times: user=0.01 sys=0.00, real=0.00 secs] 
2019-01-01T11:02:06.853+0900: 64773.429: [GC (Allocation Failure) [PSYoungGen: 60768K->288K(60928K)] 79950K->19470K(369664K), 0.0028374 secs] [Times: user=0.01 sys=0.00, real=0.01 secs] 
2019-01-01T11:02:54.488+0900: 64821.064: [GC (Allocation Failure) [PSYoungGen: 60704K->288K(60928K)] 79886K->19486K(369664K), 0.0023756 secs] [Times: user=0.01 sys=0.00, real=0.00 secs] 
2019-01-01T11:03:42.519+0900: 64869.095: [GC (Allocation Failure) [PSYoungGen: 60704K->352K(60928K)] 79902K->19550K(369664K), 0.0027333 secs] [Times: user=0.00 sys=0.00, real=0.00 secs] 
2019-01-01T11:04:29.872+0900: 64916.448: [GC (Allocation Failure) [PSYoungGen: 60768K->288K(60928K)] 79966K->19486K(369664K), 0.0023319 secs] [Times: user=0.01 sys=0.00, real=0.01 secs] 
2019-01-01T11:05:17.734+0900: 64964.310: [GC (Allocation Failure) [PSYoungGen: 60704K->320K(60928K)] 79902K->19518K(369664K), 0.0028765 secs] [Times: user=0.01 sys=0.00, real=0.00 secs] 
2019-01-01T11:06:05.517+0900: 65012.093: [GC (Allocation Failure) [PSYoungGen: 60736K->320K(60928K)] 79934K->19518K(369664K), 0.0028354 secs] [Times: user=0.01 sys=0.00, real=0.00 secs] 
2019-01-01T11:06:53.146+0900: 65059.722: [GC (Allocation Failure) [PSYoungGen: 60736K->352K(60928K)] 79934K->19558K(369664K), 0.0026125 secs] [Times: user=0.01 sys=0.00, real=0.00 secs] 
2019-01-01T11:07:40.681+0900: 65107.256: [GC (Allocation Failure) [PSYoungGen: 60768K->320K(60928K)] 79974K->19526K(369664K), 0.0030048 secs] [Times: user=0.02 sys=0.00, real=0.00 secs] 
2019-01-01T11:08:28.395+0900: 65154.971: [GC (Allocation Failure) [PSYoungGen: 60736K->288K(60928K)] 79942K->19494K(369664K), 0.0028254 secs] [Times: user=0.01 sys=0.01, real=0.00 secs] 
2019-01-01T11:09:16.133+0900: 65202.709: [GC (Allocation Failure) [PSYoungGen: 60704K->256K(60928K)] 79910K->19462K(369664K), 0.0027637 secs] [Times: user=0.01 sys=0.00, real=0.01 secs] 
2019-01-01T11:10:04.078+0900: 65250.654: [GC (Allocation Failure) [PSYoungGen: 60672K->288K(60928K)] 79878K->19502K(369664K), 0.0028262 secs] [Times: user=0.02 sys=0.00, real=0.00 secs] 
2019-01-01T11:10:51.653+0900: 65298.229: [GC (Allocation Failure) [PSYoungGen: 60704K->256K(60928K)] 79918K->19470K(369664K), 0.0028479 secs] [Times: user=0.01 sys=0.00, real=0.01 secs] 
2019-01-01T11:11:39.910+0900: 65346.486: [GC (Allocation Failure) [PSYoungGen: 60672K->256K(60928K)] 79886K->19478K(369664K), 0.0025003 secs] [Times: user=0.01 sys=0.00, real=0.00 secs] 
2019-01-01T11:12:27.733+0900: 65394.309: [GC (Allocation Failure) [PSYoungGen: 60672K->288K(60928K)] 79894K->19510K(369664K), 0.0024874 secs] [Times: user=0.01 sys=0.01, real=0.01 secs] 
2019-01-01T11:13:14.934+0900: 65441.510: [GC (Allocation Failure) [PSYoungGen: 60704K->352K(60928K)] 79926K->19574K(369664K), 0.0030246 secs] [Times: user=0.01 sys=0.00, real=0.00 secs] 
2019-01-01T11:14:02.715+0900: 65489.291: [GC (Allocation Failure) [PSYoungGen: 60768K->352K(60928K)] 79990K->19574K(369664K), 0.0028674 secs] [Times: user=0.01 sys=0.00, real=0.00 secs] 
2019-01-01T11:14:50.522+0900: 65537.098: [GC (Allocation Failure) [PSYoungGen: 60768K->320K(60928K)] 79990K->19550K(369664K), 0.0026746 secs] [Times: user=0.01 sys=0.00, real=0.01 secs] 
2019-01-01T11:15:38.362+0900: 65584.938: [GC (Allocation Failure) [PSYoungGen: 60736K->320K(60928K)] 79966K->19566K(369664K), 0.0026540 secs] [Times: user=0.01 sys=0.00, real=0.01 secs] 
2019-01-01T11:16:25.680+0900: 65632.256: [GC (Allocation Failure) [PSYoungGen: 60736K->320K(60928K)] 79982K->19566K(369664K), 0.0027984 secs] [Times: user=0.01 sys=0.00, real=0.00 secs] 
2019-01-01T11:17:13.827+0900: 65680.403: [GC (Allocation Failure) [PSYoungGen: 60736K->320K(60928K)] 79982K->19566K(369664K), 0.0025838 secs] [Times: user=0.01 sys=0.00, real=0.00 secs] 
2019-01-01T11:18:01.437+0900: 65728.013: [GC (Allocation Failure) [PSYoungGen: 60736K->256K(60928K)] 79982K->19502K(369664K), 0.0027241 secs] [Times: user=0.01 sys=0.00, real=0.00 secs] 
2019-01-01T11:18:49.242+0900: 65775.818: [GC (Allocation Failure) [PSYoungGen: 60672K->352K(60928K)] 79918K->19598K(369664K), 0.0029984 secs] [Times: user=0.01 sys=0.00, real=0.01 secs] 
2019-01-01T11:19:37.183+0900: 65823.759: [GC (Allocation Failure) [PSYoungGen: 60768K->256K(60928K)] 80014K->19534K(369664K), 0.0024907 secs] [Times: user=0.01 sys=0.00, real=0.01 secs] 
2019-01-01T11:20:24.956+0900: 65871.532: [GC (Allocation Failure) [PSYoungGen: 60672K->352K(60928K)] 79950K->19630K(369664K), 0.0028350 secs] [Times: user=0.01 sys=0.00, real=0.00 secs] 
2019-01-01T11:21:12.802+0900: 65919.378: [GC (Allocation Failure) [PSYoungGen: 60768K->352K(60928K)] 80046K->19630K(369664K), 0.0027978 secs] [Times: user=0.01 sys=0.00, real=0.01 secs] 
2019-01-01T11:22:00.761+0900: 65967.337: [GC (Allocation Failure) [PSYoungGen: 60768K->320K(60928K)] 80046K->19598K(369664K), 0.0029511 secs] [Times: user=0.01 sys=0.00, real=0.01 secs] 
2019-01-01T11:22:48.183+0900: 66014.759: [GC (Allocation Failure) [PSYoungGen: 60736K->320K(60928K)] 80014K->19630K(369664K), 0.0029069 secs] [Times: user=0.02 sys=0.00, real=0.01 secs] 
2019-01-01T11:23:36.395+0900: 66062.971: [GC (Allocation Failure) [PSYoungGen: 60736K->320K(60928K)] 80046K->19630K(369664K), 0.0024667 secs] [Times: user=0.01 sys=0.00, real=0.00 secs] 
2019-01-01T11:24:24.278+0900: 66110.854: [GC (Allocation Failure) [PSYoungGen: 60736K->320K(60928K)] 80046K->19630K(369664K), 0.0028332 secs] [Times: user=0.02 sys=0.00, real=0.00 secs] 
2019-01-01T11:25:11.771+0900: 66158.347: [GC (Allocation Failure) [PSYoungGen: 60736K->352K(60928K)] 80046K->19662K(369664K), 0.0026100 secs] [Times: user=0.02 sys=0.00, real=0.01 secs] 
2019-01-01T11:25:59.532+0900: 66206.108: [GC (Allocation Failure) [PSYoungGen: 60768K->352K(60928K)] 80078K->19662K(369664K), 0.0033576 secs] [Times: user=0.02 sys=0.00, real=0.01 secs] 
2019-01-01T11:26:47.177+0900: 66253.752: [GC (Allocation Failure) [PSYoungGen: 60768K->352K(60928K)] 80078K->19662K(369664K), 0.0028890 secs] [Times: user=0.02 sys=0.00, real=0.00 secs] 
2019-01-01T11:27:35.333+0900: 66301.908: [GC (Allocation Failure) [PSYoungGen: 60768K->256K(60928K)] 80078K->19566K(369664K), 0.0028152 secs] [Times: user=0.01 sys=0.00, real=0.01 secs] 
2019-01-01T11:28:23.196+0900: 66349.772: [GC (Allocation Failure) [PSYoungGen: 60672K->288K(60928K)] 79982K->19598K(369664K), 0.0025676 secs] [Times: user=0.01 sys=0.00, real=0.00 secs] 
2019-01-01T11:29:10.711+0900: 66397.287: [GC (Allocation Failure) [PSYoungGen: 60704K->352K(60928K)] 80014K->19662K(369664K), 0.0028053 secs] [Times: user=0.01 sys=0.00, real=0.01 secs] 
2019-01-01T11:29:58.419+0900: 66444.995: [GC (Allocation Failure) [PSYoungGen: 60768K->352K(60928K)] 80078K->19670K(369664K), 0.0028899 secs] [Times: user=0.01 sys=0.01, real=0.00 secs] 
2019-01-01T11:30:46.243+0900: 66492.819: [GC (Allocation Failure) [PSYoungGen: 60768K->256K(60928K)] 80086K->19574K(369664K), 0.0028300 secs] [Times: user=0.01 sys=0.00, real=0.01 secs] 
2019-01-01T11:31:34.213+0900: 66540.789: [GC (Allocation Failure) [PSYoungGen: 60672K->320K(60928K)] 79990K->19638K(369664K), 0.0027876 secs] [Times: user=0.01 sys=0.00, real=0.01 secs] 
2019-01-01T11:32:21.465+0900: 66588.041: [GC (Allocation Failure) [PSYoungGen: 60736K->352K(60928K)] 80054K->19670K(369664K), 0.0027663 secs] [Times: user=0.01 sys=0.00, real=0.00 secs] 
2019-01-01T11:33:09.389+0900: 66635.965: [GC (Allocation Failure) [PSYoungGen: 60768K->320K(60928K)] 80086K->19638K(369664K), 0.0028895 secs] [Times: user=0.01 sys=0.00, real=0.00 secs] 
2019-01-01T11:33:56.845+0900: 66683.421: [GC (Allocation Failure) [PSYoungGen: 60736K->288K(60928K)] 80054K->19606K(369664K), 0.0029385 secs] [Times: user=0.01 sys=0.00, real=0.00 secs] 
2019-01-01T11:34:44.397+0900: 66730.973: [GC (Allocation Failure) [PSYoungGen: 60704K->320K(60928K)] 80022K->19638K(369664K), 0.0027217 secs] [Times: user=0.01 sys=0.00, real=0.00 secs] 
2019-01-01T11:35:32.250+0900: 66778.826: [GC (Allocation Failure) [PSYoungGen: 60736K->320K(60928K)] 80054K->19638K(369664K), 0.0027964 secs] [Times: user=0.01 sys=0.00, real=0.00 secs] 
2019-01-01T11:36:19.994+0900: 66826.570: [GC (Allocation Failure) [PSYoungGen: 60736K->320K(60928K)] 80054K->19638K(369664K), 0.0029536 secs] [Times: user=0.02 sys=0.00, real=0.00 secs] 
2019-01-01T11:37:07.818+0900: 66874.394: [GC (Allocation Failure) [PSYoungGen: 60736K->288K(60928K)] 80054K->19614K(369664K), 0.0027903 secs] [Times: user=0.01 sys=0.00, real=0.00 secs] 
2019-01-01T11:37:55.781+0900: 66922.357: [GC (Allocation Failure) [PSYoungGen: 60704K->288K(60928K)] 80030K->19614K(369664K), 0.0023283 secs] [Times: user=0.01 sys=0.00, real=0.00 secs] 
2019-01-01T11:38:43.647+0900: 66970.223: [GC (Allocation Failure) [PSYoungGen: 60704K->288K(60928K)] 80030K->19614K(369664K), 0.0027084 secs] [Times: user=0.01 sys=0.00, real=0.00 secs] 
2019-01-01T11:39:31.370+0900: 67017.946: [GC (Allocation Failure) [PSYoungGen: 60704K->352K(60928K)] 80030K->19678K(369664K), 0.0028356 secs] [Times: user=0.01 sys=0.00, real=0.00 secs] 
2019-01-01T11:40:18.906+0900: 67065.482: [GC (Allocation Failure) [PSYoungGen: 60768K->288K(60928K)] 80094K->19614K(369664K), 0.0027912 secs] [Times: user=0.01 sys=0.00, real=0.00 secs] 
2019-01-01T11:41:06.763+0900: 67113.339: [GC (Allocation Failure) [PSYoungGen: 60704K->320K(60928K)] 80030K->19646K(369664K), 0.0030145 secs] [Times: user=0.02 sys=0.00, real=0.01 secs] 
2019-01-01T11:41:54.681+0900: 67161.256: [GC (Allocation Failure) [PSYoungGen: 60736K->288K(60928K)] 80062K->19614K(369664K), 0.0028251 secs] [Times: user=0.01 sys=0.00, real=0.00 secs] 
2019-01-01T11:42:42.484+0900: 67209.060: [GC (Allocation Failure) [PSYoungGen: 60704K->288K(60928K)] 80030K->19614K(369664K), 0.0030159 secs] [Times: user=0.01 sys=0.00, real=0.00 secs] 
2019-01-01T11:43:30.254+0900: 67256.829: [GC (Allocation Failure) [PSYoungGen: 60704K->256K(60928K)] 80030K->19606K(369664K), 0.0024740 secs] [Times: user=0.01 sys=0.00, real=0.01 secs] 
2019-01-01T11:44:17.861+0900: 67304.437: [GC (Allocation Failure) [PSYoungGen: 60672K->256K(60928K)] 80022K->19614K(369664K), 0.0024417 secs] [Times: user=0.01 sys=0.00, real=0.00 secs] 
2019-01-01T11:45:05.715+0900: 67352.291: [GC (Allocation Failure) [PSYoungGen: 60672K->320K(60928K)] 80030K->19702K(369664K), 0.0027377 secs] [Times: user=0.01 sys=0.00, real=0.00 secs] 
2019-01-01T11:45:53.635+0900: 67400.211: [GC (Allocation Failure) [PSYoungGen: 60736K->256K(60928K)] 80118K->19662K(369664K), 0.0027976 secs] [Times: user=0.01 sys=0.01, real=0.00 secs] 
2019-01-01T11:46:40.876+0900: 67447.452: [GC (Allocation Failure) [PSYoungGen: 60672K->320K(60928K)] 80078K->19726K(369664K), 0.0028036 secs] [Times: user=0.01 sys=0.00, real=0.00 secs] 
2019-01-01T11:47:29.042+0900: 67495.618: [GC (Allocation Failure) [PSYoungGen: 60736K->256K(60928K)] 80142K->19662K(369664K), 0.0027523 secs] [Times: user=0.00 sys=0.00, real=0.01 secs] 
2019-01-01T11:48:16.877+0900: 67543.453: [GC (Allocation Failure) [PSYoungGen: 60672K->320K(60928K)] 80078K->19726K(369664K), 0.0027790 secs] [Times: user=0.01 sys=0.00, real=0.00 secs] 
2019-01-01T11:49:04.433+0900: 67591.009: [GC (Allocation Failure) [PSYoungGen: 60736K->352K(60928K)] 80142K->19758K(369664K), 0.0026187 secs] [Times: user=0.01 sys=0.00, real=0.01 secs] 
2019-01-01T11:49:52.088+0900: 67638.664: [GC (Allocation Failure) [PSYoungGen: 60768K->256K(60928K)] 80174K->19662K(369664K), 0.0027460 secs] [Times: user=0.01 sys=0.00, real=0.00 secs] 
2019-01-01T11:50:39.850+0900: 67686.426: [GC (Allocation Failure) [PSYoungGen: 60672K->320K(60928K)] 80078K->19734K(369664K), 0.0028967 secs] [Times: user=0.01 sys=0.00, real=0.00 secs] 
2019-01-01T11:51:27.419+0900: 67733.995: [GC (Allocation Failure) [PSYoungGen: 60736K->320K(60928K)] 80150K->19734K(369664K), 0.0027828 secs] [Times: user=0.01 sys=0.00, real=0.00 secs] 
2019-01-01T11:52:15.185+0900: 67781.761: [GC (Allocation Failure) [PSYoungGen: 60736K->352K(60928K)] 80150K->19766K(369664K), 0.0028155 secs] [Times: user=0.01 sys=0.00, real=0.00 secs] 
2019-01-01T11:53:02.962+0900: 67829.538: [GC (Allocation Failure) [PSYoungGen: 60768K->288K(60928K)] 80182K->19702K(369664K), 0.0024581 secs] [Times: user=0.01 sys=0.00, real=0.01 secs] 
2019-01-01T11:53:50.561+0900: 67877.137: [GC (Allocation Failure) [PSYoungGen: 60704K->288K(60928K)] 80118K->19702K(369664K), 0.0028321 secs] [Times: user=0.02 sys=0.00, real=0.00 secs] 
2019-01-01T11:54:38.753+0900: 67925.329: [GC (Allocation Failure) [PSYoungGen: 60704K->320K(60928K)] 80118K->19734K(369664K), 0.0027652 secs] [Times: user=0.01 sys=0.00, real=0.01 secs] 
2019-01-01T11:55:26.602+0900: 67973.178: [GC (Allocation Failure) [PSYoungGen: 60736K->288K(60928K)] 80150K->19702K(369664K), 0.0028641 secs] [Times: user=0.01 sys=0.00, real=0.01 secs] 
2019-01-01T11:56:14.129+0900: 68020.705: [GC (Allocation Failure) [PSYoungGen: 60704K->320K(60928K)] 80118K->19734K(369664K), 0.0028879 secs] [Times: user=0.02 sys=0.00, real=0.00 secs] 
2019-01-01T11:57:02.303+0900: 68068.879: [GC (Allocation Failure) [PSYoungGen: 60736K->352K(60928K)] 80150K->19774K(369664K), 0.0025049 secs] [Times: user=0.01 sys=0.00, real=0.01 secs] 
2019-01-01T11:57:49.514+0900: 68116.090: [GC (Allocation Failure) [PSYoungGen: 60768K->288K(60928K)] 80190K->19710K(369664K), 0.0027571 secs] [Times: user=0.01 sys=0.00, real=0.00 secs] 
2019-01-01T11:58:37.225+0900: 68163.801: [GC (Allocation Failure) [PSYoungGen: 60704K->320K(60928K)] 80126K->19742K(369664K), 0.0026687 secs] [Times: user=0.01 sys=0.00, real=0.00 secs] 
2019-01-01T11:59:24.878+0900: 68211.454: [GC (Allocation Failure) [PSYoungGen: 60736K->320K(60928K)] 80158K->19742K(369664K), 0.0025673 secs] [Times: user=0.01 sys=0.00, real=0.00 secs] 
2019-01-01T12:00:12.653+0900: 68259.229: [GC (Allocation Failure) [PSYoungGen: 60736K->288K(60928K)] 80158K->19726K(369664K), 0.0028972 secs] [Times: user=0.01 sys=0.00, real=0.01 secs] 
2019-01-01T12:01:00.253+0900: 68306.829: [GC (Allocation Failure) [PSYoungGen: 60704K->320K(60928K)] 80142K->19758K(369664K), 0.0026213 secs] [Times: user=0.01 sys=0.00, real=0.01 secs] 
2019-01-01T12:01:47.784+0900: 68354.360: [GC (Allocation Failure) [PSYoungGen: 60736K->288K(60928K)] 80174K->19726K(369664K), 0.0024500 secs] [Times: user=0.02 sys=0.00, real=0.00 secs] 
2019-01-01T12:02:35.627+0900: 68402.203: [GC (Allocation Failure) [PSYoungGen: 60704K->288K(60928K)] 80142K->19726K(369664K), 0.0030078 secs] [Times: user=0.01 sys=0.01, real=0.00 secs] 
2019-01-01T12:03:23.407+0900: 68449.983: [GC (Allocation Failure) [PSYoungGen: 60704K->288K(60928K)] 80142K->19726K(369664K), 0.0023334 secs] [Times: user=0.01 sys=0.00, real=0.00 secs] 
2019-01-01T12:04:10.930+0900: 68497.505: [GC (Allocation Failure) [PSYoungGen: 60704K->224K(60928K)] 80142K->19670K(369664K), 0.0027178 secs] [Times: user=0.01 sys=0.00, real=0.00 secs] 
2019-01-01T12:04:58.192+0900: 68544.768: [GC (Allocation Failure) [PSYoungGen: 60640K->320K(60928K)] 80086K->19766K(369664K), 0.0027679 secs] [Times: user=0.01 sys=0.00, real=0.01 secs] 
2019-01-01T12:05:46.380+0900: 68592.955: [GC (Allocation Failure) [PSYoungGen: 60736K->288K(60928K)] 80182K->19734K(369664K), 0.0026425 secs] [Times: user=0.01 sys=0.00, real=0.00 secs] 
2019-01-01T12:06:34.150+0900: 68640.726: [GC (Allocation Failure) [PSYoungGen: 60704K->320K(60928K)] 80150K->19766K(369664K), 0.0027172 secs] [Times: user=0.01 sys=0.00, real=0.00 secs] 
2019-01-01T12:07:21.759+0900: 68688.334: [GC (Allocation Failure) [PSYoungGen: 60736K->256K(60928K)] 80182K->19702K(369664K), 0.0025540 secs] [Times: user=0.02 sys=0.00, real=0.00 secs] 
2019-01-01T12:08:09.490+0900: 68736.066: [GC (Allocation Failure) [PSYoungGen: 60672K->320K(60928K)] 80118K->19766K(369664K), 0.0024680 secs] [Times: user=0.01 sys=0.00, real=0.00 secs] 
2019-01-01T12:08:57.333+0900: 68783.909: [GC (Allocation Failure) [PSYoungGen: 60736K->288K(60928K)] 80182K->19734K(369664K), 0.0030892 secs] [Times: user=0.01 sys=0.00, real=0.01 secs] 
2019-01-01T12:09:44.980+0900: 68831.555: [GC (Allocation Failure) [PSYoungGen: 60704K->352K(60928K)] 80150K->19806K(369664K), 0.0029259 secs] [Times: user=0.01 sys=0.00, real=0.00 secs] 
2019-01-01T12:10:32.517+0900: 68879.093: [GC (Allocation Failure) [PSYoungGen: 60768K->288K(60928K)] 80222K->19742K(369664K), 0.0030228 secs] [Times: user=0.01 sys=0.00, real=0.00 secs] 
2019-01-01T12:11:20.393+0900: 68926.969: [GC (Allocation Failure) [PSYoungGen: 60704K->288K(60928K)] 80158K->19742K(369664K), 0.0029517 secs] [Times: user=0.01 sys=0.00, real=0.01 secs] 
2019-01-01T12:12:07.936+0900: 68974.511: [GC (Allocation Failure) [PSYoungGen: 60704K->320K(60928K)] 80158K->19774K(369664K), 0.0027446 secs] [Times: user=0.01 sys=0.00, real=0.00 secs] 
2019-01-01T12:12:55.725+0900: 69022.301: [GC (Allocation Failure) [PSYoungGen: 60736K->320K(60928K)] 80190K->19774K(369664K), 0.0028141 secs] [Times: user=0.01 sys=0.00, real=0.00 secs] 
2019-01-01T12:13:43.420+0900: 69069.995: [GC (Allocation Failure) [PSYoungGen: 60736K->256K(60928K)] 80190K->19710K(369664K), 0.0026154 secs] [Times: user=0.02 sys=0.00, real=0.00 secs] 
2019-01-01T12:14:31.486+0900: 69118.062: [GC (Allocation Failure) [PSYoungGen: 60672K->320K(60928K)] 80126K->19782K(369664K), 0.0028155 secs] [Times: user=0.01 sys=0.00, real=0.00 secs] 
2019-01-01T12:15:19.356+0900: 69165.932: [GC (Allocation Failure) [PSYoungGen: 60736K->288K(60928K)] 80198K->19750K(369664K), 0.0024625 secs] [Times: user=0.01 sys=0.00, real=0.00 secs] 
2019-01-01T12:16:07.381+0900: 69213.957: [GC (Allocation Failure) [PSYoungGen: 60704K->288K(60928K)] 80166K->19758K(369664K), 0.0027362 secs] [Times: user=0.01 sys=0.00, real=0.00 secs] 
2019-01-01T12:16:55.058+0900: 69261.634: [GC (Allocation Failure) [PSYoungGen: 60704K->320K(60928K)] 80174K->19790K(369664K), 0.0030300 secs] [Times: user=0.00 sys=0.01, real=0.00 secs] 
2019-01-01T12:17:42.781+0900: 69309.356: [GC (Allocation Failure) [PSYoungGen: 60736K->288K(60928K)] 80206K->19758K(369664K), 0.0027156 secs] [Times: user=0.01 sys=0.00, real=0.00 secs] 
2019-01-01T12:18:30.441+0900: 69357.017: [GC (Allocation Failure) [PSYoungGen: 60704K->288K(60928K)] 80174K->19758K(369664K), 0.0024610 secs] [Times: user=0.01 sys=0.00, real=0.00 secs] 
2019-01-01T12:19:18.641+0900: 69405.216: [GC (Allocation Failure) [PSYoungGen: 60704K->256K(60928K)] 80174K->19726K(369664K), 0.0025564 secs] [Times: user=0.02 sys=0.00, real=0.00 secs] 
2019-01-01T12:20:06.667+0900: 69453.243: [GC (Allocation Failure) [PSYoungGen: 60672K->320K(60928K)] 80142K->19790K(369664K), 0.0028054 secs] [Times: user=0.01 sys=0.00, real=0.00 secs] 
2019-01-01T12:20:54.028+0900: 69500.603: [GC (Allocation Failure) [PSYoungGen: 60736K->288K(60928K)] 80206K->19758K(369664K), 0.0028265 secs] [Times: user=0.01 sys=0.00, real=0.00 secs] 
2019-01-01T12:21:42.016+0900: 69548.592: [GC (Allocation Failure) [PSYoungGen: 60704K->320K(60928K)] 80174K->19790K(369664K), 0.0025339 secs] [Times: user=0.01 sys=0.00, real=0.00 secs] 
2019-01-01T12:22:29.847+0900: 69596.423: [GC (Allocation Failure) [PSYoungGen: 60736K->352K(60928K)] 80206K->19822K(369664K), 0.0028156 secs] [Times: user=0.00 sys=0.00, real=0.00 secs] 
2019-01-01T12:23:17.614+0900: 69644.190: [GC (Allocation Failure) [PSYoungGen: 60768K->224K(60928K)] 80238K->19694K(369664K), 0.0028253 secs] [Times: user=0.01 sys=0.00, real=0.00 secs] 
2019-01-01T12:24:05.229+0900: 69691.805: [GC (Allocation Failure) [PSYoungGen: 60640K->320K(60928K)] 80110K->19790K(369664K), 0.0027158 secs] [Times: user=0.01 sys=0.00, real=0.00 secs] 
2019-01-01T12:24:53.048+0900: 69739.624: [GC (Allocation Failure) [PSYoungGen: 60736K->224K(60928K)] 80206K->19702K(369664K), 0.0023888 secs] [Times: user=0.01 sys=0.00, real=0.00 secs] 
2019-01-01T12:25:40.848+0900: 69787.424: [GC (Allocation Failure) [PSYoungGen: 60640K->320K(60928K)] 80118K->19798K(369664K), 0.0026425 secs] [Times: user=0.01 sys=0.00, real=0.00 secs] 
2019-01-01T12:26:28.447+0900: 69835.023: [GC (Allocation Failure) [PSYoungGen: 60736K->320K(60928K)] 80214K->19798K(369664K), 0.0029352 secs] [Times: user=0.01 sys=0.00, real=0.00 secs] 
2019-01-01T12:27:16.107+0900: 69882.682: [GC (Allocation Failure) [PSYoungGen: 60736K->320K(60928K)] 80214K->19798K(369664K), 0.0027494 secs] [Times: user=0.01 sys=0.00, real=0.00 secs] 
2019-01-01T12:28:03.829+0900: 69930.405: [GC (Allocation Failure) [PSYoungGen: 60736K->288K(60928K)] 80214K->19766K(369664K), 0.0031125 secs] [Times: user=0.01 sys=0.01, real=0.00 secs] 
2019-01-01T12:28:51.198+0900: 69977.774: [GC (Allocation Failure) [PSYoungGen: 60704K->288K(60928K)] 80182K->19766K(369664K), 0.0027920 secs] [Times: user=0.01 sys=0.00, real=0.00 secs] 
2019-01-01T12:29:39.353+0900: 70025.928: [GC (Allocation Failure) [PSYoungGen: 60704K->224K(60928K)] 80182K->19702K(369664K), 0.0028126 secs] [Times: user=0.01 sys=0.00, real=0.01 secs] 
2019-01-01T12:30:27.100+0900: 70073.676: [GC (Allocation Failure) [PSYoungGen: 60640K->288K(60928K)] 80118K->19774K(369664K), 0.0026140 secs] [Times: user=0.01 sys=0.00, real=0.00 secs] 
2019-01-01T12:31:14.602+0900: 70121.178: [GC (Allocation Failure) [PSYoungGen: 60704K->320K(60928K)] 80190K->19806K(369664K), 0.0028587 secs] [Times: user=0.01 sys=0.00, real=0.01 secs] 
2019-01-01T12:32:02.550+0900: 70169.125: [GC (Allocation Failure) [PSYoungGen: 60736K->352K(60928K)] 80222K->19838K(369664K), 0.0023899 secs] [Times: user=0.01 sys=0.00, real=0.00 secs] 
2019-01-01T12:32:49.983+0900: 70216.559: [GC (Allocation Failure) [PSYoungGen: 60768K->320K(60928K)] 80254K->19806K(369664K), 0.0032257 secs] [Times: user=0.01 sys=0.00, real=0.01 secs] 
2019-01-01T12:33:37.630+0900: 70264.206: [GC (Allocation Failure) [PSYoungGen: 60736K->320K(60928K)] 80222K->19806K(369664K), 0.0028493 secs] [Times: user=0.02 sys=0.00, real=0.00 secs] 
2019-01-01T12:34:25.429+0900: 70312.005: [GC (Allocation Failure) [PSYoungGen: 60736K->288K(60928K)] 80222K->19774K(369664K), 0.0027096 secs] [Times: user=0.01 sys=0.00, real=0.00 secs] 
2019-01-01T12:35:13.314+0900: 70359.890: [GC (Allocation Failure) [PSYoungGen: 60704K->320K(60928K)] 80190K->19814K(369664K), 0.0024364 secs] [Times: user=0.02 sys=0.00, real=0.00 secs] 
2019-01-01T12:36:00.748+0900: 70407.324: [GC (Allocation Failure) [PSYoungGen: 60736K->352K(60928K)] 80230K->19846K(369664K), 0.0024866 secs] [Times: user=0.02 sys=0.00, real=0.00 secs] 
2019-01-01T12:36:48.713+0900: 70455.289: [GC (Allocation Failure) [PSYoungGen: 60768K->288K(60928K)] 80262K->19782K(369664K), 0.0030894 secs] [Times: user=0.01 sys=0.01, real=0.01 secs] 
2019-01-01T12:37:36.204+0900: 70502.780: [GC (Allocation Failure) [PSYoungGen: 60704K->256K(60928K)] 80198K->19750K(369664K), 0.0023951 secs] [Times: user=0.01 sys=0.00, real=0.00 secs] 
2019-01-01T12:38:23.886+0900: 70550.462: [GC (Allocation Failure) [PSYoungGen: 60672K->288K(60928K)] 80166K->19782K(369664K), 0.0028588 secs] [Times: user=0.00 sys=0.00, real=0.00 secs] 
2019-01-01T12:39:11.748+0900: 70598.324: [GC (Allocation Failure) [PSYoungGen: 60704K->320K(60928K)] 80198K->19814K(369664K), 0.0028348 secs] [Times: user=0.01 sys=0.00, real=0.00 secs] 
2019-01-01T12:39:59.228+0900: 70645.804: [GC (Allocation Failure) [PSYoungGen: 60736K->256K(60928K)] 80230K->19750K(369664K), 0.0028852 secs] [Times: user=0.02 sys=0.00, real=0.00 secs] 
2019-01-01T12:40:46.872+0900: 70693.448: [GC (Allocation Failure) [PSYoungGen: 60672K->352K(60928K)] 80166K->19846K(369664K), 0.0024603 secs] [Times: user=0.01 sys=0.00, real=0.01 secs] 
2019-01-01T12:41:34.837+0900: 70741.413: [GC (Allocation Failure) [PSYoungGen: 60768K->352K(60928K)] 80262K->19846K(369664K), 0.0027822 secs] [Times: user=0.01 sys=0.00, real=0.00 secs] 
2019-01-01T12:42:22.260+0900: 70788.836: [GC (Allocation Failure) [PSYoungGen: 60768K->256K(60928K)] 80262K->19750K(369664K), 0.0029063 secs] [Times: user=0.01 sys=0.00, real=0.00 secs] 
2019-01-01T12:43:09.794+0900: 70836.370: [GC (Allocation Failure) [PSYoungGen: 60672K->352K(60928K)] 80166K->19846K(369664K), 0.0023530 secs] [Times: user=0.01 sys=0.00, real=0.00 secs] 
2019-01-01T12:43:57.635+0900: 70884.211: [GC (Allocation Failure) [PSYoungGen: 60768K->320K(60928K)] 80262K->19814K(369664K), 0.0027395 secs] [Times: user=0.01 sys=0.00, real=0.00 secs] 
2019-01-01T12:44:45.444+0900: 70932.020: [GC (Allocation Failure) [PSYoungGen: 60736K->224K(60928K)] 80230K->19734K(369664K), 0.0027557 secs] [Times: user=0.01 sys=0.00, real=0.00 secs] 
2019-01-01T12:45:33.351+0900: 70979.927: [GC (Allocation Failure) [PSYoungGen: 60640K->288K(60928K)] 80150K->19814K(369664K), 0.0026302 secs] [Times: user=0.01 sys=0.00, real=0.01 secs] 
2019-01-01T12:46:21.209+0900: 71027.785: [GC (Allocation Failure) [PSYoungGen: 60704K->320K(60928K)] 80230K->19846K(369664K), 0.0025448 secs] [Times: user=0.02 sys=0.00, real=0.00 secs] 
2019-01-01T12:47:09.076+0900: 71075.652: [GC (Allocation Failure) [PSYoungGen: 60736K->352K(60928K)] 80262K->19878K(369664K), 0.0026728 secs] [Times: user=0.01 sys=0.00, real=0.00 secs] 
2019-01-01T12:47:56.591+0900: 71123.167: [GC (Allocation Failure) [PSYoungGen: 60768K->320K(60928K)] 80294K->19846K(369664K), 0.0027735 secs] [Times: user=0.02 sys=0.00, real=0.01 secs] 
2019-01-01T12:48:44.524+0900: 71171.100: [GC (Allocation Failure) [PSYoungGen: 60736K->288K(60928K)] 80262K->19814K(369664K), 0.0029011 secs] [Times: user=0.02 sys=0.00, real=0.00 secs] 
2019-01-01T12:49:32.013+0900: 71218.589: [GC (Allocation Failure) [PSYoungGen: 60704K->320K(60928K)] 80230K->19862K(369664K), 0.0024434 secs] [Times: user=0.01 sys=0.00, real=0.01 secs] 
2019-01-01T12:50:19.555+0900: 71266.131: [GC (Allocation Failure) [PSYoungGen: 60736K->320K(60928K)] 80278K->19862K(369664K), 0.0025414 secs] [Times: user=0.01 sys=0.00, real=0.00 secs] 
2019-01-01T12:51:07.443+0900: 71314.019: [GC (Allocation Failure) [PSYoungGen: 60736K->352K(60928K)] 80278K->19894K(369664K), 0.0028893 secs] [Times: user=0.01 sys=0.00, real=0.01 secs] 
2019-01-01T12:51:55.258+0900: 71361.834: [GC (Allocation Failure) [PSYoungGen: 60768K->352K(60928K)] 80310K->19894K(369664K), 0.0027896 secs] [Times: user=0.01 sys=0.00, real=0.00 secs] 
2019-01-01T12:52:43.220+0900: 71409.796: [GC (Allocation Failure) [PSYoungGen: 60768K->256K(60928K)] 80310K->19798K(369664K), 0.0027954 secs] [Times: user=0.01 sys=0.00, real=0.00 secs] 
2019-01-01T12:53:31.041+0900: 71457.617: [GC (Allocation Failure) [PSYoungGen: 60672K->224K(60928K)] 80214K->19766K(369664K), 0.0028902 secs] [Times: user=0.00 sys=0.01, real=0.01 secs] 
2019-01-01T12:54:18.675+0900: 71505.251: [GC (Allocation Failure) [PSYoungGen: 60640K->320K(60928K)] 80182K->19862K(369664K), 0.0027906 secs] [Times: user=0.01 sys=0.00, real=0.00 secs] 
2019-01-01T12:55:06.392+0900: 71552.968: [GC (Allocation Failure) [PSYoungGen: 60736K->256K(60928K)] 80278K->19798K(369664K), 0.0024335 secs] [Times: user=0.01 sys=0.00, real=0.01 secs] 
2019-01-01T12:55:54.112+0900: 71600.688: [GC (Allocation Failure) [PSYoungGen: 60672K->320K(60928K)] 80214K->19862K(369664K), 0.0024227 secs] [Times: user=0.01 sys=0.00, real=0.01 secs] 
2019-01-01T12:56:41.946+0900: 71648.522: [GC (Allocation Failure) [PSYoungGen: 60736K->320K(60928K)] 80278K->19862K(369664K), 0.0025077 secs] [Times: user=0.01 sys=0.00, real=0.00 secs] 
2019-01-01T12:57:29.572+0900: 71696.148: [GC (Allocation Failure) [PSYoungGen: 60736K->320K(60928K)] 80278K->19870K(369664K), 0.0030243 secs] [Times: user=0.02 sys=0.00, real=0.01 secs] 
2019-01-01T12:58:17.177+0900: 71743.753: [GC (Allocation Failure) [PSYoungGen: 60736K->352K(60928K)] 80286K->19902K(369664K), 0.0024399 secs] [Times: user=0.01 sys=0.00, real=0.00 secs] 
2019-01-01T12:59:05.102+0900: 71791.678: [GC (Allocation Failure) [PSYoungGen: 60768K->256K(60928K)] 80318K->19806K(369664K), 0.0029527 secs] [Times: user=0.01 sys=0.00, real=0.01 secs] 
2019-01-01T12:59:52.528+0900: 71839.104: [GC (Allocation Failure) [PSYoungGen: 60672K->352K(60928K)] 80222K->19902K(369664K), 0.0032581 secs] [Times: user=0.01 sys=0.00, real=0.00 secs] 
2019-01-01T13:00:40.718+0900: 71887.293: [GC (Allocation Failure) [PSYoungGen: 60768K->256K(60928K)] 80318K->19806K(369664K), 0.0028392 secs] [Times: user=0.01 sys=0.00, real=0.00 secs] 
2019-01-01T13:01:27.974+0900: 71934.550: [GC (Allocation Failure) [PSYoungGen: 60672K->352K(60928K)] 80222K->19902K(369664K), 0.0027942 secs] [Times: user=0.01 sys=0.00, real=0.00 secs] 
2019-01-01T13:02:15.701+0900: 71982.277: [GC (Allocation Failure) [PSYoungGen: 60768K->320K(60928K)] 80318K->19870K(369664K), 0.0027694 secs] [Times: user=0.01 sys=0.00, real=0.01 secs] 
2019-01-01T13:03:03.287+0900: 72029.863: [GC (Allocation Failure) [PSYoungGen: 60736K->224K(60928K)] 80286K->19774K(369664K), 0.0030552 secs] [Times: user=0.01 sys=0.00, real=0.00 secs] 
2019-01-01T13:03:50.881+0900: 72077.457: [GC (Allocation Failure) [PSYoungGen: 60640K->320K(60928K)] 80190K->19870K(369664K), 0.0024694 secs] [Times: user=0.01 sys=0.00, real=0.00 secs] 
2019-01-01T13:04:38.673+0900: 72125.249: [GC (Allocation Failure) [PSYoungGen: 60736K->352K(60928K)] 80286K->19902K(369664K), 0.0026650 secs] [Times: user=0.02 sys=0.00, real=0.01 secs] 
2019-01-01T13:05:25.949+0900: 72172.525: [GC (Allocation Failure) [PSYoungGen: 60768K->352K(60928K)] 80318K->19902K(369664K), 0.0026139 secs] [Times: user=0.01 sys=0.00, real=0.00 secs] 
2019-01-01T13:06:13.507+0900: 72220.083: [GC (Allocation Failure) [PSYoungGen: 60768K->352K(60928K)] 80318K->19902K(369664K), 0.0026791 secs] [Times: user=0.02 sys=0.00, real=0.00 secs] 
2019-01-01T13:07:01.242+0900: 72267.818: [GC (Allocation Failure) [PSYoungGen: 60768K->256K(60928K)] 80318K->19814K(369664K), 0.0026093 secs] [Times: user=0.01 sys=0.00, real=0.01 secs] 
2019-01-01T13:07:48.554+0900: 72315.130: [GC (Allocation Failure) [PSYoungGen: 60672K->352K(60928K)] 80230K->19910K(369664K), 0.0027450 secs] [Times: user=0.01 sys=0.00, real=0.00 secs] 
2019-01-01T13:08:36.637+0900: 72363.213: [GC (Allocation Failure) [PSYoungGen: 60768K->320K(60928K)] 80326K->19878K(369664K), 0.0024533 secs] [Times: user=0.01 sys=0.00, real=0.00 secs] 
2019-01-01T13:09:24.214+0900: 72410.790: [GC (Allocation Failure) [PSYoungGen: 60736K->320K(60928K)] 80294K->19878K(369664K), 0.0026447 secs] [Times: user=0.02 sys=0.00, real=0.00 secs] 
2019-01-01T13:10:12.021+0900: 72458.597: [GC (Allocation Failure) [PSYoungGen: 60736K->288K(60928K)] 80294K->19846K(369664K), 0.0028514 secs] [Times: user=0.01 sys=0.00, real=0.01 secs] 
2019-01-01T13:10:59.221+0900: 72505.796: [GC (Allocation Failure) [PSYoungGen: 60704K->288K(60928K)] 80262K->19846K(369664K), 0.0023053 secs] [Times: user=0.01 sys=0.00, real=0.00 secs] 
2019-01-01T13:11:46.949+0900: 72553.525: [GC (Allocation Failure) [PSYoungGen: 60704K->256K(60928K)] 80262K->19814K(369664K), 0.0028258 secs] [Times: user=0.01 sys=0.01, real=0.00 secs] 
2019-01-01T13:12:34.680+0900: 72601.256: [GC (Allocation Failure) [PSYoungGen: 60672K->288K(60928K)] 80230K->19846K(369664K), 0.0024259 secs] [Times: user=0.01 sys=0.00, real=0.00 secs] 
2019-01-01T13:13:22.418+0900: 72648.994: [GC (Allocation Failure) [PSYoungGen: 60704K->256K(60928K)] 80262K->19814K(369664K), 0.0027296 secs] [Times: user=0.01 sys=0.00, real=0.00 secs] 
2019-01-01T13:14:10.028+0900: 72696.604: [GC (Allocation Failure) [PSYoungGen: 60672K->288K(60928K)] 80230K->19846K(369664K), 0.0059964 secs] [Times: user=0.01 sys=0.00, real=0.01 secs] 
2019-01-01T13:14:57.784+0900: 72744.360: [GC (Allocation Failure) [PSYoungGen: 60704K->288K(60928K)] 80262K->19862K(369664K), 0.0028784 secs] [Times: user=0.01 sys=0.00, real=0.00 secs] 
2019-01-01T13:15:45.559+0900: 72792.135: [GC (Allocation Failure) [PSYoungGen: 60704K->288K(60928K)] 80278K->19878K(369664K), 0.0028345 secs] [Times: user=0.01 sys=0.00, real=0.00 secs] 
2019-01-01T13:16:33.499+0900: 72840.075: [GC (Allocation Failure) [PSYoungGen: 60704K->352K(60928K)] 80294K->19950K(369664K), 0.0028782 secs] [Times: user=0.01 sys=0.00, real=0.00 secs] 
2019-01-01T13:17:20.752+0900: 72887.328: [GC (Allocation Failure) [PSYoungGen: 60768K->320K(60928K)] 80366K->19918K(369664K), 0.0027922 secs] [Times: user=0.01 sys=0.00, real=0.01 secs] 
2019-01-01T13:18:08.339+0900: 72934.915: [GC (Allocation Failure) [PSYoungGen: 60736K->320K(60928K)] 80334K->19918K(369664K), 0.0029810 secs] [Times: user=0.01 sys=0.00, real=0.00 secs] 
2019-01-01T13:18:56.129+0900: 72982.705: [GC (Allocation Failure) [PSYoungGen: 60736K->288K(60928K)] 80334K->19894K(369664K), 0.0024523 secs] [Times: user=0.01 sys=0.00, real=0.00 secs] 
2019-01-01T13:19:43.414+0900: 73029.989: [GC (Allocation Failure) [PSYoungGen: 60704K->320K(60928K)] 80310K->19926K(369664K), 0.0030906 secs] [Times: user=0.01 sys=0.00, real=0.01 secs] 
2019-01-01T13:20:31.512+0900: 73078.087: [GC (Allocation Failure) [PSYoungGen: 60736K->320K(60928K)] 80342K->19926K(369664K), 0.0025348 secs] [Times: user=0.01 sys=0.00, real=0.01 secs] 
2019-01-01T13:21:19.178+0900: 73125.754: [GC (Allocation Failure) [PSYoungGen: 60736K->288K(60928K)] 80342K->19894K(369664K), 0.0027563 secs] [Times: user=0.01 sys=0.00, real=0.00 secs] 
2019-01-01T13:22:06.957+0900: 73173.533: [GC (Allocation Failure) [PSYoungGen: 60704K->288K(60928K)] 80310K->19894K(369664K), 0.0028120 secs] [Times: user=0.01 sys=0.00, real=0.00 secs] 
2019-01-01T13:22:54.749+0900: 73221.325: [GC (Allocation Failure) [PSYoungGen: 60704K->320K(60928K)] 80310K->19926K(369664K), 0.0028954 secs] [Times: user=0.02 sys=0.00, real=0.00 secs] 
2019-01-01T13:23:42.479+0900: 73269.055: [GC (Allocation Failure) [PSYoungGen: 60736K->224K(60928K)] 80342K->19830K(369664K), 0.0027152 secs] [Times: user=0.01 sys=0.00, real=0.00 secs] 
2019-01-01T13:24:30.171+0900: 73316.747: [GC (Allocation Failure) [PSYoungGen: 60640K->352K(60928K)] 80246K->19958K(369664K), 0.0027238 secs] [Times: user=0.01 sys=0.00, real=0.01 secs] 
2019-01-01T13:25:17.893+0900: 73364.469: [GC (Allocation Failure) [PSYoungGen: 60768K->352K(60928K)] 80374K->19958K(369664K), 0.0025523 secs] [Times: user=0.01 sys=0.00, real=0.01 secs] 
2019-01-01T13:26:05.616+0900: 73412.192: [GC (Allocation Failure) [PSYoungGen: 60768K->288K(60928K)] 80374K->19894K(369664K), 0.0028605 secs] [Times: user=0.01 sys=0.00, real=0.00 secs] 
2019-01-01T13:26:53.104+0900: 73459.680: [GC (Allocation Failure) [PSYoungGen: 60704K->320K(60928K)] 80310K->19926K(369664K), 0.0031553 secs] [Times: user=0.01 sys=0.00, real=0.00 secs] 
2019-01-01T13:27:40.940+0900: 73507.516: [GC (Allocation Failure) [PSYoungGen: 60736K->288K(60928K)] 80342K->19894K(369664K), 0.0025082 secs] [Times: user=0.01 sys=0.00, real=0.00 secs] 
2019-01-01T13:28:28.672+0900: 73555.248: [GC (Allocation Failure) [PSYoungGen: 60704K->320K(60928K)] 80310K->19926K(369664K), 0.0025576 secs] [Times: user=0.01 sys=0.01, real=0.01 secs] 
2019-01-01T13:29:16.623+0900: 73603.199: [GC (Allocation Failure) [PSYoungGen: 60736K->320K(60928K)] 80342K->19926K(369664K), 0.0029548 secs] [Times: user=0.02 sys=0.00, real=0.01 secs] 
2019-01-01T13:30:04.621+0900: 73651.196: [GC (Allocation Failure) [PSYoungGen: 60736K->320K(60928K)] 80342K->19926K(369664K), 0.0024238 secs] [Times: user=0.01 sys=0.00, real=0.00 secs] 
2019-01-01T13:30:52.054+0900: 73698.630: [GC (Allocation Failure) [PSYoungGen: 60736K->320K(60928K)] 80342K->19926K(369664K), 0.0026500 secs] [Times: user=0.01 sys=0.00, real=0.00 secs] 
2019-01-01T13:31:39.767+0900: 73746.343: [GC (Allocation Failure) [PSYoungGen: 60736K->288K(60928K)] 80342K->19894K(369664K), 0.0023475 secs] [Times: user=0.01 sys=0.00, real=0.00 secs] 
2019-01-01T13:32:27.440+0900: 73794.016: [GC (Allocation Failure) [PSYoungGen: 60704K->320K(60928K)] 80310K->19926K(369664K), 0.0031872 secs] [Times: user=0.01 sys=0.00, real=0.00 secs] 
2019-01-01T13:33:14.941+0900: 73841.517: [GC (Allocation Failure) [PSYoungGen: 60736K->288K(60928K)] 80342K->19894K(369664K), 0.0027185 secs] [Times: user=0.01 sys=0.00, real=0.01 secs] 
2019-01-01T13:34:02.800+0900: 73889.376: [GC (Allocation Failure) [PSYoungGen: 60704K->320K(60928K)] 80310K->19926K(369664K), 0.0029239 secs] [Times: user=0.01 sys=0.00, real=0.00 secs] 
2019-01-01T13:34:50.144+0900: 73936.720: [GC (Allocation Failure) [PSYoungGen: 60736K->320K(60928K)] 80342K->19926K(369664K), 0.0028696 secs] [Times: user=0.01 sys=0.01, real=0.00 secs] 
2019-01-01T13:35:37.754+0900: 73984.329: [GC (Allocation Failure) [PSYoungGen: 60736K->160K(60928K)] 80342K->19766K(369664K), 0.0025885 secs] [Times: user=0.01 sys=0.00, real=0.01 secs] 
2019-01-01T13:36:25.450+0900: 74032.025: [GC (Allocation Failure) [PSYoungGen: 60576K->288K(60928K)] 80182K->19894K(369664K), 0.0028444 secs] [Times: user=0.01 sys=0.00, real=0.00 secs] 
2019-01-01T13:37:13.161+0900: 74079.737: [GC (Allocation Failure) [PSYoungGen: 60704K->352K(60928K)] 80310K->19958K(369664K), 0.0025135 secs] [Times: user=0.01 sys=0.00, real=0.00 secs] 
2019-01-01T13:38:00.861+0900: 74127.437: [GC (Allocation Failure) [PSYoungGen: 60768K->352K(60928K)] 80374K->19958K(369664K), 0.0027844 secs] [Times: user=0.01 sys=0.00, real=0.01 secs] 
2019-01-01T13:38:48.948+0900: 74175.524: [GC (Allocation Failure) [PSYoungGen: 60768K->320K(60928K)] 80374K->19926K(369664K), 0.0024917 secs] [Times: user=0.00 sys=0.00, real=0.00 secs] 
2019-01-01T13:39:36.906+0900: 74223.482: [GC (Allocation Failure) [PSYoungGen: 60736K->288K(60928K)] 80342K->19894K(369664K), 0.0028369 secs] [Times: user=0.01 sys=0.00, real=0.00 secs] 
2019-01-01T13:40:24.334+0900: 74270.910: [GC (Allocation Failure) [PSYoungGen: 60704K->288K(60928K)] 80310K->19894K(369664K), 0.0028258 secs] [Times: user=0.01 sys=0.00, real=0.00 secs] 
2019-01-01T13:41:12.078+0900: 74318.654: [GC (Allocation Failure) [PSYoungGen: 60704K->320K(60928K)] 80310K->19926K(369664K), 0.0026359 secs] [Times: user=0.01 sys=0.00, real=0.00 secs] 
2019-01-01T13:41:59.771+0900: 74366.347: [GC (Allocation Failure) [PSYoungGen: 60736K->288K(60928K)] 80342K->19910K(369664K), 0.0032068 secs] [Times: user=0.02 sys=0.00, real=0.01 secs] 
2019-01-01T13:42:47.299+0900: 74413.875: [GC (Allocation Failure) [PSYoungGen: 60704K->320K(60928K)] 80326K->19942K(369664K), 0.0027981 secs] [Times: user=0.01 sys=0.00, real=0.00 secs] 
2019-01-01T13:43:35.316+0900: 74461.892: [GC (Allocation Failure) [PSYoungGen: 60736K->352K(60928K)] 80358K->19982K(369664K), 0.0028261 secs] [Times: user=0.01 sys=0.00, real=0.00 secs] 
2019-01-01T13:44:23.128+0900: 74509.704: [GC (Allocation Failure) [PSYoungGen: 60768K->288K(60928K)] 80398K->19942K(369664K), 0.0029749 secs] [Times: user=0.01 sys=0.00, real=0.00 secs] 
2019-01-01T13:45:10.519+0900: 74557.095: [GC (Allocation Failure) [PSYoungGen: 60704K->256K(60928K)] 80358K->19910K(369664K), 0.0027373 secs] [Times: user=0.01 sys=0.00, real=0.00 secs] 
2019-01-01T13:45:57.952+0900: 74604.528: [GC (Allocation Failure) [PSYoungGen: 60672K->288K(60928K)] 80326K->19950K(369664K), 0.0028547 secs] [Times: user=0.01 sys=0.00, real=0.01 secs] 
2019-01-01T13:46:45.822+0900: 74652.397: [GC (Allocation Failure) [PSYoungGen: 60704K->288K(60928K)] 80366K->19982K(369664K), 0.0026329 secs] [Times: user=0.02 sys=0.00, real=0.01 secs] 
2019-01-01T13:47:33.284+0900: 74699.860: [GC (Allocation Failure) [PSYoungGen: 60704K->352K(60928K)] 80398K->20046K(369664K), 0.0028318 secs] [Times: user=0.01 sys=0.00, real=0.00 secs] 
2019-01-01T13:48:20.798+0900: 74747.374: [GC (Allocation Failure) [PSYoungGen: 60768K->352K(60928K)] 80462K->20054K(369664K), 0.0023580 secs] [Times: user=0.01 sys=0.00, real=0.00 secs] 
2019-01-01T13:49:08.477+0900: 74795.053: [GC (Allocation Failure) [PSYoungGen: 60768K->288K(60928K)] 80470K->19990K(369664K), 0.0025803 secs] [Times: user=0.01 sys=0.00, real=0.00 secs] 
2019-01-01T13:49:56.577+0900: 74843.153: [GC (Allocation Failure) [PSYoungGen: 60704K->352K(60928K)] 80406K->20054K(369664K), 0.0023892 secs] [Times: user=0.01 sys=0.00, real=0.00 secs] 
2019-01-01T13:50:43.965+0900: 74890.541: [GC (Allocation Failure) [PSYoungGen: 60768K->256K(60928K)] 80470K->19958K(369664K), 0.0029916 secs] [Times: user=0.01 sys=0.01, real=0.00 secs] 
2019-01-01T13:51:31.517+0900: 74938.093: [GC (Allocation Failure) [PSYoungGen: 60672K->288K(60928K)] 80374K->19990K(369664K), 0.0028970 secs] [Times: user=0.01 sys=0.00, real=0.00 secs] 
2019-01-01T13:52:19.452+0900: 74986.028: [GC (Allocation Failure) [PSYoungGen: 60704K->288K(60928K)] 80406K->19990K(369664K), 0.0030113 secs] [Times: user=0.01 sys=0.00, real=0.01 secs] 
2019-01-01T13:53:07.264+0900: 75033.840: [GC (Allocation Failure) [PSYoungGen: 60704K->320K(60928K)] 80406K->20022K(369664K), 0.0027124 secs] [Times: user=0.01 sys=0.00, real=0.00 secs] 
2019-01-01T13:53:54.803+0900: 75081.379: [GC (Allocation Failure) [PSYoungGen: 60736K->320K(60928K)] 80438K->20022K(369664K), 0.0028699 secs] [Times: user=0.01 sys=0.00, real=0.01 secs] 
2019-01-01T13:54:42.714+0900: 75129.290: [GC (Allocation Failure) [PSYoungGen: 60736K->352K(60928K)] 80438K->20054K(369664K), 0.0030451 secs] [Times: user=0.02 sys=0.00, real=0.00 secs] 
2019-01-01T13:55:30.565+0900: 75177.141: [GC (Allocation Failure) [PSYoungGen: 60768K->256K(60928K)] 80470K->19958K(369664K), 0.0028277 secs] [Times: user=0.01 sys=0.00, real=0.00 secs] 
2019-01-01T13:56:18.092+0900: 75224.668: [GC (Allocation Failure) [PSYoungGen: 60672K->256K(60928K)] 80374K->19958K(369664K), 0.0024550 secs] [Times: user=0.01 sys=0.00, real=0.01 secs] 
2019-01-01T13:57:06.285+0900: 75272.861: [GC (Allocation Failure) [PSYoungGen: 60672K->320K(60928K)] 80374K->20038K(369664K), 0.0028159 secs] [Times: user=0.01 sys=0.00, real=0.00 secs] 
2019-01-01T13:57:54.165+0900: 75320.741: [GC (Allocation Failure) [PSYoungGen: 60736K->288K(60928K)] 80454K->20006K(369664K), 0.0028000 secs] [Times: user=0.01 sys=0.00, real=0.00 secs] 
2019-01-01T13:58:41.668+0900: 75368.244: [GC (Allocation Failure) [PSYoungGen: 60704K->288K(60928K)] 80422K->20014K(369664K), 0.0026344 secs] [Times: user=0.01 sys=0.00, real=0.00 secs] 
2019-01-01T13:59:29.517+0900: 75416.093: [GC (Allocation Failure) [PSYoungGen: 60704K->256K(60928K)] 80430K->19982K(369664K), 0.0028712 secs] [Times: user=0.01 sys=0.00, real=0.00 secs] 
2019-01-01T14:00:17.041+0900: 75463.617: [GC (Allocation Failure) [PSYoungGen: 60672K->352K(60928K)] 80398K->20078K(369664K), 0.0027102 secs] [Times: user=0.01 sys=0.00, real=0.00 secs] 
2019-01-01T14:01:04.844+0900: 75511.420: [GC (Allocation Failure) [PSYoungGen: 60768K->256K(60928K)] 80494K->19982K(369664K), 0.0028793 secs] [Times: user=0.01 sys=0.00, real=0.00 secs] 
2019-01-01T14:01:52.660+0900: 75559.236: [GC (Allocation Failure) [PSYoungGen: 60672K->320K(60928K)] 80398K->20046K(369664K), 0.0027660 secs] [Times: user=0.01 sys=0.00, real=0.00 secs] 
2019-01-01T14:02:40.543+0900: 75607.119: [GC (Allocation Failure) [PSYoungGen: 60736K->320K(60928K)] 80462K->20054K(369664K), 0.0026732 secs] [Times: user=0.01 sys=0.00, real=0.01 secs] 
2019-01-01T14:03:27.820+0900: 75654.396: [GC (Allocation Failure) [PSYoungGen: 60736K->320K(60928K)] 80470K->20054K(369664K), 0.0028749 secs] [Times: user=0.02 sys=0.00, real=0.00 secs] 
2019-01-01T14:04:15.603+0900: 75702.179: [GC (Allocation Failure) [PSYoungGen: 60736K->352K(60928K)] 80470K->20086K(369664K), 0.0028677 secs] [Times: user=0.01 sys=0.00, real=0.01 secs] 
2019-01-01T14:05:03.199+0900: 75749.775: [GC (Allocation Failure) [PSYoungGen: 60768K->288K(60928K)] 80502K->20022K(369664K), 0.0025817 secs] [Times: user=0.01 sys=0.00, real=0.00 secs] 
2019-01-01T14:05:50.766+0900: 75797.342: [GC (Allocation Failure) [PSYoungGen: 60704K->320K(60928K)] 80438K->20086K(369664K), 0.0024801 secs] [Times: user=0.01 sys=0.00, real=0.00 secs] 
2019-01-01T14:06:38.561+0900: 75845.137: [GC (Allocation Failure) [PSYoungGen: 60736K->352K(60928K)] 80502K->20118K(369664K), 0.0029266 secs] [Times: user=0.02 sys=0.00, real=0.01 secs] 
2019-01-01T14:07:25.931+0900: 75892.507: [GC (Allocation Failure) [PSYoungGen: 60768K->320K(60928K)] 80534K->20086K(369664K), 0.0026912 secs] [Times: user=0.01 sys=0.00, real=0.00 secs] 
2019-01-01T14:08:13.668+0900: 75940.243: [GC (Allocation Failure) [PSYoungGen: 60736K->320K(60928K)] 80502K->20086K(369664K), 0.0024289 secs] [Times: user=0.01 sys=0.00, real=0.00 secs] 
2019-01-01T14:09:01.378+0900: 75987.954: [GC (Allocation Failure) [PSYoungGen: 60736K->256K(60928K)] 80502K->20022K(369664K), 0.0026836 secs] [Times: user=0.01 sys=0.00, real=0.00 secs] 
2019-01-01T14:09:49.264+0900: 76035.839: [GC (Allocation Failure) [PSYoungGen: 60672K->320K(60928K)] 80438K->20086K(369664K), 0.0028653 secs] [Times: user=0.01 sys=0.00, real=0.01 secs] 
2019-01-01T14:10:36.571+0900: 76083.147: [GC (Allocation Failure) [PSYoungGen: 60736K->320K(60928K)] 80502K->20086K(369664K), 0.0028335 secs] [Times: user=0.01 sys=0.00, real=0.01 secs] 
2019-01-01T14:11:24.684+0900: 76131.260: [GC (Allocation Failure) [PSYoungGen: 60736K->320K(60928K)] 80502K->20086K(369664K), 0.0024514 secs] [Times: user=0.01 sys=0.00, real=0.00 secs] 
2019-01-01T14:12:12.377+0900: 76178.953: [GC (Allocation Failure) [PSYoungGen: 60736K->288K(60928K)] 80502K->20054K(369664K), 0.0027357 secs] [Times: user=0.01 sys=0.00, real=0.00 secs] 
2019-01-01T14:13:00.065+0900: 76226.641: [GC (Allocation Failure) [PSYoungGen: 60704K->288K(60928K)] 80470K->20054K(369664K), 0.0026075 secs] [Times: user=0.02 sys=0.00, real=0.00 secs] 
2019-01-01T14:13:47.737+0900: 76274.313: [GC (Allocation Failure) [PSYoungGen: 60704K->352K(60928K)] 80470K->20118K(369664K), 0.0028844 secs] [Times: user=0.01 sys=0.00, real=0.00 secs] 
2019-01-01T14:14:35.551+0900: 76322.127: [GC (Allocation Failure) [PSYoungGen: 60768K->320K(60928K)] 80534K->20094K(369664K), 0.0028486 secs] [Times: user=0.01 sys=0.00, real=0.01 secs] 
2019-01-01T14:15:23.606+0900: 76370.181: [GC (Allocation Failure) [PSYoungGen: 60736K->320K(60928K)] 80510K->20102K(369664K), 0.0027348 secs] [Times: user=0.01 sys=0.00, real=0.00 secs] 
2019-01-01T14:16:10.896+0900: 76417.472: [GC (Allocation Failure) [PSYoungGen: 60736K->256K(60928K)] 80518K->20046K(369664K), 0.0028504 secs] [Times: user=0.01 sys=0.00, real=0.00 secs] 
2019-01-01T14:16:58.564+0900: 76465.140: [GC (Allocation Failure) [PSYoungGen: 60672K->288K(60928K)] 80462K->20078K(369664K), 0.0030798 secs] [Times: user=0.00 sys=0.00, real=0.00 secs] 
2019-01-01T14:17:46.205+0900: 76512.781: [GC (Allocation Failure) [PSYoungGen: 60704K->320K(60928K)] 80494K->20110K(369664K), 0.0028065 secs] [Times: user=0.01 sys=0.00, real=0.00 secs] 
2019-01-01T14:18:34.042+0900: 76560.618: [GC (Allocation Failure) [PSYoungGen: 60736K->256K(60928K)] 80526K->20046K(369664K), 0.0031115 secs] [Times: user=0.01 sys=0.00, real=0.01 secs] 
2019-01-01T14:19:21.798+0900: 76608.374: [GC (Allocation Failure) [PSYoungGen: 60672K->320K(60928K)] 80462K->20110K(369664K), 0.0026458 secs] [Times: user=0.00 sys=0.01, real=0.00 secs] 
2019-01-01T14:20:09.775+0900: 76656.351: [GC (Allocation Failure) [PSYoungGen: 60736K->320K(60928K)] 80526K->20110K(369664K), 0.0025907 secs] [Times: user=0.01 sys=0.00, real=0.00 secs] 
2019-01-01T14:20:57.650+0900: 76704.226: [GC (Allocation Failure) [PSYoungGen: 60736K->320K(60928K)] 80526K->20110K(369664K), 0.0027790 secs] [Times: user=0.01 sys=0.00, real=0.00 secs] 
2019-01-01T14:21:45.470+0900: 76752.046: [GC (Allocation Failure) [PSYoungGen: 60736K->320K(60928K)] 80526K->20110K(369664K), 0.0028695 secs] [Times: user=0.01 sys=0.00, real=0.00 secs] 
2019-01-01T14:22:33.258+0900: 76799.834: [GC (Allocation Failure) [PSYoungGen: 60736K->352K(60928K)] 80526K->20142K(369664K), 0.0025632 secs] [Times: user=0.01 sys=0.00, real=0.00 secs] 
2019-01-01T14:23:21.038+0900: 76847.614: [GC (Allocation Failure) [PSYoungGen: 60768K->352K(60928K)] 80558K->20142K(369664K), 0.0024485 secs] [Times: user=0.01 sys=0.01, real=0.00 secs] 
2019-01-01T14:24:08.706+0900: 76895.282: [GC (Allocation Failure) [PSYoungGen: 60768K->352K(60928K)] 80558K->20142K(369664K), 0.0024477 secs] [Times: user=0.01 sys=0.00, real=0.00 secs] 
2019-01-01T14:24:56.727+0900: 76943.303: [GC (Allocation Failure) [PSYoungGen: 60768K->320K(60928K)] 80558K->20110K(369664K), 0.0024850 secs] [Times: user=0.01 sys=0.00, real=0.00 secs] 
2019-01-01T14:25:44.375+0900: 76990.951: [GC (Allocation Failure) [PSYoungGen: 60736K->320K(60928K)] 80526K->20110K(369664K), 0.0031048 secs] [Times: user=0.01 sys=0.00, real=0.00 secs] 
2019-01-01T14:26:32.131+0900: 77038.707: [GC (Allocation Failure) [PSYoungGen: 60736K->320K(60928K)] 80526K->20118K(369664K), 0.0025167 secs] [Times: user=0.00 sys=0.00, real=0.01 secs] 
2019-01-01T14:27:19.707+0900: 77086.283: [GC (Allocation Failure) [PSYoungGen: 60736K->288K(60928K)] 80534K->20086K(369664K), 0.0027994 secs] [Times: user=0.01 sys=0.00, real=0.00 secs] 
2019-01-01T14:28:07.646+0900: 77134.222: [GC (Allocation Failure) [PSYoungGen: 60704K->288K(60928K)] 80502K->20086K(369664K), 0.0028249 secs] [Times: user=0.01 sys=0.00, real=0.00 secs] 
2019-01-01T14:28:55.267+0900: 77181.843: [GC (Allocation Failure) [PSYoungGen: 60704K->288K(60928K)] 80502K->20086K(369664K), 0.0027042 secs] [Times: user=0.01 sys=0.00, real=0.00 secs] 
2019-01-01T14:29:43.040+0900: 77229.616: [GC (Allocation Failure) [PSYoungGen: 60704K->320K(60928K)] 80502K->20118K(369664K), 0.0028127 secs] [Times: user=0.01 sys=0.01, real=0.00 secs] 
2019-01-01T14:30:31.104+0900: 77277.680: [GC (Allocation Failure) [PSYoungGen: 60736K->288K(60928K)] 80534K->20086K(369664K), 0.0024661 secs] [Times: user=0.01 sys=0.01, real=0.00 secs] 
2019-01-01T14:31:18.414+0900: 77324.990: [GC (Allocation Failure) [PSYoungGen: 60704K->256K(60928K)] 80502K->20054K(369664K), 0.0032654 secs] [Times: user=0.01 sys=0.00, real=0.00 secs] 
2019-01-01T14:32:06.225+0900: 77372.801: [GC (Allocation Failure) [PSYoungGen: 60672K->352K(60928K)] 80470K->20150K(369664K), 0.0029993 secs] [Times: user=0.01 sys=0.00, real=0.00 secs] 
2019-01-01T14:32:53.794+0900: 77420.370: [GC (Allocation Failure) [PSYoungGen: 60768K->320K(60928K)] 80566K->20126K(369664K), 0.0024158 secs] [Times: user=0.01 sys=0.00, real=0.00 secs] 
2019-01-01T14:33:41.161+0900: 77467.736: [GC (Allocation Failure) [PSYoungGen: 60736K->352K(60928K)] 80542K->20158K(369664K), 0.0028382 secs] [Times: user=0.01 sys=0.00, real=0.00 secs] 
2019-01-01T14:34:28.668+0900: 77515.244: [GC (Allocation Failure) [PSYoungGen: 60768K->288K(60928K)] 80574K->20094K(369664K), 0.0028005 secs] [Times: user=0.01 sys=0.00, real=0.00 secs] 
2019-01-01T14:35:16.360+0900: 77562.936: [GC (Allocation Failure) [PSYoungGen: 60704K->320K(60928K)] 80510K->20126K(369664K), 0.0024842 secs] [Times: user=0.01 sys=0.00, real=0.00 secs] 
2019-01-01T14:36:03.679+0900: 77610.255: [GC (Allocation Failure) [PSYoungGen: 60736K->352K(60928K)] 80542K->20158K(369664K), 0.0025056 secs] [Times: user=0.01 sys=0.00, real=0.00 secs] 
2019-01-01T14:36:51.741+0900: 77658.317: [GC (Allocation Failure) [PSYoungGen: 60768K->288K(60928K)] 80574K->20102K(369664K), 0.0032472 secs] [Times: user=0.01 sys=0.00, real=0.01 secs] 
2019-01-01T14:37:39.585+0900: 77706.161: [GC (Allocation Failure) [PSYoungGen: 60704K->288K(60928K)] 80518K->20102K(369664K), 0.0028147 secs] [Times: user=0.01 sys=0.01, real=0.00 secs] 
2019-01-01T14:38:27.173+0900: 77753.749: [GC (Allocation Failure) [PSYoungGen: 60704K->288K(60928K)] 80518K->20102K(369664K), 0.0025167 secs] [Times: user=0.01 sys=0.00, real=0.01 secs] 
2019-01-01T14:39:15.311+0900: 77801.887: [GC (Allocation Failure) [PSYoungGen: 60704K->288K(60928K)] 80518K->20102K(369664K), 0.0028209 secs] [Times: user=0.01 sys=0.01, real=0.01 secs] 
2019-01-01T14:40:03.211+0900: 77849.787: [GC (Allocation Failure) [PSYoungGen: 60704K->320K(60928K)] 80518K->20134K(369664K), 0.0027800 secs] [Times: user=0.01 sys=0.01, real=0.01 secs] 
2019-01-01T14:40:50.689+0900: 77897.265: [GC (Allocation Failure) [PSYoungGen: 60736K->320K(60928K)] 80550K->20134K(369664K), 0.0026074 secs] [Times: user=0.01 sys=0.00, real=0.00 secs] 
2019-01-01T14:41:38.466+0900: 77945.042: [GC (Allocation Failure) [PSYoungGen: 60736K->256K(60928K)] 80550K->20070K(369664K), 0.0029039 secs] [Times: user=0.00 sys=0.00, real=0.00 secs] 
2019-01-01T14:42:26.278+0900: 77992.854: [GC (Allocation Failure) [PSYoungGen: 60672K->320K(60928K)] 80486K->20134K(369664K), 0.0028696 secs] [Times: user=0.01 sys=0.00, real=0.00 secs] 
2019-01-01T14:43:13.984+0900: 78040.560: [GC (Allocation Failure) [PSYoungGen: 60736K->320K(60928K)] 80550K->20134K(369664K), 0.0032303 secs] [Times: user=0.01 sys=0.00, real=0.00 secs] 
2019-01-01T14:44:01.462+0900: 78088.038: [GC (Allocation Failure) [PSYoungGen: 60736K->352K(60928K)] 80550K->20166K(369664K), 0.0029230 secs] [Times: user=0.01 sys=0.00, real=0.01 secs] 
2019-01-01T14:44:49.045+0900: 78135.621: [GC (Allocation Failure) [PSYoungGen: 60768K->320K(60928K)] 80582K->20142K(369664K), 0.0025370 secs] [Times: user=0.02 sys=0.00, real=0.00 secs] 
2019-01-01T14:45:36.842+0900: 78183.418: [GC (Allocation Failure) [PSYoungGen: 60736K->224K(60928K)] 80558K->20046K(369664K), 0.0024741 secs] [Times: user=0.01 sys=0.00, real=0.01 secs] 
2019-01-01T14:46:24.157+0900: 78230.733: [GC (Allocation Failure) [PSYoungGen: 60640K->352K(60928K)] 80462K->20182K(369664K), 0.0028367 secs] [Times: user=0.00 sys=0.00, real=0.00 secs] 
2019-01-01T14:47:11.684+0900: 78278.259: [GC (Allocation Failure) [PSYoungGen: 60768K->224K(60928K)] 80598K->20054K(369664K), 0.0028591 secs] [Times: user=0.01 sys=0.00, real=0.01 secs] 
2019-01-01T14:47:59.393+0900: 78325.969: [GC (Allocation Failure) [PSYoungGen: 60640K->224K(60928K)] 80470K->20054K(369664K), 0.0028507 secs] [Times: user=0.01 sys=0.00, real=0.01 secs] 
2019-01-01T14:48:46.601+0900: 78373.177: [GC (Allocation Failure) [PSYoungGen: 60640K->352K(60928K)] 80470K->20182K(369664K), 0.0027752 secs] [Times: user=0.01 sys=0.00, real=0.01 secs] 
2019-01-01T14:49:34.665+0900: 78421.241: [GC (Allocation Failure) [PSYoungGen: 60768K->288K(60928K)] 80598K->20118K(369664K), 0.0027976 secs] [Times: user=0.02 sys=0.00, real=0.00 secs] 
2019-01-01T14:50:22.192+0900: 78468.768: [GC (Allocation Failure) [PSYoungGen: 60704K->256K(60928K)] 80534K->20094K(369664K), 0.0024185 secs] [Times: user=0.02 sys=0.00, real=0.01 secs] 
2019-01-01T14:51:10.156+0900: 78516.732: [GC (Allocation Failure) [PSYoungGen: 60672K->320K(60928K)] 80510K->20158K(369664K), 0.0027436 secs] [Times: user=0.01 sys=0.01, real=0.00 secs] 
2019-01-01T14:51:57.681+0900: 78564.257: [GC (Allocation Failure) [PSYoungGen: 60736K->192K(60928K)] 80574K->20030K(369664K), 0.0025127 secs] [Times: user=0.01 sys=0.00, real=0.00 secs] 
2019-01-01T14:52:45.528+0900: 78612.104: [GC (Allocation Failure) [PSYoungGen: 60608K->352K(60928K)] 80446K->20198K(369664K), 0.0031595 secs] [Times: user=0.00 sys=0.01, real=0.00 secs] 
2019-01-01T14:53:33.352+0900: 78659.928: [GC (Allocation Failure) [PSYoungGen: 60768K->288K(60928K)] 80614K->20134K(369664K), 0.0026395 secs] [Times: user=0.01 sys=0.00, real=0.01 secs] 
2019-01-01T14:54:21.425+0900: 78708.001: [GC (Allocation Failure) [PSYoungGen: 60704K->288K(60928K)] 80550K->20134K(369664K), 0.0026314 secs] [Times: user=0.01 sys=0.00, real=0.00 secs] 
2019-01-01T14:55:09.140+0900: 78755.716: [GC (Allocation Failure) [PSYoungGen: 60704K->320K(60928K)] 80550K->20166K(369664K), 0.0030157 secs] [Times: user=0.01 sys=0.00, real=0.00 secs] 
2019-01-01T14:55:56.848+0900: 78803.424: [GC (Allocation Failure) [PSYoungGen: 60736K->224K(60928K)] 80582K->20070K(369664K), 0.0027874 secs] [Times: user=0.01 sys=0.00, real=0.00 secs] 
2019-01-01T14:56:44.646+0900: 78851.222: [GC (Allocation Failure) [PSYoungGen: 60640K->320K(60928K)] 80486K->20166K(369664K), 0.0027038 secs] [Times: user=0.01 sys=0.00, real=0.00 secs] 
2019-01-01T14:57:32.708+0900: 78899.284: [GC (Allocation Failure) [PSYoungGen: 60736K->256K(60928K)] 80582K->20102K(369664K), 0.0027096 secs] [Times: user=0.02 sys=0.00, real=0.00 secs] 
2019-01-01T14:58:20.002+0900: 78946.578: [GC (Allocation Failure) [PSYoungGen: 60672K->320K(60928K)] 80518K->20166K(369664K), 0.0029860 secs] [Times: user=0.01 sys=0.00, real=0.01 secs] 
2019-01-01T14:59:07.713+0900: 78994.288: [GC (Allocation Failure) [PSYoungGen: 60736K->288K(60928K)] 80582K->20134K(369664K), 0.0030451 secs] [Times: user=0.01 sys=0.00, real=0.01 secs] 
2019-01-01T14:59:55.269+0900: 79041.845: [GC (Allocation Failure) [PSYoungGen: 60704K->256K(60928K)] 80550K->20102K(369664K), 0.0028004 secs] [Times: user=0.02 sys=0.00, real=0.00 secs] 
2019-01-01T15:00:43.210+0900: 79089.785: [GC (Allocation Failure) [PSYoungGen: 60672K->288K(60928K)] 80518K->20134K(369664K), 0.0029915 secs] [Times: user=0.01 sys=0.01, real=0.00 secs] 
2019-01-01T15:01:31.069+0900: 79137.645: [GC (Allocation Failure) [PSYoungGen: 60704K->320K(60928K)] 80550K->20166K(369664K), 0.0028137 secs] [Times: user=0.01 sys=0.01, real=0.00 secs] 
2019-01-01T15:02:18.572+0900: 79185.148: [GC (Allocation Failure) [PSYoungGen: 60736K->288K(60928K)] 80582K->20134K(369664K), 0.0024485 secs] [Times: user=0.01 sys=0.01, real=0.01 secs] 
2019-01-01T15:03:05.977+0900: 79232.553: [GC (Allocation Failure) [PSYoungGen: 60704K->320K(60928K)] 80550K->20166K(369664K), 0.0027783 secs] [Times: user=0.01 sys=0.00, real=0.00 secs] 
2019-01-01T15:03:53.469+0900: 79280.045: [GC (Allocation Failure) [PSYoungGen: 60736K->256K(60928K)] 80582K->20102K(369664K), 0.0026330 secs] [Times: user=0.01 sys=0.00, real=0.00 secs] 
2019-01-01T15:04:41.187+0900: 79327.763: [GC (Allocation Failure) [PSYoungGen: 60672K->256K(60928K)] 80518K->20102K(369664K), 0.0030151 secs] [Times: user=0.01 sys=0.00, real=0.00 secs] 
2019-01-01T15:05:29.162+0900: 79375.738: [GC (Allocation Failure) [PSYoungGen: 60672K->288K(60928K)] 80518K->20142K(369664K), 0.0024486 secs] [Times: user=0.01 sys=0.00, real=0.01 secs] 
2019-01-01T15:06:16.943+0900: 79423.519: [GC (Allocation Failure) [PSYoungGen: 60704K->288K(60928K)] 80558K->20142K(369664K), 0.0027815 secs] [Times: user=0.01 sys=0.00, real=0.01 secs] 
2019-01-01T15:07:04.630+0900: 79471.206: [GC (Allocation Failure) [PSYoungGen: 60704K->320K(60928K)] 80558K->20174K(369664K), 0.0028498 secs] [Times: user=0.01 sys=0.00, real=0.00 secs] 
2019-01-01T15:07:52.201+0900: 79518.777: [GC (Allocation Failure) [PSYoungGen: 60736K->352K(60928K)] 80590K->20206K(369664K), 0.0027511 secs] [Times: user=0.01 sys=0.00, real=0.00 secs] 
2019-01-01T15:08:39.841+0900: 79566.416: [GC (Allocation Failure) [PSYoungGen: 60768K->320K(60928K)] 80622K->20174K(369664K), 0.0029089 secs] [Times: user=0.01 sys=0.00, real=0.00 secs] 
2019-01-01T15:09:27.709+0900: 79614.285: [GC (Allocation Failure) [PSYoungGen: 60736K->352K(60928K)] 80590K->20206K(369664K), 0.0027635 secs] [Times: user=0.01 sys=0.00, real=0.00 secs] 
2019-01-01T15:10:15.559+0900: 79662.135: [GC (Allocation Failure) [PSYoungGen: 60768K->256K(60928K)] 80622K->20110K(369664K), 0.0028369 secs] [Times: user=0.01 sys=0.00, real=0.00 secs] 
2019-01-01T15:11:03.428+0900: 79710.003: [GC (Allocation Failure) [PSYoungGen: 60672K->320K(60928K)] 80526K->20190K(369664K), 0.0028535 secs] [Times: user=0.01 sys=0.00, real=0.00 secs] 
2019-01-01T15:11:51.315+0900: 79757.891: [GC (Allocation Failure) [PSYoungGen: 60736K->320K(60928K)] 80606K->20190K(369664K), 0.0023885 secs] [Times: user=0.01 sys=0.00, real=0.00 secs] 
2019-01-01T15:12:39.182+0900: 79805.758: [GC (Allocation Failure) [PSYoungGen: 60736K->224K(60928K)] 80606K->20094K(369664K), 0.0027827 secs] [Times: user=0.01 sys=0.00, real=0.01 secs] 
2019-01-01T15:13:26.660+0900: 79853.236: [GC (Allocation Failure) [PSYoungGen: 60640K->256K(60928K)] 80510K->20126K(369664K), 0.0028112 secs] [Times: user=0.01 sys=0.00, real=0.00 secs] 
2019-01-01T15:14:14.332+0900: 79900.907: [GC (Allocation Failure) [PSYoungGen: 60672K->288K(60928K)] 80542K->20158K(369664K), 0.0025400 secs] [Times: user=0.01 sys=0.00, real=0.01 secs] 
2019-01-01T15:15:02.214+0900: 79948.790: [GC (Allocation Failure) [PSYoungGen: 60704K->288K(60928K)] 80574K->20166K(369664K), 0.0027231 secs] [Times: user=0.01 sys=0.00, real=0.00 secs] 
2019-01-01T15:15:50.005+0900: 79996.581: [GC (Allocation Failure) [PSYoungGen: 60704K->320K(60928K)] 80582K->20214K(369664K), 0.0028007 secs] [Times: user=0.02 sys=0.00, real=0.00 secs] 
2019-01-01T15:16:37.714+0900: 80044.290: [GC (Allocation Failure) [PSYoungGen: 60736K->320K(60928K)] 80630K->20214K(369664K), 0.0024285 secs] [Times: user=0.01 sys=0.00, real=0.00 secs] 
2019-01-01T15:17:25.334+0900: 80091.910: [GC (Allocation Failure) [PSYoungGen: 60736K->320K(60928K)] 80630K->20214K(369664K), 0.0027973 secs] [Times: user=0.01 sys=0.00, real=0.00 secs] 
2019-01-01T15:18:13.142+0900: 80139.718: [GC (Allocation Failure) [PSYoungGen: 60736K->256K(60928K)] 80630K->20150K(369664K), 0.0028435 secs] [Times: user=0.01 sys=0.00, real=0.01 secs] 
2019-01-01T15:19:00.979+0900: 80187.555: [GC (Allocation Failure) [PSYoungGen: 60672K->288K(60928K)] 80566K->20182K(369664K), 0.0024655 secs] [Times: user=0.01 sys=0.00, real=0.00 secs] 
2019-01-01T15:19:48.863+0900: 80235.439: [GC (Allocation Failure) [PSYoungGen: 60704K->288K(60928K)] 80598K->20182K(369664K), 0.0028194 secs] [Times: user=0.01 sys=0.00, real=0.01 secs] 
2019-01-01T15:20:36.697+0900: 80283.273: [GC (Allocation Failure) [PSYoungGen: 60704K->320K(60928K)] 80598K->20230K(369664K), 0.0029994 secs] [Times: user=0.01 sys=0.00, real=0.00 secs] 
2019-01-01T15:21:24.561+0900: 80331.137: [GC (Allocation Failure) [PSYoungGen: 60736K->352K(60928K)] 80646K->20270K(369664K), 0.0024700 secs] [Times: user=0.01 sys=0.00, real=0.00 secs] 
2019-01-01T15:22:11.800+0900: 80378.375: [GC (Allocation Failure) [PSYoungGen: 60768K->320K(60928K)] 80686K->20238K(369664K), 0.0024012 secs] [Times: user=0.01 sys=0.00, real=0.00 secs] 
2019-01-01T15:22:59.533+0900: 80426.109: [GC (Allocation Failure) [PSYoungGen: 60736K->192K(60928K)] 80654K->20110K(369664K), 0.0029167 secs] [Times: user=0.01 sys=0.00, real=0.01 secs] 
2019-01-01T15:23:47.193+0900: 80473.768: [GC (Allocation Failure) [PSYoungGen: 60608K->256K(60928K)] 80526K->20174K(369664K), 0.0027639 secs] [Times: user=0.01 sys=0.00, real=0.01 secs] 
2019-01-01T15:24:35.302+0900: 80521.877: [GC (Allocation Failure) [PSYoungGen: 60672K->256K(60928K)] 80590K->20174K(369664K), 0.0029327 secs] [Times: user=0.01 sys=0.00, real=0.01 secs] 
2019-01-01T15:25:22.959+0900: 80569.535: [GC (Allocation Failure) [PSYoungGen: 60672K->288K(60928K)] 80590K->20214K(369664K), 0.0031061 secs] [Times: user=0.01 sys=0.00, real=0.00 secs] 
2019-01-01T15:26:10.729+0900: 80617.305: [GC (Allocation Failure) [PSYoungGen: 60704K->288K(60928K)] 80630K->20214K(369664K), 0.0028654 secs] [Times: user=0.01 sys=0.00, real=0.00 secs] 
2019-01-01T15:26:58.589+0900: 80665.165: [GC (Allocation Failure) [PSYoungGen: 60704K->320K(60928K)] 80630K->20246K(369664K), 0.0029234 secs] [Times: user=0.01 sys=0.00, real=0.00 secs] 
2019-01-01T15:27:46.181+0900: 80712.757: [GC (Allocation Failure) [PSYoungGen: 60736K->224K(60928K)] 80662K->20150K(369664K), 0.0026640 secs] [Times: user=0.01 sys=0.00, real=0.00 secs] 
2019-01-01T15:28:34.168+0900: 80760.744: [GC (Allocation Failure) [PSYoungGen: 60640K->352K(60928K)] 80566K->20278K(369664K), 0.0028135 secs] [Times: user=0.02 sys=0.00, real=0.00 secs] 
2019-01-01T15:29:21.491+0900: 80808.067: [GC (Allocation Failure) [PSYoungGen: 60768K->352K(60928K)] 80694K->20278K(369664K), 0.0028477 secs] [Times: user=0.02 sys=0.00, real=0.01 secs] 
2019-01-01T15:30:09.590+0900: 80856.165: [GC (Allocation Failure) [PSYoungGen: 60768K->288K(60928K)] 80694K->20214K(369664K), 0.0029208 secs] [Times: user=0.01 sys=0.00, real=0.00 secs] 
2019-01-01T15:30:56.869+0900: 80903.445: [GC (Allocation Failure) [PSYoungGen: 60704K->320K(60928K)] 80630K->20246K(369664K), 0.0028119 secs] [Times: user=0.01 sys=0.00, real=0.00 secs] 
2019-01-01T15:31:44.597+0900: 80951.173: [GC (Allocation Failure) [PSYoungGen: 60736K->288K(60928K)] 80662K->20214K(369664K), 0.0024192 secs] [Times: user=0.01 sys=0.00, real=0.00 secs] 
2019-01-01T15:32:32.245+0900: 80998.821: [GC (Allocation Failure) [PSYoungGen: 60704K->352K(60928K)] 80630K->20278K(369664K), 0.0031502 secs] [Times: user=0.01 sys=0.00, real=0.00 secs] 
2019-01-01T15:33:19.940+0900: 81046.516: [GC (Allocation Failure) [PSYoungGen: 60768K->320K(60928K)] 80694K->20246K(369664K), 0.0026850 secs] [Times: user=0.01 sys=0.00, real=0.00 secs] 
2019-01-01T15:34:07.623+0900: 81094.199: [GC (Allocation Failure) [PSYoungGen: 60736K->320K(60928K)] 80662K->20246K(369664K), 0.0026984 secs] [Times: user=0.00 sys=0.00, real=0.01 secs] 
2019-01-01T15:34:55.195+0900: 81141.771: [GC (Allocation Failure) [PSYoungGen: 60736K->320K(60928K)] 80662K->20246K(369664K), 0.0028685 secs] [Times: user=0.01 sys=0.00, real=0.00 secs] 
2019-01-01T15:35:43.272+0900: 81189.848: [GC (Allocation Failure) [PSYoungGen: 60736K->320K(60928K)] 80662K->20246K(369664K), 0.0028559 secs] [Times: user=0.01 sys=0.00, real=0.01 secs] 
2019-01-01T15:36:31.199+0900: 81237.774: [GC (Allocation Failure) [PSYoungGen: 60736K->320K(60928K)] 80662K->20246K(369664K), 0.0027487 secs] [Times: user=0.01 sys=0.00, real=0.00 secs] 
2019-01-01T15:37:18.436+0900: 81285.012: [GC (Allocation Failure) [PSYoungGen: 60736K->288K(60928K)] 80662K->20214K(369664K), 0.0028513 secs] [Times: user=0.01 sys=0.00, real=0.00 secs] 
2019-01-01T15:38:06.111+0900: 81332.687: [GC (Allocation Failure) [PSYoungGen: 60704K->320K(60928K)] 80630K->20246K(369664K), 0.0028468 secs] [Times: user=0.01 sys=0.00, real=0.01 secs] 
2019-01-01T15:38:53.846+0900: 81380.422: [GC (Allocation Failure) [PSYoungGen: 60736K->320K(60928K)] 80662K->20246K(369664K), 0.0026462 secs] [Times: user=0.01 sys=0.00, real=0.00 secs] 
2019-01-01T15:39:41.901+0900: 81428.477: [GC (Allocation Failure) [PSYoungGen: 60736K->288K(60928K)] 80662K->20214K(369664K), 0.0025179 secs] [Times: user=0.01 sys=0.00, real=0.01 secs] 
2019-01-01T15:40:29.403+0900: 81475.979: [GC (Allocation Failure) [PSYoungGen: 60704K->288K(60928K)] 80630K->20214K(369664K), 0.0026815 secs] [Times: user=0.01 sys=0.00, real=0.01 secs] 
2019-01-01T15:41:16.995+0900: 81523.571: [GC (Allocation Failure) [PSYoungGen: 60704K->256K(60928K)] 80630K->20190K(369664K), 0.0026214 secs] [Times: user=0.00 sys=0.01, real=0.00 secs] 
2019-01-01T15:42:04.550+0900: 81571.126: [GC (Allocation Failure) [PSYoungGen: 60672K->288K(60928K)] 80606K->20222K(369664K), 0.0029111 secs] [Times: user=0.01 sys=0.00, real=0.00 secs] 
2019-01-01T15:42:52.045+0900: 81618.621: [GC (Allocation Failure) [PSYoungGen: 60704K->320K(60928K)] 80638K->20254K(369664K), 0.0027844 secs] [Times: user=0.01 sys=0.00, real=0.00 secs] 
2019-01-01T15:43:39.926+0900: 81666.501: [GC (Allocation Failure) [PSYoungGen: 60736K->288K(60928K)] 80670K->20222K(369664K), 0.0028189 secs] [Times: user=0.01 sys=0.00, real=0.00 secs] 
2019-01-01T15:44:27.232+0900: 81713.808: [GC (Allocation Failure) [PSYoungGen: 60704K->320K(60928K)] 80638K->20270K(369664K), 0.0026564 secs] [Times: user=0.01 sys=0.00, real=0.01 secs] 
2019-01-01T15:45:14.734+0900: 81761.310: [GC (Allocation Failure) [PSYoungGen: 60736K->352K(60928K)] 80686K->20302K(369664K), 0.0024051 secs] [Times: user=0.01 sys=0.00, real=0.00 secs] 
2019-01-01T15:46:02.415+0900: 81808.991: [GC (Allocation Failure) [PSYoungGen: 60762K->256K(60928K)] 80712K->20230K(369664K), 0.0029104 secs] [Times: user=0.01 sys=0.00, real=0.00 secs] 
2019-01-01T15:46:49.867+0900: 81856.443: [GC (Allocation Failure) [PSYoungGen: 60672K->320K(60928K)] 80646K->20302K(369664K), 0.0025869 secs] [Times: user=0.01 sys=0.00, real=0.00 secs] 
2019-01-01T15:47:37.877+0900: 81904.453: [GC (Allocation Failure) [PSYoungGen: 60736K->320K(60928K)] 80718K->20302K(369664K), 0.0029757 secs] [Times: user=0.01 sys=0.00, real=0.00 secs] 
2019-01-01T15:48:25.522+0900: 81952.097: [GC (Allocation Failure) [PSYoungGen: 60736K->352K(60928K)] 80718K->20334K(369664K), 0.0024231 secs] [Times: user=0.01 sys=0.00, real=0.01 secs] 
2019-01-01T15:49:13.258+0900: 81999.833: [GC (Allocation Failure) [PSYoungGen: 60768K->320K(60928K)] 80750K->20302K(369664K), 0.0025961 secs] [Times: user=0.01 sys=0.00, real=0.00 secs] 
2019-01-01T15:50:01.223+0900: 82047.799: [GC (Allocation Failure) [PSYoungGen: 60736K->224K(60928K)] 80718K->20206K(369664K), 0.0024178 secs] [Times: user=0.01 sys=0.00, real=0.01 secs] 
2019-01-01T15:50:48.636+0900: 82095.212: [GC (Allocation Failure) [PSYoungGen: 60640K->288K(60928K)] 80622K->20270K(369664K), 0.0024784 secs] [Times: user=0.01 sys=0.00, real=0.00 secs] 
2019-01-01T15:51:36.448+0900: 82143.024: [GC (Allocation Failure) [PSYoungGen: 60704K->256K(60928K)] 80686K->20246K(369664K), 0.0029727 secs] [Times: user=0.01 sys=0.00, real=0.00 secs] 
2019-01-01T15:52:24.315+0900: 82190.891: [GC (Allocation Failure) [PSYoungGen: 60672K->288K(60928K)] 80662K->20278K(369664K), 0.0026112 secs] [Times: user=0.01 sys=0.00, real=0.00 secs] 
2019-01-01T15:53:11.384+0900: 82237.960: [GC (Allocation Failure) [PSYoungGen: 60703K->352K(60928K)] 80694K->20342K(369664K), 0.0023858 secs] [Times: user=0.01 sys=0.00, real=0.00 secs] 
2019-01-01T15:53:58.976+0900: 82285.552: [GC (Allocation Failure) [PSYoungGen: 60768K->352K(60928K)] 80758K->20342K(369664K), 0.0027599 secs] [Times: user=0.02 sys=0.00, real=0.00 secs] 
2019-01-01T15:54:46.642+0900: 82333.218: [GC (Allocation Failure) [PSYoungGen: 60768K->288K(60928K)] 80758K->20278K(369664K), 0.0024594 secs] [Times: user=0.01 sys=0.00, real=0.01 secs] 
2019-01-01T15:55:34.510+0900: 82381.086: [GC (Allocation Failure) [PSYoungGen: 60704K->352K(60928K)] 80694K->20342K(369664K), 0.0028320 secs] [Times: user=0.02 sys=0.00, real=0.00 secs] 
2019-01-01T15:56:21.962+0900: 82428.538: [GC (Allocation Failure) [PSYoungGen: 60768K->288K(60928K)] 80758K->20278K(369664K), 0.0030531 secs] [Times: user=0.01 sys=0.00, real=0.01 secs] 
2019-01-01T15:57:09.872+0900: 82476.448: [GC (Allocation Failure) [PSYoungGen: 60704K->320K(60928K)] 80694K->20310K(369664K), 0.0031280 secs] [Times: user=0.01 sys=0.00, real=0.01 secs] 
2019-01-01T15:57:57.459+0900: 82524.035: [GC (Allocation Failure) [PSYoungGen: 60736K->320K(60928K)] 80726K->20310K(369664K), 0.0029493 secs] [Times: user=0.01 sys=0.00, real=0.00 secs] 
2019-01-01T15:58:45.081+0900: 82571.657: [GC (Allocation Failure) [PSYoungGen: 60736K->256K(60928K)] 80726K->20246K(369664K), 0.0028061 secs] [Times: user=0.02 sys=0.00, real=0.01 secs] 
2019-01-01T15:59:33.070+0900: 82619.646: [GC (Allocation Failure) [PSYoungGen: 60672K->352K(60928K)] 80662K->20342K(369664K), 0.0029075 secs] [Times: user=0.01 sys=0.01, real=0.00 secs] 
2019-01-01T16:00:20.914+0900: 82667.489: [GC (Allocation Failure) [PSYoungGen: 60768K->288K(60928K)] 80758K->20278K(369664K), 0.0030719 secs] [Times: user=0.01 sys=0.00, real=0.01 secs] 
2019-01-01T16:01:08.696+0900: 82715.272: [GC (Allocation Failure) [PSYoungGen: 60704K->256K(60928K)] 80694K->20246K(369664K), 0.0024785 secs] [Times: user=0.01 sys=0.00, real=0.00 secs] 
2019-01-01T16:01:56.298+0900: 82762.874: [GC (Allocation Failure) [PSYoungGen: 60672K->288K(60928K)] 80662K->20278K(369664K), 0.0028188 secs] [Times: user=0.01 sys=0.01, real=0.00 secs] 
2019-01-01T16:02:44.191+0900: 82810.767: [GC (Allocation Failure) [PSYoungGen: 60704K->288K(60928K)] 80694K->20278K(369664K), 0.0026167 secs] [Times: user=0.01 sys=0.00, real=0.01 secs] 
2019-01-01T16:03:32.079+0900: 82858.655: [GC (Allocation Failure) [PSYoungGen: 60704K->320K(60928K)] 80694K->20310K(369664K), 0.0031859 secs] [Times: user=0.01 sys=0.00, real=0.00 secs] 
2019-01-01T16:04:19.747+0900: 82906.323: [GC (Allocation Failure) [PSYoungGen: 60736K->320K(60928K)] 80726K->20310K(369664K), 0.0024061 secs] [Times: user=0.01 sys=0.00, real=0.00 secs] 
2019-01-01T16:05:07.369+0900: 82953.945: [GC (Allocation Failure) [PSYoungGen: 60736K->288K(60928K)] 80726K->20278K(369664K), 0.0028397 secs] [Times: user=0.01 sys=0.00, real=0.00 secs] 
2019-01-01T16:05:55.246+0900: 83001.822: [GC (Allocation Failure) [PSYoungGen: 60704K->288K(60928K)] 80694K->20286K(369664K), 0.0024929 secs] [Times: user=0.01 sys=0.00, real=0.00 secs] 
2019-01-01T16:06:43.083+0900: 83049.659: [GC (Allocation Failure) [PSYoungGen: 60704K->320K(60928K)] 80702K->20318K(369664K), 0.0025124 secs] [Times: user=0.01 sys=0.00, real=0.01 secs] 
2019-01-01T16:07:30.850+0900: 83097.426: [GC (Allocation Failure) [PSYoungGen: 60736K->288K(60928K)] 80734K->20286K(369664K), 0.0024866 secs] [Times: user=0.01 sys=0.00, real=0.00 secs] 
2019-01-01T16:08:18.584+0900: 83145.160: [GC (Allocation Failure) [PSYoungGen: 60704K->320K(60928K)] 80702K->20318K(369664K), 0.0027198 secs] [Times: user=0.01 sys=0.00, real=0.00 secs] 
2019-01-01T16:09:06.062+0900: 83192.638: [GC (Allocation Failure) [PSYoungGen: 60736K->352K(60928K)] 80734K->20350K(369664K), 0.0028835 secs] [Times: user=0.01 sys=0.00, real=0.01 secs] 
2019-01-01T16:09:53.700+0900: 83240.276: [GC (Allocation Failure) [PSYoungGen: 60768K->288K(60928K)] 80766K->20286K(369664K), 0.0026656 secs] [Times: user=0.01 sys=0.00, real=0.00 secs] 
2019-01-01T16:10:41.487+0900: 83288.063: [GC (Allocation Failure) [PSYoungGen: 60704K->320K(60928K)] 80702K->20318K(369664K), 0.0030374 secs] [Times: user=0.01 sys=0.00, real=0.00 secs] 
2019-01-01T16:11:29.388+0900: 83335.964: [GC (Allocation Failure) [PSYoungGen: 60736K->320K(60928K)] 80734K->20318K(369664K), 0.0024573 secs] [Times: user=0.01 sys=0.00, real=0.00 secs] 
2019-01-01T16:12:16.798+0900: 83383.374: [GC (Allocation Failure) [PSYoungGen: 60736K->256K(60928K)] 80734K->20254K(369664K), 0.0023607 secs] [Times: user=0.01 sys=0.00, real=0.00 secs] 
2019-01-01T16:13:04.399+0900: 83430.975: [GC (Allocation Failure) [PSYoungGen: 60672K->256K(60928K)] 80670K->20254K(369664K), 0.0024856 secs] [Times: user=0.01 sys=0.00, real=0.00 secs] 
2019-01-01T16:13:52.235+0900: 83478.811: [GC (Allocation Failure) [PSYoungGen: 60672K->320K(60928K)] 80670K->20318K(369664K), 0.0024842 secs] [Times: user=0.01 sys=0.00, real=0.00 secs] 
2019-01-01T16:14:40.202+0900: 83526.778: [GC (Allocation Failure) [PSYoungGen: 60736K->288K(60928K)] 80734K->20302K(369664K), 0.0028140 secs] [Times: user=0.01 sys=0.00, real=0.01 secs] 
2019-01-01T16:15:27.901+0900: 83574.476: [GC (Allocation Failure) [PSYoungGen: 60704K->288K(60928K)] 80718K->20302K(369664K), 0.0028165 secs] [Times: user=0.01 sys=0.00, real=0.00 secs] 
2019-01-01T16:16:15.509+0900: 83622.085: [GC (Allocation Failure) [PSYoungGen: 60704K->320K(60928K)] 80718K->20342K(369664K), 0.0025006 secs] [Times: user=0.01 sys=0.00, real=0.00 secs] 
2019-01-01T16:17:03.242+0900: 83669.818: [GC (Allocation Failure) [PSYoungGen: 60736K->352K(60928K)] 80758K->20374K(369664K), 0.0023588 secs] [Times: user=0.01 sys=0.00, real=0.01 secs] 
2019-01-01T16:17:50.817+0900: 83717.393: [GC (Allocation Failure) [PSYoungGen: 60768K->320K(60928K)] 80790K->20342K(369664K), 0.0028551 secs] [Times: user=0.02 sys=0.00, real=0.00 secs] 
2019-01-01T16:18:38.616+0900: 83765.192: [GC (Allocation Failure) [PSYoungGen: 60736K->256K(60928K)] 80758K->20278K(369664K), 0.0029007 secs] [Times: user=0.01 sys=0.00, real=0.00 secs] 
2019-01-01T16:19:26.562+0900: 83813.137: [GC (Allocation Failure) [PSYoungGen: 60672K->352K(60928K)] 80694K->20374K(369664K), 0.0025084 secs] [Times: user=0.01 sys=0.00, real=0.01 secs] 
2019-01-01T16:20:14.407+0900: 83860.983: [GC (Allocation Failure) [PSYoungGen: 60768K->352K(60928K)] 80790K->20382K(369664K), 0.0030111 secs] [Times: user=0.01 sys=0.00, real=0.00 secs] 
2019-01-01T16:21:01.948+0900: 83908.524: [GC (Allocation Failure) [PSYoungGen: 60768K->352K(60928K)] 80798K->20382K(369664K), 0.0032952 secs] [Times: user=0.02 sys=0.00, real=0.00 secs] 
2019-01-01T16:21:49.583+0900: 83956.159: [GC (Allocation Failure) [PSYoungGen: 60768K->288K(60928K)] 80798K->20326K(369664K), 0.0029492 secs] [Times: user=0.01 sys=0.01, real=0.01 secs] 
2019-01-01T16:22:37.614+0900: 84004.190: [GC (Allocation Failure) [PSYoungGen: 60704K->256K(60928K)] 80742K->20294K(369664K), 0.0031369 secs] [Times: user=0.01 sys=0.00, real=0.00 secs] 
2019-01-01T16:23:25.519+0900: 84052.094: [GC (Allocation Failure) [PSYoungGen: 60672K->224K(60928K)] 80710K->20262K(369664K), 0.0027544 secs] [Times: user=0.01 sys=0.00, real=0.00 secs] 
2019-01-01T16:24:12.715+0900: 84099.291: [GC (Allocation Failure) [PSYoungGen: 60640K->224K(60928K)] 80678K->20262K(369664K), 0.0027480 secs] [Times: user=0.01 sys=0.00, real=0.00 secs] 
2019-01-01T16:25:00.319+0900: 84146.894: [GC (Allocation Failure) [PSYoungGen: 60640K->352K(60928K)] 80678K->20390K(369664K), 0.0024209 secs] [Times: user=0.01 sys=0.00, real=0.00 secs] 
2019-01-01T16:25:48.089+0900: 84194.665: [GC (Allocation Failure) [PSYoungGen: 60768K->352K(60928K)] 80806K->20390K(369664K), 0.0032386 secs] [Times: user=0.01 sys=0.00, real=0.00 secs] 
2019-01-01T16:26:35.522+0900: 84242.098: [GC (Allocation Failure) [PSYoungGen: 60768K->224K(60928K)] 80806K->20262K(369664K), 0.0027595 secs] [Times: user=0.01 sys=0.00, real=0.01 secs] 
2019-01-01T16:27:23.470+0900: 84290.046: [GC (Allocation Failure) [PSYoungGen: 60640K->320K(60928K)] 80678K->20358K(369664K), 0.0028586 secs] [Times: user=0.01 sys=0.01, real=0.00 secs] 
2019-01-01T16:28:11.292+0900: 84337.868: [GC (Allocation Failure) [PSYoungGen: 60736K->352K(60928K)] 80774K->20390K(369664K), 0.0026089 secs] [Times: user=0.01 sys=0.01, real=0.01 secs] 
2019-01-01T16:28:58.851+0900: 84385.427: [GC (Allocation Failure) [PSYoungGen: 60768K->288K(60928K)] 80806K->20326K(369664K), 0.0023651 secs] [Times: user=0.01 sys=0.00, real=0.00 secs] 
2019-01-01T16:29:46.527+0900: 84433.103: [GC (Allocation Failure) [PSYoungGen: 60704K->288K(60928K)] 80742K->20326K(369664K), 0.0030658 secs] [Times: user=0.01 sys=0.00, real=0.00 secs] 
2019-01-01T16:30:34.491+0900: 84481.067: [GC (Allocation Failure) [PSYoungGen: 60704K->320K(60928K)] 80742K->20358K(369664K), 0.0028575 secs] [Times: user=0.01 sys=0.01, real=0.01 secs] 
2019-01-01T16:31:22.436+0900: 84529.012: [GC (Allocation Failure) [PSYoungGen: 60736K->320K(60928K)] 80774K->20358K(369664K), 0.0025374 secs] [Times: user=0.01 sys=0.00, real=0.00 secs] 
2019-01-01T16:32:09.665+0900: 84576.241: [GC (Allocation Failure) [PSYoungGen: 60736K->352K(60928K)] 80774K->20390K(369664K), 0.0030911 secs] [Times: user=0.01 sys=0.00, real=0.00 secs] 
2019-01-01T16:32:57.671+0900: 84624.247: [GC (Allocation Failure) [PSYoungGen: 60768K->288K(60928K)] 80806K->20342K(369664K), 0.0028017 secs] [Times: user=0.01 sys=0.00, real=0.01 secs] 
2019-01-01T16:33:45.008+0900: 84671.583: [GC (Allocation Failure) [PSYoungGen: 60704K->352K(60928K)] 80758K->20406K(369664K), 0.0023664 secs] [Times: user=0.01 sys=0.00, real=0.00 secs] 
2019-01-01T16:34:32.768+0900: 84719.344: [GC (Allocation Failure) [PSYoungGen: 60768K->352K(60928K)] 80822K->20406K(369664K), 0.0023533 secs] [Times: user=0.00 sys=0.00, real=0.00 secs] 
2019-01-01T16:35:20.565+0900: 84767.141: [GC (Allocation Failure) [PSYoungGen: 60768K->256K(60928K)] 80822K->20310K(369664K), 0.0027145 secs] [Times: user=0.02 sys=0.00, real=0.00 secs] 
2019-01-01T16:36:08.403+0900: 84814.979: [GC (Allocation Failure) [PSYoungGen: 60672K->352K(60928K)] 80726K->20406K(369664K), 0.0023693 secs] [Times: user=0.01 sys=0.00, real=0.01 secs] 
2019-01-01T16:36:55.948+0900: 84862.524: [GC (Allocation Failure) [PSYoungGen: 60768K->320K(60928K)] 80822K->20374K(369664K), 0.0025929 secs] [Times: user=0.01 sys=0.00, real=0.00 secs] 
2019-01-01T16:37:43.597+0900: 84910.173: [GC (Allocation Failure) [PSYoungGen: 60736K->320K(60928K)] 80790K->20374K(369664K), 0.0025228 secs] [Times: user=0.01 sys=0.01, real=0.00 secs] 
2019-01-01T16:38:31.311+0900: 84957.887: [GC (Allocation Failure) [PSYoungGen: 60736K->320K(60928K)] 80790K->20374K(369664K), 0.0028518 secs] [Times: user=0.01 sys=0.00, real=0.01 secs] 
2019-01-01T16:39:19.211+0900: 85005.787: [GC (Allocation Failure) [PSYoungGen: 60736K->352K(60928K)] 80790K->20406K(369664K), 0.0026836 secs] [Times: user=0.01 sys=0.01, real=0.01 secs] 
2019-01-01T16:40:07.040+0900: 85053.616: [GC (Allocation Failure) [PSYoungGen: 60768K->320K(60928K)] 80822K->20374K(369664K), 0.0028601 secs] [Times: user=0.01 sys=0.00, real=0.00 secs] 
2019-01-01T16:40:54.707+0900: 85101.283: [GC (Allocation Failure) [PSYoungGen: 60736K->320K(60928K)] 80790K->20374K(369664K), 0.0028427 secs] [Times: user=0.01 sys=0.00, real=0.00 secs] 
2019-01-01T16:41:42.576+0900: 85149.152: [GC (Allocation Failure) [PSYoungGen: 60736K->320K(60928K)] 80790K->20374K(369664K), 0.0027324 secs] [Times: user=0.01 sys=0.01, real=0.00 secs] 
2019-01-01T16:42:30.060+0900: 85196.636: [GC (Allocation Failure) [PSYoungGen: 60736K->320K(60928K)] 80790K->20374K(369664K), 0.0024169 secs] [Times: user=0.01 sys=0.00, real=0.00 secs] 
2019-01-01T16:43:17.830+0900: 85244.406: [GC (Allocation Failure) [PSYoungGen: 60736K->320K(60928K)] 80790K->20374K(369664K), 0.0026629 secs] [Times: user=0.01 sys=0.00, real=0.00 secs] 
2019-01-01T16:44:05.539+0900: 85292.115: [GC (Allocation Failure) [PSYoungGen: 60736K->320K(60928K)] 80790K->20374K(369664K), 0.0030201 secs] [Times: user=0.01 sys=0.00, real=0.00 secs] 
2019-01-01T16:44:53.170+0900: 85339.745: [GC (Allocation Failure) [PSYoungGen: 60736K->288K(60928K)] 80790K->20350K(369664K), 0.0027461 secs] [Times: user=0.01 sys=0.00, real=0.00 secs] 
2019-01-01T16:45:41.009+0900: 85387.585: [GC (Allocation Failure) [PSYoungGen: 60704K->288K(60928K)] 80766K->20366K(369664K), 0.0030860 secs] [Times: user=0.02 sys=0.00, real=0.00 secs] 
2019-01-01T16:46:28.183+0900: 85434.759: [GC (Allocation Failure) [PSYoungGen: 60704K->320K(60928K)] 80782K->20398K(369664K), 0.0023611 secs] [Times: user=0.01 sys=0.00, real=0.01 secs] 
2019-01-01T16:47:15.910+0900: 85482.486: [GC (Allocation Failure) [PSYoungGen: 60736K->256K(60928K)] 80814K->20334K(369664K), 0.0029216 secs] [Times: user=0.01 sys=0.00, real=0.00 secs] 
2019-01-01T16:48:03.606+0900: 85530.182: [GC (Allocation Failure) [PSYoungGen: 60672K->352K(60928K)] 80750K->20430K(369664K), 0.0027667 secs] [Times: user=0.01 sys=0.00, real=0.00 secs] 
2019-01-01T16:48:51.592+0900: 85578.168: [GC (Allocation Failure) [PSYoungGen: 60768K->352K(60928K)] 80846K->20430K(369664K), 0.0027724 secs] [Times: user=0.01 sys=0.00, real=0.01 secs] 
2019-01-01T16:49:39.520+0900: 85626.095: [GC (Allocation Failure) [PSYoungGen: 60768K->320K(60928K)] 80846K->20398K(369664K), 0.0027569 secs] [Times: user=0.02 sys=0.00, real=0.00 secs] 
2019-01-01T16:50:26.976+0900: 85673.552: [GC (Allocation Failure) [PSYoungGen: 60736K->320K(60928K)] 80814K->20398K(369664K), 0.0023836 secs] [Times: user=0.01 sys=0.00, real=0.00 secs] 
2019-01-01T16:51:14.706+0900: 85721.282: [GC (Allocation Failure) [PSYoungGen: 60736K->320K(60928K)] 80814K->20406K(369664K), 0.0029727 secs] [Times: user=0.01 sys=0.00, real=0.00 secs] 
2019-01-01T16:52:02.349+0900: 85768.925: [GC (Allocation Failure) [PSYoungGen: 60736K->320K(60928K)] 80822K->20406K(369664K), 0.0026872 secs] [Times: user=0.01 sys=0.00, real=0.00 secs] 
2019-01-01T16:52:49.861+0900: 85816.436: [GC (Allocation Failure) [PSYoungGen: 60736K->352K(60928K)] 80822K->20438K(369664K), 0.0024427 secs] [Times: user=0.01 sys=0.00, real=0.00 secs] 
2019-01-01T16:53:37.708+0900: 85864.284: [GC (Allocation Failure) [PSYoungGen: 60768K->352K(60928K)] 80854K->20438K(369664K), 0.0029454 secs] [Times: user=0.01 sys=0.00, real=0.00 secs] 
2019-01-01T16:54:25.818+0900: 85912.394: [GC (Allocation Failure) [PSYoungGen: 60768K->320K(60928K)] 80854K->20406K(369664K), 0.0031820 secs] [Times: user=0.00 sys=0.00, real=0.00 secs] 
2019-01-01T16:55:13.090+0900: 85959.666: [GC (Allocation Failure) [PSYoungGen: 60736K->288K(60928K)] 80822K->20374K(369664K), 0.0026651 secs] [Times: user=0.01 sys=0.00, real=0.00 secs] 
2019-01-01T16:56:00.854+0900: 86007.430: [GC (Allocation Failure) [PSYoungGen: 60704K->288K(60928K)] 80790K->20374K(369664K), 0.0026738 secs] [Times: user=0.01 sys=0.00, real=0.00 secs] 
2019-01-01T16:56:48.661+0900: 86055.237: [GC (Allocation Failure) [PSYoungGen: 60704K->256K(60928K)] 80790K->20342K(369664K), 0.0027879 secs] [Times: user=0.01 sys=0.00, real=0.01 secs] 
2019-01-01T16:57:36.570+0900: 86103.146: [GC (Allocation Failure) [PSYoungGen: 60672K->352K(60928K)] 80758K->20438K(369664K), 0.0028065 secs] [Times: user=0.01 sys=0.00, real=0.00 secs] 
2019-01-01T16:58:24.038+0900: 86150.614: [GC (Allocation Failure) [PSYoungGen: 60768K->352K(60928K)] 80854K->20446K(369664K), 0.0029038 secs] [Times: user=0.01 sys=0.00, real=0.00 secs] 
2019-01-01T16:59:11.916+0900: 86198.492: [GC (Allocation Failure) [PSYoungGen: 60768K->320K(60928K)] 80862K->20414K(369664K), 0.0026813 secs] [Times: user=0.01 sys=0.00, real=0.00 secs] 
2019-01-01T16:59:59.431+0900: 86246.007: [GC (Allocation Failure) [PSYoungGen: 60736K->288K(60928K)] 80830K->20382K(369664K), 0.0025474 secs] [Times: user=0.01 sys=0.00, real=0.01 secs] 
2019-01-01T17:00:47.032+0900: 86293.608: [GC (Allocation Failure) [PSYoungGen: 60704K->320K(60928K)] 80798K->20422K(369664K), 0.0025308 secs] [Times: user=0.01 sys=0.00, real=0.01 secs] 
2019-01-01T17:01:34.627+0900: 86341.203: [GC (Allocation Failure) [PSYoungGen: 60736K->288K(60928K)] 80838K->20414K(369664K), 0.0029301 secs] [Times: user=0.01 sys=0.01, real=0.00 secs] 
2019-01-01T17:02:22.489+0900: 86389.065: [GC (Allocation Failure) [PSYoungGen: 60704K->256K(60928K)] 80830K->20382K(369664K), 0.0027933 secs] [Times: user=0.01 sys=0.00, real=0.00 secs] 
2019-01-01T17:03:09.949+0900: 86436.525: [GC (Allocation Failure) [PSYoungGen: 60672K->256K(60928K)] 80798K->20382K(369664K), 0.0028537 secs] [Times: user=0.01 sys=0.00, real=0.00 secs] 
2019-01-01T17:03:57.456+0900: 86484.032: [GC (Allocation Failure) [PSYoungGen: 60672K->256K(60928K)] 80798K->20382K(369664K), 0.0027403 secs] [Times: user=0.01 sys=0.00, real=0.00 secs] 
2019-01-01T17:04:45.326+0900: 86531.901: [GC (Allocation Failure) [PSYoungGen: 60672K->352K(60928K)] 80798K->20478K(369664K), 0.0031026 secs] [Times: user=0.01 sys=0.01, real=0.00 secs] 
2019-01-01T17:05:33.087+0900: 86579.663: [GC (Allocation Failure) [PSYoungGen: 60768K->352K(60928K)] 80894K->20478K(369664K), 0.0029382 secs] [Times: user=0.01 sys=0.00, real=0.00 secs] 
2019-01-01T17:06:20.829+0900: 86627.405: [GC (Allocation Failure) [PSYoungGen: 60768K->352K(60928K)] 80894K->20478K(369664K), 0.0028441 secs] [Times: user=0.01 sys=0.00, real=0.00 secs] 
2019-01-01T17:07:08.296+0900: 86674.872: [GC (Allocation Failure) [PSYoungGen: 60768K->288K(60928K)] 80894K->20414K(369664K), 0.0027491 secs] [Times: user=0.01 sys=0.00, real=0.00 secs] 
2019-01-01T17:07:56.075+0900: 86722.651: [GC (Allocation Failure) [PSYoungGen: 60704K->320K(60928K)] 80830K->20446K(369664K), 0.0027540 secs] [Times: user=0.01 sys=0.00, real=0.00 secs] 
2019-01-01T17:08:43.879+0900: 86770.455: [GC (Allocation Failure) [PSYoungGen: 60736K->320K(60928K)] 80862K->20446K(369664K), 0.0026040 secs] [Times: user=0.01 sys=0.00, real=0.00 secs] 
2019-01-01T17:09:31.696+0900: 86818.272: [GC (Allocation Failure) [PSYoungGen: 60736K->320K(60928K)] 80862K->20446K(369664K), 0.0028916 secs] [Times: user=0.01 sys=0.00, real=0.00 secs] 
2019-01-01T17:10:19.501+0900: 86866.077: [GC (Allocation Failure) [PSYoungGen: 60736K->352K(60928K)] 80862K->20478K(369664K), 0.0030164 secs] [Times: user=0.01 sys=0.00, real=0.01 secs] 
2019-01-01T17:11:07.484+0900: 86914.060: [GC (Allocation Failure) [PSYoungGen: 60768K->320K(60928K)] 80894K->20446K(369664K), 0.0027665 secs] [Times: user=0.01 sys=0.00, real=0.00 secs] 
2019-01-01T17:11:55.034+0900: 86961.610: [GC (Allocation Failure) [PSYoungGen: 60736K->352K(60928K)] 80862K->20478K(369664K), 0.0027253 secs] [Times: user=0.01 sys=0.00, real=0.00 secs] 
2019-01-01T17:12:42.673+0900: 87009.249: [GC (Allocation Failure) [PSYoungGen: 60768K->288K(60928K)] 80894K->20414K(369664K), 0.0023382 secs] [Times: user=0.01 sys=0.00, real=0.01 secs] 
2019-01-01T17:13:30.491+0900: 87057.067: [GC (Allocation Failure) [PSYoungGen: 60704K->320K(60928K)] 80830K->20446K(369664K), 0.0027711 secs] [Times: user=0.01 sys=0.00, real=0.01 secs] 
2019-01-01T17:14:17.593+0900: 87104.169: [GC (Allocation Failure) [PSYoungGen: 60736K->288K(60928K)] 80862K->20414K(369664K), 0.0024791 secs] [Times: user=0.01 sys=0.00, real=0.01 secs] 
2019-01-01T17:15:05.242+0900: 87151.818: [GC (Allocation Failure) [PSYoungGen: 60704K->352K(60928K)] 80830K->20510K(369664K), 0.0027292 secs] [Times: user=0.02 sys=0.00, real=0.01 secs] 
2019-01-01T17:15:52.969+0900: 87199.545: [GC (Allocation Failure) [PSYoungGen: 60768K->352K(60928K)] 80926K->20518K(369664K), 0.0028820 secs] [Times: user=0.01 sys=0.00, real=0.00 secs] 
2019-01-01T17:16:40.783+0900: 87247.359: [GC (Allocation Failure) [PSYoungGen: 60768K->352K(60928K)] 80934K->20518K(369664K), 0.0027911 secs] [Times: user=0.01 sys=0.00, real=0.01 secs] 
2019-01-01T17:17:28.504+0900: 87295.080: [GC (Allocation Failure) [PSYoungGen: 60768K->288K(60928K)] 80934K->20454K(369664K), 0.0028177 secs] [Times: user=0.01 sys=0.00, real=0.00 secs] 
2019-01-01T17:18:16.515+0900: 87343.091: [GC (Allocation Failure) [PSYoungGen: 60704K->320K(60928K)] 80870K->20510K(369664K), 0.0028042 secs] [Times: user=0.01 sys=0.00, real=0.00 secs] 
2019-01-01T17:19:03.788+0900: 87390.364: [GC (Allocation Failure) [PSYoungGen: 60736K->352K(60928K)] 80926K->20550K(369664K), 0.0025835 secs] [Times: user=0.01 sys=0.01, real=0.00 secs] 
2019-01-01T17:19:51.421+0900: 87437.997: [GC (Allocation Failure) [PSYoungGen: 60768K->320K(60928K)] 80966K->20518K(369664K), 0.0031439 secs] [Times: user=0.01 sys=0.00, real=0.01 secs] 
2019-01-01T17:20:39.145+0900: 87485.721: [GC (Allocation Failure) [PSYoungGen: 60736K->320K(60928K)] 80934K->20518K(369664K), 0.0028210 secs] [Times: user=0.01 sys=0.00, real=0.00 secs] 
2019-01-01T17:21:26.861+0900: 87533.437: [GC (Allocation Failure) [PSYoungGen: 60736K->288K(60928K)] 80934K->20486K(369664K), 0.0024199 secs] [Times: user=0.01 sys=0.00, real=0.00 secs] 
2019-01-01T17:22:14.454+0900: 87581.030: [GC (Allocation Failure) [PSYoungGen: 60704K->256K(60928K)] 80902K->20454K(369664K), 0.0026557 secs] [Times: user=0.01 sys=0.00, real=0.00 secs] 
2019-01-01T17:23:02.341+0900: 87628.917: [GC (Allocation Failure) [PSYoungGen: 60672K->320K(60928K)] 80870K->20518K(369664K), 0.0030268 secs] [Times: user=0.01 sys=0.00, real=0.01 secs] 
2019-01-01T17:23:50.032+0900: 87676.608: [GC (Allocation Failure) [PSYoungGen: 60736K->352K(60928K)] 80934K->20550K(369664K), 0.0028122 secs] [Times: user=0.02 sys=0.00, real=0.01 secs] 
2019-01-01T17:24:37.982+0900: 87724.558: [GC (Allocation Failure) [PSYoungGen: 60768K->320K(60928K)] 80966K->20518K(369664K), 0.0024536 secs] [Times: user=0.01 sys=0.00, real=0.01 secs] 
2019-01-01T17:25:25.264+0900: 87771.840: [GC (Allocation Failure) [PSYoungGen: 60736K->352K(60928K)] 80934K->20550K(369664K), 0.0025847 secs] [Times: user=0.01 sys=0.00, real=0.00 secs] 
2019-01-01T17:26:12.912+0900: 87819.487: [GC (Allocation Failure) [PSYoungGen: 60768K->320K(60928K)] 80966K->20526K(369664K), 0.0025961 secs] [Times: user=0.01 sys=0.00, real=0.01 secs] 
2019-01-01T17:27:00.566+0900: 87867.142: [GC (Allocation Failure) [PSYoungGen: 60736K->320K(60928K)] 80942K->20526K(369664K), 0.0028663 secs] [Times: user=0.01 sys=0.00, real=0.00 secs] 
2019-01-01T17:27:48.090+0900: 87914.666: [GC (Allocation Failure) [PSYoungGen: 60736K->320K(60928K)] 80942K->20526K(369664K), 0.0026384 secs] [Times: user=0.01 sys=0.00, real=0.00 secs] 
2019-01-01T17:28:35.945+0900: 87962.521: [GC (Allocation Failure) [PSYoungGen: 60736K->288K(60928K)] 80942K->20494K(369664K), 0.0028930 secs] [Times: user=0.01 sys=0.00, real=0.00 secs] 
2019-01-01T17:29:23.864+0900: 88010.440: [GC (Allocation Failure) [PSYoungGen: 60704K->320K(60928K)] 80910K->20526K(369664K), 0.0026804 secs] [Times: user=0.01 sys=0.00, real=0.00 secs] 
2019-01-01T17:30:11.325+0900: 88057.901: [GC (Allocation Failure) [PSYoungGen: 60736K->288K(60928K)] 80942K->20494K(369664K), 0.0026194 secs] [Times: user=0.01 sys=0.00, real=0.00 secs] 
2019-01-01T17:30:59.031+0900: 88105.607: [GC (Allocation Failure) [PSYoungGen: 60704K->352K(60928K)] 80910K->20558K(369664K), 0.0026765 secs] [Times: user=0.01 sys=0.00, real=0.01 secs] 
2019-01-01T17:31:46.733+0900: 88153.309: [GC (Allocation Failure) [PSYoungGen: 60768K->320K(60928K)] 80974K->20526K(369664K), 0.0033641 secs] [Times: user=0.01 sys=0.00, real=0.01 secs] 
2019-01-01T17:32:34.664+0900: 88201.240: [GC (Allocation Failure) [PSYoungGen: 60736K->320K(60928K)] 80942K->20526K(369664K), 0.0027960 secs] [Times: user=0.01 sys=0.00, real=0.00 secs] 
2019-01-01T17:33:22.383+0900: 88248.959: [GC (Allocation Failure) [PSYoungGen: 60736K->352K(60928K)] 80942K->20558K(369664K), 0.0030322 secs] [Times: user=0.01 sys=0.00, real=0.01 secs] 
2019-01-01T17:34:09.504+0900: 88296.080: [GC (Allocation Failure) [PSYoungGen: 60768K->352K(60928K)] 80974K->20558K(369664K), 0.0026664 secs] [Times: user=0.02 sys=0.00, real=0.00 secs] 
2019-01-01T17:34:57.386+0900: 88343.962: [GC (Allocation Failure) [PSYoungGen: 60768K->352K(60928K)] 80974K->20558K(369664K), 0.0028536 secs] [Times: user=0.01 sys=0.00, real=0.00 secs] 
2019-01-01T17:35:45.320+0900: 88391.896: [GC (Allocation Failure) [PSYoungGen: 60768K->352K(60928K)] 80974K->20558K(369664K), 0.0023790 secs] [Times: user=0.01 sys=0.00, real=0.00 secs] 
2019-01-01T17:36:33.029+0900: 88439.604: [GC (Allocation Failure) [PSYoungGen: 60768K->320K(60928K)] 80974K->20526K(369664K), 0.0027920 secs] [Times: user=0.01 sys=0.00, real=0.00 secs] 
2019-01-01T17:37:20.868+0900: 88487.444: [GC (Allocation Failure) [PSYoungGen: 60736K->288K(60928K)] 80942K->20494K(369664K), 0.0027239 secs] [Times: user=0.01 sys=0.00, real=0.00 secs] 
2019-01-01T17:38:08.329+0900: 88534.905: [GC (Allocation Failure) [PSYoungGen: 60704K->320K(60928K)] 80910K->20526K(369664K), 0.0028138 secs] [Times: user=0.01 sys=0.00, real=0.00 secs] 
2019-01-01T17:38:55.988+0900: 88582.564: [GC (Allocation Failure) [PSYoungGen: 60736K->352K(60928K)] 80942K->20566K(369664K), 0.0028092 secs] [Times: user=0.01 sys=0.00, real=0.00 secs] 
2019-01-01T17:39:43.594+0900: 88630.170: [GC (Allocation Failure) [PSYoungGen: 60768K->352K(60928K)] 80982K->20566K(369664K), 0.0028405 secs] [Times: user=0.01 sys=0.00, real=0.00 secs] 
2019-01-01T17:40:31.150+0900: 88677.726: [GC (Allocation Failure) [PSYoungGen: 60768K->352K(60928K)] 80982K->20566K(369664K), 0.0028696 secs] [Times: user=0.02 sys=0.00, real=0.00 secs] 
2019-01-01T17:41:18.970+0900: 88725.546: [GC (Allocation Failure) [PSYoungGen: 60768K->256K(60928K)] 80982K->20470K(369664K), 0.0028967 secs] [Times: user=0.01 sys=0.00, real=0.00 secs] 
2019-01-01T17:42:06.270+0900: 88772.846: [GC (Allocation Failure) [PSYoungGen: 60672K->288K(60928K)] 80886K->20502K(369664K), 0.0028402 secs] [Times: user=0.00 sys=0.01, real=0.00 secs] 
2019-01-01T17:42:54.040+0900: 88820.616: [GC (Allocation Failure) [PSYoungGen: 60704K->288K(60928K)] 80918K->20502K(369664K), 0.0025322 secs] [Times: user=0.01 sys=0.00, real=0.00 secs] 
2019-01-01T17:43:41.798+0900: 88868.374: [GC (Allocation Failure) [PSYoungGen: 60704K->288K(60928K)] 80918K->20502K(369664K), 0.0024572 secs] [Times: user=0.01 sys=0.00, real=0.00 secs] 
2019-01-01T17:44:29.538+0900: 88916.114: [GC (Allocation Failure) [PSYoungGen: 60704K->352K(60928K)] 80918K->20574K(369664K), 0.0027256 secs] [Times: user=0.01 sys=0.00, real=0.00 secs] 
2019-01-01T17:45:16.902+0900: 88963.478: [GC (Allocation Failure) [PSYoungGen: 60768K->352K(60928K)] 80990K->20574K(369664K), 0.0028630 secs] [Times: user=0.01 sys=0.00, real=0.01 secs] 
2019-01-01T17:46:04.821+0900: 89011.397: [GC (Allocation Failure) [PSYoungGen: 60768K->320K(60928K)] 80990K->20550K(369664K), 0.0029529 secs] [Times: user=0.01 sys=0.00, real=0.01 secs] 
2019-01-01T17:46:52.338+0900: 89058.913: [GC (Allocation Failure) [PSYoungGen: 60736K->256K(60928K)] 80966K->20486K(369664K), 0.0024027 secs] [Times: user=0.01 sys=0.00, real=0.00 secs] 
2019-01-01T17:47:40.459+0900: 89107.035: [GC (Allocation Failure) [PSYoungGen: 60672K->352K(60928K)] 80902K->20582K(369664K), 0.0024954 secs] [Times: user=0.01 sys=0.00, real=0.00 secs] 
2019-01-01T17:48:28.275+0900: 89154.850: [GC (Allocation Failure) [PSYoungGen: 60768K->288K(60928K)] 80998K->20526K(369664K), 0.0027836 secs] [Times: user=0.01 sys=0.00, real=0.00 secs] 
2019-01-01T17:49:15.836+0900: 89202.412: [GC (Allocation Failure) [PSYoungGen: 60704K->320K(60928K)] 80942K->20558K(369664K), 0.0020984 secs] [Times: user=0.01 sys=0.00, real=0.00 secs] 
2019-01-01T17:50:03.600+0900: 89250.176: [GC (Allocation Failure) [PSYoungGen: 60736K->320K(60928K)] 80974K->20558K(369664K), 0.0029068 secs] [Times: user=0.01 sys=0.00, real=0.00 secs] 
2019-01-01T17:50:51.360+0900: 89297.935: [GC (Allocation Failure) [PSYoungGen: 60736K->320K(60928K)] 80974K->20558K(369664K), 0.0028647 secs] [Times: user=0.02 sys=0.00, real=0.00 secs] 
2019-01-01T17:51:39.398+0900: 89345.974: [GC (Allocation Failure) [PSYoungGen: 60736K->288K(60928K)] 80974K->20534K(369664K), 0.0026380 secs] [Times: user=0.01 sys=0.00, real=0.00 secs] 
2019-01-01T17:52:26.745+0900: 89393.321: [GC (Allocation Failure) [PSYoungGen: 60704K->352K(60928K)] 80950K->20614K(369664K), 0.0027411 secs] [Times: user=0.01 sys=0.00, real=0.00 secs] 
2019-01-01T17:53:14.439+0900: 89441.014: [GC (Allocation Failure) [PSYoungGen: 60768K->352K(60928K)] 81030K->20614K(369664K), 0.0024245 secs] [Times: user=0.01 sys=0.00, real=0.00 secs] 
2019-01-01T17:54:02.267+0900: 89488.843: [GC (Allocation Failure) [PSYoungGen: 60768K->352K(60928K)] 81030K->20614K(369664K), 0.0028546 secs] [Times: user=0.01 sys=0.00, real=0.00 secs] 
2019-01-01T17:54:49.776+0900: 89536.352: [GC (Allocation Failure) [PSYoungGen: 60768K->320K(60928K)] 81030K->20582K(369664K), 0.0024564 secs] [Times: user=0.01 sys=0.00, real=0.00 secs] 
2019-01-01T17:55:37.395+0900: 89583.971: [GC (Allocation Failure) [PSYoungGen: 60736K->320K(60928K)] 80998K->20582K(369664K), 0.0024058 secs] [Times: user=0.01 sys=0.00, real=0.00 secs] 
2019-01-01T17:56:25.235+0900: 89631.811: [GC (Allocation Failure) [PSYoungGen: 60736K->256K(60928K)] 80998K->20518K(369664K), 0.0027811 secs] [Times: user=0.01 sys=0.00, real=0.00 secs] 
2019-01-01T17:57:12.692+0900: 89679.268: [GC (Allocation Failure) [PSYoungGen: 60672K->320K(60928K)] 80934K->20590K(369664K), 0.0025113 secs] [Times: user=0.01 sys=0.00, real=0.01 secs] 
2019-01-01T17:57:59.997+0900: 89726.573: [GC (Allocation Failure) [PSYoungGen: 60736K->320K(60928K)] 81006K->20590K(369664K), 0.0030271 secs] [Times: user=0.01 sys=0.00, real=0.00 secs] 
2019-01-01T17:58:48.072+0900: 89774.648: [GC (Allocation Failure) [PSYoungGen: 60736K->320K(60928K)] 81006K->20590K(369664K), 0.0023214 secs] [Times: user=0.01 sys=0.00, real=0.01 secs] 
2019-01-01T17:59:35.869+0900: 89822.445: [GC (Allocation Failure) [PSYoungGen: 60736K->256K(60928K)] 81006K->20526K(369664K), 0.0025080 secs] [Times: user=0.01 sys=0.00, real=0.00 secs] 
2019-01-01T18:00:23.452+0900: 89870.028: [GC (Allocation Failure) [PSYoungGen: 60672K->288K(60928K)] 80942K->20558K(369664K), 0.0024687 secs] [Times: user=0.01 sys=0.00, real=0.01 secs] 
2019-01-01T18:01:11.036+0900: 89917.611: [GC (Allocation Failure) [PSYoungGen: 60704K->352K(60928K)] 80974K->20630K(369664K), 0.0026314 secs] [Times: user=0.01 sys=0.00, real=0.00 secs] 
2019-01-01T18:01:58.827+0900: 89965.403: [GC (Allocation Failure) [PSYoungGen: 60768K->288K(60928K)] 81046K->20566K(369664K), 0.0026999 secs] [Times: user=0.01 sys=0.00, real=0.00 secs] 
2019-01-01T18:02:46.332+0900: 90012.908: [GC (Allocation Failure) [PSYoungGen: 60704K->288K(60928K)] 80982K->20566K(369664K), 0.0025814 secs] [Times: user=0.01 sys=0.00, real=0.01 secs] 
2019-01-01T18:03:34.207+0900: 90060.783: [GC (Allocation Failure) [PSYoungGen: 60704K->320K(60928K)] 80982K->20614K(369664K), 0.0027039 secs] [Times: user=0.01 sys=0.00, real=0.00 secs] 
2019-01-01T18:04:21.496+0900: 90108.072: [GC (Allocation Failure) [PSYoungGen: 60736K->320K(60928K)] 81030K->20614K(369664K), 0.0029622 secs] [Times: user=0.01 sys=0.00, real=0.00 secs] 
2019-01-01T18:05:09.017+0900: 90155.593: [GC (Allocation Failure) [PSYoungGen: 60736K->352K(60928K)] 81030K->20646K(369664K), 0.0027813 secs] [Times: user=0.01 sys=0.00, real=0.00 secs] 
2019-01-01T18:05:56.775+0900: 90203.351: [GC (Allocation Failure) [PSYoungGen: 60768K->352K(60928K)] 81062K->20646K(369664K), 0.0025604 secs] [Times: user=0.01 sys=0.00, real=0.00 secs] 
2019-01-01T18:06:44.568+0900: 90251.143: [GC (Allocation Failure) [PSYoungGen: 60768K->320K(60928K)] 81062K->20614K(369664K), 0.0024376 secs] [Times: user=0.01 sys=0.00, real=0.00 secs] 
2019-01-01T18:07:32.264+0900: 90298.840: [GC (Allocation Failure) [PSYoungGen: 60736K->320K(60928K)] 81030K->20614K(369664K), 0.0023972 secs] [Times: user=0.01 sys=0.00, real=0.00 secs] 
2019-01-01T18:08:20.098+0900: 90346.673: [GC (Allocation Failure) [PSYoungGen: 60736K->320K(60928K)] 81030K->20614K(369664K), 0.0027831 secs] [Times: user=0.01 sys=0.00, real=0.00 secs] 
2019-01-01T18:09:07.535+0900: 90394.111: [GC (Allocation Failure) [PSYoungGen: 60736K->320K(60928K)] 81030K->20614K(369664K), 0.0031104 secs] [Times: user=0.01 sys=0.00, real=0.00 secs] 
2019-01-01T18:09:55.126+0900: 90441.701: [GC (Allocation Failure) [PSYoungGen: 60736K->352K(60928K)] 81030K->20654K(369664K), 0.0029107 secs] [Times: user=0.01 sys=0.00, real=0.00 secs] 
2019-01-01T18:10:42.800+0900: 90489.376: [GC (Allocation Failure) [PSYoungGen: 60768K->288K(60928K)] 81070K->20590K(369664K), 0.0027381 secs] [Times: user=0.01 sys=0.00, real=0.00 secs] 
2019-01-01T18:11:30.385+0900: 90536.961: [GC (Allocation Failure) [PSYoungGen: 60704K->288K(60928K)] 81006K->20590K(369664K), 0.0027927 secs] [Times: user=0.01 sys=0.00, real=0.00 secs] 
2019-01-01T18:12:18.279+0900: 90584.855: [GC (Allocation Failure) [PSYoungGen: 60704K->288K(60928K)] 81006K->20590K(369664K), 0.0027670 secs] [Times: user=0.01 sys=0.00, real=0.00 secs] 
2019-01-01T18:13:06.188+0900: 90632.764: [GC (Allocation Failure) [PSYoungGen: 60704K->288K(60928K)] 81006K->20590K(369664K), 0.0028381 secs] [Times: user=0.01 sys=0.00, real=0.00 secs] 
2019-01-01T18:13:53.731+0900: 90680.307: [GC (Allocation Failure) [PSYoungGen: 60704K->320K(60928K)] 81006K->20622K(369664K), 0.0028146 secs] [Times: user=0.01 sys=0.00, real=0.01 secs] 
2019-01-01T18:14:41.654+0900: 90728.230: [GC (Allocation Failure) [PSYoungGen: 60736K->224K(60928K)] 81038K->20550K(369664K), 0.0028740 secs] [Times: user=0.01 sys=0.00, real=0.00 secs] 
2019-01-01T18:15:29.239+0900: 90775.815: [GC (Allocation Failure) [PSYoungGen: 60640K->224K(60928K)] 80966K->20550K(369664K), 0.0029070 secs] [Times: user=0.00 sys=0.00, real=0.00 secs] 
2019-01-01T18:16:17.132+0900: 90823.708: [GC (Allocation Failure) [PSYoungGen: 60640K->288K(60928K)] 80966K->20630K(369664K), 0.0023890 secs] [Times: user=0.01 sys=0.00, real=0.01 secs] 
2019-01-01T18:17:04.444+0900: 90871.019: [GC (Allocation Failure) [PSYoungGen: 60704K->288K(60928K)] 81046K->20630K(369664K), 0.0027837 secs] [Times: user=0.01 sys=0.00, real=0.01 secs] 
2019-01-01T18:17:52.040+0900: 90918.616: [GC (Allocation Failure) [PSYoungGen: 60704K->352K(60928K)] 81046K->20694K(369664K), 0.0026886 secs] [Times: user=0.01 sys=0.00, real=0.00 secs] 
2019-01-01T18:18:39.839+0900: 90966.415: [GC (Allocation Failure) [PSYoungGen: 60768K->320K(60928K)] 81110K->20662K(369664K), 0.0022883 secs] [Times: user=0.01 sys=0.00, real=0.00 secs] 
2019-01-01T18:19:27.729+0900: 91014.304: [GC (Allocation Failure) [PSYoungGen: 60736K->352K(60928K)] 81078K->20694K(369664K), 0.0027531 secs] [Times: user=0.01 sys=0.00, real=0.00 secs] 
2019-01-01T18:20:15.214+0900: 91061.790: [GC (Allocation Failure) [PSYoungGen: 60768K->352K(60928K)] 81110K->20694K(369664K), 0.0027316 secs] [Times: user=0.02 sys=0.00, real=0.00 secs] 
2019-01-01T18:21:02.906+0900: 91109.482: [GC (Allocation Failure) [PSYoungGen: 60768K->320K(60928K)] 81110K->20662K(369664K), 0.0028517 secs] [Times: user=0.02 sys=0.00, real=0.00 secs] 
2019-01-01T18:21:50.143+0900: 91156.719: [GC (Allocation Failure) [PSYoungGen: 60736K->256K(60928K)] 81078K->20598K(369664K), 0.0027221 secs] [Times: user=0.01 sys=0.00, real=0.01 secs] 
2019-01-01T18:22:37.779+0900: 91204.355: [GC (Allocation Failure) [PSYoungGen: 60672K->320K(60928K)] 81014K->20662K(369664K), 0.0031254 secs] [Times: user=0.00 sys=0.00, real=0.00 secs] 
2019-01-01T18:23:25.417+0900: 91251.993: [GC (Allocation Failure) [PSYoungGen: 60736K->320K(60928K)] 81078K->20662K(369664K), 0.0029058 secs] [Times: user=0.01 sys=0.00, real=0.00 secs] 
2019-01-01T18:24:13.152+0900: 91299.728: [GC (Allocation Failure) [PSYoungGen: 60736K->288K(60928K)] 81078K->20630K(369664K), 0.0024309 secs] [Times: user=0.01 sys=0.00, real=0.01 secs] 
2019-01-01T18:25:00.402+0900: 91346.978: [GC (Allocation Failure) [PSYoungGen: 60704K->320K(60928K)] 81046K->20662K(369664K), 0.0029221 secs] [Times: user=0.01 sys=0.00, real=0.01 secs] 
2019-01-01T18:25:48.266+0900: 91394.842: [GC (Allocation Failure) [PSYoungGen: 60736K->352K(60928K)] 81078K->20694K(369664K), 0.0023783 secs] [Times: user=0.01 sys=0.00, real=0.00 secs] 
2019-01-01T18:26:35.991+0900: 91442.567: [GC (Allocation Failure) [PSYoungGen: 60768K->256K(60928K)] 81110K->20598K(369664K), 0.0027661 secs] [Times: user=0.01 sys=0.00, real=0.01 secs] 
2019-01-01T18:27:23.901+0900: 91490.477: [GC (Allocation Failure) [PSYoungGen: 60672K->352K(60928K)] 81014K->20694K(369664K), 0.0028538 secs] [Times: user=0.01 sys=0.00, real=0.01 secs] 
2019-01-01T18:28:11.728+0900: 91538.303: [GC (Allocation Failure) [PSYoungGen: 60768K->352K(60928K)] 81110K->20694K(369664K), 0.0027759 secs] [Times: user=0.02 sys=0.00, real=0.00 secs] 
2019-01-01T18:28:59.420+0900: 91585.995: [GC (Allocation Failure) [PSYoungGen: 60768K->288K(60928K)] 81110K->20638K(369664K), 0.0027978 secs] [Times: user=0.01 sys=0.00, real=0.00 secs] 
2019-01-01T18:29:47.181+0900: 91633.757: [GC (Allocation Failure) [PSYoungGen: 60704K->320K(60928K)] 81054K->20670K(369664K), 0.0027476 secs] [Times: user=0.01 sys=0.00, real=0.01 secs] 
2019-01-01T18:30:35.012+0900: 91681.588: [GC (Allocation Failure) [PSYoungGen: 60736K->320K(60928K)] 81086K->20670K(369664K), 0.0032483 secs] [Times: user=0.01 sys=0.00, real=0.01 secs] 
2019-01-01T18:31:22.518+0900: 91729.094: [GC (Allocation Failure) [PSYoungGen: 60736K->256K(60928K)] 81086K->20606K(369664K), 0.0029820 secs] [Times: user=0.02 sys=0.00, real=0.00 secs] 
2019-01-01T18:32:10.132+0900: 91776.708: [GC (Allocation Failure) [PSYoungGen: 60672K->320K(60928K)] 81022K->20670K(369664K), 0.0026373 secs] [Times: user=0.01 sys=0.00, real=0.01 secs] 
2019-01-01T18:32:57.327+0900: 91823.903: [GC (Allocation Failure) [PSYoungGen: 60736K->288K(60928K)] 81086K->20638K(369664K), 0.0027399 secs] [Times: user=0.02 sys=0.00, real=0.00 secs] 
2019-01-01T18:33:45.423+0900: 91871.999: [GC (Allocation Failure) [PSYoungGen: 60704K->320K(60928K)] 81054K->20670K(369664K), 0.0025242 secs] [Times: user=0.01 sys=0.01, real=0.01 secs] 
2019-01-01T18:34:33.280+0900: 91919.856: [GC (Allocation Failure) [PSYoungGen: 60736K->256K(60928K)] 81086K->20606K(369664K), 0.0025787 secs] [Times: user=0.02 sys=0.00, real=0.00 secs] 
2019-01-01T18:35:21.052+0900: 91967.628: [GC (Allocation Failure) [PSYoungGen: 60672K->320K(60928K)] 81022K->20670K(369664K), 0.0024266 secs] [Times: user=0.01 sys=0.00, real=0.01 secs] 
2019-01-01T18:36:09.006+0900: 92015.582: [GC (Allocation Failure) [PSYoungGen: 60736K->320K(60928K)] 81086K->20670K(369664K), 0.0031623 secs] [Times: user=0.01 sys=0.00, real=0.00 secs] 
2019-01-01T18:36:56.900+0900: 92063.476: [GC (Allocation Failure) [PSYoungGen: 60736K->256K(60928K)] 81086K->20606K(369664K), 0.0023311 secs] [Times: user=0.01 sys=0.00, real=0.00 secs] 
2019-01-01T18:37:44.571+0900: 92111.147: [GC (Allocation Failure) [PSYoungGen: 60672K->256K(60928K)] 81022K->20606K(369664K), 0.0024647 secs] [Times: user=0.01 sys=0.00, real=0.00 secs] 
2019-01-01T18:38:32.570+0900: 92159.146: [GC (Allocation Failure) [PSYoungGen: 60672K->352K(60928K)] 81022K->20710K(369664K), 0.0028019 secs] [Times: user=0.01 sys=0.00, real=0.00 secs] 
2019-01-01T18:39:19.872+0900: 92206.448: [GC (Allocation Failure) [PSYoungGen: 60768K->288K(60928K)] 81126K->20646K(369664K), 0.0028660 secs] [Times: user=0.01 sys=0.00, real=0.01 secs] 
2019-01-01T18:40:07.566+0900: 92254.142: [GC (Allocation Failure) [PSYoungGen: 60704K->352K(60928K)] 81062K->20710K(369664K), 0.0029863 secs] [Times: user=0.01 sys=0.00, real=0.00 secs] 
2019-01-01T18:40:55.139+0900: 92301.715: [GC (Allocation Failure) [PSYoungGen: 60768K->320K(60928K)] 81126K->20678K(369664K), 0.0027970 secs] [Times: user=0.02 sys=0.00, real=0.00 secs] 
2019-01-01T18:41:43.049+0900: 92349.624: [GC (Allocation Failure) [PSYoungGen: 60736K->320K(60928K)] 81094K->20678K(369664K), 0.0025484 secs] [Times: user=0.01 sys=0.00, real=0.00 secs] 
2019-01-01T18:42:30.779+0900: 92397.355: [GC (Allocation Failure) [PSYoungGen: 60736K->288K(60928K)] 81094K->20646K(369664K), 0.0029060 secs] [Times: user=0.01 sys=0.00, real=0.00 secs] 
2019-01-01T18:43:18.668+0900: 92445.243: [GC (Allocation Failure) [PSYoungGen: 60704K->352K(60928K)] 81062K->20710K(369664K), 0.0028205 secs] [Times: user=0.01 sys=0.00, real=0.00 secs] 
2019-01-01T18:44:06.187+0900: 92492.763: [GC (Allocation Failure) [PSYoungGen: 60768K->320K(60928K)] 81126K->20702K(369664K), 0.0027435 secs] [Times: user=0.01 sys=0.00, real=0.00 secs] 
2019-01-01T18:44:53.675+0900: 92540.251: [GC (Allocation Failure) [PSYoungGen: 60736K->320K(60928K)] 81118K->20710K(369664K), 0.0027008 secs] [Times: user=0.01 sys=0.00, real=0.00 secs] 
2019-01-01T18:45:41.419+0900: 92587.995: [GC (Allocation Failure) [PSYoungGen: 60736K->320K(60928K)] 81126K->20710K(369664K), 0.0029188 secs] [Times: user=0.01 sys=0.00, real=0.00 secs] 
2019-01-01T18:46:29.262+0900: 92635.838: [GC (Allocation Failure) [PSYoungGen: 60736K->320K(60928K)] 81126K->20718K(369664K), 0.0028808 secs] [Times: user=0.01 sys=0.01, real=0.01 secs] 
2019-01-01T18:47:16.690+0900: 92683.266: [GC (Allocation Failure) [PSYoungGen: 60736K->320K(60928K)] 81134K->20718K(369664K), 0.0027008 secs] [Times: user=0.01 sys=0.00, real=0.00 secs] 
2019-01-01T18:48:04.451+0900: 92731.027: [GC (Allocation Failure) [PSYoungGen: 60736K->320K(60928K)] 81134K->20718K(369664K), 0.0027427 secs] [Times: user=0.01 sys=0.00, real=0.01 secs] 
2019-01-01T18:48:52.005+0900: 92778.581: [GC (Allocation Failure) [PSYoungGen: 60736K->288K(60928K)] 81134K->20686K(369664K), 0.0027827 secs] [Times: user=0.01 sys=0.00, real=0.00 secs] 
2019-01-01T18:49:39.600+0900: 92826.175: [GC (Allocation Failure) [PSYoungGen: 60704K->320K(60928K)] 81102K->20718K(369664K), 0.0027486 secs] [Times: user=0.01 sys=0.01, real=0.00 secs] 
2019-01-01T18:50:27.382+0900: 92873.958: [GC (Allocation Failure) [PSYoungGen: 60736K->352K(60928K)] 81134K->20750K(369664K), 0.0027093 secs] [Times: user=0.01 sys=0.00, real=0.01 secs] 
2019-01-01T18:51:15.215+0900: 92921.791: [GC (Allocation Failure) [PSYoungGen: 60768K->320K(60928K)] 81166K->20734K(369664K), 0.0024503 secs] [Times: user=0.01 sys=0.01, real=0.00 secs] 
2019-01-01T18:52:02.761+0900: 92969.337: [GC (Allocation Failure) [PSYoungGen: 60736K->352K(60928K)] 81150K->20766K(369664K), 0.0030677 secs] [Times: user=0.01 sys=0.00, real=0.01 secs] 
2019-01-01T18:52:50.262+0900: 93016.838: [GC (Allocation Failure) [PSYoungGen: 60768K->352K(60928K)] 81182K->20766K(369664K), 0.0024217 secs] [Times: user=0.01 sys=0.00, real=0.01 secs] 
2019-01-01T18:53:38.104+0900: 93064.680: [GC (Allocation Failure) [PSYoungGen: 60768K->320K(60928K)] 81182K->20734K(369664K), 0.0024778 secs] [Times: user=0.00 sys=0.01, real=0.00 secs] 
2019-01-01T18:54:25.568+0900: 93112.144: [GC (Allocation Failure) [PSYoungGen: 60736K->256K(60928K)] 81150K->20670K(369664K), 0.0026501 secs] [Times: user=0.00 sys=0.00, real=0.00 secs] 
2019-01-01T18:55:13.569+0900: 93160.145: [GC (Allocation Failure) [PSYoungGen: 60672K->320K(60928K)] 81086K->20742K(369664K), 0.0023866 secs] [Times: user=0.01 sys=0.00, real=0.00 secs] 
2019-01-01T18:56:01.299+0900: 93207.875: [GC (Allocation Failure) [PSYoungGen: 60736K->256K(60928K)] 81158K->20678K(369664K), 0.0027164 secs] [Times: user=0.01 sys=0.00, real=0.00 secs] 
2019-01-01T18:56:48.952+0900: 93255.527: [GC (Allocation Failure) [PSYoungGen: 60672K->288K(60928K)] 81094K->20718K(369664K), 0.0023455 secs] [Times: user=0.01 sys=0.00, real=0.01 secs] 
2019-01-01T18:57:36.639+0900: 93303.215: [GC (Allocation Failure) [PSYoungGen: 60704K->320K(60928K)] 81134K->20750K(369664K), 0.0027348 secs] [Times: user=0.02 sys=0.00, real=0.00 secs] 
2019-01-01T18:58:24.447+0900: 93351.023: [GC (Allocation Failure) [PSYoungGen: 60736K->288K(60928K)] 81166K->20718K(369664K), 0.0024035 secs] [Times: user=0.01 sys=0.00, real=0.00 secs] 
2019-01-01T18:59:12.373+0900: 93398.949: [GC (Allocation Failure) [PSYoungGen: 60704K->288K(60928K)] 81134K->20718K(369664K), 0.0028315 secs] [Times: user=0.01 sys=0.01, real=0.01 secs] 
2019-01-01T18:59:59.699+0900: 93446.275: [GC (Allocation Failure) [PSYoungGen: 60704K->256K(60928K)] 81134K->20686K(369664K), 0.0029386 secs] [Times: user=0.01 sys=0.00, real=0.00 secs] 
2019-01-01T19:00:47.542+0900: 93494.118: [GC (Allocation Failure) [PSYoungGen: 60672K->352K(60928K)] 81102K->20782K(369664K), 0.0028930 secs] [Times: user=0.01 sys=0.00, real=0.01 secs] 
2019-01-01T19:01:35.255+0900: 93541.831: [GC (Allocation Failure) [PSYoungGen: 60768K->288K(60928K)] 81198K->20726K(369664K), 0.0033806 secs] [Times: user=0.01 sys=0.00, real=0.00 secs] 
2019-01-01T19:02:23.259+0900: 93589.834: [GC (Allocation Failure) [PSYoungGen: 60704K->320K(60928K)] 81142K->20758K(369664K), 0.0027163 secs] [Times: user=0.01 sys=0.00, real=0.00 secs] 
2019-01-01T19:03:10.492+0900: 93637.068: [GC (Allocation Failure) [PSYoungGen: 60736K->320K(60928K)] 81174K->20790K(369664K), 0.0029077 secs] [Times: user=0.01 sys=0.00, real=0.01 secs] 
2019-01-01T19:03:58.055+0900: 93684.631: [GC (Allocation Failure) [PSYoungGen: 60736K->320K(60928K)] 81206K->20790K(369664K), 0.0030702 secs] [Times: user=0.01 sys=0.01, real=0.00 secs] 
2019-01-01T19:04:45.827+0900: 93732.403: [GC (Allocation Failure) [PSYoungGen: 60736K->352K(60928K)] 81206K->20822K(369664K), 0.0029295 secs] [Times: user=0.01 sys=0.00, real=0.00 secs] 
2019-01-01T19:05:33.253+0900: 93779.829: [GC (Allocation Failure) [PSYoungGen: 60768K->352K(60928K)] 81238K->20822K(369664K), 0.0024349 secs] [Times: user=0.01 sys=0.00, real=0.01 secs] 
2019-01-01T19:06:21.234+0900: 93827.809: [GC (Allocation Failure) [PSYoungGen: 60768K->352K(60928K)] 81238K->20822K(369664K), 0.0027422 secs] [Times: user=0.02 sys=0.00, real=0.01 secs] 
2019-01-01T19:07:08.735+0900: 93875.311: [GC (Allocation Failure) [PSYoungGen: 60767K->320K(60928K)] 81238K->20790K(369664K), 0.0028244 secs] [Times: user=0.02 sys=0.00, real=0.00 secs] 
2019-01-01T19:07:56.303+0900: 93922.879: [GC (Allocation Failure) [PSYoungGen: 60736K->352K(60928K)] 81206K->20822K(369664K), 0.0028000 secs] [Times: user=0.01 sys=0.00, real=0.01 secs] 
2019-01-01T19:08:44.235+0900: 93970.811: [GC (Allocation Failure) [PSYoungGen: 60768K->288K(60928K)] 81238K->20758K(369664K), 0.0028205 secs] [Times: user=0.01 sys=0.00, real=0.00 secs] 
2019-01-01T19:09:32.011+0900: 94018.587: [GC (Allocation Failure) [PSYoungGen: 60704K->320K(60928K)] 81174K->20790K(369664K), 0.0027854 secs] [Times: user=0.01 sys=0.00, real=0.00 secs] 
2019-01-01T19:10:19.842+0900: 94066.418: [GC (Allocation Failure) [PSYoungGen: 60735K->352K(60928K)] 81206K->20822K(369664K), 0.0030418 secs] [Times: user=0.01 sys=0.00, real=0.01 secs] 
2019-01-01T19:11:07.354+0900: 94113.930: [GC (Allocation Failure) [PSYoungGen: 60768K->256K(60928K)] 81238K->20726K(369664K), 0.0026395 secs] [Times: user=0.01 sys=0.00, real=0.00 secs] 
2019-01-01T19:11:55.344+0900: 94161.920: [GC (Allocation Failure) [PSYoungGen: 60672K->320K(60928K)] 81142K->20790K(369664K), 0.0028929 secs] [Times: user=0.01 sys=0.00, real=0.00 secs] 
2019-01-01T19:12:43.033+0900: 94209.609: [GC (Allocation Failure) [PSYoungGen: 60736K->352K(60928K)] 81206K->20822K(369664K), 0.0028207 secs] [Times: user=0.01 sys=0.00, real=0.01 secs] 
2019-01-01T19:13:30.764+0900: 94257.339: [GC (Allocation Failure) [PSYoungGen: 60768K->352K(60928K)] 81238K->20822K(369664K), 0.0026935 secs] [Times: user=0.01 sys=0.00, real=0.01 secs] 
2019-01-01T19:14:18.221+0900: 94304.797: [GC (Allocation Failure) [PSYoungGen: 60768K->352K(60928K)] 81238K->20822K(369664K), 0.0024362 secs] [Times: user=0.01 sys=0.00, real=0.00 secs] 
2019-01-01T19:15:05.977+0900: 94352.553: [GC (Allocation Failure) [PSYoungGen: 60768K->352K(60928K)] 81238K->20838K(369664K), 0.0027650 secs] [Times: user=0.01 sys=0.00, real=0.00 secs] 
2019-01-01T19:15:53.499+0900: 94400.075: [GC (Allocation Failure) [PSYoungGen: 60768K->320K(60928K)] 81254K->20822K(369664K), 0.0024511 secs] [Times: user=0.01 sys=0.00, real=0.00 secs] 
2019-01-01T19:16:40.993+0900: 94447.569: [GC (Allocation Failure) [PSYoungGen: 60736K->320K(60928K)] 81238K->20838K(369664K), 0.0022861 secs] [Times: user=0.01 sys=0.01, real=0.01 secs] 
2019-01-01T19:17:28.842+0900: 94495.418: [GC (Allocation Failure) [PSYoungGen: 60736K->320K(60928K)] 81254K->20838K(369664K), 0.0030934 secs] [Times: user=0.01 sys=0.00, real=0.01 secs] 
2019-01-01T19:18:16.664+0900: 94543.240: [GC (Allocation Failure) [PSYoungGen: 60736K->320K(60928K)] 81254K->20838K(369664K), 0.0028355 secs] [Times: user=0.01 sys=0.00, real=0.00 secs] 
2019-01-01T19:19:04.229+0900: 94590.805: [GC (Allocation Failure) [PSYoungGen: 60736K->320K(60928K)] 81254K->20838K(369664K), 0.0023687 secs] [Times: user=0.02 sys=0.00, real=0.00 secs] 
2019-01-01T19:19:52.163+0900: 94638.738: [GC (Allocation Failure) [PSYoungGen: 60736K->352K(60928K)] 81254K->20870K(369664K), 0.0028701 secs] [Times: user=0.01 sys=0.00, real=0.01 secs] 
2019-01-01T19:20:39.946+0900: 94686.522: [GC (Allocation Failure) [PSYoungGen: 60768K->320K(60928K)] 81286K->20838K(369664K), 0.0024658 secs] [Times: user=0.01 sys=0.00, real=0.00 secs] 
2019-01-01T19:21:27.472+0900: 94734.048: [GC (Allocation Failure) [PSYoungGen: 60736K->320K(60928K)] 81254K->20838K(369664K), 0.0029505 secs] [Times: user=0.00 sys=0.01, real=0.01 secs] 
2019-01-01T19:22:15.057+0900: 94781.633: [GC (Allocation Failure) [PSYoungGen: 60736K->320K(60928K)] 81254K->20838K(369664K), 0.0027554 secs] [Times: user=0.01 sys=0.00, real=0.00 secs] 
2019-01-01T19:23:02.989+0900: 94829.565: [GC (Allocation Failure) [PSYoungGen: 60736K->320K(60928K)] 81254K->20838K(369664K), 0.0027794 secs] [Times: user=0.01 sys=0.01, real=0.00 secs] 
2019-01-01T19:23:50.351+0900: 94876.927: [GC (Allocation Failure) [PSYoungGen: 60736K->256K(60928K)] 81254K->20774K(369664K), 0.0024057 secs] [Times: user=0.01 sys=0.00, real=0.00 secs] 
2019-01-01T19:24:38.225+0900: 94924.801: [GC (Allocation Failure) [PSYoungGen: 60672K->352K(60928K)] 81190K->20870K(369664K), 0.0028417 secs] [Times: user=0.01 sys=0.00, real=0.00 secs] 
2019-01-01T19:25:25.907+0900: 94972.483: [GC (Allocation Failure) [PSYoungGen: 60768K->320K(60928K)] 81286K->20838K(369664K), 0.0027473 secs] [Times: user=0.01 sys=0.00, real=0.00 secs] 
2019-01-01T19:26:13.850+0900: 95020.426: [GC (Allocation Failure) [PSYoungGen: 60736K->288K(60928K)] 81254K->20806K(369664K), 0.0029028 secs] [Times: user=0.01 sys=0.00, real=0.00 secs] 
2019-01-01T19:27:01.102+0900: 95067.677: [GC (Allocation Failure) [PSYoungGen: 60704K->352K(60928K)] 81222K->20878K(369664K), 0.0025988 secs] [Times: user=0.01 sys=0.00, real=0.01 secs] 
2019-01-01T19:27:49.223+0900: 95115.799: [GC (Allocation Failure) [PSYoungGen: 60768K->320K(60928K)] 81294K->20846K(369664K), 0.0028602 secs] [Times: user=0.01 sys=0.00, real=0.01 secs] 
2019-01-01T19:28:37.035+0900: 95163.611: [GC (Allocation Failure) [PSYoungGen: 60736K->288K(60928K)] 81262K->20814K(369664K), 0.0028735 secs] [Times: user=0.01 sys=0.00, real=0.00 secs] 
2019-01-01T19:29:24.668+0900: 95211.244: [GC (Allocation Failure) [PSYoungGen: 60704K->288K(60928K)] 81230K->20814K(369664K), 0.0025964 secs] [Times: user=0.01 sys=0.00, real=0.00 secs] 
2019-01-01T19:30:12.727+0900: 95259.303: [GC (Allocation Failure) [PSYoungGen: 60704K->288K(60928K)] 81230K->20814K(369664K), 0.0029569 secs] [Times: user=0.01 sys=0.00, real=0.00 secs] 
2019-01-01T19:31:00.047+0900: 95306.623: [GC (Allocation Failure) [PSYoungGen: 60704K->352K(60928K)] 81230K->20878K(369664K), 0.0023436 secs] [Times: user=0.01 sys=0.00, real=0.00 secs] 
2019-01-01T19:31:47.704+0900: 95354.280: [GC (Allocation Failure) [PSYoungGen: 60768K->352K(60928K)] 81294K->20878K(369664K), 0.0025755 secs] [Times: user=0.01 sys=0.00, real=0.00 secs] 
2019-01-01T19:32:35.495+0900: 95402.071: [GC (Allocation Failure) [PSYoungGen: 60768K->352K(60928K)] 81294K->20878K(369664K), 0.0026647 secs] [Times: user=0.01 sys=0.00, real=0.00 secs] 
2019-01-01T19:33:23.389+0900: 95449.965: [GC (Allocation Failure) [PSYoungGen: 60768K->320K(60928K)] 81294K->20846K(369664K), 0.0028950 secs] [Times: user=0.01 sys=0.01, real=0.00 secs] 
2019-01-01T19:34:10.811+0900: 95497.387: [GC (Allocation Failure) [PSYoungGen: 60736K->224K(60928K)] 81262K->20750K(369664K), 0.0027655 secs] [Times: user=0.01 sys=0.00, real=0.00 secs] 
2019-01-01T19:34:58.247+0900: 95544.823: [GC (Allocation Failure) [PSYoungGen: 60640K->256K(60928K)] 81166K->20782K(369664K), 0.0027634 secs] [Times: user=0.01 sys=0.00, real=0.00 secs] 
2019-01-01T19:35:46.094+0900: 95592.669: [GC (Allocation Failure) [PSYoungGen: 60672K->288K(60928K)] 81198K->20814K(369664K), 0.0028248 secs] [Times: user=0.01 sys=0.01, real=0.01 secs] 
2019-01-01T19:36:33.854+0900: 95640.430: [GC (Allocation Failure) [PSYoungGen: 60704K->320K(60928K)] 81230K->20846K(369664K), 0.0027886 secs] [Times: user=0.01 sys=0.00, real=0.00 secs] 
2019-01-01T19:37:21.614+0900: 95688.190: [GC (Allocation Failure) [PSYoungGen: 60736K->352K(60928K)] 81262K->20878K(369664K), 0.0028600 secs] [Times: user=0.01 sys=0.00, real=0.00 secs] 
2019-01-01T19:38:09.428+0900: 95736.004: [GC (Allocation Failure) [PSYoungGen: 60768K->288K(60928K)] 81294K->20814K(369664K), 0.0025853 secs] [Times: user=0.01 sys=0.00, real=0.00 secs] 
2019-01-01T19:38:56.994+0900: 95783.570: [GC (Allocation Failure) [PSYoungGen: 60704K->352K(60928K)] 81230K->20878K(369664K), 0.0028176 secs] [Times: user=0.01 sys=0.00, real=0.00 secs] 
2019-01-01T19:39:44.732+0900: 95831.308: [GC (Allocation Failure) [PSYoungGen: 60768K->320K(60928K)] 81294K->20846K(369664K), 0.0030298 secs] [Times: user=0.01 sys=0.00, real=0.01 secs] 
2019-01-01T19:40:32.749+0900: 95879.325: [GC (Allocation Failure) [PSYoungGen: 60736K->320K(60928K)] 81262K->20846K(369664K), 0.0027566 secs] [Times: user=0.01 sys=0.01, real=0.00 secs] 
2019-01-01T19:41:20.559+0900: 95927.135: [GC (Allocation Failure) [PSYoungGen: 60736K->320K(60928K)] 81262K->20846K(369664K), 0.0029960 secs] [Times: user=0.01 sys=0.00, real=0.00 secs] 
2019-01-01T19:42:08.483+0900: 95975.059: [GC (Allocation Failure) [PSYoungGen: 60736K->352K(60928K)] 81262K->20886K(369664K), 0.0024516 secs] [Times: user=0.01 sys=0.00, real=0.01 secs] 
2019-01-01T19:42:55.984+0900: 96022.560: [GC (Allocation Failure) [PSYoungGen: 60768K->320K(60928K)] 81302K->20854K(369664K), 0.0024375 secs] [Times: user=0.01 sys=0.00, real=0.00 secs] 
2019-01-01T19:43:43.602+0900: 96070.178: [GC (Allocation Failure) [PSYoungGen: 60736K->320K(60928K)] 81270K->20854K(369664K), 0.0027486 secs] [Times: user=0.01 sys=0.01, real=0.01 secs] 
2019-01-01T19:44:31.380+0900: 96117.956: [GC (Allocation Failure) [PSYoungGen: 60736K->352K(60928K)] 81270K->20910K(369664K), 0.0027791 secs] [Times: user=0.01 sys=0.00, real=0.00 secs] 
2019-01-01T19:45:19.151+0900: 96165.727: [GC (Allocation Failure) [PSYoungGen: 60768K->288K(60928K)] 81326K->20846K(369664K), 0.0025726 secs] [Times: user=0.01 sys=0.00, real=0.01 secs] 
2019-01-01T19:46:07.107+0900: 96213.682: [GC (Allocation Failure) [PSYoungGen: 60704K->352K(60928K)] 81262K->20918K(369664K), 0.0030020 secs] [Times: user=0.02 sys=0.00, real=0.00 secs] 
2019-01-01T19:46:54.873+0900: 96261.448: [GC (Allocation Failure) [PSYoungGen: 60768K->320K(60928K)] 81334K->20886K(369664K), 0.0029020 secs] [Times: user=0.02 sys=0.00, real=0.01 secs] 
2019-01-01T19:47:42.541+0900: 96309.117: [GC (Allocation Failure) [PSYoungGen: 60736K->256K(60928K)] 81302K->20822K(369664K), 0.0028091 secs] [Times: user=0.01 sys=0.00, real=0.01 secs] 
2019-01-01T19:48:30.254+0900: 96356.830: [GC (Allocation Failure) [PSYoungGen: 60672K->320K(60928K)] 81238K->20886K(369664K), 0.0027754 secs] [Times: user=0.01 sys=0.00, real=0.00 secs] 
2019-01-01T19:49:17.799+0900: 96404.375: [GC (Allocation Failure) [PSYoungGen: 60736K->320K(60928K)] 81302K->20886K(369664K), 0.0029655 secs] [Times: user=0.01 sys=0.00, real=0.00 secs] 
2019-01-01T19:50:05.631+0900: 96452.207: [GC (Allocation Failure) [PSYoungGen: 60736K->256K(60928K)] 81302K->20822K(369664K), 0.0027264 secs] [Times: user=0.01 sys=0.00, real=0.01 secs] 
2019-01-01T19:50:53.071+0900: 96499.647: [GC (Allocation Failure) [PSYoungGen: 60672K->352K(60928K)] 81238K->20918K(369664K), 0.0029502 secs] [Times: user=0.01 sys=0.00, real=0.01 secs] 
2019-01-01T19:51:40.601+0900: 96547.177: [GC (Allocation Failure) [PSYoungGen: 60768K->352K(60928K)] 81334K->20918K(369664K), 0.0030416 secs] [Times: user=0.01 sys=0.00, real=0.01 secs] 
2019-01-01T19:52:28.195+0900: 96594.771: [GC (Allocation Failure) [PSYoungGen: 60768K->320K(60928K)] 81334K->20886K(369664K), 0.0030681 secs] [Times: user=0.01 sys=0.00, real=0.00 secs] 
2019-01-01T19:53:16.279+0900: 96642.855: [GC (Allocation Failure) [PSYoungGen: 60736K->320K(60928K)] 81302K->20886K(369664K), 0.0027310 secs] [Times: user=0.01 sys=0.00, real=0.00 secs] 
2019-01-01T19:54:03.578+0900: 96690.154: [GC (Allocation Failure) [PSYoungGen: 60736K->224K(60928K)] 81302K->20790K(369664K), 0.0028581 secs] [Times: user=0.01 sys=0.01, real=0.00 secs] 
2019-01-01T19:54:50.937+0900: 96737.513: [GC (Allocation Failure) [PSYoungGen: 60640K->320K(60928K)] 81206K->20894K(369664K), 0.0029425 secs] [Times: user=0.01 sys=0.00, real=0.00 secs] 
2019-01-01T19:55:38.957+0900: 96785.533: [GC (Allocation Failure) [PSYoungGen: 60736K->352K(60928K)] 81310K->20934K(369664K), 0.0027425 secs] [Times: user=0.01 sys=0.00, real=0.00 secs] 
2019-01-01T19:56:26.643+0900: 96833.219: [GC (Allocation Failure) [PSYoungGen: 60768K->320K(60928K)] 81350K->20902K(369664K), 0.0030689 secs] [Times: user=0.01 sys=0.00, real=0.01 secs] 
2019-01-01T19:57:14.357+0900: 96880.933: [GC (Allocation Failure) [PSYoungGen: 60736K->320K(60928K)] 81318K->20902K(369664K), 0.0025511 secs] [Times: user=0.01 sys=0.00, real=0.00 secs] 
2019-01-01T19:58:01.672+0900: 96928.247: [GC (Allocation Failure) [PSYoungGen: 60736K->224K(60928K)] 81318K->20806K(369664K), 0.0023385 secs] [Times: user=0.01 sys=0.00, real=0.01 secs] 
2019-01-01T19:58:49.252+0900: 96975.828: [GC (Allocation Failure) [PSYoungGen: 60640K->320K(60928K)] 81222K->20902K(369664K), 0.0024236 secs] [Times: user=0.01 sys=0.00, real=0.01 secs] 
2019-01-01T19:59:36.923+0900: 97023.499: [GC (Allocation Failure) [PSYoungGen: 60736K->320K(60928K)] 81318K->20918K(369664K), 0.0028548 secs] [Times: user=0.01 sys=0.00, real=0.01 secs] 
2019-01-01T20:00:24.575+0900: 97071.151: [GC (Allocation Failure) [PSYoungGen: 60736K->320K(60928K)] 81334K->20918K(369664K), 0.0025155 secs] [Times: user=0.01 sys=0.00, real=0.00 secs] 
2019-01-01T20:01:12.295+0900: 97118.871: [GC (Allocation Failure) [PSYoungGen: 60736K->352K(60928K)] 81334K->20950K(369664K), 0.0029409 secs] [Times: user=0.01 sys=0.00, real=0.00 secs] 
2019-01-01T20:01:59.831+0900: 97166.407: [GC (Allocation Failure) [PSYoungGen: 60768K->224K(60928K)] 81366K->20822K(369664K), 0.0028490 secs] [Times: user=0.01 sys=0.00, real=0.01 secs] 
2019-01-01T20:02:47.649+0900: 97214.225: [GC (Allocation Failure) [PSYoungGen: 60640K->320K(60928K)] 81238K->20918K(369664K), 0.0024016 secs] [Times: user=0.00 sys=0.01, real=0.00 secs] 
2019-01-01T20:03:35.069+0900: 97261.645: [GC (Allocation Failure) [PSYoungGen: 60736K->352K(60928K)] 81334K->20950K(369664K), 0.0028289 secs] [Times: user=0.01 sys=0.00, real=0.00 secs] 
2019-01-01T20:04:22.695+0900: 97309.271: [GC (Allocation Failure) [PSYoungGen: 60768K->288K(60928K)] 81366K->20886K(369664K), 0.0023801 secs] [Times: user=0.01 sys=0.00, real=0.00 secs] 
2019-01-01T20:05:10.508+0900: 97357.084: [GC (Allocation Failure) [PSYoungGen: 60704K->320K(60928K)] 81302K->20926K(369664K), 0.0023907 secs] [Times: user=0.01 sys=0.00, real=0.00 secs] 
2019-01-01T20:05:58.418+0900: 97404.994: [GC (Allocation Failure) [PSYoungGen: 60736K->320K(60928K)] 81342K->20926K(369664K), 0.0024174 secs] [Times: user=0.01 sys=0.00, real=0.00 secs] 
2019-01-01T20:06:46.355+0900: 97452.931: [GC (Allocation Failure) [PSYoungGen: 60736K->352K(60928K)] 81342K->20958K(369664K), 0.0023803 secs] [Times: user=0.01 sys=0.00, real=0.00 secs] 
2019-01-01T20:07:33.802+0900: 97500.378: [GC (Allocation Failure) [PSYoungGen: 60768K->352K(60928K)] 81374K->20958K(369664K), 0.0027927 secs] [Times: user=0.01 sys=0.00, real=0.01 secs] 
2019-01-01T20:08:21.403+0900: 97547.979: [GC (Allocation Failure) [PSYoungGen: 60768K->320K(60928K)] 81374K->20926K(369664K), 0.0025870 secs] [Times: user=0.01 sys=0.00, real=0.01 secs] 
2019-01-01T20:09:09.178+0900: 97595.754: [GC (Allocation Failure) [PSYoungGen: 60736K->320K(60928K)] 81342K->20926K(369664K), 0.0031487 secs] [Times: user=0.00 sys=0.01, real=0.00 secs] 
2019-01-01T20:09:56.697+0900: 97643.273: [GC (Allocation Failure) [PSYoungGen: 60736K->352K(60928K)] 81342K->20958K(369664K), 0.0028554 secs] [Times: user=0.01 sys=0.00, real=0.00 secs] 
2019-01-01T20:10:44.551+0900: 97691.126: [GC (Allocation Failure) [PSYoungGen: 60768K->288K(60928K)] 81374K->20894K(369664K), 0.0028022 secs] [Times: user=0.01 sys=0.00, real=0.00 secs] 
2019-01-01T20:11:32.386+0900: 97738.962: [GC (Allocation Failure) [PSYoungGen: 60704K->320K(60928K)] 81310K->20926K(369664K), 0.0024012 secs] [Times: user=0.01 sys=0.00, real=0.00 secs] 
2019-01-01T20:12:19.937+0900: 97786.513: [GC (Allocation Failure) [PSYoungGen: 60736K->256K(60928K)] 81342K->20862K(369664K), 0.0023427 secs] [Times: user=0.01 sys=0.00, real=0.00 secs] 
2019-01-01T20:13:07.730+0900: 97834.306: [GC (Allocation Failure) [PSYoungGen: 60672K->320K(60928K)] 81278K->20926K(369664K), 0.0023079 secs] [Times: user=0.01 sys=0.00, real=0.00 secs] 
2019-01-01T20:13:55.388+0900: 97881.964: [GC (Allocation Failure) [PSYoungGen: 60736K->288K(60928K)] 81342K->20894K(369664K), 0.0026383 secs] [Times: user=0.01 sys=0.00, real=0.00 secs] 
2019-01-01T20:14:43.222+0900: 97929.798: [GC (Allocation Failure) [PSYoungGen: 60704K->320K(60928K)] 81310K->20934K(369664K), 0.0029041 secs] [Times: user=0.01 sys=0.00, real=0.01 secs] 
2019-01-01T20:15:30.895+0900: 97977.471: [GC (Allocation Failure) [PSYoungGen: 60736K->320K(60928K)] 81350K->20934K(369664K), 0.0024798 secs] [Times: user=0.01 sys=0.00, real=0.00 secs] 
2019-01-01T20:16:18.625+0900: 98025.201: [GC (Allocation Failure) [PSYoungGen: 60736K->320K(60928K)] 81350K->20942K(369664K), 0.0031422 secs] [Times: user=0.01 sys=0.00, real=0.00 secs] 
2019-01-01T20:17:06.056+0900: 98072.632: [GC (Allocation Failure) [PSYoungGen: 60736K->320K(60928K)] 81358K->20942K(369664K), 0.0025986 secs] [Times: user=0.01 sys=0.00, real=0.00 secs] 
2019-01-01T20:17:53.747+0900: 98120.323: [GC (Allocation Failure) [PSYoungGen: 60736K->288K(60928K)] 81358K->20910K(369664K), 0.0029462 secs] [Times: user=0.02 sys=0.00, real=0.00 secs] 
2019-01-01T20:18:41.523+0900: 98168.099: [GC (Allocation Failure) [PSYoungGen: 60704K->224K(60928K)] 81326K->20846K(369664K), 0.0028040 secs] [Times: user=0.01 sys=0.01, real=0.01 secs] 
2019-01-01T20:19:29.474+0900: 98216.049: [GC (Allocation Failure) [PSYoungGen: 60640K->320K(60928K)] 81262K->20942K(369664K), 0.0028867 secs] [Times: user=0.01 sys=0.00, real=0.01 secs] 
2019-01-01T20:20:16.924+0900: 98263.500: [GC (Allocation Failure) [PSYoungGen: 60736K->256K(60928K)] 81358K->20886K(369664K), 0.0028810 secs] [Times: user=0.01 sys=0.00, real=0.01 secs] 
2019-01-01T20:21:04.557+0900: 98311.133: [GC (Allocation Failure) [PSYoungGen: 60672K->288K(60928K)] 81302K->20926K(369664K), 0.0027474 secs] [Times: user=0.01 sys=0.00, real=0.00 secs] 
2019-01-01T20:21:52.227+0900: 98358.803: [GC (Allocation Failure) [PSYoungGen: 60704K->320K(60928K)] 81342K->20958K(369664K), 0.0027887 secs] [Times: user=0.01 sys=0.00, real=0.00 secs] 
2019-01-01T20:22:40.421+0900: 98406.997: [GC (Allocation Failure) [PSYoungGen: 60736K->352K(60928K)] 81374K->20990K(369664K), 0.0024988 secs] [Times: user=0.01 sys=0.00, real=0.01 secs] 
2019-01-01T20:23:28.103+0900: 98454.679: [GC (Allocation Failure) [PSYoungGen: 60768K->352K(60928K)] 81406K->20990K(369664K), 0.0029093 secs] [Times: user=0.01 sys=0.00, real=0.01 secs] 
2019-01-01T20:24:15.801+0900: 98502.377: [GC (Allocation Failure) [PSYoungGen: 60768K->320K(60928K)] 81406K->20958K(369664K), 0.0025149 secs] [Times: user=0.02 sys=0.00, real=0.00 secs] 
2019-01-01T20:25:03.136+0900: 98549.712: [GC (Allocation Failure) [PSYoungGen: 60736K->288K(60928K)] 81374K->20926K(369664K), 0.0024331 secs] [Times: user=0.01 sys=0.00, real=0.00 secs] 
2019-01-01T20:25:50.767+0900: 98597.343: [GC (Allocation Failure) [PSYoungGen: 60704K->352K(60928K)] 81342K->20990K(369664K), 0.0023586 secs] [Times: user=0.01 sys=0.00, real=0.00 secs] 
2019-01-01T20:26:38.564+0900: 98645.140: [GC (Allocation Failure) [PSYoungGen: 60768K->288K(60928K)] 81406K->20926K(369664K), 0.0029176 secs] [Times: user=0.01 sys=0.00, real=0.00 secs] 
2019-01-01T20:27:26.605+0900: 98693.181: [GC (Allocation Failure) [PSYoungGen: 60704K->320K(60928K)] 81342K->20958K(369664K), 0.0027092 secs] [Times: user=0.01 sys=0.00, real=0.00 secs] 
2019-01-01T20:28:13.873+0900: 98740.449: [GC (Allocation Failure) [PSYoungGen: 60736K->352K(60928K)] 81374K->20990K(369664K), 0.0030907 secs] [Times: user=0.01 sys=0.00, real=0.01 secs] 
2019-01-01T20:29:01.793+0900: 98788.369: [GC (Allocation Failure) [PSYoungGen: 60768K->320K(60928K)] 81406K->20958K(369664K), 0.0029808 secs] [Times: user=0.01 sys=0.00, real=0.01 secs] 
2019-01-01T20:29:49.254+0900: 98835.830: [GC (Allocation Failure) [PSYoungGen: 60736K->352K(60928K)] 81374K->20998K(369664K), 0.0030285 secs] [Times: user=0.01 sys=0.01, real=0.00 secs] 
2019-01-01T20:30:36.866+0900: 98883.442: [GC (Allocation Failure) [PSYoungGen: 60768K->288K(60928K)] 81414K->20934K(369664K), 0.0028868 secs] [Times: user=0.02 sys=0.00, real=0.00 secs] 
2019-01-01T20:31:24.633+0900: 98931.209: [GC (Allocation Failure) [PSYoungGen: 60704K->288K(60928K)] 81350K->20934K(369664K), 0.0026234 secs] [Times: user=0.01 sys=0.00, real=0.01 secs] 
2019-01-01T20:32:12.111+0900: 98978.687: [GC (Allocation Failure) [PSYoungGen: 60704K->320K(60928K)] 81350K->20966K(369664K), 0.0027559 secs] [Times: user=0.01 sys=0.00, real=0.00 secs] 
2019-01-01T20:32:59.625+0900: 99026.201: [GC (Allocation Failure) [PSYoungGen: 60736K->320K(60928K)] 81382K->20966K(369664K), 0.0028885 secs] [Times: user=0.01 sys=0.00, real=0.00 secs] 
2019-01-01T20:33:47.258+0900: 99073.834: [GC (Allocation Failure) [PSYoungGen: 60736K->288K(60928K)] 81382K->20942K(369664K), 0.0028386 secs] [Times: user=0.01 sys=0.00, real=0.00 secs] 
2019-01-01T20:34:35.409+0900: 99121.985: [GC (Allocation Failure) [PSYoungGen: 60704K->352K(60928K)] 81358K->21006K(369664K), 0.0023681 secs] [Times: user=0.01 sys=0.00, real=0.00 secs] 
2019-01-01T20:35:23.276+0900: 99169.852: [GC (Allocation Failure) [PSYoungGen: 60768K->352K(60928K)] 81422K->21006K(369664K), 0.0028631 secs] [Times: user=0.01 sys=0.00, real=0.00 secs] 
2019-01-01T20:36:10.793+0900: 99217.369: [GC (Allocation Failure) [PSYoungGen: 60768K->288K(60928K)] 81422K->20942K(369664K), 0.0030069 secs] [Times: user=0.01 sys=0.00, real=0.01 secs] 
2019-01-01T20:36:58.669+0900: 99265.245: [GC (Allocation Failure) [PSYoungGen: 60704K->352K(60928K)] 81358K->21006K(369664K), 0.0028148 secs] [Times: user=0.01 sys=0.00, real=0.00 secs] 
2019-01-01T20:37:46.553+0900: 99313.129: [GC (Allocation Failure) [PSYoungGen: 60768K->320K(60928K)] 81422K->20974K(369664K), 0.0027280 secs] [Times: user=0.01 sys=0.00, real=0.01 secs] 
2019-01-01T20:38:34.366+0900: 99360.942: [GC (Allocation Failure) [PSYoungGen: 60736K->352K(60928K)] 81390K->21006K(369664K), 0.0025077 secs] [Times: user=0.01 sys=0.00, real=0.00 secs] 
2019-01-01T20:39:21.933+0900: 99408.509: [GC (Allocation Failure) [PSYoungGen: 60768K->224K(60928K)] 81422K->20878K(369664K), 0.0026956 secs] [Times: user=0.01 sys=0.00, real=0.01 secs] 
2019-01-01T20:40:09.740+0900: 99456.316: [GC (Allocation Failure) [PSYoungGen: 60640K->224K(60928K)] 81294K->20878K(369664K), 0.0030205 secs] [Times: user=0.01 sys=0.00, real=0.00 secs] 
2019-01-01T20:40:57.936+0900: 99504.512: [GC (Allocation Failure) [PSYoungGen: 60640K->320K(60928K)] 81294K->20974K(369664K), 0.0027501 secs] [Times: user=0.01 sys=0.00, real=0.00 secs] 
2019-01-01T20:41:45.800+0900: 99552.375: [GC (Allocation Failure) [PSYoungGen: 60736K->288K(60928K)] 81390K->20950K(369664K), 0.0028558 secs] [Times: user=0.01 sys=0.00, real=0.00 secs] 
2019-01-01T20:42:33.322+0900: 99599.898: [GC (Allocation Failure) [PSYoungGen: 60704K->320K(60928K)] 81366K->20982K(369664K), 0.0023565 secs] [Times: user=0.01 sys=0.01, real=0.01 secs] 
2019-01-01T20:43:20.776+0900: 99647.352: [GC (Allocation Failure) [PSYoungGen: 60736K->288K(60928K)] 81398K->20950K(369664K), 0.0022738 secs] [Times: user=0.01 sys=0.00, real=0.00 secs] 
2019-01-01T20:44:08.703+0900: 99695.279: [GC (Allocation Failure) [PSYoungGen: 60704K->320K(60928K)] 81366K->20982K(369664K), 0.0028870 secs] [Times: user=0.01 sys=0.00, real=0.01 secs] 
2019-01-01T20:44:56.083+0900: 99742.659: [GC (Allocation Failure) [PSYoungGen: 60736K->224K(60928K)] 81398K->20894K(369664K), 0.0024770 secs] [Times: user=0.02 sys=0.00, real=0.01 secs] 
2019-01-01T20:45:43.889+0900: 99790.465: [GC (Allocation Failure) [PSYoungGen: 60640K->288K(60928K)] 81310K->20966K(369664K), 0.0027559 secs] [Times: user=0.01 sys=0.00, real=0.00 secs] 
2019-01-01T20:46:31.782+0900: 99838.358: [GC (Allocation Failure) [PSYoungGen: 60704K->288K(60928K)] 81382K->20974K(369664K), 0.0023958 secs] [Times: user=0.01 sys=0.00, real=0.01 secs] 
2019-01-01T20:47:19.501+0900: 99886.077: [GC (Allocation Failure) [PSYoungGen: 60704K->288K(60928K)] 81390K->20974K(369664K), 0.0028274 secs] [Times: user=0.01 sys=0.00, real=0.01 secs] 
2019-01-01T20:48:07.024+0900: 99933.600: [GC (Allocation Failure) [PSYoungGen: 60704K->256K(60928K)] 81390K->20966K(369664K), 0.0028964 secs] [Times: user=0.01 sys=0.00, real=0.00 secs] 
2019-01-01T20:48:54.882+0900: 99981.458: [GC (Allocation Failure) [PSYoungGen: 60672K->288K(60928K)] 81382K->20998K(369664K), 0.0031874 secs] [Times: user=0.00 sys=0.00, real=0.01 secs] 
2019-01-01T20:49:42.798+0900: 100029.374: [GC (Allocation Failure) [PSYoungGen: 60704K->320K(60928K)] 81414K->21030K(369664K), 0.0025084 secs] [Times: user=0.01 sys=0.00, real=0.00 secs] 
2019-01-01T20:50:30.269+0900: 100076.844: [GC (Allocation Failure) [PSYoungGen: 60736K->352K(60928K)] 81446K->21062K(369664K), 0.0026632 secs] [Times: user=0.01 sys=0.00, real=0.00 secs] 
2019-01-01T20:51:18.463+0900: 100125.039: [GC (Allocation Failure) [PSYoungGen: 60768K->352K(60928K)] 81478K->21062K(369664K), 0.0024678 secs] [Times: user=0.01 sys=0.00, real=0.01 secs] 
2019-01-01T20:52:06.278+0900: 100172.854: [GC (Allocation Failure) [PSYoungGen: 60768K->256K(60928K)] 81478K->20966K(369664K), 0.0027294 secs] [Times: user=0.01 sys=0.01, real=0.00 secs] 
2019-01-01T20:52:53.840+0900: 100220.416: [GC (Allocation Failure) [PSYoungGen: 60672K->320K(60928K)] 81382K->21030K(369664K), 0.0029001 secs] [Times: user=0.01 sys=0.00, real=0.00 secs] 
2019-01-01T20:53:41.494+0900: 100268.070: [GC (Allocation Failure) [PSYoungGen: 60736K->320K(60928K)] 81446K->21030K(369664K), 0.0029740 secs] [Times: user=0.01 sys=0.01, real=0.00 secs] 
2019-01-01T20:54:29.482+0900: 100316.058: [GC (Allocation Failure) [PSYoungGen: 60736K->224K(60928K)] 81446K->20934K(369664K), 0.0026461 secs] [Times: user=0.01 sys=0.00, real=0.01 secs] 
2019-01-01T20:55:17.381+0900: 100363.957: [GC (Allocation Failure) [PSYoungGen: 60640K->320K(60928K)] 81350K->21030K(369664K), 0.0026544 secs] [Times: user=0.01 sys=0.00, real=0.01 secs] 
2019-01-01T20:56:04.600+0900: 100411.176: [GC (Allocation Failure) [PSYoungGen: 60736K->224K(60928K)] 81446K->20934K(369664K), 0.0028455 secs] [Times: user=0.01 sys=0.00, real=0.00 secs] 
2019-01-01T20:56:52.242+0900: 100458.818: [GC (Allocation Failure) [PSYoungGen: 60640K->288K(60928K)] 81350K->20998K(369664K), 0.0024216 secs] [Times: user=0.00 sys=0.01, real=0.01 secs] 
2019-01-01T20:57:39.976+0900: 100506.552: [GC (Allocation Failure) [PSYoungGen: 60704K->288K(60928K)] 81414K->21014K(369664K), 0.0027906 secs] [Times: user=0.02 sys=0.00, real=0.00 secs] 
2019-01-01T20:58:27.348+0900: 100553.924: [GC (Allocation Failure) [PSYoungGen: 60704K->288K(60928K)] 81430K->21014K(369664K), 0.0028338 secs] [Times: user=0.01 sys=0.00, real=0.00 secs] 
2019-01-01T20:59:15.178+0900: 100601.754: [GC (Allocation Failure) [PSYoungGen: 60704K->288K(60928K)] 81430K->21062K(369664K), 0.0025245 secs] [Times: user=0.01 sys=0.00, real=0.00 secs] 
2019-01-01T21:00:03.042+0900: 100649.618: [GC (Allocation Failure) [PSYoungGen: 60704K->288K(60928K)] 81478K->21062K(369664K), 0.0023774 secs] [Times: user=0.01 sys=0.00, real=0.01 secs] 
2019-01-01T21:00:50.737+0900: 100697.313: [GC (Allocation Failure) [PSYoungGen: 60704K->288K(60928K)] 81478K->21062K(369664K), 0.0029564 secs] [Times: user=0.01 sys=0.00, real=0.00 secs] 
2019-01-01T21:01:38.702+0900: 100745.278: [GC (Allocation Failure) [PSYoungGen: 60704K->320K(60928K)] 81478K->21094K(369664K), 0.0028094 secs] [Times: user=0.01 sys=0.00, real=0.01 secs] 
2019-01-01T21:02:26.129+0900: 100792.705: [GC (Allocation Failure) [PSYoungGen: 60736K->320K(60928K)] 81510K->21094K(369664K), 0.0025900 secs] [Times: user=0.01 sys=0.00, real=0.00 secs] 
2019-01-01T21:03:13.740+0900: 100840.315: [GC (Allocation Failure) [PSYoungGen: 60736K->256K(60928K)] 81510K->21030K(369664K), 0.0024375 secs] [Times: user=0.01 sys=0.01, real=0.00 secs] 
2019-01-01T21:04:01.509+0900: 100888.085: [GC (Allocation Failure) [PSYoungGen: 60672K->256K(60928K)] 81446K->21030K(369664K), 0.0025160 secs] [Times: user=0.02 sys=0.00, real=0.00 secs] 
2019-01-01T21:04:49.089+0900: 100935.665: [GC (Allocation Failure) [PSYoungGen: 60672K->352K(60928K)] 81446K->21126K(369664K), 0.0028715 secs] [Times: user=0.02 sys=0.00, real=0.00 secs] 
2019-01-01T21:05:36.929+0900: 100983.505: [GC (Allocation Failure) [PSYoungGen: 60768K->288K(60928K)] 81542K->21062K(369664K), 0.0029199 secs] [Times: user=0.01 sys=0.00, real=0.00 secs] 
2019-01-01T21:06:24.491+0900: 101031.067: [GC (Allocation Failure) [PSYoungGen: 60704K->288K(60928K)] 81478K->21062K(369664K), 0.0027806 secs] [Times: user=0.00 sys=0.01, real=0.01 secs] 
2019-01-01T21:07:12.276+0900: 101078.852: [GC (Allocation Failure) [PSYoungGen: 60704K->352K(60928K)] 81478K->21126K(369664K), 0.0024457 secs] [Times: user=0.01 sys=0.00, real=0.00 secs] 
2019-01-01T21:08:00.152+0900: 101126.728: [GC (Allocation Failure) [PSYoungGen: 60768K->256K(60928K)] 81542K->21030K(369664K), 0.0030041 secs] [Times: user=0.01 sys=0.00, real=0.01 secs] 
2019-01-01T21:08:47.650+0900: 101174.226: [GC (Allocation Failure) [PSYoungGen: 60672K->288K(60928K)] 81446K->21062K(369664K), 0.0027411 secs] [Times: user=0.01 sys=0.00, real=0.00 secs] 
2019-01-01T21:09:35.582+0900: 101222.158: [GC (Allocation Failure) [PSYoungGen: 60704K->288K(60928K)] 81478K->21062K(369664K), 0.0034068 secs] [Times: user=0.01 sys=0.00, real=0.01 secs] 
2019-01-01T21:10:23.410+0900: 101269.986: [GC (Allocation Failure) [PSYoungGen: 60704K->352K(60928K)] 81478K->21126K(369664K), 0.0028748 secs] [Times: user=0.01 sys=0.00, real=0.00 secs] 
2019-01-01T21:11:11.219+0900: 101317.795: [GC (Allocation Failure) [PSYoungGen: 60768K->320K(60928K)] 81542K->21102K(369664K), 0.0028155 secs] [Times: user=0.01 sys=0.00, real=0.00 secs] 
2019-01-01T21:11:59.221+0900: 101365.797: [GC (Allocation Failure) [PSYoungGen: 60736K->320K(60928K)] 81518K->21118K(369664K), 0.0030242 secs] [Times: user=0.01 sys=0.00, real=0.01 secs] 
2019-01-01T21:12:47.011+0900: 101413.587: [GC (Allocation Failure) [PSYoungGen: 60736K->320K(60928K)] 81534K->21158K(369664K), 0.0028950 secs] [Times: user=0.01 sys=0.00, real=0.01 secs] 
2019-01-01T21:13:34.774+0900: 101461.350: [GC (Allocation Failure) [PSYoungGen: 60736K->288K(60928K)] 81574K->21126K(369664K), 0.0028292 secs] [Times: user=0.01 sys=0.00, real=0.00 secs] 
2019-01-01T21:14:21.980+0900: 101508.556: [GC (Allocation Failure) [PSYoungGen: 60704K->352K(60928K)] 81542K->21206K(369664K), 0.0026995 secs] [Times: user=0.02 sys=0.00, real=0.00 secs] 
2019-01-01T21:15:09.968+0900: 101556.544: [GC (Allocation Failure) [PSYoungGen: 60768K->320K(60928K)] 81622K->21182K(369664K), 0.0027373 secs] [Times: user=0.01 sys=0.00, real=0.00 secs] 
2019-01-01T21:15:57.371+0900: 101603.947: [GC (Allocation Failure) [PSYoungGen: 60736K->352K(60928K)] 81598K->21238K(369664K), 0.0027834 secs] [Times: user=0.02 sys=0.00, real=0.01 secs] 
2019-01-01T21:16:45.565+0900: 101652.141: [GC (Allocation Failure) [PSYoungGen: 60768K->320K(60928K)] 81654K->21206K(369664K), 0.0026210 secs] [Times: user=0.01 sys=0.00, real=0.00 secs] 
2019-01-01T21:17:33.402+0900: 101699.978: [GC (Allocation Failure) [PSYoungGen: 60736K->288K(60928K)] 81622K->21174K(369664K), 0.0028344 secs] [Times: user=0.01 sys=0.00, real=0.01 secs] 
2019-01-01T21:18:21.033+0900: 101747.609: [GC (Allocation Failure) [PSYoungGen: 60704K->288K(60928K)] 81590K->21174K(369664K), 0.0024508 secs] [Times: user=0.01 sys=0.00, real=0.01 secs] 
2019-01-01T21:19:08.762+0900: 101795.338: [GC (Allocation Failure) [PSYoungGen: 60704K->352K(60928K)] 81590K->21270K(369664K), 0.0027587 secs] [Times: user=0.01 sys=0.00, real=0.01 secs] 
2019-01-01T21:19:56.330+0900: 101842.906: [GC (Allocation Failure) [PSYoungGen: 60768K->256K(60928K)] 81686K->21182K(369664K), 0.0026444 secs] [Times: user=0.01 sys=0.00, real=0.00 secs] 
2019-01-01T21:20:44.530+0900: 101891.106: [GC (Allocation Failure) [PSYoungGen: 60672K->352K(60928K)] 81598K->21302K(369664K), 0.0024583 secs] [Times: user=0.01 sys=0.00, real=0.00 secs] 
2019-01-01T21:21:32.393+0900: 101938.969: [GC (Allocation Failure) [PSYoungGen: 60768K->256K(60928K)] 81718K->21206K(369664K), 0.0028825 secs] [Times: user=0.00 sys=0.00, real=0.01 secs] 
2019-01-01T21:22:19.983+0900: 101986.559: [GC (Allocation Failure) [PSYoungGen: 60672K->352K(60928K)] 81622K->21342K(369664K), 0.0024439 secs] [Times: user=0.01 sys=0.00, real=0.01 secs] 
2019-01-01T21:23:07.783+0900: 102034.359: [GC (Allocation Failure) [PSYoungGen: 60768K->320K(60928K)] 81758K->21310K(369664K), 0.0029678 secs] [Times: user=0.01 sys=0.00, real=0.01 secs] 
2019-01-01T21:23:55.369+0900: 102081.944: [GC (Allocation Failure) [PSYoungGen: 60736K->288K(60928K)] 81726K->21278K(369664K), 0.0028544 secs] [Times: user=0.01 sys=0.01, real=0.00 secs] 
2019-01-01T21:24:42.951+0900: 102129.527: [GC (Allocation Failure) [PSYoungGen: 60704K->288K(60928K)] 81694K->21278K(369664K), 0.0028628 secs] [Times: user=0.02 sys=0.00, real=0.00 secs] 
2019-01-01T21:25:30.774+0900: 102177.350: [GC (Allocation Failure) [PSYoungGen: 60704K->352K(60928K)] 81694K->21342K(369664K), 0.0023534 secs] [Times: user=0.01 sys=0.00, real=0.01 secs] 
2019-01-01T21:26:18.285+0900: 102224.861: [GC (Allocation Failure) [PSYoungGen: 60767K->288K(60928K)] 81757K->21278K(369664K), 0.0024944 secs] [Times: user=0.01 sys=0.00, real=0.00 secs] 
2019-01-01T21:27:06.120+0900: 102272.696: [GC (Allocation Failure) [PSYoungGen: 60704K->352K(60928K)] 81694K->21342K(369664K), 0.0028625 secs] [Times: user=0.00 sys=0.01, real=0.00 secs] 
2019-01-01T21:27:53.327+0900: 102319.902: [GC (Allocation Failure) [PSYoungGen: 60768K->352K(60928K)] 81758K->21342K(369664K), 0.0023464 secs] [Times: user=0.01 sys=0.00, real=0.00 secs] 
2019-01-01T21:28:41.509+0900: 102368.084: [GC (Allocation Failure) [PSYoungGen: 60768K->224K(60928K)] 81758K->21214K(369664K), 0.0026976 secs] [Times: user=0.01 sys=0.00, real=0.00 secs] 
2019-01-01T21:29:29.339+0900: 102415.915: [GC (Allocation Failure) [PSYoungGen: 60640K->320K(60928K)] 81630K->21310K(369664K), 0.0026767 secs] [Times: user=0.01 sys=0.00, real=0.00 secs] 
2019-01-01T21:30:16.893+0900: 102463.468: [GC (Allocation Failure) [PSYoungGen: 60736K->256K(60928K)] 81726K->21246K(369664K), 0.0026480 secs] [Times: user=0.01 sys=0.00, real=0.01 secs] 
2019-01-01T21:31:04.495+0900: 102511.071: [GC (Allocation Failure) [PSYoungGen: 60672K->288K(60928K)] 81662K->21278K(369664K), 0.0029129 secs] [Times: user=0.01 sys=0.00, real=0.00 secs] 
2019-01-01T21:31:52.270+0900: 102558.846: [GC (Allocation Failure) [PSYoungGen: 60704K->288K(60928K)] 81694K->21278K(369664K), 0.0028759 secs] [Times: user=0.00 sys=0.01, real=0.00 secs] 
2019-01-01T21:32:39.810+0900: 102606.386: [GC (Allocation Failure) [PSYoungGen: 60704K->256K(60928K)] 81694K->21246K(369664K), 0.0023660 secs] [Times: user=0.01 sys=0.00, real=0.00 secs] 
2019-01-01T21:33:27.610+0900: 102654.186: [GC (Allocation Failure) [PSYoungGen: 60672K->352K(60928K)] 81662K->21390K(369664K), 0.0024526 secs] [Times: user=0.01 sys=0.00, real=0.00 secs] 
2019-01-01T21:34:14.866+0900: 102701.441: [GC (Allocation Failure) [PSYoungGen: 60768K->352K(60928K)] 81806K->21390K(369664K), 0.0028141 secs] [Times: user=0.01 sys=0.00, real=0.00 secs] 
2019-01-01T21:35:02.448+0900: 102749.024: [GC (Allocation Failure) [PSYoungGen: 60768K->320K(60928K)] 81806K->21366K(369664K), 0.0030160 secs] [Times: user=0.01 sys=0.00, real=0.00 secs] 
2019-01-01T21:35:50.164+0900: 102796.740: [GC (Allocation Failure) [PSYoungGen: 60736K->256K(60928K)] 81782K->21302K(369664K), 0.0024139 secs] [Times: user=0.01 sys=0.00, real=0.00 secs] 
2019-01-01T21:36:37.956+0900: 102844.532: [GC (Allocation Failure) [PSYoungGen: 60672K->320K(60928K)] 81718K->21374K(369664K), 0.0027043 secs] [Times: user=0.01 sys=0.00, real=0.00 secs] 
2019-01-01T21:37:25.627+0900: 102892.203: [GC (Allocation Failure) [PSYoungGen: 60736K->256K(60928K)] 81790K->21310K(369664K), 0.0029834 secs] [Times: user=0.01 sys=0.00, real=0.00 secs] 
2019-01-01T21:38:13.223+0900: 102939.799: [GC (Allocation Failure) [PSYoungGen: 60672K->224K(60928K)] 81726K->21278K(369664K), 0.0026920 secs] [Times: user=0.01 sys=0.00, real=0.01 secs] 
2019-01-01T21:39:00.997+0900: 102987.573: [GC (Allocation Failure) [PSYoungGen: 60640K->320K(60928K)] 81694K->21374K(369664K), 0.0029990 secs] [Times: user=0.01 sys=0.00, real=0.00 secs] 
2019-01-01T21:39:48.852+0900: 103035.428: [GC (Allocation Failure) [PSYoungGen: 60736K->320K(60928K)] 81790K->21374K(369664K), 0.0026694 secs] [Times: user=0.01 sys=0.01, real=0.01 secs] 
2019-01-01T21:40:36.762+0900: 103083.338: [GC (Allocation Failure) [PSYoungGen: 60736K->352K(60928K)] 81790K->21438K(369664K), 0.0027836 secs] [Times: user=0.01 sys=0.00, real=0.01 secs] 
2019-01-01T21:41:24.608+0900: 103131.184: [GC (Allocation Failure) [PSYoungGen: 60768K->224K(60928K)] 81854K->21310K(369664K), 0.0025822 secs] [Times: user=0.01 sys=0.00, real=0.00 secs] 
2019-01-01T21:42:12.224+0900: 103178.800: [GC (Allocation Failure) [PSYoungGen: 60640K->320K(60928K)] 81726K->21406K(369664K), 0.0029362 secs] [Times: user=0.01 sys=0.00, real=0.00 secs] 
2019-01-01T21:42:59.886+0900: 103226.461: [GC (Allocation Failure) [PSYoungGen: 60736K->288K(60928K)] 81822K->21374K(369664K), 0.0029633 secs] [Times: user=0.02 sys=0.00, real=0.00 secs] 
2019-01-01T21:43:47.787+0900: 103274.363: [GC (Allocation Failure) [PSYoungGen: 60704K->352K(60928K)] 81790K->21438K(369664K), 0.0030495 secs] [Times: user=0.01 sys=0.00, real=0.00 secs] 
2019-01-01T21:44:35.496+0900: 103322.072: [GC (Allocation Failure) [PSYoungGen: 60768K->288K(60928K)] 81854K->21382K(369664K), 0.0027921 secs] [Times: user=0.01 sys=0.00, real=0.00 secs] 
2019-01-01T21:45:23.399+0900: 103369.975: [GC (Allocation Failure) [PSYoungGen: 60704K->288K(60928K)] 81798K->21382K(369664K), 0.0027530 secs] [Times: user=0.01 sys=0.00, real=0.00 secs] 
2019-01-01T21:46:10.880+0900: 103417.456: [GC (Allocation Failure) [PSYoungGen: 60704K->352K(60928K)] 81798K->21486K(369664K), 0.0027977 secs] [Times: user=0.01 sys=0.00, real=0.00 secs] 
2019-01-01T21:46:58.805+0900: 103465.381: [GC (Allocation Failure) [PSYoungGen: 60768K->288K(60928K)] 81902K->21446K(369664K), 0.0024338 secs] [Times: user=0.01 sys=0.00, real=0.00 secs] 
2019-01-01T21:47:46.418+0900: 103512.994: [GC (Allocation Failure) [PSYoungGen: 60704K->352K(60928K)] 81862K->21510K(369664K), 0.0023137 secs] [Times: user=0.01 sys=0.00, real=0.00 secs] 
2019-01-01T21:48:34.086+0900: 103560.662: [GC (Allocation Failure) [PSYoungGen: 60768K->256K(60928K)] 81926K->21414K(369664K), 0.0033106 secs] [Times: user=0.02 sys=0.00, real=0.00 secs] 
2019-01-01T21:49:21.964+0900: 103608.540: [GC (Allocation Failure) [PSYoungGen: 60672K->256K(60928K)] 81830K->21414K(369664K), 0.0027969 secs] [Times: user=0.01 sys=0.00, real=0.01 secs] 
2019-01-01T21:50:09.688+0900: 103656.264: [GC (Allocation Failure) [PSYoungGen: 60672K->352K(60928K)] 81830K->21510K(369664K), 0.0030752 secs] [Times: user=0.01 sys=0.00, real=0.00 secs] 
2019-01-01T21:50:57.596+0900: 103704.172: [GC (Allocation Failure) [PSYoungGen: 60768K->320K(60928K)] 81926K->21502K(369664K), 0.0025026 secs] [Times: user=0.01 sys=0.01, real=0.00 secs] 
2019-01-01T21:51:45.122+0900: 103751.698: [GC (Allocation Failure) [PSYoungGen: 60736K->352K(60928K)] 81918K->21534K(369664K), 0.0029214 secs] [Times: user=0.02 sys=0.00, real=0.01 secs] 
2019-01-01T21:52:33.261+0900: 103799.837: [GC (Allocation Failure) [PSYoungGen: 60768K->352K(60928K)] 81950K->21534K(369664K), 0.0026261 secs] [Times: user=0.01 sys=0.00, real=0.01 secs] 
2019-01-01T21:53:20.579+0900: 103847.155: [GC (Allocation Failure) [PSYoungGen: 60768K->320K(60928K)] 81950K->21502K(369664K), 0.0028034 secs] [Times: user=0.01 sys=0.00, real=0.00 secs] 
2019-01-01T21:54:08.651+0900: 103895.227: [GC (Allocation Failure) [PSYoungGen: 60736K->320K(60928K)] 81918K->21542K(369664K), 0.0027762 secs] [Times: user=0.01 sys=0.00, real=0.00 secs] 
2019-01-01T21:54:56.668+0900: 103943.244: [GC (Allocation Failure) [PSYoungGen: 60736K->352K(60928K)] 81958K->21574K(369664K), 0.0026641 secs] [Times: user=0.01 sys=0.00, real=0.00 secs] 
2019-01-01T21:55:44.037+0900: 103990.612: [GC (Allocation Failure) [PSYoungGen: 60768K->288K(60928K)] 81990K->21510K(369664K), 0.0023231 secs] [Times: user=0.01 sys=0.00, real=0.00 secs] 
2019-01-01T21:56:31.782+0900: 104038.358: [GC (Allocation Failure) [PSYoungGen: 60704K->288K(60928K)] 81926K->21510K(369664K), 0.0028685 secs] [Times: user=0.01 sys=0.00, real=0.01 secs] 
2019-01-01T21:57:19.625+0900: 104086.201: [GC (Allocation Failure) [PSYoungGen: 60704K->320K(60928K)] 81926K->21542K(369664K), 0.0024456 secs] [Times: user=0.01 sys=0.00, real=0.00 secs] 
2019-01-01T21:58:07.250+0900: 104133.826: [GC (Allocation Failure) [PSYoungGen: 60736K->352K(60928K)] 81958K->21574K(369664K), 0.0027250 secs] [Times: user=0.01 sys=0.00, real=0.00 secs] 
2019-01-01T21:58:54.824+0900: 104181.400: [GC (Allocation Failure) [PSYoungGen: 60768K->224K(60928K)] 81990K->21446K(369664K), 0.0027898 secs] [Times: user=0.01 sys=0.00, real=0.00 secs] 
2019-01-01T21:59:42.474+0900: 104229.049: [GC (Allocation Failure) [PSYoungGen: 60640K->256K(60928K)] 81862K->21478K(369664K), 0.0030198 secs] [Times: user=0.01 sys=0.01, real=0.01 secs] 
2019-01-01T22:00:30.216+0900: 104276.792: [GC (Allocation Failure) [PSYoungGen: 60672K->320K(60928K)] 81894K->21542K(369664K), 0.0027627 secs] [Times: user=0.01 sys=0.00, real=0.00 secs] 
2019-01-01T22:01:17.712+0900: 104324.288: [GC (Allocation Failure) [PSYoungGen: 60736K->320K(60928K)] 81958K->21542K(369664K), 0.0028886 secs] [Times: user=0.01 sys=0.00, real=0.01 secs] 
2019-01-01T22:02:05.574+0900: 104372.150: [GC (Allocation Failure) [PSYoungGen: 60736K->352K(60928K)] 81958K->21574K(369664K), 0.0024268 secs] [Times: user=0.02 sys=0.00, real=0.00 secs] 
2019-01-01T22:02:52.767+0900: 104419.343: [GC (Allocation Failure) [PSYoungGen: 60768K->288K(60928K)] 81990K->21510K(369664K), 0.0027939 secs] [Times: user=0.01 sys=0.00, real=0.00 secs] 
2019-01-01T22:03:40.494+0900: 104467.070: [GC (Allocation Failure) [PSYoungGen: 60704K->320K(60928K)] 81926K->21550K(369664K), 0.0031116 secs] [Times: user=0.02 sys=0.00, real=0.00 secs] 
2019-01-01T22:04:28.152+0900: 104514.728: [GC (Allocation Failure) [PSYoungGen: 60736K->352K(60928K)] 81966K->21582K(369664K), 0.0024540 secs] [Times: user=0.01 sys=0.00, real=0.01 secs] 
2019-01-01T22:05:16.343+0900: 104562.919: [GC (Allocation Failure) [PSYoungGen: 60768K->288K(60928K)] 81998K->21518K(369664K), 0.0025536 secs] [Times: user=0.00 sys=0.01, real=0.01 secs] 
2019-01-01T22:06:04.189+0900: 104610.764: [GC (Allocation Failure) [PSYoungGen: 60704K->288K(60928K)] 81934K->21518K(369664K), 0.0029506 secs] [Times: user=0.01 sys=0.00, real=0.00 secs] 
2019-01-01T22:06:51.722+0900: 104658.298: [GC (Allocation Failure) [PSYoungGen: 60704K->288K(60928K)] 81934K->21518K(369664K), 0.0026710 secs] [Times: user=0.01 sys=0.00, real=0.01 secs] 
2019-01-01T22:07:39.494+0900: 104706.069: [GC (Allocation Failure) [PSYoungGen: 60704K->288K(60928K)] 81934K->21518K(369664K), 0.0025158 secs] [Times: user=0.01 sys=0.00, real=0.01 secs] 
2019-01-01T22:08:27.420+0900: 104753.995: [GC (Allocation Failure) [PSYoungGen: 60704K->288K(60928K)] 81934K->21518K(369664K), 0.0028013 secs] [Times: user=0.01 sys=0.01, real=0.00 secs] 
2019-01-01T22:09:15.291+0900: 104801.867: [GC (Allocation Failure) [PSYoungGen: 60704K->288K(60928K)] 81934K->21518K(369664K), 0.0026985 secs] [Times: user=0.01 sys=0.00, real=0.01 secs] 
2019-01-01T22:10:03.139+0900: 104849.715: [GC (Allocation Failure) [PSYoungGen: 60704K->320K(60928K)] 81934K->21582K(369664K), 0.0025735 secs] [Times: user=0.02 sys=0.00, real=0.00 secs] 
2019-01-01T22:10:50.665+0900: 104897.241: [GC (Allocation Failure) [PSYoungGen: 60736K->352K(60928K)] 81998K->21614K(369664K), 0.0024623 secs] [Times: user=0.01 sys=0.00, real=0.00 secs] 
2019-01-01T22:11:38.859+0900: 104945.435: [GC (Allocation Failure) [PSYoungGen: 60768K->320K(60928K)] 82030K->21614K(369664K), 0.0026521 secs] [Times: user=0.01 sys=0.00, real=0.00 secs] 
2019-01-01T22:12:26.724+0900: 104993.300: [GC (Allocation Failure) [PSYoungGen: 60736K->352K(60928K)] 82030K->21646K(369664K), 0.0028052 secs] [Times: user=0.01 sys=0.00, real=0.00 secs] 
2019-01-01T22:13:14.238+0900: 105040.814: [GC (Allocation Failure) [PSYoungGen: 60768K->352K(60928K)] 82062K->21646K(369664K), 0.0027835 secs] [Times: user=0.01 sys=0.00, real=0.00 secs] 
2019-01-01T22:14:02.031+0900: 105088.607: [GC (Allocation Failure) [PSYoungGen: 60768K->320K(60928K)] 82062K->21614K(369664K), 0.0030353 secs] [Times: user=0.01 sys=0.00, real=0.01 secs] 
2019-01-01T22:14:49.620+0900: 105136.196: [GC (Allocation Failure) [PSYoungGen: 60736K->352K(60928K)] 82030K->21670K(369664K), 0.0029986 secs] [Times: user=0.01 sys=0.00, real=0.00 secs] 
2019-01-01T22:15:37.260+0900: 105183.836: [GC (Allocation Failure) [PSYoungGen: 60767K->256K(60928K)] 82086K->21574K(369664K), 0.0028410 secs] [Times: user=0.01 sys=0.00, real=0.00 secs] 
2019-01-01T22:16:25.154+0900: 105231.730: [GC (Allocation Failure) [PSYoungGen: 60672K->320K(60928K)] 81990K->21654K(369664K), 0.0028071 secs] [Times: user=0.01 sys=0.01, real=0.00 secs] 
2019-01-01T22:17:13.183+0900: 105279.759: [GC (Allocation Failure) [PSYoungGen: 60736K->320K(60928K)] 82070K->21654K(369664K), 0.0025021 secs] [Times: user=0.02 sys=0.00, real=0.01 secs] 
2019-01-01T22:18:01.148+0900: 105327.724: [GC (Allocation Failure) [PSYoungGen: 60736K->352K(60928K)] 82070K->21726K(369664K), 0.0027034 secs] [Times: user=0.01 sys=0.00, real=0.00 secs] 
2019-01-01T22:18:48.566+0900: 105375.142: [GC (Allocation Failure) [PSYoungGen: 60768K->256K(60928K)] 82142K->21630K(369664K), 0.0028991 secs] [Times: user=0.01 sys=0.00, real=0.00 secs] 
2019-01-01T22:19:36.757+0900: 105423.333: [GC (Allocation Failure) [PSYoungGen: 60672K->320K(60928K)] 82046K->21734K(369664K), 0.0024726 secs] [Times: user=0.01 sys=0.00, real=0.00 secs] 
2019-01-01T22:20:24.523+0900: 105471.099: [GC (Allocation Failure) [PSYoungGen: 60736K->320K(60928K)] 82150K->21734K(369664K), 0.0029515 secs] [Times: user=0.01 sys=0.00, real=0.01 secs] 
2019-01-01T22:21:12.129+0900: 105518.705: [GC (Allocation Failure) [PSYoungGen: 60736K->320K(60928K)] 82150K->21734K(369664K), 0.0028532 secs] [Times: user=0.01 sys=0.00, real=0.00 secs] 
2019-01-01T22:21:59.972+0900: 105566.548: [GC (Allocation Failure) [PSYoungGen: 60736K->288K(60928K)] 82150K->21702K(369664K), 0.0030138 secs] [Times: user=0.01 sys=0.00, real=0.01 secs] 
2019-01-01T22:22:47.548+0900: 105614.124: [GC (Allocation Failure) [PSYoungGen: 60704K->288K(60928K)] 82118K->21742K(369664K), 0.0028684 secs] [Times: user=0.01 sys=0.00, real=0.00 secs] 
2019-01-01T22:23:35.712+0900: 105662.288: [GC (Allocation Failure) [PSYoungGen: 60704K->352K(60928K)] 82158K->21806K(369664K), 0.0028088 secs] [Times: user=0.01 sys=0.00, real=0.01 secs] 
2019-01-01T22:24:23.542+0900: 105710.118: [GC (Allocation Failure) [PSYoungGen: 60768K->256K(60928K)] 82222K->21710K(369664K), 0.0025249 secs] [Times: user=0.01 sys=0.00, real=0.01 secs] 
2019-01-01T22:25:11.242+0900: 105757.818: [GC (Allocation Failure) [PSYoungGen: 60672K->320K(60928K)] 82126K->21774K(369664K), 0.0024888 secs] [Times: user=0.01 sys=0.00, real=0.01 secs] 
2019-01-01T22:25:59.271+0900: 105805.847: [GC (Allocation Failure) [PSYoungGen: 60736K->288K(60928K)] 82190K->21742K(369664K), 0.0024074 secs] [Times: user=0.02 sys=0.00, real=0.01 secs] 
2019-01-01T22:26:46.641+0900: 105853.217: [GC (Allocation Failure) [PSYoungGen: 60704K->288K(60928K)] 82158K->21742K(369664K), 0.0029005 secs] [Times: user=0.01 sys=0.01, real=0.00 secs] 
2019-01-01T22:27:34.655+0900: 105901.231: [GC (Allocation Failure) [PSYoungGen: 60704K->352K(60928K)] 82158K->21806K(369664K), 0.0026440 secs] [Times: user=0.01 sys=0.00, real=0.00 secs] 
2019-01-01T22:28:22.471+0900: 105949.047: [GC (Allocation Failure) [PSYoungGen: 60768K->352K(60928K)] 82222K->21806K(369664K), 0.0027502 secs] [Times: user=0.01 sys=0.00, real=0.00 secs] 
2019-01-01T22:29:10.033+0900: 105996.609: [GC (Allocation Failure) [PSYoungGen: 60768K->320K(60928K)] 82222K->21774K(369664K), 0.0031340 secs] [Times: user=0.00 sys=0.00, real=0.01 secs] 
2019-01-01T22:29:57.692+0900: 106044.268: [GC (Allocation Failure) [PSYoungGen: 60736K->288K(60928K)] 82190K->21742K(369664K), 0.0025606 secs] [Times: user=0.01 sys=0.00, real=0.01 secs] 
2019-01-01T22:30:45.498+0900: 106092.074: [GC (Allocation Failure) [PSYoungGen: 60704K->256K(60928K)] 82158K->21742K(369664K), 0.0030789 secs] [Times: user=0.01 sys=0.00, real=0.00 secs] 
2019-01-01T22:31:33.479+0900: 106140.054: [GC (Allocation Failure) [PSYoungGen: 60672K->288K(60928K)] 82158K->21774K(369664K), 0.0027383 secs] [Times: user=0.01 sys=0.00, real=0.00 secs] 
2019-01-01T22:32:21.184+0900: 106187.760: [GC (Allocation Failure) [PSYoungGen: 60704K->352K(60928K)] 82190K->21838K(369664K), 0.0030248 secs] [Times: user=0.01 sys=0.00, real=0.00 secs] 
2019-01-01T22:33:08.820+0900: 106235.396: [GC (Allocation Failure) [PSYoungGen: 60768K->352K(60928K)] 82254K->21838K(369664K), 0.0031214 secs] [Times: user=0.01 sys=0.01, real=0.00 secs] 
2019-01-01T22:33:56.255+0900: 106282.831: [GC (Allocation Failure) [PSYoungGen: 60768K->288K(60928K)] 82254K->21774K(369664K), 0.0028602 secs] [Times: user=0.01 sys=0.00, real=0.00 secs] 
2019-01-01T22:34:44.262+0900: 106330.838: [GC (Allocation Failure) [PSYoungGen: 60704K->352K(60928K)] 82190K->21838K(369664K), 0.0023369 secs] [Times: user=0.00 sys=0.01, real=0.01 secs] 
2019-01-01T22:35:31.933+0900: 106378.509: [GC (Allocation Failure) [PSYoungGen: 60768K->352K(60928K)] 82254K->21838K(369664K), 0.0023916 secs] [Times: user=0.01 sys=0.00, real=0.01 secs] 
2019-01-01T22:36:19.722+0900: 106426.297: [GC (Allocation Failure) [PSYoungGen: 60768K->320K(60928K)] 82254K->21822K(369664K), 0.0032192 secs] [Times: user=0.01 sys=0.00, real=0.01 secs] 
2019-01-01T22:37:07.819+0900: 106474.395: [GC (Allocation Failure) [PSYoungGen: 60736K->352K(60928K)] 82238K->21854K(369664K), 0.0029603 secs] [Times: user=0.01 sys=0.00, real=0.00 secs] 
2019-01-01T22:37:55.793+0900: 106522.368: [GC (Allocation Failure) [PSYoungGen: 60768K->288K(60928K)] 82270K->21790K(369664K), 0.0024009 secs] [Times: user=0.01 sys=0.00, real=0.01 secs] 
2019-01-01T22:38:43.290+0900: 106569.866: [GC (Allocation Failure) [PSYoungGen: 60704K->352K(60928K)] 82206K->21854K(369664K), 0.0024786 secs] [Times: user=0.01 sys=0.00, real=0.00 secs] 
2019-01-01T22:39:30.836+0900: 106617.412: [GC (Allocation Failure) [PSYoungGen: 60768K->288K(60928K)] 82270K->21790K(369664K), 0.0028430 secs] [Times: user=0.02 sys=0.00, real=0.00 secs] 
2019-01-01T22:40:18.666+0900: 106665.242: [GC (Allocation Failure) [PSYoungGen: 60704K->288K(60928K)] 82206K->21790K(369664K), 0.0027021 secs] [Times: user=0.01 sys=0.00, real=0.00 secs] 
2019-01-01T22:41:06.858+0900: 106713.434: [GC (Allocation Failure) [PSYoungGen: 60704K->320K(60928K)] 82206K->21830K(369664K), 0.0028302 secs] [Times: user=0.01 sys=0.00, real=0.00 secs] 
2019-01-01T22:41:54.809+0900: 106761.385: [GC (Allocation Failure) [PSYoungGen: 60736K->352K(60928K)] 82246K->21862K(369664K), 0.0024013 secs] [Times: user=0.01 sys=0.00, real=0.00 secs] 
2019-01-01T22:42:42.240+0900: 106808.816: [GC (Allocation Failure) [PSYoungGen: 60768K->224K(60928K)] 82278K->21734K(369664K), 0.0025785 secs] [Times: user=0.01 sys=0.00, real=0.00 secs] 
2019-01-01T22:43:30.436+0900: 106857.011: [GC (Allocation Failure) [PSYoungGen: 60640K->352K(60928K)] 82150K->21862K(369664K), 0.0024539 secs] [Times: user=0.01 sys=0.00, real=0.00 secs] 
2019-01-01T22:44:17.655+0900: 106904.231: [GC (Allocation Failure) [PSYoungGen: 60768K->352K(60928K)] 82278K->21862K(369664K), 0.0028075 secs] [Times: user=0.01 sys=0.00, real=0.00 secs] 
2019-01-01T22:45:05.423+0900: 106951.999: [GC (Allocation Failure) [PSYoungGen: 60768K->288K(60928K)] 82278K->21814K(369664K), 0.0026307 secs] [Times: user=0.01 sys=0.00, real=0.01 secs] 
2019-01-01T22:45:53.183+0900: 106999.759: [GC (Allocation Failure) [PSYoungGen: 60704K->320K(60928K)] 82230K->21846K(369664K), 0.0031143 secs] [Times: user=0.02 sys=0.00, real=0.01 secs] 
2019-01-01T22:46:41.187+0900: 107047.763: [GC (Allocation Failure) [PSYoungGen: 60736K->352K(60928K)] 82262K->21886K(369664K), 0.0027367 secs] [Times: user=0.01 sys=0.00, real=0.00 secs] 
2019-01-01T22:47:29.241+0900: 107095.817: [GC (Allocation Failure) [PSYoungGen: 60768K->288K(60928K)] 82302K->21822K(369664K), 0.0029667 secs] [Times: user=0.01 sys=0.00, real=0.01 secs] 
2019-01-01T22:48:16.567+0900: 107143.143: [GC (Allocation Failure) [PSYoungGen: 60704K->320K(60928K)] 82238K->21854K(369664K), 0.0031026 secs] [Times: user=0.01 sys=0.00, real=0.00 secs] 
2019-01-01T22:49:04.645+0900: 107191.221: [GC (Allocation Failure) [PSYoungGen: 60736K->160K(60928K)] 82270K->21694K(369664K), 0.0029660 secs] [Times: user=0.01 sys=0.00, real=0.00 secs] 
2019-01-01T22:49:52.088+0900: 107238.663: [GC (Allocation Failure) [PSYoungGen: 60576K->288K(60928K)] 82110K->21822K(369664K), 0.0027334 secs] [Times: user=0.01 sys=0.00, real=0.00 secs] 
2019-01-01T22:50:39.767+0900: 107286.343: [GC (Allocation Failure) [PSYoungGen: 60704K->256K(60928K)] 82238K->21790K(369664K), 0.0028594 secs] [Times: user=0.01 sys=0.00, real=0.00 secs] 
2019-01-01T22:51:27.350+0900: 107333.926: [GC (Allocation Failure) [PSYoungGen: 60672K->320K(60928K)] 82206K->21862K(369664K), 0.0029828 secs] [Times: user=0.01 sys=0.00, real=0.00 secs] 
2019-01-01T22:52:15.318+0900: 107381.894: [GC (Allocation Failure) [PSYoungGen: 60736K->288K(60928K)] 82278K->21830K(369664K), 0.0029305 secs] [Times: user=0.01 sys=0.00, real=0.00 secs] 
2019-01-01T22:53:02.762+0900: 107429.338: [GC (Allocation Failure) [PSYoungGen: 60704K->352K(60928K)] 82246K->21894K(369664K), 0.0025062 secs] [Times: user=0.02 sys=0.00, real=0.01 secs] 
2019-01-01T22:53:50.422+0900: 107476.998: [GC (Allocation Failure) [PSYoungGen: 60768K->352K(60928K)] 82310K->21894K(369664K), 0.0030661 secs] [Times: user=0.01 sys=0.00, real=0.01 secs] 
2019-01-01T22:54:38.309+0900: 107524.885: [GC (Allocation Failure) [PSYoungGen: 60768K->288K(60928K)] 82310K->21830K(369664K), 0.0032675 secs] [Times: user=0.01 sys=0.01, real=0.00 secs] 
2019-01-01T22:55:26.246+0900: 107572.822: [GC (Allocation Failure) [PSYoungGen: 60704K->320K(60928K)] 82246K->21862K(369664K), 0.0024832 secs] [Times: user=0.01 sys=0.00, real=0.00 secs] 
2019-01-01T22:56:13.799+0900: 107620.374: [GC (Allocation Failure) [PSYoungGen: 60736K->352K(60928K)] 82278K->21926K(369664K), 0.0028166 secs] [Times: user=0.01 sys=0.00, real=0.00 secs] 
2019-01-01T22:57:01.391+0900: 107667.966: [GC (Allocation Failure) [PSYoungGen: 60768K->352K(60928K)] 82342K->21934K(369664K), 0.0028370 secs] [Times: user=0.01 sys=0.00, real=0.00 secs] 
2019-01-01T22:57:49.262+0900: 107715.838: [GC (Allocation Failure) [PSYoungGen: 60768K->288K(60928K)] 82350K->21886K(369664K), 0.0027620 secs] [Times: user=0.01 sys=0.00, real=0.01 secs] 
2019-01-01T22:58:37.055+0900: 107763.631: [GC (Allocation Failure) [PSYoungGen: 60704K->320K(60928K)] 82302K->21918K(369664K), 0.0029319 secs] [Times: user=0.01 sys=0.00, real=0.00 secs] 
2019-01-01T22:59:24.926+0900: 107811.502: [GC (Allocation Failure) [PSYoungGen: 60736K->288K(60928K)] 82334K->21886K(369664K), 0.0024861 secs] [Times: user=0.01 sys=0.00, real=0.00 secs] 
2019-01-01T23:00:12.698+0900: 107859.274: [GC (Allocation Failure) [PSYoungGen: 60704K->352K(60928K)] 82302K->21950K(369664K), 0.0025063 secs] [Times: user=0.01 sys=0.00, real=0.00 secs] 
2019-01-01T23:01:00.548+0900: 107907.124: [GC (Allocation Failure) [PSYoungGen: 60768K->288K(60928K)] 82366K->21886K(369664K), 0.0029295 secs] [Times: user=0.01 sys=0.00, real=0.00 secs] 
2019-01-01T23:01:48.479+0900: 107955.055: [GC (Allocation Failure) [PSYoungGen: 60704K->320K(60928K)] 82302K->21918K(369664K), 0.0027536 secs] [Times: user=0.01 sys=0.00, real=0.00 secs] 
2019-01-01T23:02:35.927+0900: 108002.503: [GC (Allocation Failure) [PSYoungGen: 60736K->320K(60928K)] 82334K->21918K(369664K), 0.0027046 secs] [Times: user=0.01 sys=0.00, real=0.00 secs] 
2019-01-01T23:03:23.884+0900: 108050.460: [GC (Allocation Failure) [PSYoungGen: 60736K->352K(60928K)] 82334K->21950K(369664K), 0.0026810 secs] [Times: user=0.01 sys=0.00, real=0.00 secs] 
2019-01-01T23:04:11.421+0900: 108097.997: [GC (Allocation Failure) [PSYoungGen: 60768K->320K(60928K)] 82366K->21918K(369664K), 0.0028190 secs] [Times: user=0.01 sys=0.00, real=0.00 secs] 
2019-01-01T23:04:59.451+0900: 108146.027: [GC (Allocation Failure) [PSYoungGen: 60736K->224K(60928K)] 82334K->21822K(369664K), 0.0027941 secs] [Times: user=0.01 sys=0.00, real=0.01 secs] 
2019-01-01T23:05:46.842+0900: 108193.418: [GC (Allocation Failure) [PSYoungGen: 60640K->288K(60928K)] 82238K->21886K(369664K), 0.0027605 secs] [Times: user=0.02 sys=0.00, real=0.01 secs] 
2019-01-01T23:06:34.983+0900: 108241.558: [GC (Allocation Failure) [PSYoungGen: 60704K->224K(60928K)] 82302K->21822K(369664K), 0.0030696 secs] [Times: user=0.01 sys=0.00, real=0.01 secs] 
2019-01-01T23:07:22.867+0900: 108289.443: [GC (Allocation Failure) [PSYoungGen: 60640K->320K(60928K)] 82238K->21918K(369664K), 0.0024301 secs] [Times: user=0.00 sys=0.01, real=0.00 secs] 
2019-01-01T23:08:10.364+0900: 108336.940: [GC (Allocation Failure) [PSYoungGen: 60736K->320K(60928K)] 82334K->21918K(369664K), 0.0025824 secs] [Times: user=0.02 sys=0.00, real=0.00 secs] 
2019-01-01T23:08:58.086+0900: 108384.662: [GC (Allocation Failure) [PSYoungGen: 60736K->352K(60928K)] 82334K->21950K(369664K), 0.0029868 secs] [Times: user=0.01 sys=0.00, real=0.00 secs] 
2019-01-01T23:09:45.883+0900: 108432.459: [GC (Allocation Failure) [PSYoungGen: 60768K->256K(60928K)] 82366K->21854K(369664K), 0.0027493 secs] [Times: user=0.00 sys=0.00, real=0.01 secs] 
2019-01-01T23:10:33.886+0900: 108480.462: [GC (Allocation Failure) [PSYoungGen: 60672K->352K(60928K)] 82270K->21950K(369664K), 0.0028485 secs] [Times: user=0.02 sys=0.00, real=0.00 secs] 
2019-01-01T23:11:21.205+0900: 108527.780: [GC (Allocation Failure) [PSYoungGen: 60768K->352K(60928K)] 82366K->21950K(369664K), 0.0024695 secs] [Times: user=0.01 sys=0.00, real=0.00 secs] 
2019-01-01T23:12:08.924+0900: 108575.500: [GC (Allocation Failure) [PSYoungGen: 60768K->192K(60928K)] 82366K->21790K(369664K), 0.0029031 secs] [Times: user=0.01 sys=0.00, real=0.00 secs] 
2019-01-01T23:12:56.704+0900: 108623.280: [GC (Allocation Failure) [PSYoungGen: 60608K->352K(60928K)] 82206K->21950K(369664K), 0.0030410 secs] [Times: user=0.01 sys=0.00, real=0.00 secs] 
2019-01-01T23:13:44.629+0900: 108671.205: [GC (Allocation Failure) [PSYoungGen: 60768K->320K(60928K)] 82366K->21918K(369664K), 0.0032131 secs] [Times: user=0.00 sys=0.01, real=0.00 secs] 
2019-01-01T23:14:32.240+0900: 108718.816: [GC (Allocation Failure) [PSYoungGen: 60736K->224K(60928K)] 82334K->21838K(369664K), 0.0030816 secs] [Times: user=0.01 sys=0.01, real=0.00 secs] 
2019-01-01T23:15:20.044+0900: 108766.620: [GC (Allocation Failure) [PSYoungGen: 60640K->288K(60928K)] 82254K->21902K(369664K), 0.0025824 secs] [Times: user=0.00 sys=0.01, real=0.00 secs] 
2019-01-01T23:16:07.898+0900: 108814.474: [GC (Allocation Failure) [PSYoungGen: 60704K->288K(60928K)] 82318K->21926K(369664K), 0.0024977 secs] [Times: user=0.01 sys=0.00, real=0.00 secs] 
2019-01-01T23:16:55.425+0900: 108862.001: [GC (Allocation Failure) [PSYoungGen: 60704K->352K(60928K)] 82342K->21990K(369664K), 0.0029620 secs] [Times: user=0.01 sys=0.00, real=0.00 secs] 
2019-01-01T23:17:43.282+0900: 108909.858: [GC (Allocation Failure) [PSYoungGen: 60768K->352K(60928K)] 82406K->21990K(369664K), 0.0023554 secs] [Times: user=0.01 sys=0.00, real=0.01 secs] 
2019-01-01T23:18:31.049+0900: 108957.625: [GC (Allocation Failure) [PSYoungGen: 60768K->224K(60928K)] 82406K->21862K(369664K), 0.0029406 secs] [Times: user=0.01 sys=0.00, real=0.00 secs] 
2019-01-01T23:19:18.991+0900: 109005.567: [GC (Allocation Failure) [PSYoungGen: 60640K->320K(60928K)] 82278K->21958K(369664K), 0.0025365 secs] [Times: user=0.01 sys=0.00, real=0.01 secs] 
2019-01-01T23:20:06.926+0900: 109053.502: [GC (Allocation Failure) [PSYoungGen: 60736K->320K(60928K)] 82374K->21958K(369664K), 0.0028012 secs] [Times: user=0.01 sys=0.00, real=0.00 secs] 
2019-01-01T23:20:54.757+0900: 109101.332: [GC (Allocation Failure) [PSYoungGen: 60736K->352K(60928K)] 82374K->21990K(369664K), 0.0023705 secs] [Times: user=0.02 sys=0.00, real=0.00 secs] 
2019-01-01T23:21:42.409+0900: 109148.985: [GC (Allocation Failure) [PSYoungGen: 60768K->288K(60928K)] 82406K->21942K(369664K), 0.0029469 secs] [Times: user=0.01 sys=0.00, real=0.00 secs] 
2019-01-01T23:22:30.284+0900: 109196.860: [GC (Allocation Failure) [PSYoungGen: 60704K->256K(60928K)] 82358K->21910K(369664K), 0.0028290 secs] [Times: user=0.01 sys=0.00, real=0.00 secs] 
2019-01-01T23:23:17.938+0900: 109244.514: [GC (Allocation Failure) [PSYoungGen: 60672K->288K(60928K)] 82326K->21942K(369664K), 0.0024872 secs] [Times: user=0.01 sys=0.00, real=0.00 secs] 
2019-01-01T23:24:05.751+0900: 109292.327: [GC (Allocation Failure) [PSYoungGen: 60704K->288K(60928K)] 82358K->21942K(369664K), 0.0028714 secs] [Times: user=0.00 sys=0.01, real=0.01 secs] 
2019-01-01T23:24:53.314+0900: 109339.890: [GC (Allocation Failure) [PSYoungGen: 60704K->352K(60928K)] 82358K->22006K(369664K), 0.0030624 secs] [Times: user=0.01 sys=0.00, real=0.00 secs] 
2019-01-01T23:25:40.882+0900: 109387.458: [GC (Allocation Failure) [PSYoungGen: 60768K->320K(60928K)] 82422K->21974K(369664K), 0.0026886 secs] [Times: user=0.01 sys=0.00, real=0.01 secs] 
2019-01-01T23:26:28.716+0900: 109435.292: [GC (Allocation Failure) [PSYoungGen: 60736K->320K(60928K)] 82390K->21974K(369664K), 0.0028388 secs] [Times: user=0.01 sys=0.00, real=0.00 secs] 
2019-01-01T23:27:16.580+0900: 109483.156: [GC (Allocation Failure) [PSYoungGen: 60736K->320K(60928K)] 82390K->21974K(369664K), 0.0026931 secs] [Times: user=0.01 sys=0.00, real=0.00 secs] 
2019-01-01T23:28:04.215+0900: 109530.791: [GC (Allocation Failure) [PSYoungGen: 60736K->224K(60928K)] 82390K->21878K(369664K), 0.0023719 secs] [Times: user=0.01 sys=0.00, real=0.00 secs] 
2019-01-01T23:28:51.848+0900: 109578.424: [GC (Allocation Failure) [PSYoungGen: 60640K->320K(60928K)] 82294K->22014K(369664K), 0.0027525 secs] [Times: user=0.01 sys=0.00, real=0.00 secs] 
2019-01-01T23:29:39.894+0900: 109626.470: [GC (Allocation Failure) [PSYoungGen: 60736K->352K(60928K)] 82430K->22046K(369664K), 0.0023022 secs] [Times: user=0.01 sys=0.00, real=0.00 secs] 
2019-01-01T23:30:27.710+0900: 109674.286: [GC (Allocation Failure) [PSYoungGen: 60768K->320K(60928K)] 82462K->22070K(369664K), 0.0025520 secs] [Times: user=0.01 sys=0.00, real=0.00 secs] 
2019-01-01T23:31:15.277+0900: 109721.853: [GC (Allocation Failure) [PSYoungGen: 60736K->288K(60928K)] 82486K->22038K(369664K), 0.0027531 secs] [Times: user=0.01 sys=0.01, real=0.00 secs] 
2019-01-01T23:32:03.028+0900: 109769.604: [GC (Allocation Failure) [PSYoungGen: 60704K->288K(60928K)] 82454K->22038K(369664K), 0.0028526 secs] [Times: user=0.02 sys=0.00, real=0.00 secs] 
2019-01-01T23:32:50.647+0900: 109817.223: [GC (Allocation Failure) [PSYoungGen: 60704K->288K(60928K)] 82454K->22038K(369664K), 0.0029823 secs] [Times: user=0.01 sys=0.00, real=0.00 secs] 
2019-01-01T23:33:38.465+0900: 109865.041: [GC (Allocation Failure) [PSYoungGen: 60704K->352K(60928K)] 82454K->22102K(369664K), 0.0024177 secs] [Times: user=0.00 sys=0.01, real=0.00 secs] 
2019-01-01T23:34:26.322+0900: 109912.898: [GC (Allocation Failure) [PSYoungGen: 60768K->320K(60928K)] 82518K->22070K(369664K), 0.0027578 secs] [Times: user=0.01 sys=0.01, real=0.01 secs] 
2019-01-01T23:35:14.053+0900: 109960.629: [GC (Allocation Failure) [PSYoungGen: 60736K->352K(60928K)] 82486K->22102K(369664K), 0.0027503 secs] [Times: user=0.01 sys=0.00, real=0.01 secs] 
2019-01-01T23:36:01.863+0900: 110008.439: [GC (Allocation Failure) [PSYoungGen: 60768K->288K(60928K)] 82518K->22046K(369664K), 0.0027775 secs] [Times: user=0.02 sys=0.00, real=0.01 secs] 
2019-01-01T23:36:48.766+0900: 110055.342: [GC (Allocation Failure) [PSYoungGen: 60704K->320K(60928K)] 82462K->22078K(369664K), 0.0025427 secs] [Times: user=0.01 sys=0.00, real=0.00 secs] 
2019-01-01T23:37:36.508+0900: 110103.084: [GC (Allocation Failure) [PSYoungGen: 60736K->320K(60928K)] 82494K->22094K(369664K), 0.0024142 secs] [Times: user=0.01 sys=0.00, real=0.00 secs] 
2019-01-01T23:38:24.169+0900: 110150.745: [GC (Allocation Failure) [PSYoungGen: 60736K->320K(60928K)] 82510K->22094K(369664K), 0.0026909 secs] [Times: user=0.01 sys=0.00, real=0.00 secs] 
2019-01-01T23:39:11.820+0900: 110198.395: [GC (Allocation Failure) [PSYoungGen: 60736K->352K(60928K)] 82510K->22126K(369664K), 0.0025611 secs] [Times: user=0.02 sys=0.00, real=0.00 secs] 
2019-01-01T23:39:59.834+0900: 110246.409: [GC (Allocation Failure) [PSYoungGen: 60768K->288K(60928K)] 82542K->22062K(369664K), 0.0027928 secs] [Times: user=0.01 sys=0.00, real=0.01 secs] 
2019-01-01T23:40:47.589+0900: 110294.165: [GC (Allocation Failure) [PSYoungGen: 60704K->352K(60928K)] 82478K->22126K(369664K), 0.0028957 secs] [Times: user=0.01 sys=0.00, real=0.00 secs] 
2019-01-01T23:41:35.384+0900: 110341.960: [GC (Allocation Failure) [PSYoungGen: 60768K->320K(60928K)] 82542K->22094K(369664K), 0.0028396 secs] [Times: user=0.01 sys=0.01, real=0.00 secs] 
2019-01-01T23:42:23.240+0900: 110389.816: [GC (Allocation Failure) [PSYoungGen: 60736K->320K(60928K)] 82510K->22094K(369664K), 0.0028848 secs] [Times: user=0.01 sys=0.00, real=0.00 secs] 
2019-01-01T23:43:10.675+0900: 110437.251: [GC (Allocation Failure) [PSYoungGen: 60736K->288K(60928K)] 82510K->22062K(369664K), 0.0028966 secs] [Times: user=0.02 sys=0.00, real=0.00 secs] 
2019-01-01T23:43:58.530+0900: 110485.106: [GC (Allocation Failure) [PSYoungGen: 60704K->256K(60928K)] 82478K->22030K(369664K), 0.0029043 secs] [Times: user=0.01 sys=0.00, real=0.00 secs] 
2019-01-01T23:44:46.285+0900: 110532.861: [GC (Allocation Failure) [PSYoungGen: 60672K->352K(60928K)] 82446K->22158K(369664K), 0.0029652 secs] [Times: user=0.01 sys=0.00, real=0.00 secs] 
2019-01-01T23:45:34.238+0900: 110580.814: [GC (Allocation Failure) [PSYoungGen: 60768K->320K(60928K)] 82574K->22126K(369664K), 0.0029147 secs] [Times: user=0.01 sys=0.00, real=0.00 secs] 
2019-01-01T23:46:22.135+0900: 110628.711: [GC (Allocation Failure) [PSYoungGen: 60736K->288K(60928K)] 82542K->22110K(369664K), 0.0027584 secs] [Times: user=0.01 sys=0.00, real=0.00 secs] 
2019-01-01T23:47:09.966+0900: 110676.542: [GC (Allocation Failure) [PSYoungGen: 60704K->288K(60928K)] 82526K->22110K(369664K), 0.0031580 secs] [Times: user=0.01 sys=0.00, real=0.00 secs] 
2019-01-01T23:47:57.806+0900: 110724.382: [GC (Allocation Failure) [PSYoungGen: 60704K->288K(60928K)] 82526K->22110K(369664K), 0.0028358 secs] [Times: user=0.01 sys=0.00, real=0.00 secs] 
2019-01-01T23:48:45.719+0900: 110772.295: [GC (Allocation Failure) [PSYoungGen: 60704K->320K(60928K)] 82526K->22174K(369664K), 0.0028520 secs] [Times: user=0.02 sys=0.00, real=0.00 secs] 
2019-01-01T23:49:33.533+0900: 110820.109: [GC (Allocation Failure) [PSYoungGen: 60736K->256K(60928K)] 82590K->22110K(369664K), 0.0027477 secs] [Times: user=0.01 sys=0.00, real=0.01 secs] 
2019-01-01T23:50:21.321+0900: 110867.897: [GC (Allocation Failure) [PSYoungGen: 60672K->352K(60928K)] 82526K->22206K(369664K), 0.0033507 secs] [Times: user=0.01 sys=0.00, real=0.01 secs] 
2019-01-01T23:51:08.611+0900: 110915.187: [GC (Allocation Failure) [PSYoungGen: 60768K->320K(60928K)] 82622K->22174K(369664K), 0.0028706 secs] [Times: user=0.01 sys=0.00, real=0.01 secs] 
2019-01-01T23:51:56.267+0900: 110962.843: [GC (Allocation Failure) [PSYoungGen: 60736K->320K(60928K)] 82590K->22174K(369664K), 0.0023774 secs] [Times: user=0.01 sys=0.00, real=0.00 secs] 
2019-01-01T23:52:44.036+0900: 111010.612: [GC (Allocation Failure) [PSYoungGen: 60736K->288K(60928K)] 82590K->22142K(369664K), 0.0027607 secs] [Times: user=0.01 sys=0.00, real=0.00 secs] 
2019-01-01T23:53:31.942+0900: 111058.518: [GC (Allocation Failure) [PSYoungGen: 60704K->288K(60928K)] 82558K->22142K(369664K), 0.0024365 secs] [Times: user=0.01 sys=0.00, real=0.01 secs] 
2019-01-01T23:54:19.312+0900: 111105.887: [GC (Allocation Failure) [PSYoungGen: 60704K->352K(60928K)] 82558K->22206K(369664K), 0.0027260 secs] [Times: user=0.01 sys=0.00, real=0.01 secs] 
2019-01-01T23:55:07.250+0900: 111153.826: [GC (Allocation Failure) [PSYoungGen: 60768K->256K(60928K)] 82622K->22110K(369664K), 0.0028860 secs] [Times: user=0.01 sys=0.00, real=0.00 secs] 
2019-01-01T23:55:54.719+0900: 111201.295: [GC (Allocation Failure) [PSYoungGen: 60672K->288K(60928K)] 82526K->22142K(369664K), 0.0027867 secs] [Times: user=0.01 sys=0.00, real=0.00 secs] 
2019-01-01T23:56:42.460+0900: 111249.036: [GC (Allocation Failure) [PSYoungGen: 60704K->320K(60928K)] 82558K->22174K(369664K), 0.0024348 secs] [Times: user=0.01 sys=0.00, real=0.00 secs] 
2019-01-01T23:57:30.311+0900: 111296.887: [GC (Allocation Failure) [PSYoungGen: 60736K->288K(60928K)] 82590K->22142K(369664K), 0.0024241 secs] [Times: user=0.01 sys=0.00, real=0.01 secs] 
2019-01-01T23:58:18.236+0900: 111344.812: [GC (Allocation Failure) [PSYoungGen: 60704K->320K(60928K)] 82558K->22174K(369664K), 0.0024392 secs] [Times: user=0.01 sys=0.00, real=0.00 secs] 
2019-01-01T23:59:05.442+0900: 111392.018: [GC (Allocation Failure) [PSYoungGen: 60736K->352K(60928K)] 82590K->22206K(369664K), 0.0028760 secs] [Times: user=0.01 sys=0.01, real=0.01 secs] 
2019-01-01T23:59:53.084+0900: 111439.660: [GC (Allocation Failure) [PSYoungGen: 60768K->352K(60928K)] 82622K->22206K(369664K), 0.0027876 secs] [Times: user=0.02 sys=0.00, real=0.00 secs] 
2019-01-02T00:00:40.867+0900: 111487.443: [GC (Allocation Failure) [PSYoungGen: 60768K->320K(60928K)] 82622K->22174K(369664K), 0.0024884 secs] [Times: user=0.01 sys=0.00, real=0.00 secs] 
2019-01-02T00:01:28.184+0900: 111534.760: [GC (Allocation Failure) [PSYoungGen: 60734K->288K(60928K)] 82589K->22142K(369664K), 0.0027123 secs] [Times: user=0.00 sys=0.01, real=0.00 secs] 
2019-01-02T00:02:16.286+0900: 111582.862: [GC (Allocation Failure) [PSYoungGen: 60704K->352K(60928K)] 82558K->22206K(369664K), 0.0023565 secs] [Times: user=0.01 sys=0.00, real=0.00 secs] 
2019-01-02T00:03:03.581+0900: 111630.157: [GC (Allocation Failure) [PSYoungGen: 60768K->352K(60928K)] 82622K->22206K(369664K), 0.0028532 secs] [Times: user=0.01 sys=0.00, real=0.00 secs] 
2019-01-02T00:03:51.527+0900: 111678.103: [GC (Allocation Failure) [PSYoungGen: 60768K->288K(60928K)] 82622K->22142K(369664K), 0.0027115 secs] [Times: user=0.01 sys=0.00, real=0.00 secs] 
2019-01-02T00:04:39.290+0900: 111725.866: [GC (Allocation Failure) [PSYoungGen: 60704K->352K(60928K)] 82558K->22206K(369664K), 0.0028636 secs] [Times: user=0.01 sys=0.01, real=0.00 secs] 
2019-01-02T00:05:27.149+0900: 111773.724: [GC (Allocation Failure) [PSYoungGen: 60768K->352K(60928K)] 82622K->22206K(369664K), 0.0026302 secs] [Times: user=0.01 sys=0.00, real=0.00 secs] 
2019-01-02T00:06:14.844+0900: 111821.420: [GC (Allocation Failure) [PSYoungGen: 60768K->288K(60928K)] 82622K->22142K(369664K), 0.0027901 secs] [Times: user=0.01 sys=0.00, real=0.00 secs] 
2019-01-02T00:07:02.570+0900: 111869.146: [GC (Allocation Failure) [PSYoungGen: 60704K->288K(60928K)] 82558K->22142K(369664K), 0.0023893 secs] [Times: user=0.01 sys=0.00, real=0.00 secs] 
2019-01-02T00:07:50.218+0900: 111916.794: [GC (Allocation Failure) [PSYoungGen: 60704K->320K(60928K)] 82558K->22182K(369664K), 0.0027677 secs] [Times: user=0.01 sys=0.00, real=0.00 secs] 
2019-01-02T00:08:37.939+0900: 111964.515: [GC (Allocation Failure) [PSYoungGen: 60736K->320K(60928K)] 82598K->22182K(369664K), 0.0026429 secs] [Times: user=0.01 sys=0.00, real=0.00 secs] 
2019-01-02T00:09:25.607+0900: 112012.182: [GC (Allocation Failure) [PSYoungGen: 60736K->352K(60928K)] 82598K->22214K(369664K), 0.0027659 secs] [Times: user=0.01 sys=0.00, real=0.00 secs] 
2019-01-02T00:10:13.486+0900: 112060.062: [GC (Allocation Failure) [PSYoungGen: 60768K->320K(60928K)] 82630K->22182K(369664K), 0.0025161 secs] [Times: user=0.01 sys=0.00, real=0.00 secs] 
2019-01-02T00:11:01.404+0900: 112107.980: [GC (Allocation Failure) [PSYoungGen: 60736K->320K(60928K)] 82598K->22182K(369664K), 0.0031945 secs] [Times: user=0.01 sys=0.00, real=0.00 secs] 
2019-01-02T00:11:48.679+0900: 112155.255: [GC (Allocation Failure) [PSYoungGen: 60736K->352K(60928K)] 82598K->22214K(369664K), 0.0026555 secs] [Times: user=0.01 sys=0.00, real=0.00 secs] 
2019-01-02T00:12:36.873+0900: 112203.449: [GC (Allocation Failure) [PSYoungGen: 60768K->352K(60928K)] 82630K->22214K(369664K), 0.0029378 secs] [Times: user=0.01 sys=0.00, real=0.01 secs] 
2019-01-02T00:13:24.735+0900: 112251.311: [GC (Allocation Failure) [PSYoungGen: 60768K->256K(60928K)] 82630K->22126K(369664K), 0.0024451 secs] [Times: user=0.01 sys=0.00, real=0.00 secs] 
2019-01-02T00:14:12.256+0900: 112298.832: [GC (Allocation Failure) [PSYoungGen: 60672K->352K(60928K)] 82542K->22222K(369664K), 0.0030935 secs] [Times: user=0.01 sys=0.00, real=0.00 secs] 
2019-01-02T00:14:59.911+0900: 112346.487: [GC (Allocation Failure) [PSYoungGen: 60768K->352K(60928K)] 82638K->22254K(369664K), 0.0028520 secs] [Times: user=0.01 sys=0.00, real=0.01 secs] 
2019-01-02T00:15:47.653+0900: 112394.229: [GC (Allocation Failure) [PSYoungGen: 60768K->320K(60928K)] 82670K->22222K(369664K), 0.0030403 secs] [Times: user=0.01 sys=0.00, real=0.01 secs] 
2019-01-02T00:16:35.291+0900: 112441.867: [GC (Allocation Failure) [PSYoungGen: 60736K->288K(60928K)] 82638K->22198K(369664K), 0.0028212 secs] [Times: user=0.01 sys=0.00, real=0.01 secs] 
2019-01-02T00:17:23.171+0900: 112489.747: [GC (Allocation Failure) [PSYoungGen: 60704K->256K(60928K)] 82614K->22174K(369664K), 0.0028545 secs] [Times: user=0.01 sys=0.00, real=0.01 secs] 
2019-01-02T00:18:10.932+0900: 112537.508: [GC (Allocation Failure) [PSYoungGen: 60672K->320K(60928K)] 82590K->22246K(369664K), 0.0026954 secs] [Times: user=0.02 sys=0.00, real=0.01 secs] 
2019-01-02T00:18:58.417+0900: 112584.993: [GC (Allocation Failure) [PSYoungGen: 60736K->320K(60928K)] 82662K->22286K(369664K), 0.0027153 secs] [Times: user=0.01 sys=0.00, real=0.00 secs] 
2019-01-02T00:19:46.093+0900: 112632.669: [GC (Allocation Failure) [PSYoungGen: 60736K->352K(60928K)] 82702K->22334K(369664K), 0.0025825 secs] [Times: user=0.01 sys=0.00, real=0.01 secs] 
2019-01-02T00:20:33.899+0900: 112680.475: [GC (Allocation Failure) [PSYoungGen: 60768K->320K(60928K)] 82750K->22350K(369664K), 0.0027216 secs] [Times: user=0.01 sys=0.00, real=0.00 secs] 
2019-01-02T00:21:21.895+0900: 112728.471: [GC (Allocation Failure) [PSYoungGen: 60736K->320K(60928K)] 82766K->22350K(369664K), 0.0028903 secs] [Times: user=0.01 sys=0.00, real=0.00 secs] 
2019-01-02T00:22:09.236+0900: 112775.811: [GC (Allocation Failure) [PSYoungGen: 60736K->320K(60928K)] 82766K->22350K(369664K), 0.0022956 secs] [Times: user=0.01 sys=0.00, real=0.00 secs] 
2019-01-02T00:22:57.225+0900: 112823.800: [GC (Allocation Failure) [PSYoungGen: 60736K->320K(60928K)] 82766K->22350K(369664K), 0.0024761 secs] [Times: user=0.01 sys=0.00, real=0.00 secs] 
2019-01-02T00:23:44.841+0900: 112871.417: [GC (Allocation Failure) [PSYoungGen: 60736K->256K(60928K)] 82766K->22286K(369664K), 0.0023782 secs] [Times: user=0.01 sys=0.00, real=0.00 secs] 
2019-01-02T00:24:32.596+0900: 112919.172: [GC (Allocation Failure) [PSYoungGen: 60672K->320K(60928K)] 82702K->22350K(369664K), 0.0023778 secs] [Times: user=0.02 sys=0.00, real=0.00 secs] 
2019-01-02T00:25:20.431+0900: 112967.007: [GC (Allocation Failure) [PSYoungGen: 60736K->320K(60928K)] 82766K->22350K(369664K), 0.0025133 secs] [Times: user=0.01 sys=0.00, real=0.00 secs] 
2019-01-02T00:26:08.088+0900: 113014.664: [GC (Allocation Failure) [PSYoungGen: 60736K->288K(60928K)] 82766K->22318K(369664K), 0.0025422 secs] [Times: user=0.01 sys=0.00, real=0.00 secs] 
2019-01-02T00:26:55.629+0900: 113062.204: [GC (Allocation Failure) [PSYoungGen: 60704K->288K(60928K)] 82734K->22318K(369664K), 0.0025363 secs] [Times: user=0.02 sys=0.00, real=0.00 secs] 
2019-01-02T00:27:43.483+0900: 113110.059: [GC (Allocation Failure) [PSYoungGen: 60704K->288K(60928K)] 82734K->22318K(369664K), 0.0024668 secs] [Times: user=0.01 sys=0.00, real=0.01 secs] 
2019-01-02T00:28:30.775+0900: 113157.351: [GC (Allocation Failure) [PSYoungGen: 60704K->256K(60928K)] 82734K->22286K(369664K), 0.0024366 secs] [Times: user=0.01 sys=0.00, real=0.00 secs] 
2019-01-02T00:29:18.768+0900: 113205.344: [GC (Allocation Failure) [PSYoungGen: 60672K->288K(60928K)] 82702K->22318K(369664K), 0.0028324 secs] [Times: user=0.01 sys=0.00, real=0.00 secs] 
2019-01-02T00:30:06.675+0900: 113253.251: [GC (Allocation Failure) [PSYoungGen: 60704K->320K(60928K)] 82734K->22350K(369664K), 0.0026342 secs] [Times: user=0.01 sys=0.00, real=0.00 secs] 
2019-01-02T00:30:54.240+0900: 113300.816: [GC (Allocation Failure) [PSYoungGen: 60736K->320K(60928K)] 82766K->22358K(369664K), 0.0030944 secs] [Times: user=0.01 sys=0.00, real=0.00 secs] 
2019-01-02T00:31:41.798+0900: 113348.374: [GC (Allocation Failure) [PSYoungGen: 60736K->352K(60928K)] 82774K->22390K(369664K), 0.0030321 secs] [Times: user=0.01 sys=0.00, real=0.00 secs] 
2019-01-02T00:32:29.619+0900: 113396.195: [GC (Allocation Failure) [PSYoungGen: 60768K->288K(60928K)] 82806K->22326K(369664K), 0.0028373 secs] [Times: user=0.01 sys=0.00, real=0.00 secs] 
2019-01-02T00:33:16.815+0900: 113443.390: [GC (Allocation Failure) [PSYoungGen: 60704K->352K(60928K)] 82742K->22390K(369664K), 0.0029771 secs] [Times: user=0.01 sys=0.00, real=0.00 secs] 
2019-01-02T00:34:04.423+0900: 113490.999: [GC (Allocation Failure) [PSYoungGen: 60768K->288K(60928K)] 82806K->22326K(369664K), 0.0029188 secs] [Times: user=0.01 sys=0.00, real=0.01 secs] 
2019-01-02T00:34:52.196+0900: 113538.772: [GC (Allocation Failure) [PSYoungGen: 60704K->352K(60928K)] 82742K->22390K(369664K), 0.0027841 secs] [Times: user=0.01 sys=0.00, real=0.00 secs] 
2019-01-02T00:35:39.937+0900: 113586.513: [GC (Allocation Failure) [PSYoungGen: 60768K->352K(60928K)] 82806K->22390K(369664K), 0.0026846 secs] [Times: user=0.01 sys=0.00, real=0.00 secs] 
2019-01-02T00:36:27.712+0900: 113634.288: [GC (Allocation Failure) [PSYoungGen: 60768K->320K(60928K)] 82806K->22374K(369664K), 0.0028182 secs] [Times: user=0.01 sys=0.00, real=0.01 secs] 
2019-01-02T00:37:15.708+0900: 113682.284: [GC (Allocation Failure) [PSYoungGen: 60736K->256K(60928K)] 82790K->22310K(369664K), 0.0024062 secs] [Times: user=0.01 sys=0.00, real=0.00 secs] 
2019-01-02T00:38:02.957+0900: 113729.533: [GC (Allocation Failure) [PSYoungGen: 60672K->320K(60928K)] 82726K->22374K(369664K), 0.0031097 secs] [Times: user=0.01 sys=0.01, real=0.00 secs] 
2019-01-02T00:38:50.997+0900: 113777.573: [GC (Allocation Failure) [PSYoungGen: 60736K->352K(60928K)] 82790K->22406K(369664K), 0.0023942 secs] [Times: user=0.02 sys=0.00, real=0.00 secs] 
2019-01-02T00:39:38.831+0900: 113825.407: [GC (Allocation Failure) [PSYoungGen: 60768K->256K(60928K)] 82822K->22310K(369664K), 0.0028755 secs] [Times: user=0.02 sys=0.00, real=0.01 secs] 
2019-01-02T00:40:26.687+0900: 113873.263: [GC (Allocation Failure) [PSYoungGen: 60672K->352K(60928K)] 82726K->22406K(369664K), 0.0024823 secs] [Times: user=0.01 sys=0.00, real=0.00 secs] 
2019-01-02T00:41:14.415+0900: 113920.991: [GC (Allocation Failure) [PSYoungGen: 60768K->352K(60928K)] 82822K->22406K(369664K), 0.0025793 secs] [Times: user=0.01 sys=0.00, real=0.00 secs] 
2019-01-02T00:42:02.066+0900: 113968.642: [GC (Allocation Failure) [PSYoungGen: 60768K->320K(60928K)] 82822K->22374K(369664K), 0.0024281 secs] [Times: user=0.01 sys=0.00, real=0.00 secs] 
2019-01-02T00:42:49.788+0900: 114016.364: [GC (Allocation Failure) [PSYoungGen: 60736K->256K(60928K)] 82790K->22310K(369664K), 0.0027829 secs] [Times: user=0.01 sys=0.00, real=0.00 secs] 
2019-01-02T00:43:37.681+0900: 114064.257: [GC (Allocation Failure) [PSYoungGen: 60672K->352K(60928K)] 82726K->22414K(369664K), 0.0027781 secs] [Times: user=0.01 sys=0.00, real=0.00 secs] 
2019-01-02T00:44:25.630+0900: 114112.206: [GC (Allocation Failure) [PSYoungGen: 60768K->320K(60928K)] 82830K->22382K(369664K), 0.0024141 secs] [Times: user=0.01 sys=0.00, real=0.00 secs] 
2019-01-02T00:45:13.510+0900: 114160.086: [GC (Allocation Failure) [PSYoungGen: 60736K->320K(60928K)] 82798K->22414K(369664K), 0.0028321 secs] [Times: user=0.02 sys=0.00, real=0.00 secs] 
2019-01-02T00:46:01.015+0900: 114207.590: [GC (Allocation Failure) [PSYoungGen: 60736K->288K(60928K)] 82830K->22382K(369664K), 0.0031164 secs] [Times: user=0.01 sys=0.00, real=0.00 secs] 
2019-01-02T00:46:48.748+0900: 114255.324: [GC (Allocation Failure) [PSYoungGen: 60704K->352K(60928K)] 82798K->22494K(369664K), 0.0025969 secs] [Times: user=0.01 sys=0.00, real=0.00 secs] 
2019-01-02T00:47:36.484+0900: 114303.060: [GC (Allocation Failure) [PSYoungGen: 60768K->320K(60928K)] 82910K->22462K(369664K), 0.0025042 secs] [Times: user=0.01 sys=0.00, real=0.00 secs] 
2019-01-02T00:48:24.027+0900: 114350.603: [GC (Allocation Failure) [PSYoungGen: 60736K->352K(60928K)] 82878K->22494K(369664K), 0.0027779 secs] [Times: user=0.01 sys=0.00, real=0.00 secs] 
2019-01-02T00:49:11.839+0900: 114398.415: [GC (Allocation Failure) [PSYoungGen: 60768K->320K(60928K)] 82910K->22462K(369664K), 0.0024922 secs] [Times: user=0.01 sys=0.00, real=0.00 secs] 
2019-01-02T00:49:59.628+0900: 114446.204: [GC (Allocation Failure) [PSYoungGen: 60736K->320K(60928K)] 82878K->22462K(369664K), 0.0028210 secs] [Times: user=0.01 sys=0.00, real=0.00 secs] 
2019-01-02T00:50:47.158+0900: 114493.734: [GC (Allocation Failure) [PSYoungGen: 60736K->256K(60928K)] 82878K->22398K(369664K), 0.0026154 secs] [Times: user=0.02 sys=0.00, real=0.00 secs] 
2019-01-02T00:51:35.335+0900: 114541.911: [GC (Allocation Failure) [PSYoungGen: 60672K->352K(60928K)] 82814K->22494K(369664K), 0.0026980 secs] [Times: user=0.01 sys=0.00, real=0.00 secs] 
2019-01-02T00:52:23.109+0900: 114589.684: [GC (Allocation Failure) [PSYoungGen: 60768K->288K(60928K)] 82910K->22430K(369664K), 0.0028355 secs] [Times: user=0.01 sys=0.00, real=0.00 secs] 
2019-01-02T00:53:10.722+0900: 114637.297: [GC (Allocation Failure) [PSYoungGen: 60704K->352K(60928K)] 82846K->22494K(369664K), 0.0024496 secs] [Times: user=0.01 sys=0.00, real=0.01 secs] 
2019-01-02T00:53:58.439+0900: 114685.015: [GC (Allocation Failure) [PSYoungGen: 60768K->288K(60928K)] 82910K->22430K(369664K), 0.0024780 secs] [Times: user=0.01 sys=0.00, real=0.00 secs] 
2019-01-02T00:54:46.263+0900: 114732.839: [GC (Allocation Failure) [PSYoungGen: 60704K->320K(60928K)] 82846K->22462K(369664K), 0.0027830 secs] [Times: user=0.01 sys=0.00, real=0.01 secs] 
2019-01-02T00:55:34.291+0900: 114780.866: [GC (Allocation Failure) [PSYoungGen: 60736K->352K(60928K)] 82878K->22494K(369664K), 0.0028390 secs] [Times: user=0.01 sys=0.00, real=0.00 secs] 
2019-01-02T00:56:22.250+0900: 114828.825: [GC (Allocation Failure) [PSYoungGen: 60768K->288K(60928K)] 82910K->22430K(369664K), 0.0028594 secs] [Times: user=0.01 sys=0.00, real=0.00 secs] 
2019-01-02T00:57:10.180+0900: 114876.755: [GC (Allocation Failure) [PSYoungGen: 60704K->288K(60928K)] 82846K->22430K(369664K), 0.0028839 secs] [Times: user=0.01 sys=0.00, real=0.00 secs] 
2019-01-02T00:57:57.863+0900: 114924.439: [GC (Allocation Failure) [PSYoungGen: 60704K->320K(60928K)] 82846K->22462K(369664K), 0.0024811 secs] [Times: user=0.01 sys=0.00, real=0.01 secs] 
2019-01-02T00:58:45.799+0900: 114972.375: [GC (Allocation Failure) [PSYoungGen: 60736K->320K(60928K)] 82878K->22462K(369664K), 0.0024126 secs] [Times: user=0.01 sys=0.00, real=0.00 secs] 
2019-01-02T00:59:33.419+0900: 115019.995: [GC (Allocation Failure) [PSYoungGen: 60736K->288K(60928K)] 82878K->22430K(369664K), 0.0029152 secs] [Times: user=0.01 sys=0.00, real=0.00 secs] 
2019-01-02T01:00:21.186+0900: 115067.762: [GC (Allocation Failure) [PSYoungGen: 60704K->320K(60928K)] 82846K->22462K(369664K), 0.0027817 secs] [Times: user=0.01 sys=0.00, real=0.00 secs] 
2019-01-02T01:01:08.993+0900: 115115.568: [GC (Allocation Failure) [PSYoungGen: 60736K->320K(60928K)] 82878K->22462K(369664K), 0.0028595 secs] [Times: user=0.01 sys=0.00, real=0.01 secs] 
2019-01-02T01:01:56.810+0900: 115163.386: [GC (Allocation Failure) [PSYoungGen: 60736K->352K(60928K)] 82878K->22494K(369664K), 0.0031132 secs] [Times: user=0.01 sys=0.01, real=0.00 secs] 
2019-01-02T01:02:44.612+0900: 115211.188: [GC (Allocation Failure) [PSYoungGen: 60768K->288K(60928K)] 82910K->22430K(369664K), 0.0024375 secs] [Times: user=0.01 sys=0.00, real=0.01 secs] 
2019-01-02T01:03:32.233+0900: 115258.808: [GC (Allocation Failure) [PSYoungGen: 60704K->352K(60928K)] 82846K->22494K(369664K), 0.0031627 secs] [Times: user=0.01 sys=0.00, real=0.01 secs] 
2019-01-02T01:04:19.897+0900: 115306.473: [GC (Allocation Failure) [PSYoungGen: 60768K->320K(60928K)] 82910K->22462K(369664K), 0.0030920 secs] [Times: user=0.01 sys=0.00, real=0.00 secs] 
2019-01-02T01:05:07.779+0900: 115354.355: [GC (Allocation Failure) [PSYoungGen: 60736K->320K(60928K)] 82878K->22462K(369664K), 0.0026772 secs] [Times: user=0.00 sys=0.01, real=0.00 secs] 
2019-01-02T01:05:55.684+0900: 115402.260: [GC (Allocation Failure) [PSYoungGen: 60736K->288K(60928K)] 82878K->22430K(369664K), 0.0028470 secs] [Times: user=0.01 sys=0.00, real=0.00 secs] 
2019-01-02T01:06:43.553+0900: 115450.129: [GC (Allocation Failure) [PSYoungGen: 60704K->320K(60928K)] 82846K->22462K(369664K), 0.0030224 secs] [Times: user=0.01 sys=0.00, real=0.01 secs] 
2019-01-02T01:07:31.353+0900: 115497.929: [GC (Allocation Failure) [PSYoungGen: 60736K->288K(60928K)] 82878K->22430K(369664K), 0.0026407 secs] [Times: user=0.00 sys=0.01, real=0.01 secs] 
2019-01-02T01:08:19.105+0900: 115545.681: [GC (Allocation Failure) [PSYoungGen: 60704K->320K(60928K)] 82846K->22462K(369664K), 0.0033807 secs] [Times: user=0.01 sys=0.00, real=0.00 secs] 
2019-01-02T01:09:06.559+0900: 115593.135: [GC (Allocation Failure) [PSYoungGen: 60736K->288K(60928K)] 82878K->22430K(369664K), 0.0028752 secs] [Times: user=0.00 sys=0.00, real=0.00 secs] 
2019-01-02T01:09:54.193+0900: 115640.769: [GC (Allocation Failure) [PSYoungGen: 60704K->352K(60928K)] 82846K->22494K(369664K), 0.0028905 secs] [Times: user=0.01 sys=0.00, real=0.01 secs] 
2019-01-02T01:10:42.167+0900: 115688.743: [GC (Allocation Failure) [PSYoungGen: 60768K->352K(60928K)] 82910K->22494K(369664K), 0.0027570 secs] [Times: user=0.01 sys=0.00, real=0.00 secs] 
2019-01-02T01:11:29.987+0900: 115736.563: [GC (Allocation Failure) [PSYoungGen: 60768K->352K(60928K)] 82910K->22494K(369664K), 0.0032097 secs] [Times: user=0.01 sys=0.00, real=0.00 secs] 
2019-01-02T01:12:17.312+0900: 115783.888: [GC (Allocation Failure) [PSYoungGen: 60768K->288K(60928K)] 82910K->22430K(369664K), 0.0027522 secs] [Times: user=0.01 sys=0.01, real=0.01 secs] 
2019-01-02T01:13:04.919+0900: 115831.495: [GC (Allocation Failure) [PSYoungGen: 60704K->352K(60928K)] 82846K->22494K(369664K), 0.0029300 secs] [Times: user=0.01 sys=0.00, real=0.00 secs] 
2019-01-02T01:13:52.697+0900: 115879.273: [GC (Allocation Failure) [PSYoungGen: 60768K->288K(60928K)] 82910K->22430K(369664K), 0.0028765 secs] [Times: user=0.01 sys=0.00, real=0.00 secs] 
2019-01-02T01:14:40.508+0900: 115927.084: [GC (Allocation Failure) [PSYoungGen: 60704K->320K(60928K)] 82846K->22526K(369664K), 0.0023828 secs] [Times: user=0.01 sys=0.00, real=0.00 secs] 
2019-01-02T01:15:28.103+0900: 115974.679: [GC (Allocation Failure) [PSYoungGen: 60736K->288K(60928K)] 82942K->22494K(369664K), 0.0027713 secs] [Times: user=0.01 sys=0.00, real=0.01 secs] 
2019-01-02T01:16:16.086+0900: 116022.662: [GC (Allocation Failure) [PSYoungGen: 60704K->288K(60928K)] 82910K->22542K(369664K), 0.0028992 secs] [Times: user=0.01 sys=0.01, real=0.00 secs] 
2019-01-02T01:17:03.659+0900: 116070.235: [GC (Allocation Failure) [PSYoungGen: 60704K->320K(60928K)] 82958K->22574K(369664K), 0.0027723 secs] [Times: user=0.01 sys=0.00, real=0.00 secs] 
2019-01-02T01:17:51.289+0900: 116117.865: [GC (Allocation Failure) [PSYoungGen: 60736K->256K(60928K)] 82990K->22510K(369664K), 0.0032623 secs] [Times: user=0.01 sys=0.00, real=0.00 secs] 
2019-01-02T01:18:39.016+0900: 116165.592: [GC (Allocation Failure) [PSYoungGen: 60672K->256K(60928K)] 82926K->22510K(369664K), 0.0028553 secs] [Times: user=0.01 sys=0.00, real=0.00 secs] 
2019-01-02T01:19:27.048+0900: 116213.624: [GC (Allocation Failure) [PSYoungGen: 60672K->256K(60928K)] 82926K->22510K(369664K), 0.0029305 secs] [Times: user=0.01 sys=0.00, real=0.00 secs] 
2019-01-02T01:20:14.960+0900: 116261.536: [GC (Allocation Failure) [PSYoungGen: 60672K->288K(60928K)] 82926K->22542K(369664K), 0.0027284 secs] [Times: user=0.02 sys=0.00, real=0.00 secs] 
2019-01-02T01:21:02.434+0900: 116309.009: [GC (Allocation Failure) [PSYoungGen: 60704K->320K(60928K)] 82958K->22574K(369664K), 0.0025901 secs] [Times: user=0.01 sys=0.00, real=0.01 secs] 
2019-01-02T01:21:50.184+0900: 116356.760: [GC (Allocation Failure) [PSYoungGen: 60736K->352K(60928K)] 82990K->22606K(369664K), 0.0028247 secs] [Times: user=0.01 sys=0.00, real=0.00 secs] 
2019-01-02T01:22:38.070+0900: 116404.646: [GC (Allocation Failure) [PSYoungGen: 60768K->320K(60928K)] 83022K->22574K(369664K), 0.0028473 secs] [Times: user=0.01 sys=0.00, real=0.00 secs] 
2019-01-02T01:23:25.935+0900: 116452.511: [GC (Allocation Failure) [PSYoungGen: 60736K->320K(60928K)] 82990K->22574K(369664K), 0.0030138 secs] [Times: user=0.02 sys=0.00, real=0.00 secs] 
2019-01-02T01:24:13.190+0900: 116499.766: [GC (Allocation Failure) [PSYoungGen: 60736K->320K(60928K)] 82990K->22574K(369664K), 0.0029632 secs] [Times: user=0.01 sys=0.00, real=0.00 secs] 
2019-01-02T01:25:01.352+0900: 116547.928: [GC (Allocation Failure) [PSYoungGen: 60736K->192K(60928K)] 82990K->22454K(369664K), 0.0026075 secs] [Times: user=0.01 sys=0.00, real=0.01 secs] 
2019-01-02T01:25:48.894+0900: 116595.470: [GC (Allocation Failure) [PSYoungGen: 60608K->256K(60928K)] 82870K->22518K(369664K), 0.0032061 secs] [Times: user=0.01 sys=0.00, real=0.00 secs] 
2019-01-02T01:26:36.760+0900: 116643.336: [GC (Allocation Failure) [PSYoungGen: 60672K->352K(60928K)] 82934K->22614K(369664K), 0.0028778 secs] [Times: user=0.01 sys=0.00, real=0.00 secs] 
2019-01-02T01:27:24.223+0900: 116690.799: [GC (Allocation Failure) [PSYoungGen: 60768K->288K(60928K)] 83030K->22550K(369664K), 0.0030004 secs] [Times: user=0.01 sys=0.00, real=0.01 secs] 
2019-01-02T01:28:12.190+0900: 116738.766: [GC (Allocation Failure) [PSYoungGen: 60704K->320K(60928K)] 82966K->22582K(369664K), 0.0027316 secs] [Times: user=0.01 sys=0.00, real=0.00 secs] 
2019-01-02T01:29:00.034+0900: 116786.610: [GC (Allocation Failure) [PSYoungGen: 60736K->320K(60928K)] 82998K->22582K(369664K), 0.0028252 secs] [Times: user=0.01 sys=0.00, real=0.00 secs] 
2019-01-02T01:29:47.577+0900: 116834.153: [GC (Allocation Failure) [PSYoungGen: 60736K->320K(60928K)] 82998K->22582K(369664K), 0.0030594 secs] [Times: user=0.01 sys=0.00, real=0.00 secs] 
2019-01-02T01:30:35.249+0900: 116881.825: [GC (Allocation Failure) [PSYoungGen: 60736K->288K(60928K)] 82998K->22550K(369664K), 0.0030773 secs] [Times: user=0.01 sys=0.01, real=0.00 secs] 
2019-01-02T01:31:22.961+0900: 116929.537: [GC (Allocation Failure) [PSYoungGen: 60704K->320K(60928K)] 82966K->22582K(369664K), 0.0029502 secs] [Times: user=0.01 sys=0.00, real=0.01 secs] 
2019-01-02T01:32:10.661+0900: 116977.237: [GC (Allocation Failure) [PSYoungGen: 60736K->256K(60928K)] 82998K->22518K(369664K), 0.0024488 secs] [Times: user=0.02 sys=0.00, real=0.01 secs] 
2019-01-02T01:32:58.260+0900: 117024.836: [GC (Allocation Failure) [PSYoungGen: 60672K->288K(60928K)] 82934K->22550K(369664K), 0.0027436 secs] [Times: user=0.01 sys=0.01, real=0.00 secs] 
2019-01-02T01:33:46.085+0900: 117072.661: [GC (Allocation Failure) [PSYoungGen: 60704K->352K(60928K)] 82966K->22614K(369664K), 0.0029561 secs] [Times: user=0.01 sys=0.00, real=0.00 secs] 
2019-01-02T01:34:33.713+0900: 117120.289: [GC (Allocation Failure) [PSYoungGen: 60768K->352K(60928K)] 83030K->22614K(369664K), 0.0024030 secs] [Times: user=0.01 sys=0.00, real=0.01 secs] 
2019-01-02T01:35:21.396+0900: 117167.972: [GC (Allocation Failure) [PSYoungGen: 60768K->320K(60928K)] 83030K->22582K(369664K), 0.0029892 secs] [Times: user=0.01 sys=0.00, real=0.00 secs] 
2019-01-02T01:36:09.278+0900: 117215.854: [GC (Allocation Failure) [PSYoungGen: 60736K->256K(60928K)] 82998K->22518K(369664K), 0.0028357 secs] [Times: user=0.01 sys=0.00, real=0.00 secs] 
2019-01-02T01:36:57.275+0900: 117263.851: [GC (Allocation Failure) [PSYoungGen: 60672K->320K(60928K)] 82934K->22582K(369664K), 0.0027318 secs] [Times: user=0.01 sys=0.00, real=0.00 secs] 
2019-01-02T01:37:45.154+0900: 117311.730: [GC (Allocation Failure) [PSYoungGen: 60736K->320K(60928K)] 82998K->22582K(369664K), 0.0027525 secs] [Times: user=0.01 sys=0.00, real=0.00 secs] 
2019-01-02T01:38:32.663+0900: 117359.239: [GC (Allocation Failure) [PSYoungGen: 60736K->352K(60928K)] 82998K->22614K(369664K), 0.0026322 secs] [Times: user=0.01 sys=0.00, real=0.01 secs] 
2019-01-02T01:39:20.568+0900: 117407.144: [GC (Allocation Failure) [PSYoungGen: 60768K->320K(60928K)] 83030K->22630K(369664K), 0.0027983 secs] [Times: user=0.01 sys=0.00, real=0.00 secs] 
2019-01-02T01:40:08.082+0900: 117454.657: [GC (Allocation Failure) [PSYoungGen: 60736K->320K(60928K)] 83046K->22630K(369664K), 0.0023767 secs] [Times: user=0.01 sys=0.00, real=0.01 secs] 
2019-01-02T01:40:55.706+0900: 117502.282: [GC (Allocation Failure) [PSYoungGen: 60736K->352K(60928K)] 83046K->22662K(369664K), 0.0023832 secs] [Times: user=0.01 sys=0.00, real=0.00 secs] 
2019-01-02T01:41:43.487+0900: 117550.063: [GC (Allocation Failure) [PSYoungGen: 60768K->288K(60928K)] 83078K->22598K(369664K), 0.0028055 secs] [Times: user=0.01 sys=0.00, real=0.00 secs] 
2019-01-02T01:42:31.653+0900: 117598.229: [GC (Allocation Failure) [PSYoungGen: 60704K->320K(60928K)] 83014K->22630K(369664K), 0.0026538 secs] [Times: user=0.01 sys=0.00, real=0.01 secs] 
2019-01-02T01:43:18.932+0900: 117645.508: [GC (Allocation Failure) [PSYoungGen: 60736K->320K(60928K)] 83046K->22630K(369664K), 0.0033430 secs] [Times: user=0.01 sys=0.00, real=0.01 secs] 
2019-01-02T01:44:06.650+0900: 117693.226: [GC (Allocation Failure) [PSYoungGen: 60736K->288K(60928K)] 83046K->22598K(369664K), 0.0027993 secs] [Times: user=0.01 sys=0.00, real=0.00 secs] 
2019-01-02T01:44:54.235+0900: 117740.811: [GC (Allocation Failure) [PSYoungGen: 60704K->288K(60928K)] 83014K->22630K(369664K), 0.0028427 secs] [Times: user=0.01 sys=0.00, real=0.00 secs] 
2019-01-02T01:45:42.429+0900: 117789.005: [GC (Allocation Failure) [PSYoungGen: 60704K->320K(60928K)] 83046K->22662K(369664K), 0.0029197 secs] [Times: user=0.01 sys=0.00, real=0.00 secs] 
2019-01-02T01:46:30.284+0900: 117836.860: [GC (Allocation Failure) [PSYoungGen: 60736K->224K(60928K)] 83078K->22606K(369664K), 0.0026516 secs] [Times: user=0.01 sys=0.00, real=0.00 secs] 
2019-01-02T01:47:17.807+0900: 117884.383: [GC (Allocation Failure) [PSYoungGen: 60640K->320K(60928K)] 83022K->22702K(369664K), 0.0029575 secs] [Times: user=0.00 sys=0.00, real=0.00 secs] 
2019-01-02T01:48:05.825+0900: 117932.401: [GC (Allocation Failure) [PSYoungGen: 60736K->288K(60928K)] 83118K->22670K(369664K), 0.0027638 secs] [Times: user=0.01 sys=0.00, real=0.00 secs] 
2019-01-02T01:48:53.734+0900: 117980.309: [GC (Allocation Failure) [PSYoungGen: 60704K->320K(60928K)] 83086K->22702K(369664K), 0.0028005 secs] [Times: user=0.01 sys=0.00, real=0.01 secs] 
2019-01-02T01:49:41.379+0900: 118027.955: [GC (Allocation Failure) [PSYoungGen: 60736K->320K(60928K)] 83118K->22702K(369664K), 0.0024648 secs] [Times: user=0.01 sys=0.00, real=0.00 secs] 
2019-01-02T01:50:29.113+0900: 118075.689: [GC (Allocation Failure) [PSYoungGen: 60736K->224K(60928K)] 83118K->22606K(369664K), 0.0029982 secs] [Times: user=0.01 sys=0.00, real=0.01 secs] 
2019-01-02T01:51:16.771+0900: 118123.347: [GC (Allocation Failure) [PSYoungGen: 60640K->288K(60928K)] 83022K->22670K(369664K), 0.0025428 secs] [Times: user=0.01 sys=0.00, real=0.00 secs] 
2019-01-02T01:52:04.960+0900: 118171.536: [GC (Allocation Failure) [PSYoungGen: 60704K->352K(60928K)] 83086K->22734K(369664K), 0.0028801 secs] [Times: user=0.01 sys=0.00, real=0.00 secs] 
2019-01-02T01:52:52.638+0900: 118219.214: [GC (Allocation Failure) [PSYoungGen: 60768K->320K(60928K)] 83150K->22702K(369664K), 0.0025452 secs] [Times: user=0.01 sys=0.00, real=0.00 secs] 
2019-01-02T01:53:40.349+0900: 118266.925: [GC (Allocation Failure) [PSYoungGen: 60736K->288K(60928K)] 83118K->22678K(369664K), 0.0024651 secs] [Times: user=0.00 sys=0.00, real=0.00 secs] 
2019-01-02T01:54:27.573+0900: 118314.149: [GC (Allocation Failure) [PSYoungGen: 60704K->256K(60928K)] 83094K->22646K(369664K), 0.0028318 secs] [Times: user=0.01 sys=0.00, real=0.01 secs] 
2019-01-02T01:55:15.732+0900: 118362.308: [GC (Allocation Failure) [PSYoungGen: 60672K->320K(60928K)] 83062K->22710K(369664K), 0.0023245 secs] [Times: user=0.00 sys=0.01, real=0.01 secs] 
2019-01-02T01:56:03.447+0900: 118410.023: [GC (Allocation Failure) [PSYoungGen: 60736K->288K(60928K)] 83126K->22678K(369664K), 0.0030621 secs] [Times: user=0.01 sys=0.00, real=0.00 secs] 
2019-01-02T01:56:51.120+0900: 118457.696: [GC (Allocation Failure) [PSYoungGen: 60704K->288K(60928K)] 83094K->22678K(369664K), 0.0026621 secs] [Times: user=0.01 sys=0.00, real=0.00 secs] 
2019-01-02T01:57:39.042+0900: 118505.618: [GC (Allocation Failure) [PSYoungGen: 60704K->352K(60928K)] 83094K->22742K(369664K), 0.0028455 secs] [Times: user=0.01 sys=0.00, real=0.01 secs] 
2019-01-02T01:58:26.700+0900: 118553.276: [GC (Allocation Failure) [PSYoungGen: 60768K->320K(60928K)] 83158K->22710K(369664K), 0.0029699 secs] [Times: user=0.01 sys=0.00, real=0.00 secs] 
2019-01-02T01:59:14.454+0900: 118601.030: [GC (Allocation Failure) [PSYoungGen: 60736K->288K(60928K)] 83126K->22678K(369664K), 0.0024972 secs] [Times: user=0.01 sys=0.00, real=0.00 secs] 
2019-01-02T02:00:01.870+0900: 118648.446: [GC (Allocation Failure) [PSYoungGen: 60704K->288K(60928K)] 83094K->22678K(369664K), 0.0023820 secs] [Times: user=0.01 sys=0.00, real=0.00 secs] 
2019-01-02T02:00:49.620+0900: 118696.195: [GC (Allocation Failure) [PSYoungGen: 60704K->288K(60928K)] 83094K->22678K(369664K), 0.0024102 secs] [Times: user=0.01 sys=0.00, real=0.00 secs] 
2019-01-02T02:01:37.387+0900: 118743.963: [GC (Allocation Failure) [PSYoungGen: 60704K->256K(60928K)] 83094K->22646K(369664K), 0.0028589 secs] [Times: user=0.01 sys=0.00, real=0.00 secs] 
2019-01-02T02:02:25.410+0900: 118791.986: [GC (Allocation Failure) [PSYoungGen: 60672K->352K(60928K)] 83062K->22742K(369664K), 0.0027483 secs] [Times: user=0.01 sys=0.00, real=0.00 secs] 
2019-01-02T02:03:12.618+0900: 118839.194: [GC (Allocation Failure) [PSYoungGen: 60768K->352K(60928K)] 83158K->22742K(369664K), 0.0024848 secs] [Times: user=0.01 sys=0.00, real=0.00 secs] 
2019-01-02T02:04:00.341+0900: 118886.917: [GC (Allocation Failure) [PSYoungGen: 60768K->352K(60928K)] 83158K->22742K(369664K), 0.0029367 secs] [Times: user=0.01 sys=0.00, real=0.01 secs] 
2019-01-02T02:04:48.036+0900: 118934.612: [GC (Allocation Failure) [PSYoungGen: 60768K->320K(60928K)] 83158K->22710K(369664K), 0.0027240 secs] [Times: user=0.01 sys=0.00, real=0.00 secs] 
2019-01-02T02:05:35.860+0900: 118982.436: [GC (Allocation Failure) [PSYoungGen: 60736K->288K(60928K)] 83126K->22678K(369664K), 0.0031248 secs] [Times: user=0.01 sys=0.00, real=0.00 secs] 
2019-01-02T02:06:23.472+0900: 119030.048: [GC (Allocation Failure) [PSYoungGen: 60704K->288K(60928K)] 83094K->22678K(369664K), 0.0027814 secs] [Times: user=0.01 sys=0.00, real=0.01 secs] 
2019-01-02T02:07:11.185+0900: 119077.761: [GC (Allocation Failure) [PSYoungGen: 60704K->288K(60928K)] 83094K->22678K(369664K), 0.0028866 secs] [Times: user=0.01 sys=0.00, real=0.00 secs] 
2019-01-02T02:07:59.011+0900: 119125.587: [GC (Allocation Failure) [PSYoungGen: 60704K->352K(60928K)] 83094K->22774K(369664K), 0.0027577 secs] [Times: user=0.02 sys=0.00, real=0.01 secs] 
2019-01-02T02:08:47.070+0900: 119173.646: [GC (Allocation Failure) [PSYoungGen: 60768K->352K(60928K)] 83190K->22774K(369664K), 0.0029414 secs] [Times: user=0.01 sys=0.00, real=0.00 secs] 
2019-01-02T02:09:35.092+0900: 119221.668: [GC (Allocation Failure) [PSYoungGen: 60768K->352K(60928K)] 83190K->22774K(369664K), 0.0028042 secs] [Times: user=0.01 sys=0.00, real=0.01 secs] 
2019-01-02T02:10:22.449+0900: 119269.025: [GC (Allocation Failure) [PSYoungGen: 60768K->256K(60928K)] 83190K->22678K(369664K), 0.0026789 secs] [Times: user=0.01 sys=0.00, real=0.00 secs] 
2019-01-02T02:11:10.190+0900: 119316.766: [GC (Allocation Failure) [PSYoungGen: 60672K->352K(60928K)] 83094K->22774K(369664K), 0.0024369 secs] [Times: user=0.01 sys=0.01, real=0.00 secs] 
2019-01-02T02:11:57.818+0900: 119364.394: [GC (Allocation Failure) [PSYoungGen: 60768K->320K(60928K)] 83190K->22742K(369664K), 0.0027932 secs] [Times: user=0.01 sys=0.00, real=0.00 secs] 
2019-01-02T02:12:45.454+0900: 119412.030: [GC (Allocation Failure) [PSYoungGen: 60736K->352K(60928K)] 83158K->22774K(369664K), 0.0030939 secs] [Times: user=0.01 sys=0.00, real=0.00 secs] 
2019-01-02T02:13:33.384+0900: 119459.960: [GC (Allocation Failure) [PSYoungGen: 60768K->320K(60928K)] 83190K->22742K(369664K), 0.0025846 secs] [Times: user=0.01 sys=0.00, real=0.00 secs] 
2019-01-02T02:14:21.396+0900: 119507.972: [GC (Allocation Failure) [PSYoungGen: 60736K->288K(60928K)] 83158K->22710K(369664K), 0.0027488 secs] [Times: user=0.02 sys=0.00, real=0.00 secs] 
2019-01-02T02:15:09.279+0900: 119555.855: [GC (Allocation Failure) [PSYoungGen: 60704K->320K(60928K)] 83126K->22790K(369664K), 0.0028635 secs] [Times: user=0.01 sys=0.01, real=0.00 secs] 
2019-01-02T02:15:56.782+0900: 119603.358: [GC (Allocation Failure) [PSYoungGen: 60736K->320K(60928K)] 83206K->22790K(369664K), 0.0027150 secs] [Times: user=0.01 sys=0.00, real=0.01 secs] 
2019-01-02T02:16:44.619+0900: 119651.195: [GC (Allocation Failure) [PSYoungGen: 60736K->288K(60928K)] 83206K->22798K(369664K), 0.0027513 secs] [Times: user=0.01 sys=0.00, real=0.00 secs] 
2019-01-02T02:17:32.390+0900: 119698.966: [GC (Allocation Failure) [PSYoungGen: 60704K->256K(60928K)] 83214K->22766K(369664K), 0.0027918 secs] [Times: user=0.01 sys=0.00, real=0.00 secs] 
2019-01-02T02:18:20.329+0900: 119746.905: [GC (Allocation Failure) [PSYoungGen: 60672K->288K(60928K)] 83182K->22798K(369664K), 0.0027857 secs] [Times: user=0.02 sys=0.00, real=0.00 secs] 
2019-01-02T02:19:07.938+0900: 119794.514: [GC (Allocation Failure) [PSYoungGen: 60704K->288K(60928K)] 83214K->22798K(369664K), 0.0026232 secs] [Times: user=0.01 sys=0.00, real=0.00 secs] 
2019-01-02T02:19:55.530+0900: 119842.105: [GC (Allocation Failure) [PSYoungGen: 60704K->288K(60928K)] 83214K->22798K(369664K), 0.0029732 secs] [Times: user=0.01 sys=0.00, real=0.00 secs] 
2019-01-02T02:20:43.395+0900: 119889.971: [GC (Allocation Failure) [PSYoungGen: 60704K->320K(60928K)] 83214K->22830K(369664K), 0.0026113 secs] [Times: user=0.02 sys=0.00, real=0.00 secs] 
2019-01-02T02:21:31.229+0900: 119937.805: [GC (Allocation Failure) [PSYoungGen: 60736K->320K(60928K)] 83246K->22830K(369664K), 0.0029196 secs] [Times: user=0.01 sys=0.00, real=0.00 secs] 
2019-01-02T02:22:19.117+0900: 119985.693: [GC (Allocation Failure) [PSYoungGen: 60736K->320K(60928K)] 83246K->22830K(369664K), 0.0023397 secs] [Times: user=0.01 sys=0.00, real=0.00 secs] 
2019-01-02T02:23:06.469+0900: 120033.045: [GC (Allocation Failure) [PSYoungGen: 60736K->320K(60928K)] 83246K->22830K(369664K), 0.0027423 secs] [Times: user=0.01 sys=0.00, real=0.00 secs] 
2019-01-02T02:23:54.093+0900: 120080.669: [GC (Allocation Failure) [PSYoungGen: 60736K->320K(60928K)] 83246K->22830K(369664K), 0.0024127 secs] [Times: user=0.01 sys=0.00, real=0.01 secs] 
2019-01-02T02:24:41.942+0900: 120128.518: [GC (Allocation Failure) [PSYoungGen: 60736K->352K(60928K)] 83246K->22862K(369664K), 0.0023041 secs] [Times: user=0.01 sys=0.00, real=0.01 secs] 
2019-01-02T02:25:29.752+0900: 120176.328: [GC (Allocation Failure) [PSYoungGen: 60768K->288K(60928K)] 83278K->22798K(369664K), 0.0031349 secs] [Times: user=0.01 sys=0.00, real=0.01 secs] 
2019-01-02T02:26:17.542+0900: 120224.118: [GC (Allocation Failure) [PSYoungGen: 60704K->320K(60928K)] 83214K->22830K(369664K), 0.0028037 secs] [Times: user=0.01 sys=0.00, real=0.01 secs] 
2019-01-02T02:27:05.414+0900: 120271.990: [GC (Allocation Failure) [PSYoungGen: 60736K->320K(60928K)] 83246K->22830K(369664K), 0.0028317 secs] [Times: user=0.01 sys=0.00, real=0.00 secs] 
2019-01-02T02:27:53.556+0900: 120320.132: [GC (Allocation Failure) [PSYoungGen: 60736K->352K(60928K)] 83246K->22862K(369664K), 0.0029263 secs] [Times: user=0.01 sys=0.01, real=0.00 secs] 
2019-01-02T02:28:40.894+0900: 120367.470: [GC (Allocation Failure) [PSYoungGen: 60768K->288K(60928K)] 83278K->22798K(369664K), 0.0025906 secs] [Times: user=0.01 sys=0.00, real=0.00 secs] 
2019-01-02T02:29:28.560+0900: 120415.136: [GC (Allocation Failure) [PSYoungGen: 60704K->320K(60928K)] 83214K->22830K(369664K), 0.0027210 secs] [Times: user=0.01 sys=0.00, real=0.00 secs] 
2019-01-02T02:30:16.219+0900: 120462.795: [GC (Allocation Failure) [PSYoungGen: 60736K->352K(60928K)] 83246K->22862K(369664K), 0.0029319 secs] [Times: user=0.01 sys=0.00, real=0.00 secs] 
2019-01-02T02:31:03.893+0900: 120510.469: [GC (Allocation Failure) [PSYoungGen: 60768K->352K(60928K)] 83278K->22862K(369664K), 0.0025031 secs] [Times: user=0.01 sys=0.00, real=0.01 secs] 
2019-01-02T02:31:51.650+0900: 120558.226: [GC (Allocation Failure) [PSYoungGen: 60768K->320K(60928K)] 83278K->22830K(369664K), 0.0028914 secs] [Times: user=0.01 sys=0.00, real=0.00 secs] 
2019-01-02T02:32:39.504+0900: 120606.080: [GC (Allocation Failure) [PSYoungGen: 60736K->352K(60928K)] 83246K->22862K(369664K), 0.0027738 secs] [Times: user=0.01 sys=0.00, real=0.00 secs] 
2019-01-02T02:33:27.339+0900: 120653.915: [GC (Allocation Failure) [PSYoungGen: 60768K->320K(60928K)] 83278K->22830K(369664K), 0.0028461 secs] [Times: user=0.01 sys=0.00, real=0.00 secs] 
2019-01-02T02:34:15.140+0900: 120701.716: [GC (Allocation Failure) [PSYoungGen: 60736K->256K(60928K)] 83246K->22766K(369664K), 0.0028953 secs] [Times: user=0.01 sys=0.00, real=0.00 secs] 
2019-01-02T02:35:02.988+0900: 120749.564: [GC (Allocation Failure) [PSYoungGen: 60672K->352K(60928K)] 83182K->22862K(369664K), 0.0024196 secs] [Times: user=0.02 sys=0.00, real=0.00 secs] 
2019-01-02T02:35:50.602+0900: 120797.178: [GC (Allocation Failure) [PSYoungGen: 60768K->288K(60928K)] 83278K->22798K(369664K), 0.0029957 secs] [Times: user=0.01 sys=0.00, real=0.01 secs] 
2019-01-02T02:36:38.538+0900: 120845.113: [GC (Allocation Failure) [PSYoungGen: 60704K->352K(60928K)] 83214K->22862K(369664K), 0.0024305 secs] [Times: user=0.01 sys=0.00, real=0.00 secs] 
2019-01-02T02:37:25.885+0900: 120892.461: [GC (Allocation Failure) [PSYoungGen: 60768K->352K(60928K)] 83278K->22862K(369664K), 0.0027616 secs] [Times: user=0.01 sys=0.00, real=0.00 secs] 
2019-01-02T02:38:13.540+0900: 120940.116: [GC (Allocation Failure) [PSYoungGen: 60768K->288K(60928K)] 83278K->22798K(369664K), 0.0028443 secs] [Times: user=0.01 sys=0.00, real=0.00 secs] 
2019-01-02T02:39:01.329+0900: 120987.905: [GC (Allocation Failure) [PSYoungGen: 60704K->288K(60928K)] 83214K->22798K(369664K), 0.0028075 secs] [Times: user=0.01 sys=0.00, real=0.00 secs] 
2019-01-02T02:39:49.158+0900: 121035.734: [GC (Allocation Failure) [PSYoungGen: 60704K->288K(60928K)] 83214K->22798K(369664K), 0.0027876 secs] [Times: user=0.01 sys=0.00, real=0.00 secs] 
2019-01-02T02:40:36.927+0900: 121083.503: [GC (Allocation Failure) [PSYoungGen: 60704K->320K(60928K)] 83214K->22830K(369664K), 0.0024787 secs] [Times: user=0.01 sys=0.00, real=0.00 secs] 
2019-01-02T02:41:24.875+0900: 121131.451: [GC (Allocation Failure) [PSYoungGen: 60736K->288K(60928K)] 83246K->22798K(369664K), 0.0028776 secs] [Times: user=0.01 sys=0.00, real=0.00 secs] 
2019-01-02T02:42:12.692+0900: 121179.268: [GC (Allocation Failure) [PSYoungGen: 60704K->256K(60928K)] 83214K->22766K(369664K), 0.0027999 secs] [Times: user=0.01 sys=0.00, real=0.01 secs] 
2019-01-02T02:43:00.256+0900: 121226.831: [GC (Allocation Failure) [PSYoungGen: 60672K->352K(60928K)] 83182K->22894K(369664K), 0.0027285 secs] [Times: user=0.01 sys=0.00, real=0.00 secs] 
2019-01-02T02:43:48.277+0900: 121274.853: [GC (Allocation Failure) [PSYoungGen: 60768K->320K(60928K)] 83310K->22862K(369664K), 0.0025204 secs] [Times: user=0.01 sys=0.00, real=0.00 secs] 
2019-01-02T02:44:35.632+0900: 121322.208: [GC (Allocation Failure) [PSYoungGen: 60736K->320K(60928K)] 83278K->22902K(369664K), 0.0024862 secs] [Times: user=0.01 sys=0.00, real=0.01 secs] 
2019-01-02T02:45:23.338+0900: 121369.914: [GC (Allocation Failure) [PSYoungGen: 60736K->320K(60928K)] 83318K->22902K(369664K), 0.0023548 secs] [Times: user=0.01 sys=0.00, real=0.00 secs] 
2019-01-02T02:46:11.126+0900: 121417.702: [GC (Allocation Failure) [PSYoungGen: 60736K->352K(60928K)] 83318K->22934K(369664K), 0.0025858 secs] [Times: user=0.00 sys=0.01, real=0.00 secs] 
2019-01-02T02:46:58.612+0900: 121465.188: [GC (Allocation Failure) [PSYoungGen: 60768K->288K(60928K)] 83350K->22910K(369664K), 0.0028815 secs] [Times: user=0.01 sys=0.00, real=0.01 secs] 
2019-01-02T02:47:46.463+0900: 121513.039: [GC (Allocation Failure) [PSYoungGen: 60704K->288K(60928K)] 83326K->22910K(369664K), 0.0028967 secs] [Times: user=0.01 sys=0.00, real=0.01 secs] 
2019-01-02T02:48:34.338+0900: 121560.913: [GC (Allocation Failure) [PSYoungGen: 60704K->352K(60928K)] 83326K->22974K(369664K), 0.0027511 secs] [Times: user=0.01 sys=0.00, real=0.00 secs] 
2019-01-02T02:49:22.273+0900: 121608.849: [GC (Allocation Failure) [PSYoungGen: 60768K->352K(60928K)] 83390K->22974K(369664K), 0.0023678 secs] [Times: user=0.01 sys=0.00, real=0.01 secs] 
2019-01-02T02:50:09.930+0900: 121656.506: [GC (Allocation Failure) [PSYoungGen: 60768K->320K(60928K)] 83390K->22942K(369664K), 0.0030294 secs] [Times: user=0.02 sys=0.00, real=0.00 secs] 
2019-01-02T02:50:57.693+0900: 121704.269: [GC (Allocation Failure) [PSYoungGen: 60736K->256K(60928K)] 83358K->22878K(369664K), 0.0027741 secs] [Times: user=0.01 sys=0.00, real=0.01 secs] 
2019-01-02T02:51:45.350+0900: 121751.925: [GC (Allocation Failure) [PSYoungGen: 60672K->288K(60928K)] 83294K->22910K(369664K), 0.0028896 secs] [Times: user=0.01 sys=0.00, real=0.00 secs] 
2019-01-02T02:52:33.494+0900: 121800.070: [GC (Allocation Failure) [PSYoungGen: 60704K->320K(60928K)] 83326K->22942K(369664K), 0.0027173 secs] [Times: user=0.01 sys=0.00, real=0.00 secs] 
2019-01-02T02:53:21.425+0900: 121848.001: [GC (Allocation Failure) [PSYoungGen: 60736K->288K(60928K)] 83358K->22910K(369664K), 0.0027317 secs] [Times: user=0.01 sys=0.00, real=0.00 secs] 
2019-01-02T02:54:08.895+0900: 121895.471: [GC (Allocation Failure) [PSYoungGen: 60704K->320K(60928K)] 83326K->22942K(369664K), 0.0030506 secs] [Times: user=0.01 sys=0.00, real=0.00 secs] 
2019-01-02T02:54:56.651+0900: 121943.227: [GC (Allocation Failure) [PSYoungGen: 60736K->320K(60928K)] 83358K->22942K(369664K), 0.0028691 secs] [Times: user=0.01 sys=0.00, real=0.01 secs] 
2019-01-02T02:55:44.637+0900: 121991.212: [GC (Allocation Failure) [PSYoungGen: 60736K->320K(60928K)] 83358K->22942K(369664K), 0.0027538 secs] [Times: user=0.02 sys=0.00, real=0.00 secs] 
2019-01-02T02:56:32.571+0900: 122039.147: [GC (Allocation Failure) [PSYoungGen: 60736K->352K(60928K)] 83358K->22974K(369664K), 0.0030317 secs] [Times: user=0.01 sys=0.00, real=0.01 secs] 
2019-01-02T02:57:20.462+0900: 122087.038: [GC (Allocation Failure) [PSYoungGen: 60768K->288K(60928K)] 83390K->22910K(369664K), 0.0024777 secs] [Times: user=0.01 sys=0.00, real=0.01 secs] 
2019-01-02T02:58:07.952+0900: 122134.528: [GC (Allocation Failure) [PSYoungGen: 60704K->320K(60928K)] 83326K->22942K(369664K), 0.0027824 secs] [Times: user=0.01 sys=0.00, real=0.01 secs] 
2019-01-02T02:58:55.567+0900: 122182.143: [GC (Allocation Failure) [PSYoungGen: 60736K->352K(60928K)] 83358K->22974K(369664K), 0.0030524 secs] [Times: user=0.01 sys=0.00, real=0.00 secs] 
2019-01-02T02:59:43.330+0900: 122229.906: [GC (Allocation Failure) [PSYoungGen: 60768K->256K(60928K)] 83390K->22878K(369664K), 0.0025937 secs] [Times: user=0.01 sys=0.00, real=0.00 secs] 
2019-01-02T03:00:31.216+0900: 122277.792: [GC (Allocation Failure) [PSYoungGen: 60672K->256K(60928K)] 83294K->22878K(369664K), 0.0031246 secs] [Times: user=0.01 sys=0.01, real=0.00 secs] 
2019-01-02T03:01:19.181+0900: 122325.757: [GC (Allocation Failure) [PSYoungGen: 60672K->192K(60928K)] 83294K->22814K(369664K), 0.0029730 secs] [Times: user=0.00 sys=0.00, real=0.01 secs] 
2019-01-02T03:02:06.995+0900: 122373.571: [GC (Allocation Failure) [PSYoungGen: 60608K->320K(60928K)] 83230K->22942K(369664K), 0.0025116 secs] [Times: user=0.01 sys=0.00, real=0.00 secs] 
2019-01-02T03:02:54.356+0900: 122420.932: [GC (Allocation Failure) [PSYoungGen: 60736K->320K(60928K)] 83358K->22942K(369664K), 0.0027889 secs] [Times: user=0.01 sys=0.00, real=0.00 secs] 
2019-01-02T03:03:42.035+0900: 122468.611: [GC (Allocation Failure) [PSYoungGen: 60736K->256K(60928K)] 83358K->22878K(369664K), 0.0027508 secs] [Times: user=0.01 sys=0.00, real=0.00 secs] 
2019-01-02T03:04:29.846+0900: 122516.422: [GC (Allocation Failure) [PSYoungGen: 60672K->192K(60928K)] 83294K->22814K(369664K), 0.0028957 secs] [Times: user=0.01 sys=0.00, real=0.00 secs] 
2019-01-02T03:05:17.646+0900: 122564.222: [GC (Allocation Failure) [PSYoungGen: 60608K->352K(60928K)] 83230K->22974K(369664K), 0.0028745 secs] [Times: user=0.01 sys=0.00, real=0.00 secs] 
2019-01-02T03:06:05.523+0900: 122612.099: [GC (Allocation Failure) [PSYoungGen: 60768K->288K(60928K)] 83390K->22910K(369664K), 0.0029747 secs] [Times: user=0.01 sys=0.00, real=0.01 secs] 
2019-01-02T03:06:53.411+0900: 122659.987: [GC (Allocation Failure) [PSYoungGen: 60704K->288K(60928K)] 83326K->22910K(369664K), 0.0028203 secs] [Times: user=0.01 sys=0.00, real=0.01 secs] 
2019-01-02T03:07:41.240+0900: 122707.816: [GC (Allocation Failure) [PSYoungGen: 60704K->352K(60928K)] 83326K->22974K(369664K), 0.0024328 secs] [Times: user=0.01 sys=0.00, real=0.00 secs] 
2019-01-02T03:08:29.130+0900: 122755.706: [GC (Allocation Failure) [PSYoungGen: 60768K->256K(60928K)] 83390K->22878K(369664K), 0.0026110 secs] [Times: user=0.02 sys=0.00, real=0.00 secs] 
2019-01-02T03:09:16.593+0900: 122803.169: [GC (Allocation Failure) [PSYoungGen: 60672K->320K(60928K)] 83294K->22942K(369664K), 0.0027137 secs] [Times: user=0.01 sys=0.00, real=0.01 secs] 
2019-01-02T03:10:04.253+0900: 122850.828: [GC (Allocation Failure) [PSYoungGen: 60736K->320K(60928K)] 83358K->22958K(369664K), 0.0029375 secs] [Times: user=0.01 sys=0.00, real=0.01 secs] 
2019-01-02T03:10:51.970+0900: 122898.546: [GC (Allocation Failure) [PSYoungGen: 60736K->352K(60928K)] 83374K->22990K(369664K), 0.0028332 secs] [Times: user=0.01 sys=0.00, real=0.00 secs] 
2019-01-02T03:11:39.230+0900: 122945.806: [GC (Allocation Failure) [PSYoungGen: 60768K->320K(60928K)] 83406K->22958K(369664K), 0.0027227 secs] [Times: user=0.01 sys=0.00, real=0.00 secs] 
2019-01-02T03:12:27.356+0900: 122993.932: [GC (Allocation Failure) [PSYoungGen: 60736K->320K(60928K)] 83374K->22958K(369664K), 0.0028082 secs] [Times: user=0.01 sys=0.00, real=0.00 secs] 
2019-01-02T03:13:15.050+0900: 123041.626: [GC (Allocation Failure) [PSYoungGen: 60736K->224K(60928K)] 83374K->22862K(369664K), 0.0028310 secs] [Times: user=0.01 sys=0.00, real=0.00 secs] 
2019-01-02T03:14:02.935+0900: 123089.511: [GC (Allocation Failure) [PSYoungGen: 60640K->352K(60928K)] 83278K->22990K(369664K), 0.0026444 secs] [Times: user=0.01 sys=0.00, real=0.00 secs] 
2019-01-02T03:14:50.874+0900: 123137.450: [GC (Allocation Failure) [PSYoungGen: 60768K->288K(60928K)] 83406K->22966K(369664K), 0.0027589 secs] [Times: user=0.01 sys=0.00, real=0.00 secs] 
2019-01-02T03:15:38.854+0900: 123185.430: [GC (Allocation Failure) [PSYoungGen: 60704K->192K(60928K)] 83382K->22870K(369664K), 0.0026840 secs] [Times: user=0.01 sys=0.00, real=0.00 secs] 
2019-01-02T03:16:26.299+0900: 123232.875: [GC (Allocation Failure) [PSYoungGen: 60608K->320K(60928K)] 83286K->23046K(369664K), 0.0023859 secs] [Times: user=0.00 sys=0.01, real=0.00 secs] 
2019-01-02T03:17:13.949+0900: 123280.525: [GC (Allocation Failure) [PSYoungGen: 60736K->320K(60928K)] 83462K->23046K(369664K), 0.0028927 secs] [Times: user=0.01 sys=0.00, real=0.00 secs] 
2019-01-02T03:18:01.694+0900: 123328.270: [GC (Allocation Failure) [PSYoungGen: 60736K->320K(60928K)] 83462K->23046K(369664K), 0.0029547 secs] [Times: user=0.01 sys=0.01, real=0.00 secs] 
2019-01-02T03:18:49.681+0900: 123376.257: [GC (Allocation Failure) [PSYoungGen: 60736K->256K(60928K)] 83462K->22982K(369664K), 0.0024406 secs] [Times: user=0.01 sys=0.00, real=0.00 secs] 
2019-01-02T03:19:37.529+0900: 123424.105: [GC (Allocation Failure) [PSYoungGen: 60672K->256K(60928K)] 83398K->22982K(369664K), 0.0024519 secs] [Times: user=0.01 sys=0.00, real=0.00 secs] 
2019-01-02T03:20:25.262+0900: 123471.838: [GC (Allocation Failure) [PSYoungGen: 60672K->320K(60928K)] 83398K->23046K(369664K), 0.0028321 secs] [Times: user=0.01 sys=0.00, real=0.01 secs] 
2019-01-02T03:21:13.020+0900: 123519.596: [GC (Allocation Failure) [PSYoungGen: 60736K->320K(60928K)] 83462K->23046K(369664K), 0.0028964 secs] [Times: user=0.01 sys=0.00, real=0.00 secs] 
2019-01-02T03:22:00.644+0900: 123567.220: [GC (Allocation Failure) [PSYoungGen: 60736K->352K(60928K)] 83462K->23078K(369664K), 0.0028833 secs] [Times: user=0.01 sys=0.00, real=0.00 secs] 
2019-01-02T03:22:48.268+0900: 123614.844: [GC (Allocation Failure) [PSYoungGen: 60768K->352K(60928K)] 83494K->23078K(369664K), 0.0027303 secs] [Times: user=0.01 sys=0.00, real=0.00 secs] 
2019-01-02T03:23:36.027+0900: 123662.603: [GC (Allocation Failure) [PSYoungGen: 60768K->352K(60928K)] 83494K->23078K(369664K), 0.0028100 secs] [Times: user=0.01 sys=0.00, real=0.00 secs] 
2019-01-02T03:24:23.992+0900: 123710.567: [GC (Allocation Failure) [PSYoungGen: 60768K->320K(60928K)] 83494K->23046K(369664K), 0.0023663 secs] [Times: user=0.01 sys=0.00, real=0.01 secs] 
2019-01-02T03:25:11.472+0900: 123758.048: [GC (Allocation Failure) [PSYoungGen: 60736K->288K(60928K)] 83462K->23014K(369664K), 0.0027974 secs] [Times: user=0.01 sys=0.00, real=0.01 secs] 
2019-01-02T03:25:59.342+0900: 123805.918: [GC (Allocation Failure) [PSYoungGen: 60704K->320K(60928K)] 83430K->23046K(369664K), 0.0024484 secs] [Times: user=0.01 sys=0.00, real=0.01 secs] 
2019-01-02T03:26:47.113+0900: 123853.689: [GC (Allocation Failure) [PSYoungGen: 60736K->320K(60928K)] 83462K->23062K(369664K), 0.0027356 secs] [Times: user=0.01 sys=0.00, real=0.01 secs] 
2019-01-02T03:27:34.973+0900: 123901.549: [GC (Allocation Failure) [PSYoungGen: 60736K->320K(60928K)] 83478K->23062K(369664K), 0.0024856 secs] [Times: user=0.01 sys=0.00, real=0.01 secs] 
2019-01-02T03:28:22.643+0900: 123949.219: [GC (Allocation Failure) [PSYoungGen: 60736K->320K(60928K)] 83478K->23062K(369664K), 0.0027156 secs] [Times: user=0.01 sys=0.00, real=0.01 secs] 
2019-01-02T03:29:10.525+0900: 123997.101: [GC (Allocation Failure) [PSYoungGen: 60736K->352K(60928K)] 83478K->23094K(369664K), 0.0025053 secs] [Times: user=0.01 sys=0.00, real=0.00 secs] 
2019-01-02T03:29:58.449+0900: 124045.025: [GC (Allocation Failure) [PSYoungGen: 60768K->352K(60928K)] 83510K->23094K(369664K), 0.0028234 secs] [Times: user=0.01 sys=0.00, real=0.00 secs] 
2019-01-02T03:30:45.976+0900: 124092.551: [GC (Allocation Failure) [PSYoungGen: 60768K->352K(60928K)] 83510K->23094K(369664K), 0.0029279 secs] [Times: user=0.01 sys=0.00, real=0.00 secs] 
2019-01-02T03:31:33.701+0900: 124140.277: [GC (Allocation Failure) [PSYoungGen: 60768K->320K(60928K)] 83510K->23062K(369664K), 0.0028083 secs] [Times: user=0.01 sys=0.00, real=0.01 secs] 
2019-01-02T03:32:21.650+0900: 124188.226: [GC (Allocation Failure) [PSYoungGen: 60736K->320K(60928K)] 83478K->23062K(369664K), 0.0024241 secs] [Times: user=0.01 sys=0.00, real=0.00 secs] 
2019-01-02T03:33:08.988+0900: 124235.564: [GC (Allocation Failure) [PSYoungGen: 60736K->256K(60928K)] 83478K->22998K(369664K), 0.0025372 secs] [Times: user=0.01 sys=0.00, real=0.00 secs] 
2019-01-02T03:33:56.529+0900: 124283.105: [GC (Allocation Failure) [PSYoungGen: 60672K->224K(60928K)] 83414K->22966K(369664K), 0.0027136 secs] [Times: user=0.01 sys=0.00, real=0.00 secs] 
2019-01-02T03:34:44.259+0900: 124330.835: [GC (Allocation Failure) [PSYoungGen: 60640K->320K(60928K)] 83382K->23062K(369664K), 0.0023714 secs] [Times: user=0.01 sys=0.00, real=0.00 secs] 
2019-01-02T03:35:32.033+0900: 124378.609: [GC (Allocation Failure) [PSYoungGen: 60736K->256K(60928K)] 83478K->22998K(369664K), 0.0029967 secs] [Times: user=0.01 sys=0.00, real=0.01 secs] 
2019-01-02T03:36:19.786+0900: 124426.362: [GC (Allocation Failure) [PSYoungGen: 60672K->256K(60928K)] 83414K->22998K(369664K), 0.0027247 secs] [Times: user=0.01 sys=0.00, real=0.00 secs] 
2019-01-02T03:37:07.387+0900: 124473.963: [GC (Allocation Failure) [PSYoungGen: 60672K->352K(60928K)] 83414K->23094K(369664K), 0.0028619 secs] [Times: user=0.01 sys=0.00, real=0.00 secs] 
2019-01-02T03:37:55.418+0900: 124521.994: [GC (Allocation Failure) [PSYoungGen: 60768K->352K(60928K)] 83510K->23094K(369664K), 0.0027827 secs] [Times: user=0.02 sys=0.00, real=0.00 secs] 
2019-01-02T03:38:43.228+0900: 124569.804: [GC (Allocation Failure) [PSYoungGen: 60768K->352K(60928K)] 83510K->23094K(369664K), 0.0027957 secs] [Times: user=0.00 sys=0.00, real=0.00 secs] 
2019-01-02T03:39:31.038+0900: 124617.614: [GC (Allocation Failure) [PSYoungGen: 60768K->320K(60928K)] 83510K->23062K(369664K), 0.0030642 secs] [Times: user=0.01 sys=0.00, real=0.00 secs] 
2019-01-02T03:40:18.735+0900: 124665.311: [GC (Allocation Failure) [PSYoungGen: 60736K->352K(60928K)] 83478K->23094K(369664K), 0.0029185 secs] [Times: user=0.01 sys=0.00, real=0.00 secs] 
2019-01-02T03:41:06.667+0900: 124713.243: [GC (Allocation Failure) [PSYoungGen: 60768K->352K(60928K)] 83510K->23094K(369664K), 0.0024898 secs] [Times: user=0.01 sys=0.00, real=0.00 secs] 
2019-01-02T03:41:54.367+0900: 124760.942: [GC (Allocation Failure) [PSYoungGen: 60768K->320K(60928K)] 83510K->23062K(369664K), 0.0029348 secs] [Times: user=0.01 sys=0.00, real=0.00 secs] 
2019-01-02T03:42:42.209+0900: 124808.785: [GC (Allocation Failure) [PSYoungGen: 60736K->256K(60928K)] 83478K->22998K(369664K), 0.0028137 secs] [Times: user=0.02 sys=0.00, real=0.00 secs] 
2019-01-02T03:43:29.855+0900: 124856.431: [GC (Allocation Failure) [PSYoungGen: 60672K->352K(60928K)] 83414K->23094K(369664K), 0.0026775 secs] [Times: user=0.02 sys=0.00, real=0.00 secs] 
2019-01-02T03:44:17.449+0900: 124904.025: [GC (Allocation Failure) [PSYoungGen: 60768K->256K(60928K)] 83510K->22998K(369664K), 0.0027486 secs] [Times: user=0.01 sys=0.00, real=0.00 secs] 
2019-01-02T03:45:05.231+0900: 124951.807: [GC (Allocation Failure) [PSYoungGen: 60672K->320K(60928K)] 83414K->23094K(369664K), 0.0025374 secs] [Times: user=0.01 sys=0.00, real=0.00 secs] 
2019-01-02T03:45:52.848+0900: 124999.424: [GC (Allocation Failure) [PSYoungGen: 60736K->352K(60928K)] 83510K->23126K(369664K), 0.0027526 secs] [Times: user=0.02 sys=0.00, real=0.00 secs] 
2019-01-02T03:46:40.666+0900: 125047.242: [GC (Allocation Failure) [PSYoungGen: 60768K->352K(60928K)] 83542K->23150K(369664K), 0.0032741 secs] [Times: user=0.02 sys=0.00, real=0.00 secs] 
2019-01-02T03:47:28.515+0900: 125095.091: [GC (Allocation Failure) [PSYoungGen: 60768K->320K(60928K)] 83566K->23118K(369664K), 0.0029239 secs] [Times: user=0.01 sys=0.00, real=0.00 secs] 
2019-01-02T03:48:15.993+0900: 125142.569: [GC (Allocation Failure) [PSYoungGen: 60736K->352K(60928K)] 83534K->23150K(369664K), 0.0029858 secs] [Times: user=0.02 sys=0.00, real=0.01 secs] 
2019-01-02T03:49:04.189+0900: 125190.765: [GC (Allocation Failure) [PSYoungGen: 60768K->352K(60928K)] 83566K->23150K(369664K), 0.0026537 secs] [Times: user=0.01 sys=0.00, real=0.00 secs] 
2019-01-02T03:49:51.990+0900: 125238.566: [GC (Allocation Failure) [PSYoungGen: 60768K->320K(60928K)] 83566K->23166K(369664K), 0.0031210 secs] [Times: user=0.01 sys=0.00, real=0.00 secs] 
2019-01-02T03:50:39.578+0900: 125286.154: [GC (Allocation Failure) [PSYoungGen: 60736K->320K(60928K)] 83582K->23166K(369664K), 0.0027607 secs] [Times: user=0.01 sys=0.01, real=0.00 secs] 
2019-01-02T03:51:27.384+0900: 125333.960: [GC (Allocation Failure) [PSYoungGen: 60736K->320K(60928K)] 83582K->23166K(369664K), 0.0030010 secs] [Times: user=0.00 sys=0.01, real=0.00 secs] 
2019-01-02T03:52:15.191+0900: 125381.767: [GC (Allocation Failure) [PSYoungGen: 60736K->352K(60928K)] 83582K->23198K(369664K), 0.0029360 secs] [Times: user=0.01 sys=0.00, real=0.01 secs] 
2019-01-02T03:53:03.121+0900: 125429.696: [GC (Allocation Failure) [PSYoungGen: 60768K->352K(60928K)] 83614K->23198K(369664K), 0.0027226 secs] [Times: user=0.01 sys=0.00, real=0.00 secs] 
2019-01-02T03:53:50.324+0900: 125476.900: [GC (Allocation Failure) [PSYoungGen: 60768K->320K(60928K)] 83614K->23166K(369664K), 0.0027354 secs] [Times: user=0.02 sys=0.00, real=0.00 secs] 
2019-01-02T03:54:38.524+0900: 125525.100: [GC (Allocation Failure) [PSYoungGen: 60736K->256K(60928K)] 83582K->23102K(369664K), 0.0024555 secs] [Times: user=0.01 sys=0.00, real=0.00 secs] 
2019-01-02T03:55:26.376+0900: 125572.952: [GC (Allocation Failure) [PSYoungGen: 60672K->288K(60928K)] 83518K->23134K(369664K), 0.0028767 secs] [Times: user=0.00 sys=0.01, real=0.00 secs] 
2019-01-02T03:56:13.908+0900: 125620.484: [GC (Allocation Failure) [PSYoungGen: 60704K->224K(60928K)] 83550K->23070K(369664K), 0.0024075 secs] [Times: user=0.00 sys=0.01, real=0.00 secs] 
2019-01-02T03:57:01.823+0900: 125668.399: [GC (Allocation Failure) [PSYoungGen: 60640K->352K(60928K)] 83486K->23198K(369664K), 0.0030620 secs] [Times: user=0.01 sys=0.00, real=0.01 secs] 
2019-01-02T03:57:49.672+0900: 125716.248: [GC (Allocation Failure) [PSYoungGen: 60768K->320K(60928K)] 83614K->23166K(369664K), 0.0029236 secs] [Times: user=0.01 sys=0.00, real=0.01 secs] 
2019-01-02T03:58:37.535+0900: 125764.111: [GC (Allocation Failure) [PSYoungGen: 60736K->352K(60928K)] 83582K->23198K(369664K), 0.0031959 secs] [Times: user=0.01 sys=0.00, real=0.00 secs] 
2019-01-02T03:59:25.123+0900: 125811.699: [GC (Allocation Failure) [PSYoungGen: 60768K->352K(60928K)] 83614K->23198K(369664K), 0.0029717 secs] [Times: user=0.01 sys=0.01, real=0.01 secs] 
2019-01-02T04:00:12.856+0900: 125859.432: [GC (Allocation Failure) [PSYoungGen: 60768K->352K(60928K)] 83614K->23198K(369664K), 0.0027459 secs] [Times: user=0.02 sys=0.00, real=0.00 secs] 
2019-01-02T04:01:00.789+0900: 125907.365: [GC (Allocation Failure) [PSYoungGen: 60768K->320K(60928K)] 83614K->23166K(369664K), 0.0024936 secs] [Times: user=0.01 sys=0.00, real=0.00 secs] 
2019-01-02T04:01:48.242+0900: 125954.818: [GC (Allocation Failure) [PSYoungGen: 60736K->352K(60928K)] 83582K->23198K(369664K), 0.0027836 secs] [Times: user=0.01 sys=0.00, real=0.01 secs] 
2019-01-02T04:02:35.841+0900: 126002.417: [GC (Allocation Failure) [PSYoungGen: 60768K->320K(60928K)] 83614K->23166K(369664K), 0.0027732 secs] [Times: user=0.01 sys=0.00, real=0.01 secs] 
2019-01-02T04:03:23.618+0900: 126050.193: [GC (Allocation Failure) [PSYoungGen: 60736K->288K(60928K)] 83582K->23134K(369664K), 0.0023773 secs] [Times: user=0.02 sys=0.00, real=0.00 secs] 
2019-01-02T04:04:10.908+0900: 126097.484: [GC (Allocation Failure) [PSYoungGen: 60704K->320K(60928K)] 83550K->23166K(369664K), 0.0025435 secs] [Times: user=0.01 sys=0.00, real=0.00 secs] 
2019-01-02T04:04:58.486+0900: 126145.062: [GC (Allocation Failure) [PSYoungGen: 60736K->320K(60928K)] 83582K->23166K(369664K), 0.0027333 secs] [Times: user=0.01 sys=0.00, real=0.00 secs] 
2019-01-02T04:05:46.193+0900: 126192.769: [GC (Allocation Failure) [PSYoungGen: 60736K->352K(60928K)] 83582K->23198K(369664K), 0.0029518 secs] [Times: user=0.01 sys=0.00, real=0.01 secs] 
2019-01-02T04:06:34.007+0900: 126240.583: [GC (Allocation Failure) [PSYoungGen: 60768K->320K(60928K)] 83614K->23166K(369664K), 0.0024229 secs] [Times: user=0.01 sys=0.00, real=0.00 secs] 
2019-01-02T04:07:21.672+0900: 126288.248: [GC (Allocation Failure) [PSYoungGen: 60736K->352K(60928K)] 83582K->23198K(369664K), 0.0028216 secs] [Times: user=0.01 sys=0.00, real=0.01 secs] 
2019-01-02T04:08:09.654+0900: 126336.230: [GC (Allocation Failure) [PSYoungGen: 60768K->352K(60928K)] 83614K->23198K(369664K), 0.0023302 secs] [Times: user=0.01 sys=0.00, real=0.00 secs] 
2019-01-02T04:08:57.101+0900: 126383.677: [GC (Allocation Failure) [PSYoungGen: 60768K->320K(60928K)] 83614K->23166K(369664K), 0.0026658 secs] [Times: user=0.01 sys=0.00, real=0.01 secs] 
2019-01-02T04:09:45.029+0900: 126431.604: [GC (Allocation Failure) [PSYoungGen: 60736K->256K(60928K)] 83582K->23102K(369664K), 0.0025564 secs] [Times: user=0.01 sys=0.00, real=0.00 secs] 
2019-01-02T04:10:32.527+0900: 126479.103: [GC (Allocation Failure) [PSYoungGen: 60672K->352K(60928K)] 83518K->23198K(369664K), 0.0024814 secs] [Times: user=0.02 sys=0.00, real=0.00 secs] 
2019-01-02T04:11:20.526+0900: 126527.102: [GC (Allocation Failure) [PSYoungGen: 60768K->352K(60928K)] 83614K->23198K(369664K), 0.0030017 secs] [Times: user=0.01 sys=0.00, real=0.00 secs] 
2019-01-02T04:12:08.093+0900: 126574.669: [GC (Allocation Failure) [PSYoungGen: 60768K->288K(60928K)] 83614K->23134K(369664K), 0.0026107 secs] [Times: user=0.01 sys=0.00, real=0.01 secs] 
2019-01-02T04:12:55.701+0900: 126622.277: [GC (Allocation Failure) [PSYoungGen: 60704K->320K(60928K)] 83550K->23166K(369664K), 0.0029761 secs] [Times: user=0.01 sys=0.00, real=0.01 secs] 
2019-01-02T04:13:43.571+0900: 126670.147: [GC (Allocation Failure) [PSYoungGen: 60736K->352K(60928K)] 83582K->23198K(369664K), 0.0028080 secs] [Times: user=0.01 sys=0.01, real=0.01 secs] 
2019-01-02T04:14:31.439+0900: 126718.015: [GC (Allocation Failure) [PSYoungGen: 60768K->320K(60928K)] 83614K->23222K(369664K), 0.0026295 secs] [Times: user=0.01 sys=0.00, real=0.00 secs] 
2019-01-02T04:15:19.443+0900: 126766.019: [GC (Allocation Failure) [PSYoungGen: 60736K->320K(60928K)] 83638K->23238K(369664K), 0.0027669 secs] [Times: user=0.01 sys=0.00, real=0.01 secs] 
2019-01-02T04:16:06.829+0900: 126813.405: [GC (Allocation Failure) [PSYoungGen: 60736K->288K(60928K)] 83654K->23206K(369664K), 0.0026952 secs] [Times: user=0.01 sys=0.00, real=0.00 secs] 
2019-01-02T04:16:54.556+0900: 126861.132: [GC (Allocation Failure) [PSYoungGen: 60704K->352K(60928K)] 83622K->23334K(369664K), 0.0030930 secs] [Times: user=0.01 sys=0.00, real=0.00 secs] 
2019-01-02T04:17:42.172+0900: 126908.748: [GC (Allocation Failure) [PSYoungGen: 60768K->288K(60928K)] 83750K->23270K(369664K), 0.0027202 secs] [Times: user=0.01 sys=0.00, real=0.01 secs] 
2019-01-02T04:18:29.766+0900: 126956.342: [GC (Allocation Failure) [PSYoungGen: 60704K->288K(60928K)] 83686K->23270K(369664K), 0.0027703 secs] [Times: user=0.01 sys=0.00, real=0.00 secs] 
2019-01-02T04:19:17.560+0900: 127004.136: [GC (Allocation Failure) [PSYoungGen: 60704K->320K(60928K)] 83686K->23326K(369664K), 0.0028055 secs] [Times: user=0.01 sys=0.00, real=0.00 secs] 
2019-01-02T04:20:05.320+0900: 127051.896: [GC (Allocation Failure) [PSYoungGen: 60736K->320K(60928K)] 83742K->23326K(369664K), 0.0025161 secs] [Times: user=0.01 sys=0.00, real=0.00 secs] 
2019-01-02T04:20:52.813+0900: 127099.389: [GC (Allocation Failure) [PSYoungGen: 60736K->256K(60928K)] 83742K->23262K(369664K), 0.0025700 secs] [Times: user=0.01 sys=0.00, real=0.01 secs] 
2019-01-02T04:21:41.003+0900: 127147.579: [GC (Allocation Failure) [PSYoungGen: 60672K->320K(60928K)] 83678K->23326K(369664K), 0.0028161 secs] [Times: user=0.01 sys=0.00, real=0.01 secs] 
2019-01-02T04:22:28.699+0900: 127195.275: [GC (Allocation Failure) [PSYoungGen: 60736K->288K(60928K)] 83742K->23294K(369664K), 0.0027576 secs] [Times: user=0.01 sys=0.00, real=0.00 secs] 
2019-01-02T04:23:16.380+0900: 127242.956: [GC (Allocation Failure) [PSYoungGen: 60704K->352K(60928K)] 83710K->23358K(369664K), 0.0028369 secs] [Times: user=0.01 sys=0.00, real=0.00 secs] 
2019-01-02T04:24:04.335+0900: 127290.911: [GC (Allocation Failure) [PSYoungGen: 60768K->320K(60928K)] 83774K->23326K(369664K), 0.0031617 secs] [Times: user=0.02 sys=0.00, real=0.00 secs] 
2019-01-02T04:24:51.766+0900: 127338.342: [GC (Allocation Failure) [PSYoungGen: 60736K->352K(60928K)] 83742K->23358K(369664K), 0.0028583 secs] [Times: user=0.01 sys=0.00, real=0.00 secs] 
2019-01-02T04:25:39.487+0900: 127386.063: [GC (Allocation Failure) [PSYoungGen: 60768K->320K(60928K)] 83774K->23326K(369664K), 0.0024858 secs] [Times: user=0.00 sys=0.01, real=0.00 secs] 
2019-01-02T04:26:27.238+0900: 127433.814: [GC (Allocation Failure) [PSYoungGen: 60736K->288K(60928K)] 83742K->23294K(369664K), 0.0028876 secs] [Times: user=0.01 sys=0.00, real=0.00 secs] 
2019-01-02T04:27:14.984+0900: 127481.560: [GC (Allocation Failure) [PSYoungGen: 60704K->224K(60928K)] 83710K->23230K(369664K), 0.0027729 secs] [Times: user=0.01 sys=0.00, real=0.00 secs] 
2019-01-02T04:28:02.778+0900: 127529.354: [GC (Allocation Failure) [PSYoungGen: 60640K->288K(60928K)] 83646K->23294K(369664K), 0.0028456 secs] [Times: user=0.01 sys=0.00, real=0.00 secs] 
2019-01-02T04:28:50.526+0900: 127577.102: [GC (Allocation Failure) [PSYoungGen: 60704K->256K(60928K)] 83710K->23262K(369664K), 0.0028496 secs] [Times: user=0.01 sys=0.00, real=0.00 secs] 
2019-01-02T04:29:38.083+0900: 127624.658: [GC (Allocation Failure) [PSYoungGen: 60672K->320K(60928K)] 83678K->23326K(369664K), 0.0029703 secs] [Times: user=0.01 sys=0.00, real=0.01 secs] 
2019-01-02T04:30:25.837+0900: 127672.412: [GC (Allocation Failure) [PSYoungGen: 60736K->320K(60928K)] 83742K->23326K(369664K), 0.0027619 secs] [Times: user=0.01 sys=0.00, real=0.00 secs] 
2019-01-02T04:31:13.302+0900: 127719.878: [GC (Allocation Failure) [PSYoungGen: 60736K->320K(60928K)] 83742K->23326K(369664K), 0.0028754 secs] [Times: user=0.01 sys=0.01, real=0.01 secs] 
2019-01-02T04:32:01.408+0900: 127767.984: [GC (Allocation Failure) [PSYoungGen: 60736K->224K(60928K)] 83742K->23230K(369664K), 0.0029514 secs] [Times: user=0.00 sys=0.00, real=0.00 secs] 
2019-01-02T04:32:48.648+0900: 127815.224: [GC (Allocation Failure) [PSYoungGen: 60640K->256K(60928K)] 83646K->23262K(369664K), 0.0027224 secs] [Times: user=0.00 sys=0.01, real=0.00 secs] 
2019-01-02T04:33:36.356+0900: 127862.932: [GC (Allocation Failure) [PSYoungGen: 60672K->256K(60928K)] 83678K->23262K(369664K), 0.0025756 secs] [Times: user=0.02 sys=0.00, real=0.00 secs] 
2019-01-02T04:34:24.116+0900: 127910.692: [GC (Allocation Failure) [PSYoungGen: 60672K->256K(60928K)] 83678K->23262K(369664K), 0.0027261 secs] [Times: user=0.01 sys=0.00, real=0.00 secs] 
2019-01-02T04:35:11.696+0900: 127958.272: [GC (Allocation Failure) [PSYoungGen: 60672K->224K(60928K)] 83678K->23230K(369664K), 0.0026820 secs] [Times: user=0.01 sys=0.00, real=0.00 secs] 
2019-01-02T04:35:59.310+0900: 128005.886: [GC (Allocation Failure) [PSYoungGen: 60640K->352K(60928K)] 83646K->23358K(369664K), 0.0028822 secs] [Times: user=0.01 sys=0.00, real=0.00 secs] 
2019-01-02T04:36:47.232+0900: 128053.807: [GC (Allocation Failure) [PSYoungGen: 60768K->352K(60928K)] 83774K->23358K(369664K), 0.0029230 secs] [Times: user=0.01 sys=0.00, real=0.01 secs] 
2019-01-02T04:37:34.952+0900: 128101.528: [GC (Allocation Failure) [PSYoungGen: 60768K->288K(60928K)] 83774K->23294K(369664K), 0.0028714 secs] [Times: user=0.01 sys=0.00, real=0.01 secs] 
2019-01-02T04:38:22.920+0900: 128149.496: [GC (Allocation Failure) [PSYoungGen: 60704K->320K(60928K)] 83710K->23326K(369664K), 0.0030220 secs] [Times: user=0.01 sys=0.00, real=0.00 secs] 
2019-01-02T04:39:10.394+0900: 128196.970: [GC (Allocation Failure) [PSYoungGen: 60736K->352K(60928K)] 83742K->23358K(369664K), 0.0027221 secs] [Times: user=0.01 sys=0.00, real=0.00 secs] 
2019-01-02T04:39:58.061+0900: 128244.637: [GC (Allocation Failure) [PSYoungGen: 60768K->320K(60928K)] 83774K->23326K(369664K), 0.0025832 secs] [Times: user=0.00 sys=0.01, real=0.01 secs] 
2019-01-02T04:40:45.761+0900: 128292.337: [GC (Allocation Failure) [PSYoungGen: 60736K->320K(60928K)] 83742K->23326K(369664K), 0.0028426 secs] [Times: user=0.01 sys=0.00, real=0.01 secs] 
2019-01-02T04:41:33.766+0900: 128340.342: [GC (Allocation Failure) [PSYoungGen: 60736K->320K(60928K)] 83742K->23326K(369664K), 0.0023444 secs] [Times: user=0.01 sys=0.00, real=0.00 secs] 
2019-01-02T04:42:21.899+0900: 128388.475: [GC (Allocation Failure) [PSYoungGen: 60736K->288K(60928K)] 83742K->23294K(369664K), 0.0029075 secs] [Times: user=0.01 sys=0.00, real=0.00 secs] 
2019-01-02T04:43:09.250+0900: 128435.826: [GC (Allocation Failure) [PSYoungGen: 60704K->320K(60928K)] 83710K->23326K(369664K), 0.0023790 secs] [Times: user=0.01 sys=0.00, real=0.00 secs] 
2019-01-02T04:43:56.949+0900: 128483.525: [GC (Allocation Failure) [PSYoungGen: 60736K->352K(60928K)] 83742K->23358K(369664K), 0.0029475 secs] [Times: user=0.00 sys=0.00, real=0.00 secs] 
2019-01-02T04:44:44.747+0900: 128531.323: [GC (Allocation Failure) [PSYoungGen: 60768K->288K(60928K)] 83774K->23326K(369664K), 0.0028020 secs] [Times: user=0.01 sys=0.00, real=0.00 secs] 
2019-01-02T04:45:32.699+0900: 128579.275: [GC (Allocation Failure) [PSYoungGen: 60704K->256K(60928K)] 83742K->23294K(369664K), 0.0025735 secs] [Times: user=0.00 sys=0.00, real=0.00 secs] 
2019-01-02T04:46:20.040+0900: 128626.616: [GC (Allocation Failure) [PSYoungGen: 60672K->320K(60928K)] 83710K->23358K(369664K), 0.0027886 secs] [Times: user=0.01 sys=0.00, real=0.00 secs] 
2019-01-02T04:47:07.873+0900: 128674.449: [GC (Allocation Failure) [PSYoungGen: 60736K->352K(60928K)] 83774K->23422K(369664K), 0.0024577 secs] [Times: user=0.01 sys=0.00, real=0.01 secs] 
2019-01-02T04:47:55.654+0900: 128722.230: [GC (Allocation Failure) [PSYoungGen: 60768K->224K(60928K)] 83838K->23302K(369664K), 0.0023894 secs] [Times: user=0.02 sys=0.00, real=0.00 secs] 
2019-01-02T04:48:43.559+0900: 128770.135: [GC (Allocation Failure) [PSYoungGen: 60640K->288K(60928K)] 83718K->23366K(369664K), 0.0033515 secs] [Times: user=0.01 sys=0.01, real=0.00 secs] 
2019-01-02T04:49:31.489+0900: 128818.064: [GC (Allocation Failure) [PSYoungGen: 60704K->320K(60928K)] 83782K->23398K(369664K), 0.0028681 secs] [Times: user=0.01 sys=0.01, real=0.00 secs] 
2019-01-02T04:50:18.848+0900: 128865.423: [GC (Allocation Failure) [PSYoungGen: 60736K->256K(60928K)] 83814K->23334K(369664K), 0.0024703 secs] [Times: user=0.01 sys=0.00, real=0.00 secs] 
2019-01-02T04:51:06.395+0900: 128912.971: [GC (Allocation Failure) [PSYoungGen: 60672K->288K(60928K)] 83750K->23366K(369664K), 0.0028253 secs] [Times: user=0.00 sys=0.01, real=0.00 secs] 
2019-01-02T04:51:54.098+0900: 128960.673: [GC (Allocation Failure) [PSYoungGen: 60704K->288K(60928K)] 83782K->23366K(369664K), 0.0028404 secs] [Times: user=0.01 sys=0.00, real=0.00 secs] 
2019-01-02T04:52:41.961+0900: 129008.537: [GC (Allocation Failure) [PSYoungGen: 60704K->352K(60928K)] 83782K->23430K(369664K), 0.0028282 secs] [Times: user=0.02 sys=0.00, real=0.01 secs] 
2019-01-02T04:53:29.785+0900: 129056.361: [GC (Allocation Failure) [PSYoungGen: 60768K->288K(60928K)] 83846K->23366K(369664K), 0.0024884 secs] [Times: user=0.01 sys=0.00, real=0.00 secs] 
2019-01-02T04:54:17.666+0900: 129104.241: [GC (Allocation Failure) [PSYoungGen: 60704K->288K(60928K)] 83782K->23366K(369664K), 0.0023532 secs] [Times: user=0.01 sys=0.00, real=0.00 secs] 
2019-01-02T04:55:05.148+0900: 129151.724: [GC (Allocation Failure) [PSYoungGen: 60704K->320K(60928K)] 83782K->23398K(369664K), 0.0024365 secs] [Times: user=0.01 sys=0.00, real=0.00 secs] 
2019-01-02T04:55:53.164+0900: 129199.740: [GC (Allocation Failure) [PSYoungGen: 60736K->320K(60928K)] 83814K->23398K(369664K), 0.0026298 secs] [Times: user=0.01 sys=0.00, real=0.00 secs] 
2019-01-02T04:56:40.924+0900: 129247.500: [GC (Allocation Failure) [PSYoungGen: 60736K->320K(60928K)] 83814K->23398K(369664K), 0.0028795 secs] [Times: user=0.00 sys=0.01, real=0.00 secs] 
2019-01-02T04:57:28.628+0900: 129295.204: [GC (Allocation Failure) [PSYoungGen: 60736K->352K(60928K)] 83814K->23430K(369664K), 0.0023655 secs] [Times: user=0.00 sys=0.01, real=0.00 secs] 
2019-01-02T04:58:16.209+0900: 129342.785: [GC (Allocation Failure) [PSYoungGen: 60768K->320K(60928K)] 83846K->23398K(369664K), 0.0023278 secs] [Times: user=0.01 sys=0.00, real=0.00 secs] 
2019-01-02T04:59:04.241+0900: 129390.817: [GC (Allocation Failure) [PSYoungGen: 60736K->288K(60928K)] 83814K->23366K(369664K), 0.0028148 secs] [Times: user=0.01 sys=0.01, real=0.01 secs] 
2019-01-02T04:59:52.209+0900: 129438.785: [GC (Allocation Failure) [PSYoungGen: 60704K->352K(60928K)] 83782K->23430K(369664K), 0.0030802 secs] [Times: user=0.01 sys=0.00, real=0.00 secs] 
2019-01-02T05:00:40.230+0900: 129486.806: [GC (Allocation Failure) [PSYoungGen: 60768K->288K(60928K)] 83846K->23366K(369664K), 0.0032398 secs] [Times: user=0.02 sys=0.00, real=0.00 secs] 
2019-01-02T05:01:27.790+0900: 129534.366: [GC (Allocation Failure) [PSYoungGen: 60704K->352K(60928K)] 83782K->23430K(369664K), 0.0024335 secs] [Times: user=0.00 sys=0.01, real=0.00 secs] 
2019-01-02T05:02:15.493+0900: 129582.069: [GC (Allocation Failure) [PSYoungGen: 60768K->320K(60928K)] 83846K->23398K(369664K), 0.0025057 secs] [Times: user=0.01 sys=0.00, real=0.01 secs] 
2019-01-02T05:03:02.971+0900: 129629.547: [GC (Allocation Failure) [PSYoungGen: 60736K->320K(60928K)] 83814K->23398K(369664K), 0.0030420 secs] [Times: user=0.01 sys=0.00, real=0.01 secs] 
2019-01-02T05:03:50.665+0900: 129677.241: [GC (Allocation Failure) [PSYoungGen: 60736K->352K(60928K)] 83814K->23430K(369664K), 0.0026782 secs] [Times: user=0.00 sys=0.01, real=0.00 secs] 
2019-01-02T05:04:38.455+0900: 129725.031: [GC (Allocation Failure) [PSYoungGen: 60768K->352K(60928K)] 83846K->23430K(369664K), 0.0029815 secs] [Times: user=0.01 sys=0.00, real=0.00 secs] 
2019-01-02T05:05:26.366+0900: 129772.942: [GC (Allocation Failure) [PSYoungGen: 60768K->256K(60928K)] 83846K->23334K(369664K), 0.0026667 secs] [Times: user=0.01 sys=0.01, real=0.00 secs] 
2019-01-02T05:06:13.747+0900: 129820.323: [GC (Allocation Failure) [PSYoungGen: 60672K->288K(60928K)] 83750K->23366K(369664K), 0.0024854 secs] [Times: user=0.01 sys=0.00, real=0.00 secs] 
2019-01-02T05:07:01.940+0900: 129868.516: [GC (Allocation Failure) [PSYoungGen: 60704K->320K(60928K)] 83782K->23398K(369664K), 0.0025658 secs] [Times: user=0.01 sys=0.00, real=0.00 secs] 
2019-01-02T05:07:49.809+0900: 129916.385: [GC (Allocation Failure) [PSYoungGen: 60736K->352K(60928K)] 83814K->23430K(369664K), 0.0027439 secs] [Times: user=0.01 sys=0.00, real=0.00 secs] 
2019-01-02T05:08:37.600+0900: 129964.176: [GC (Allocation Failure) [PSYoungGen: 60768K->320K(60928K)] 83846K->23398K(369664K), 0.0026033 secs] [Times: user=0.01 sys=0.00, real=0.00 secs] 
2019-01-02T05:09:25.512+0900: 130012.088: [GC (Allocation Failure) [PSYoungGen: 60736K->320K(60928K)] 83814K->23398K(369664K), 0.0029381 secs] [Times: user=0.01 sys=0.00, real=0.01 secs] 
2019-01-02T05:10:13.600+0900: 130060.176: [GC (Allocation Failure) [PSYoungGen: 60736K->288K(60928K)] 83814K->23366K(369664K), 0.0026698 secs] [Times: user=0.01 sys=0.00, real=0.00 secs] 
2019-01-02T05:11:00.899+0900: 130107.475: [GC (Allocation Failure) [PSYoungGen: 60704K->352K(60928K)] 83782K->23430K(369664K), 0.0027029 secs] [Times: user=0.01 sys=0.00, real=0.00 secs] 
2019-01-02T05:11:48.735+0900: 130155.310: [GC (Allocation Failure) [PSYoungGen: 60768K->320K(60928K)] 83846K->23398K(369664K), 0.0025179 secs] [Times: user=0.01 sys=0.00, real=0.00 secs] 
2019-01-02T05:12:36.662+0900: 130203.238: [GC (Allocation Failure) [PSYoungGen: 60736K->320K(60928K)] 83814K->23398K(369664K), 0.0028449 secs] [Times: user=0.01 sys=0.01, real=0.01 secs] 
2019-01-02T05:13:24.474+0900: 130251.050: [GC (Allocation Failure) [PSYoungGen: 60736K->256K(60928K)] 83814K->23334K(369664K), 0.0024316 secs] [Times: user=0.01 sys=0.00, real=0.00 secs] 
2019-01-02T05:14:12.084+0900: 130298.660: [GC (Allocation Failure) [PSYoungGen: 60672K->288K(60928K)] 83750K->23366K(369664K), 0.0028910 secs] [Times: user=0.00 sys=0.01, real=0.00 secs] 
2019-01-02T05:14:59.865+0900: 130346.441: [GC (Allocation Failure) [PSYoungGen: 60704K->256K(60928K)] 83782K->23382K(369664K), 0.0036273 secs] [Times: user=0.01 sys=0.00, real=0.00 secs] 
2019-01-02T05:15:48.063+0900: 130394.639: [GC (Allocation Failure) [PSYoungGen: 60672K->256K(60928K)] 83798K->23382K(369664K), 0.0025769 secs] [Times: user=0.00 sys=0.01, real=0.01 secs] 
2019-01-02T05:16:35.977+0900: 130442.553: [GC (Allocation Failure) [PSYoungGen: 60672K->288K(60928K)] 83798K->23414K(369664K), 0.0029358 secs] [Times: user=0.00 sys=0.01, real=0.00 secs] 
2019-01-02T05:17:23.452+0900: 130490.028: [GC (Allocation Failure) [PSYoungGen: 60704K->320K(60928K)] 83830K->23494K(369664K), 0.0028953 secs] [Times: user=0.00 sys=0.01, real=0.01 secs] 
2019-01-02T05:18:11.233+0900: 130537.809: [GC (Allocation Failure) [PSYoungGen: 60736K->320K(60928K)] 83910K->23494K(369664K), 0.0026308 secs] [Times: user=0.00 sys=0.01, real=0.01 secs] 
2019-01-02T05:18:58.962+0900: 130585.538: [GC (Allocation Failure) [PSYoungGen: 60736K->352K(60928K)] 83910K->23526K(369664K), 0.0023720 secs] [Times: user=0.00 sys=0.00, real=0.01 secs] 
2019-01-02T05:19:46.592+0900: 130633.168: [GC (Allocation Failure) [PSYoungGen: 60768K->320K(60928K)] 83942K->23494K(369664K), 0.0023449 secs] [Times: user=0.00 sys=0.01, real=0.01 secs] 
2019-01-02T05:20:34.458+0900: 130681.034: [GC (Allocation Failure) [PSYoungGen: 60736K->352K(60928K)] 83910K->23526K(369664K), 0.0025307 secs] [Times: user=0.01 sys=0.01, real=0.00 secs] 
2019-01-02T05:21:22.411+0900: 130728.987: [GC (Allocation Failure) [PSYoungGen: 60768K->288K(60928K)] 83942K->23518K(369664K), 0.0024915 secs] [Times: user=0.01 sys=0.01, real=0.00 secs] 
2019-01-02T05:22:10.277+0900: 130776.853: [GC (Allocation Failure) [PSYoungGen: 60704K->320K(60928K)] 83934K->23550K(369664K), 0.0028431 secs] [Times: user=0.00 sys=0.00, real=0.00 secs] 
2019-01-02T05:22:57.799+0900: 130824.375: [GC (Allocation Failure) [PSYoungGen: 60736K->320K(60928K)] 83966K->23550K(369664K), 0.0027565 secs] [Times: user=0.01 sys=0.01, real=0.00 secs] 
2019-01-02T05:23:45.453+0900: 130872.029: [GC (Allocation Failure) [PSYoungGen: 60736K->320K(60928K)] 83966K->23550K(369664K), 0.0026762 secs] [Times: user=0.01 sys=0.00, real=0.01 secs] 
2019-01-02T05:24:33.260+0900: 130919.836: [GC (Allocation Failure) [PSYoungGen: 60736K->288K(60928K)] 83966K->23518K(369664K), 0.0027535 secs] [Times: user=0.00 sys=0.01, real=0.00 secs] 
2019-01-02T05:25:21.129+0900: 130967.705: [GC (Allocation Failure) [PSYoungGen: 60704K->320K(60928K)] 83934K->23550K(369664K), 0.0024290 secs] [Times: user=0.00 sys=0.01, real=0.00 secs] 
2019-01-02T05:26:08.917+0900: 131015.493: [GC (Allocation Failure) [PSYoungGen: 60736K->288K(60928K)] 83966K->23518K(369664K), 0.0024813 secs] [Times: user=0.01 sys=0.00, real=0.00 secs] 
2019-01-02T05:26:56.748+0900: 131063.323: [GC (Allocation Failure) [PSYoungGen: 60704K->288K(60928K)] 83934K->23526K(369664K), 0.0029061 secs] [Times: user=0.00 sys=0.01, real=0.00 secs] 
2019-01-02T05:27:44.667+0900: 131111.243: [GC (Allocation Failure) [PSYoungGen: 60704K->320K(60928K)] 83942K->23558K(369664K), 0.0023735 secs] [Times: user=0.01 sys=0.00, real=0.00 secs] 
2019-01-02T05:28:32.136+0900: 131158.712: [GC (Allocation Failure) [PSYoungGen: 60736K->288K(60928K)] 83974K->23526K(369664K), 0.0029175 secs] [Times: user=0.01 sys=0.00, real=0.00 secs] 
2019-01-02T05:29:19.953+0900: 131206.529: [GC (Allocation Failure) [PSYoungGen: 60704K->320K(60928K)] 83942K->23558K(369664K), 0.0028185 secs] [Times: user=0.01 sys=0.00, real=0.01 secs] 
2019-01-02T05:30:07.724+0900: 131254.300: [GC (Allocation Failure) [PSYoungGen: 60736K->352K(60928K)] 83974K->23590K(369664K), 0.0028301 secs] [Times: user=0.01 sys=0.00, real=0.01 secs] 
2019-01-02T05:30:55.708+0900: 131302.284: [GC (Allocation Failure) [PSYoungGen: 60768K->320K(60928K)] 84006K->23558K(369664K), 0.0027715 secs] [Times: user=0.01 sys=0.00, real=0.00 secs] 
2019-01-02T05:31:43.616+0900: 131350.191: [GC (Allocation Failure) [PSYoungGen: 60736K->288K(60928K)] 83974K->23526K(369664K), 0.0027929 secs] [Times: user=0.01 sys=0.00, real=0.00 secs] 
2019-01-02T05:32:31.245+0900: 131397.821: [GC (Allocation Failure) [PSYoungGen: 60704K->320K(60928K)] 83942K->23558K(369664K), 0.0027826 secs] [Times: user=0.00 sys=0.01, real=0.00 secs] 
2019-01-02T05:33:18.900+0900: 131445.476: [GC (Allocation Failure) [PSYoungGen: 60736K->320K(60928K)] 83974K->23558K(369664K), 0.0027728 secs] [Times: user=0.02 sys=0.00, real=0.00 secs] 
2019-01-02T05:34:06.484+0900: 131493.060: [GC (Allocation Failure) [PSYoungGen: 60736K->352K(60928K)] 83974K->23590K(369664K), 0.0029123 secs] [Times: user=0.01 sys=0.00, real=0.00 secs] 
2019-01-02T05:34:54.049+0900: 131540.625: [GC (Allocation Failure) [PSYoungGen: 60768K->320K(60928K)] 84006K->23558K(369664K), 0.0025771 secs] [Times: user=0.01 sys=0.00, real=0.00 secs] 
2019-01-02T05:35:41.862+0900: 131588.438: [GC (Allocation Failure) [PSYoungGen: 60736K->320K(60928K)] 83974K->23558K(369664K), 0.0030082 secs] [Times: user=0.00 sys=0.01, real=0.01 secs] 
2019-01-02T05:36:29.779+0900: 131636.355: [GC (Allocation Failure) [PSYoungGen: 60736K->288K(60928K)] 83974K->23526K(369664K), 0.0027056 secs] [Times: user=0.01 sys=0.00, real=0.00 secs] 
2019-01-02T05:37:17.247+0900: 131683.823: [GC (Allocation Failure) [PSYoungGen: 60704K->352K(60928K)] 83942K->23590K(369664K), 0.0028297 secs] [Times: user=0.01 sys=0.00, real=0.00 secs] 
2019-01-02T05:38:05.095+0900: 131731.671: [GC (Allocation Failure) [PSYoungGen: 60768K->320K(60928K)] 84006K->23558K(369664K), 0.0031236 secs] [Times: user=0.01 sys=0.00, real=0.00 secs] 
2019-01-02T05:38:52.825+0900: 131779.401: [GC (Allocation Failure) [PSYoungGen: 60736K->224K(60928K)] 83974K->23462K(369664K), 0.0028413 secs] [Times: user=0.01 sys=0.00, real=0.00 secs] 
2019-01-02T05:39:40.675+0900: 131827.251: [GC (Allocation Failure) [PSYoungGen: 60640K->320K(60928K)] 83878K->23622K(369664K), 0.0031119 secs] [Times: user=0.02 sys=0.00, real=0.00 secs] 
2019-01-02T05:40:28.009+0900: 131874.585: [GC (Allocation Failure) [PSYoungGen: 60736K->320K(60928K)] 84038K->23630K(369664K), 0.0029004 secs] [Times: user=0.01 sys=0.00, real=0.00 secs] 
2019-01-02T05:41:16.202+0900: 131922.777: [GC (Allocation Failure) [PSYoungGen: 60736K->352K(60928K)] 84046K->23662K(369664K), 0.0028452 secs] [Times: user=0.00 sys=0.01, real=0.01 secs] 
2019-01-02T05:42:03.994+0900: 131970.570: [GC (Allocation Failure) [PSYoungGen: 60768K->352K(60928K)] 84078K->23662K(369664K), 0.0030395 secs] [Times: user=0.01 sys=0.00, real=0.00 secs] 
2019-01-02T05:42:51.593+0900: 132018.169: [GC (Allocation Failure) [PSYoungGen: 60768K->352K(60928K)] 84078K->23662K(369664K), 0.0028921 secs] [Times: user=0.01 sys=0.00, real=0.01 secs] 
2019-01-02T05:43:39.308+0900: 132065.884: [GC (Allocation Failure) [PSYoungGen: 60768K->288K(60928K)] 84078K->23598K(369664K), 0.0027923 secs] [Times: user=0.01 sys=0.00, real=0.00 secs] 
2019-01-02T05:44:27.109+0900: 132113.685: [GC (Allocation Failure) [PSYoungGen: 60704K->320K(60928K)] 84014K->23638K(369664K), 0.0024486 secs] [Times: user=0.00 sys=0.01, real=0.00 secs] 
2019-01-02T05:45:15.029+0900: 132161.605: [GC (Allocation Failure) [PSYoungGen: 60736K->256K(60928K)] 84054K->23582K(369664K), 0.0028565 secs] [Times: user=0.01 sys=0.00, real=0.00 secs] 
2019-01-02T05:46:02.375+0900: 132208.951: [GC (Allocation Failure) [PSYoungGen: 60672K->320K(60928K)] 83998K->23646K(369664K), 0.0024187 secs] [Times: user=0.01 sys=0.00, real=0.00 secs] 
2019-01-02T05:46:50.013+0900: 132256.589: [GC (Allocation Failure) [PSYoungGen: 60736K->320K(60928K)] 84062K->23686K(369664K), 0.0028736 secs] [Times: user=0.01 sys=0.00, real=0.01 secs] 
2019-01-02T05:47:37.932+0900: 132304.508: [GC (Allocation Failure) [PSYoungGen: 60736K->320K(60928K)] 84102K->23686K(369664K), 0.0023884 secs] [Times: user=0.01 sys=0.00, real=0.01 secs] 
2019-01-02T05:48:25.943+0900: 132352.519: [GC (Allocation Failure) [PSYoungGen: 60736K->352K(60928K)] 84102K->23718K(369664K), 0.0027595 secs] [Times: user=0.01 sys=0.01, real=0.01 secs] 
2019-01-02T05:49:13.815+0900: 132400.391: [GC (Allocation Failure) [PSYoungGen: 60768K->352K(60928K)] 84134K->23718K(369664K), 0.0024269 secs] [Times: user=0.01 sys=0.00, real=0.00 secs] 
2019-01-02T05:50:01.492+0900: 132448.068: [GC (Allocation Failure) [PSYoungGen: 60768K->352K(60928K)] 84134K->23718K(369664K), 0.0025238 secs] [Times: user=0.00 sys=0.00, real=0.01 secs] 
2019-01-02T05:50:49.178+0900: 132495.754: [GC (Allocation Failure) [PSYoungGen: 60768K->288K(60928K)] 84134K->23654K(369664K), 0.0029034 secs] [Times: user=0.01 sys=0.00, real=0.00 secs] 
2019-01-02T05:51:36.856+0900: 132543.432: [GC (Allocation Failure) [PSYoungGen: 60704K->288K(60928K)] 84070K->23686K(369664K), 0.0028046 secs] [Times: user=0.00 sys=0.01, real=0.00 secs] 
2019-01-02T05:52:24.460+0900: 132591.036: [GC (Allocation Failure) [PSYoungGen: 60704K->288K(60928K)] 84102K->23710K(369664K), 0.0027879 secs] [Times: user=0.01 sys=0.00, real=0.00 secs] 
2019-01-02T05:53:12.353+0900: 132638.929: [GC (Allocation Failure) [PSYoungGen: 60704K->256K(60928K)] 84126K->23678K(369664K), 0.0029301 secs] [Times: user=0.01 sys=0.00, real=0.01 secs] 
2019-01-02T05:54:00.185+0900: 132686.761: [GC (Allocation Failure) [PSYoungGen: 60672K->320K(60928K)] 84094K->23742K(369664K), 0.0031143 secs] [Times: user=0.00 sys=0.01, real=0.00 secs] 
2019-01-02T05:54:47.878+0900: 132734.454: [GC (Allocation Failure) [PSYoungGen: 60736K->320K(60928K)] 84158K->23742K(369664K), 0.0029551 secs] [Times: user=0.01 sys=0.01, real=0.00 secs] 
2019-01-02T05:55:35.575+0900: 132782.151: [GC (Allocation Failure) [PSYoungGen: 60736K->288K(60928K)] 84158K->23710K(369664K), 0.0027056 secs] [Times: user=0.01 sys=0.01, real=0.00 secs] 
2019-01-02T05:56:23.433+0900: 132830.009: [GC (Allocation Failure) [PSYoungGen: 60704K->352K(60928K)] 84126K->23774K(369664K), 0.0026504 secs] [Times: user=0.01 sys=0.00, real=0.01 secs] 
2019-01-02T05:57:11.016+0900: 132877.592: [GC (Allocation Failure) [PSYoungGen: 60768K->352K(60928K)] 84190K->23774K(369664K), 0.0026783 secs] [Times: user=0.02 sys=0.00, real=0.00 secs] 
2019-01-02T05:57:58.695+0900: 132925.271: [GC (Allocation Failure) [PSYoungGen: 60768K->288K(60928K)] 84190K->23710K(369664K), 0.0027650 secs] [Times: user=0.00 sys=0.01, real=0.00 secs] 
2019-01-02T05:58:46.454+0900: 132973.030: [GC (Allocation Failure) [PSYoungGen: 60704K->320K(60928K)] 84126K->23750K(369664K), 0.0028968 secs] [Times: user=0.02 sys=0.00, real=0.00 secs] 
2019-01-02T05:59:34.291+0900: 133020.867: [GC (Allocation Failure) [PSYoungGen: 60736K->352K(60928K)] 84166K->23782K(369664K), 0.0028016 secs] [Times: user=0.01 sys=0.00, real=0.01 secs] 
2019-01-02T06:00:21.766+0900: 133068.342: [GC (Allocation Failure) [PSYoungGen: 60768K->352K(60928K)] 84198K->23782K(369664K), 0.0028535 secs] [Times: user=0.00 sys=0.01, real=0.00 secs] 
2019-01-02T06:01:09.400+0900: 133115.976: [GC (Allocation Failure) [PSYoungGen: 60768K->288K(60928K)] 84198K->23718K(369664K), 0.0023482 secs] [Times: user=0.01 sys=0.00, real=0.00 secs] 
2019-01-02T06:01:57.203+0900: 133163.779: [GC (Allocation Failure) [PSYoungGen: 60704K->256K(60928K)] 84134K->23718K(369664K), 0.0023459 secs] [Times: user=0.00 sys=0.01, real=0.01 secs] 
2019-01-02T06:02:45.065+0900: 133211.641: [GC (Allocation Failure) [PSYoungGen: 60672K->320K(60928K)] 84134K->23782K(369664K), 0.0030181 secs] [Times: user=0.00 sys=0.01, real=0.00 secs] 
2019-01-02T06:03:32.883+0900: 133259.459: [GC (Allocation Failure) [PSYoungGen: 60736K->352K(60928K)] 84198K->23814K(369664K), 0.0031591 secs] [Times: user=0.01 sys=0.01, real=0.01 secs] 
2019-01-02T06:04:20.710+0900: 133307.285: [GC (Allocation Failure) [PSYoungGen: 60768K->352K(60928K)] 84230K->23814K(369664K), 0.0026128 secs] [Times: user=0.01 sys=0.00, real=0.00 secs] 
2019-01-02T06:05:08.617+0900: 133355.193: [GC (Allocation Failure) [PSYoungGen: 60768K->256K(60928K)] 84230K->23718K(369664K), 0.0027007 secs] [Times: user=0.01 sys=0.00, real=0.00 secs] 
2019-01-02T06:05:56.097+0900: 133402.673: [GC (Allocation Failure) [PSYoungGen: 60672K->256K(60928K)] 84134K->23718K(369664K), 0.0029017 secs] [Times: user=0.01 sys=0.00, real=0.00 secs] 
2019-01-02T06:06:43.715+0900: 133450.291: [GC (Allocation Failure) [PSYoungGen: 60672K->352K(60928K)] 84134K->23814K(369664K), 0.0029783 secs] [Times: user=0.00 sys=0.01, real=0.00 secs] 
2019-01-02T06:07:31.479+0900: 133498.055: [GC (Allocation Failure) [PSYoungGen: 60768K->224K(60928K)] 84230K->23686K(369664K), 0.0028858 secs] [Times: user=0.01 sys=0.00, real=0.00 secs] 
2019-01-02T06:08:19.365+0900: 133545.941: [GC (Allocation Failure) [PSYoungGen: 60640K->288K(60928K)] 84102K->23750K(369664K), 0.0026159 secs] [Times: user=0.01 sys=0.00, real=0.00 secs] 
2019-01-02T06:09:06.861+0900: 133593.437: [GC (Allocation Failure) [PSYoungGen: 60704K->352K(60928K)] 84166K->23814K(369664K), 0.0030234 secs] [Times: user=0.01 sys=0.00, real=0.01 secs] 
2019-01-02T06:09:54.420+0900: 133640.996: [GC (Allocation Failure) [PSYoungGen: 60768K->352K(60928K)] 84230K->23814K(369664K), 0.0024019 secs] [Times: user=0.00 sys=0.01, real=0.00 secs] 
2019-01-02T06:10:42.250+0900: 133688.826: [GC (Allocation Failure) [PSYoungGen: 60768K->288K(60928K)] 84230K->23750K(369664K), 0.0024252 secs] [Times: user=0.00 sys=0.01, real=0.00 secs] 
2019-01-02T06:11:29.977+0900: 133736.552: [GC (Allocation Failure) [PSYoungGen: 60704K->320K(60928K)] 84166K->23814K(369664K), 0.0024315 secs] [Times: user=0.01 sys=0.00, real=0.00 secs] 
2019-01-02T06:12:17.647+0900: 133784.223: [GC (Allocation Failure) [PSYoungGen: 60736K->224K(60928K)] 84230K->23718K(369664K), 0.0028799 secs] [Times: user=0.00 sys=0.00, real=0.00 secs] 
2019-01-02T06:13:05.130+0900: 133831.706: [GC (Allocation Failure) [PSYoungGen: 60640K->352K(60928K)] 84134K->23846K(369664K), 0.0024823 secs] [Times: user=0.00 sys=0.01, real=0.00 secs] 
2019-01-02T06:13:52.992+0900: 133879.568: [GC (Allocation Failure) [PSYoungGen: 60768K->352K(60928K)] 84262K->23846K(369664K), 0.0026516 secs] [Times: user=0.01 sys=0.00, real=0.01 secs] 
2019-01-02T06:14:40.730+0900: 133927.305: [GC (Allocation Failure) [PSYoungGen: 60768K->320K(60928K)] 84262K->23830K(369664K), 0.0027830 secs] [Times: user=0.00 sys=0.01, real=0.00 secs] 
2019-01-02T06:15:28.466+0900: 133975.042: [GC (Allocation Failure) [PSYoungGen: 60736K->288K(60928K)] 84246K->23798K(369664K), 0.0028585 secs] [Times: user=0.01 sys=0.00, real=0.00 secs] 
2019-01-02T06:16:16.402+0900: 134022.977: [GC (Allocation Failure) [PSYoungGen: 60704K->352K(60928K)] 84214K->23862K(369664K), 0.0028513 secs] [Times: user=0.01 sys=0.00, real=0.01 secs] 
2019-01-02T06:17:03.997+0900: 134070.573: [GC (Allocation Failure) [PSYoungGen: 60768K->352K(60928K)] 84278K->23870K(369664K), 0.0028751 secs] [Times: user=0.02 sys=0.00, real=0.00 secs] 
2019-01-02T06:17:51.607+0900: 134118.183: [GC (Allocation Failure) [PSYoungGen: 60768K->320K(60928K)] 84286K->23838K(369664K), 0.0027062 secs] [Times: user=0.00 sys=0.01, real=0.00 secs] 
2019-01-02T06:18:39.225+0900: 134165.800: [GC (Allocation Failure) [PSYoungGen: 60736K->288K(60928K)] 84254K->23806K(369664K), 0.0028136 secs] [Times: user=0.01 sys=0.00, real=0.00 secs] 
2019-01-02T06:19:26.723+0900: 134213.299: [GC (Allocation Failure) [PSYoungGen: 60704K->288K(60928K)] 84222K->23806K(369664K), 0.0027538 secs] [Times: user=0.01 sys=0.00, real=0.01 secs] 
2019-01-02T06:20:14.541+0900: 134261.116: [GC (Allocation Failure) [PSYoungGen: 60704K->288K(60928K)] 84222K->23806K(369664K), 0.0029232 secs] [Times: user=0.02 sys=0.00, real=0.00 secs] 
2019-01-02T06:21:02.054+0900: 134308.630: [GC (Allocation Failure) [PSYoungGen: 60704K->320K(60928K)] 84222K->23838K(369664K), 0.0024047 secs] [Times: user=0.02 sys=0.00, real=0.00 secs] 
2019-01-02T06:21:49.959+0900: 134356.535: [GC (Allocation Failure) [PSYoungGen: 60736K->352K(60928K)] 84254K->23870K(369664K), 0.0023585 secs] [Times: user=0.01 sys=0.00, real=0.00 secs] 
2019-01-02T06:22:37.871+0900: 134404.447: [GC (Allocation Failure) [PSYoungGen: 60768K->320K(60928K)] 84286K->23838K(369664K), 0.0025312 secs] [Times: user=0.02 sys=0.00, real=0.00 secs] 
2019-01-02T06:23:25.340+0900: 134451.916: [GC (Allocation Failure) [PSYoungGen: 60736K->352K(60928K)] 84254K->23870K(369664K), 0.0027265 secs] [Times: user=0.01 sys=0.00, real=0.00 secs] 
2019-01-02T06:24:12.722+0900: 134499.298: [GC (Allocation Failure) [PSYoungGen: 60768K->320K(60928K)] 84286K->23846K(369664K), 0.0025546 secs] [Times: user=0.00 sys=0.01, real=0.01 secs] 
2019-01-02T06:25:00.722+0900: 134547.297: [GC (Allocation Failure) [PSYoungGen: 60736K->288K(60928K)] 84262K->23814K(369664K), 0.0024484 secs] [Times: user=0.01 sys=0.00, real=0.01 secs] 
2019-01-02T06:25:48.476+0900: 134595.052: [GC (Allocation Failure) [PSYoungGen: 60704K->256K(60928K)] 84230K->23782K(369664K), 0.0028639 secs] [Times: user=0.01 sys=0.00, real=0.00 secs] 
2019-01-02T06:26:36.101+0900: 134642.677: [GC (Allocation Failure) [PSYoungGen: 60672K->320K(60928K)] 84198K->23846K(369664K), 0.0026242 secs] [Times: user=0.01 sys=0.00, real=0.01 secs] 
2019-01-02T06:27:23.718+0900: 134690.294: [GC (Allocation Failure) [PSYoungGen: 60736K->288K(60928K)] 84262K->23814K(369664K), 0.0027813 secs] [Times: user=0.00 sys=0.01, real=0.00 secs] 
2019-01-02T06:28:11.481+0900: 134738.057: [GC (Allocation Failure) [PSYoungGen: 60704K->320K(60928K)] 84230K->23846K(369664K), 0.0031631 secs] [Times: user=0.01 sys=0.00, real=0.01 secs] 
2019-01-02T06:28:59.025+0900: 134785.601: [GC (Allocation Failure) [PSYoungGen: 60736K->320K(60928K)] 84262K->23846K(369664K), 0.0032222 secs] [Times: user=0.00 sys=0.02, real=0.00 secs] 
2019-01-02T06:29:46.860+0900: 134833.436: [GC (Allocation Failure) [PSYoungGen: 60736K->320K(60928K)] 84262K->23846K(369664K), 0.0028237 secs] [Times: user=0.01 sys=0.00, real=0.00 secs] 
2019-01-02T06:30:34.645+0900: 134881.221: [GC (Allocation Failure) [PSYoungGen: 60736K->288K(60928K)] 84262K->23814K(369664K), 0.0027679 secs] [Times: user=0.01 sys=0.00, real=0.00 secs] 
2019-01-02T06:31:22.237+0900: 134928.813: [GC (Allocation Failure) [PSYoungGen: 60704K->288K(60928K)] 84230K->23814K(369664K), 0.0030067 secs] [Times: user=0.00 sys=0.01, real=0.00 secs] 
2019-01-02T06:32:09.858+0900: 134976.434: [GC (Allocation Failure) [PSYoungGen: 60704K->352K(60928K)] 84230K->23878K(369664K), 0.0024213 secs] [Times: user=0.00 sys=0.01, real=0.00 secs] 
2019-01-02T06:32:57.614+0900: 135024.190: [GC (Allocation Failure) [PSYoungGen: 60768K->320K(60928K)] 84294K->23854K(369664K), 0.0027108 secs] [Times: user=0.01 sys=0.00, real=0.00 secs] 
2019-01-02T06:33:44.832+0900: 135071.408: [GC (Allocation Failure) [PSYoungGen: 60736K->288K(60928K)] 84270K->23822K(369664K), 0.0027641 secs] [Times: user=0.01 sys=0.00, real=0.01 secs] 
2019-01-02T06:34:32.731+0900: 135119.307: [GC (Allocation Failure) [PSYoungGen: 60704K->320K(60928K)] 84238K->23854K(369664K), 0.0028035 secs] [Times: user=0.02 sys=0.00, real=0.01 secs] 
2019-01-02T06:35:20.408+0900: 135166.984: [GC (Allocation Failure) [PSYoungGen: 60736K->320K(60928K)] 84270K->23854K(369664K), 0.0025408 secs] [Times: user=0.01 sys=0.00, real=0.00 secs] 
2019-01-02T06:36:08.366+0900: 135214.942: [GC (Allocation Failure) [PSYoungGen: 60736K->288K(60928K)] 84270K->23822K(369664K), 0.0027736 secs] [Times: user=0.00 sys=0.01, real=0.00 secs] 
2019-01-02T06:36:55.563+0900: 135262.139: [GC (Allocation Failure) [PSYoungGen: 60704K->320K(60928K)] 84238K->23854K(369664K), 0.0023657 secs] [Times: user=0.01 sys=0.00, real=0.01 secs] 
2019-01-02T06:37:43.755+0900: 135310.331: [GC (Allocation Failure) [PSYoungGen: 60736K->320K(60928K)] 84270K->23854K(369664K), 0.0025473 secs] [Times: user=0.01 sys=0.00, real=0.00 secs] 
2019-01-02T06:38:31.035+0900: 135357.611: [GC (Allocation Failure) [PSYoungGen: 60736K->320K(60928K)] 84270K->23854K(369664K), 0.0025797 secs] [Times: user=0.01 sys=0.01, real=0.00 secs] 
2019-01-02T06:39:18.505+0900: 135405.081: [GC (Allocation Failure) [PSYoungGen: 60736K->352K(60928K)] 84270K->23894K(369664K), 0.0026967 secs] [Times: user=0.00 sys=0.01, real=0.00 secs] 
2019-01-02T06:40:06.332+0900: 135452.908: [GC (Allocation Failure) [PSYoungGen: 60768K->320K(60928K)] 84310K->23862K(369664K), 0.0028741 secs] [Times: user=0.01 sys=0.00, real=0.01 secs] 
2019-01-02T06:40:54.262+0900: 135500.837: [GC (Allocation Failure) [PSYoungGen: 60736K->288K(60928K)] 84278K->23830K(369664K), 0.0027818 secs] [Times: user=0.00 sys=0.01, real=0.01 secs] 
2019-01-02T06:41:42.004+0900: 135548.580: [GC (Allocation Failure) [PSYoungGen: 60704K->288K(60928K)] 84246K->23830K(369664K), 0.0024165 secs] [Times: user=0.01 sys=0.00, real=0.00 secs] 
2019-01-02T06:42:29.752+0900: 135596.328: [GC (Allocation Failure) [PSYoungGen: 60704K->352K(60928K)] 84246K->23894K(369664K), 0.0033532 secs] [Times: user=0.02 sys=0.00, real=0.01 secs] 
2019-01-02T06:43:17.510+0900: 135644.086: [GC (Allocation Failure) [PSYoungGen: 60768K->352K(60928K)] 84310K->23894K(369664K), 0.0026966 secs] [Times: user=0.00 sys=0.01, real=0.00 secs] 
2019-01-02T06:44:05.275+0900: 135691.851: [GC (Allocation Failure) [PSYoungGen: 60768K->320K(60928K)] 84310K->23862K(369664K), 0.0028214 secs] [Times: user=0.01 sys=0.00, real=0.00 secs] 
2019-01-02T06:44:52.889+0900: 135739.465: [GC (Allocation Failure) [PSYoungGen: 60736K->320K(60928K)] 84278K->23886K(369664K), 0.0027056 secs] [Times: user=0.00 sys=0.01, real=0.00 secs] 
2019-01-02T06:45:40.671+0900: 135787.247: [GC (Allocation Failure) [PSYoungGen: 60736K->352K(60928K)] 84302K->23918K(369664K), 0.0027555 secs] [Times: user=0.02 sys=0.00, real=0.01 secs] 
2019-01-02T06:46:28.459+0900: 135835.035: [GC (Allocation Failure) [PSYoungGen: 60768K->352K(60928K)] 84334K->23918K(369664K), 0.0023803 secs] [Times: user=0.01 sys=0.00, real=0.00 secs] 
2019-01-02T06:47:16.082+0900: 135882.658: [GC (Allocation Failure) [PSYoungGen: 60768K->320K(60928K)] 84334K->23902K(369664K), 0.0026177 secs] [Times: user=0.01 sys=0.00, real=0.01 secs] 
2019-01-02T06:48:03.696+0900: 135930.272: [GC (Allocation Failure) [PSYoungGen: 60736K->352K(60928K)] 84318K->23934K(369664K), 0.0027832 secs] [Times: user=0.01 sys=0.00, real=0.00 secs] 
2019-01-02T06:48:51.480+0900: 135978.056: [GC (Allocation Failure) [PSYoungGen: 60768K->320K(60928K)] 84350K->23902K(369664K), 0.0027956 secs] [Times: user=0.00 sys=0.00, real=0.00 secs] 
2019-01-02T06:49:39.459+0900: 136026.035: [GC (Allocation Failure) [PSYoungGen: 60736K->288K(60928K)] 84318K->23870K(369664K), 0.0028669 secs] [Times: user=0.00 sys=0.01, real=0.00 secs] 
2019-01-02T06:50:26.927+0900: 136073.503: [GC (Allocation Failure) [PSYoungGen: 60704K->288K(60928K)] 84286K->23870K(369664K), 0.0027939 secs] [Times: user=0.00 sys=0.01, real=0.00 secs] 
2019-01-02T06:51:14.473+0900: 136121.049: [GC (Allocation Failure) [PSYoungGen: 60704K->352K(60928K)] 84286K->23934K(369664K), 0.0028564 secs] [Times: user=0.01 sys=0.00, real=0.01 secs] 
2019-01-02T06:52:02.304+0900: 136168.880: [GC (Allocation Failure) [PSYoungGen: 60768K->320K(60928K)] 84350K->23902K(369664K), 0.0027598 secs] [Times: user=0.01 sys=0.00, real=0.00 secs] 
2019-01-02T06:52:49.517+0900: 136216.093: [GC (Allocation Failure) [PSYoungGen: 60736K->320K(60928K)] 84318K->23902K(369664K), 0.0026653 secs] [Times: user=0.00 sys=0.01, real=0.00 secs] 
2019-01-02T06:53:37.241+0900: 136263.817: [GC (Allocation Failure) [PSYoungGen: 60736K->224K(60928K)] 84318K->23806K(369664K), 0.0026051 secs] [Times: user=0.00 sys=0.01, real=0.01 secs] 
2019-01-02T06:54:24.941+0900: 136311.517: [GC (Allocation Failure) [PSYoungGen: 60640K->320K(60928K)] 84222K->23902K(369664K), 0.0024393 secs] [Times: user=0.00 sys=0.01, real=0.00 secs] 
2019-01-02T06:55:12.979+0900: 136359.555: [GC (Allocation Failure) [PSYoungGen: 60736K->288K(60928K)] 84318K->23870K(369664K), 0.0029899 secs] [Times: user=0.00 sys=0.00, real=0.00 secs] 
2019-01-02T06:56:00.556+0900: 136407.132: [GC (Allocation Failure) [PSYoungGen: 60704K->352K(60928K)] 84286K->23934K(369664K), 0.0028812 secs] [Times: user=0.01 sys=0.01, real=0.00 secs] 
2019-01-02T06:56:48.437+0900: 136455.013: [GC (Allocation Failure) [PSYoungGen: 60768K->352K(60928K)] 84350K->23934K(369664K), 0.0027422 secs] [Times: user=0.01 sys=0.00, real=0.00 secs] 
2019-01-02T06:57:36.270+0900: 136502.846: [GC (Allocation Failure) [PSYoungGen: 60768K->352K(60928K)] 84350K->23942K(369664K), 0.0026474 secs] [Times: user=0.01 sys=0.00, real=0.00 secs] 
2019-01-02T06:58:23.813+0900: 136550.389: [GC (Allocation Failure) [PSYoungGen: 60768K->352K(60928K)] 84358K->23958K(369664K), 0.0027351 secs] [Times: user=0.01 sys=0.01, real=0.01 secs] 
2019-01-02T06:59:11.518+0900: 136598.094: [GC (Allocation Failure) [PSYoungGen: 60768K->352K(60928K)] 84374K->23958K(369664K), 0.0026844 secs] [Times: user=0.01 sys=0.00, real=0.00 secs] 
2019-01-02T06:59:59.193+0900: 136645.769: [GC (Allocation Failure) [PSYoungGen: 60768K->288K(60928K)] 84374K->23894K(369664K), 0.0030260 secs] [Times: user=0.00 sys=0.02, real=0.01 secs] 
2019-01-02T07:00:46.818+0900: 136693.394: [GC (Allocation Failure) [PSYoungGen: 60704K->288K(60928K)] 84310K->23894K(369664K), 0.0024327 secs] [Times: user=0.01 sys=0.00, real=0.00 secs] 
2019-01-02T07:01:34.865+0900: 136741.440: [GC (Allocation Failure) [PSYoungGen: 60704K->320K(60928K)] 84310K->23926K(369664K), 0.0024339 secs] [Times: user=0.01 sys=0.00, real=0.00 secs] 
2019-01-02T07:02:22.761+0900: 136789.337: [GC (Allocation Failure) [PSYoungGen: 60736K->288K(60928K)] 84342K->23894K(369664K), 0.0026656 secs] [Times: user=0.01 sys=0.00, real=0.01 secs] 
2019-01-02T07:03:09.784+0900: 136836.360: [GC (Allocation Failure) [PSYoungGen: 60704K->320K(60928K)] 84310K->23934K(369664K), 0.0027013 secs] [Times: user=0.01 sys=0.00, real=0.00 secs] 
2019-01-02T07:03:57.563+0900: 136884.138: [GC (Allocation Failure) [PSYoungGen: 60736K->288K(60928K)] 84350K->23902K(369664K), 0.0024153 secs] [Times: user=0.01 sys=0.00, real=0.01 secs] 
2019-01-02T07:04:45.329+0900: 136931.905: [GC (Allocation Failure) [PSYoungGen: 60704K->352K(60928K)] 84318K->23966K(369664K), 0.0030308 secs] [Times: user=0.01 sys=0.00, real=0.00 secs] 
2019-01-02T07:05:33.130+0900: 136979.706: [GC (Allocation Failure) [PSYoungGen: 60768K->288K(60928K)] 84382K->23902K(369664K), 0.0024130 secs] [Times: user=0.01 sys=0.00, real=0.00 secs] 
2019-01-02T07:06:20.880+0900: 137027.456: [GC (Allocation Failure) [PSYoungGen: 60704K->320K(60928K)] 84318K->23934K(369664K), 0.0029434 secs] [Times: user=0.01 sys=0.00, real=0.00 secs] 
2019-01-02T07:07:08.668+0900: 137075.244: [GC (Allocation Failure) [PSYoungGen: 60736K->352K(60928K)] 84350K->23966K(369664K), 0.0029869 secs] [Times: user=0.00 sys=0.01, real=0.00 secs] 
2019-01-02T07:07:56.085+0900: 137122.661: [GC (Allocation Failure) [PSYoungGen: 60768K->352K(60928K)] 84382K->23966K(369664K), 0.0031066 secs] [Times: user=0.01 sys=0.00, real=0.00 secs] 
2019-01-02T07:08:44.275+0900: 137170.851: [GC (Allocation Failure) [PSYoungGen: 60768K->320K(60928K)] 84382K->23934K(369664K), 0.0024565 secs] [Times: user=0.00 sys=0.01, real=0.00 secs] 
2019-01-02T07:09:31.915+0900: 137218.491: [GC (Allocation Failure) [PSYoungGen: 60736K->320K(60928K)] 84350K->23934K(369664K), 0.0028148 secs] [Times: user=0.01 sys=0.00, real=0.00 secs] 
2019-01-02T07:10:19.719+0900: 137266.295: [GC (Allocation Failure) [PSYoungGen: 60736K->352K(60928K)] 84350K->23966K(369664K), 0.0028507 secs] [Times: user=0.02 sys=0.00, real=0.00 secs] 
2019-01-02T07:11:07.324+0900: 137313.900: [GC (Allocation Failure) [PSYoungGen: 60768K->320K(60928K)] 84382K->23934K(369664K), 0.0027670 secs] [Times: user=0.02 sys=0.00, real=0.00 secs] 
2019-01-02T07:11:55.099+0900: 137361.675: [GC (Allocation Failure) [PSYoungGen: 60736K->352K(60928K)] 84350K->23966K(369664K), 0.0027747 secs] [Times: user=0.01 sys=0.00, real=0.00 secs] 
2019-01-02T07:12:42.694+0900: 137409.270: [GC (Allocation Failure) [PSYoungGen: 60768K->352K(60928K)] 84382K->23966K(369664K), 0.0027020 secs] [Times: user=0.01 sys=0.00, real=0.00 secs] 
2019-01-02T07:13:30.478+0900: 137457.054: [GC (Allocation Failure) [PSYoungGen: 60768K->320K(60928K)] 84382K->23942K(369664K), 0.0027960 secs] [Times: user=0.01 sys=0.00, real=0.00 secs] 
2019-01-02T07:14:18.674+0900: 137505.250: [GC (Allocation Failure) [PSYoungGen: 60736K->256K(60928K)] 84358K->23878K(369664K), 0.0027561 secs] [Times: user=0.01 sys=0.00, real=0.00 secs] 
2019-01-02T07:15:06.655+0900: 137553.231: [GC (Allocation Failure) [PSYoungGen: 60672K->288K(60928K)] 84294K->23942K(369664K), 0.0031761 secs] [Times: user=0.02 sys=0.00, real=0.00 secs] 
2019-01-02T07:15:54.063+0900: 137600.639: [GC (Allocation Failure) [PSYoungGen: 60704K->352K(60928K)] 84358K->24006K(369664K), 0.0030913 secs] [Times: user=0.01 sys=0.01, real=0.01 secs] 
2019-01-02T07:16:41.906+0900: 137648.482: [GC (Allocation Failure) [PSYoungGen: 60768K->352K(60928K)] 84422K->24006K(369664K), 0.0029463 secs] [Times: user=0.00 sys=0.02, real=0.00 secs] 
2019-01-02T07:17:29.893+0900: 137696.469: [GC (Allocation Failure) [PSYoungGen: 60768K->320K(60928K)] 84422K->23982K(369664K), 0.0027979 secs] [Times: user=0.01 sys=0.00, real=0.01 secs] 
2019-01-02T07:18:17.625+0900: 137744.201: [GC (Allocation Failure) [PSYoungGen: 60736K->320K(60928K)] 84398K->23982K(369664K), 0.0029046 secs] [Times: user=0.01 sys=0.01, real=0.00 secs] 
2019-01-02T07:19:05.491+0900: 137792.067: [GC (Allocation Failure) [PSYoungGen: 60736K->320K(60928K)] 84398K->23990K(369664K), 0.0028178 secs] [Times: user=0.02 sys=0.00, real=0.00 secs] 
2019-01-02T07:19:53.006+0900: 137839.582: [GC (Allocation Failure) [PSYoungGen: 60736K->352K(60928K)] 84406K->24022K(369664K), 0.0028483 secs] [Times: user=0.00 sys=0.01, real=0.00 secs] 
2019-01-02T07:20:41.200+0900: 137887.776: [GC (Allocation Failure) [PSYoungGen: 60768K->320K(60928K)] 84438K->23990K(369664K), 0.0027696 secs] [Times: user=0.01 sys=0.00, real=0.00 secs] 
2019-01-02T07:21:28.397+0900: 137934.973: [GC (Allocation Failure) [PSYoungGen: 60736K->352K(60928K)] 84406K->24030K(369664K), 0.0028089 secs] [Times: user=0.01 sys=0.00, real=0.00 secs] 
2019-01-02T07:22:16.106+0900: 137982.682: [GC (Allocation Failure) [PSYoungGen: 60768K->320K(60928K)] 84446K->23998K(369664K), 0.0028883 secs] [Times: user=0.02 sys=0.00, real=0.00 secs] 
2019-01-02T07:23:04.003+0900: 138030.579: [GC (Allocation Failure) [PSYoungGen: 60736K->352K(60928K)] 84414K->24030K(369664K), 0.0025770 secs] [Times: user=0.01 sys=0.00, real=0.01 secs] 
2019-01-02T07:23:51.936+0900: 138078.512: [GC (Allocation Failure) [PSYoungGen: 60768K->352K(60928K)] 84446K->24030K(369664K), 0.0024524 secs] [Times: user=0.01 sys=0.01, real=0.00 secs] 
2019-01-02T07:24:39.158+0900: 138125.734: [GC (Allocation Failure) [PSYoungGen: 60768K->320K(60928K)] 84446K->23998K(369664K), 0.0027838 secs] [Times: user=0.01 sys=0.00, real=0.00 secs] 
2019-01-02T07:25:26.729+0900: 138173.305: [GC (Allocation Failure) [PSYoungGen: 60736K->352K(60928K)] 84414K->24030K(369664K), 0.0031808 secs] [Times: user=0.01 sys=0.00, real=0.00 secs] 
2019-01-02T07:26:14.535+0900: 138221.111: [GC (Allocation Failure) [PSYoungGen: 60768K->320K(60928K)] 84446K->23998K(369664K), 0.0031916 secs] [Times: user=0.01 sys=0.00, real=0.00 secs] 
2019-01-02T07:27:02.243+0900: 138268.819: [GC (Allocation Failure) [PSYoungGen: 60736K->288K(60928K)] 84414K->23966K(369664K), 0.0027215 secs] [Times: user=0.01 sys=0.00, real=0.01 secs] 
2019-01-02T07:27:49.917+0900: 138316.493: [GC (Allocation Failure) [PSYoungGen: 60704K->352K(60928K)] 84382K->24030K(369664K), 0.0027720 secs] [Times: user=0.00 sys=0.01, real=0.00 secs] 
2019-01-02T07:28:37.281+0900: 138363.856: [GC (Allocation Failure) [PSYoungGen: 60768K->352K(60928K)] 84446K->24030K(369664K), 0.0026992 secs] [Times: user=0.01 sys=0.00, real=0.00 secs] 
2019-01-02T07:29:25.278+0900: 138411.854: [GC (Allocation Failure) [PSYoungGen: 60768K->352K(60928K)] 84446K->24030K(369664K), 0.0028652 secs] [Times: user=0.00 sys=0.01, real=0.00 secs] 
2019-01-02T07:30:12.501+0900: 138459.077: [GC (Allocation Failure) [PSYoungGen: 60768K->320K(60928K)] 84446K->24022K(369664K), 0.0029632 secs] [Times: user=0.00 sys=0.01, real=0.01 secs] 
2019-01-02T07:31:00.049+0900: 138506.625: [GC (Allocation Failure) [PSYoungGen: 60736K->352K(60928K)] 84438K->24054K(369664K), 0.0028567 secs] [Times: user=0.00 sys=0.01, real=0.00 secs] 
2019-01-02T07:31:47.786+0900: 138554.361: [GC (Allocation Failure) [PSYoungGen: 60768K->256K(60928K)] 84470K->23958K(369664K), 0.0026294 secs] [Times: user=0.01 sys=0.00, real=0.00 secs] 
2019-01-02T07:32:35.180+0900: 138601.756: [GC (Allocation Failure) [PSYoungGen: 60672K->256K(60928K)] 84374K->23966K(369664K), 0.0027808 secs] [Times: user=0.01 sys=0.00, real=0.00 secs] 
2019-01-02T07:33:23.254+0900: 138649.830: [GC (Allocation Failure) [PSYoungGen: 60672K->320K(60928K)] 84382K->24030K(369664K), 0.0028245 secs] [Times: user=0.01 sys=0.00, real=0.00 secs] 
2019-01-02T07:34:10.851+0900: 138697.427: [GC (Allocation Failure) [PSYoungGen: 60736K->352K(60928K)] 84446K->24070K(369664K), 0.0028719 secs] [Times: user=0.00 sys=0.01, real=0.01 secs] 
2019-01-02T07:34:58.681+0900: 138745.257: [GC (Allocation Failure) [PSYoungGen: 60768K->320K(60928K)] 84486K->24038K(369664K), 0.0025443 secs] [Times: user=0.01 sys=0.00, real=0.00 secs] 
2019-01-02T07:35:46.198+0900: 138792.774: [GC (Allocation Failure) [PSYoungGen: 60736K->320K(60928K)] 84454K->24038K(369664K), 0.0027693 secs] [Times: user=0.01 sys=0.00, real=0.00 secs] 
2019-01-02T07:36:34.070+0900: 138840.646: [GC (Allocation Failure) [PSYoungGen: 60736K->256K(60928K)] 84454K->23974K(369664K), 0.0024404 secs] [Times: user=0.01 sys=0.00, real=0.00 secs] 
2019-01-02T07:37:21.532+0900: 138888.108: [GC (Allocation Failure) [PSYoungGen: 60672K->288K(60928K)] 84390K->24006K(369664K), 0.0023882 secs] [Times: user=0.01 sys=0.00, real=0.01 secs] 
2019-01-02T07:38:09.419+0900: 138935.995: [GC (Allocation Failure) [PSYoungGen: 60704K->288K(60928K)] 84422K->24006K(369664K), 0.0028004 secs] [Times: user=0.02 sys=0.00, real=0.00 secs] 
2019-01-02T07:38:57.245+0900: 138983.821: [GC (Allocation Failure) [PSYoungGen: 60704K->352K(60928K)] 84422K->24070K(369664K), 0.0027738 secs] [Times: user=0.01 sys=0.00, real=0.00 secs] 
2019-01-02T07:39:45.031+0900: 139031.607: [GC (Allocation Failure) [PSYoungGen: 60768K->320K(60928K)] 84486K->24038K(369664K), 0.0034620 secs] [Times: user=0.01 sys=0.00, real=0.01 secs] 
2019-01-02T07:40:32.707+0900: 139079.283: [GC (Allocation Failure) [PSYoungGen: 60736K->256K(60928K)] 84454K->23974K(369664K), 0.0028577 secs] [Times: user=0.00 sys=0.01, real=0.00 secs] 
2019-01-02T07:41:19.747+0900: 139126.323: [GC (Allocation Failure) [PSYoungGen: 60672K->320K(60928K)] 84390K->24038K(369664K), 0.0027638 secs] [Times: user=0.01 sys=0.00, real=0.00 secs] 
2019-01-02T07:42:07.386+0900: 139173.962: [GC (Allocation Failure) [PSYoungGen: 60736K->320K(60928K)] 84454K->24038K(369664K), 0.0027136 secs] [Times: user=0.01 sys=0.00, real=0.00 secs] 
2019-01-02T07:42:54.778+0900: 139221.354: [GC (Allocation Failure) [PSYoungGen: 60736K->320K(60928K)] 84454K->24038K(369664K), 0.0030986 secs] [Times: user=0.01 sys=0.00, real=0.00 secs] 
2019-01-02T07:43:42.276+0900: 139268.852: [GC (Allocation Failure) [PSYoungGen: 60736K->320K(60928K)] 84454K->24038K(369664K), 0.0029680 secs] [Times: user=0.00 sys=0.01, real=0.00 secs] 
2019-01-02T07:44:29.948+0900: 139316.524: [GC (Allocation Failure) [PSYoungGen: 60736K->352K(60928K)] 84454K->24078K(369664K), 0.0026190 secs] [Times: user=0.01 sys=0.01, real=0.00 secs] 
2019-01-02T07:45:17.861+0900: 139364.437: [GC (Allocation Failure) [PSYoungGen: 60768K->352K(60928K)] 84494K->24086K(369664K), 0.0028357 secs] [Times: user=0.01 sys=0.00, real=0.01 secs] 
2019-01-02T07:46:05.573+0900: 139412.148: [GC (Allocation Failure) [PSYoungGen: 60768K->288K(60928K)] 84502K->24022K(369664K), 0.0024120 secs] [Times: user=0.01 sys=0.00, real=0.01 secs] 
2019-01-02T07:46:53.346+0900: 139459.922: [GC (Allocation Failure) [PSYoungGen: 60704K->320K(60928K)] 84438K->24054K(369664K), 0.0025909 secs] [Times: user=0.00 sys=0.01, real=0.00 secs] 
2019-01-02T07:47:40.958+0900: 139507.534: [GC (Allocation Failure) [PSYoungGen: 60736K->256K(60928K)] 84470K->24006K(369664K), 0.0026906 secs] [Times: user=0.01 sys=0.00, real=0.00 secs] 
2019-01-02T07:48:28.486+0900: 139555.062: [GC (Allocation Failure) [PSYoungGen: 60672K->320K(60928K)] 84422K->24070K(369664K), 0.0025075 secs] [Times: user=0.01 sys=0.00, real=0.00 secs] 
2019-01-02T07:49:16.114+0900: 139602.690: [GC (Allocation Failure) [PSYoungGen: 60736K->352K(60928K)] 84486K->24110K(369664K), 0.0027599 secs] [Times: user=0.01 sys=0.00, real=0.00 secs] 
2019-01-02T07:50:04.312+0900: 139650.888: [GC (Allocation Failure) [PSYoungGen: 60768K->320K(60928K)] 84526K->24078K(369664K), 0.0027849 secs] [Times: user=0.00 sys=0.01, real=0.01 secs] 
2019-01-02T07:50:51.964+0900: 139698.540: [GC (Allocation Failure) [PSYoungGen: 60736K->352K(60928K)] 84494K->24110K(369664K), 0.0026868 secs] [Times: user=0.01 sys=0.01, real=0.00 secs] 
2019-01-02T07:51:39.779+0900: 139746.355: [GC (Allocation Failure) [PSYoungGen: 60768K->320K(60928K)] 84526K->24078K(369664K), 0.0028250 secs] [Times: user=0.01 sys=0.01, real=0.00 secs] 
2019-01-02T07:52:27.469+0900: 139794.045: [GC (Allocation Failure) [PSYoungGen: 60736K->288K(60928K)] 84494K->24046K(369664K), 0.0027988 secs] [Times: user=0.00 sys=0.01, real=0.00 secs] 
2019-01-02T07:53:15.159+0900: 139841.735: [GC (Allocation Failure) [PSYoungGen: 60704K->352K(60928K)] 84462K->24110K(369664K), 0.0030436 secs] [Times: user=0.01 sys=0.00, real=0.00 secs] 
2019-01-02T07:54:02.806+0900: 139889.382: [GC (Allocation Failure) [PSYoungGen: 60768K->288K(60928K)] 84526K->24046K(369664K), 0.0030294 secs] [Times: user=0.01 sys=0.00, real=0.00 secs] 
2019-01-02T07:54:50.540+0900: 139937.116: [GC (Allocation Failure) [PSYoungGen: 60704K->288K(60928K)] 84462K->24046K(369664K), 0.0024225 secs] [Times: user=0.01 sys=0.00, real=0.00 secs] 
2019-01-02T07:55:38.470+0900: 139985.046: [GC (Allocation Failure) [PSYoungGen: 60704K->320K(60928K)] 84462K->24078K(369664K), 0.0023959 secs] [Times: user=0.01 sys=0.00, real=0.00 secs] 
2019-01-02T07:56:25.918+0900: 140032.494: [GC (Allocation Failure) [PSYoungGen: 60736K->320K(60928K)] 84494K->24078K(369664K), 0.0024701 secs] [Times: user=0.01 sys=0.00, real=0.00 secs] 
2019-01-02T07:57:13.668+0900: 140080.244: [GC (Allocation Failure) [PSYoungGen: 60736K->288K(60928K)] 84494K->24046K(369664K), 0.0024827 secs] [Times: user=0.01 sys=0.00, real=0.00 secs] 
2019-01-02T07:58:01.297+0900: 140127.873: [GC (Allocation Failure) [PSYoungGen: 60704K->256K(60928K)] 84462K->24014K(369664K), 0.0029532 secs] [Times: user=0.01 sys=0.00, real=0.00 secs] 
2019-01-02T07:58:48.867+0900: 140175.443: [GC (Allocation Failure) [PSYoungGen: 60672K->320K(60928K)] 84430K->24078K(369664K), 0.0027108 secs] [Times: user=0.00 sys=0.01, real=0.00 secs] 
2019-01-02T07:59:36.603+0900: 140223.179: [GC (Allocation Failure) [PSYoungGen: 60736K->288K(60928K)] 84494K->24046K(369664K), 0.0024396 secs] [Times: user=0.00 sys=0.01, real=0.01 secs] 
2019-01-02T08:00:23.856+0900: 140270.432: [GC (Allocation Failure) [PSYoungGen: 60704K->224K(60928K)] 84462K->23982K(369664K), 0.0025198 secs] [Times: user=0.01 sys=0.00, real=0.00 secs] 
2019-01-02T08:01:11.556+0900: 140318.132: [GC (Allocation Failure) [PSYoungGen: 60640K->288K(60928K)] 84398K->24046K(369664K), 0.0027050 secs] [Times: user=0.01 sys=0.00, real=0.00 secs] 
2019-01-02T08:01:59.058+0900: 140365.634: [GC (Allocation Failure) [PSYoungGen: 60704K->256K(60928K)] 84462K->24014K(369664K), 0.0024239 secs] [Times: user=0.01 sys=0.01, real=0.00 secs] 
2019-01-02T08:02:46.419+0900: 140412.995: [GC (Allocation Failure) [PSYoungGen: 60672K->352K(60928K)] 84430K->24110K(369664K), 0.0030160 secs] [Times: user=0.01 sys=0.00, real=0.00 secs] 
2019-01-02T08:03:34.237+0900: 140460.813: [GC (Allocation Failure) [PSYoungGen: 60768K->320K(60928K)] 84526K->24086K(369664K), 0.0031876 secs] [Times: user=0.00 sys=0.02, real=0.00 secs] 
2019-01-02T08:04:21.934+0900: 140508.509: [GC (Allocation Failure) [PSYoungGen: 60736K->256K(60928K)] 84502K->24022K(369664K), 0.0027712 secs] [Times: user=0.01 sys=0.00, real=0.01 secs] 
2019-01-02T08:05:09.822+0900: 140556.398: [GC (Allocation Failure) [PSYoungGen: 60672K->352K(60928K)] 84438K->24118K(369664K), 0.0024803 secs] [Times: user=0.01 sys=0.00, real=0.01 secs] 
2019-01-02T08:05:57.255+0900: 140603.831: [GC (Allocation Failure) [PSYoungGen: 60768K->256K(60928K)] 84534K->24022K(369664K), 0.0030239 secs] [Times: user=0.01 sys=0.00, real=0.00 secs] 
2019-01-02T08:06:44.753+0900: 140651.329: [GC (Allocation Failure) [PSYoungGen: 60672K->288K(60928K)] 84438K->24054K(369664K), 0.0029654 secs] [Times: user=0.01 sys=0.00, real=0.01 secs] 
2019-01-02T08:07:32.640+0900: 140699.216: [GC (Allocation Failure) [PSYoungGen: 60704K->352K(60928K)] 84470K->24118K(369664K), 0.0028709 secs] [Times: user=0.00 sys=0.01, real=0.00 secs] 
2019-01-02T08:08:20.304+0900: 140746.880: [GC (Allocation Failure) [PSYoungGen: 60768K->320K(60928K)] 84534K->24086K(369664K), 0.0028146 secs] [Times: user=0.01 sys=0.00, real=0.00 secs] 
2019-01-02T08:09:07.857+0900: 140794.433: [GC (Allocation Failure) [PSYoungGen: 60736K->320K(60928K)] 84502K->24086K(369664K), 0.0026093 secs] [Times: user=0.02 sys=0.00, real=0.00 secs] 
2019-01-02T08:09:55.423+0900: 140841.999: [GC (Allocation Failure) [PSYoungGen: 60736K->320K(60928K)] 84502K->24086K(369664K), 0.0026387 secs] [Times: user=0.01 sys=0.00, real=0.01 secs] 
2019-01-02T08:10:43.215+0900: 140889.791: [GC (Allocation Failure) [PSYoungGen: 60736K->288K(60928K)] 84502K->24054K(369664K), 0.0025513 secs] [Times: user=0.01 sys=0.00, real=0.00 secs] 
2019-01-02T08:11:30.966+0900: 140937.542: [GC (Allocation Failure) [PSYoungGen: 60704K->288K(60928K)] 84470K->24054K(369664K), 0.0027366 secs] [Times: user=0.00 sys=0.00, real=0.00 secs] 
2019-01-02T08:12:18.911+0900: 140985.487: [GC (Allocation Failure) [PSYoungGen: 60704K->352K(60928K)] 84470K->24118K(369664K), 0.0026616 secs] [Times: user=0.01 sys=0.01, real=0.01 secs] 
2019-01-02T08:13:06.199+0900: 141032.775: [GC (Allocation Failure) [PSYoungGen: 60768K->320K(60928K)] 84534K->24086K(369664K), 0.0023869 secs] [Times: user=0.00 sys=0.01, real=0.00 secs] 
2019-01-02T08:13:53.384+0900: 141079.960: [GC (Allocation Failure) [PSYoungGen: 60736K->352K(60928K)] 84502K->24118K(369664K), 0.0028039 secs] [Times: user=0.00 sys=0.01, real=0.00 secs] 
2019-01-02T08:14:41.478+0900: 141128.054: [GC (Allocation Failure) [PSYoungGen: 60768K->288K(60928K)] 84534K->24062K(369664K), 0.0029668 secs] [Times: user=0.01 sys=0.00, real=0.00 secs] 
2019-01-02T08:15:28.992+0900: 141175.568: [GC (Allocation Failure) [PSYoungGen: 60704K->320K(60928K)] 84478K->24110K(369664K), 0.0026307 secs] [Times: user=0.00 sys=0.01, real=0.01 secs] 
2019-01-02T08:16:16.860+0900: 141223.436: [GC (Allocation Failure) [PSYoungGen: 60736K->288K(60928K)] 84526K->24078K(369664K), 0.0026768 secs] [Times: user=0.01 sys=0.00, real=0.00 secs] 
2019-01-02T08:17:04.723+0900: 141271.298: [GC (Allocation Failure) [PSYoungGen: 60704K->352K(60928K)] 84494K->24142K(369664K), 0.0028059 secs] [Times: user=0.02 sys=0.00, real=0.01 secs] 
2019-01-02T08:17:52.243+0900: 141318.818: [GC (Allocation Failure) [PSYoungGen: 60768K->288K(60928K)] 84558K->24086K(369664K), 0.0023511 secs] [Times: user=0.01 sys=0.00, real=0.01 secs] 
2019-01-02T08:18:40.060+0900: 141366.636: [GC (Allocation Failure) [PSYoungGen: 60704K->320K(60928K)] 84502K->24118K(369664K), 0.0024582 secs] [Times: user=0.01 sys=0.00, real=0.00 secs] 
2019-01-02T08:19:27.623+0900: 141414.199: [GC (Allocation Failure) [PSYoungGen: 60736K->320K(60928K)] 84534K->24118K(369664K), 0.0028059 secs] [Times: user=0.01 sys=0.00, real=0.01 secs] 
2019-01-02T08:20:15.816+0900: 141462.392: [GC (Allocation Failure) [PSYoungGen: 60736K->320K(60928K)] 84534K->24118K(369664K), 0.0024358 secs] [Times: user=0.00 sys=0.01, real=0.00 secs] 
2019-01-02T08:21:03.026+0900: 141509.602: [GC (Allocation Failure) [PSYoungGen: 60736K->320K(60928K)] 84534K->24118K(369664K), 0.0030726 secs] [Times: user=0.00 sys=0.01, real=0.00 secs] 
2019-01-02T08:21:50.761+0900: 141557.337: [GC (Allocation Failure) [PSYoungGen: 60736K->352K(60928K)] 84534K->24150K(369664K), 0.0029662 secs] [Times: user=0.00 sys=0.00, real=0.01 secs] 
2019-01-02T08:22:38.624+0900: 141605.200: [GC (Allocation Failure) [PSYoungGen: 60768K->352K(60928K)] 84566K->24150K(369664K), 0.0024050 secs] [Times: user=0.01 sys=0.00, real=0.00 secs] 
2019-01-02T08:23:26.615+0900: 141653.191: [GC (Allocation Failure) [PSYoungGen: 60768K->352K(60928K)] 84566K->24150K(369664K), 0.0024743 secs] [Times: user=0.01 sys=0.00, real=0.00 secs] 
2019-01-02T08:24:13.862+0900: 141700.438: [GC (Allocation Failure) [PSYoungGen: 60768K->256K(60928K)] 84566K->24054K(369664K), 0.0028174 secs] [Times: user=0.01 sys=0.00, real=0.01 secs] 
2019-01-02T08:25:01.633+0900: 141748.209: [GC (Allocation Failure) [PSYoungGen: 60672K->288K(60928K)] 84470K->24086K(369664K), 0.0027920 secs] [Times: user=0.01 sys=0.00, real=0.01 secs] 
2019-01-02T08:25:49.333+0900: 141795.909: [GC (Allocation Failure) [PSYoungGen: 60704K->320K(60928K)] 84502K->24118K(369664K), 0.0023858 secs] [Times: user=0.01 sys=0.00, real=0.01 secs] 
2019-01-02T08:26:37.181+0900: 141843.757: [GC (Allocation Failure) [PSYoungGen: 60736K->352K(60928K)] 84534K->24150K(369664K), 0.0024394 secs] [Times: user=0.02 sys=0.00, real=0.00 secs] 
2019-01-02T08:27:24.608+0900: 141891.184: [GC (Allocation Failure) [PSYoungGen: 60768K->352K(60928K)] 84566K->24150K(369664K), 0.0027584 secs] [Times: user=0.00 sys=0.01, real=0.00 secs] 
2019-01-02T08:28:12.799+0900: 141939.375: [GC (Allocation Failure) [PSYoungGen: 60768K->320K(60928K)] 84566K->24118K(369664K), 0.0034190 secs] [Times: user=0.01 sys=0.00, real=0.00 secs] 
2019-01-02T08:29:00.448+0900: 141987.024: [GC (Allocation Failure) [PSYoungGen: 60736K->256K(60928K)] 84534K->24070K(369664K), 0.0029316 secs] [Times: user=0.01 sys=0.00, real=0.00 secs] 
2019-01-02T08:29:48.175+0900: 142034.751: [GC (Allocation Failure) [PSYoungGen: 60672K->352K(60928K)] 84486K->24166K(369664K), 0.0029928 secs] [Times: user=0.02 sys=0.00, real=0.00 secs] 
2019-01-02T08:30:35.871+0900: 142082.447: [GC (Allocation Failure) [PSYoungGen: 60768K->320K(60928K)] 84582K->24134K(369664K), 0.0027386 secs] [Times: user=0.01 sys=0.00, real=0.01 secs] 
2019-01-02T08:31:23.557+0900: 142130.133: [GC (Allocation Failure) [PSYoungGen: 60736K->224K(60928K)] 84550K->24038K(369664K), 0.0028960 secs] [Times: user=0.01 sys=0.00, real=0.00 secs] 
2019-01-02T08:32:11.126+0900: 142177.702: [GC (Allocation Failure) [PSYoungGen: 60640K->352K(60928K)] 84454K->24166K(369664K), 0.0028217 secs] [Times: user=0.01 sys=0.00, real=0.00 secs] 
2019-01-02T08:32:58.708+0900: 142225.284: [GC (Allocation Failure) [PSYoungGen: 60768K->320K(60928K)] 84582K->24142K(369664K), 0.0026754 secs] [Times: user=0.00 sys=0.01, real=0.00 secs] 
2019-01-02T08:33:46.322+0900: 142272.898: [GC (Allocation Failure) [PSYoungGen: 60736K->288K(60928K)] 84558K->24110K(369664K), 0.0028307 secs] [Times: user=0.00 sys=0.01, real=0.01 secs] 
2019-01-02T08:34:34.193+0900: 142320.768: [GC (Allocation Failure) [PSYoungGen: 60704K->256K(60928K)] 84526K->24078K(369664K), 0.0027880 secs] [Times: user=0.01 sys=0.00, real=0.01 secs] 
2019-01-02T08:35:21.600+0900: 142368.176: [GC (Allocation Failure) [PSYoungGen: 60672K->288K(60928K)] 84494K->24110K(369664K), 0.0027670 secs] [Times: user=0.01 sys=0.00, real=0.00 secs] 
2019-01-02T08:36:09.275+0900: 142415.851: [GC (Allocation Failure) [PSYoungGen: 60704K->224K(60928K)] 84526K->24046K(369664K), 0.0025274 secs] [Times: user=0.00 sys=0.01, real=0.00 secs] 
2019-01-02T08:36:56.992+0900: 142463.568: [GC (Allocation Failure) [PSYoungGen: 60640K->352K(60928K)] 84462K->24174K(369664K), 0.0030501 secs] [Times: user=0.01 sys=0.00, real=0.01 secs] 
2019-01-02T08:37:44.672+0900: 142511.248: [GC (Allocation Failure) [PSYoungGen: 60768K->352K(60928K)] 84590K->24174K(369664K), 0.0029147 secs] [Times: user=0.01 sys=0.00, real=0.01 secs] 
2019-01-02T08:38:32.368+0900: 142558.943: [GC (Allocation Failure) [PSYoungGen: 60768K->352K(60928K)] 84590K->24174K(369664K), 0.0023280 secs] [Times: user=0.01 sys=0.00, real=0.00 secs] 
2019-01-02T08:39:20.219+0900: 142606.795: [GC (Allocation Failure) [PSYoungGen: 60768K->288K(60928K)] 84590K->24110K(369664K), 0.0027329 secs] [Times: user=0.00 sys=0.01, real=0.00 secs] 
2019-01-02T08:40:07.745+0900: 142654.321: [GC (Allocation Failure) [PSYoungGen: 60704K->224K(60928K)] 84526K->24046K(369664K), 0.0028878 secs] [Times: user=0.01 sys=0.00, real=0.00 secs] 
2019-01-02T08:40:55.522+0900: 142702.098: [GC (Allocation Failure) [PSYoungGen: 60640K->352K(60928K)] 84462K->24174K(369664K), 0.0027117 secs] [Times: user=0.01 sys=0.00, real=0.01 secs] 
2019-01-02T08:41:43.417+0900: 142749.992: [GC (Allocation Failure) [PSYoungGen: 60768K->256K(60928K)] 84590K->24078K(369664K), 0.0028110 secs] [Times: user=0.00 sys=0.01, real=0.00 secs] 
2019-01-02T08:42:31.320+0900: 142797.896: [GC (Allocation Failure) [PSYoungGen: 60672K->256K(60928K)] 84494K->24078K(369664K), 0.0027422 secs] [Times: user=0.01 sys=0.00, real=0.00 secs] 
2019-01-02T08:43:18.626+0900: 142845.202: [GC (Allocation Failure) [PSYoungGen: 60672K->320K(60928K)] 84494K->24142K(369664K), 0.0024935 secs] [Times: user=0.01 sys=0.00, real=0.00 secs] 
2019-01-02T08:44:06.385+0900: 142892.961: [GC (Allocation Failure) [PSYoungGen: 60736K->320K(60928K)] 84558K->24142K(369664K), 0.0027758 secs] [Times: user=0.01 sys=0.00, real=0.00 secs] 
2019-01-02T08:44:53.942+0900: 142940.518: [GC (Allocation Failure) [PSYoungGen: 60736K->288K(60928K)] 84558K->24126K(369664K), 0.0025362 secs] [Times: user=0.02 sys=0.00, real=0.01 secs] 
2019-01-02T08:45:41.507+0900: 142988.083: [GC (Allocation Failure) [PSYoungGen: 60704K->320K(60928K)] 84542K->24158K(369664K), 0.0023179 secs] [Times: user=0.00 sys=0.01, real=0.00 secs] 
2019-01-02T08:46:29.322+0900: 143035.898: [GC (Allocation Failure) [PSYoungGen: 60736K->320K(60928K)] 84574K->24158K(369664K), 0.0030692 secs] [Times: user=0.00 sys=0.01, real=0.01 secs] 
2019-01-02T08:47:16.603+0900: 143083.179: [GC (Allocation Failure) [PSYoungGen: 60736K->320K(60928K)] 84574K->24158K(369664K), 0.0029688 secs] [Times: user=0.01 sys=0.00, real=0.01 secs] 
2019-01-02T08:48:04.369+0900: 143130.945: [GC (Allocation Failure) [PSYoungGen: 60736K->256K(60928K)] 84574K->24102K(369664K), 0.0025522 secs] [Times: user=0.01 sys=0.00, real=0.00 secs] 
2019-01-02T08:48:51.892+0900: 143178.467: [GC (Allocation Failure) [PSYoungGen: 60672K->352K(60928K)] 84518K->24198K(369664K), 0.0025344 secs] [Times: user=0.00 sys=0.01, real=0.01 secs] 
2019-01-02T08:49:40.084+0900: 143226.660: [GC (Allocation Failure) [PSYoungGen: 60768K->256K(60928K)] 84614K->24102K(369664K), 0.0024563 secs] [Times: user=0.01 sys=0.01, real=0.01 secs] 
2019-01-02T08:50:27.793+0900: 143274.368: [GC (Allocation Failure) [PSYoungGen: 60672K->288K(60928K)] 84518K->24142K(369664K), 0.0028210 secs] [Times: user=0.01 sys=0.00, real=0.01 secs] 
2019-01-02T08:51:15.432+0900: 143322.008: [GC (Allocation Failure) [PSYoungGen: 60704K->256K(60928K)] 84558K->24110K(369664K), 0.0028911 secs] [Times: user=0.00 sys=0.00, real=0.01 secs] 
2019-01-02T08:52:03.209+0900: 143369.785: [GC (Allocation Failure) [PSYoungGen: 60672K->352K(60928K)] 84526K->24206K(369664K), 0.0028260 secs] [Times: user=0.02 sys=0.00, real=0.00 secs] 
2019-01-02T08:52:50.829+0900: 143417.405: [GC (Allocation Failure) [PSYoungGen: 60768K->352K(60928K)] 84622K->24206K(369664K), 0.0029735 secs] [Times: user=0.01 sys=0.00, real=0.00 secs] 
2019-01-02T08:53:38.576+0900: 143465.152: [GC (Allocation Failure) [PSYoungGen: 60768K->288K(60928K)] 84622K->24142K(369664K), 0.0028525 secs] [Times: user=0.01 sys=0.00, real=0.00 secs] 
2019-01-02T08:54:26.217+0900: 143512.793: [GC (Allocation Failure) [PSYoungGen: 60704K->320K(60928K)] 84558K->24174K(369664K), 0.0026546 secs] [Times: user=0.00 sys=0.01, real=0.00 secs] 
2019-01-02T08:55:14.136+0900: 143560.712: [GC (Allocation Failure) [PSYoungGen: 60736K->256K(60928K)] 84590K->24110K(369664K), 0.0025985 secs] [Times: user=0.00 sys=0.00, real=0.00 secs] 
2019-01-02T08:56:01.642+0900: 143608.218: [GC (Allocation Failure) [PSYoungGen: 60672K->288K(60928K)] 84526K->24142K(369664K), 0.0027320 secs] [Times: user=0.00 sys=0.01, real=0.01 secs] 
2019-01-02T08:56:49.299+0900: 143655.875: [GC (Allocation Failure) [PSYoungGen: 60704K->352K(60928K)] 84558K->24214K(369664K), 0.0027050 secs] [Times: user=0.00 sys=0.01, real=0.00 secs] 
2019-01-02T08:57:37.245+0900: 143703.821: [GC (Allocation Failure) [PSYoungGen: 60768K->320K(60928K)] 84630K->24190K(369664K), 0.0028956 secs] [Times: user=0.01 sys=0.00, real=0.00 secs] 
2019-01-02T08:58:25.276+0900: 143751.852: [GC (Allocation Failure) [PSYoungGen: 60736K->352K(60928K)] 84606K->24238K(369664K), 0.0027960 secs] [Times: user=0.00 sys=0.01, real=0.00 secs] 
2019-01-02T08:59:12.610+0900: 143799.185: [GC (Allocation Failure) [PSYoungGen: 60768K->288K(60928K)] 84654K->24174K(369664K), 0.0027881 secs] [Times: user=0.01 sys=0.00, real=0.00 secs] 
2019-01-02T09:00:00.277+0900: 143846.853: [GC (Allocation Failure) [PSYoungGen: 60704K->320K(60928K)] 84590K->24206K(369664K), 0.0027932 secs] [Times: user=0.01 sys=0.00, real=0.00 secs] 
2019-01-02T09:00:48.027+0900: 143894.602: [GC (Allocation Failure) [PSYoungGen: 60736K->320K(60928K)] 84622K->24206K(369664K), 0.0027528 secs] [Times: user=0.01 sys=0.00, real=0.00 secs] 
2019-01-02T09:01:35.902+0900: 143942.478: [GC (Allocation Failure) [PSYoungGen: 60736K->320K(60928K)] 84622K->24206K(369664K), 0.0026283 secs] [Times: user=0.01 sys=0.00, real=0.01 secs] 
2019-01-02T09:02:23.387+0900: 143989.963: [GC (Allocation Failure) [PSYoungGen: 60736K->320K(60928K)] 84622K->24206K(369664K), 0.0028034 secs] [Times: user=0.01 sys=0.00, real=0.00 secs] 
2019-01-02T09:03:11.103+0900: 144037.679: [GC (Allocation Failure) [PSYoungGen: 60736K->352K(60928K)] 84622K->24238K(369664K), 0.0029943 secs] [Times: user=0.01 sys=0.00, real=0.01 secs] 
2019-01-02T09:03:58.598+0900: 144085.174: [GC (Allocation Failure) [PSYoungGen: 60768K->288K(60928K)] 84654K->24174K(369664K), 0.0029195 secs] [Times: user=0.01 sys=0.01, real=0.00 secs] 
2019-01-02T09:04:46.291+0900: 144132.867: [GC (Allocation Failure) [PSYoungGen: 60704K->352K(60928K)] 84590K->24238K(369664K), 0.0027608 secs] [Times: user=0.01 sys=0.01, real=0.01 secs] 
2019-01-02T09:05:34.155+0900: 144180.731: [GC (Allocation Failure) [PSYoungGen: 60768K->352K(60928K)] 84654K->24238K(369664K), 0.0025925 secs] [Times: user=0.01 sys=0.00, real=0.00 secs] 
2019-01-02T09:06:21.631+0900: 144228.207: [GC (Allocation Failure) [PSYoungGen: 60768K->352K(60928K)] 84654K->24238K(369664K), 0.0024571 secs] [Times: user=0.01 sys=0.00, real=0.00 secs] 
2019-01-02T09:07:09.375+0900: 144275.951: [GC (Allocation Failure) [PSYoungGen: 60768K->320K(60928K)] 84654K->24206K(369664K), 0.0027655 secs] [Times: user=0.01 sys=0.00, real=0.00 secs] 
2019-01-02T09:07:57.304+0900: 144323.880: [GC (Allocation Failure) [PSYoungGen: 60736K->352K(60928K)] 84622K->24238K(369664K), 0.0029052 secs] [Times: user=0.02 sys=0.00, real=0.00 secs] 
2019-01-02T09:08:45.029+0900: 144371.605: [GC (Allocation Failure) [PSYoungGen: 60768K->320K(60928K)] 84654K->24214K(369664K), 0.0029927 secs] [Times: user=0.01 sys=0.00, real=0.00 secs] 
2019-01-02T09:09:32.572+0900: 144419.148: [GC (Allocation Failure) [PSYoungGen: 60736K->352K(60928K)] 84630K->24246K(369664K), 0.0028914 secs] [Times: user=0.01 sys=0.00, real=0.01 secs] 
2019-01-02T09:10:20.283+0900: 144466.859: [GC (Allocation Failure) [PSYoungGen: 60768K->288K(60928K)] 84662K->24182K(369664K), 0.0029387 secs] [Times: user=0.01 sys=0.01, real=0.01 secs] 
2019-01-02T09:11:07.815+0900: 144514.390: [GC (Allocation Failure) [PSYoungGen: 60704K->256K(60928K)] 84598K->24150K(369664K), 0.0031176 secs] [Times: user=0.02 sys=0.00, real=0.00 secs] 
2019-01-02T09:11:55.557+0900: 144562.133: [GC (Allocation Failure) [PSYoungGen: 60672K->256K(60928K)] 84566K->24158K(369664K), 0.0024469 secs] [Times: user=0.00 sys=0.01, real=0.00 secs] 
2019-01-02T09:12:43.649+0900: 144610.225: [GC (Allocation Failure) [PSYoungGen: 60672K->320K(60928K)] 84574K->24222K(369664K), 0.0028767 secs] [Times: user=0.02 sys=0.00, real=0.00 secs] 
2019-01-02T09:13:30.891+0900: 144657.467: [GC (Allocation Failure) [PSYoungGen: 60736K->224K(60928K)] 84638K->24126K(369664K), 0.0024125 secs] [Times: user=0.00 sys=0.01, real=0.00 secs] 
2019-01-02T09:14:18.608+0900: 144705.183: [GC (Allocation Failure) [PSYoungGen: 60640K->352K(60928K)] 84542K->24254K(369664K), 0.0027608 secs] [Times: user=0.02 sys=0.00, real=0.00 secs] 
2019-01-02T09:15:06.445+0900: 144753.021: [GC (Allocation Failure) [PSYoungGen: 60768K->288K(60928K)] 84670K->24206K(369664K), 0.0023988 secs] [Times: user=0.00 sys=0.01, real=0.00 secs] 
2019-01-02T09:15:54.305+0900: 144800.881: [GC (Allocation Failure) [PSYoungGen: 60704K->320K(60928K)] 84622K->24262K(369664K), 0.0026420 secs] [Times: user=0.01 sys=0.00, real=0.00 secs] 
2019-01-02T09:16:41.886+0900: 144848.462: [GC (Allocation Failure) [PSYoungGen: 60736K->288K(60928K)] 84678K->24230K(369664K), 0.0028173 secs] [Times: user=0.01 sys=0.00, real=0.00 secs] 
2019-01-02T09:17:29.830+0900: 144896.406: [GC (Allocation Failure) [PSYoungGen: 60704K->352K(60928K)] 84646K->24294K(369664K), 0.0029771 secs] [Times: user=0.01 sys=0.00, real=0.00 secs] 
2019-01-02T09:18:17.156+0900: 144943.732: [GC (Allocation Failure) [PSYoungGen: 60768K->320K(60928K)] 84710K->24270K(369664K), 0.0030015 secs] [Times: user=0.01 sys=0.00, real=0.00 secs] 
2019-01-02T09:19:04.984+0900: 144991.560: [GC (Allocation Failure) [PSYoungGen: 60736K->256K(60928K)] 84686K->24206K(369664K), 0.0028951 secs] [Times: user=0.00 sys=0.01, real=0.00 secs] 
2019-01-02T09:19:52.530+0900: 145039.106: [GC (Allocation Failure) [PSYoungGen: 60672K->320K(60928K)] 84622K->24270K(369664K), 0.0027198 secs] [Times: user=0.00 sys=0.01, real=0.00 secs] 
2019-01-02T09:20:40.598+0900: 145087.174: [GC (Allocation Failure) [PSYoungGen: 60736K->288K(60928K)] 84686K->24238K(369664K), 0.0026078 secs] [Times: user=0.01 sys=0.00, real=0.00 secs] 
2019-01-02T09:21:28.351+0900: 145134.926: [GC (Allocation Failure) [PSYoungGen: 60704K->320K(60928K)] 84654K->24270K(369664K), 0.0029498 secs] [Times: user=0.01 sys=0.00, real=0.00 secs] 
2019-01-02T09:22:16.143+0900: 145182.719: [GC (Allocation Failure) [PSYoungGen: 60736K->288K(60928K)] 84686K->24238K(369664K), 0.0026912 secs] [Times: user=0.01 sys=0.00, real=0.01 secs] 
2019-01-02T09:23:04.170+0900: 145230.745: [GC (Allocation Failure) [PSYoungGen: 60704K->288K(60928K)] 84654K->24238K(369664K), 0.0028486 secs] [Times: user=0.01 sys=0.01, real=0.00 secs] 
2019-01-02T09:23:51.718+0900: 145278.294: [GC (Allocation Failure) [PSYoungGen: 60704K->224K(60928K)] 84654K->24182K(369664K), 0.0028788 secs] [Times: user=0.00 sys=0.01, real=0.00 secs] 
2019-01-02T09:24:39.485+0900: 145326.061: [GC (Allocation Failure) [PSYoungGen: 60640K->288K(60928K)] 84598K->24246K(369664K), 0.0028255 secs] [Times: user=0.02 sys=0.00, real=0.00 secs] 
2019-01-02T09:25:27.233+0900: 145373.809: [GC (Allocation Failure) [PSYoungGen: 60704K->352K(60928K)] 84662K->24310K(369664K), 0.0027283 secs] [Times: user=0.00 sys=0.01, real=0.01 secs] 
2019-01-02T09:26:14.927+0900: 145421.503: [GC (Allocation Failure) [PSYoungGen: 60768K->288K(60928K)] 84726K->24246K(369664K), 0.0029059 secs] [Times: user=0.01 sys=0.00, real=0.00 secs] 
2019-01-02T09:27:02.418+0900: 145468.994: [GC (Allocation Failure) [PSYoungGen: 60704K->288K(60928K)] 84662K->24246K(369664K), 0.0028058 secs] [Times: user=0.00 sys=0.01, real=0.00 secs] 
2019-01-02T09:27:49.808+0900: 145516.384: [GC (Allocation Failure) [PSYoungGen: 60704K->288K(60928K)] 84662K->24246K(369664K), 0.0027058 secs] [Times: user=0.01 sys=0.00, real=0.00 secs] 
2019-01-02T09:28:37.270+0900: 145563.846: [GC (Allocation Failure) [PSYoungGen: 60704K->352K(60928K)] 84662K->24310K(369664K), 0.0028852 secs] [Times: user=0.00 sys=0.02, real=0.00 secs] 
2019-01-02T09:29:24.991+0900: 145611.567: [GC (Allocation Failure) [PSYoungGen: 60768K->288K(60928K)] 84726K->24246K(369664K), 0.0028180 secs] [Times: user=0.02 sys=0.00, real=0.00 secs] 
2019-01-02T09:30:12.189+0900: 145658.765: [GC (Allocation Failure) [PSYoungGen: 60704K->320K(60928K)] 84662K->24286K(369664K), 0.0027888 secs] [Times: user=0.01 sys=0.00, real=0.00 secs] 
2019-01-02T09:31:00.296+0900: 145706.872: [GC (Allocation Failure) [PSYoungGen: 60736K->320K(60928K)] 84702K->24286K(369664K), 0.0027861 secs] [Times: user=0.01 sys=0.00, real=0.00 secs] 
2019-01-02T09:31:47.993+0900: 145754.569: [GC (Allocation Failure) [PSYoungGen: 60736K->320K(60928K)] 84702K->24286K(369664K), 0.0028025 secs] [Times: user=0.00 sys=0.01, real=0.01 secs] 
2019-01-02T09:32:35.758+0900: 145802.334: [GC (Allocation Failure) [PSYoungGen: 60736K->352K(60928K)] 84702K->24318K(369664K), 0.0027909 secs] [Times: user=0.01 sys=0.01, real=0.00 secs] 
2019-01-02T09:33:23.430+0900: 145850.006: [GC (Allocation Failure) [PSYoungGen: 60768K->352K(60928K)] 84734K->24318K(369664K), 0.0027849 secs] [Times: user=0.00 sys=0.01, real=0.00 secs] 
2019-01-02T09:34:11.147+0900: 145897.723: [GC (Allocation Failure) [PSYoungGen: 60768K->352K(60928K)] 84734K->24326K(369664K), 0.0023928 secs] [Times: user=0.01 sys=0.00, real=0.00 secs] 
2019-01-02T09:34:58.724+0900: 145945.300: [GC (Allocation Failure) [PSYoungGen: 60768K->288K(60928K)] 84742K->24262K(369664K), 0.0026303 secs] [Times: user=0.01 sys=0.00, real=0.00 secs] 
2019-01-02T09:35:46.537+0900: 145993.113: [GC (Allocation Failure) [PSYoungGen: 60704K->256K(60928K)] 84678K->24230K(369664K), 0.0029177 secs] [Times: user=0.01 sys=0.00, real=0.00 secs] 
2019-01-02T09:36:34.512+0900: 146041.088: [GC (Allocation Failure) [PSYoungGen: 60672K->224K(60928K)] 84646K->24198K(369664K), 0.0026721 secs] [Times: user=0.00 sys=0.01, real=0.01 secs] 
2019-01-02T09:37:21.899+0900: 146088.475: [GC (Allocation Failure) [PSYoungGen: 60640K->352K(60928K)] 84614K->24334K(369664K), 0.0027646 secs] [Times: user=0.00 sys=0.01, real=0.00 secs] 
2019-01-02T09:38:09.259+0900: 146135.834: [GC (Allocation Failure) [PSYoungGen: 60768K->320K(60928K)] 84750K->24302K(369664K), 0.0026307 secs] [Times: user=0.01 sys=0.00, real=0.00 secs] 
2019-01-02T09:38:57.284+0900: 146183.859: [GC (Allocation Failure) [PSYoungGen: 60736K->352K(60928K)] 84718K->24334K(369664K), 0.0030586 secs] [Times: user=0.01 sys=0.00, real=0.01 secs] 
2019-01-02T09:39:44.647+0900: 146231.223: [GC (Allocation Failure) [PSYoungGen: 60768K->256K(60928K)] 84750K->24238K(369664K), 0.0028275 secs] [Times: user=0.01 sys=0.00, real=0.00 secs] 
2019-01-02T09:40:32.218+0900: 146278.794: [GC (Allocation Failure) [PSYoungGen: 60672K->320K(60928K)] 84654K->24302K(369664K), 0.0026044 secs] [Times: user=0.01 sys=0.00, real=0.00 secs] 
2019-01-02T09:41:19.965+0900: 146326.541: [GC (Allocation Failure) [PSYoungGen: 60736K->320K(60928K)] 84718K->24302K(369664K), 0.0031842 secs] [Times: user=0.01 sys=0.00, real=0.00 secs] 
2019-01-02T09:42:07.954+0900: 146374.530: [GC (Allocation Failure) [PSYoungGen: 60736K->352K(60928K)] 84718K->24334K(369664K), 0.0026850 secs] [Times: user=0.02 sys=0.00, real=0.00 secs] 
2019-01-02T09:42:55.270+0900: 146421.846: [GC (Allocation Failure) [PSYoungGen: 60768K->352K(60928K)] 84750K->24334K(369664K), 0.0029123 secs] [Times: user=0.01 sys=0.00, real=0.00 secs] 
2019-01-02T09:43:42.980+0900: 146469.556: [GC (Allocation Failure) [PSYoungGen: 60768K->352K(60928K)] 84750K->24342K(369664K), 0.0023198 secs] [Times: user=0.01 sys=0.00, real=0.00 secs] 
2019-01-02T09:44:30.735+0900: 146517.311: [GC (Allocation Failure) [PSYoungGen: 60768K->288K(60928K)] 84758K->24286K(369664K), 0.0026490 secs] [Times: user=0.00 sys=0.01, real=0.00 secs] 
2019-01-02T09:45:18.403+0900: 146564.979: [GC (Allocation Failure) [PSYoungGen: 60704K->224K(60928K)] 84702K->24230K(369664K), 0.0027992 secs] [Times: user=0.01 sys=0.00, real=0.01 secs] 
2019-01-02T09:46:06.275+0900: 146612.851: [GC (Allocation Failure) [PSYoungGen: 60640K->352K(60928K)] 84646K->24358K(369664K), 0.0030919 secs] [Times: user=0.01 sys=0.00, real=0.00 secs] 
2019-01-02T09:46:54.227+0900: 146660.803: [GC (Allocation Failure) [PSYoungGen: 60768K->288K(60928K)] 84774K->24294K(369664K), 0.0026606 secs] [Times: user=0.01 sys=0.00, real=0.00 secs] 
2019-01-02T09:47:42.090+0900: 146708.666: [GC (Allocation Failure) [PSYoungGen: 60704K->320K(60928K)] 84710K->24326K(369664K), 0.0027702 secs] [Times: user=0.00 sys=0.01, real=0.00 secs] 
2019-01-02T09:48:29.607+0900: 146756.183: [GC (Allocation Failure) [PSYoungGen: 60736K->320K(60928K)] 84742K->24334K(369664K), 0.0030249 secs] [Times: user=0.01 sys=0.00, real=0.00 secs] 
2019-01-02T09:49:17.232+0900: 146803.808: [GC (Allocation Failure) [PSYoungGen: 60736K->352K(60928K)] 84750K->24382K(369664K), 0.0028604 secs] [Times: user=0.01 sys=0.00, real=0.01 secs] 
2019-01-02T09:50:04.975+0900: 146851.551: [GC (Allocation Failure) [PSYoungGen: 60768K->320K(60928K)] 84798K->24350K(369664K), 0.0029622 secs] [Times: user=0.02 sys=0.00, real=0.00 secs] 
2019-01-02T09:50:52.318+0900: 146898.894: [GC (Allocation Failure) [PSYoungGen: 60736K->320K(60928K)] 84766K->24350K(369664K), 0.0028084 secs] [Times: user=0.01 sys=0.00, real=0.00 secs] 
2019-01-02T09:51:40.359+0900: 146946.935: [GC (Allocation Failure) [PSYoungGen: 60736K->320K(60928K)] 84766K->24350K(369664K), 0.0027819 secs] [Times: user=0.01 sys=0.00, real=0.00 secs] 
2019-01-02T09:52:28.126+0900: 146994.702: [GC (Allocation Failure) [PSYoungGen: 60736K->288K(60928K)] 84766K->24326K(369664K), 0.0025750 secs] [Times: user=0.00 sys=0.01, real=0.00 secs] 
2019-01-02T09:53:15.792+0900: 147042.368: [GC (Allocation Failure) [PSYoungGen: 60704K->320K(60928K)] 84742K->24358K(369664K), 0.0027525 secs] [Times: user=0.01 sys=0.01, real=0.01 secs] 
2019-01-02T09:54:03.360+0900: 147089.936: [GC (Allocation Failure) [PSYoungGen: 60736K->320K(60928K)] 84774K->24358K(369664K), 0.0024908 secs] [Times: user=0.01 sys=0.00, real=0.00 secs] 
2019-01-02T09:54:51.173+0900: 147137.749: [GC (Allocation Failure) [PSYoungGen: 60736K->256K(60928K)] 84774K->24294K(369664K), 0.0025982 secs] [Times: user=0.01 sys=0.01, real=0.01 secs] 
2019-01-02T09:55:39.033+0900: 147185.609: [GC (Allocation Failure) [PSYoungGen: 60672K->352K(60928K)] 84710K->24390K(369664K), 0.0025850 secs] [Times: user=0.01 sys=0.01, real=0.01 secs] 
2019-01-02T09:56:26.650+0900: 147233.226: [GC (Allocation Failure) [PSYoungGen: 60768K->352K(60928K)] 84806K->24390K(369664K), 0.0029742 secs] [Times: user=0.00 sys=0.01, real=0.00 secs] 
2019-01-02T09:57:14.218+0900: 147280.794: [GC (Allocation Failure) [PSYoungGen: 60768K->352K(60928K)] 84806K->24390K(369664K), 0.0027694 secs] [Times: user=0.01 sys=0.00, real=0.00 secs] 
2019-01-02T09:58:01.928+0900: 147328.504: [GC (Allocation Failure) [PSYoungGen: 60768K->288K(60928K)] 84806K->24326K(369664K), 0.0029448 secs] [Times: user=0.01 sys=0.00, real=0.00 secs] 
2019-01-02T09:58:49.737+0900: 147376.313: [GC (Allocation Failure) [PSYoungGen: 60704K->352K(60928K)] 84742K->24390K(369664K), 0.0023270 secs] [Times: user=0.00 sys=0.01, real=0.00 secs] 
2019-01-02T09:59:37.627+0900: 147424.203: [GC (Allocation Failure) [PSYoungGen: 60768K->352K(60928K)] 84806K->24390K(369664K), 0.0025655 secs] [Times: user=0.01 sys=0.00, real=0.00 secs] 
2019-01-02T10:00:25.499+0900: 147472.075: [GC (Allocation Failure) [PSYoungGen: 60768K->352K(60928K)] 84806K->24390K(369664K), 0.0027770 secs] [Times: user=0.01 sys=0.00, real=0.00 secs] 
2019-01-02T10:01:13.270+0900: 147519.846: [GC (Allocation Failure) [PSYoungGen: 60768K->224K(60928K)] 84806K->24262K(369664K), 0.0027716 secs] [Times: user=0.00 sys=0.01, real=0.00 secs] 
2019-01-02T10:02:01.168+0900: 147567.744: [GC (Allocation Failure) [PSYoungGen: 60640K->320K(60928K)] 84678K->24358K(369664K), 0.0026490 secs] [Times: user=0.01 sys=0.00, real=0.00 secs] 
2019-01-02T10:02:48.319+0900: 147614.895: [GC (Allocation Failure) [PSYoungGen: 60736K->288K(60928K)] 84774K->24326K(369664K), 0.0027132 secs] [Times: user=0.01 sys=0.00, real=0.00 secs] 
2019-01-02T10:03:36.085+0900: 147662.661: [GC (Allocation Failure) [PSYoungGen: 60704K->256K(60928K)] 84742K->24294K(369664K), 0.0026815 secs] [Times: user=0.01 sys=0.00, real=0.00 secs] 
2019-01-02T10:04:24.141+0900: 147710.717: [GC (Allocation Failure) [PSYoungGen: 60672K->320K(60928K)] 84710K->24358K(369664K), 0.0027135 secs] [Times: user=0.00 sys=0.01, real=0.01 secs] 
2019-01-02T10:05:11.640+0900: 147758.215: [GC (Allocation Failure) [PSYoungGen: 60736K->224K(60928K)] 84774K->24270K(369664K), 0.0035504 secs] [Times: user=0.01 sys=0.00, real=0.00 secs] 
2019-01-02T10:05:59.216+0900: 147805.792: [GC (Allocation Failure) [PSYoungGen: 60640K->320K(60928K)] 84686K->24366K(369664K), 0.0028559 secs] [Times: user=0.01 sys=0.00, real=0.00 secs] 
2019-01-02T10:06:47.022+0900: 147853.598: [GC (Allocation Failure) [PSYoungGen: 60736K->320K(60928K)] 84782K->24366K(369664K), 0.0028696 secs] [Times: user=0.00 sys=0.01, real=0.01 secs] 
2019-01-02T10:07:34.838+0900: 147901.414: [GC (Allocation Failure) [PSYoungGen: 60736K->288K(60928K)] 84782K->24358K(369664K), 0.0025835 secs] [Times: user=0.01 sys=0.00, real=0.00 secs] 
2019-01-02T10:08:22.407+0900: 147948.983: [GC (Allocation Failure) [PSYoungGen: 60704K->288K(60928K)] 84774K->24358K(369664K), 0.0029302 secs] [Times: user=0.01 sys=0.00, real=0.00 secs] 
2019-01-02T10:09:09.966+0900: 147996.542: [GC (Allocation Failure) [PSYoungGen: 60704K->352K(60928K)] 84774K->24422K(369664K), 0.0026078 secs] [Times: user=0.01 sys=0.00, real=0.00 secs] 
2019-01-02T10:09:57.783+0900: 148044.359: [GC (Allocation Failure) [PSYoungGen: 60768K->320K(60928K)] 84838K->24390K(369664K), 0.0027633 secs] [Times: user=0.01 sys=0.00, real=0.01 secs] 
2019-01-02T10:10:45.502+0900: 148092.077: [GC (Allocation Failure) [PSYoungGen: 60736K->320K(60928K)] 84806K->24390K(369664K), 0.0027433 secs] [Times: user=0.00 sys=0.01, real=0.01 secs] 
2019-01-02T10:11:33.324+0900: 148139.900: [GC (Allocation Failure) [PSYoungGen: 60736K->352K(60928K)] 84806K->24422K(369664K), 0.0027584 secs] [Times: user=0.01 sys=0.00, real=0.00 secs] 
2019-01-02T10:12:21.213+0900: 148187.789: [GC (Allocation Failure) [PSYoungGen: 60768K->320K(60928K)] 84838K->24390K(369664K), 0.0029194 secs] [Times: user=0.01 sys=0.00, real=0.01 secs] 
2019-01-02T10:13:08.542+0900: 148235.118: [GC (Allocation Failure) [PSYoungGen: 60736K->352K(60928K)] 84806K->24422K(369664K), 0.0028249 secs] [Times: user=0.00 sys=0.01, real=0.01 secs] 
2019-01-02T10:13:56.239+0900: 148282.815: [GC (Allocation Failure) [PSYoungGen: 60768K->352K(60928K)] 84838K->24422K(369664K), 0.0023872 secs] [Times: user=0.02 sys=0.00, real=0.00 secs] 
2019-01-02T10:14:43.926+0900: 148330.502: [GC (Allocation Failure) [PSYoungGen: 60768K->320K(60928K)] 84838K->24398K(369664K), 0.0028359 secs] [Times: user=0.01 sys=0.00, real=0.00 secs] 
2019-01-02T10:15:32.125+0900: 148378.701: [GC (Allocation Failure) [PSYoungGen: 60736K->256K(60928K)] 84814K->24334K(369664K), 0.0030438 secs] [Times: user=0.00 sys=0.01, real=0.00 secs] 
2019-01-02T10:16:20.011+0900: 148426.586: [GC (Allocation Failure) [PSYoungGen: 60672K->320K(60928K)] 84750K->24398K(369664K), 0.0026271 secs] [Times: user=0.00 sys=0.00, real=0.00 secs] 
2019-01-02T10:17:07.506+0900: 148474.082: [GC (Allocation Failure) [PSYoungGen: 60736K->320K(60928K)] 84814K->24398K(369664K), 0.0029492 secs] [Times: user=0.00 sys=0.01, real=0.00 secs] 
2019-01-02T10:17:55.268+0900: 148521.844: [GC (Allocation Failure) [PSYoungGen: 60736K->320K(60928K)] 84814K->24406K(369664K), 0.0026225 secs] [Times: user=0.00 sys=0.01, real=0.00 secs] 
2019-01-02T10:18:42.895+0900: 148569.470: [GC (Allocation Failure) [PSYoungGen: 60736K->352K(60928K)] 84822K->24446K(369664K), 0.0025509 secs] [Times: user=0.01 sys=0.00, real=0.00 secs] 
2019-01-02T10:19:30.507+0900: 148617.083: [GC (Allocation Failure) [PSYoungGen: 60768K->352K(60928K)] 84862K->24446K(369664K), 0.0025248 secs] [Times: user=0.01 sys=0.00, real=0.00 secs] 
2019-01-02T10:20:18.320+0900: 148664.896: [GC (Allocation Failure) [PSYoungGen: 60768K->352K(60928K)] 84862K->24446K(369664K), 0.0026785 secs] [Times: user=0.01 sys=0.00, real=0.00 secs] 
2019-01-02T10:21:06.462+0900: 148713.038: [GC (Allocation Failure) [PSYoungGen: 60768K->256K(60928K)] 84862K->24350K(369664K), 0.0030837 secs] [Times: user=0.00 sys=0.00, real=0.01 secs] 
2019-01-02T10:21:54.280+0900: 148760.856: [GC (Allocation Failure) [PSYoungGen: 60672K->288K(60928K)] 84766K->24382K(369664K), 0.0025503 secs] [Times: user=0.00 sys=0.01, real=0.00 secs] 
2019-01-02T10:22:42.059+0900: 148808.635: [GC (Allocation Failure) [PSYoungGen: 60704K->320K(60928K)] 84798K->24414K(369664K), 0.0027998 secs] [Times: user=0.01 sys=0.00, real=0.00 secs] 
2019-01-02T10:23:29.906+0900: 148856.482: [GC (Allocation Failure) [PSYoungGen: 60736K->352K(60928K)] 84830K->24446K(369664K), 0.0025733 secs] [Times: user=0.00 sys=0.01, real=0.00 secs] 
2019-01-02T10:24:17.874+0900: 148904.450: [GC (Allocation Failure) [PSYoungGen: 60768K->352K(60928K)] 84862K->24446K(369664K), 0.0027471 secs] [Times: user=0.01 sys=0.01, real=0.00 secs] 
2019-01-02T10:25:05.407+0900: 148951.983: [GC (Allocation Failure) [PSYoungGen: 60768K->352K(60928K)] 84862K->24446K(369664K), 0.0026308 secs] [Times: user=0.00 sys=0.01, real=0.00 secs] 
2019-01-02T10:25:53.097+0900: 148999.673: [GC (Allocation Failure) [PSYoungGen: 60768K->320K(60928K)] 84862K->24414K(369664K), 0.0024127 secs] [Times: user=0.01 sys=0.00, real=0.00 secs] 
2019-01-02T10:26:40.945+0900: 149047.521: [GC (Allocation Failure) [PSYoungGen: 60736K->288K(60928K)] 84830K->24390K(369664K), 0.0029338 secs] [Times: user=0.01 sys=0.01, real=0.00 secs] 
2019-01-02T10:27:28.796+0900: 149095.372: [GC (Allocation Failure) [PSYoungGen: 60704K->352K(60928K)] 84806K->24454K(369664K), 0.0023902 secs] [Times: user=0.00 sys=0.01, real=0.00 secs] 
2019-01-02T10:28:16.160+0900: 149142.736: [GC (Allocation Failure) [PSYoungGen: 60768K->320K(60928K)] 84870K->24422K(369664K), 0.0024237 secs] [Times: user=0.00 sys=0.01, real=0.00 secs] 
2019-01-02T10:29:03.777+0900: 149190.353: [GC (Allocation Failure) [PSYoungGen: 60736K->256K(60928K)] 84838K->24366K(369664K), 0.0027378 secs] [Times: user=0.00 sys=0.00, real=0.00 secs] 
2019-01-02T10:29:51.573+0900: 149238.149: [GC (Allocation Failure) [PSYoungGen: 60672K->352K(60928K)] 84782K->24462K(369664K), 0.0029227 secs] [Times: user=0.01 sys=0.00, real=0.01 secs] 
2019-01-02T10:30:39.302+0900: 149285.878: [GC (Allocation Failure) [PSYoungGen: 60768K->288K(60928K)] 84878K->24398K(369664K), 0.0032126 secs] [Times: user=0.00 sys=0.01, real=0.01 secs] 
2019-01-02T10:31:26.962+0900: 149333.537: [GC (Allocation Failure) [PSYoungGen: 60704K->320K(60928K)] 84814K->24430K(369664K), 0.0025300 secs] [Times: user=0.00 sys=0.01, real=0.01 secs] 
2019-01-02T10:32:15.121+0900: 149381.697: [GC (Allocation Failure) [PSYoungGen: 60736K->320K(60928K)] 84846K->24430K(369664K), 0.0023510 secs] [Times: user=0.01 sys=0.00, real=0.01 secs] 
2019-01-02T10:33:02.109+0900: 149428.685: [GC (Allocation Failure) [PSYoungGen: 60736K->320K(60928K)] 84846K->24430K(369664K), 0.0030213 secs] [Times: user=0.00 sys=0.00, real=0.00 secs] 
2019-01-02T10:33:49.663+0900: 149476.239: [GC (Allocation Failure) [PSYoungGen: 60736K->352K(60928K)] 84846K->24462K(369664K), 0.0024929 secs] [Times: user=0.01 sys=0.00, real=0.01 secs] 
2019-01-02T10:34:38.018+0900: 149524.594: [GC (Allocation Failure) [PSYoungGen: 60768K->352K(60928K)] 84878K->24462K(369664K), 0.0030154 secs] [Times: user=0.01 sys=0.00, real=0.00 secs] 
2019-01-02T10:35:25.724+0900: 149572.300: [GC (Allocation Failure) [PSYoungGen: 60768K->352K(60928K)] 84878K->24462K(369664K), 0.0027197 secs] [Times: user=0.00 sys=0.01, real=0.00 secs] 
2019-01-02T10:36:13.095+0900: 149619.671: [GC (Allocation Failure) [PSYoungGen: 60768K->224K(60928K)] 84878K->24334K(369664K), 0.0028840 secs] [Times: user=0.00 sys=0.01, real=0.00 secs] 
2019-01-02T10:37:00.692+0900: 149667.267: [GC (Allocation Failure) [PSYoungGen: 60640K->352K(60928K)] 84750K->24462K(369664K), 0.0029258 secs] [Times: user=0.01 sys=0.01, real=0.01 secs] 
2019-01-02T10:37:48.469+0900: 149715.045: [GC (Allocation Failure) [PSYoungGen: 60768K->352K(60928K)] 84878K->24462K(369664K), 0.0030758 secs] [Times: user=0.00 sys=0.01, real=0.00 secs] 
2019-01-02T10:38:36.368+0900: 149762.944: [GC (Allocation Failure) [PSYoungGen: 60768K->288K(60928K)] 84878K->24398K(369664K), 0.0024559 secs] [Times: user=0.01 sys=0.00, real=0.00 secs] 
2019-01-02T10:39:23.853+0900: 149810.429: [GC (Allocation Failure) [PSYoungGen: 60704K->320K(60928K)] 84814K->24430K(369664K), 0.0029144 secs] [Times: user=0.01 sys=0.00, real=0.01 secs] 
2019-01-02T10:40:11.654+0900: 149858.230: [GC (Allocation Failure) [PSYoungGen: 60736K->256K(60928K)] 84846K->24366K(369664K), 0.0024774 secs] [Times: user=0.01 sys=0.00, real=0.00 secs] 
2019-01-02T10:40:59.359+0900: 149905.935: [GC (Allocation Failure) [PSYoungGen: 60672K->320K(60928K)] 84782K->24430K(369664K), 0.0027925 secs] [Times: user=0.00 sys=0.01, real=0.00 secs] 
2019-01-02T10:41:47.359+0900: 149953.934: [GC (Allocation Failure) [PSYoungGen: 60736K->352K(60928K)] 84846K->24462K(369664K), 0.0028047 secs] [Times: user=0.02 sys=0.00, real=0.00 secs] 
2019-01-02T10:42:35.363+0900: 150001.939: [GC (Allocation Failure) [PSYoungGen: 60768K->256K(60928K)] 84878K->24366K(369664K), 0.0024237 secs] [Times: user=0.01 sys=0.00, real=0.01 secs] 
2019-01-02T10:43:22.806+0900: 150049.382: [GC (Allocation Failure) [PSYoungGen: 60672K->352K(60928K)] 84782K->24470K(369664K), 0.0027761 secs] [Times: user=0.00 sys=0.01, real=0.00 secs] 
2019-01-02T10:44:10.466+0900: 150097.042: [GC (Allocation Failure) [PSYoungGen: 60768K->352K(60928K)] 84886K->24470K(369664K), 0.0026301 secs] [Times: user=0.00 sys=0.01, real=0.00 secs] 
2019-01-02T10:44:58.241+0900: 150144.817: [GC (Allocation Failure) [PSYoungGen: 60768K->352K(60928K)] 84886K->24478K(369664K), 0.0023678 secs] [Times: user=0.01 sys=0.00, real=0.00 secs] 
2019-01-02T10:45:46.049+0900: 150192.625: [GC (Allocation Failure) [PSYoungGen: 60768K->224K(60928K)] 84894K->24350K(369664K), 0.0032339 secs] [Times: user=0.01 sys=0.00, real=0.00 secs] 
2019-01-02T10:46:33.768+0900: 150240.344: [GC (Allocation Failure) [PSYoungGen: 60640K->288K(60928K)] 84766K->24414K(369664K), 0.0033836 secs] [Times: user=0.01 sys=0.00, real=0.00 secs] 
2019-01-02T10:47:21.672+0900: 150288.248: [GC (Allocation Failure) [PSYoungGen: 60704K->352K(60928K)] 84830K->24478K(369664K), 0.0023650 secs] [Times: user=0.01 sys=0.00, real=0.01 secs] 
2019-01-02T10:48:08.941+0900: 150335.517: [GC (Allocation Failure) [PSYoungGen: 60768K->320K(60928K)] 84894K->24446K(369664K), 0.0028256 secs] [Times: user=0.02 sys=0.00, real=0.00 secs] 
2019-01-02T10:48:56.760+0900: 150383.335: [GC (Allocation Failure) [PSYoungGen: 60736K->352K(60928K)] 84862K->24510K(369664K), 0.0023891 secs] [Times: user=0.01 sys=0.00, real=0.00 secs] 
2019-01-02T10:49:44.729+0900: 150431.305: [GC (Allocation Failure) [PSYoungGen: 60768K->288K(60928K)] 84926K->24446K(369664K), 0.0028343 secs] [Times: user=0.00 sys=0.01, real=0.00 secs] 
2019-01-02T10:50:32.612+0900: 150479.188: [GC (Allocation Failure) [PSYoungGen: 60704K->288K(60928K)] 84862K->24446K(369664K), 0.0027315 secs] [Times: user=0.01 sys=0.00, real=0.01 secs] 
2019-01-02T10:51:20.587+0900: 150527.163: [GC (Allocation Failure) [PSYoungGen: 60704K->320K(60928K)] 84862K->24478K(369664K), 0.0027804 secs] [Times: user=0.00 sys=0.02, real=0.00 secs] 
2019-01-02T10:52:07.942+0900: 150574.518: [GC (Allocation Failure) [PSYoungGen: 60736K->352K(60928K)] 84894K->24510K(369664K), 0.0027424 secs] [Times: user=0.02 sys=0.00, real=0.01 secs] 
2019-01-02T10:52:55.606+0900: 150622.182: [GC (Allocation Failure) [PSYoungGen: 60768K->320K(60928K)] 84926K->24478K(369664K), 0.0024472 secs] [Times: user=0.00 sys=0.01, real=0.00 secs] 
2019-01-02T10:53:43.340+0900: 150669.916: [GC (Allocation Failure) [PSYoungGen: 60736K->288K(60928K)] 84894K->24446K(369664K), 0.0026812 secs] [Times: user=0.00 sys=0.02, real=0.00 secs] 
2019-01-02T10:54:31.139+0900: 150717.715: [GC (Allocation Failure) [PSYoungGen: 60704K->288K(60928K)] 84862K->24446K(369664K), 0.0027838 secs] [Times: user=0.00 sys=0.01, real=0.00 secs] 
2019-01-02T10:55:18.754+0900: 150765.330: [GC (Allocation Failure) [PSYoungGen: 60704K->288K(60928K)] 84862K->24446K(369664K), 0.0024816 secs] [Times: user=0.01 sys=0.01, real=0.00 secs] 
2019-01-02T10:56:06.247+0900: 150812.823: [GC (Allocation Failure) [PSYoungGen: 60704K->256K(60928K)] 84862K->24414K(369664K), 0.0028457 secs] [Times: user=0.00 sys=0.01, real=0.00 secs] 
2019-01-02T10:56:53.999+0900: 150860.575: [GC (Allocation Failure) [PSYoungGen: 60672K->288K(60928K)] 84830K->24454K(369664K), 0.0027478 secs] [Times: user=0.01 sys=0.00, real=0.00 secs] 
2019-01-02T10:57:41.666+0900: 150908.242: [GC (Allocation Failure) [PSYoungGen: 60704K->320K(60928K)] 84870K->24486K(369664K), 0.0026169 secs] [Times: user=0.00 sys=0.01, real=0.00 secs] 
2019-01-02T10:58:29.150+0900: 150955.726: [GC (Allocation Failure) [PSYoungGen: 60736K->288K(60928K)] 84902K->24454K(369664K), 0.0027339 secs] [Times: user=0.02 sys=0.00, real=0.00 secs] 
2019-01-02T10:59:17.065+0900: 151003.641: [GC (Allocation Failure) [PSYoungGen: 60704K->320K(60928K)] 84870K->24502K(369664K), 0.0027512 secs] [Times: user=0.00 sys=0.01, real=0.00 secs] 
2019-01-02T11:00:04.612+0900: 151051.188: [GC (Allocation Failure) [PSYoungGen: 60736K->352K(60928K)] 84918K->24534K(369664K), 0.0027874 secs] [Times: user=0.00 sys=0.01, real=0.01 secs] 
2019-01-02T11:00:52.067+0900: 151098.643: [GC (Allocation Failure) [PSYoungGen: 60768K->288K(60928K)] 84950K->24470K(369664K), 0.0027582 secs] [Times: user=0.00 sys=0.01, real=0.00 secs] 
2019-01-02T11:01:40.041+0900: 151146.617: [GC (Allocation Failure) [PSYoungGen: 60704K->352K(60928K)] 84886K->24534K(369664K), 0.0026733 secs] [Times: user=0.00 sys=0.01, real=0.00 secs] 
2019-01-02T11:02:27.365+0900: 151193.941: [GC (Allocation Failure) [PSYoungGen: 60768K->320K(60928K)] 84950K->24510K(369664K), 0.0027992 secs] [Times: user=0.00 sys=0.01, real=0.00 secs] 
2019-01-02T11:03:14.759+0900: 151241.335: [GC (Allocation Failure) [PSYoungGen: 60736K->352K(60928K)] 84926K->24542K(369664K), 0.0027592 secs] [Times: user=0.01 sys=0.01, real=0.00 secs] 
2019-01-02T11:04:02.749+0900: 151289.324: [GC (Allocation Failure) [PSYoungGen: 60768K->288K(60928K)] 84958K->24478K(369664K), 0.0028542 secs] [Times: user=0.01 sys=0.00, real=0.00 secs] 
2019-01-02T11:04:50.140+0900: 151336.715: [GC (Allocation Failure) [PSYoungGen: 60703K->320K(60928K)] 84894K->24510K(369664K), 0.0027482 secs] [Times: user=0.00 sys=0.01, real=0.00 secs] 
2019-01-02T11:05:38.130+0900: 151384.706: [GC (Allocation Failure) [PSYoungGen: 60736K->256K(60928K)] 84926K->24446K(369664K), 0.0024612 secs] [Times: user=0.01 sys=0.00, real=0.00 secs] 
2019-01-02T11:06:25.934+0900: 151432.510: [GC (Allocation Failure) [PSYoungGen: 60672K->288K(60928K)] 84862K->24478K(369664K), 0.0029007 secs] [Times: user=0.01 sys=0.01, real=0.00 secs] 
2019-01-02T11:07:13.516+0900: 151480.092: [GC (Allocation Failure) [PSYoungGen: 60704K->320K(60928K)] 84894K->24510K(369664K), 0.0027623 secs] [Times: user=0.00 sys=0.01, real=0.00 secs] 
2019-01-02T11:08:01.147+0900: 151527.723: [GC (Allocation Failure) [PSYoungGen: 60736K->320K(60928K)] 84926K->24510K(369664K), 0.0029174 secs] [Times: user=0.00 sys=0.01, real=0.00 secs] 
2019-01-02T11:08:48.905+0900: 151575.481: [GC (Allocation Failure) [PSYoungGen: 60736K->352K(60928K)] 84926K->24542K(369664K), 0.0027593 secs] [Times: user=0.00 sys=0.01, real=0.00 secs] 
2019-01-02T11:09:37.098+0900: 151623.674: [GC (Allocation Failure) [PSYoungGen: 60768K->352K(60928K)] 84958K->24542K(369664K), 0.0024094 secs] [Times: user=0.01 sys=0.00, real=0.00 secs] 
2019-01-02T11:10:24.341+0900: 151670.917: [GC (Allocation Failure) [PSYoungGen: 60768K->320K(60928K)] 84958K->24510K(369664K), 0.0028055 secs] [Times: user=0.01 sys=0.00, real=0.01 secs] 
2019-01-02T11:11:12.326+0900: 151718.902: [GC (Allocation Failure) [PSYoungGen: 60736K->320K(60928K)] 84926K->24510K(369664K), 0.0028060 secs] [Times: user=0.00 sys=0.01, real=0.00 secs] 
2019-01-02T11:12:00.122+0900: 151766.698: [GC (Allocation Failure) [PSYoungGen: 60736K->320K(60928K)] 84926K->24510K(369664K), 0.0027505 secs] [Times: user=0.01 sys=0.00, real=0.01 secs] 
2019-01-02T11:12:47.861+0900: 151814.437: [GC (Allocation Failure) [PSYoungGen: 60736K->352K(60928K)] 84926K->24542K(369664K), 0.0028642 secs] [Times: user=0.00 sys=0.00, real=0.01 secs] 
2019-01-02T11:13:35.611+0900: 151862.186: [GC (Allocation Failure) [PSYoungGen: 60768K->288K(60928K)] 84958K->24478K(369664K), 0.0025455 secs] [Times: user=0.01 sys=0.00, real=0.00 secs] 
2019-01-02T11:14:23.192+0900: 151909.768: [GC (Allocation Failure) [PSYoungGen: 60704K->320K(60928K)] 84894K->24510K(369664K), 0.0028624 secs] [Times: user=0.00 sys=0.01, real=0.01 secs] 
2019-01-02T11:15:10.566+0900: 151957.142: [GC (Allocation Failure) [PSYoungGen: 60736K->320K(60928K)] 84926K->24518K(369664K), 0.0024169 secs] [Times: user=0.00 sys=0.00, real=0.00 secs] 
2019-01-02T11:15:58.335+0900: 152004.911: [GC (Allocation Failure) [PSYoungGen: 60736K->288K(60928K)] 84934K->24486K(369664K), 0.0027477 secs] [Times: user=0.00 sys=0.01, real=0.00 secs] 
2019-01-02T11:16:46.115+0900: 152052.691: [GC (Allocation Failure) [PSYoungGen: 60704K->352K(60928K)] 84902K->24550K(369664K), 0.0025043 secs] [Times: user=0.00 sys=0.01, real=0.00 secs] 
2019-01-02T11:17:33.912+0900: 152100.488: [GC (Allocation Failure) [PSYoungGen: 60768K->352K(60928K)] 84966K->24550K(369664K), 0.0030265 secs] [Times: user=0.01 sys=0.00, real=0.01 secs] 
2019-01-02T11:18:21.183+0900: 152147.759: [GC (Allocation Failure) [PSYoungGen: 60768K->352K(60928K)] 84966K->24550K(369664K), 0.0027194 secs] [Times: user=0.02 sys=0.00, real=0.01 secs] 
2019-01-02T11:19:08.964+0900: 152195.540: [GC (Allocation Failure) [PSYoungGen: 60768K->288K(60928K)] 84966K->24494K(369664K), 0.0026058 secs] [Times: user=0.00 sys=0.00, real=0.00 secs] 
2019-01-02T11:19:56.562+0900: 152243.138: [GC (Allocation Failure) [PSYoungGen: 60704K->224K(60928K)] 84910K->24430K(369664K), 0.0027932 secs] [Times: user=0.00 sys=0.01, real=0.01 secs] 
2019-01-02T11:20:43.802+0900: 152290.378: [GC (Allocation Failure) [PSYoungGen: 60640K->352K(60928K)] 84846K->24566K(369664K), 0.0022915 secs] [Times: user=0.00 sys=0.01, real=0.01 secs] 
2019-01-02T11:21:31.951+0900: 152338.527: [GC (Allocation Failure) [PSYoungGen: 60768K->320K(60928K)] 84982K->24534K(369664K), 0.0026282 secs] [Times: user=0.01 sys=0.00, real=0.01 secs] 
2019-01-02T11:22:19.541+0900: 152386.117: [GC (Allocation Failure) [PSYoungGen: 60736K->288K(60928K)] 84950K->24502K(369664K), 0.0026774 secs] [Times: user=0.00 sys=0.01, real=0.01 secs] 
2019-01-02T11:23:07.422+0900: 152433.998: [GC (Allocation Failure) [PSYoungGen: 60704K->288K(60928K)] 84918K->24502K(369664K), 0.0024282 secs] [Times: user=0.01 sys=0.00, real=0.01 secs] 
2019-01-02T11:23:54.855+0900: 152481.431: [GC (Allocation Failure) [PSYoungGen: 60704K->352K(60928K)] 84918K->24566K(369664K), 0.0027861 secs] [Times: user=0.01 sys=0.01, real=0.00 secs] 
2019-01-02T11:24:42.516+0900: 152529.092: [GC (Allocation Failure) [PSYoungGen: 60768K->288K(60928K)] 84982K->24502K(369664K), 0.0025180 secs] [Times: user=0.01 sys=0.01, real=0.00 secs] 
2019-01-02T11:25:30.234+0900: 152576.810: [GC (Allocation Failure) [PSYoungGen: 60704K->320K(60928K)] 84918K->24534K(369664K), 0.0027064 secs] [Times: user=0.00 sys=0.01, real=0.00 secs] 
2019-01-02T11:26:18.057+0900: 152624.633: [GC (Allocation Failure) [PSYoungGen: 60736K->320K(60928K)] 84950K->24542K(369664K), 0.0027413 secs] [Times: user=0.01 sys=0.00, real=0.00 secs] 
2019-01-02T11:27:05.859+0900: 152672.435: [GC (Allocation Failure) [PSYoungGen: 60736K->352K(60928K)] 84958K->24574K(369664K), 0.0027908 secs] [Times: user=0.01 sys=0.00, real=0.00 secs] 
2019-01-02T11:27:53.561+0900: 152720.137: [GC (Allocation Failure) [PSYoungGen: 60768K->352K(60928K)] 84990K->24574K(369664K), 0.0026745 secs] [Times: user=0.00 sys=0.01, real=0.01 secs] 
2019-01-02T11:28:41.030+0900: 152767.606: [GC (Allocation Failure) [PSYoungGen: 60768K->320K(60928K)] 84990K->24542K(369664K), 0.0030168 secs] [Times: user=0.00 sys=0.01, real=0.00 secs] 
2019-01-02T11:29:28.880+0900: 152815.456: [GC (Allocation Failure) [PSYoungGen: 60736K->288K(60928K)] 84958K->24510K(369664K), 0.0026230 secs] [Times: user=0.01 sys=0.00, real=0.00 secs] 
2019-01-02T11:30:16.160+0900: 152862.736: [GC (Allocation Failure) [PSYoungGen: 60704K->320K(60928K)] 84926K->24542K(369664K), 0.0027403 secs] [Times: user=0.01 sys=0.00, real=0.00 secs] 
2019-01-02T11:31:03.970+0900: 152910.546: [GC (Allocation Failure) [PSYoungGen: 60736K->256K(60928K)] 84958K->24478K(369664K), 0.0025836 secs] [Times: user=0.00 sys=0.01, real=0.00 secs] 
2019-01-02T11:31:51.541+0900: 152958.117: [GC (Allocation Failure) [PSYoungGen: 60672K->352K(60928K)] 84894K->24574K(369664K), 0.0029131 secs] [Times: user=0.01 sys=0.00, real=0.01 secs] 
2019-01-02T11:32:38.953+0900: 153005.529: [GC (Allocation Failure) [PSYoungGen: 60768K->352K(60928K)] 84990K->24574K(369664K), 0.0022893 secs] [Times: user=0.00 sys=0.00, real=0.01 secs] 
2019-01-02T11:33:26.919+0900: 153053.495: [GC (Allocation Failure) [PSYoungGen: 60768K->288K(60928K)] 84990K->24510K(369664K), 0.0025170 secs] [Times: user=0.01 sys=0.00, real=0.00 secs] 
2019-01-02T11:34:14.607+0900: 153101.183: [GC (Allocation Failure) [PSYoungGen: 60704K->224K(60928K)] 84926K->24446K(369664K), 0.0026716 secs] [Times: user=0.00 sys=0.01, real=0.00 secs] 
2019-01-02T11:35:02.308+0900: 153148.884: [GC (Allocation Failure) [PSYoungGen: 60640K->352K(60928K)] 84862K->24574K(369664K), 0.0026377 secs] [Times: user=0.00 sys=0.01, real=0.00 secs] 
2019-01-02T11:35:49.873+0900: 153196.448: [GC (Allocation Failure) [PSYoungGen: 60768K->224K(60928K)] 84990K->24446K(369664K), 0.0028945 secs] [Times: user=0.00 sys=0.01, real=0.01 secs] 
2019-01-02T11:36:37.693+0900: 153244.269: [GC (Allocation Failure) [PSYoungGen: 60640K->288K(60928K)] 84862K->24510K(369664K), 0.0029197 secs] [Times: user=0.00 sys=0.01, real=0.01 secs] 
2019-01-02T11:37:24.931+0900: 153291.507: [GC (Allocation Failure) [PSYoungGen: 60704K->320K(60928K)] 84926K->24550K(369664K), 0.0027266 secs] [Times: user=0.00 sys=0.01, real=0.00 secs] 
2019-01-02T11:38:12.592+0900: 153339.168: [GC (Allocation Failure) [PSYoungGen: 60736K->352K(60928K)] 84966K->24582K(369664K), 0.0025481 secs] [Times: user=0.00 sys=0.01, real=0.01 secs] 
2019-01-02T11:39:00.263+0900: 153386.839: [GC (Allocation Failure) [PSYoungGen: 60768K->288K(60928K)] 84998K->24518K(369664K), 0.0023927 secs] [Times: user=0.00 sys=0.00, real=0.01 secs] 
2019-01-02T11:39:47.914+0900: 153434.490: [GC (Allocation Failure) [PSYoungGen: 60704K->288K(60928K)] 84934K->24518K(369664K), 0.0027974 secs] [Times: user=0.00 sys=0.01, real=0.00 secs] 
2019-01-02T11:40:35.649+0900: 153482.225: [GC (Allocation Failure) [PSYoungGen: 60704K->352K(60928K)] 84934K->24582K(369664K), 0.0025314 secs] [Times: user=0.00 sys=0.01, real=0.00 secs] 
2019-01-02T11:41:22.930+0900: 153529.506: [GC (Allocation Failure) [PSYoungGen: 60768K->320K(60928K)] 84998K->24550K(369664K), 0.0030783 secs] [Times: user=0.00 sys=0.01, real=0.00 secs] 
2019-01-02T11:42:10.461+0900: 153577.037: [GC (Allocation Failure) [PSYoungGen: 60736K->320K(60928K)] 84966K->24550K(369664K), 0.0027992 secs] [Times: user=0.00 sys=0.01, real=0.00 secs] 
2019-01-02T11:42:58.224+0900: 153624.800: [GC (Allocation Failure) [PSYoungGen: 60736K->320K(60928K)] 84966K->24550K(369664K), 0.0024840 secs] [Times: user=0.00 sys=0.01, real=0.00 secs] 
2019-01-02T11:43:45.830+0900: 153672.405: [GC (Allocation Failure) [PSYoungGen: 60736K->320K(60928K)] 84966K->24558K(369664K), 0.0027731 secs] [Times: user=0.01 sys=0.01, real=0.00 secs] 
2019-01-02T11:44:33.610+0900: 153720.186: [GC (Allocation Failure) [PSYoungGen: 60736K->320K(60928K)] 84974K->24566K(369664K), 0.0027975 secs] [Times: user=0.00 sys=0.01, real=0.00 secs] 
2019-01-02T11:45:21.352+0900: 153767.928: [GC (Allocation Failure) [PSYoungGen: 60736K->352K(60928K)] 84982K->24614K(369664K), 0.0031475 secs] [Times: user=0.00 sys=0.01, real=0.01 secs] 
2019-01-02T11:46:08.996+0900: 153815.572: [GC (Allocation Failure) [PSYoungGen: 60768K->256K(60928K)] 85030K->24518K(369664K), 0.0028069 secs] [Times: user=0.00 sys=0.01, real=0.00 secs] 
2019-01-02T11:46:56.583+0900: 153863.159: [GC (Allocation Failure) [PSYoungGen: 60672K->320K(60928K)] 84934K->24582K(369664K), 0.0024079 secs] [Times: user=0.00 sys=0.01, real=0.01 secs] 
2019-01-02T11:47:44.403+0900: 153910.978: [GC (Allocation Failure) [PSYoungGen: 60736K->320K(60928K)] 84998K->24582K(369664K), 0.0031149 secs] [Times: user=0.01 sys=0.00, real=0.01 secs] 
2019-01-02T11:48:32.408+0900: 153958.984: [GC (Allocation Failure) [PSYoungGen: 60736K->288K(60928K)] 84998K->24550K(369664K), 0.0028404 secs] [Times: user=0.00 sys=0.01, real=0.00 secs] 
2019-01-02T11:49:19.755+0900: 154006.331: [GC (Allocation Failure) [PSYoungGen: 60704K->288K(60928K)] 84966K->24558K(369664K), 0.0028698 secs] [Times: user=0.00 sys=0.01, real=0.00 secs] 
2019-01-02T11:50:07.428+0900: 154054.003: [GC (Allocation Failure) [PSYoungGen: 60704K->192K(60928K)] 84974K->24462K(369664K), 0.0028236 secs] [Times: user=0.00 sys=0.01, real=0.00 secs] 
2019-01-02T11:50:55.131+0900: 154101.707: [GC (Allocation Failure) [PSYoungGen: 60608K->352K(60928K)] 84878K->24622K(369664K), 0.0027863 secs] [Times: user=0.01 sys=0.00, real=0.01 secs] 
2019-01-02T11:51:42.558+0900: 154149.134: [GC (Allocation Failure) [PSYoungGen: 60768K->320K(60928K)] 85038K->24590K(369664K), 0.0029135 secs] [Times: user=0.01 sys=0.00, real=0.00 secs] 
2019-01-02T11:52:30.513+0900: 154197.089: [GC (Allocation Failure) [PSYoungGen: 60736K->320K(60928K)] 85006K->24590K(369664K), 0.0024466 secs] [Times: user=0.00 sys=0.01, real=0.01 secs] 
2019-01-02T11:53:18.426+0900: 154245.002: [GC (Allocation Failure) [PSYoungGen: 60736K->320K(60928K)] 85006K->24590K(369664K), 0.0029793 secs] [Times: user=0.00 sys=0.01, real=0.00 secs] 
2019-01-02T11:54:05.943+0900: 154292.519: [GC (Allocation Failure) [PSYoungGen: 60736K->320K(60928K)] 85006K->24590K(369664K), 0.0027042 secs] [Times: user=0.01 sys=0.01, real=0.01 secs] 
2019-01-02T11:54:53.553+0900: 154340.129: [GC (Allocation Failure) [PSYoungGen: 60736K->352K(60928K)] 85006K->24622K(369664K), 0.0026752 secs] [Times: user=0.00 sys=0.01, real=0.01 secs] 
2019-01-02T11:55:41.323+0900: 154387.899: [GC (Allocation Failure) [PSYoungGen: 60768K->288K(60928K)] 85038K->24558K(369664K), 0.0026056 secs] [Times: user=0.00 sys=0.01, real=0.01 secs] 
2019-01-02T11:56:28.799+0900: 154435.375: [GC (Allocation Failure) [PSYoungGen: 60704K->288K(60928K)] 84974K->24558K(369664K), 0.0027641 secs] [Times: user=0.00 sys=0.00, real=0.00 secs] 
2019-01-02T11:57:16.532+0900: 154483.108: [GC (Allocation Failure) [PSYoungGen: 60704K->352K(60928K)] 84974K->24622K(369664K), 0.0029174 secs] [Times: user=0.00 sys=0.01, real=0.01 secs] 
2019-01-02T11:58:03.894+0900: 154530.470: [GC (Allocation Failure) [PSYoungGen: 60768K->352K(60928K)] 85038K->24622K(369664K), 0.0028952 secs] [Times: user=0.01 sys=0.01, real=0.00 secs] 
2019-01-02T11:58:52.087+0900: 154578.663: [GC (Allocation Failure) [PSYoungGen: 60768K->352K(60928K)] 85038K->24638K(369664K), 0.0027803 secs] [Times: user=0.01 sys=0.01, real=0.00 secs] 
2019-01-02T11:59:39.975+0900: 154626.551: [GC (Allocation Failure) [PSYoungGen: 60768K->320K(60928K)] 85054K->24606K(369664K), 0.0028018 secs] [Times: user=0.00 sys=0.00, real=0.00 secs] 
2019-01-02T12:00:27.478+0900: 154674.054: [GC (Allocation Failure) [PSYoungGen: 60736K->320K(60928K)] 85022K->24614K(369664K), 0.0033111 secs] [Times: user=0.02 sys=0.00, real=0.00 secs] 
2019-01-02T12:01:15.220+0900: 154721.796: [GC (Allocation Failure) [PSYoungGen: 60736K->320K(60928K)] 85030K->24614K(369664K), 0.0026979 secs] [Times: user=0.00 sys=0.01, real=0.00 secs] 
2019-01-02T12:02:03.106+0900: 154769.682: [GC (Allocation Failure) [PSYoungGen: 60736K->352K(60928K)] 85030K->24646K(369664K), 0.0027178 secs] [Times: user=0.01 sys=0.01, real=0.00 secs] 
2019-01-02T12:02:50.331+0900: 154816.907: [GC (Allocation Failure) [PSYoungGen: 60768K->288K(60928K)] 85062K->24582K(369664K), 0.0025269 secs] [Times: user=0.01 sys=0.00, real=0.01 secs] 
2019-01-02T12:03:38.161+0900: 154864.737: [GC (Allocation Failure) [PSYoungGen: 60704K->352K(60928K)] 84998K->24646K(369664K), 0.0027600 secs] [Times: user=0.01 sys=0.00, real=0.00 secs] 
2019-01-02T12:04:25.807+0900: 154912.383: [GC (Allocation Failure) [PSYoungGen: 60768K->288K(60928K)] 85062K->24582K(369664K), 0.0027647 secs] [Times: user=0.00 sys=0.01, real=0.00 secs] 
2019-01-02T12:05:13.355+0900: 154959.931: [GC (Allocation Failure) [PSYoungGen: 60704K->224K(60928K)] 84998K->24518K(369664K), 0.0027687 secs] [Times: user=0.00 sys=0.00, real=0.00 secs] 
2019-01-02T12:06:01.097+0900: 155007.673: [GC (Allocation Failure) [PSYoungGen: 60640K->320K(60928K)] 84934K->24614K(369664K), 0.0031882 secs] [Times: user=0.01 sys=0.00, real=0.00 secs] 
2019-01-02T12:06:49.047+0900: 155055.623: [GC (Allocation Failure) [PSYoungGen: 60736K->288K(60928K)] 85030K->24582K(369664K), 0.0024589 secs] [Times: user=0.00 sys=0.01, real=0.00 secs] 
2019-01-02T12:07:36.894+0900: 155103.470: [GC (Allocation Failure) [PSYoungGen: 60704K->256K(60928K)] 84998K->24550K(369664K), 0.0023477 secs] [Times: user=0.00 sys=0.01, real=0.00 secs] 
2019-01-02T12:08:24.430+0900: 155151.006: [GC (Allocation Failure) [PSYoungGen: 60672K->320K(60928K)] 84966K->24614K(369664K), 0.0032166 secs] [Times: user=0.02 sys=0.00, real=0.00 secs] 
2019-01-02T12:09:12.356+0900: 155198.931: [GC (Allocation Failure) [PSYoungGen: 60736K->320K(60928K)] 85030K->24614K(369664K), 0.0026776 secs] [Times: user=0.00 sys=0.01, real=0.00 secs] 
2019-01-02T12:10:00.002+0900: 155246.578: [GC (Allocation Failure) [PSYoungGen: 60736K->320K(60928K)] 85030K->24614K(369664K), 0.0028827 secs] [Times: user=0.00 sys=0.00, real=0.01 secs] 
2019-01-02T12:10:47.867+0900: 155294.443: [GC (Allocation Failure) [PSYoungGen: 60736K->352K(60928K)] 85030K->24646K(369664K), 0.0023742 secs] [Times: user=0.00 sys=0.01, real=0.00 secs] 
2019-01-02T12:11:35.196+0900: 155341.772: [GC (Allocation Failure) [PSYoungGen: 60768K->288K(60928K)] 85062K->24582K(369664K), 0.0027901 secs] [Times: user=0.01 sys=0.01, real=0.00 secs] 
2019-01-02T12:12:22.864+0900: 155389.439: [GC (Allocation Failure) [PSYoungGen: 60704K->288K(60928K)] 84998K->24582K(369664K), 0.0028033 secs] [Times: user=0.01 sys=0.00, real=0.01 secs] 
2019-01-02T12:13:10.641+0900: 155437.217: [GC (Allocation Failure) [PSYoungGen: 60704K->320K(60928K)] 84998K->24614K(369664K), 0.0028117 secs] [Times: user=0.01 sys=0.00, real=0.01 secs] 
2019-01-02T12:13:58.426+0900: 155485.002: [GC (Allocation Failure) [PSYoungGen: 60736K->320K(60928K)] 85030K->24614K(369664K), 0.0030002 secs] [Times: user=0.00 sys=0.00, real=0.00 secs] 
2019-01-02T12:14:46.359+0900: 155532.935: [GC (Allocation Failure) [PSYoungGen: 60736K->192K(60928K)] 85030K->24494K(369664K), 0.0027361 secs] [Times: user=0.00 sys=0.01, real=0.00 secs] 
2019-01-02T12:15:34.136+0900: 155580.712: [GC (Allocation Failure) [PSYoungGen: 60608K->352K(60928K)] 84910K->24662K(369664K), 0.0025479 secs] [Times: user=0.00 sys=0.01, real=0.00 secs] 
2019-01-02T12:16:22.037+0900: 155628.613: [GC (Allocation Failure) [PSYoungGen: 60768K->288K(60928K)] 85078K->24598K(369664K), 0.0027029 secs] [Times: user=0.00 sys=0.01, real=0.00 secs] 
2019-01-02T12:17:09.708+0900: 155676.283: [GC (Allocation Failure) [PSYoungGen: 60704K->288K(60928K)] 85014K->24598K(369664K), 0.0027971 secs] [Times: user=0.00 sys=0.01, real=0.00 secs] 
2019-01-02T12:17:57.649+0900: 155724.225: [GC (Allocation Failure) [PSYoungGen: 60704K->352K(60928K)] 85014K->24662K(369664K), 0.0026881 secs] [Times: user=0.00 sys=0.01, real=0.00 secs] 
2019-01-02T12:18:44.939+0900: 155771.515: [GC (Allocation Failure) [PSYoungGen: 60768K->352K(60928K)] 85078K->24662K(369664K), 0.0028414 secs] [Times: user=0.00 sys=0.01, real=0.00 secs] 
2019-01-02T12:19:32.568+0900: 155819.144: [GC (Allocation Failure) [PSYoungGen: 60768K->352K(60928K)] 85078K->24670K(369664K), 0.0024927 secs] [Times: user=0.01 sys=0.00, real=0.00 secs] 
2019-01-02T12:20:20.423+0900: 155866.999: [GC (Allocation Failure) [PSYoungGen: 60768K->352K(60928K)] 85086K->24670K(369664K), 0.0027847 secs] [Times: user=0.00 sys=0.01, real=0.01 secs] 
2019-01-02T12:21:08.433+0900: 155915.009: [GC (Allocation Failure) [PSYoungGen: 60768K->320K(60928K)] 85086K->24638K(369664K), 0.0028489 secs] [Times: user=0.01 sys=0.00, real=0.01 secs] 
2019-01-02T12:21:56.034+0900: 155962.610: [GC (Allocation Failure) [PSYoungGen: 60736K->320K(60928K)] 85054K->24638K(369664K), 0.0026237 secs] [Times: user=0.00 sys=0.01, real=0.00 secs] 
2019-01-02T12:22:43.937+0900: 156010.513: [GC (Allocation Failure) [PSYoungGen: 60736K->352K(60928K)] 85054K->24670K(369664K), 0.0028519 secs] [Times: user=0.00 sys=0.01, real=0.00 secs] 
2019-01-02T12:23:31.885+0900: 156058.461: [GC (Allocation Failure) [PSYoungGen: 60768K->352K(60928K)] 85086K->24670K(369664K), 0.0024680 secs] [Times: user=0.01 sys=0.00, real=0.00 secs] 
2019-01-02T12:24:19.255+0900: 156105.831: [GC (Allocation Failure) [PSYoungGen: 60768K->320K(60928K)] 85086K->24638K(369664K), 0.0029005 secs] [Times: user=0.01 sys=0.00, real=0.00 secs] 
2019-01-02T12:25:07.095+0900: 156153.671: [GC (Allocation Failure) [PSYoungGen: 60736K->288K(60928K)] 85054K->24606K(369664K), 0.0027602 secs] [Times: user=0.00 sys=0.01, real=0.00 secs] 
2019-01-02T12:25:54.663+0900: 156201.239: [GC (Allocation Failure) [PSYoungGen: 60704K->352K(60928K)] 85022K->24670K(369664K), 0.0028379 secs] [Times: user=0.01 sys=0.01, real=0.01 secs] 
2019-01-02T12:26:42.273+0900: 156248.849: [GC (Allocation Failure) [PSYoungGen: 60768K->288K(60928K)] 85086K->24614K(369664K), 0.0024860 secs] [Times: user=0.00 sys=0.01, real=0.01 secs] 
2019-01-02T12:27:30.010+0900: 156296.586: [GC (Allocation Failure) [PSYoungGen: 60704K->352K(60928K)] 85030K->24678K(369664K), 0.0027520 secs] [Times: user=0.00 sys=0.01, real=0.00 secs] 
2019-01-02T12:28:18.189+0900: 156344.765: [GC (Allocation Failure) [PSYoungGen: 60768K->352K(60928K)] 85094K->24678K(369664K), 0.0027460 secs] [Times: user=0.00 sys=0.01, real=0.00 secs] 
2019-01-02T12:29:06.004+0900: 156392.579: [GC (Allocation Failure) [PSYoungGen: 60768K->320K(60928K)] 85094K->24646K(369664K), 0.0023566 secs] [Times: user=0.01 sys=0.00, real=0.01 secs] 
2019-01-02T12:29:53.616+0900: 156440.192: [GC (Allocation Failure) [PSYoungGen: 60736K->320K(60928K)] 85062K->24646K(369664K), 0.0034300 secs] [Times: user=0.00 sys=0.01, real=0.00 secs] 
2019-01-02T12:30:41.333+0900: 156487.909: [GC (Allocation Failure) [PSYoungGen: 60736K->320K(60928K)] 85062K->24654K(369664K), 0.0027178 secs] [Times: user=0.01 sys=0.00, real=0.01 secs] 
2019-01-02T12:31:29.305+0900: 156535.881: [GC (Allocation Failure) [PSYoungGen: 60736K->352K(60928K)] 85070K->24694K(369664K), 0.0025260 secs] [Times: user=0.01 sys=0.01, real=0.00 secs] 
2019-01-02T12:32:17.209+0900: 156583.784: [GC (Allocation Failure) [PSYoungGen: 60768K->320K(60928K)] 85110K->24662K(369664K), 0.0027786 secs] [Times: user=0.00 sys=0.02, real=0.00 secs] 
2019-01-02T12:33:04.783+0900: 156631.359: [GC (Allocation Failure) [PSYoungGen: 60736K->352K(60928K)] 85078K->24694K(369664K), 0.0028007 secs] [Times: user=0.00 sys=0.01, real=0.01 secs] 
2019-01-02T12:33:52.596+0900: 156679.172: [GC (Allocation Failure) [PSYoungGen: 60768K->352K(60928K)] 85110K->24694K(369664K), 0.0028478 secs] [Times: user=0.01 sys=0.01, real=0.00 secs] 
2019-01-02T12:34:40.559+0900: 156727.135: [GC (Allocation Failure) [PSYoungGen: 60768K->288K(60928K)] 85110K->24630K(369664K), 0.0028514 secs] [Times: user=0.01 sys=0.01, real=0.00 secs] 
2019-01-02T12:35:27.975+0900: 156774.551: [GC (Allocation Failure) [PSYoungGen: 60704K->320K(60928K)] 85046K->24662K(369664K), 0.0031352 secs] [Times: user=0.01 sys=0.00, real=0.00 secs] 
2019-01-02T12:36:15.610+0900: 156822.186: [GC (Allocation Failure) [PSYoungGen: 60736K->320K(60928K)] 85078K->24662K(369664K), 0.0027285 secs] [Times: user=0.01 sys=0.00, real=0.00 secs] 
2019-01-02T12:37:03.353+0900: 156869.929: [GC (Allocation Failure) [PSYoungGen: 60736K->288K(60928K)] 85078K->24630K(369664K), 0.0028485 secs] [Times: user=0.00 sys=0.01, real=0.01 secs] 
2019-01-02T12:37:50.839+0900: 156917.415: [GC (Allocation Failure) [PSYoungGen: 60704K->320K(60928K)] 85046K->24662K(369664K), 0.0027958 secs] [Times: user=0.00 sys=0.01, real=0.00 secs] 
2019-01-02T12:38:38.702+0900: 156965.278: [GC (Allocation Failure) [PSYoungGen: 60736K->352K(60928K)] 85078K->24694K(369664K), 0.0024495 secs] [Times: user=0.00 sys=0.01, real=0.01 secs] 
2019-01-02T12:39:26.479+0900: 157013.055: [GC (Allocation Failure) [PSYoungGen: 60768K->352K(60928K)] 85110K->24694K(369664K), 0.0029892 secs] [Times: user=0.00 sys=0.01, real=0.00 secs] 
2019-01-02T12:40:14.103+0900: 157060.679: [GC (Allocation Failure) [PSYoungGen: 60768K->352K(60928K)] 85110K->24694K(369664K), 0.0027284 secs] [Times: user=0.01 sys=0.01, real=0.01 secs] 
2019-01-02T12:41:01.577+0900: 157108.153: [GC (Allocation Failure) [PSYoungGen: 60768K->352K(60928K)] 85110K->24694K(369664K), 0.0028045 secs] [Times: user=0.00 sys=0.01, real=0.00 secs] 
2019-01-02T12:41:49.481+0900: 157156.057: [GC (Allocation Failure) [PSYoungGen: 60768K->320K(60928K)] 85110K->24662K(369664K), 0.0025761 secs] [Times: user=0.00 sys=0.01, real=0.00 secs] 
2019-01-02T12:42:37.295+0900: 157203.871: [GC (Allocation Failure) [PSYoungGen: 60736K->320K(60928K)] 85078K->24662K(369664K), 0.0027013 secs] [Times: user=0.00 sys=0.01, real=0.00 secs] 
2019-01-02T12:43:24.923+0900: 157251.499: [GC (Allocation Failure) [PSYoungGen: 60736K->352K(60928K)] 85078K->24694K(369664K), 0.0027090 secs] [Times: user=0.00 sys=0.01, real=0.01 secs] 
2019-01-02T12:44:12.674+0900: 157299.250: [GC (Allocation Failure) [PSYoungGen: 60768K->320K(60928K)] 85110K->24662K(369664K), 0.0026038 secs] [Times: user=0.01 sys=0.01, real=0.00 secs] 
2019-01-02T12:45:00.298+0900: 157346.874: [GC (Allocation Failure) [PSYoungGen: 60736K->352K(60928K)] 85078K->24710K(369664K), 0.0028025 secs] [Times: user=0.01 sys=0.01, real=0.00 secs] 
2019-01-02T12:45:47.836+0900: 157394.412: [GC (Allocation Failure) [PSYoungGen: 60768K->288K(60928K)] 85126K->24646K(369664K), 0.0024577 secs] [Times: user=0.00 sys=0.01, real=0.00 secs] 
2019-01-02T12:46:35.672+0900: 157442.248: [GC (Allocation Failure) [PSYoungGen: 60704K->352K(60928K)] 85062K->24710K(369664K), 0.0023044 secs] [Times: user=0.00 sys=0.01, real=0.01 secs] 
2019-01-02T12:47:23.531+0900: 157490.107: [GC (Allocation Failure) [PSYoungGen: 60768K->320K(60928K)] 85126K->24678K(369664K), 0.0024435 secs] [Times: user=0.00 sys=0.01, real=0.00 secs] 
2019-01-02T12:48:11.054+0900: 157537.630: [GC (Allocation Failure) [PSYoungGen: 60736K->352K(60928K)] 85094K->24726K(369664K), 0.0028210 secs] [Times: user=0.00 sys=0.02, real=0.00 secs] 
2019-01-02T12:48:58.644+0900: 157585.219: [GC (Allocation Failure) [PSYoungGen: 60768K->320K(60928K)] 85142K->24718K(369664K), 0.0027124 secs] [Times: user=0.00 sys=0.01, real=0.01 secs] 
2019-01-02T12:49:46.432+0900: 157633.008: [GC (Allocation Failure) [PSYoungGen: 60736K->288K(60928K)] 85134K->24686K(369664K), 0.0024934 secs] [Times: user=0.00 sys=0.01, real=0.01 secs] 
2019-01-02T12:50:34.003+0900: 157680.579: [GC (Allocation Failure) [PSYoungGen: 60704K->288K(60928K)] 85102K->24686K(369664K), 0.0024747 secs] [Times: user=0.01 sys=0.00, real=0.01 secs] 
2019-01-02T12:51:21.784+0900: 157728.360: [GC (Allocation Failure) [PSYoungGen: 60704K->288K(60928K)] 85102K->24694K(369664K), 0.0028670 secs] [Times: user=0.00 sys=0.01, real=0.00 secs] 
2019-01-02T12:52:09.273+0900: 157775.848: [GC (Allocation Failure) [PSYoungGen: 60704K->352K(60928K)] 85110K->24758K(369664K), 0.0027996 secs] [Times: user=0.01 sys=0.00, real=0.01 secs] 
2019-01-02T12:52:57.186+0900: 157823.762: [GC (Allocation Failure) [PSYoungGen: 60768K->352K(60928K)] 85174K->24758K(369664K), 0.0027822 secs] [Times: user=0.01 sys=0.00, real=0.00 secs] 
2019-01-02T12:53:45.242+0900: 157871.818: [GC (Allocation Failure) [PSYoungGen: 60768K->320K(60928K)] 85174K->24726K(369664K), 0.0027181 secs] [Times: user=0.01 sys=0.01, real=0.01 secs] 
2019-01-02T12:54:32.571+0900: 157919.147: [GC (Allocation Failure) [PSYoungGen: 60736K->320K(60928K)] 85142K->24726K(369664K), 0.0028983 secs] [Times: user=0.00 sys=0.01, real=0.01 secs] 
2019-01-02T12:55:20.318+0900: 157966.894: [GC (Allocation Failure) [PSYoungGen: 60736K->320K(60928K)] 85142K->24726K(369664K), 0.0030162 secs] [Times: user=0.00 sys=0.01, real=0.00 secs] 
2019-01-02T12:56:08.053+0900: 158014.629: [GC (Allocation Failure) [PSYoungGen: 60736K->352K(60928K)] 85142K->24758K(369664K), 0.0025859 secs] [Times: user=0.01 sys=0.00, real=0.01 secs] 
2019-01-02T12:56:55.596+0900: 158062.172: [GC (Allocation Failure) [PSYoungGen: 60768K->352K(60928K)] 85174K->24758K(369664K), 0.0024256 secs] [Times: user=0.00 sys=0.01, real=0.00 secs] 
2019-01-02T12:57:43.342+0900: 158109.918: [GC (Allocation Failure) [PSYoungGen: 60768K->224K(60928K)] 85174K->24630K(369664K), 0.0027199 secs] [Times: user=0.01 sys=0.00, real=0.01 secs] 
2019-01-02T12:58:31.524+0900: 158158.099: [GC (Allocation Failure) [PSYoungGen: 60640K->256K(60928K)] 85046K->24662K(369664K), 0.0028407 secs] [Times: user=0.00 sys=0.01, real=0.01 secs] 
2019-01-02T12:59:19.314+0900: 158205.890: [GC (Allocation Failure) [PSYoungGen: 60672K->320K(60928K)] 85078K->24726K(369664K), 0.0028524 secs] [Times: user=0.02 sys=0.00, real=0.00 secs] 
2019-01-02T13:00:07.039+0900: 158253.614: [GC (Allocation Failure) [PSYoungGen: 60736K->320K(60928K)] 85142K->24726K(369664K), 0.0029322 secs] [Times: user=0.02 sys=0.00, real=0.00 secs] 
2019-01-02T13:00:54.792+0900: 158301.368: [GC (Allocation Failure) [PSYoungGen: 60736K->288K(60928K)] 85142K->24694K(369664K), 0.0029038 secs] [Times: user=0.00 sys=0.02, real=0.01 secs] 
2019-01-02T13:01:42.439+0900: 158349.015: [GC (Allocation Failure) [PSYoungGen: 60704K->352K(60928K)] 85110K->24758K(369664K), 0.0028267 secs] [Times: user=0.01 sys=0.00, real=0.00 secs] 
2019-01-02T13:02:30.079+0900: 158396.654: [GC (Allocation Failure) [PSYoungGen: 60768K->320K(60928K)] 85174K->24726K(369664K), 0.0028091 secs] [Times: user=0.00 sys=0.01, real=0.00 secs] 
2019-01-02T13:03:17.798+0900: 158444.374: [GC (Allocation Failure) [PSYoungGen: 60736K->288K(60928K)] 85142K->24694K(369664K), 0.0028442 secs] [Times: user=0.00 sys=0.01, real=0.00 secs] 
2019-01-02T13:04:05.582+0900: 158492.158: [GC (Allocation Failure) [PSYoungGen: 60704K->224K(60928K)] 85110K->24630K(369664K), 0.0028104 secs] [Times: user=0.00 sys=0.01, real=0.01 secs] 
2019-01-02T13:04:53.298+0900: 158539.874: [GC (Allocation Failure) [PSYoungGen: 60640K->352K(60928K)] 85046K->24758K(369664K), 0.0024222 secs] [Times: user=0.01 sys=0.00, real=0.00 secs] 
2019-01-02T13:05:41.368+0900: 158587.944: [GC (Allocation Failure) [PSYoungGen: 60768K->256K(60928K)] 85174K->24662K(369664K), 0.0026131 secs] [Times: user=0.01 sys=0.00, real=0.00 secs] 
2019-01-02T13:06:29.396+0900: 158635.972: [GC (Allocation Failure) [PSYoungGen: 60672K->288K(60928K)] 85078K->24694K(369664K), 0.0031496 secs] [Times: user=0.00 sys=0.01, real=0.00 secs] 
2019-01-02T13:07:16.791+0900: 158683.367: [GC (Allocation Failure) [PSYoungGen: 60704K->352K(60928K)] 85110K->24758K(369664K), 0.0026522 secs] [Times: user=0.00 sys=0.01, real=0.01 secs] 
2019-01-02T13:08:04.884+0900: 158731.460: [GC (Allocation Failure) [PSYoungGen: 60768K->288K(60928K)] 85174K->24694K(369664K), 0.0024813 secs] [Times: user=0.02 sys=0.00, real=0.00 secs] 
2019-01-02T13:08:52.171+0900: 158778.747: [GC (Allocation Failure) [PSYoungGen: 60704K->352K(60928K)] 85110K->24758K(369664K), 0.0027386 secs] [Times: user=0.01 sys=0.00, real=0.00 secs] 
2019-01-02T13:09:39.889+0900: 158826.465: [GC (Allocation Failure) [PSYoungGen: 60768K->288K(60928K)] 85174K->24694K(369664K), 0.0025989 secs] [Times: user=0.01 sys=0.00, real=0.00 secs] 
2019-01-02T13:10:27.731+0900: 158874.307: [GC (Allocation Failure) [PSYoungGen: 60704K->288K(60928K)] 85110K->24694K(369664K), 0.0029421 secs] [Times: user=0.00 sys=0.01, real=0.01 secs] 
2019-01-02T13:11:15.651+0900: 158922.226: [GC (Allocation Failure) [PSYoungGen: 60704K->288K(60928K)] 85110K->24694K(369664K), 0.0027961 secs] [Times: user=0.01 sys=0.01, real=0.00 secs] 
2019-01-02T13:12:03.130+0900: 158969.705: [GC (Allocation Failure) [PSYoungGen: 60704K->288K(60928K)] 85110K->24694K(369664K), 0.0027524 secs] [Times: user=0.00 sys=0.01, real=0.00 secs] 
2019-01-02T13:12:50.744+0900: 159017.320: [GC (Allocation Failure) [PSYoungGen: 60704K->320K(60928K)] 85110K->24726K(369664K), 0.0028275 secs] [Times: user=0.00 sys=0.01, real=0.00 secs] 
2019-01-02T13:13:38.478+0900: 159065.054: [GC (Allocation Failure) [PSYoungGen: 60736K->224K(60928K)] 85142K->24630K(369664K), 0.0028947 secs] [Times: user=0.00 sys=0.00, real=0.00 secs] 
2019-01-02T13:14:26.257+0900: 159112.833: [GC (Allocation Failure) [PSYoungGen: 60640K->352K(60928K)] 85046K->24766K(369664K), 0.0023568 secs] [Times: user=0.01 sys=0.00, real=0.00 secs] 
2019-01-02T13:15:13.676+0900: 159160.252: [GC (Allocation Failure) [PSYoungGen: 60768K->320K(60928K)] 85182K->24750K(369664K), 0.0027357 secs] [Times: user=0.00 sys=0.01, real=0.00 secs] 
2019-01-02T13:16:01.870+0900: 159208.446: [GC (Allocation Failure) [PSYoungGen: 60736K->288K(60928K)] 85166K->24718K(369664K), 0.0026818 secs] [Times: user=0.00 sys=0.01, real=0.00 secs] 
2019-01-02T13:16:49.640+0900: 159256.216: [GC (Allocation Failure) [PSYoungGen: 60704K->288K(60928K)] 85134K->24718K(369664K), 0.0030235 secs] [Times: user=0.00 sys=0.01, real=0.00 secs] 
2019-01-02T13:17:37.337+0900: 159303.913: [GC (Allocation Failure) [PSYoungGen: 60704K->352K(60928K)] 85134K->24782K(369664K), 0.0025675 secs] [Times: user=0.00 sys=0.01, real=0.00 secs] 
2019-01-02T13:18:24.999+0900: 159351.575: [GC (Allocation Failure) [PSYoungGen: 60768K->352K(60928K)] 85198K->24782K(369664K), 0.0029068 secs] [Times: user=0.01 sys=0.00, real=0.00 secs] 
2019-01-02T13:19:12.648+0900: 159399.224: [GC (Allocation Failure) [PSYoungGen: 60768K->352K(60928K)] 85198K->24782K(369664K), 0.0026609 secs] [Times: user=0.00 sys=0.01, real=0.00 secs] 
2019-01-02T13:20:00.334+0900: 159446.910: [GC (Allocation Failure) [PSYoungGen: 60768K->256K(60928K)] 85198K->24702K(369664K), 0.0026248 secs] [Times: user=0.00 sys=0.01, real=0.00 secs] 
2019-01-02T13:20:48.067+0900: 159494.643: [GC (Allocation Failure) [PSYoungGen: 60672K->320K(60928K)] 85118K->24766K(369664K), 0.0027478 secs] [Times: user=0.00 sys=0.01, real=0.00 secs] 
2019-01-02T13:21:36.207+0900: 159542.783: [GC (Allocation Failure) [PSYoungGen: 60736K->352K(60928K)] 85182K->24798K(369664K), 0.0029900 secs] [Times: user=0.01 sys=0.00, real=0.00 secs] 
2019-01-02T13:22:24.133+0900: 159590.709: [GC (Allocation Failure) [PSYoungGen: 60768K->320K(60928K)] 85214K->24766K(369664K), 0.0030098 secs] [Times: user=0.00 sys=0.01, real=0.01 secs] 
2019-01-02T13:23:11.589+0900: 159638.165: [GC (Allocation Failure) [PSYoungGen: 60736K->352K(60928K)] 85182K->24798K(369664K), 0.0028455 secs] [Times: user=0.00 sys=0.00, real=0.00 secs] 
2019-01-02T13:23:59.337+0900: 159685.913: [GC (Allocation Failure) [PSYoungGen: 60768K->352K(60928K)] 85214K->24798K(369664K), 0.0027120 secs] [Times: user=0.00 sys=0.00, real=0.00 secs] 
2019-01-02T13:24:47.037+0900: 159733.613: [GC (Allocation Failure) [PSYoungGen: 60768K->288K(60928K)] 85214K->24734K(369664K), 0.0026546 secs] [Times: user=0.00 sys=0.01, real=0.00 secs] 
2019-01-02T13:25:34.711+0900: 159781.287: [GC (Allocation Failure) [PSYoungGen: 60704K->320K(60928K)] 85150K->24766K(369664K), 0.0028048 secs] [Times: user=0.01 sys=0.01, real=0.01 secs] 
2019-01-02T13:26:22.353+0900: 159828.929: [GC (Allocation Failure) [PSYoungGen: 60736K->352K(60928K)] 85182K->24814K(369664K), 0.0023871 secs] [Times: user=0.00 sys=0.01, real=0.01 secs] 
2019-01-02T13:27:10.544+0900: 159877.120: [GC (Allocation Failure) [PSYoungGen: 60768K->288K(60928K)] 85230K->24750K(369664K), 0.0025144 secs] [Times: user=0.00 sys=0.01, real=0.00 secs] 
2019-01-02T13:27:58.071+0900: 159924.647: [GC (Allocation Failure) [PSYoungGen: 60704K->288K(60928K)] 85166K->24758K(369664K), 0.0027372 secs] [Times: user=0.01 sys=0.00, real=0.01 secs] 
2019-01-02T13:28:45.918+0900: 159972.494: [GC (Allocation Failure) [PSYoungGen: 60704K->352K(60928K)] 85174K->24822K(369664K), 0.0031894 secs] [Times: user=0.00 sys=0.01, real=0.00 secs] 
2019-01-02T13:29:34.023+0900: 160020.599: [GC (Allocation Failure) [PSYoungGen: 60768K->352K(60928K)] 85238K->24822K(369664K), 0.0029033 secs] [Times: user=0.01 sys=0.00, real=0.01 secs] 
2019-01-02T13:30:21.383+0900: 160067.959: [GC (Allocation Failure) [PSYoungGen: 60768K->320K(60928K)] 85238K->24790K(369664K), 0.0024964 secs] [Times: user=0.00 sys=0.01, real=0.01 secs] 
2019-01-02T13:31:09.159+0900: 160115.735: [GC (Allocation Failure) [PSYoungGen: 60736K->288K(60928K)] 85206K->24758K(369664K), 0.0028878 secs] [Times: user=0.00 sys=0.01, real=0.00 secs] 
2019-01-02T13:31:56.714+0900: 160163.290: [GC (Allocation Failure) [PSYoungGen: 60704K->352K(60928K)] 85174K->24822K(369664K), 0.0030020 secs] [Times: user=0.00 sys=0.02, real=0.00 secs] 
2019-01-02T13:32:44.385+0900: 160210.961: [GC (Allocation Failure) [PSYoungGen: 60768K->288K(60928K)] 85238K->24758K(369664K), 0.0025947 secs] [Times: user=0.00 sys=0.00, real=0.00 secs] 
2019-01-02T13:33:32.090+0900: 160258.666: [GC (Allocation Failure) [PSYoungGen: 60704K->352K(60928K)] 85174K->24822K(369664K), 0.0029737 secs] [Times: user=0.00 sys=0.01, real=0.00 secs] 
2019-01-02T13:34:19.573+0900: 160306.149: [GC (Allocation Failure) [PSYoungGen: 60768K->320K(60928K)] 85238K->24790K(369664K), 0.0027541 secs] [Times: user=0.00 sys=0.01, real=0.01 secs] 
2019-01-02T13:35:07.467+0900: 160354.043: [GC (Allocation Failure) [PSYoungGen: 60736K->352K(60928K)] 85206K->24822K(369664K), 0.0028553 secs] [Times: user=0.00 sys=0.01, real=0.00 secs] 
2019-01-02T13:35:54.719+0900: 160401.295: [GC (Allocation Failure) [PSYoungGen: 60768K->320K(60928K)] 85238K->24790K(369664K), 0.0026053 secs] [Times: user=0.01 sys=0.01, real=0.00 secs] 
2019-01-02T13:36:42.668+0900: 160449.244: [GC (Allocation Failure) [PSYoungGen: 60736K->320K(60928K)] 85206K->24790K(369664K), 0.0026725 secs] [Times: user=0.00 sys=0.01, real=0.00 secs] 
2019-01-02T13:37:30.584+0900: 160497.160: [GC (Allocation Failure) [PSYoungGen: 60736K->352K(60928K)] 85206K->24822K(369664K), 0.0028521 secs] [Times: user=0.00 sys=0.01, real=0.00 secs] 
2019-01-02T13:38:18.226+0900: 160544.802: [GC (Allocation Failure) [PSYoungGen: 60768K->320K(60928K)] 85238K->24790K(369664K), 0.0025018 secs] [Times: user=0.00 sys=0.01, real=0.00 secs] 
2019-01-02T13:39:06.287+0900: 160592.863: [GC (Allocation Failure) [PSYoungGen: 60736K->320K(60928K)] 85206K->24790K(369664K), 0.0027158 secs] [Times: user=0.01 sys=0.00, real=0.00 secs] 
2019-01-02T13:39:53.794+0900: 160640.370: [GC (Allocation Failure) [PSYoungGen: 60736K->288K(60928K)] 85206K->24758K(369664K), 0.0024014 secs] [Times: user=0.01 sys=0.01, real=0.00 secs] 
2019-01-02T13:40:41.756+0900: 160688.332: [GC (Allocation Failure) [PSYoungGen: 60704K->256K(60928K)] 85174K->24726K(369664K), 0.0028310 secs] [Times: user=0.01 sys=0.01, real=0.00 secs] 
2019-01-02T13:41:29.026+0900: 160735.601: [GC (Allocation Failure) [PSYoungGen: 60672K->288K(60928K)] 85142K->24758K(369664K), 0.0028830 secs] [Times: user=0.00 sys=0.01, real=0.00 secs] 
2019-01-02T13:42:16.626+0900: 160783.202: [GC (Allocation Failure) [PSYoungGen: 60704K->256K(60928K)] 85174K->24726K(369664K), 0.0027797 secs] [Times: user=0.01 sys=0.01, real=0.00 secs] 
2019-01-02T13:43:04.377+0900: 160830.953: [GC (Allocation Failure) [PSYoungGen: 60672K->256K(60928K)] 85142K->24726K(369664K), 0.0031042 secs] [Times: user=0.00 sys=0.01, real=0.00 secs] 
2019-01-02T13:43:52.481+0900: 160879.057: [GC (Allocation Failure) [PSYoungGen: 60672K->224K(60928K)] 85142K->24694K(369664K), 0.0027736 secs] [Times: user=0.00 sys=0.01, real=0.01 secs] 
2019-01-02T13:44:40.403+0900: 160926.979: [GC (Allocation Failure) [PSYoungGen: 60640K->288K(60928K)] 85110K->24790K(369664K), 0.0027219 secs] [Times: user=0.01 sys=0.00, real=0.01 secs] 
2019-01-02T13:45:27.953+0900: 160974.529: [GC (Allocation Failure) [PSYoungGen: 60704K->288K(60928K)] 85206K->24798K(369664K), 0.0029483 secs] [Times: user=0.01 sys=0.00, real=0.01 secs] 
2019-01-02T13:46:15.780+0900: 161022.356: [GC (Allocation Failure) [PSYoungGen: 60704K->320K(60928K)] 85214K->24830K(369664K), 0.0028827 secs] [Times: user=0.01 sys=0.00, real=0.00 secs] 
2019-01-02T13:47:03.603+0900: 161070.179: [GC (Allocation Failure) [PSYoungGen: 60736K->320K(60928K)] 85246K->24830K(369664K), 0.0027604 secs] [Times: user=0.00 sys=0.01, real=0.01 secs] 
2019-01-02T13:47:51.349+0900: 161117.925: [GC (Allocation Failure) [PSYoungGen: 60736K->320K(60928K)] 85246K->24830K(369664K), 0.0029964 secs] [Times: user=0.00 sys=0.02, real=0.00 secs] 
2019-01-02T13:48:38.933+0900: 161165.509: [GC (Allocation Failure) [PSYoungGen: 60736K->320K(60928K)] 85246K->24830K(369664K), 0.0028243 secs] [Times: user=0.00 sys=0.01, real=0.01 secs] 
2019-01-02T13:49:26.928+0900: 161213.504: [GC (Allocation Failure) [PSYoungGen: 60736K->352K(60928K)] 85246K->24870K(369664K), 0.0029766 secs] [Times: user=0.01 sys=0.01, real=0.00 secs] 
2019-01-02T13:50:14.816+0900: 161261.392: [GC (Allocation Failure) [PSYoungGen: 60768K->288K(60928K)] 85286K->24814K(369664K), 0.0029193 secs] [Times: user=0.00 sys=0.01, real=0.00 secs] 
2019-01-02T13:51:02.314+0900: 161308.890: [GC (Allocation Failure) [PSYoungGen: 60704K->288K(60928K)] 85230K->24822K(369664K), 0.0024980 secs] [Times: user=0.01 sys=0.00, real=0.00 secs] 
2019-01-02T13:51:50.042+0900: 161356.618: [GC (Allocation Failure) [PSYoungGen: 60704K->320K(60928K)] 85238K->24854K(369664K), 0.0025230 secs] [Times: user=0.00 sys=0.00, real=0.01 secs] 
2019-01-02T13:52:38.057+0900: 161404.633: [GC (Allocation Failure) [PSYoungGen: 60736K->352K(60928K)] 85270K->24886K(369664K), 0.0028734 secs] [Times: user=0.01 sys=0.00, real=0.00 secs] 
2019-01-02T13:53:25.888+0900: 161452.464: [GC (Allocation Failure) [PSYoungGen: 60768K->320K(60928K)] 85302K->24854K(369664K), 0.0029843 secs] [Times: user=0.01 sys=0.00, real=0.00 secs] 
2019-01-02T13:54:13.757+0900: 161500.333: [GC (Allocation Failure) [PSYoungGen: 60736K->320K(60928K)] 85270K->24854K(369664K), 0.0024432 secs] [Times: user=0.00 sys=0.01, real=0.00 secs] 
2019-01-02T13:55:01.364+0900: 161547.940: [GC (Allocation Failure) [PSYoungGen: 60736K->288K(60928K)] 85270K->24822K(369664K), 0.0028032 secs] [Times: user=0.00 sys=0.01, real=0.00 secs] 
2019-01-02T13:55:49.393+0900: 161595.969: [GC (Allocation Failure) [PSYoungGen: 60704K->288K(60928K)] 85238K->24822K(369664K), 0.0028793 secs] [Times: user=0.02 sys=0.00, real=0.01 secs] 
2019-01-02T13:56:37.292+0900: 161643.868: [GC (Allocation Failure) [PSYoungGen: 60704K->320K(60928K)] 85238K->24862K(369664K), 0.0024815 secs] [Times: user=0.01 sys=0.00, real=0.01 secs] 
2019-01-02T13:57:24.831+0900: 161691.407: [GC (Allocation Failure) [PSYoungGen: 60736K->288K(60928K)] 85278K->24878K(369664K), 0.0028154 secs] [Times: user=0.01 sys=0.00, real=0.01 secs] 
2019-01-02T13:58:12.850+0900: 161739.426: [GC (Allocation Failure) [PSYoungGen: 60704K->352K(60928K)] 85294K->24942K(369664K), 0.0027546 secs] [Times: user=0.00 sys=0.02, real=0.00 secs] 
2019-01-02T13:59:00.576+0900: 161787.152: [GC (Allocation Failure) [PSYoungGen: 60768K->320K(60928K)] 85358K->24910K(369664K), 0.0030019 secs] [Times: user=0.00 sys=0.01, real=0.00 secs] 
2019-01-02T13:59:48.249+0900: 161834.825: [GC (Allocation Failure) [PSYoungGen: 60736K->288K(60928K)] 85326K->24878K(369664K), 0.0027788 secs] [Times: user=0.00 sys=0.01, real=0.00 secs] 
2019-01-02T14:00:35.947+0900: 161882.523: [GC (Allocation Failure) [PSYoungGen: 60704K->352K(60928K)] 85294K->24942K(369664K), 0.0029019 secs] [Times: user=0.00 sys=0.00, real=0.00 secs] 
2019-01-02T14:01:23.632+0900: 161930.208: [GC (Allocation Failure) [PSYoungGen: 60768K->320K(60928K)] 85358K->24910K(369664K), 0.0027100 secs] [Times: user=0.00 sys=0.01, real=0.01 secs] 
2019-01-02T14:02:10.965+0900: 161977.541: [GC (Allocation Failure) [PSYoungGen: 60736K->320K(60928K)] 85326K->24926K(369664K), 0.0030986 secs] [Times: user=0.01 sys=0.00, real=0.00 secs] 
2019-01-02T14:02:58.617+0900: 162025.193: [GC (Allocation Failure) [PSYoungGen: 60736K->288K(60928K)] 85342K->24894K(369664K), 0.0029966 secs] [Times: user=0.01 sys=0.00, real=0.00 secs] 
2019-01-02T14:03:46.351+0900: 162072.927: [GC (Allocation Failure) [PSYoungGen: 60704K->288K(60928K)] 85310K->24894K(369664K), 0.0024941 secs] [Times: user=0.01 sys=0.01, real=0.01 secs] 
2019-01-02T14:04:33.938+0900: 162120.513: [GC (Allocation Failure) [PSYoungGen: 60704K->224K(60928K)] 85310K->24830K(369664K), 0.0028650 secs] [Times: user=0.00 sys=0.01, real=0.00 secs] 
2019-01-02T14:05:21.698+0900: 162168.274: [GC (Allocation Failure) [PSYoungGen: 60640K->352K(60928K)] 85246K->24958K(369664K), 0.0028111 secs] [Times: user=0.01 sys=0.00, real=0.00 secs] 
2019-01-02T14:06:09.751+0900: 162216.327: [GC (Allocation Failure) [PSYoungGen: 60768K->352K(60928K)] 85374K->24958K(369664K), 0.0031322 secs] [Times: user=0.01 sys=0.00, real=0.01 secs] 
2019-01-02T14:06:57.091+0900: 162263.667: [GC (Allocation Failure) [PSYoungGen: 60768K->288K(60928K)] 85374K->24894K(369664K), 0.0031863 secs] [Times: user=0.01 sys=0.00, real=0.01 secs] 
2019-01-02T14:07:44.753+0900: 162311.329: [GC (Allocation Failure) [PSYoungGen: 60704K->352K(60928K)] 85310K->24958K(369664K), 0.0026632 secs] [Times: user=0.01 sys=0.00, real=0.01 secs] 
2019-01-02T14:08:32.472+0900: 162359.048: [GC (Allocation Failure) [PSYoungGen: 60768K->352K(60928K)] 85374K->24958K(369664K), 0.0025419 secs] [Times: user=0.00 sys=0.00, real=0.01 secs] 
2019-01-02T14:09:20.331+0900: 162406.907: [GC (Allocation Failure) [PSYoungGen: 60768K->352K(60928K)] 85374K->24958K(369664K), 0.0029098 secs] [Times: user=0.02 sys=0.00, real=0.01 secs] 
2019-01-02T14:10:07.856+0900: 162454.432: [GC (Allocation Failure) [PSYoungGen: 60768K->320K(60928K)] 85374K->24934K(369664K), 0.0022585 secs] [Times: user=0.01 sys=0.00, real=0.00 secs] 
2019-01-02T14:10:55.283+0900: 162501.858: [GC (Allocation Failure) [PSYoungGen: 60736K->288K(60928K)] 85350K->24902K(369664K), 0.0028067 secs] [Times: user=0.00 sys=0.01, real=0.01 secs] 
2019-01-02T14:11:43.235+0900: 162549.811: [GC (Allocation Failure) [PSYoungGen: 60704K->256K(60928K)] 85318K->24902K(369664K), 0.0030130 secs] [Times: user=0.01 sys=0.00, real=0.00 secs] 
2019-01-02T14:12:30.589+0900: 162597.165: [GC (Allocation Failure) [PSYoungGen: 60672K->288K(60928K)] 85318K->24934K(369664K), 0.0025004 secs] [Times: user=0.00 sys=0.01, real=0.00 secs] 
2019-01-02T14:13:18.529+0900: 162645.104: [GC (Allocation Failure) [PSYoungGen: 60704K->288K(60928K)] 85350K->24934K(369664K), 0.0028068 secs] [Times: user=0.02 sys=0.00, real=0.00 secs] 
2019-01-02T14:14:06.312+0900: 162692.888: [GC (Allocation Failure) [PSYoungGen: 60704K->352K(60928K)] 85350K->24998K(369664K), 0.0026816 secs] [Times: user=0.00 sys=0.01, real=0.01 secs] 
2019-01-02T14:14:53.991+0900: 162740.567: [GC (Allocation Failure) [PSYoungGen: 60768K->320K(60928K)] 85414K->24982K(369664K), 0.0029072 secs] [Times: user=0.00 sys=0.01, real=0.01 secs] 
2019-01-02T14:15:41.688+0900: 162788.264: [GC (Allocation Failure) [PSYoungGen: 60736K->320K(60928K)] 85398K->24982K(369664K), 0.0026940 secs] [Times: user=0.00 sys=0.00, real=0.00 secs] 
2019-01-02T14:16:29.562+0900: 162836.138: [GC (Allocation Failure) [PSYoungGen: 60736K->320K(60928K)] 85398K->24990K(369664K), 0.0026300 secs] [Times: user=0.00 sys=0.01, real=0.01 secs] 
2019-01-02T14:17:17.485+0900: 162884.061: [GC (Allocation Failure) [PSYoungGen: 60736K->320K(60928K)] 85406K->24990K(369664K), 0.0027352 secs] [Times: user=0.00 sys=0.01, real=0.00 secs] 
2019-01-02T14:18:04.830+0900: 162931.406: [GC (Allocation Failure) [PSYoungGen: 60736K->256K(60928K)] 85406K->24926K(369664K), 0.0023757 secs] [Times: user=0.00 sys=0.01, real=0.00 secs] 
2019-01-02T14:18:52.400+0900: 162978.975: [GC (Allocation Failure) [PSYoungGen: 60672K->320K(60928K)] 85342K->24990K(369664K), 0.0029052 secs] [Times: user=0.01 sys=0.01, real=0.00 secs] 
2019-01-02T14:19:40.187+0900: 163026.763: [GC (Allocation Failure) [PSYoungGen: 60736K->288K(60928K)] 85406K->24966K(369664K), 0.0026058 secs] [Times: user=0.00 sys=0.01, real=0.00 secs] 
2019-01-02T14:20:27.956+0900: 163074.532: [GC (Allocation Failure) [PSYoungGen: 60704K->320K(60928K)] 85382K->24998K(369664K), 0.0027841 secs] [Times: user=0.00 sys=0.01, real=0.00 secs] 
2019-01-02T14:21:15.523+0900: 163122.099: [GC (Allocation Failure) [PSYoungGen: 60736K->256K(60928K)] 85414K->24934K(369664K), 0.0027047 secs] [Times: user=0.00 sys=0.01, real=0.01 secs] 
2019-01-02T14:22:03.389+0900: 163169.965: [GC (Allocation Failure) [PSYoungGen: 60672K->352K(60928K)] 85350K->25038K(369664K), 0.0027167 secs] [Times: user=0.01 sys=0.01, real=0.00 secs] 
2019-01-02T14:22:50.938+0900: 163217.514: [GC (Allocation Failure) [PSYoungGen: 60768K->352K(60928K)] 85454K->25038K(369664K), 0.0026148 secs] [Times: user=0.00 sys=0.01, real=0.00 secs] 
2019-01-02T14:23:38.486+0900: 163265.062: [GC (Allocation Failure) [PSYoungGen: 60768K->352K(60928K)] 85454K->25038K(369664K), 0.0024286 secs] [Times: user=0.00 sys=0.01, real=0.00 secs] 
2019-01-02T14:24:26.281+0900: 163312.857: [GC (Allocation Failure) [PSYoungGen: 60768K->352K(60928K)] 85454K->25038K(369664K), 0.0028470 secs] [Times: user=0.01 sys=0.01, real=0.01 secs] 
2019-01-02T14:25:14.096+0900: 163360.672: [GC (Allocation Failure) [PSYoungGen: 60768K->288K(60928K)] 85454K->24974K(369664K), 0.0029942 secs] [Times: user=0.00 sys=0.01, real=0.00 secs] 
2019-01-02T14:26:01.668+0900: 163408.244: [GC (Allocation Failure) [PSYoungGen: 60704K->352K(60928K)] 85390K->25038K(369664K), 0.0025676 secs] [Times: user=0.00 sys=0.01, real=0.00 secs] 
2019-01-02T14:26:49.274+0900: 163455.850: [GC (Allocation Failure) [PSYoungGen: 60768K->224K(60928K)] 85454K->24910K(369664K), 0.0024254 secs] [Times: user=0.02 sys=0.00, real=0.00 secs] 
2019-01-02T14:27:37.041+0900: 163503.617: [GC (Allocation Failure) [PSYoungGen: 60640K->352K(60928K)] 85326K->25062K(369664K), 0.0028846 secs] [Times: user=0.01 sys=0.01, real=0.01 secs] 
2019-01-02T14:28:24.788+0900: 163551.364: [GC (Allocation Failure) [PSYoungGen: 60768K->320K(60928K)] 85478K->25030K(369664K), 0.0025255 secs] [Times: user=0.00 sys=0.00, real=0.00 secs] 
2019-01-02T14:29:12.544+0900: 163599.120: [GC (Allocation Failure) [PSYoungGen: 60736K->256K(60928K)] 85446K->24966K(369664K), 0.0027116 secs] [Times: user=0.01 sys=0.01, real=0.00 secs] 
2019-01-02T14:30:00.569+0900: 163647.145: [GC (Allocation Failure) [PSYoungGen: 60672K->256K(60928K)] 85382K->24966K(369664K), 0.0024188 secs] [Times: user=0.00 sys=0.01, real=0.00 secs] 
2019-01-02T14:30:48.331+0900: 163694.907: [GC (Allocation Failure) [PSYoungGen: 60672K->320K(60928K)] 85382K->25030K(369664K), 0.0030480 secs] [Times: user=0.00 sys=0.01, real=0.01 secs] 
2019-01-02T14:31:36.060+0900: 163742.636: [GC (Allocation Failure) [PSYoungGen: 60736K->288K(60928K)] 85446K->24998K(369664K), 0.0025090 secs] [Times: user=0.00 sys=0.01, real=0.00 secs] 
2019-01-02T14:32:23.856+0900: 163790.431: [GC (Allocation Failure) [PSYoungGen: 60704K->288K(60928K)] 85414K->24998K(369664K), 0.0023449 secs] [Times: user=0.01 sys=0.00, real=0.00 secs] 
2019-01-02T14:33:11.361+0900: 163837.937: [GC (Allocation Failure) [PSYoungGen: 60704K->288K(60928K)] 85414K->25006K(369664K), 0.0032059 secs] [Times: user=0.00 sys=0.01, real=0.01 secs] 
2019-01-02T14:33:59.047+0900: 163885.623: [GC (Allocation Failure) [PSYoungGen: 60704K->352K(60928K)] 85422K->25070K(369664K), 0.0026881 secs] [Times: user=0.01 sys=0.01, real=0.00 secs] 
2019-01-02T14:34:46.828+0900: 163933.404: [GC (Allocation Failure) [PSYoungGen: 60768K->352K(60928K)] 85486K->25070K(369664K), 0.0026023 secs] [Times: user=0.00 sys=0.01, real=0.00 secs] 
2019-01-02T14:35:34.785+0900: 163981.361: [GC (Allocation Failure) [PSYoungGen: 60768K->256K(60928K)] 85486K->24974K(369664K), 0.0024902 secs] [Times: user=0.01 sys=0.01, real=0.00 secs] 
2019-01-02T14:36:22.400+0900: 164028.976: [GC (Allocation Failure) [PSYoungGen: 60672K->288K(60928K)] 85390K->25006K(369664K), 0.0027366 secs] [Times: user=0.00 sys=0.01, real=0.00 secs] 
2019-01-02T14:37:10.256+0900: 164076.832: [GC (Allocation Failure) [PSYoungGen: 60704K->288K(60928K)] 85422K->25006K(369664K), 0.0025189 secs] [Times: user=0.01 sys=0.01, real=0.00 secs] 
2019-01-02T14:37:57.618+0900: 164124.194: [GC (Allocation Failure) [PSYoungGen: 60704K->320K(60928K)] 85422K->25038K(369664K), 0.0029914 secs] [Times: user=0.01 sys=0.00, real=0.00 secs] 
2019-01-02T14:38:45.624+0900: 164172.200: [GC (Allocation Failure) [PSYoungGen: 60736K->224K(60928K)] 85454K->24942K(369664K), 0.0024704 secs] [Times: user=0.01 sys=0.00, real=0.00 secs] 
2019-01-02T14:39:32.886+0900: 164219.462: [GC (Allocation Failure) [PSYoungGen: 60640K->352K(60928K)] 85358K->25070K(369664K), 0.0027902 secs] [Times: user=0.00 sys=0.01, real=0.00 secs] 
2019-01-02T14:40:20.827+0900: 164267.403: [GC (Allocation Failure) [PSYoungGen: 60768K->352K(60928K)] 85486K->25070K(369664K), 0.0028924 secs] [Times: user=0.01 sys=0.00, real=0.00 secs] 
2019-01-02T14:41:08.246+0900: 164314.822: [GC (Allocation Failure) [PSYoungGen: 60768K->288K(60928K)] 85486K->25006K(369664K), 0.0024515 secs] [Times: user=0.00 sys=0.01, real=0.00 secs] 
2019-01-02T14:41:55.877+0900: 164362.453: [GC (Allocation Failure) [PSYoungGen: 60704K->352K(60928K)] 85422K->25070K(369664K), 0.0027496 secs] [Times: user=0.01 sys=0.01, real=0.00 secs] 
2019-01-02T14:42:43.620+0900: 164410.196: [GC (Allocation Failure) [PSYoungGen: 60768K->352K(60928K)] 85486K->25070K(369664K), 0.0023918 secs] [Times: user=0.00 sys=0.01, real=0.00 secs] 
2019-01-02T14:43:31.407+0900: 164457.983: [GC (Allocation Failure) [PSYoungGen: 60768K->320K(60928K)] 85486K->25038K(369664K), 0.0028014 secs] [Times: user=0.00 sys=0.01, real=0.00 secs] 
2019-01-02T14:44:19.005+0900: 164505.581: [GC (Allocation Failure) [PSYoungGen: 60736K->320K(60928K)] 85454K->25038K(369664K), 0.0027853 secs] [Times: user=0.00 sys=0.01, real=0.00 secs] 
2019-01-02T14:45:06.563+0900: 164553.139: [GC (Allocation Failure) [PSYoungGen: 60736K->352K(60928K)] 85454K->25078K(369664K), 0.0028571 secs] [Times: user=0.02 sys=0.00, real=0.01 secs] 
2019-01-02T14:45:54.384+0900: 164600.960: [GC (Allocation Failure) [PSYoungGen: 60768K->352K(60928K)] 85494K->25078K(369664K), 0.0028835 secs] [Times: user=0.00 sys=0.01, real=0.00 secs] 
2019-01-02T14:46:42.157+0900: 164648.733: [GC (Allocation Failure) [PSYoungGen: 60768K->352K(60928K)] 85494K->25078K(369664K), 0.0031600 secs] [Times: user=0.00 sys=0.01, real=0.00 secs] 
2019-01-02T14:47:30.010+0900: 164696.586: [GC (Allocation Failure) [PSYoungGen: 60768K->320K(60928K)] 85494K->25046K(369664K), 0.0025130 secs] [Times: user=0.00 sys=0.01, real=0.00 secs] 
2019-01-02T14:48:17.941+0900: 164744.517: [GC (Allocation Failure) [PSYoungGen: 60736K->320K(60928K)] 85462K->25046K(369664K), 0.0031210 secs] [Times: user=0.01 sys=0.00, real=0.01 secs] 
2019-01-02T14:49:05.155+0900: 164791.731: [GC (Allocation Failure) [PSYoungGen: 60736K->352K(60928K)] 85462K->25078K(369664K), 0.0028631 secs] [Times: user=0.00 sys=0.01, real=0.00 secs] 
2019-01-02T14:49:53.344+0900: 164839.920: [GC (Allocation Failure) [PSYoungGen: 60768K->352K(60928K)] 85494K->25094K(369664K), 0.0029478 secs] [Times: user=0.00 sys=0.02, real=0.00 secs] 
2019-01-02T14:50:41.031+0900: 164887.607: [GC (Allocation Failure) [PSYoungGen: 60768K->256K(60928K)] 85510K->24998K(369664K), 0.0024379 secs] [Times: user=0.00 sys=0.01, real=0.00 secs] 
2019-01-02T14:51:28.736+0900: 164935.312: [GC (Allocation Failure) [PSYoungGen: 60672K->288K(60928K)] 85414K->25030K(369664K), 0.0027215 secs] [Times: user=0.01 sys=0.00, real=0.00 secs] 
2019-01-02T14:52:16.592+0900: 164983.168: [GC (Allocation Failure) [PSYoungGen: 60704K->352K(60928K)] 85446K->25094K(369664K), 0.0029360 secs] [Times: user=0.00 sys=0.01, real=0.01 secs] 
2019-01-02T14:53:04.331+0900: 165030.907: [GC (Allocation Failure) [PSYoungGen: 60768K->352K(60928K)] 85510K->25102K(369664K), 0.0029130 secs] [Times: user=0.02 sys=0.00, real=0.01 secs] 
2019-01-02T14:53:52.068+0900: 165078.643: [GC (Allocation Failure) [PSYoungGen: 60768K->320K(60928K)] 85518K->25070K(369664K), 0.0025458 secs] [Times: user=0.00 sys=0.01, real=0.00 secs] 
2019-01-02T14:54:39.904+0900: 165126.479: [GC (Allocation Failure) [PSYoungGen: 60736K->352K(60928K)] 85486K->25102K(369664K), 0.0027528 secs] [Times: user=0.00 sys=0.01, real=0.01 secs] 
2019-01-02T14:55:27.681+0900: 165174.257: [GC (Allocation Failure) [PSYoungGen: 60768K->288K(60928K)] 85518K->25038K(369664K), 0.0030108 secs] [Times: user=0.00 sys=0.00, real=0.01 secs] 
2019-01-02T14:56:15.667+0900: 165222.242: [GC (Allocation Failure) [PSYoungGen: 60704K->320K(60928K)] 85454K->25078K(369664K), 0.0025907 secs] [Times: user=0.01 sys=0.00, real=0.00 secs] 
2019-01-02T14:57:03.068+0900: 165269.644: [GC (Allocation Failure) [PSYoungGen: 60736K->288K(60928K)] 85494K->25046K(369664K), 0.0027505 secs] [Times: user=0.00 sys=0.01, real=0.00 secs] 
2019-01-02T14:57:50.764+0900: 165317.340: [GC (Allocation Failure) [PSYoungGen: 60704K->288K(60928K)] 85462K->25046K(369664K), 0.0025223 secs] [Times: user=0.01 sys=0.00, real=0.00 secs] 
2019-01-02T14:58:38.601+0900: 165365.177: [GC (Allocation Failure) [PSYoungGen: 60704K->352K(60928K)] 85462K->25126K(369664K), 0.0024249 secs] [Times: user=0.01 sys=0.01, real=0.01 secs] 
2019-01-02T14:59:26.303+0900: 165412.879: [GC (Allocation Failure) [PSYoungGen: 60768K->352K(60928K)] 85542K->25126K(369664K), 0.0027479 secs] [Times: user=0.01 sys=0.00, real=0.01 secs] 
2019-01-02T15:00:13.844+0900: 165460.419: [GC (Allocation Failure) [PSYoungGen: 60768K->320K(60928K)] 85542K->25094K(369664K), 0.0029959 secs] [Times: user=0.01 sys=0.00, real=0.01 secs] 
2019-01-02T15:01:01.695+0900: 165508.271: [GC (Allocation Failure) [PSYoungGen: 60736K->224K(60928K)] 85510K->25006K(369664K), 0.0028074 secs] [Times: user=0.01 sys=0.00, real=0.00 secs] 
2019-01-02T15:01:49.520+0900: 165556.096: [GC (Allocation Failure) [PSYoungGen: 60640K->256K(60928K)] 85422K->25038K(369664K), 0.0029626 secs] [Times: user=0.01 sys=0.00, real=0.00 secs] 
2019-01-02T15:02:36.457+0900: 165603.033: [GC (Allocation Failure) [PSYoungGen: 60672K->320K(60928K)] 85454K->25102K(369664K), 0.0023022 secs] [Times: user=0.00 sys=0.01, real=0.00 secs] 
2019-01-02T15:03:24.359+0900: 165650.935: [GC (Allocation Failure) [PSYoungGen: 60736K->320K(60928K)] 85518K->25118K(369664K), 0.0025133 secs] [Times: user=0.00 sys=0.01, real=0.00 secs] 
2019-01-02T15:04:12.150+0900: 165698.726: [GC (Allocation Failure) [PSYoungGen: 60736K->288K(60928K)] 85534K->25086K(369664K), 0.0027968 secs] [Times: user=0.02 sys=0.00, real=0.00 secs] 
2019-01-02T15:04:59.889+0900: 165746.465: [GC (Allocation Failure) [PSYoungGen: 60704K->256K(60928K)] 85502K->25054K(369664K), 0.0024486 secs] [Times: user=0.00 sys=0.01, real=0.00 secs] 
2019-01-02T15:05:47.156+0900: 165793.732: [GC (Allocation Failure) [PSYoungGen: 60672K->288K(60928K)] 85470K->25094K(369664K), 0.0026429 secs] [Times: user=0.01 sys=0.00, real=0.00 secs] 
2019-01-02T15:06:35.006+0900: 165841.582: [GC (Allocation Failure) [PSYoungGen: 60704K->352K(60928K)] 85510K->25158K(369664K), 0.0030077 secs] [Times: user=0.00 sys=0.01, real=0.00 secs] 
2019-01-02T15:07:22.602+0900: 165889.178: [GC (Allocation Failure) [PSYoungGen: 60768K->352K(60928K)] 85574K->25166K(369664K), 0.0025613 secs] [Times: user=0.00 sys=0.01, real=0.01 secs] 
2019-01-02T15:08:10.632+0900: 165937.208: [GC (Allocation Failure) [PSYoungGen: 60768K->256K(60928K)] 85582K->25070K(369664K), 0.0023984 secs] [Times: user=0.01 sys=0.01, real=0.01 secs] 
2019-01-02T15:08:57.904+0900: 165984.480: [GC (Allocation Failure) [PSYoungGen: 60672K->256K(60928K)] 85486K->25070K(369664K), 0.0023661 secs] [Times: user=0.00 sys=0.01, real=0.00 secs] 
2019-01-02T15:09:45.747+0900: 166032.323: [GC (Allocation Failure) [PSYoungGen: 60672K->352K(60928K)] 85486K->25166K(369664K), 0.0029592 secs] [Times: user=0.01 sys=0.00, real=0.00 secs] 
2019-01-02T15:10:33.347+0900: 166079.923: [GC (Allocation Failure) [PSYoungGen: 60768K->256K(60928K)] 85582K->25070K(369664K), 0.0024019 secs] [Times: user=0.00 sys=0.01, real=0.00 secs] 
2019-01-02T15:11:21.362+0900: 166127.937: [GC (Allocation Failure) [PSYoungGen: 60672K->320K(60928K)] 85486K->25134K(369664K), 0.0030189 secs] [Times: user=0.00 sys=0.01, real=0.01 secs] 
2019-01-02T15:12:08.661+0900: 166175.237: [GC (Allocation Failure) [PSYoungGen: 60736K->352K(60928K)] 85550K->25166K(369664K), 0.0028941 secs] [Times: user=0.02 sys=0.00, real=0.00 secs] 
2019-01-02T15:12:56.240+0900: 166222.815: [GC (Allocation Failure) [PSYoungGen: 60768K->224K(60928K)] 85582K->25038K(369664K), 0.0028928 secs] [Times: user=0.01 sys=0.00, real=0.00 secs] 
2019-01-02T15:13:44.040+0900: 166270.615: [GC (Allocation Failure) [PSYoungGen: 60640K->320K(60928K)] 85454K->25134K(369664K), 0.0028902 secs] [Times: user=0.01 sys=0.00, real=0.00 secs] 
2019-01-02T15:14:31.360+0900: 166317.936: [GC (Allocation Failure) [PSYoungGen: 60736K->320K(60928K)] 85550K->25142K(369664K), 0.0031183 secs] [Times: user=0.01 sys=0.00, real=0.00 secs] 
2019-01-02T15:15:19.422+0900: 166365.998: [GC (Allocation Failure) [PSYoungGen: 60736K->352K(60928K)] 85558K->25182K(369664K), 0.0027346 secs] [Times: user=0.01 sys=0.00, real=0.01 secs] 
2019-01-02T15:16:07.160+0900: 166413.736: [GC (Allocation Failure) [PSYoungGen: 60768K->352K(60928K)] 85598K->25182K(369664K), 0.0026236 secs] [Times: user=0.00 sys=0.01, real=0.00 secs] 
2019-01-02T15:16:54.803+0900: 166461.379: [GC (Allocation Failure) [PSYoungGen: 60768K->352K(60928K)] 85598K->25182K(369664K), 0.0027577 secs] [Times: user=0.00 sys=0.01, real=0.01 secs] 
2019-01-02T15:17:42.478+0900: 166509.054: [GC (Allocation Failure) [PSYoungGen: 60768K->288K(60928K)] 85598K->25118K(369664K), 0.0023831 secs] [Times: user=0.01 sys=0.00, real=0.00 secs] 
2019-01-02T15:18:30.352+0900: 166556.928: [GC (Allocation Failure) [PSYoungGen: 60704K->224K(60928K)] 85534K->25054K(369664K), 0.0027040 secs] [Times: user=0.00 sys=0.01, real=0.01 secs] 
2019-01-02T15:19:18.233+0900: 166604.809: [GC (Allocation Failure) [PSYoungGen: 60640K->320K(60928K)] 85470K->25182K(369664K), 0.0026657 secs] [Times: user=0.00 sys=0.01, real=0.01 secs] 
2019-01-02T15:20:05.576+0900: 166652.152: [GC (Allocation Failure) [PSYoungGen: 60736K->320K(60928K)] 85598K->25198K(369664K), 0.0027088 secs] [Times: user=0.00 sys=0.01, real=0.00 secs] 
2019-01-02T15:20:53.166+0900: 166699.742: [GC (Allocation Failure) [PSYoungGen: 60736K->352K(60928K)] 85614K->25230K(369664K), 0.0027779 secs] [Times: user=0.00 sys=0.01, real=0.00 secs] 
2019-01-02T15:21:40.958+0900: 166747.534: [GC (Allocation Failure) [PSYoungGen: 60768K->352K(60928K)] 85646K->25230K(369664K), 0.0027895 secs] [Times: user=0.01 sys=0.00, real=0.00 secs] 
2019-01-02T15:22:28.634+0900: 166795.210: [GC (Allocation Failure) [PSYoungGen: 60768K->320K(60928K)] 85646K->25198K(369664K), 0.0029247 secs] [Times: user=0.01 sys=0.00, real=0.00 secs] 
2019-01-02T15:23:16.392+0900: 166842.968: [GC (Allocation Failure) [PSYoungGen: 60736K->320K(60928K)] 85614K->25198K(369664K), 0.0029083 secs] [Times: user=0.01 sys=0.00, real=0.01 secs] 
2019-01-02T15:24:04.300+0900: 166890.875: [GC (Allocation Failure) [PSYoungGen: 60736K->352K(60928K)] 85614K->25230K(369664K), 0.0030907 secs] [Times: user=0.00 sys=0.01, real=0.00 secs] 
2019-01-02T15:24:51.833+0900: 166938.409: [GC (Allocation Failure) [PSYoungGen: 60768K->352K(60928K)] 85646K->25230K(369664K), 0.0027419 secs] [Times: user=0.00 sys=0.01, real=0.01 secs] 
2019-01-02T15:25:39.960+0900: 166986.536: [GC (Allocation Failure) [PSYoungGen: 60768K->352K(60928K)] 85646K->25262K(369664K), 0.0029404 secs] [Times: user=0.00 sys=0.01, real=0.00 secs] 
2019-01-02T15:26:27.608+0900: 167034.184: [GC (Allocation Failure) [PSYoungGen: 60768K->320K(60928K)] 85678K->25230K(369664K), 0.0028289 secs] [Times: user=0.00 sys=0.01, real=0.00 secs] 
2019-01-02T15:27:15.260+0900: 167081.836: [GC (Allocation Failure) [PSYoungGen: 60736K->320K(60928K)] 85646K->25230K(369664K), 0.0027891 secs] [Times: user=0.00 sys=0.01, real=0.00 secs] 
2019-01-02T15:28:02.891+0900: 167129.467: [GC (Allocation Failure) [PSYoungGen: 60736K->288K(60928K)] 85646K->25198K(369664K), 0.0027858 secs] [Times: user=0.00 sys=0.01, real=0.01 secs] 
2019-01-02T15:28:50.466+0900: 167177.042: [GC (Allocation Failure) [PSYoungGen: 60704K->352K(60928K)] 85614K->25262K(369664K), 0.0028230 secs] [Times: user=0.01 sys=0.01, real=0.00 secs] 
2019-01-02T15:29:38.232+0900: 167224.808: [GC (Allocation Failure) [PSYoungGen: 60768K->352K(60928K)] 85678K->25262K(369664K), 0.0024857 secs] [Times: user=0.00 sys=0.01, real=0.01 secs] 
2019-01-02T15:30:25.856+0900: 167272.432: [GC (Allocation Failure) [PSYoungGen: 60768K->288K(60928K)] 85678K->25198K(369664K), 0.0028578 secs] [Times: user=0.00 sys=0.01, real=0.00 secs] 
2019-01-02T15:31:13.397+0900: 167319.973: [GC (Allocation Failure) [PSYoungGen: 60704K->352K(60928K)] 85614K->25262K(369664K), 0.0027641 secs] [Times: user=0.01 sys=0.00, real=0.00 secs] 
2019-01-02T15:32:01.479+0900: 167368.055: [GC (Allocation Failure) [PSYoungGen: 60768K->256K(60928K)] 85678K->25166K(369664K), 0.0027966 secs] [Times: user=0.01 sys=0.01, real=0.00 secs] 
2019-01-02T15:32:48.780+0900: 167415.356: [GC (Allocation Failure) [PSYoungGen: 60672K->352K(60928K)] 85582K->25262K(369664K), 0.0029016 secs] [Times: user=0.01 sys=0.00, real=0.00 secs] 
2019-01-02T15:33:36.465+0900: 167463.041: [GC (Allocation Failure) [PSYoungGen: 60768K->320K(60928K)] 85678K->25230K(369664K), 0.0032139 secs] [Times: user=0.00 sys=0.00, real=0.00 secs] 
2019-01-02T15:34:24.319+0900: 167510.895: [GC (Allocation Failure) [PSYoungGen: 60736K->352K(60928K)] 85646K->25262K(369664K), 0.0025279 secs] [Times: user=0.00 sys=0.01, real=0.00 secs] 
2019-01-02T15:35:12.334+0900: 167558.910: [GC (Allocation Failure) [PSYoungGen: 60768K->288K(60928K)] 85678K->25198K(369664K), 0.0025582 secs] [Times: user=0.02 sys=0.00, real=0.00 secs] 
2019-01-02T15:36:00.029+0900: 167606.604: [GC (Allocation Failure) [PSYoungGen: 60704K->352K(60928K)] 85614K->25270K(369664K), 0.0027041 secs] [Times: user=0.01 sys=0.00, real=0.00 secs] 
2019-01-02T15:36:47.767+0900: 167654.343: [GC (Allocation Failure) [PSYoungGen: 60768K->352K(60928K)] 85686K->25278K(369664K), 0.0028385 secs] [Times: user=0.00 sys=0.01, real=0.00 secs] 
2019-01-02T15:37:35.785+0900: 167702.360: [GC (Allocation Failure) [PSYoungGen: 60768K->256K(60928K)] 85694K->25182K(369664K), 0.0027787 secs] [Times: user=0.00 sys=0.01, real=0.00 secs] 
2019-01-02T15:38:23.120+0900: 167749.696: [GC (Allocation Failure) [PSYoungGen: 60672K->320K(60928K)] 85598K->25246K(369664K), 0.0024516 secs] [Times: user=0.00 sys=0.00, real=0.00 secs] 
2019-01-02T15:39:10.799+0900: 167797.375: [GC (Allocation Failure) [PSYoungGen: 60736K->320K(60928K)] 85662K->25246K(369664K), 0.0025949 secs] [Times: user=0.01 sys=0.01, real=0.00 secs] 
2019-01-02T15:39:58.623+0900: 167845.199: [GC (Allocation Failure) [PSYoungGen: 60736K->320K(60928K)] 85662K->25246K(369664K), 0.0028925 secs] [Times: user=0.00 sys=0.01, real=0.01 secs] 
2019-01-02T15:40:46.595+0900: 167893.171: [GC (Allocation Failure) [PSYoungGen: 60736K->288K(60928K)] 85662K->25222K(369664K), 0.0026329 secs] [Times: user=0.01 sys=0.00, real=0.00 secs] 
2019-01-02T15:41:34.365+0900: 167940.941: [GC (Allocation Failure) [PSYoungGen: 60704K->320K(60928K)] 85638K->25254K(369664K), 0.0025291 secs] [Times: user=0.01 sys=0.00, real=0.00 secs] 
2019-01-02T15:42:22.088+0900: 167988.664: [GC (Allocation Failure) [PSYoungGen: 60736K->320K(60928K)] 85670K->25254K(369664K), 0.0025440 secs] [Times: user=0.00 sys=0.01, real=0.00 secs] 
2019-01-02T15:43:09.680+0900: 168036.255: [GC (Allocation Failure) [PSYoungGen: 60736K->320K(60928K)] 85670K->25254K(369664K), 0.0025691 secs] [Times: user=0.00 sys=0.01, real=0.00 secs] 
2019-01-02T15:43:57.468+0900: 168084.043: [GC (Allocation Failure) [PSYoungGen: 60736K->320K(60928K)] 85670K->25254K(369664K), 0.0030352 secs] [Times: user=0.00 sys=0.01, real=0.00 secs] 
2019-01-02T15:44:45.107+0900: 168131.683: [GC (Allocation Failure) [PSYoungGen: 60736K->320K(60928K)] 85670K->25262K(369664K), 0.0028052 secs] [Times: user=0.00 sys=0.01, real=0.00 secs] 
2019-01-02T15:45:32.966+0900: 168179.542: [GC (Allocation Failure) [PSYoungGen: 60736K->352K(60928K)] 85678K->25294K(369664K), 0.0028132 secs] [Times: user=0.01 sys=0.00, real=0.00 secs] 
2019-01-02T15:46:21.046+0900: 168227.622: [GC (Allocation Failure) [PSYoungGen: 60768K->352K(60928K)] 85710K->25294K(369664K), 0.0027897 secs] [Times: user=0.00 sys=0.01, real=0.00 secs] 
2019-01-02T15:47:08.794+0900: 168275.370: [GC (Allocation Failure) [PSYoungGen: 60768K->352K(60928K)] 85710K->25294K(369664K), 0.0028616 secs] [Times: user=0.01 sys=0.00, real=0.00 secs] 
2019-01-02T15:47:56.427+0900: 168323.003: [GC (Allocation Failure) [PSYoungGen: 60768K->352K(60928K)] 85710K->25294K(369664K), 0.0027247 secs] [Times: user=0.00 sys=0.01, real=0.00 secs] 
2019-01-02T15:48:44.224+0900: 168370.800: [GC (Allocation Failure) [PSYoungGen: 60768K->352K(60928K)] 85710K->25294K(369664K), 0.0023411 secs] [Times: user=0.00 sys=0.01, real=0.00 secs] 
2019-01-02T15:49:31.832+0900: 168418.408: [GC (Allocation Failure) [PSYoungGen: 60768K->288K(60928K)] 85710K->25230K(369664K), 0.0028333 secs] [Times: user=0.00 sys=0.01, real=0.01 secs] 
2019-01-02T15:50:19.604+0900: 168466.180: [GC (Allocation Failure) [PSYoungGen: 60704K->352K(60928K)] 85646K->25302K(369664K), 0.0028473 secs] [Times: user=0.00 sys=0.01, real=0.00 secs] 
2019-01-02T15:51:07.182+0900: 168513.758: [GC (Allocation Failure) [PSYoungGen: 60768K->192K(60928K)] 85718K->25142K(369664K), 0.0026256 secs] [Times: user=0.00 sys=0.01, real=0.01 secs] 
2019-01-02T15:51:54.901+0900: 168561.477: [GC (Allocation Failure) [PSYoungGen: 60608K->288K(60928K)] 85558K->25238K(369664K), 0.0023875 secs] [Times: user=0.01 sys=0.00, real=0.00 secs] 
2019-01-02T15:52:42.680+0900: 168609.256: [GC (Allocation Failure) [PSYoungGen: 60704K->256K(60928K)] 85654K->25206K(369664K), 0.0024241 secs] [Times: user=0.01 sys=0.00, real=0.00 secs] 
2019-01-02T15:53:30.748+0900: 168657.324: [GC (Allocation Failure) [PSYoungGen: 60672K->320K(60928K)] 85622K->25270K(369664K), 0.0027913 secs] [Times: user=0.01 sys=0.00, real=0.00 secs] 
2019-01-02T15:54:18.710+0900: 168705.285: [GC (Allocation Failure) [PSYoungGen: 60736K->352K(60928K)] 85686K->25302K(369664K), 0.0027308 secs] [Times: user=0.02 sys=0.00, real=0.00 secs] 
2019-01-02T15:55:06.685+0900: 168753.261: [GC (Allocation Failure) [PSYoungGen: 60768K->320K(60928K)] 85718K->25270K(369664K), 0.0024825 secs] [Times: user=0.00 sys=0.01, real=0.00 secs] 
2019-01-02T15:55:53.911+0900: 168800.487: [GC (Allocation Failure) [PSYoungGen: 60736K->256K(60928K)] 85686K->25206K(369664K), 0.0028880 secs] [Times: user=0.01 sys=0.01, real=0.01 secs] 
2019-01-02T15:56:41.602+0900: 168848.178: [GC (Allocation Failure) [PSYoungGen: 60672K->352K(60928K)] 85622K->25302K(369664K), 0.0027974 secs] [Times: user=0.00 sys=0.01, real=0.01 secs] 
2019-01-02T15:57:29.723+0900: 168896.298: [GC (Allocation Failure) [PSYoungGen: 60768K->352K(60928K)] 85718K->25302K(369664K), 0.0029735 secs] [Times: user=0.01 sys=0.00, real=0.01 secs] 
2019-01-02T15:58:17.517+0900: 168944.093: [GC (Allocation Failure) [PSYoungGen: 60768K->288K(60928K)] 85718K->25238K(369664K), 0.0028746 secs] [Times: user=0.00 sys=0.01, real=0.00 secs] 
2019-01-02T15:59:05.325+0900: 168991.901: [GC (Allocation Failure) [PSYoungGen: 60704K->320K(60928K)] 85654K->25270K(369664K), 0.0024266 secs] [Times: user=0.01 sys=0.00, real=0.00 secs] 
2019-01-02T15:59:52.875+0900: 169039.451: [GC (Allocation Failure) [PSYoungGen: 60736K->288K(60928K)] 85686K->25238K(369664K), 0.0027782 secs] [Times: user=0.01 sys=0.01, real=0.00 secs] 
2019-01-02T16:00:40.790+0900: 169087.366: [GC (Allocation Failure) [PSYoungGen: 60704K->352K(60928K)] 85654K->25326K(369664K), 0.0025958 secs] [Times: user=0.00 sys=0.01, real=0.00 secs] 
2019-01-02T16:01:28.660+0900: 169135.236: [GC (Allocation Failure) [PSYoungGen: 60768K->320K(60928K)] 85742K->25310K(369664K), 0.0026075 secs] [Times: user=0.01 sys=0.00, real=0.00 secs] 
2019-01-02T16:02:15.886+0900: 169182.462: [GC (Allocation Failure) [PSYoungGen: 60736K->256K(60928K)] 85726K->25246K(369664K), 0.0029564 secs] [Times: user=0.01 sys=0.00, real=0.00 secs] 
2019-01-02T16:03:03.774+0900: 169230.350: [GC (Allocation Failure) [PSYoungGen: 60672K->288K(60928K)] 85662K->25278K(369664K), 0.0028528 secs] [Times: user=0.01 sys=0.01, real=0.00 secs] 
2019-01-02T16:03:51.274+0900: 169277.850: [GC (Allocation Failure) [PSYoungGen: 60704K->320K(60928K)] 85694K->25310K(369664K), 0.0028087 secs] [Times: user=0.00 sys=0.00, real=0.00 secs] 
2019-01-02T16:04:39.452+0900: 169326.028: [GC (Allocation Failure) [PSYoungGen: 60736K->320K(60928K)] 85726K->25318K(369664K), 0.0027336 secs] [Times: user=0.00 sys=0.01, real=0.01 secs] 
2019-01-02T16:05:27.200+0900: 169373.776: [GC (Allocation Failure) [PSYoungGen: 60736K->352K(60928K)] 85734K->25350K(369664K), 0.0024996 secs] [Times: user=0.01 sys=0.00, real=0.00 secs] 
2019-01-02T16:06:14.835+0900: 169421.411: [GC (Allocation Failure) [PSYoungGen: 60768K->352K(60928K)] 85766K->25350K(369664K), 0.0028164 secs] [Times: user=0.01 sys=0.01, real=0.00 secs] 
2019-01-02T16:07:02.959+0900: 169469.535: [GC (Allocation Failure) [PSYoungGen: 60768K->288K(60928K)] 85766K->25286K(369664K), 0.0026939 secs] [Times: user=0.01 sys=0.00, real=0.00 secs] 
2019-01-02T16:07:50.735+0900: 169517.311: [GC (Allocation Failure) [PSYoungGen: 60704K->352K(60928K)] 85702K->25350K(369664K), 0.0030613 secs] [Times: user=0.02 sys=0.00, real=0.00 secs] 
2019-01-02T16:08:38.443+0900: 169565.019: [GC (Allocation Failure) [PSYoungGen: 60768K->256K(60928K)] 85766K->25254K(369664K), 0.0026159 secs] [Times: user=0.01 sys=0.01, real=0.01 secs] 
2019-01-02T16:09:25.674+0900: 169612.250: [GC (Allocation Failure) [PSYoungGen: 60672K->352K(60928K)] 85670K->25350K(369664K), 0.0030250 secs] [Times: user=0.00 sys=0.01, real=0.00 secs] 
2019-01-02T16:10:13.716+0900: 169660.292: [GC (Allocation Failure) [PSYoungGen: 60768K->352K(60928K)] 85766K->25350K(369664K), 0.0027811 secs] [Times: user=0.02 sys=0.00, real=0.00 secs] 
2019-01-02T16:11:01.151+0900: 169707.727: [GC (Allocation Failure) [PSYoungGen: 60768K->320K(60928K)] 85766K->25318K(369664K), 0.0027667 secs] [Times: user=0.01 sys=0.00, real=0.01 secs] 
2019-01-02T16:11:49.177+0900: 169755.753: [GC (Allocation Failure) [PSYoungGen: 60736K->352K(60928K)] 85734K->25350K(369664K), 0.0028252 secs] [Times: user=0.00 sys=0.00, real=0.00 secs] 
2019-01-02T16:12:36.965+0900: 169803.541: [GC (Allocation Failure) [PSYoungGen: 60768K->352K(60928K)] 85766K->25350K(369664K), 0.0030281 secs] [Times: user=0.00 sys=0.01, real=0.00 secs] 
2019-01-02T16:13:24.728+0900: 169851.304: [GC (Allocation Failure) [PSYoungGen: 60768K->320K(60928K)] 85766K->25318K(369664K), 0.0028375 secs] [Times: user=0.00 sys=0.01, real=0.00 secs] 
2019-01-02T16:14:12.506+0900: 169899.082: [GC (Allocation Failure) [PSYoungGen: 60736K->288K(60928K)] 85734K->25286K(369664K), 0.0028060 secs] [Times: user=0.02 sys=0.00, real=0.00 secs] 
2019-01-02T16:14:59.947+0900: 169946.523: [GC (Allocation Failure) [PSYoungGen: 60704K->352K(60928K)] 85702K->25374K(369664K), 0.0028282 secs] [Times: user=0.01 sys=0.00, real=0.00 secs] 
2019-01-02T16:15:47.681+0900: 169994.257: [GC (Allocation Failure) [PSYoungGen: 60768K->320K(60928K)] 85790K->25342K(369664K), 0.0028413 secs] [Times: user=0.01 sys=0.00, real=0.01 secs] 
2019-01-02T16:16:35.624+0900: 170042.200: [GC (Allocation Failure) [PSYoungGen: 60736K->320K(60928K)] 85758K->25350K(369664K), 0.0029933 secs] [Times: user=0.00 sys=0.02, real=0.00 secs] 
2019-01-02T16:17:23.464+0900: 170090.040: [GC (Allocation Failure) [PSYoungGen: 60736K->320K(60928K)] 85766K->25350K(369664K), 0.0024979 secs] [Times: user=0.00 sys=0.01, real=0.00 secs] 
2019-01-02T16:18:10.865+0900: 170137.441: [GC (Allocation Failure) [PSYoungGen: 60736K->288K(60928K)] 85766K->25318K(369664K), 0.0029154 secs] [Times: user=0.00 sys=0.01, real=0.00 secs] 
2019-01-02T16:18:58.508+0900: 170185.084: [GC (Allocation Failure) [PSYoungGen: 60704K->352K(60928K)] 85734K->25382K(369664K), 0.0029727 secs] [Times: user=0.00 sys=0.01, real=0.00 secs] 
2019-01-02T16:19:46.206+0900: 170232.782: [GC (Allocation Failure) [PSYoungGen: 60768K->256K(60928K)] 85798K->25286K(369664K), 0.0023755 secs] [Times: user=0.01 sys=0.00, real=0.00 secs] 
2019-01-02T16:20:33.966+0900: 170280.542: [GC (Allocation Failure) [PSYoungGen: 60672K->320K(60928K)] 85702K->25358K(369664K), 0.0028246 secs] [Times: user=0.00 sys=0.01, real=0.00 secs] 
2019-01-02T16:21:21.578+0900: 170328.154: [GC (Allocation Failure) [PSYoungGen: 60736K->320K(60928K)] 85774K->25382K(369664K), 0.0024208 secs] [Times: user=0.01 sys=0.00, real=0.00 secs] 
2019-01-02T16:22:09.637+0900: 170376.213: [GC (Allocation Failure) [PSYoungGen: 60736K->320K(60928K)] 85798K->25382K(369664K), 0.0025313 secs] [Times: user=0.00 sys=0.01, real=0.00 secs] 
2019-01-02T16:22:56.842+0900: 170423.418: [GC (Allocation Failure) [PSYoungGen: 60736K->352K(60928K)] 85798K->25414K(369664K), 0.0027946 secs] [Times: user=0.01 sys=0.01, real=0.01 secs] 
2019-01-02T16:23:44.656+0900: 170471.232: [GC (Allocation Failure) [PSYoungGen: 60768K->352K(60928K)] 85830K->25414K(369664K), 0.0028104 secs] [Times: user=0.00 sys=0.01, real=0.00 secs] 
2019-01-02T16:24:32.500+0900: 170519.076: [GC (Allocation Failure) [PSYoungGen: 60768K->352K(60928K)] 85830K->25414K(369664K), 0.0028565 secs] [Times: user=0.01 sys=0.01, real=0.00 secs] 
2019-01-02T16:25:20.346+0900: 170566.922: [GC (Allocation Failure) [PSYoungGen: 60768K->288K(60928K)] 85830K->25350K(369664K), 0.0029179 secs] [Times: user=0.00 sys=0.00, real=0.00 secs] 
2019-01-02T16:26:07.644+0900: 170614.220: [GC (Allocation Failure) [PSYoungGen: 60704K->320K(60928K)] 85766K->25382K(369664K), 0.0027395 secs] [Times: user=0.01 sys=0.01, real=0.00 secs] 
2019-01-02T16:26:55.358+0900: 170661.933: [GC (Allocation Failure) [PSYoungGen: 60736K->352K(60928K)] 85798K->25414K(369664K), 0.0028172 secs] [Times: user=0.01 sys=0.00, real=0.00 secs] 
2019-01-02T16:27:43.056+0900: 170709.632: [GC (Allocation Failure) [PSYoungGen: 60768K->288K(60928K)] 85830K->25350K(369664K), 0.0026506 secs] [Times: user=0.00 sys=0.01, real=0.00 secs] 
2019-01-02T16:28:30.846+0900: 170757.422: [GC (Allocation Failure) [PSYoungGen: 60704K->352K(60928K)] 85766K->25414K(369664K), 0.0026968 secs] [Times: user=0.01 sys=0.01, real=0.00 secs] 
2019-01-02T16:29:18.366+0900: 170804.942: [GC (Allocation Failure) [PSYoungGen: 60768K->256K(60928K)] 85830K->25318K(369664K), 0.0029039 secs] [Times: user=0.01 sys=0.00, real=0.00 secs] 
2019-01-02T16:30:06.056+0900: 170852.632: [GC (Allocation Failure) [PSYoungGen: 60672K->256K(60928K)] 85734K->25318K(369664K), 0.0026191 secs] [Times: user=0.00 sys=0.01, real=0.00 secs] 
2019-01-02T16:30:53.798+0900: 170900.374: [GC (Allocation Failure) [PSYoungGen: 60672K->352K(60928K)] 85734K->25414K(369664K), 0.0028097 secs] [Times: user=0.00 sys=0.01, real=0.00 secs] 
2019-01-02T16:31:41.851+0900: 170948.427: [GC (Allocation Failure) [PSYoungGen: 60768K->288K(60928K)] 85830K->25350K(369664K), 0.0030477 secs] [Times: user=0.01 sys=0.01, real=0.01 secs] 
2019-01-02T16:32:29.090+0900: 170995.666: [GC (Allocation Failure) [PSYoungGen: 60704K->352K(60928K)] 85766K->25414K(369664K), 0.0024451 secs] [Times: user=0.01 sys=0.01, real=0.00 secs] 
2019-01-02T16:33:16.658+0900: 171043.234: [GC (Allocation Failure) [PSYoungGen: 60768K->320K(60928K)] 85830K->25382K(369664K), 0.0023875 secs] [Times: user=0.01 sys=0.00, real=0.00 secs] 
2019-01-02T16:34:04.130+0900: 171090.706: [GC (Allocation Failure) [PSYoungGen: 60736K->256K(60928K)] 85798K->25318K(369664K), 0.0027910 secs] [Times: user=0.01 sys=0.00, real=0.00 secs] 
2019-01-02T16:34:51.654+0900: 171138.230: [GC (Allocation Failure) [PSYoungGen: 60672K->352K(60928K)] 85734K->25438K(369664K), 0.0028296 secs] [Times: user=0.00 sys=0.01, real=0.00 secs] 
2019-01-02T16:35:39.812+0900: 171186.388: [GC (Allocation Failure) [PSYoungGen: 60768K->288K(60928K)] 85854K->25374K(369664K), 0.0026524 secs] [Times: user=0.00 sys=0.00, real=0.01 secs] 
2019-01-02T16:36:27.491+0900: 171234.067: [GC (Allocation Failure) [PSYoungGen: 60704K->320K(60928K)] 85790K->25406K(369664K), 0.0030229 secs] [Times: user=0.00 sys=0.01, real=0.01 secs] 
2019-01-02T16:37:15.232+0900: 171281.808: [GC (Allocation Failure) [PSYoungGen: 60736K->352K(60928K)] 85822K->25438K(369664K), 0.0023683 secs] [Times: user=0.01 sys=0.00, real=0.01 secs] 
2019-01-02T16:38:02.959+0900: 171329.535: [GC (Allocation Failure) [PSYoungGen: 60768K->320K(60928K)] 85854K->25406K(369664K), 0.0030698 secs] [Times: user=0.00 sys=0.01, real=0.00 secs] 
2019-01-02T16:38:50.840+0900: 171377.416: [GC (Allocation Failure) [PSYoungGen: 60736K->288K(60928K)] 85822K->25374K(369664K), 0.0026472 secs] [Times: user=0.00 sys=0.01, real=0.00 secs] 
2019-01-02T16:39:38.802+0900: 171425.378: [GC (Allocation Failure) [PSYoungGen: 60704K->352K(60928K)] 85790K->25438K(369664K), 0.0032443 secs] [Times: user=0.01 sys=0.00, real=0.01 secs] 
2019-01-02T16:40:26.719+0900: 171473.295: [GC (Allocation Failure) [PSYoungGen: 60768K->320K(60928K)] 85854K->25406K(369664K), 0.0025064 secs] [Times: user=0.00 sys=0.01, real=0.00 secs] 
2019-01-02T16:41:14.202+0900: 171520.778: [GC (Allocation Failure) [PSYoungGen: 60736K->352K(60928K)] 85822K->25438K(369664K), 0.0027856 secs] [Times: user=0.00 sys=0.01, real=0.01 secs] 
2019-01-02T16:42:01.872+0900: 171568.448: [GC (Allocation Failure) [PSYoungGen: 60768K->320K(60928K)] 85854K->25406K(369664K), 0.0028263 secs] [Times: user=0.01 sys=0.01, real=0.01 secs] 
2019-01-02T16:42:49.651+0900: 171616.227: [GC (Allocation Failure) [PSYoungGen: 60736K->288K(60928K)] 85822K->25374K(369664K), 0.0028175 secs] [Times: user=0.00 sys=0.00, real=0.01 secs] 
2019-01-02T16:43:37.624+0900: 171664.200: [GC (Allocation Failure) [PSYoungGen: 60704K->320K(60928K)] 85790K->25406K(369664K), 0.0027894 secs] [Times: user=0.01 sys=0.00, real=0.00 secs] 
2019-01-02T16:44:25.359+0900: 171711.935: [GC (Allocation Failure) [PSYoungGen: 60736K->256K(60928K)] 85822K->25342K(369664K), 0.0030107 secs] [Times: user=0.01 sys=0.00, real=0.00 secs] 
2019-01-02T16:45:13.176+0900: 171759.752: [GC (Allocation Failure) [PSYoungGen: 60672K->288K(60928K)] 85758K->25382K(369664K), 0.0027488 secs] [Times: user=0.00 sys=0.01, real=0.00 secs] 
2019-01-02T16:46:01.035+0900: 171807.611: [GC (Allocation Failure) [PSYoungGen: 60704K->352K(60928K)] 85798K->25446K(369664K), 0.0029293 secs] [Times: user=0.00 sys=0.01, real=0.00 secs] 
2019-01-02T16:46:48.931+0900: 171855.507: [GC (Allocation Failure) [PSYoungGen: 60768K->320K(60928K)] 85862K->25422K(369664K), 0.0026563 secs] [Times: user=0.00 sys=0.02, real=0.01 secs] 
2019-01-02T16:47:36.760+0900: 171903.336: [GC (Allocation Failure) [PSYoungGen: 60736K->352K(60928K)] 85838K->25454K(369664K), 0.0028978 secs] [Times: user=0.00 sys=0.01, real=0.00 secs] 
2019-01-02T16:48:24.660+0900: 171951.236: [GC (Allocation Failure) [PSYoungGen: 60768K->288K(60928K)] 85870K->25390K(369664K), 0.0025124 secs] [Times: user=0.01 sys=0.00, real=0.00 secs] 
2019-01-02T16:49:12.126+0900: 171998.702: [GC (Allocation Failure) [PSYoungGen: 60704K->352K(60928K)] 85806K->25454K(369664K), 0.0032361 secs] [Times: user=0.00 sys=0.01, real=0.00 secs] 
2019-01-02T16:50:00.316+0900: 172046.892: [GC (Allocation Failure) [PSYoungGen: 60768K->352K(60928K)] 85870K->25454K(369664K), 0.0028682 secs] [Times: user=0.00 sys=0.02, real=0.00 secs] 
2019-01-02T16:50:48.176+0900: 172094.752: [GC (Allocation Failure) [PSYoungGen: 60768K->224K(60928K)] 85870K->25342K(369664K), 0.0028881 secs] [Times: user=0.00 sys=0.01, real=0.00 secs] 
2019-01-02T16:51:35.698+0900: 172142.274: [GC (Allocation Failure) [PSYoungGen: 60640K->352K(60928K)] 85758K->25470K(369664K), 0.0027956 secs] [Times: user=0.00 sys=0.01, real=0.00 secs] 
2019-01-02T16:52:23.666+0900: 172190.242: [GC (Allocation Failure) [PSYoungGen: 60768K->352K(60928K)] 85886K->25470K(369664K), 0.0028307 secs] [Times: user=0.01 sys=0.00, real=0.00 secs] 
2019-01-02T16:53:11.285+0900: 172237.861: [GC (Allocation Failure) [PSYoungGen: 60768K->320K(60928K)] 85886K->25446K(369664K), 0.0028117 secs] [Times: user=0.00 sys=0.01, real=0.00 secs] 
2019-01-02T16:53:59.062+0900: 172285.638: [GC (Allocation Failure) [PSYoungGen: 60736K->352K(60928K)] 85862K->25478K(369664K), 0.0028659 secs] [Times: user=0.00 sys=0.01, real=0.01 secs] 
2019-01-02T16:54:46.921+0900: 172333.497: [GC (Allocation Failure) [PSYoungGen: 60768K->288K(60928K)] 85894K->25414K(369664K), 0.0024693 secs] [Times: user=0.00 sys=0.01, real=0.00 secs] 
2019-01-02T16:55:34.632+0900: 172381.208: [GC (Allocation Failure) [PSYoungGen: 60704K->256K(60928K)] 85830K->25390K(369664K), 0.0027531 secs] [Times: user=0.00 sys=0.01, real=0.01 secs] 
2019-01-02T16:56:22.589+0900: 172429.165: [GC (Allocation Failure) [PSYoungGen: 60672K->288K(60928K)] 85806K->25422K(369664K), 0.0031291 secs] [Times: user=0.00 sys=0.01, real=0.00 secs] 
2019-01-02T16:57:10.009+0900: 172476.585: [GC (Allocation Failure) [PSYoungGen: 60704K->352K(60928K)] 85838K->25486K(369664K), 0.0024214 secs] [Times: user=0.01 sys=0.00, real=0.00 secs] 
2019-01-02T16:57:57.850+0900: 172524.426: [GC (Allocation Failure) [PSYoungGen: 60768K->320K(60928K)] 85902K->25454K(369664K), 0.0026680 secs] [Times: user=0.01 sys=0.00, real=0.00 secs] 
2019-01-02T16:58:45.442+0900: 172572.018: [GC (Allocation Failure) [PSYoungGen: 60736K->352K(60928K)] 85870K->25486K(369664K), 0.0027207 secs] [Times: user=0.00 sys=0.01, real=0.01 secs] 
2019-01-02T16:59:33.022+0900: 172619.598: [GC (Allocation Failure) [PSYoungGen: 60768K->320K(60928K)] 85902K->25454K(369664K), 0.0024514 secs] [Times: user=0.01 sys=0.00, real=0.01 secs] 
2019-01-02T17:00:20.755+0900: 172667.331: [GC (Allocation Failure) [PSYoungGen: 60736K->352K(60928K)] 85870K->25486K(369664K), 0.0031261 secs] [Times: user=0.00 sys=0.01, real=0.00 secs] 
2019-01-02T17:01:08.737+0900: 172715.313: [GC (Allocation Failure) [PSYoungGen: 60768K->288K(60928K)] 85902K->25422K(369664K), 0.0028129 secs] [Times: user=0.00 sys=0.01, real=0.00 secs] 
2019-01-02T17:01:56.147+0900: 172762.723: [GC (Allocation Failure) [PSYoungGen: 60704K->320K(60928K)] 85838K->25454K(369664K), 0.0030129 secs] [Times: user=0.01 sys=0.00, real=0.00 secs] 
2019-01-02T17:02:44.021+0900: 172810.596: [GC (Allocation Failure) [PSYoungGen: 60736K->288K(60928K)] 85870K->25422K(369664K), 0.0024350 secs] [Times: user=0.00 sys=0.00, real=0.00 secs] 
2019-01-02T17:03:31.875+0900: 172858.451: [GC (Allocation Failure) [PSYoungGen: 60704K->352K(60928K)] 85838K->25486K(369664K), 0.0029355 secs] [Times: user=0.00 sys=0.01, real=0.00 secs] 
2019-01-02T17:04:19.710+0900: 172906.285: [GC (Allocation Failure) [PSYoungGen: 60768K->320K(60928K)] 85902K->25454K(369664K), 0.0028220 secs] [Times: user=0.01 sys=0.01, real=0.00 secs] 
2019-01-02T17:05:07.434+0900: 172954.010: [GC (Allocation Failure) [PSYoungGen: 60736K->288K(60928K)] 85870K->25422K(369664K), 0.0027916 secs] [Times: user=0.00 sys=0.01, real=0.01 secs] 
2019-01-02T17:05:55.091+0900: 173001.667: [GC (Allocation Failure) [PSYoungGen: 60704K->320K(60928K)] 85838K->25454K(369664K), 0.0029752 secs] [Times: user=0.01 sys=0.01, real=0.01 secs] 
2019-01-02T17:06:43.290+0900: 173049.865: [GC (Allocation Failure) [PSYoungGen: 60736K->288K(60928K)] 85870K->25422K(369664K), 0.0026291 secs] [Times: user=0.00 sys=0.01, real=0.00 secs] 
2019-01-02T17:07:31.168+0900: 173097.744: [GC (Allocation Failure) [PSYoungGen: 60704K->352K(60928K)] 85838K->25494K(369664K), 0.0026453 secs] [Times: user=0.01 sys=0.01, real=0.00 secs] 
2019-01-02T17:08:18.673+0900: 173145.249: [GC (Allocation Failure) [PSYoungGen: 60768K->320K(60928K)] 85910K->25462K(369664K), 0.0024808 secs] [Times: user=0.01 sys=0.00, real=0.01 secs] 
2019-01-02T17:09:06.364+0900: 173192.940: [GC (Allocation Failure) [PSYoungGen: 60736K->320K(60928K)] 85878K->25462K(369664K), 0.0027765 secs] [Times: user=0.00 sys=0.01, real=0.00 secs] 
2019-01-02T17:09:54.082+0900: 173240.658: [GC (Allocation Failure) [PSYoungGen: 60736K->352K(60928K)] 85878K->25494K(369664K), 0.0028135 secs] [Times: user=0.00 sys=0.01, real=0.01 secs] 
2019-01-02T17:10:41.875+0900: 173288.451: [GC (Allocation Failure) [PSYoungGen: 60768K->256K(60928K)] 85910K->25414K(369664K), 0.0027618 secs] [Times: user=0.01 sys=0.00, real=0.00 secs] 
2019-01-02T17:11:29.551+0900: 173336.127: [GC (Allocation Failure) [PSYoungGen: 60672K->256K(60928K)] 85830K->25414K(369664K), 0.0026221 secs] [Times: user=0.01 sys=0.00, real=0.00 secs] 
2019-01-02T17:12:17.658+0900: 173384.233: [GC (Allocation Failure) [PSYoungGen: 60672K->224K(60928K)] 85830K->25382K(369664K), 0.0028422 secs] [Times: user=0.00 sys=0.01, real=0.00 secs] 
2019-01-02T17:13:05.130+0900: 173431.705: [GC (Allocation Failure) [PSYoungGen: 60640K->320K(60928K)] 85798K->25478K(369664K), 0.0024993 secs] [Times: user=0.00 sys=0.01, real=0.00 secs] 
2019-01-02T17:13:52.883+0900: 173479.459: [GC (Allocation Failure) [PSYoungGen: 60736K->256K(60928K)] 85894K->25414K(369664K), 0.0027840 secs] [Times: user=0.00 sys=0.01, real=0.01 secs] 
2019-01-02T17:14:40.948+0900: 173527.524: [GC (Allocation Failure) [PSYoungGen: 60672K->320K(60928K)] 85830K->25494K(369664K), 0.0027817 secs] [Times: user=0.00 sys=0.01, real=0.00 secs] 
2019-01-02T17:15:28.509+0900: 173575.085: [GC (Allocation Failure) [PSYoungGen: 60736K->288K(60928K)] 85910K->25470K(369664K), 0.0026033 secs] [Times: user=0.01 sys=0.00, real=0.00 secs] 
2019-01-02T17:16:16.264+0900: 173622.840: [GC (Allocation Failure) [PSYoungGen: 60704K->320K(60928K)] 85886K->25502K(369664K), 0.0028107 secs] [Times: user=0.00 sys=0.00, real=0.00 secs] 
2019-01-02T17:17:04.127+0900: 173670.703: [GC (Allocation Failure) [PSYoungGen: 60736K->320K(60928K)] 85918K->25502K(369664K), 0.0026163 secs] [Times: user=0.00 sys=0.01, real=0.00 secs] 
2019-01-02T17:17:52.064+0900: 173718.640: [GC (Allocation Failure) [PSYoungGen: 60736K->256K(60928K)] 85918K->25438K(369664K), 0.0028776 secs] [Times: user=0.01 sys=0.00, real=0.00 secs] 
2019-01-02T17:18:39.319+0900: 173765.895: [GC (Allocation Failure) [PSYoungGen: 60672K->256K(60928K)] 85854K->25438K(369664K), 0.0026913 secs] [Times: user=0.00 sys=0.01, real=0.00 secs] 
2019-01-02T17:19:27.024+0900: 173813.600: [GC (Allocation Failure) [PSYoungGen: 60672K->288K(60928K)] 85854K->25470K(369664K), 0.0027023 secs] [Times: user=0.00 sys=0.01, real=0.00 secs] 
2019-01-02T17:20:14.640+0900: 173861.216: [GC (Allocation Failure) [PSYoungGen: 60704K->352K(60928K)] 85886K->25534K(369664K), 0.0029419 secs] [Times: user=0.01 sys=0.00, real=0.00 secs] 
2019-01-02T17:21:02.363+0900: 173908.939: [GC (Allocation Failure) [PSYoungGen: 60768K->320K(60928K)] 85950K->25510K(369664K), 0.0028383 secs] [Times: user=0.01 sys=0.00, real=0.01 secs] 
2019-01-02T17:21:50.090+0900: 173956.666: [GC (Allocation Failure) [PSYoungGen: 60736K->320K(60928K)] 85926K->25510K(369664K), 0.0024365 secs] [Times: user=0.00 sys=0.01, real=0.00 secs] 
2019-01-02T17:22:38.218+0900: 174004.794: [GC (Allocation Failure) [PSYoungGen: 60736K->352K(60928K)] 85926K->25542K(369664K), 0.0030018 secs] [Times: user=0.00 sys=0.01, real=0.00 secs] 
2019-01-02T17:23:26.101+0900: 174052.677: [GC (Allocation Failure) [PSYoungGen: 60768K->352K(60928K)] 85958K->25542K(369664K), 0.0025497 secs] [Times: user=0.00 sys=0.01, real=0.01 secs] 
2019-01-02T17:24:13.728+0900: 174100.304: [GC (Allocation Failure) [PSYoungGen: 60768K->256K(60928K)] 85958K->25446K(369664K), 0.0032787 secs] [Times: user=0.01 sys=0.01, real=0.00 secs] 
2019-01-02T17:25:01.407+0900: 174147.983: [GC (Allocation Failure) [PSYoungGen: 60672K->288K(60928K)] 85862K->25486K(369664K), 0.0023548 secs] [Times: user=0.02 sys=0.00, real=0.00 secs] 
2019-01-02T17:25:49.230+0900: 174195.806: [GC (Allocation Failure) [PSYoungGen: 60704K->352K(60928K)] 85902K->25550K(369664K), 0.0026688 secs] [Times: user=0.00 sys=0.01, real=0.00 secs] 
2019-01-02T17:26:37.181+0900: 174243.757: [GC (Allocation Failure) [PSYoungGen: 60768K->352K(60928K)] 85966K->25550K(369664K), 0.0023992 secs] [Times: user=0.02 sys=0.00, real=0.00 secs] 
2019-01-02T17:27:24.434+0900: 174291.010: [GC (Allocation Failure) [PSYoungGen: 60768K->352K(60928K)] 85966K->25550K(369664K), 0.0027069 secs] [Times: user=0.00 sys=0.01, real=0.00 secs] 
2019-01-02T17:28:12.209+0900: 174338.785: [GC (Allocation Failure) [PSYoungGen: 60768K->352K(60928K)] 85966K->25550K(369664K), 0.0026683 secs] [Times: user=0.00 sys=0.01, real=0.00 secs] 
2019-01-02T17:29:00.108+0900: 174386.684: [GC (Allocation Failure) [PSYoungGen: 60768K->320K(60928K)] 85966K->25518K(369664K), 0.0028579 secs] [Times: user=0.00 sys=0.01, real=0.00 secs] 
2019-01-02T17:29:47.998+0900: 174434.574: [GC (Allocation Failure) [PSYoungGen: 60736K->288K(60928K)] 85934K->25486K(369664K), 0.0028573 secs] [Times: user=0.00 sys=0.01, real=0.00 secs] 
2019-01-02T17:30:35.954+0900: 174482.530: [GC (Allocation Failure) [PSYoungGen: 60704K->320K(60928K)] 85902K->25518K(369664K), 0.0029103 secs] [Times: user=0.00 sys=0.01, real=0.00 secs] 
2019-01-02T17:31:23.381+0900: 174529.957: [GC (Allocation Failure) [PSYoungGen: 60736K->288K(60928K)] 85934K->25486K(369664K), 0.0030098 secs] [Times: user=0.00 sys=0.01, real=0.01 secs] 
2019-01-02T17:32:11.155+0900: 174577.731: [GC (Allocation Failure) [PSYoungGen: 60704K->320K(60928K)] 85902K->25518K(369664K), 0.0029146 secs] [Times: user=0.02 sys=0.00, real=0.00 secs] 
2019-01-02T17:32:58.322+0900: 174624.898: [GC (Allocation Failure) [PSYoungGen: 60736K->320K(60928K)] 85934K->25518K(369664K), 0.0029661 secs] [Times: user=0.00 sys=0.01, real=0.01 secs] 
2019-01-02T17:33:45.942+0900: 174672.518: [GC (Allocation Failure) [PSYoungGen: 60736K->320K(60928K)] 85934K->25518K(369664K), 0.0028233 secs] [Times: user=0.00 sys=0.00, real=0.01 secs] 
2019-01-02T17:34:33.745+0900: 174720.321: [GC (Allocation Failure) [PSYoungGen: 60736K->352K(60928K)] 85934K->25550K(369664K), 0.0026960 secs] [Times: user=0.01 sys=0.01, real=0.00 secs] 
2019-01-02T17:35:21.425+0900: 174768.001: [GC (Allocation Failure) [PSYoungGen: 60768K->288K(60928K)] 85966K->25486K(369664K), 0.0027596 secs] [Times: user=0.00 sys=0.01, real=0.00 secs] 
2019-01-02T17:36:09.462+0900: 174816.038: [GC (Allocation Failure) [PSYoungGen: 60704K->352K(60928K)] 85902K->25550K(369664K), 0.0024411 secs] [Times: user=0.00 sys=0.01, real=0.01 secs] 
2019-01-02T17:36:56.712+0900: 174863.288: [GC (Allocation Failure) [PSYoungGen: 60768K->320K(60928K)] 85966K->25518K(369664K), 0.0029590 secs] [Times: user=0.01 sys=0.01, real=0.01 secs] 
2019-01-02T17:37:44.889+0900: 174911.465: [GC (Allocation Failure) [PSYoungGen: 60736K->224K(60928K)] 85934K->25422K(369664K), 0.0025965 secs] [Times: user=0.01 sys=0.00, real=0.00 secs] 
2019-01-02T17:38:32.803+0900: 174959.379: [GC (Allocation Failure) [PSYoungGen: 60640K->320K(60928K)] 85838K->25518K(369664K), 0.0025119 secs] [Times: user=0.00 sys=0.01, real=0.01 secs] 
2019-01-02T17:39:20.269+0900: 175006.845: [GC (Allocation Failure) [PSYoungGen: 60736K->256K(60928K)] 85934K->25454K(369664K), 0.0023735 secs] [Times: user=0.01 sys=0.00, real=0.00 secs] 
2019-01-02T17:40:08.183+0900: 175054.759: [GC (Allocation Failure) [PSYoungGen: 60672K->288K(60928K)] 85870K->25486K(369664K), 0.0030340 secs] [Times: user=0.00 sys=0.01, real=0.01 secs] 
2019-01-02T17:40:56.115+0900: 175102.690: [GC (Allocation Failure) [PSYoungGen: 60704K->352K(60928K)] 85902K->25550K(369664K), 0.0025434 secs] [Times: user=0.01 sys=0.00, real=0.00 secs] 
2019-01-02T17:41:43.849+0900: 175150.424: [GC (Allocation Failure) [PSYoungGen: 60768K->224K(60928K)] 85966K->25422K(369664K), 0.0026813 secs] [Times: user=0.01 sys=0.00, real=0.00 secs] 
2019-01-02T17:42:31.740+0900: 175198.316: [GC (Allocation Failure) [PSYoungGen: 60640K->288K(60928K)] 85838K->25486K(369664K), 0.0027588 secs] [Times: user=0.01 sys=0.00, real=0.00 secs] 
2019-01-02T17:43:19.233+0900: 175245.809: [GC (Allocation Failure) [PSYoungGen: 60704K->256K(60928K)] 85902K->25454K(369664K), 0.0023696 secs] [Times: user=0.00 sys=0.01, real=0.01 secs] 
2019-01-02T17:44:06.841+0900: 175293.417: [GC (Allocation Failure) [PSYoungGen: 60672K->352K(60928K)] 85870K->25566K(369664K), 0.0027651 secs] [Times: user=0.00 sys=0.01, real=0.01 secs] 
2019-01-02T17:44:54.613+0900: 175341.189: [GC (Allocation Failure) [PSYoungGen: 60768K->288K(60928K)] 85982K->25526K(369664K), 0.0031772 secs] [Times: user=0.00 sys=0.01, real=0.01 secs] 
2019-01-02T17:45:42.153+0900: 175388.729: [GC (Allocation Failure) [PSYoungGen: 60704K->288K(60928K)] 85942K->25526K(369664K), 0.0025575 secs] [Times: user=0.01 sys=0.00, real=0.01 secs] 
2019-01-02T17:46:29.952+0900: 175436.528: [GC (Allocation Failure) [PSYoungGen: 60704K->320K(60928K)] 85942K->25558K(369664K), 0.0026174 secs] [Times: user=0.00 sys=0.01, real=0.01 secs] 
2019-01-02T17:47:17.786+0900: 175484.361: [GC (Allocation Failure) [PSYoungGen: 60736K->320K(60928K)] 85974K->25558K(369664K), 0.0027422 secs] [Times: user=0.00 sys=0.01, real=0.00 secs] 
2019-01-02T17:48:05.366+0900: 175531.942: [GC (Allocation Failure) [PSYoungGen: 60736K->320K(60928K)] 85974K->25558K(369664K), 0.0029432 secs] [Times: user=0.02 sys=0.00, real=0.00 secs] 
2019-01-02T17:48:52.906+0900: 175579.482: [GC (Allocation Failure) [PSYoungGen: 60736K->352K(60928K)] 85974K->25590K(369664K), 0.0026659 secs] [Times: user=0.00 sys=0.01, real=0.00 secs] 
2019-01-02T17:49:40.746+0900: 175627.322: [GC (Allocation Failure) [PSYoungGen: 60768K->224K(60928K)] 86006K->25462K(369664K), 0.0028331 secs] [Times: user=0.01 sys=0.00, real=0.00 secs] 
2019-01-02T17:50:28.460+0900: 175675.036: [GC (Allocation Failure) [PSYoungGen: 60640K->224K(60928K)] 85878K->25462K(369664K), 0.0026343 secs] [Times: user=0.00 sys=0.00, real=0.00 secs] 
2019-01-02T17:51:16.135+0900: 175722.711: [GC (Allocation Failure) [PSYoungGen: 60640K->352K(60928K)] 85878K->25598K(369664K), 0.0024783 secs] [Times: user=0.01 sys=0.00, real=0.00 secs] 
2019-01-02T17:52:03.812+0900: 175770.388: [GC (Allocation Failure) [PSYoungGen: 60768K->224K(60928K)] 86014K->25470K(369664K), 0.0028025 secs] [Times: user=0.01 sys=0.00, real=0.01 secs] 
2019-01-02T17:52:51.616+0900: 175818.192: [GC (Allocation Failure) [PSYoungGen: 60640K->288K(60928K)] 85886K->25534K(369664K), 0.0026368 secs] [Times: user=0.01 sys=0.00, real=0.00 secs] 
2019-01-02T17:53:39.212+0900: 175865.788: [GC (Allocation Failure) [PSYoungGen: 60704K->352K(60928K)] 85950K->25598K(369664K), 0.0027106 secs] [Times: user=0.01 sys=0.00, real=0.01 secs] 
2019-01-02T17:54:26.912+0900: 175913.488: [GC (Allocation Failure) [PSYoungGen: 60768K->320K(60928K)] 86014K->25566K(369664K), 0.0029753 secs] [Times: user=0.00 sys=0.01, real=0.01 secs] 
2019-01-02T17:55:14.813+0900: 175961.389: [GC (Allocation Failure) [PSYoungGen: 60736K->320K(60928K)] 85982K->25566K(369664K), 0.0029461 secs] [Times: user=0.00 sys=0.01, real=0.01 secs] 
2019-01-02T17:56:02.312+0900: 176008.887: [GC (Allocation Failure) [PSYoungGen: 60736K->320K(60928K)] 85982K->25566K(369664K), 0.0026339 secs] [Times: user=0.00 sys=0.00, real=0.01 secs] 
2019-01-02T17:56:49.873+0900: 176056.449: [GC (Allocation Failure) [PSYoungGen: 60736K->320K(60928K)] 85982K->25566K(369664K), 0.0028639 secs] [Times: user=0.01 sys=0.00, real=0.01 secs] 
2019-01-02T17:57:37.688+0900: 176104.264: [GC (Allocation Failure) [PSYoungGen: 60736K->320K(60928K)] 85982K->25566K(369664K), 0.0024379 secs] [Times: user=0.00 sys=0.01, real=0.00 secs] 
2019-01-02T17:58:25.606+0900: 176152.181: [GC (Allocation Failure) [PSYoungGen: 60736K->320K(60928K)] 85982K->25574K(369664K), 0.0026758 secs] [Times: user=0.00 sys=0.01, real=0.00 secs] 
2019-01-02T17:59:13.070+0900: 176199.646: [GC (Allocation Failure) [PSYoungGen: 60736K->352K(60928K)] 85990K->25606K(369664K), 0.0029884 secs] [Times: user=0.00 sys=0.01, real=0.00 secs] 
2019-01-02T18:00:00.816+0900: 176247.391: [GC (Allocation Failure) [PSYoungGen: 60768K->320K(60928K)] 86022K->25574K(369664K), 0.0027357 secs] [Times: user=0.02 sys=0.00, real=0.00 secs] 
2019-01-02T18:00:48.447+0900: 176295.023: [GC (Allocation Failure) [PSYoungGen: 60736K->256K(60928K)] 85990K->25510K(369664K), 0.0028151 secs] [Times: user=0.00 sys=0.01, real=0.00 secs] 
2019-01-02T18:01:35.894+0900: 176342.469: [GC (Allocation Failure) [PSYoungGen: 60672K->320K(60928K)] 85926K->25574K(369664K), 0.0028815 secs] [Times: user=0.01 sys=0.01, real=0.01 secs] 
2019-01-02T18:02:23.734+0900: 176390.310: [GC (Allocation Failure) [PSYoungGen: 60736K->288K(60928K)] 85990K->25542K(369664K), 0.0024145 secs] [Times: user=0.00 sys=0.01, real=0.00 secs] 
2019-01-02T18:03:11.067+0900: 176437.643: [GC (Allocation Failure) [PSYoungGen: 60704K->320K(60928K)] 85958K->25574K(369664K), 0.0030009 secs] [Times: user=0.00 sys=0.01, real=0.00 secs] 
2019-01-02T18:03:59.065+0900: 176485.641: [GC (Allocation Failure) [PSYoungGen: 60736K->352K(60928K)] 85990K->25606K(369664K), 0.0027099 secs] [Times: user=0.00 sys=0.01, real=0.00 secs] 
2019-01-02T18:04:46.738+0900: 176533.314: [GC (Allocation Failure) [PSYoungGen: 60768K->320K(60928K)] 86022K->25574K(369664K), 0.0023750 secs] [Times: user=0.01 sys=0.00, real=0.00 secs] 
2019-01-02T18:05:34.641+0900: 176581.217: [GC (Allocation Failure) [PSYoungGen: 60736K->320K(60928K)] 85990K->25574K(369664K), 0.0030965 secs] [Times: user=0.00 sys=0.01, real=0.01 secs] 
2019-01-02T18:06:22.473+0900: 176629.049: [GC (Allocation Failure) [PSYoungGen: 60736K->288K(60928K)] 85990K->25566K(369664K), 0.0024675 secs] [Times: user=0.01 sys=0.01, real=0.01 secs] 
2019-01-02T18:07:10.304+0900: 176676.880: [GC (Allocation Failure) [PSYoungGen: 60704K->256K(60928K)] 85982K->25542K(369664K), 0.0027750 secs] [Times: user=0.01 sys=0.00, real=0.00 secs] 
2019-01-02T18:07:57.959+0900: 176724.535: [GC (Allocation Failure) [PSYoungGen: 60672K->320K(60928K)] 85958K->25606K(369664K), 0.0027493 secs] [Times: user=0.01 sys=0.00, real=0.00 secs] 
2019-01-02T18:08:45.401+0900: 176771.977: [GC (Allocation Failure) [PSYoungGen: 60736K->288K(60928K)] 86022K->25574K(369664K), 0.0028864 secs] [Times: user=0.02 sys=0.00, real=0.01 secs] 
2019-01-02T18:09:33.094+0900: 176819.670: [GC (Allocation Failure) [PSYoungGen: 60704K->352K(60928K)] 85990K->25638K(369664K), 0.0028223 secs] [Times: user=0.00 sys=0.02, real=0.00 secs] 
2019-01-02T18:10:20.794+0900: 176867.370: [GC (Allocation Failure) [PSYoungGen: 60768K->288K(60928K)] 86054K->25574K(369664K), 0.0039737 secs] [Times: user=0.02 sys=0.00, real=0.00 secs] 
2019-01-02T18:11:08.323+0900: 176914.899: [GC (Allocation Failure) [PSYoungGen: 60704K->352K(60928K)] 85990K->25638K(369664K), 0.0024625 secs] [Times: user=0.00 sys=0.01, real=0.01 secs] 
2019-01-02T18:11:56.065+0900: 176962.641: [GC (Allocation Failure) [PSYoungGen: 60768K->320K(60928K)] 86054K->25606K(369664K), 0.0026337 secs] [Times: user=0.00 sys=0.01, real=0.00 secs] 
2019-01-02T18:12:43.787+0900: 177010.363: [GC (Allocation Failure) [PSYoungGen: 60736K->320K(60928K)] 86022K->25606K(369664K), 0.0029902 secs] [Times: user=0.02 sys=0.00, real=0.00 secs] 
2019-01-02T18:13:31.372+0900: 177057.948: [GC (Allocation Failure) [PSYoungGen: 60736K->352K(60928K)] 86022K->25638K(369664K), 0.0028541 secs] [Times: user=0.00 sys=0.01, real=0.01 secs] 
2019-01-02T18:14:19.286+0900: 177105.862: [GC (Allocation Failure) [PSYoungGen: 60768K->320K(60928K)] 86054K->25606K(369664K), 0.0027655 secs] [Times: user=0.01 sys=0.01, real=0.00 secs] 
2019-01-02T18:15:07.052+0900: 177153.628: [GC (Allocation Failure) [PSYoungGen: 60736K->256K(60928K)] 86022K->25558K(369664K), 0.0028173 secs] [Times: user=0.00 sys=0.00, real=0.01 secs] 
2019-01-02T18:15:54.637+0900: 177201.213: [GC (Allocation Failure) [PSYoungGen: 60672K->256K(60928K)] 85974K->25558K(369664K), 0.0030283 secs] [Times: user=0.01 sys=0.01, real=0.00 secs] 
2019-01-02T18:16:42.370+0900: 177248.946: [GC (Allocation Failure) [PSYoungGen: 60672K->352K(60928K)] 85974K->25662K(369664K), 0.0030107 secs] [Times: user=0.01 sys=0.01, real=0.00 secs] 
2019-01-02T18:17:30.099+0900: 177296.675: [GC (Allocation Failure) [PSYoungGen: 60768K->320K(60928K)] 86078K->25630K(369664K), 0.0027057 secs] [Times: user=0.00 sys=0.01, real=0.00 secs] 
2019-01-02T18:18:17.694+0900: 177344.270: [GC (Allocation Failure) [PSYoungGen: 60736K->352K(60928K)] 86046K->25662K(369664K), 0.0027560 secs] [Times: user=0.00 sys=0.01, real=0.00 secs] 
2019-01-02T18:19:05.292+0900: 177391.867: [GC (Allocation Failure) [PSYoungGen: 60768K->256K(60928K)] 86078K->25566K(369664K), 0.0025359 secs] [Times: user=0.00 sys=0.01, real=0.01 secs] 
2019-01-02T18:19:53.278+0900: 177439.854: [GC (Allocation Failure) [PSYoungGen: 60672K->352K(60928K)] 85982K->25662K(369664K), 0.0028869 secs] [Times: user=0.00 sys=0.01, real=0.00 secs] 
2019-01-02T18:20:41.207+0900: 177487.783: [GC (Allocation Failure) [PSYoungGen: 60768K->288K(60928K)] 86078K->25598K(369664K), 0.0026927 secs] [Times: user=0.00 sys=0.01, real=0.00 secs] 
2019-01-02T18:21:28.456+0900: 177535.031: [GC (Allocation Failure) [PSYoungGen: 60704K->320K(60928K)] 86014K->25638K(369664K), 0.0027569 secs] [Times: user=0.01 sys=0.00, real=0.00 secs] 
2019-01-02T18:22:16.160+0900: 177582.736: [GC (Allocation Failure) [PSYoungGen: 60736K->288K(60928K)] 86054K->25606K(369664K), 0.0025922 secs] [Times: user=0.01 sys=0.01, real=0.00 secs] 
2019-01-02T18:23:04.052+0900: 177630.628: [GC (Allocation Failure) [PSYoungGen: 60704K->352K(60928K)] 86022K->25670K(369664K), 0.0024038 secs] [Times: user=0.00 sys=0.01, real=0.01 secs] 
2019-01-02T18:23:51.841+0900: 177678.417: [GC (Allocation Failure) [PSYoungGen: 60765K->320K(60928K)] 86083K->25638K(369664K), 0.0026834 secs] [Times: user=0.00 sys=0.01, real=0.00 secs] 
2019-01-02T18:24:39.323+0900: 177725.899: [GC (Allocation Failure) [PSYoungGen: 60736K->224K(60928K)] 86054K->25542K(369664K), 0.0029760 secs] [Times: user=0.02 sys=0.00, real=0.01 secs] 
2019-01-02T18:25:27.250+0900: 177773.826: [GC (Allocation Failure) [PSYoungGen: 60640K->352K(60928K)] 85958K->25670K(369664K), 0.0027034 secs] [Times: user=0.00 sys=0.01, real=0.00 secs] 
2019-01-02T18:26:14.683+0900: 177821.258: [GC (Allocation Failure) [PSYoungGen: 60768K->320K(60928K)] 86086K->25638K(369664K), 0.0027737 secs] [Times: user=0.00 sys=0.01, real=0.01 secs] 
2019-01-02T18:27:02.242+0900: 177868.818: [GC (Allocation Failure) [PSYoungGen: 60736K->352K(60928K)] 86054K->25670K(369664K), 0.0028027 secs] [Times: user=0.00 sys=0.02, real=0.01 secs] 
2019-01-02T18:27:50.034+0900: 177916.610: [GC (Allocation Failure) [PSYoungGen: 60768K->256K(60928K)] 86086K->25574K(369664K), 0.0025657 secs] [Times: user=0.01 sys=0.00, real=0.00 secs] 
2019-01-02T18:28:37.789+0900: 177964.365: [GC (Allocation Failure) [PSYoungGen: 60672K->320K(60928K)] 85990K->25638K(369664K), 0.0027488 secs] [Times: user=0.02 sys=0.00, real=0.00 secs] 
2019-01-02T18:29:25.418+0900: 178011.994: [GC (Allocation Failure) [PSYoungGen: 60736K->224K(60928K)] 86054K->25542K(369664K), 0.0030119 secs] [Times: user=0.00 sys=0.01, real=0.00 secs] 
2019-01-02T18:30:13.028+0900: 178059.604: [GC (Allocation Failure) [PSYoungGen: 60640K->352K(60928K)] 85958K->25670K(369664K), 0.0029730 secs] [Times: user=0.02 sys=0.00, real=0.00 secs] 
2019-01-02T18:31:00.798+0900: 178107.374: [GC (Allocation Failure) [PSYoungGen: 60768K->352K(60928K)] 86086K->25670K(369664K), 0.0031060 secs] [Times: user=0.01 sys=0.00, real=0.00 secs] 
2019-01-02T18:31:48.591+0900: 178155.167: [GC (Allocation Failure) [PSYoungGen: 60768K->352K(60928K)] 86086K->25670K(369664K), 0.0024201 secs] [Times: user=0.00 sys=0.01, real=0.01 secs] 
2019-01-02T18:32:36.427+0900: 178203.003: [GC (Allocation Failure) [PSYoungGen: 60768K->352K(60928K)] 86086K->25670K(369664K), 0.0026807 secs] [Times: user=0.01 sys=0.00, real=0.00 secs] 
2019-01-02T18:33:24.351+0900: 178250.927: [GC (Allocation Failure) [PSYoungGen: 60768K->352K(60928K)] 86086K->25670K(369664K), 0.0028920 secs] [Times: user=0.02 sys=0.00, real=0.01 secs] 
2019-01-02T18:34:11.555+0900: 178298.131: [GC (Allocation Failure) [PSYoungGen: 60768K->288K(60928K)] 86086K->25606K(369664K), 0.0029779 secs] [Times: user=0.01 sys=0.00, real=0.00 secs] 
2019-01-02T18:34:59.138+0900: 178345.714: [GC (Allocation Failure) [PSYoungGen: 60704K->288K(60928K)] 86022K->25614K(369664K), 0.0024566 secs] [Times: user=0.01 sys=0.00, real=0.00 secs] 
2019-01-02T18:35:46.756+0900: 178393.332: [GC (Allocation Failure) [PSYoungGen: 60704K->352K(60928K)] 86030K->25678K(369664K), 0.0030704 secs] [Times: user=0.01 sys=0.01, real=0.00 secs] 
2019-01-02T18:36:34.457+0900: 178441.033: [GC (Allocation Failure) [PSYoungGen: 60768K->320K(60928K)] 86094K->25646K(369664K), 0.0029728 secs] [Times: user=0.00 sys=0.01, real=0.00 secs] 
2019-01-02T18:37:22.235+0900: 178488.811: [GC (Allocation Failure) [PSYoungGen: 60736K->192K(60928K)] 86062K->25518K(369664K), 0.0029031 secs] [Times: user=0.00 sys=0.01, real=0.00 secs] 
2019-01-02T18:38:09.515+0900: 178536.090: [GC (Allocation Failure) [PSYoungGen: 60608K->352K(60928K)] 85934K->25678K(369664K), 0.0027845 secs] [Times: user=0.01 sys=0.00, real=0.00 secs] 
2019-01-02T18:38:57.074+0900: 178583.650: [GC (Allocation Failure) [PSYoungGen: 60768K->320K(60928K)] 86094K->25662K(369664K), 0.0026982 secs] [Times: user=0.00 sys=0.00, real=0.00 secs] 
2019-01-02T18:39:44.695+0900: 178631.271: [GC (Allocation Failure) [PSYoungGen: 60736K->352K(60928K)] 86078K->25694K(369664K), 0.0029057 secs] [Times: user=0.00 sys=0.01, real=0.00 secs] 
2019-01-02T18:40:32.078+0900: 178678.653: [GC (Allocation Failure) [PSYoungGen: 60768K->288K(60928K)] 86110K->25630K(369664K), 0.0026769 secs] [Times: user=0.00 sys=0.01, real=0.00 secs] 
2019-01-02T18:41:19.866+0900: 178726.442: [GC (Allocation Failure) [PSYoungGen: 60704K->352K(60928K)] 86046K->25694K(369664K), 0.0028972 secs] [Times: user=0.00 sys=0.01, real=0.00 secs] 
2019-01-02T18:42:07.817+0900: 178774.393: [GC (Allocation Failure) [PSYoungGen: 60768K->288K(60928K)] 86110K->25630K(369664K), 0.0027889 secs] [Times: user=0.00 sys=0.01, real=0.00 secs] 
2019-01-02T18:42:55.646+0900: 178822.222: [GC (Allocation Failure) [PSYoungGen: 60704K->352K(60928K)] 86046K->25694K(369664K), 0.0028427 secs] [Times: user=0.01 sys=0.00, real=0.00 secs] 
2019-01-02T18:43:43.554+0900: 178870.130: [GC (Allocation Failure) [PSYoungGen: 60768K->352K(60928K)] 86110K->25694K(369664K), 0.0024079 secs] [Times: user=0.00 sys=0.01, real=0.00 secs] 
2019-01-02T18:44:31.089+0900: 178917.664: [GC (Allocation Failure) [PSYoungGen: 60768K->320K(60928K)] 86110K->25670K(369664K), 0.0024777 secs] [Times: user=0.01 sys=0.00, real=0.00 secs] 
2019-01-02T18:45:18.936+0900: 178965.512: [GC (Allocation Failure) [PSYoungGen: 60736K->320K(60928K)] 86086K->25686K(369664K), 0.0026996 secs] [Times: user=0.00 sys=0.01, real=0.00 secs] 
2019-01-02T18:46:05.883+0900: 179012.459: [GC (Allocation Failure) [PSYoungGen: 60736K->288K(60928K)] 86102K->25654K(369664K), 0.0029086 secs] [Times: user=0.02 sys=0.00, real=0.01 secs] 
2019-01-02T18:46:53.579+0900: 179060.155: [GC (Allocation Failure) [PSYoungGen: 60704K->320K(60928K)] 86070K->25686K(369664K), 0.0028428 secs] [Times: user=0.01 sys=0.01, real=0.00 secs] 
2019-01-02T18:47:40.797+0900: 179107.373: [GC (Allocation Failure) [PSYoungGen: 60736K->320K(60928K)] 86102K->25686K(369664K), 0.0029215 secs] [Times: user=0.01 sys=0.01, real=0.00 secs] 
2019-01-02T18:48:28.200+0900: 179154.776: [GC (Allocation Failure) [PSYoungGen: 60735K->320K(60928K)] 86102K->25686K(369664K), 0.0027776 secs] [Times: user=0.00 sys=0.01, real=0.00 secs] 
2019-01-02T18:49:16.146+0900: 179202.721: [GC (Allocation Failure) [PSYoungGen: 60736K->288K(60928K)] 86102K->25654K(369664K), 0.0027288 secs] [Times: user=0.00 sys=0.01, real=0.00 secs] 
2019-01-02T18:50:03.764+0900: 179250.339: [GC (Allocation Failure) [PSYoungGen: 60704K->320K(60928K)] 86070K->25694K(369664K), 0.0027055 secs] [Times: user=0.01 sys=0.00, real=0.01 secs] 
2019-01-02T18:50:51.526+0900: 179298.102: [GC (Allocation Failure) [PSYoungGen: 60736K->256K(60928K)] 86110K->25630K(369664K), 0.0028821 secs] [Times: user=0.00 sys=0.01, real=0.00 secs] 
2019-01-02T18:51:39.261+0900: 179345.836: [GC (Allocation Failure) [PSYoungGen: 60672K->256K(60928K)] 86046K->25638K(369664K), 0.0026449 secs] [Times: user=0.01 sys=0.00, real=0.00 secs] 
2019-01-02T18:52:26.911+0900: 179393.487: [GC (Allocation Failure) [PSYoungGen: 60672K->320K(60928K)] 86054K->25702K(369664K), 0.0026812 secs] [Times: user=0.00 sys=0.01, real=0.01 secs] 
2019-01-02T18:53:14.641+0900: 179441.217: [GC (Allocation Failure) [PSYoungGen: 60736K->352K(60928K)] 86118K->25734K(369664K), 0.0024176 secs] [Times: user=0.01 sys=0.01, real=0.00 secs] 
2019-01-02T18:54:02.294+0900: 179488.870: [GC (Allocation Failure) [PSYoungGen: 60768K->256K(60928K)] 86150K->25638K(369664K), 0.0026890 secs] [Times: user=0.01 sys=0.00, real=0.00 secs] 
2019-01-02T18:54:49.796+0900: 179536.372: [GC (Allocation Failure) [PSYoungGen: 60672K->256K(60928K)] 86054K->25638K(369664K), 0.0025415 secs] [Times: user=0.01 sys=0.01, real=0.00 secs] 
2019-01-02T18:55:37.674+0900: 179584.250: [GC (Allocation Failure) [PSYoungGen: 60672K->320K(60928K)] 86054K->25702K(369664K), 0.0028851 secs] [Times: user=0.01 sys=0.00, real=0.00 secs] 
2019-01-02T18:56:25.222+0900: 179631.798: [GC (Allocation Failure) [PSYoungGen: 60736K->352K(60928K)] 86118K->25734K(369664K), 0.0024078 secs] [Times: user=0.00 sys=0.01, real=0.01 secs] 
2019-01-02T18:57:13.057+0900: 179679.633: [GC (Allocation Failure) [PSYoungGen: 60768K->320K(60928K)] 86150K->25702K(369664K), 0.0028847 secs] [Times: user=0.00 sys=0.01, real=0.00 secs] 
2019-01-02T18:58:01.095+0900: 179727.671: [GC (Allocation Failure) [PSYoungGen: 60736K->256K(60928K)] 86118K->25638K(369664K), 0.0027486 secs] [Times: user=0.00 sys=0.00, real=0.00 secs] 
2019-01-02T18:58:48.437+0900: 179775.013: [GC (Allocation Failure) [PSYoungGen: 60672K->352K(60928K)] 86054K->25734K(369664K), 0.0028535 secs] [Times: user=0.00 sys=0.01, real=0.00 secs] 
2019-01-02T18:59:35.778+0900: 179822.354: [GC (Allocation Failure) [PSYoungGen: 60768K->352K(60928K)] 86150K->25734K(369664K), 0.0025366 secs] [Times: user=0.00 sys=0.01, real=0.00 secs] 
2019-01-02T19:00:23.813+0900: 179870.388: [GC (Allocation Failure) [PSYoungGen: 60768K->320K(60928K)] 86150K->25726K(369664K), 0.0023906 secs] [Times: user=0.00 sys=0.02, real=0.01 secs] 
2019-01-02T19:01:11.603+0900: 179918.179: [GC (Allocation Failure) [PSYoungGen: 60736K->320K(60928K)] 86142K->25726K(369664K), 0.0030188 secs] [Times: user=0.00 sys=0.01, real=0.01 secs] 
2019-01-02T19:01:59.190+0900: 179965.766: [GC (Allocation Failure) [PSYoungGen: 60736K->352K(60928K)] 86142K->25758K(369664K), 0.0030981 secs] [Times: user=0.01 sys=0.00, real=0.00 secs] 
2019-01-02T19:02:46.634+0900: 180013.209: [GC (Allocation Failure) [PSYoungGen: 60768K->320K(60928K)] 86174K->25726K(369664K), 0.0027932 secs] [Times: user=0.01 sys=0.01, real=0.01 secs] 
2019-01-02T19:03:34.574+0900: 180061.150: [GC (Allocation Failure) [PSYoungGen: 60736K->320K(60928K)] 86142K->25726K(369664K), 0.0027370 secs] [Times: user=0.01 sys=0.00, real=0.00 secs] 
2019-01-02T19:04:22.395+0900: 180108.970: [GC (Allocation Failure) [PSYoungGen: 60736K->320K(60928K)] 86142K->25726K(369664K), 0.0024101 secs] [Times: user=0.00 sys=0.01, real=0.00 secs] 
2019-01-02T19:05:09.949+0900: 180156.525: [GC (Allocation Failure) [PSYoungGen: 60736K->352K(60928K)] 86142K->25758K(369664K), 0.0029543 secs] [Times: user=0.00 sys=0.00, real=0.00 secs] 
2019-01-02T19:05:57.596+0900: 180204.172: [GC (Allocation Failure) [PSYoungGen: 60768K->256K(60928K)] 86174K->25662K(369664K), 0.0024596 secs] [Times: user=0.00 sys=0.01, real=0.00 secs] 
2019-01-02T19:06:45.577+0900: 180252.153: [GC (Allocation Failure) [PSYoungGen: 60672K->320K(60928K)] 86078K->25726K(369664K), 0.0025222 secs] [Times: user=0.01 sys=0.00, real=0.00 secs] 
2019-01-02T19:07:33.407+0900: 180299.983: [GC (Allocation Failure) [PSYoungGen: 60736K->320K(60928K)] 86142K->25726K(369664K), 0.0024872 secs] [Times: user=0.00 sys=0.01, real=0.00 secs] 
2019-01-02T19:08:20.695+0900: 180347.271: [GC (Allocation Failure) [PSYoungGen: 60736K->288K(60928K)] 86142K->25694K(369664K), 0.0028699 secs] [Times: user=0.01 sys=0.00, real=0.00 secs] 
2019-01-02T19:09:08.390+0900: 180394.966: [GC (Allocation Failure) [PSYoungGen: 60704K->320K(60928K)] 86110K->25726K(369664K), 0.0027930 secs] [Times: user=0.01 sys=0.00, real=0.00 secs] 
2019-01-02T19:09:56.165+0900: 180442.741: [GC (Allocation Failure) [PSYoungGen: 60736K->352K(60928K)] 86142K->25758K(369664K), 0.0028224 secs] [Times: user=0.01 sys=0.00, real=0.00 secs] 
2019-01-02T19:10:43.487+0900: 180490.063: [GC (Allocation Failure) [PSYoungGen: 60768K->288K(60928K)] 86174K->25694K(369664K), 0.0026837 secs] [Times: user=0.00 sys=0.01, real=0.00 secs] 
2019-01-02T19:11:31.075+0900: 180537.651: [GC (Allocation Failure) [PSYoungGen: 60704K->320K(60928K)] 86110K->25726K(369664K), 0.0032019 secs] [Times: user=0.00 sys=0.01, real=0.00 secs] 
2019-01-02T19:12:18.736+0900: 180585.312: [GC (Allocation Failure) [PSYoungGen: 60736K->224K(60928K)] 86142K->25630K(369664K), 0.0032673 secs] [Times: user=0.02 sys=0.00, real=0.00 secs] 
2019-01-02T19:13:05.947+0900: 180632.523: [GC (Allocation Failure) [PSYoungGen: 60640K->320K(60928K)] 86046K->25726K(369664K), 0.0027756 secs] [Times: user=0.02 sys=0.00, real=0.00 secs] 
2019-01-02T19:13:53.705+0900: 180680.281: [GC (Allocation Failure) [PSYoungGen: 60736K->288K(60928K)] 86142K->25702K(369664K), 0.0027545 secs] [Times: user=0.01 sys=0.01, real=0.00 secs] 
2019-01-02T19:14:41.302+0900: 180727.878: [GC (Allocation Failure) [PSYoungGen: 60704K->352K(60928K)] 86118K->25774K(369664K), 0.0023869 secs] [Times: user=0.00 sys=0.01, real=0.01 secs] 
2019-01-02T19:15:29.036+0900: 180775.612: [GC (Allocation Failure) [PSYoungGen: 60768K->352K(60928K)] 86190K->25774K(369664K), 0.0028606 secs] [Times: user=0.00 sys=0.02, real=0.00 secs] 
2019-01-02T19:16:16.685+0900: 180823.260: [GC (Allocation Failure) [PSYoungGen: 60768K->320K(60928K)] 86190K->25750K(369664K), 0.0025041 secs] [Times: user=0.01 sys=0.00, real=0.00 secs] 
2019-01-02T19:17:04.061+0900: 180870.637: [GC (Allocation Failure) [PSYoungGen: 60736K->352K(60928K)] 86166K->25782K(369664K), 0.0027165 secs] [Times: user=0.00 sys=0.01, real=0.00 secs] 
2019-01-02T19:17:51.934+0900: 180918.510: [GC (Allocation Failure) [PSYoungGen: 60768K->352K(60928K)] 86198K->25782K(369664K), 0.0028632 secs] [Times: user=0.00 sys=0.01, real=0.00 secs] 
2019-01-02T19:18:39.618+0900: 180966.194: [GC (Allocation Failure) [PSYoungGen: 60768K->352K(60928K)] 86198K->25782K(369664K), 0.0030631 secs] [Times: user=0.01 sys=0.00, real=0.00 secs] 
2019-01-02T19:19:27.424+0900: 181014.000: [GC (Allocation Failure) [PSYoungGen: 60768K->352K(60928K)] 86198K->25782K(369664K), 0.0028052 secs] [Times: user=0.02 sys=0.00, real=0.00 secs] 
2019-01-02T19:20:14.619+0900: 181061.195: [GC (Allocation Failure) [PSYoungGen: 60768K->352K(60928K)] 86198K->25782K(369664K), 0.0028804 secs] [Times: user=0.01 sys=0.00, real=0.00 secs] 
2019-01-02T19:21:02.361+0900: 181108.937: [GC (Allocation Failure) [PSYoungGen: 60768K->288K(60928K)] 86198K->25718K(369664K), 0.0023223 secs] [Times: user=0.01 sys=0.00, real=0.00 secs] 
2019-01-02T19:21:49.966+0900: 181156.542: [GC (Allocation Failure) [PSYoungGen: 60704K->320K(60928K)] 86134K->25758K(369664K), 0.0029876 secs] [Times: user=0.00 sys=0.01, real=0.00 secs] 
2019-01-02T19:22:37.680+0900: 181204.256: [GC (Allocation Failure) [PSYoungGen: 60736K->320K(60928K)] 86174K->25758K(369664K), 0.0028364 secs] [Times: user=0.00 sys=0.01, real=0.00 secs] 
2019-01-02T19:23:25.369+0900: 181251.945: [GC (Allocation Failure) [PSYoungGen: 60736K->288K(60928K)] 86174K->25726K(369664K), 0.0026904 secs] [Times: user=0.00 sys=0.01, real=0.00 secs] 
2019-01-02T19:24:13.139+0900: 181299.715: [GC (Allocation Failure) [PSYoungGen: 60704K->288K(60928K)] 86142K->25726K(369664K), 0.0028731 secs] [Times: user=0.00 sys=0.01, real=0.00 secs] 
2019-01-02T19:25:00.751+0900: 181347.327: [GC (Allocation Failure) [PSYoungGen: 60704K->320K(60928K)] 86142K->25766K(369664K), 0.0026857 secs] [Times: user=0.01 sys=0.01, real=0.01 secs] 
2019-01-02T19:25:48.444+0900: 181395.020: [GC (Allocation Failure) [PSYoungGen: 60736K->224K(60928K)] 86182K->25670K(369664K), 0.0027455 secs] [Times: user=0.00 sys=0.01, real=0.00 secs] 
2019-01-02T19:26:36.134+0900: 181442.710: [GC (Allocation Failure) [PSYoungGen: 60640K->288K(60928K)] 86086K->25734K(369664K), 0.0029641 secs] [Times: user=0.01 sys=0.00, real=0.00 secs] 
2019-01-02T19:27:23.749+0900: 181490.325: [GC (Allocation Failure) [PSYoungGen: 60704K->352K(60928K)] 86150K->25798K(369664K), 0.0027024 secs] [Times: user=0.00 sys=0.00, real=0.00 secs] 
2019-01-02T19:28:11.503+0900: 181538.078: [GC (Allocation Failure) [PSYoungGen: 60768K->288K(60928K)] 86214K->25734K(369664K), 0.0026353 secs] [Times: user=0.00 sys=0.01, real=0.01 secs] 
2019-01-02T19:28:59.079+0900: 181585.655: [GC (Allocation Failure) [PSYoungGen: 60704K->256K(60928K)] 86150K->25702K(369664K), 0.0028461 secs] [Times: user=0.00 sys=0.01, real=0.00 secs] 
2019-01-02T19:29:46.900+0900: 181633.476: [GC (Allocation Failure) [PSYoungGen: 60672K->256K(60928K)] 86118K->25702K(369664K), 0.0024407 secs] [Times: user=0.01 sys=0.00, real=0.00 secs] 
2019-01-02T19:30:34.854+0900: 181681.430: [GC (Allocation Failure) [PSYoungGen: 60672K->320K(60928K)] 86118K->25766K(369664K), 0.0027622 secs] [Times: user=0.01 sys=0.00, real=0.00 secs] 
2019-01-02T19:31:22.257+0900: 181728.833: [GC (Allocation Failure) [PSYoungGen: 60736K->352K(60928K)] 86182K->25798K(369664K), 0.0030435 secs] [Times: user=0.02 sys=0.00, real=0.00 secs] 
2019-01-02T19:32:09.967+0900: 181776.543: [GC (Allocation Failure) [PSYoungGen: 60768K->352K(60928K)] 86214K->25798K(369664K), 0.0028104 secs] [Times: user=0.01 sys=0.00, real=0.00 secs] 
2019-01-02T19:32:56.862+0900: 181823.438: [GC (Allocation Failure) [PSYoungGen: 60768K->288K(60928K)] 86214K->25734K(369664K), 0.0028543 secs] [Times: user=0.01 sys=0.00, real=0.01 secs] 
2019-01-02T19:33:44.823+0900: 181871.399: [GC (Allocation Failure) [PSYoungGen: 60704K->288K(60928K)] 86150K->25734K(369664K), 0.0027873 secs] [Times: user=0.01 sys=0.01, real=0.01 secs] 
2019-01-02T19:34:32.450+0900: 181919.026: [GC (Allocation Failure) [PSYoungGen: 60704K->352K(60928K)] 86150K->25798K(369664K), 0.0026397 secs] [Times: user=0.01 sys=0.01, real=0.00 secs] 
2019-01-02T19:35:20.201+0900: 181966.777: [GC (Allocation Failure) [PSYoungGen: 60768K->352K(60928K)] 86214K->25806K(369664K), 0.0024166 secs] [Times: user=0.01 sys=0.01, real=0.01 secs] 
2019-01-02T19:36:07.937+0900: 182014.512: [GC (Allocation Failure) [PSYoungGen: 60768K->256K(60928K)] 86222K->25710K(369664K), 0.0026930 secs] [Times: user=0.01 sys=0.00, real=0.00 secs] 
2019-01-02T19:36:55.582+0900: 182062.158: [GC (Allocation Failure) [PSYoungGen: 60672K->320K(60928K)] 86126K->25774K(369664K), 0.0027247 secs] [Times: user=0.01 sys=0.00, real=0.01 secs] 
2019-01-02T19:37:43.012+0900: 182109.588: [GC (Allocation Failure) [PSYoungGen: 60736K->352K(60928K)] 86190K->25806K(369664K), 0.0027486 secs] [Times: user=0.00 sys=0.01, real=0.01 secs] 
2019-01-02T19:38:30.955+0900: 182157.531: [GC (Allocation Failure) [PSYoungGen: 60768K->288K(60928K)] 86222K->25742K(369664K), 0.0030349 secs] [Times: user=0.00 sys=0.01, real=0.00 secs] 
2019-01-02T19:39:18.161+0900: 182204.737: [GC (Allocation Failure) [PSYoungGen: 60704K->256K(60928K)] 86158K->25710K(369664K), 0.0028729 secs] [Times: user=0.01 sys=0.01, real=0.01 secs] 
2019-01-02T19:40:06.048+0900: 182252.623: [GC (Allocation Failure) [PSYoungGen: 60672K->256K(60928K)] 86126K->25710K(369664K), 0.0026024 secs] [Times: user=0.01 sys=0.01, real=0.00 secs] 
2019-01-02T19:40:53.648+0900: 182300.224: [GC (Allocation Failure) [PSYoungGen: 60672K->352K(60928K)] 86126K->25806K(369664K), 0.0028639 secs] [Times: user=0.01 sys=0.00, real=0.00 secs] 
2019-01-02T19:41:41.324+0900: 182347.900: [GC (Allocation Failure) [PSYoungGen: 60768K->288K(60928K)] 86222K->25742K(369664K), 0.0029203 secs] [Times: user=0.01 sys=0.01, real=0.00 secs] 
2019-01-02T19:42:28.851+0900: 182395.426: [GC (Allocation Failure) [PSYoungGen: 60704K->320K(60928K)] 86158K->25774K(369664K), 0.0028245 secs] [Times: user=0.00 sys=0.01, real=0.00 secs] 
2019-01-02T19:43:16.099+0900: 182442.675: [GC (Allocation Failure) [PSYoungGen: 60736K->320K(60928K)] 86190K->25774K(369664K), 0.0029518 secs] [Times: user=0.01 sys=0.01, real=0.00 secs] 
2019-01-02T19:44:03.310+0900: 182489.886: [GC (Allocation Failure) [PSYoungGen: 60736K->288K(60928K)] 86190K->25742K(369664K), 0.0028284 secs] [Times: user=0.01 sys=0.01, real=0.00 secs] 
2019-01-02T19:44:51.484+0900: 182538.060: [GC (Allocation Failure) [PSYoungGen: 60704K->320K(60928K)] 86158K->25790K(369664K), 0.0024170 secs] [Times: user=0.00 sys=0.01, real=0.00 secs] 
2019-01-02T19:45:39.087+0900: 182585.662: [GC (Allocation Failure) [PSYoungGen: 60736K->320K(60928K)] 86206K->25790K(369664K), 0.0026407 secs] [Times: user=0.01 sys=0.01, real=0.00 secs] 
2019-01-02T19:46:26.860+0900: 182633.436: [GC (Allocation Failure) [PSYoungGen: 60736K->352K(60928K)] 86206K->25822K(369664K), 0.0028752 secs] [Times: user=0.01 sys=0.00, real=0.00 secs] 
2019-01-02T19:47:14.107+0900: 182680.683: [GC (Allocation Failure) [PSYoungGen: 60768K->320K(60928K)] 86238K->25790K(369664K), 0.0023866 secs] [Times: user=0.01 sys=0.00, real=0.00 secs] 
2019-01-02T19:48:01.624+0900: 182728.200: [GC (Allocation Failure) [PSYoungGen: 60736K->224K(60928K)] 86206K->25694K(369664K), 0.0029894 secs] [Times: user=0.01 sys=0.00, real=0.00 secs] 
2019-01-02T19:48:49.426+0900: 182776.001: [GC (Allocation Failure) [PSYoungGen: 60640K->288K(60928K)] 86110K->25758K(369664K), 0.0024371 secs] [Times: user=0.00 sys=0.01, real=0.00 secs] 
2019-01-02T19:49:37.228+0900: 182823.804: [GC (Allocation Failure) [PSYoungGen: 60704K->320K(60928K)] 86174K->25790K(369664K), 0.0030040 secs] [Times: user=0.00 sys=0.01, real=0.00 secs] 
2019-01-02T19:50:24.116+0900: 182870.692: [GC (Allocation Failure) [PSYoungGen: 60736K->224K(60928K)] 86206K->25694K(369664K), 0.0027878 secs] [Times: user=0.01 sys=0.00, real=0.00 secs] 
2019-01-02T19:51:11.744+0900: 182918.320: [GC (Allocation Failure) [PSYoungGen: 60640K->320K(60928K)] 86110K->25798K(369664K), 0.0028116 secs] [Times: user=0.00 sys=0.01, real=0.00 secs] 
2019-01-02T19:51:59.225+0900: 182965.801: [GC (Allocation Failure) [PSYoungGen: 60736K->288K(60928K)] 86214K->25774K(369664K), 0.0027235 secs] [Times: user=0.00 sys=0.01, real=0.00 secs] 
2019-01-02T19:52:46.780+0900: 183013.356: [GC (Allocation Failure) [PSYoungGen: 60704K->224K(60928K)] 86190K->25710K(369664K), 0.0027874 secs] [Times: user=0.01 sys=0.00, real=0.00 secs] 
2019-01-02T19:53:34.554+0900: 183061.129: [GC (Allocation Failure) [PSYoungGen: 60640K->320K(60928K)] 86126K->25806K(369664K), 0.0027342 secs] [Times: user=0.00 sys=0.01, real=0.01 secs] 
2019-01-02T19:54:22.208+0900: 183108.784: [GC (Allocation Failure) [PSYoungGen: 60736K->288K(60928K)] 86222K->25774K(369664K), 0.0025678 secs] [Times: user=0.01 sys=0.00, real=0.00 secs] 
2019-01-02T19:55:09.934+0900: 183156.509: [GC (Allocation Failure) [PSYoungGen: 60704K->320K(60928K)] 86190K->25806K(369664K), 0.0028005 secs] [Times: user=0.01 sys=0.00, real=0.01 secs] 
2019-01-02T19:55:57.358+0900: 183203.934: [GC (Allocation Failure) [PSYoungGen: 60736K->320K(60928K)] 86222K->25806K(369664K), 0.0028188 secs] [Times: user=0.00 sys=0.01, real=0.00 secs] 
2019-01-02T19:56:44.831+0900: 183251.407: [GC (Allocation Failure) [PSYoungGen: 60736K->320K(60928K)] 86222K->25830K(369664K), 0.0027786 secs] [Times: user=0.00 sys=0.01, real=0.01 secs] 
2019-01-02T19:57:32.499+0900: 183299.075: [GC (Allocation Failure) [PSYoungGen: 60736K->352K(60928K)] 86246K->25862K(369664K), 0.0028292 secs] [Times: user=0.01 sys=0.00, real=0.00 secs] 
2019-01-02T19:58:19.758+0900: 183346.334: [GC (Allocation Failure) [PSYoungGen: 60768K->320K(60928K)] 86278K->25830K(369664K), 0.0027520 secs] [Times: user=0.00 sys=0.01, real=0.00 secs] 
2019-01-02T19:59:07.109+0900: 183393.685: [GC (Allocation Failure) [PSYoungGen: 60736K->352K(60928K)] 86246K->25862K(369664K), 0.0030085 secs] [Times: user=0.00 sys=0.01, real=0.00 secs] 
2019-01-02T19:59:55.019+0900: 183441.595: [GC (Allocation Failure) [PSYoungGen: 60768K->352K(60928K)] 86278K->25862K(369664K), 0.0027738 secs] [Times: user=0.01 sys=0.01, real=0.00 secs] 
2019-01-02T20:00:42.812+0900: 183489.387: [GC (Allocation Failure) [PSYoungGen: 60768K->320K(60928K)] 86278K->25830K(369664K), 0.0028016 secs] [Times: user=0.00 sys=0.00, real=0.01 secs] 
2019-01-02T20:01:30.441+0900: 183537.017: [GC (Allocation Failure) [PSYoungGen: 60736K->352K(60928K)] 86246K->25862K(369664K), 0.0030680 secs] [Times: user=0.01 sys=0.00, real=0.01 secs] 
2019-01-02T20:02:18.138+0900: 183584.713: [GC (Allocation Failure) [PSYoungGen: 60768K->224K(60928K)] 86278K->25742K(369664K), 0.0026301 secs] [Times: user=0.00 sys=0.01, real=0.00 secs] 
2019-01-02T20:03:05.819+0900: 183632.395: [GC (Allocation Failure) [PSYoungGen: 60640K->288K(60928K)] 86158K->25806K(369664K), 0.0024341 secs] [Times: user=0.00 sys=0.01, real=0.00 secs] 
2019-01-02T20:03:53.707+0900: 183680.282: [GC (Allocation Failure) [PSYoungGen: 60704K->320K(60928K)] 86222K->25838K(369664K), 0.0024022 secs] [Times: user=0.01 sys=0.00, real=0.00 secs] 
2019-01-02T20:04:41.339+0900: 183727.914: [GC (Allocation Failure) [PSYoungGen: 60736K->352K(60928K)] 86254K->25870K(369664K), 0.0025445 secs] [Times: user=0.00 sys=0.01, real=0.00 secs] 
2019-01-02T20:05:29.047+0900: 183775.623: [GC (Allocation Failure) [PSYoungGen: 60768K->320K(60928K)] 86286K->25838K(369664K), 0.0028787 secs] [Times: user=0.01 sys=0.00, real=0.00 secs] 
2019-01-02T20:06:16.934+0900: 183823.510: [GC (Allocation Failure) [PSYoungGen: 60736K->256K(60928K)] 86254K->25774K(369664K), 0.0027208 secs] [Times: user=0.00 sys=0.00, real=0.00 secs] 
2019-01-02T20:07:04.777+0900: 183871.353: [GC (Allocation Failure) [PSYoungGen: 60672K->352K(60928K)] 86190K->25870K(369664K), 0.0024104 secs] [Times: user=0.01 sys=0.01, real=0.00 secs] 
2019-01-02T20:07:52.212+0900: 183918.788: [GC (Allocation Failure) [PSYoungGen: 60768K->320K(60928K)] 86286K->25838K(369664K), 0.0027473 secs] [Times: user=0.01 sys=0.00, real=0.01 secs] 
2019-01-02T20:08:39.983+0900: 183966.558: [GC (Allocation Failure) [PSYoungGen: 60736K->256K(60928K)] 86254K->25774K(369664K), 0.0030081 secs] [Times: user=0.00 sys=0.01, real=0.01 secs] 
2019-01-02T20:09:27.340+0900: 184013.916: [GC (Allocation Failure) [PSYoungGen: 60672K->352K(60928K)] 86190K->25870K(369664K), 0.0027588 secs] [Times: user=0.01 sys=0.00, real=0.00 secs] 
2019-01-02T20:10:14.829+0900: 184061.405: [GC (Allocation Failure) [PSYoungGen: 60768K->352K(60928K)] 86286K->25870K(369664K), 0.0029144 secs] [Times: user=0.01 sys=0.01, real=0.00 secs] 
2019-01-02T20:11:02.723+0900: 184109.299: [GC (Allocation Failure) [PSYoungGen: 60768K->320K(60928K)] 86286K->25838K(369664K), 0.0027166 secs] [Times: user=0.01 sys=0.01, real=0.01 secs] 
2019-01-02T20:11:50.503+0900: 184157.079: [GC (Allocation Failure) [PSYoungGen: 60736K->320K(60928K)] 86254K->25838K(369664K), 0.0026999 secs] [Times: user=0.00 sys=0.01, real=0.01 secs] 
2019-01-02T20:12:38.104+0900: 184204.680: [GC (Allocation Failure) [PSYoungGen: 60736K->256K(60928K)] 86254K->25774K(369664K), 0.0025851 secs] [Times: user=0.01 sys=0.00, real=0.00 secs] 
2019-01-02T20:13:25.802+0900: 184252.378: [GC (Allocation Failure) [PSYoungGen: 60672K->352K(60928K)] 86190K->25870K(369664K), 0.0025584 secs] [Times: user=0.02 sys=0.00, real=0.01 secs] 
2019-01-02T20:14:13.493+0900: 184300.069: [GC (Allocation Failure) [PSYoungGen: 60768K->224K(60928K)] 86286K->25742K(369664K), 0.0029832 secs] [Times: user=0.01 sys=0.00, real=0.01 secs] 
2019-01-02T20:15:01.078+0900: 184347.654: [GC (Allocation Failure) [PSYoungGen: 60640K->352K(60928K)] 86158K->25878K(369664K), 0.0027958 secs] [Times: user=0.01 sys=0.00, real=0.00 secs] 
2019-01-02T20:15:48.877+0900: 184395.453: [GC (Allocation Failure) [PSYoungGen: 60768K->352K(60928K)] 86294K->25878K(369664K), 0.0028652 secs] [Times: user=0.01 sys=0.01, real=0.00 secs] 
2019-01-02T20:16:36.453+0900: 184443.029: [GC (Allocation Failure) [PSYoungGen: 60768K->320K(60928K)] 86294K->25846K(369664K), 0.0030228 secs] [Times: user=0.00 sys=0.01, real=0.01 secs] 
2019-01-02T20:17:24.259+0900: 184490.835: [GC (Allocation Failure) [PSYoungGen: 60736K->288K(60928K)] 86262K->25814K(369664K), 0.0023749 secs] [Times: user=0.01 sys=0.00, real=0.00 secs] 
2019-01-02T20:18:11.796+0900: 184538.372: [GC (Allocation Failure) [PSYoungGen: 60704K->320K(60928K)] 86230K->25846K(369664K), 0.0027371 secs] [Times: user=0.00 sys=0.01, real=0.00 secs] 
2019-01-02T20:18:59.642+0900: 184586.218: [GC (Allocation Failure) [PSYoungGen: 60736K->288K(60928K)] 86262K->25822K(369664K), 0.0025591 secs] [Times: user=0.00 sys=0.00, real=0.01 secs] 
2019-01-02T20:19:47.487+0900: 184634.063: [GC (Allocation Failure) [PSYoungGen: 60704K->352K(60928K)] 86238K->25886K(369664K), 0.0031946 secs] [Times: user=0.00 sys=0.01, real=0.00 secs] 
2019-01-02T20:20:35.025+0900: 184681.601: [GC (Allocation Failure) [PSYoungGen: 60768K->352K(60928K)] 86302K->25886K(369664K), 0.0030769 secs] [Times: user=0.00 sys=0.01, real=0.00 secs] 
2019-01-02T20:21:22.669+0900: 184729.245: [GC (Allocation Failure) [PSYoungGen: 60768K->288K(60928K)] 86302K->25822K(369664K), 0.0023568 secs] [Times: user=0.00 sys=0.00, real=0.00 secs] 
2019-01-02T20:22:10.446+0900: 184777.022: [GC (Allocation Failure) [PSYoungGen: 60704K->256K(60928K)] 86238K->25798K(369664K), 0.0027817 secs] [Times: user=0.01 sys=0.00, real=0.00 secs] 
2019-01-02T20:22:58.368+0900: 184824.943: [GC (Allocation Failure) [PSYoungGen: 60672K->224K(60928K)] 86214K->25766K(369664K), 0.0028206 secs] [Times: user=0.01 sys=0.01, real=0.00 secs] 
2019-01-02T20:23:46.162+0900: 184872.738: [GC (Allocation Failure) [PSYoungGen: 60640K->256K(60928K)] 86182K->25806K(369664K), 0.0027759 secs] [Times: user=0.00 sys=0.00, real=0.01 secs] 
2019-01-02T20:24:33.718+0900: 184920.294: [GC (Allocation Failure) [PSYoungGen: 60672K->320K(60928K)] 86222K->25886K(369664K), 0.0026907 secs] [Times: user=0.01 sys=0.00, real=0.00 secs] 
2019-01-02T20:25:21.201+0900: 184967.777: [GC (Allocation Failure) [PSYoungGen: 60736K->352K(60928K)] 86302K->25918K(369664K), 0.0028356 secs] [Times: user=0.02 sys=0.00, real=0.01 secs] 
2019-01-02T20:26:08.772+0900: 185015.348: [GC (Allocation Failure) [PSYoungGen: 60768K->288K(60928K)] 86334K->25854K(369664K), 0.0026821 secs] [Times: user=0.00 sys=0.01, real=0.01 secs] 
2019-01-02T20:26:56.522+0900: 185063.098: [GC (Allocation Failure) [PSYoungGen: 60704K->192K(60928K)] 86270K->25758K(369664K), 0.0027161 secs] [Times: user=0.00 sys=0.01, real=0.01 secs] 
2019-01-02T20:27:44.310+0900: 185110.885: [GC (Allocation Failure) [PSYoungGen: 60608K->352K(60928K)] 86174K->25918K(369664K), 0.0028434 secs] [Times: user=0.00 sys=0.01, real=0.00 secs] 
2019-01-02T20:28:31.909+0900: 185158.485: [GC (Allocation Failure) [PSYoungGen: 60768K->320K(60928K)] 86334K->25886K(369664K), 0.0026889 secs] [Times: user=0.01 sys=0.00, real=0.00 secs] 
2019-01-02T20:29:19.366+0900: 185205.942: [GC (Allocation Failure) [PSYoungGen: 60736K->320K(60928K)] 86302K->25886K(369664K), 0.0030088 secs] [Times: user=0.00 sys=0.01, real=0.00 secs] 
2019-01-02T20:30:07.290+0900: 185253.866: [GC (Allocation Failure) [PSYoungGen: 60736K->320K(60928K)] 86302K->25886K(369664K), 0.0030684 secs] [Times: user=0.01 sys=0.00, real=0.00 secs] 
2019-01-02T20:30:54.711+0900: 185301.287: [GC (Allocation Failure) [PSYoungGen: 60736K->352K(60928K)] 86302K->25918K(369664K), 0.0028493 secs] [Times: user=0.00 sys=0.01, real=0.00 secs] 
2019-01-02T20:31:42.209+0900: 185348.785: [GC (Allocation Failure) [PSYoungGen: 60768K->288K(60928K)] 86334K->25854K(369664K), 0.0028032 secs] [Times: user=0.00 sys=0.01, real=0.00 secs] 
2019-01-02T20:32:29.874+0900: 185396.450: [GC (Allocation Failure) [PSYoungGen: 60704K->288K(60928K)] 86270K->25854K(369664K), 0.0030091 secs] [Times: user=0.00 sys=0.01, real=0.00 secs] 
2019-01-02T20:33:16.615+0900: 185443.191: [GC (Allocation Failure) [PSYoungGen: 60704K->224K(60928K)] 86270K->25790K(369664K), 0.0027245 secs] [Times: user=0.00 sys=0.00, real=0.00 secs] 
2019-01-02T20:34:04.256+0900: 185490.832: [GC (Allocation Failure) [PSYoungGen: 60640K->352K(60928K)] 86206K->25918K(369664K), 0.0029620 secs] [Times: user=0.01 sys=0.01, real=0.00 secs] 
2019-01-02T20:34:51.987+0900: 185538.563: [GC (Allocation Failure) [PSYoungGen: 60768K->288K(60928K)] 86334K->25854K(369664K), 0.0024504 secs] [Times: user=0.00 sys=0.01, real=0.00 secs] 
2019-01-02T20:35:39.641+0900: 185586.217: [GC (Allocation Failure) [PSYoungGen: 60704K->288K(60928K)] 86270K->25854K(369664K), 0.0028318 secs] [Times: user=0.00 sys=0.00, real=0.01 secs] 
2019-01-02T20:36:27.836+0900: 185634.412: [GC (Allocation Failure) [PSYoungGen: 60704K->320K(60928K)] 86270K->25886K(369664K), 0.0031096 secs] [Times: user=0.01 sys=0.00, real=0.00 secs] 
2019-01-02T20:37:15.622+0900: 185682.198: [GC (Allocation Failure) [PSYoungGen: 60736K->320K(60928K)] 86302K->25886K(369664K), 0.0029341 secs] [Times: user=0.02 sys=0.00, real=0.01 secs] 
2019-01-02T20:38:03.218+0900: 185729.794: [GC (Allocation Failure) [PSYoungGen: 60736K->320K(60928K)] 86302K->25886K(369664K), 0.0031476 secs] [Times: user=0.00 sys=0.01, real=0.00 secs] 
2019-01-02T20:38:50.985+0900: 185777.561: [GC (Allocation Failure) [PSYoungGen: 60736K->320K(60928K)] 86302K->25886K(369664K), 0.0028064 secs] [Times: user=0.01 sys=0.00, real=0.00 secs] 
2019-01-02T20:39:38.603+0900: 185825.178: [GC (Allocation Failure) [PSYoungGen: 60736K->288K(60928K)] 86302K->25870K(369664K), 0.0029343 secs] [Times: user=0.01 sys=0.00, real=0.01 secs] 
2019-01-02T20:40:26.447+0900: 185873.023: [GC (Allocation Failure) [PSYoungGen: 60704K->288K(60928K)] 86286K->25870K(369664K), 0.0027904 secs] [Times: user=0.00 sys=0.01, real=0.00 secs] 
2019-01-02T20:41:14.245+0900: 185920.821: [GC (Allocation Failure) [PSYoungGen: 60704K->288K(60928K)] 86286K->25870K(369664K), 0.0024780 secs] [Times: user=0.01 sys=0.01, real=0.00 secs] 
2019-01-02T20:42:01.791+0900: 185968.366: [GC (Allocation Failure) [PSYoungGen: 60704K->288K(60928K)] 86286K->25870K(369664K), 0.0028883 secs] [Times: user=0.01 sys=0.00, real=0.00 secs] 
2019-01-02T20:42:49.382+0900: 186015.958: [GC (Allocation Failure) [PSYoungGen: 60704K->288K(60928K)] 86286K->25870K(369664K), 0.0027750 secs] [Times: user=0.01 sys=0.01, real=0.01 secs] 
2019-01-02T20:43:37.266+0900: 186063.842: [GC (Allocation Failure) [PSYoungGen: 60704K->320K(60928K)] 86286K->25902K(369664K), 0.0031081 secs] [Times: user=0.01 sys=0.01, real=0.00 secs] 
2019-01-02T20:44:24.766+0900: 186111.342: [GC (Allocation Failure) [PSYoungGen: 60736K->352K(60928K)] 86318K->25934K(369664K), 0.0024789 secs] [Times: user=0.01 sys=0.00, real=0.00 secs] 
2019-01-02T20:45:12.358+0900: 186158.934: [GC (Allocation Failure) [PSYoungGen: 60768K->288K(60928K)] 86350K->25878K(369664K), 0.0030622 secs] [Times: user=0.01 sys=0.01, real=0.00 secs] 
2019-01-02T20:46:00.141+0900: 186206.716: [GC (Allocation Failure) [PSYoungGen: 60704K->320K(60928K)] 86294K->25910K(369664K), 0.0023735 secs] [Times: user=0.01 sys=0.00, real=0.00 secs] 
2019-01-02T20:46:47.856+0900: 186254.432: [GC (Allocation Failure) [PSYoungGen: 60736K->288K(60928K)] 86326K->25878K(369664K), 0.0026510 secs] [Times: user=0.00 sys=0.01, real=0.00 secs] 
2019-01-02T20:47:35.595+0900: 186302.171: [GC (Allocation Failure) [PSYoungGen: 60704K->320K(60928K)] 86294K->25910K(369664K), 0.0027760 secs] [Times: user=0.01 sys=0.00, real=0.00 secs] 
2019-01-02T20:48:23.185+0900: 186349.761: [GC (Allocation Failure) [PSYoungGen: 60736K->320K(60928K)] 86326K->25910K(369664K), 0.0023984 secs] [Times: user=0.00 sys=0.01, real=0.00 secs] 
2019-01-02T20:49:10.900+0900: 186397.476: [GC (Allocation Failure) [PSYoungGen: 60736K->320K(60928K)] 86326K->25910K(369664K), 0.0028774 secs] [Times: user=0.01 sys=0.00, real=0.00 secs] 
2019-01-02T20:49:58.846+0900: 186445.422: [GC (Allocation Failure) [PSYoungGen: 60736K->352K(60928K)] 86326K->25950K(369664K), 0.0028367 secs] [Times: user=0.00 sys=0.01, real=0.00 secs] 
2019-01-02T20:50:46.325+0900: 186492.901: [GC (Allocation Failure) [PSYoungGen: 60768K->352K(60928K)] 86366K->25950K(369664K), 0.0030650 secs] [Times: user=0.00 sys=0.01, real=0.00 secs] 
2019-01-02T20:51:34.106+0900: 186540.682: [GC (Allocation Failure) [PSYoungGen: 60768K->320K(60928K)] 86366K->25926K(369664K), 0.0028715 secs] [Times: user=0.01 sys=0.01, real=0.00 secs] 
2019-01-02T20:52:21.393+0900: 186587.968: [GC (Allocation Failure) [PSYoungGen: 60736K->352K(60928K)] 86342K->25958K(369664K), 0.0028174 secs] [Times: user=0.00 sys=0.01, real=0.01 secs] 
2019-01-02T20:53:08.897+0900: 186635.472: [GC (Allocation Failure) [PSYoungGen: 60768K->352K(60928K)] 86374K->25958K(369664K), 0.0030744 secs] [Times: user=0.00 sys=0.01, real=0.00 secs] 
2019-01-02T20:53:56.327+0900: 186682.903: [GC (Allocation Failure) [PSYoungGen: 60768K->352K(60928K)] 86374K->25966K(369664K), 0.0026713 secs] [Times: user=0.00 sys=0.01, real=0.00 secs] 
2019-01-02T20:54:44.130+0900: 186730.706: [GC (Allocation Failure) [PSYoungGen: 60768K->288K(60928K)] 86382K->25902K(369664K), 0.0027959 secs] [Times: user=0.01 sys=0.01, real=0.00 secs] 
2019-01-02T20:55:31.796+0900: 186778.371: [GC (Allocation Failure) [PSYoungGen: 60704K->320K(60928K)] 86318K->25934K(369664K), 0.0029458 secs] [Times: user=0.01 sys=0.00, real=0.00 secs] 
2019-01-02T20:56:19.640+0900: 186826.216: [GC (Allocation Failure) [PSYoungGen: 60736K->320K(60928K)] 86350K->25958K(369664K), 0.0024742 secs] [Times: user=0.01 sys=0.00, real=0.00 secs] 
2019-01-02T20:57:06.858+0900: 186873.434: [GC (Allocation Failure) [PSYoungGen: 60736K->320K(60928K)] 86374K->25958K(369664K), 0.0027055 secs] [Times: user=0.00 sys=0.01, real=0.00 secs] 
2019-01-02T20:57:54.551+0900: 186921.127: [GC (Allocation Failure) [PSYoungGen: 60736K->320K(60928K)] 86374K->25958K(369664K), 0.0029756 secs] [Times: user=0.00 sys=0.02, real=0.01 secs] 
2019-01-02T20:58:42.240+0900: 186968.816: [GC (Allocation Failure) [PSYoungGen: 60736K->352K(60928K)] 86374K->25990K(369664K), 0.0026315 secs] [Times: user=0.01 sys=0.00, real=0.00 secs] 
2019-01-02T20:59:29.448+0900: 187016.024: [GC (Allocation Failure) [PSYoungGen: 60768K->288K(60928K)] 86406K->25926K(369664K), 0.0026627 secs] [Times: user=0.01 sys=0.00, real=0.00 secs] 
2019-01-02T21:00:17.525+0900: 187064.101: [GC (Allocation Failure) [PSYoungGen: 60704K->352K(60928K)] 86342K->25990K(369664K), 0.0027987 secs] [Times: user=0.00 sys=0.01, real=0.00 secs] 
2019-01-02T21:01:05.179+0900: 187111.755: [GC (Allocation Failure) [PSYoungGen: 60768K->320K(60928K)] 86406K->25958K(369664K), 0.0024994 secs] [Times: user=0.01 sys=0.01, real=0.00 secs] 
2019-01-02T21:01:53.008+0900: 187159.584: [GC (Allocation Failure) [PSYoungGen: 60736K->320K(60928K)] 86374K->25958K(369664K), 0.0026926 secs] [Times: user=0.00 sys=0.01, real=0.00 secs] 
2019-01-02T21:02:40.653+0900: 187207.229: [GC (Allocation Failure) [PSYoungGen: 60736K->320K(60928K)] 86374K->25958K(369664K), 0.0027513 secs] [Times: user=0.01 sys=0.00, real=0.01 secs] 
2019-01-02T21:03:28.388+0900: 187254.964: [GC (Allocation Failure) [PSYoungGen: 60736K->288K(60928K)] 86374K->25926K(369664K), 0.0029754 secs] [Times: user=0.01 sys=0.00, real=0.00 secs] 
2019-01-02T21:04:16.163+0900: 187302.739: [GC (Allocation Failure) [PSYoungGen: 60704K->320K(60928K)] 86342K->25958K(369664K), 0.0027744 secs] [Times: user=0.01 sys=0.00, real=0.01 secs] 
2019-01-02T21:05:03.774+0900: 187350.350: [GC (Allocation Failure) [PSYoungGen: 60736K->288K(60928K)] 86374K->25926K(369664K), 0.0030707 secs] [Times: user=0.01 sys=0.01, real=0.00 secs] 
2019-01-02T21:05:51.408+0900: 187397.984: [GC (Allocation Failure) [PSYoungGen: 60704K->320K(60928K)] 86342K->25958K(369664K), 0.0027142 secs] [Times: user=0.00 sys=0.01, real=0.00 secs] 
2019-01-02T21:06:39.252+0900: 187445.828: [GC (Allocation Failure) [PSYoungGen: 60736K->320K(60928K)] 86374K->25958K(369664K), 0.0026571 secs] [Times: user=0.00 sys=0.00, real=0.01 secs] 
2019-01-02T21:07:27.283+0900: 187493.859: [GC (Allocation Failure) [PSYoungGen: 60736K->352K(60928K)] 86374K->25990K(369664K), 0.0030026 secs] [Times: user=0.02 sys=0.00, real=0.01 secs] 
2019-01-02T21:08:14.662+0900: 187541.238: [GC (Allocation Failure) [PSYoungGen: 60768K->256K(60928K)] 86406K->25894K(369664K), 0.0024006 secs] [Times: user=0.00 sys=0.00, real=0.01 secs] 
2019-01-02T21:09:02.425+0900: 187589.001: [GC (Allocation Failure) [PSYoungGen: 60672K->352K(60928K)] 86310K->25990K(369664K), 0.0027217 secs] [Times: user=0.01 sys=0.01, real=0.00 secs] 
2019-01-02T21:09:50.095+0900: 187636.671: [GC (Allocation Failure) [PSYoungGen: 60768K->256K(60928K)] 86406K->25926K(369664K), 0.0027556 secs] [Times: user=0.00 sys=0.01, real=0.00 secs] 
2019-01-02T21:10:37.742+0900: 187684.318: [GC (Allocation Failure) [PSYoungGen: 60672K->352K(60928K)] 86342K->26022K(369664K), 0.0025882 secs] [Times: user=0.01 sys=0.01, real=0.01 secs] 
2019-01-02T21:11:25.292+0900: 187731.868: [GC (Allocation Failure) [PSYoungGen: 60768K->256K(60928K)] 86438K->25926K(369664K), 0.0028516 secs] [Times: user=0.00 sys=0.01, real=0.01 secs] 
2019-01-02T21:12:12.957+0900: 187779.533: [GC (Allocation Failure) [PSYoungGen: 60672K->352K(60928K)] 86342K->26022K(369664K), 0.0027962 secs] [Times: user=0.00 sys=0.00, real=0.00 secs] 
2019-01-02T21:13:00.663+0900: 187827.239: [GC (Allocation Failure) [PSYoungGen: 60768K->352K(60928K)] 86438K->26022K(369664K), 0.0024022 secs] [Times: user=0.01 sys=0.01, real=0.01 secs] 
2019-01-02T21:13:48.170+0900: 187874.746: [GC (Allocation Failure) [PSYoungGen: 60768K->352K(60928K)] 86438K->26022K(369664K), 0.0026522 secs] [Times: user=0.00 sys=0.01, real=0.00 secs] 
2019-01-02T21:14:36.047+0900: 187922.623: [GC (Allocation Failure) [PSYoungGen: 60768K->352K(60928K)] 86438K->26030K(369664K), 0.0025831 secs] [Times: user=0.00 sys=0.01, real=0.00 secs] 
2019-01-02T21:15:23.261+0900: 187969.837: [GC (Allocation Failure) [PSYoungGen: 60768K->320K(60928K)] 86446K->26006K(369664K), 0.0027888 secs] [Times: user=0.01 sys=0.01, real=0.00 secs] 
2019-01-02T21:16:11.041+0900: 188017.617: [GC (Allocation Failure) [PSYoungGen: 60736K->256K(60928K)] 86422K->25942K(369664K), 0.0025103 secs] [Times: user=0.01 sys=0.00, real=0.00 secs] 
2019-01-02T21:16:58.618+0900: 188065.194: [GC (Allocation Failure) [PSYoungGen: 60672K->320K(60928K)] 86358K->26006K(369664K), 0.0029598 secs] [Times: user=0.00 sys=0.01, real=0.00 secs] 
2019-01-02T21:17:46.814+0900: 188113.389: [GC (Allocation Failure) [PSYoungGen: 60736K->320K(60928K)] 86422K->26006K(369664K), 0.0027870 secs] [Times: user=0.01 sys=0.00, real=0.01 secs] 
2019-01-02T21:18:34.705+0900: 188161.281: [GC (Allocation Failure) [PSYoungGen: 60736K->288K(60928K)] 86422K->25974K(369664K), 0.0029257 secs] [Times: user=0.02 sys=0.00, real=0.00 secs] 
2019-01-02T21:19:22.215+0900: 188208.791: [GC (Allocation Failure) [PSYoungGen: 60704K->320K(60928K)] 86390K->26006K(369664K), 0.0027429 secs] [Times: user=0.01 sys=0.00, real=0.00 secs] 
2019-01-02T21:20:09.672+0900: 188256.248: [GC (Allocation Failure) [PSYoungGen: 60736K->288K(60928K)] 86422K->25974K(369664K), 0.0028282 secs] [Times: user=0.01 sys=0.00, real=0.01 secs] 
2019-01-02T21:20:57.600+0900: 188304.176: [GC (Allocation Failure) [PSYoungGen: 60704K->320K(60928K)] 86390K->26006K(369664K), 0.0023386 secs] [Times: user=0.01 sys=0.00, real=0.00 secs] 
2019-01-02T21:21:45.630+0900: 188352.205: [GC (Allocation Failure) [PSYoungGen: 60736K->256K(60928K)] 86422K->25942K(369664K), 0.0028595 secs] [Times: user=0.00 sys=0.01, real=0.00 secs] 
2019-01-02T21:22:32.986+0900: 188399.562: [GC (Allocation Failure) [PSYoungGen: 60672K->320K(60928K)] 86358K->26022K(369664K), 0.0029615 secs] [Times: user=0.01 sys=0.00, real=0.00 secs] 
2019-01-02T21:23:20.296+0900: 188446.872: [GC (Allocation Failure) [PSYoungGen: 60736K->352K(60928K)] 86438K->26062K(369664K), 0.0027697 secs] [Times: user=0.01 sys=0.01, real=0.00 secs] 
2019-01-02T21:24:08.332+0900: 188494.908: [GC (Allocation Failure) [PSYoungGen: 60768K->256K(60928K)] 86478K->25966K(369664K), 0.0026900 secs] [Times: user=0.00 sys=0.00, real=0.01 secs] 
2019-01-02T21:24:56.023+0900: 188542.599: [GC (Allocation Failure) [PSYoungGen: 60672K->320K(60928K)] 86382K->26030K(369664K), 0.0026937 secs] [Times: user=0.01 sys=0.00, real=0.01 secs] 
2019-01-02T21:25:43.739+0900: 188590.315: [GC (Allocation Failure) [PSYoungGen: 60736K->224K(60928K)] 86446K->25934K(369664K), 0.0028052 secs] [Times: user=0.01 sys=0.00, real=0.00 secs] 
2019-01-02T21:26:31.853+0900: 188638.429: [GC (Allocation Failure) [PSYoungGen: 60640K->352K(60928K)] 86350K->26062K(369664K), 0.0027842 secs] [Times: user=0.00 sys=0.01, real=0.01 secs] 
2019-01-02T21:27:19.125+0900: 188685.701: [GC (Allocation Failure) [PSYoungGen: 60768K->288K(60928K)] 86478K->25998K(369664K), 0.0027177 secs] [Times: user=0.00 sys=0.01, real=0.00 secs] 
2019-01-02T21:28:06.913+0900: 188733.488: [GC (Allocation Failure) [PSYoungGen: 60704K->288K(60928K)] 86414K->25998K(369664K), 0.0027255 secs] [Times: user=0.01 sys=0.00, real=0.01 secs] 
2019-01-02T21:28:54.600+0900: 188781.176: [GC (Allocation Failure) [PSYoungGen: 60704K->320K(60928K)] 86414K->26030K(369664K), 0.0027499 secs] [Times: user=0.00 sys=0.01, real=0.00 secs] 
2019-01-02T21:29:42.237+0900: 188828.813: [GC (Allocation Failure) [PSYoungGen: 60736K->352K(60928K)] 86446K->26062K(369664K), 0.0023847 secs] [Times: user=0.01 sys=0.00, real=0.00 secs] 
2019-01-02T21:30:30.023+0900: 188876.599: [GC (Allocation Failure) [PSYoungGen: 60768K->352K(60928K)] 86478K->26062K(369664K), 0.0029173 secs] [Times: user=0.00 sys=0.01, real=0.01 secs] 
2019-01-02T21:31:17.793+0900: 188924.369: [GC (Allocation Failure) [PSYoungGen: 60768K->320K(60928K)] 86478K->26030K(369664K), 0.0025801 secs] [Times: user=0.00 sys=0.01, real=0.01 secs] 
2019-01-02T21:32:05.596+0900: 188972.171: [GC (Allocation Failure) [PSYoungGen: 60736K->256K(60928K)] 86446K->25966K(369664K), 0.0028345 secs] [Times: user=0.01 sys=0.01, real=0.00 secs] 
2019-01-02T21:32:52.601+0900: 189019.177: [GC (Allocation Failure) [PSYoungGen: 60672K->320K(60928K)] 86382K->26030K(369664K), 0.0027875 secs] [Times: user=0.02 sys=0.00, real=0.01 secs] 
2019-01-02T21:33:40.600+0900: 189067.176: [GC (Allocation Failure) [PSYoungGen: 60736K->352K(60928K)] 86446K->26062K(369664K), 0.0024059 secs] [Times: user=0.01 sys=0.00, real=0.00 secs] 
2019-01-02T21:34:28.022+0900: 189114.598: [GC (Allocation Failure) [PSYoungGen: 60768K->288K(60928K)] 86478K->25998K(369664K), 0.0028526 secs] [Times: user=0.01 sys=0.00, real=0.01 secs] 
2019-01-02T21:35:15.894+0900: 189162.469: [GC (Allocation Failure) [PSYoungGen: 60704K->288K(60928K)] 86414K->25998K(369664K), 0.0028811 secs] [Times: user=0.00 sys=0.01, real=0.01 secs] 
2019-01-02T21:36:03.330+0900: 189209.906: [GC (Allocation Failure) [PSYoungGen: 60704K->320K(60928K)] 86414K->26030K(369664K), 0.0025994 secs] [Times: user=0.01 sys=0.00, real=0.00 secs] 
2019-01-02T21:36:50.944+0900: 189257.520: [GC (Allocation Failure) [PSYoungGen: 60736K->352K(60928K)] 86446K->26062K(369664K), 0.0027848 secs] [Times: user=0.00 sys=0.01, real=0.00 secs] 
2019-01-02T21:37:38.719+0900: 189305.295: [GC (Allocation Failure) [PSYoungGen: 60768K->320K(60928K)] 86478K->26030K(369664K), 0.0024215 secs] [Times: user=0.00 sys=0.01, real=0.00 secs] 
2019-01-02T21:38:26.483+0900: 189353.059: [GC (Allocation Failure) [PSYoungGen: 60736K->320K(60928K)] 86446K->26030K(369664K), 0.0027062 secs] [Times: user=0.01 sys=0.00, real=0.01 secs] 
2019-01-02T21:39:14.104+0900: 189400.680: [GC (Allocation Failure) [PSYoungGen: 60736K->320K(60928K)] 86446K->26030K(369664K), 0.0030371 secs] [Times: user=0.00 sys=0.01, real=0.00 secs] 
2019-01-02T21:40:01.685+0900: 189448.261: [GC (Allocation Failure) [PSYoungGen: 60736K->192K(60928K)] 86446K->25902K(369664K), 0.0027262 secs] [Times: user=0.00 sys=0.01, real=0.00 secs] 
2019-01-02T21:40:49.505+0900: 189496.081: [GC (Allocation Failure) [PSYoungGen: 60608K->288K(60928K)] 86318K->26006K(369664K), 0.0029081 secs] [Times: user=0.00 sys=0.01, real=0.00 secs] 
2019-01-02T21:41:37.357+0900: 189543.933: [GC (Allocation Failure) [PSYoungGen: 60704K->320K(60928K)] 86422K->26038K(369664K), 0.0027131 secs] [Times: user=0.00 sys=0.01, real=0.00 secs] 
2019-01-02T21:42:25.145+0900: 189591.721: [GC (Allocation Failure) [PSYoungGen: 60736K->224K(60928K)] 86454K->25942K(369664K), 0.0029285 secs] [Times: user=0.00 sys=0.01, real=0.00 secs] 
2019-01-02T21:43:12.849+0900: 189639.424: [GC (Allocation Failure) [PSYoungGen: 60640K->352K(60928K)] 86358K->26070K(369664K), 0.0024774 secs] [Times: user=0.00 sys=0.01, real=0.00 secs] 
2019-01-02T21:44:00.251+0900: 189686.827: [GC (Allocation Failure) [PSYoungGen: 60768K->320K(60928K)] 86486K->26038K(369664K), 0.0028901 secs] [Times: user=0.00 sys=0.01, real=0.01 secs] 
2019-01-02T21:44:47.907+0900: 189734.483: [GC (Allocation Failure) [PSYoungGen: 60736K->288K(60928K)] 86454K->26022K(369664K), 0.0033538 secs] [Times: user=0.02 sys=0.00, real=0.00 secs] 
2019-01-02T21:45:35.681+0900: 189782.257: [GC (Allocation Failure) [PSYoungGen: 60704K->352K(60928K)] 86438K->26094K(369664K), 0.0028180 secs] [Times: user=0.01 sys=0.00, real=0.01 secs] 
2019-01-02T21:46:23.532+0900: 189830.107: [GC (Allocation Failure) [PSYoungGen: 60768K->288K(60928K)] 86510K->26030K(369664K), 0.0027779 secs] [Times: user=0.00 sys=0.01, real=0.01 secs] 
2019-01-02T21:47:11.012+0900: 189877.588: [GC (Allocation Failure) [PSYoungGen: 60704K->320K(60928K)] 86446K->26062K(369664K), 0.0027930 secs] [Times: user=0.00 sys=0.01, real=0.01 secs] 
2019-01-02T21:47:58.724+0900: 189925.300: [GC (Allocation Failure) [PSYoungGen: 60736K->352K(60928K)] 86478K->26094K(369664K), 0.0030808 secs] [Times: user=0.00 sys=0.01, real=0.00 secs] 
2019-01-02T21:48:46.482+0900: 189973.058: [GC (Allocation Failure) [PSYoungGen: 60768K->256K(60928K)] 86510K->25998K(369664K), 0.0028824 secs] [Times: user=0.00 sys=0.01, real=0.01 secs] 
2019-01-02T21:49:34.431+0900: 190021.007: [GC (Allocation Failure) [PSYoungGen: 60672K->352K(60928K)] 86414K->26094K(369664K), 0.0028830 secs] [Times: user=0.00 sys=0.01, real=0.01 secs] 
2019-01-02T21:50:21.772+0900: 190068.348: [GC (Allocation Failure) [PSYoungGen: 60768K->320K(60928K)] 86510K->26062K(369664K), 0.0030929 secs] [Times: user=0.01 sys=0.00, real=0.01 secs] 
2019-01-02T21:51:09.882+0900: 190116.457: [GC (Allocation Failure) [PSYoungGen: 60736K->352K(60928K)] 86478K->26094K(369664K), 0.0029161 secs] [Times: user=0.01 sys=0.00, real=0.01 secs] 
2019-01-02T21:51:57.407+0900: 190163.983: [GC (Allocation Failure) [PSYoungGen: 60768K->224K(60928K)] 86510K->25974K(369664K), 0.0028688 secs] [Times: user=0.01 sys=0.01, real=0.00 secs] 
2019-01-02T21:52:45.034+0900: 190211.610: [GC (Allocation Failure) [PSYoungGen: 60640K->320K(60928K)] 86390K->26070K(369664K), 0.0027889 secs] [Times: user=0.01 sys=0.01, real=0.00 secs] 
2019-01-02T21:53:32.929+0900: 190259.504: [GC (Allocation Failure) [PSYoungGen: 60736K->288K(60928K)] 86486K->26038K(369664K), 0.0028160 secs] [Times: user=0.02 sys=0.00, real=0.00 secs] 
2019-01-02T21:54:20.723+0900: 190307.299: [GC (Allocation Failure) [PSYoungGen: 60704K->256K(60928K)] 86454K->26006K(369664K), 0.0028353 secs] [Times: user=0.01 sys=0.01, real=0.01 secs] 
2019-01-02T21:55:08.315+0900: 190354.891: [GC (Allocation Failure) [PSYoungGen: 60672K->320K(60928K)] 86422K->26070K(369664K), 0.0024825 secs] [Times: user=0.00 sys=0.01, real=0.00 secs] 
2019-01-02T21:55:56.165+0900: 190402.741: [GC (Allocation Failure) [PSYoungGen: 60736K->352K(60928K)] 86486K->26102K(369664K), 0.0028420 secs] [Times: user=0.01 sys=0.00, real=0.00 secs] 
2019-01-02T21:56:44.124+0900: 190450.700: [GC (Allocation Failure) [PSYoungGen: 60768K->352K(60928K)] 86518K->26102K(369664K), 0.0026529 secs] [Times: user=0.00 sys=0.01, real=0.00 secs] 
2019-01-02T21:57:32.031+0900: 190498.607: [GC (Allocation Failure) [PSYoungGen: 60768K->256K(60928K)] 86518K->26006K(369664K), 0.0029502 secs] [Times: user=0.01 sys=0.00, real=0.01 secs] 
2019-01-02T21:58:19.687+0900: 190546.263: [GC (Allocation Failure) [PSYoungGen: 60672K->352K(60928K)] 86422K->26102K(369664K), 0.0029692 secs] [Times: user=0.00 sys=0.01, real=0.00 secs] 
2019-01-02T21:59:07.737+0900: 190594.313: [GC (Allocation Failure) [PSYoungGen: 60768K->320K(60928K)] 86518K->26078K(369664K), 0.0028452 secs] [Times: user=0.00 sys=0.01, real=0.00 secs] 
2019-01-02T21:59:55.434+0900: 190642.010: [GC (Allocation Failure) [PSYoungGen: 60736K->320K(60928K)] 86494K->26078K(369664K), 0.0029596 secs] [Times: user=0.00 sys=0.01, real=0.00 secs] 
2019-01-02T22:00:43.093+0900: 190689.669: [GC (Allocation Failure) [PSYoungGen: 60736K->256K(60928K)] 86494K->26014K(369664K), 0.0027097 secs] [Times: user=0.01 sys=0.00, real=0.01 secs] 
2019-01-02T22:01:30.451+0900: 190737.027: [GC (Allocation Failure) [PSYoungGen: 60672K->288K(60928K)] 86430K->26046K(369664K), 0.0023660 secs] [Times: user=0.00 sys=0.01, real=0.00 secs] 
2019-01-02T22:02:18.244+0900: 190784.820: [GC (Allocation Failure) [PSYoungGen: 60704K->288K(60928K)] 86462K->26046K(369664K), 0.0027626 secs] [Times: user=0.00 sys=0.01, real=0.00 secs] 
2019-01-02T22:03:05.585+0900: 190832.161: [GC (Allocation Failure) [PSYoungGen: 60704K->320K(60928K)] 86462K->26110K(369664K), 0.0024481 secs] [Times: user=0.01 sys=0.00, real=0.00 secs] 
2019-01-02T22:03:53.044+0900: 190879.620: [GC (Allocation Failure) [PSYoungGen: 60736K->352K(60928K)] 86526K->26142K(369664K), 0.0024669 secs] [Times: user=0.00 sys=0.01, real=0.00 secs] 
2019-01-02T22:04:41.108+0900: 190927.683: [GC (Allocation Failure) [PSYoungGen: 60768K->320K(60928K)] 86558K->26110K(369664K), 0.0028589 secs] [Times: user=0.00 sys=0.01, real=0.00 secs] 
2019-01-02T22:05:28.810+0900: 190975.386: [GC (Allocation Failure) [PSYoungGen: 60736K->352K(60928K)] 86526K->26142K(369664K), 0.0030055 secs] [Times: user=0.00 sys=0.01, real=0.00 secs] 
2019-01-02T22:06:16.585+0900: 191023.161: [GC (Allocation Failure) [PSYoungGen: 60768K->320K(60928K)] 86558K->26110K(369664K), 0.0023583 secs] [Times: user=0.01 sys=0.00, real=0.00 secs] 
2019-01-02T22:07:04.518+0900: 191071.094: [GC (Allocation Failure) [PSYoungGen: 60736K->320K(60928K)] 86526K->26110K(369664K), 0.0028211 secs] [Times: user=0.00 sys=0.01, real=0.00 secs] 
2019-01-02T22:07:51.968+0900: 191118.544: [GC (Allocation Failure) [PSYoungGen: 60736K->352K(60928K)] 86526K->26142K(369664K), 0.0023864 secs] [Times: user=0.00 sys=0.00, real=0.00 secs] 
2019-01-02T22:08:39.690+0900: 191166.266: [GC (Allocation Failure) [PSYoungGen: 60768K->256K(60928K)] 86558K->26046K(369664K), 0.0025612 secs] [Times: user=0.00 sys=0.01, real=0.00 secs] 
2019-01-02T22:09:27.352+0900: 191213.928: [GC (Allocation Failure) [PSYoungGen: 60672K->352K(60928K)] 86462K->26142K(369664K), 0.0026808 secs] [Times: user=0.00 sys=0.01, real=0.01 secs] 
2019-01-02T22:10:15.352+0900: 191261.928: [GC (Allocation Failure) [PSYoungGen: 60768K->288K(60928K)] 86558K->26078K(369664K), 0.0026648 secs] [Times: user=0.01 sys=0.00, real=0.01 secs] 
2019-01-02T22:11:02.837+0900: 191309.413: [GC (Allocation Failure) [PSYoungGen: 60704K->288K(60928K)] 86494K->26086K(369664K), 0.0029468 secs] [Times: user=0.00 sys=0.01, real=0.00 secs] 
2019-01-02T22:11:50.488+0900: 191357.064: [GC (Allocation Failure) [PSYoungGen: 60704K->320K(60928K)] 86502K->26118K(369664K), 0.0027050 secs] [Times: user=0.01 sys=0.00, real=0.00 secs] 
2019-01-02T22:12:38.312+0900: 191404.888: [GC (Allocation Failure) [PSYoungGen: 60736K->320K(60928K)] 86534K->26118K(369664K), 0.0027297 secs] [Times: user=0.00 sys=0.01, real=0.01 secs] 
2019-01-02T22:13:25.965+0900: 191452.541: [GC (Allocation Failure) [PSYoungGen: 60736K->256K(60928K)] 86534K->26054K(369664K), 0.0026899 secs] [Times: user=0.00 sys=0.01, real=0.00 secs] 
2019-01-02T22:14:13.538+0900: 191500.114: [GC (Allocation Failure) [PSYoungGen: 60672K->352K(60928K)] 86470K->26150K(369664K), 0.0026127 secs] [Times: user=0.01 sys=0.01, real=0.00 secs] 
2019-01-02T22:15:01.124+0900: 191547.700: [GC (Allocation Failure) [PSYoungGen: 60768K->224K(60928K)] 86566K->26030K(369664K), 0.0027330 secs] [Times: user=0.00 sys=0.01, real=0.00 secs] 
2019-01-02T22:15:48.890+0900: 191595.466: [GC (Allocation Failure) [PSYoungGen: 60640K->352K(60928K)] 86446K->26158K(369664K), 0.0029054 secs] [Times: user=0.00 sys=0.01, real=0.00 secs] 
2019-01-02T22:16:36.530+0900: 191643.106: [GC (Allocation Failure) [PSYoungGen: 60768K->320K(60928K)] 86574K->26126K(369664K), 0.0028175 secs] [Times: user=0.01 sys=0.01, real=0.00 secs] 
2019-01-02T22:17:24.372+0900: 191690.948: [GC (Allocation Failure) [PSYoungGen: 60736K->352K(60928K)] 86542K->26158K(369664K), 0.0027617 secs] [Times: user=0.00 sys=0.01, real=0.01 secs] 
2019-01-02T22:18:12.262+0900: 191738.838: [GC (Allocation Failure) [PSYoungGen: 60768K->288K(60928K)] 86574K->26094K(369664K), 0.0027283 secs] [Times: user=0.01 sys=0.00, real=0.01 secs] 
2019-01-02T22:18:59.663+0900: 191786.239: [GC (Allocation Failure) [PSYoungGen: 60704K->352K(60928K)] 86510K->26158K(369664K), 0.0026186 secs] [Times: user=0.01 sys=0.00, real=0.01 secs] 
2019-01-02T22:19:47.241+0900: 191833.816: [GC (Allocation Failure) [PSYoungGen: 60768K->288K(60928K)] 86574K->26094K(369664K), 0.0029145 secs] [Times: user=0.01 sys=0.00, real=0.00 secs] 
2019-01-02T22:20:35.044+0900: 191881.620: [GC (Allocation Failure) [PSYoungGen: 60704K->288K(60928K)] 86510K->26094K(369664K), 0.0028176 secs] [Times: user=0.01 sys=0.00, real=0.00 secs] 
2019-01-02T22:21:22.904+0900: 191929.480: [GC (Allocation Failure) [PSYoungGen: 60704K->288K(60928K)] 86510K->26094K(369664K), 0.0024343 secs] [Times: user=0.00 sys=0.01, real=0.00 secs] 
2019-01-02T22:22:10.431+0900: 191977.007: [GC (Allocation Failure) [PSYoungGen: 60704K->352K(60928K)] 86510K->26158K(369664K), 0.0029145 secs] [Times: user=0.00 sys=0.00, real=0.01 secs] 
2019-01-02T22:22:58.145+0900: 192024.721: [GC (Allocation Failure) [PSYoungGen: 60768K->320K(60928K)] 86574K->26134K(369664K), 0.0024435 secs] [Times: user=0.00 sys=0.01, real=0.00 secs] 
2019-01-02T22:23:45.949+0900: 192072.525: [GC (Allocation Failure) [PSYoungGen: 60736K->352K(60928K)] 86550K->26166K(369664K), 0.0023336 secs] [Times: user=0.01 sys=0.00, real=0.00 secs] 
2019-01-02T22:24:33.743+0900: 192120.318: [GC (Allocation Failure) [PSYoungGen: 60768K->352K(60928K)] 86582K->26166K(369664K), 0.0026741 secs] [Times: user=0.00 sys=0.01, real=0.01 secs] 
2019-01-02T22:25:21.189+0900: 192167.765: [GC (Allocation Failure) [PSYoungGen: 60768K->320K(60928K)] 86582K->26134K(369664K), 0.0030581 secs] [Times: user=0.01 sys=0.00, real=0.00 secs] 
2019-01-02T22:26:08.950+0900: 192215.526: [GC (Allocation Failure) [PSYoungGen: 60736K->320K(60928K)] 86550K->26134K(369664K), 0.0023627 secs] [Times: user=0.00 sys=0.00, real=0.00 secs] 
2019-01-02T22:26:56.820+0900: 192263.396: [GC (Allocation Failure) [PSYoungGen: 60736K->320K(60928K)] 86550K->26134K(369664K), 0.0025024 secs] [Times: user=0.00 sys=0.01, real=0.00 secs] 
2019-01-02T22:27:44.609+0900: 192311.185: [GC (Allocation Failure) [PSYoungGen: 60736K->352K(60928K)] 86550K->26166K(369664K), 0.0028864 secs] [Times: user=0.00 sys=0.01, real=0.00 secs] 
2019-01-02T22:28:32.046+0900: 192358.622: [GC (Allocation Failure) [PSYoungGen: 60768K->320K(60928K)] 86582K->26134K(369664K), 0.0029447 secs] [Times: user=0.01 sys=0.00, real=0.00 secs] 
2019-01-02T22:29:20.041+0900: 192406.617: [GC (Allocation Failure) [PSYoungGen: 60736K->352K(60928K)] 86550K->26166K(369664K), 0.0028439 secs] [Times: user=0.01 sys=0.00, real=0.01 secs] 
2019-01-02T22:30:07.600+0900: 192454.176: [GC (Allocation Failure) [PSYoungGen: 60768K->320K(60928K)] 86582K->26134K(369664K), 0.0028722 secs] [Times: user=0.00 sys=0.01, real=0.00 secs] 
2019-01-02T22:30:55.311+0900: 192501.887: [GC (Allocation Failure) [PSYoungGen: 60736K->256K(60928K)] 86550K->26070K(369664K), 0.0026626 secs] [Times: user=0.00 sys=0.01, real=0.01 secs] 
2019-01-02T22:31:42.825+0900: 192549.401: [GC (Allocation Failure) [PSYoungGen: 60672K->224K(60928K)] 86486K->26046K(369664K), 0.0029742 secs] [Times: user=0.02 sys=0.00, real=0.00 secs] 
2019-01-02T22:32:30.905+0900: 192597.480: [GC (Allocation Failure) [PSYoungGen: 60640K->352K(60928K)] 86462K->26174K(369664K), 0.0023420 secs] [Times: user=0.01 sys=0.01, real=0.00 secs] 
2019-01-02T22:33:18.190+0900: 192644.766: [GC (Allocation Failure) [PSYoungGen: 60768K->352K(60928K)] 86590K->26174K(369664K), 0.0027660 secs] [Times: user=0.01 sys=0.00, real=0.00 secs] 
2019-01-02T22:34:06.055+0900: 192692.631: [GC (Allocation Failure) [PSYoungGen: 60768K->288K(60928K)] 86590K->26110K(369664K), 0.0024387 secs] [Times: user=0.00 sys=0.01, real=0.00 secs] 
2019-01-02T22:34:53.548+0900: 192740.124: [GC (Allocation Failure) [PSYoungGen: 60704K->320K(60928K)] 86526K->26142K(369664K), 0.0025371 secs] [Times: user=0.00 sys=0.00, real=0.00 secs] 
2019-01-02T22:35:41.667+0900: 192788.243: [GC (Allocation Failure) [PSYoungGen: 60736K->288K(60928K)] 86558K->26110K(369664K), 0.0028062 secs] [Times: user=0.01 sys=0.01, real=0.00 secs] 
2019-01-02T22:36:29.469+0900: 192836.045: [GC (Allocation Failure) [PSYoungGen: 60704K->288K(60928K)] 86526K->26110K(369664K), 0.0028167 secs] [Times: user=0.00 sys=0.01, real=0.00 secs] 
2019-01-02T22:37:17.052+0900: 192883.628: [GC (Allocation Failure) [PSYoungGen: 60704K->320K(60928K)] 86526K->26142K(369664K), 0.0030239 secs] [Times: user=0.01 sys=0.01, real=0.01 secs] 
2019-01-02T22:38:04.686+0900: 192931.262: [GC (Allocation Failure) [PSYoungGen: 60736K->352K(60928K)] 86558K->26174K(369664K), 0.0026670 secs] [Times: user=0.01 sys=0.01, real=0.00 secs] 
2019-01-02T22:38:52.576+0900: 192979.152: [GC (Allocation Failure) [PSYoungGen: 60768K->320K(60928K)] 86590K->26142K(369664K), 0.0033077 secs] [Times: user=0.00 sys=0.02, real=0.00 secs] 
2019-01-02T22:39:40.477+0900: 193027.053: [GC (Allocation Failure) [PSYoungGen: 60736K->256K(60928K)] 86558K->26094K(369664K), 0.0030969 secs] [Times: user=0.01 sys=0.00, real=0.00 secs] 
2019-01-02T22:40:27.825+0900: 193074.401: [GC (Allocation Failure) [PSYoungGen: 60672K->320K(60928K)] 86510K->26158K(369664K), 0.0024867 secs] [Times: user=0.01 sys=0.00, real=0.00 secs] 
2019-01-02T22:41:15.539+0900: 193122.115: [GC (Allocation Failure) [PSYoungGen: 60736K->352K(60928K)] 86574K->26190K(369664K), 0.0027080 secs] [Times: user=0.01 sys=0.01, real=0.00 secs] 
2019-01-02T22:42:03.215+0900: 193169.791: [GC (Allocation Failure) [PSYoungGen: 60768K->288K(60928K)] 86606K->26126K(369664K), 0.0038369 secs] [Times: user=0.01 sys=0.00, real=0.00 secs] 
2019-01-02T22:42:51.057+0900: 193217.633: [GC (Allocation Failure) [PSYoungGen: 60704K->320K(60928K)] 86542K->26158K(369664K), 0.0028169 secs] [Times: user=0.02 sys=0.00, real=0.00 secs] 
2019-01-02T22:43:38.591+0900: 193265.167: [GC (Allocation Failure) [PSYoungGen: 60736K->320K(60928K)] 86574K->26158K(369664K), 0.0027925 secs] [Times: user=0.01 sys=0.01, real=0.01 secs] 
2019-01-02T22:44:26.493+0900: 193313.069: [GC (Allocation Failure) [PSYoungGen: 60736K->256K(60928K)] 86574K->26094K(369664K), 0.0024962 secs] [Times: user=0.01 sys=0.00, real=0.01 secs] 
2019-01-02T22:45:13.960+0900: 193360.536: [GC (Allocation Failure) [PSYoungGen: 60672K->352K(60928K)] 86510K->26198K(369664K), 0.0026866 secs] [Times: user=0.00 sys=0.01, real=0.00 secs] 
2019-01-02T22:46:01.827+0900: 193408.403: [GC (Allocation Failure) [PSYoungGen: 60768K->320K(60928K)] 86614K->26166K(369664K), 0.0024230 secs] [Times: user=0.00 sys=0.01, real=0.00 secs] 
2019-01-02T22:46:49.403+0900: 193455.979: [GC (Allocation Failure) [PSYoungGen: 60736K->320K(60928K)] 86582K->26166K(369664K), 0.0029279 secs] [Times: user=0.01 sys=0.00, real=0.01 secs] 
2019-01-02T22:47:37.356+0900: 193503.932: [GC (Allocation Failure) [PSYoungGen: 60736K->352K(60928K)] 86582K->26198K(369664K), 0.0026756 secs] [Times: user=0.00 sys=0.02, real=0.00 secs] 
2019-01-02T22:48:25.141+0900: 193551.717: [GC (Allocation Failure) [PSYoungGen: 60768K->320K(60928K)] 86614K->26166K(369664K), 0.0028680 secs] [Times: user=0.01 sys=0.00, real=0.01 secs] 
2019-01-02T22:49:12.973+0900: 193599.549: [GC (Allocation Failure) [PSYoungGen: 60736K->352K(60928K)] 86582K->26198K(369664K), 0.0027373 secs] [Times: user=0.00 sys=0.01, real=0.01 secs] 
2019-01-02T22:50:00.705+0900: 193647.281: [GC (Allocation Failure) [PSYoungGen: 60768K->320K(60928K)] 86614K->26166K(369664K), 0.0027064 secs] [Times: user=0.01 sys=0.00, real=0.00 secs] 
2019-01-02T22:50:48.463+0900: 193695.039: [GC (Allocation Failure) [PSYoungGen: 60736K->320K(60928K)] 86582K->26166K(369664K), 0.0029117 secs] [Times: user=0.01 sys=0.01, real=0.01 secs] 
2019-01-02T22:51:36.155+0900: 193742.731: [GC (Allocation Failure) [PSYoungGen: 60736K->320K(60928K)] 86582K->26174K(369664K), 0.0028050 secs] [Times: user=0.00 sys=0.01, real=0.00 secs] 
2019-01-02T22:52:23.815+0900: 193790.390: [GC (Allocation Failure) [PSYoungGen: 60736K->288K(60928K)] 86590K->26150K(369664K), 0.0029148 secs] [Times: user=0.01 sys=0.00, real=0.00 secs] 
2019-01-02T22:53:11.554+0900: 193838.130: [GC (Allocation Failure) [PSYoungGen: 60704K->352K(60928K)] 86566K->26214K(369664K), 0.0027835 secs] [Times: user=0.00 sys=0.01, real=0.00 secs] 
2019-01-02T22:53:59.103+0900: 193885.678: [GC (Allocation Failure) [PSYoungGen: 60768K->256K(60928K)] 86630K->26118K(369664K), 0.0027980 secs] [Times: user=0.01 sys=0.00, real=0.01 secs] 
2019-01-02T22:54:46.812+0900: 193933.388: [GC (Allocation Failure) [PSYoungGen: 60672K->352K(60928K)] 86534K->26230K(369664K), 0.0031053 secs] [Times: user=0.01 sys=0.01, real=0.01 secs] 
2019-01-02T22:55:34.529+0900: 193981.105: [GC (Allocation Failure) [PSYoungGen: 60768K->320K(60928K)] 86646K->26198K(369664K), 0.0027724 secs] [Times: user=0.01 sys=0.00, real=0.00 secs] 
2019-01-02T22:56:22.053+0900: 194028.629: [GC (Allocation Failure) [PSYoungGen: 60736K->352K(60928K)] 86614K->26230K(369664K), 0.0027076 secs] [Times: user=0.01 sys=0.01, real=0.01 secs] 
2019-01-02T22:57:09.904+0900: 194076.480: [GC (Allocation Failure) [PSYoungGen: 60768K->352K(60928K)] 86646K->26230K(369664K), 0.0030083 secs] [Times: user=0.01 sys=0.01, real=0.00 secs] 
2019-01-02T22:57:57.530+0900: 194124.106: [GC (Allocation Failure) [PSYoungGen: 60768K->320K(60928K)] 86646K->26198K(369664K), 0.0032224 secs] [Times: user=0.01 sys=0.00, real=0.00 secs] 
2019-01-02T22:58:45.289+0900: 194171.865: [GC (Allocation Failure) [PSYoungGen: 60736K->320K(60928K)] 86614K->26198K(369664K), 0.0026246 secs] [Times: user=0.00 sys=0.01, real=0.00 secs] 
2019-01-02T22:59:33.067+0900: 194219.642: [GC (Allocation Failure) [PSYoungGen: 60736K->320K(60928K)] 86614K->26198K(369664K), 0.0027923 secs] [Times: user=0.01 sys=0.02, real=0.00 secs] 
2019-01-02T23:00:20.669+0900: 194267.245: [GC (Allocation Failure) [PSYoungGen: 60736K->352K(60928K)] 86614K->26230K(369664K), 0.0031915 secs] [Times: user=0.01 sys=0.01, real=0.00 secs] 
2019-01-02T23:01:08.852+0900: 194315.428: [GC (Allocation Failure) [PSYoungGen: 60768K->352K(60928K)] 86646K->26254K(369664K), 0.0028909 secs] [Times: user=0.00 sys=0.01, real=0.01 secs] 
2019-01-02T23:01:56.625+0900: 194363.201: [GC (Allocation Failure) [PSYoungGen: 60768K->288K(60928K)] 86670K->26190K(369664K), 0.0028951 secs] [Times: user=0.01 sys=0.00, real=0.00 secs] 
2019-01-02T23:02:44.235+0900: 194410.811: [GC (Allocation Failure) [PSYoungGen: 60704K->320K(60928K)] 86606K->26222K(369664K), 0.0026600 secs] [Times: user=0.00 sys=0.01, real=0.00 secs] 
2019-01-02T23:03:31.473+0900: 194458.049: [GC (Allocation Failure) [PSYoungGen: 60736K->320K(60928K)] 86638K->26222K(369664K), 0.0024641 secs] [Times: user=0.01 sys=0.00, real=0.01 secs] 
2019-01-02T23:04:19.337+0900: 194505.913: [GC (Allocation Failure) [PSYoungGen: 60736K->352K(60928K)] 86638K->26254K(369664K), 0.0028697 secs] [Times: user=0.00 sys=0.01, real=0.00 secs] 
2019-01-02T23:05:07.147+0900: 194553.723: [GC (Allocation Failure) [PSYoungGen: 60768K->320K(60928K)] 86670K->26222K(369664K), 0.0027203 secs] [Times: user=0.01 sys=0.00, real=0.00 secs] 
2019-01-02T23:05:54.682+0900: 194601.258: [GC (Allocation Failure) [PSYoungGen: 60736K->256K(60928K)] 86638K->26158K(369664K), 0.0025145 secs] [Times: user=0.00 sys=0.00, real=0.01 secs] 
2019-01-02T23:06:42.173+0900: 194648.749: [GC (Allocation Failure) [PSYoungGen: 60672K->288K(60928K)] 86574K->26198K(369664K), 0.0026243 secs] [Times: user=0.01 sys=0.00, real=0.01 secs] 
2019-01-02T23:07:30.052+0900: 194696.628: [GC (Allocation Failure) [PSYoungGen: 60704K->352K(60928K)] 86614K->26270K(369664K), 0.0028941 secs] [Times: user=0.00 sys=0.01, real=0.01 secs] 
2019-01-02T23:08:17.729+0900: 194744.305: [GC (Allocation Failure) [PSYoungGen: 60768K->352K(60928K)] 86686K->26270K(369664K), 0.0027944 secs] [Times: user=0.00 sys=0.01, real=0.00 secs] 
2019-01-02T23:09:05.416+0900: 194791.991: [GC (Allocation Failure) [PSYoungGen: 60768K->320K(60928K)] 86686K->26238K(369664K), 0.0027902 secs] [Times: user=0.00 sys=0.01, real=0.00 secs] 
2019-01-02T23:09:53.060+0900: 194839.636: [GC (Allocation Failure) [PSYoungGen: 60736K->256K(60928K)] 86654K->26174K(369664K), 0.0025917 secs] [Times: user=0.00 sys=0.01, real=0.00 secs] 
2019-01-02T23:10:40.722+0900: 194887.298: [GC (Allocation Failure) [PSYoungGen: 60672K->320K(60928K)] 86590K->26238K(369664K), 0.0026568 secs] [Times: user=0.01 sys=0.00, real=0.01 secs] 
2019-01-02T23:11:28.418+0900: 194934.994: [GC (Allocation Failure) [PSYoungGen: 60736K->320K(60928K)] 86654K->26238K(369664K), 0.0027608 secs] [Times: user=0.00 sys=0.01, real=0.00 secs] 
2019-01-02T23:12:16.051+0900: 194982.627: [GC (Allocation Failure) [PSYoungGen: 60736K->288K(60928K)] 86654K->26206K(369664K), 0.0027934 secs] [Times: user=0.00 sys=0.01, real=0.01 secs] 
2019-01-02T23:13:03.874+0900: 195030.450: [GC (Allocation Failure) [PSYoungGen: 60704K->320K(60928K)] 86622K->26238K(369664K), 0.0030412 secs] [Times: user=0.00 sys=0.01, real=0.00 secs] 
2019-01-02T23:13:51.783+0900: 195078.359: [GC (Allocation Failure) [PSYoungGen: 60736K->352K(60928K)] 86654K->26270K(369664K), 0.0023964 secs] [Times: user=0.00 sys=0.01, real=0.01 secs] 
2019-01-02T23:14:39.539+0900: 195126.115: [GC (Allocation Failure) [PSYoungGen: 60768K->320K(60928K)] 86686K->26262K(369664K), 0.0028977 secs] [Times: user=0.01 sys=0.00, real=0.00 secs] 
2019-01-02T23:15:27.268+0900: 195173.844: [GC (Allocation Failure) [PSYoungGen: 60736K->352K(60928K)] 86678K->26310K(369664K), 0.0030338 secs] [Times: user=0.01 sys=0.00, real=0.00 secs] 
2019-01-02T23:16:14.744+0900: 195221.320: [GC (Allocation Failure) [PSYoungGen: 60768K->320K(60928K)] 86726K->26278K(369664K), 0.0029833 secs] [Times: user=0.01 sys=0.00, real=0.00 secs] 
2019-01-02T23:17:02.527+0900: 195269.103: [GC (Allocation Failure) [PSYoungGen: 60736K->320K(60928K)] 86694K->26278K(369664K), 0.0024144 secs] [Times: user=0.00 sys=0.01, real=0.00 secs] 
2019-01-02T23:17:50.312+0900: 195316.888: [GC (Allocation Failure) [PSYoungGen: 60736K->320K(60928K)] 86694K->26278K(369664K), 0.0024643 secs] [Times: user=0.01 sys=0.01, real=0.01 secs] 
2019-01-02T23:18:38.027+0900: 195364.603: [GC (Allocation Failure) [PSYoungGen: 60736K->320K(60928K)] 86694K->26278K(369664K), 0.0043921 secs] [Times: user=0.00 sys=0.02, real=0.00 secs] 
2019-01-02T23:19:25.609+0900: 195412.185: [GC (Allocation Failure) [PSYoungGen: 60736K->352K(60928K)] 86694K->26310K(369664K), 0.0029154 secs] [Times: user=0.00 sys=0.01, real=0.00 secs] 
2019-01-02T23:20:13.440+0900: 195460.016: [GC (Allocation Failure) [PSYoungGen: 60768K->288K(60928K)] 86726K->26246K(369664K), 0.0027339 secs] [Times: user=0.01 sys=0.00, real=0.00 secs] 
2019-01-02T23:21:01.065+0900: 195507.641: [GC (Allocation Failure) [PSYoungGen: 60704K->320K(60928K)] 86662K->26278K(369664K), 0.0030159 secs] [Times: user=0.00 sys=0.01, real=0.00 secs] 
2019-01-02T23:21:48.822+0900: 195555.398: [GC (Allocation Failure) [PSYoungGen: 60736K->288K(60928K)] 86694K->26246K(369664K), 0.0029301 secs] [Times: user=0.01 sys=0.00, real=0.01 secs] 
2019-01-02T23:22:36.543+0900: 195603.119: [GC (Allocation Failure) [PSYoungGen: 60704K->320K(60928K)] 86662K->26286K(369664K), 0.0025808 secs] [Times: user=0.01 sys=0.01, real=0.01 secs] 
2019-01-02T23:23:24.276+0900: 195650.852: [GC (Allocation Failure) [PSYoungGen: 60736K->320K(60928K)] 86702K->26286K(369664K), 0.0028081 secs] [Times: user=0.01 sys=0.01, real=0.00 secs] 
2019-01-02T23:24:12.055+0900: 195698.631: [GC (Allocation Failure) [PSYoungGen: 60736K->288K(60928K)] 86702K->26254K(369664K), 0.0023645 secs] [Times: user=0.01 sys=0.00, real=0.00 secs] 
2019-01-02T23:24:59.549+0900: 195746.125: [GC (Allocation Failure) [PSYoungGen: 60704K->352K(60928K)] 86670K->26326K(369664K), 0.0029030 secs] [Times: user=0.00 sys=0.01, real=0.00 secs] 
2019-01-02T23:25:47.646+0900: 195794.222: [GC (Allocation Failure) [PSYoungGen: 60768K->288K(60928K)] 86742K->26262K(369664K), 0.0027780 secs] [Times: user=0.01 sys=0.00, real=0.00 secs] 
2019-01-02T23:26:35.125+0900: 195841.701: [GC (Allocation Failure) [PSYoungGen: 60704K->288K(60928K)] 86678K->26262K(369664K), 0.0027401 secs] [Times: user=0.00 sys=0.01, real=0.00 secs] 
2019-01-02T23:27:22.880+0900: 195889.456: [GC (Allocation Failure) [PSYoungGen: 60704K->192K(60928K)] 86678K->26166K(369664K), 0.0027913 secs] [Times: user=0.01 sys=0.00, real=0.00 secs] 
2019-01-02T23:28:10.731+0900: 195937.307: [GC (Allocation Failure) [PSYoungGen: 60608K->320K(60928K)] 86582K->26294K(369664K), 0.0029291 secs] [Times: user=0.01 sys=0.00, real=0.01 secs] 
2019-01-02T23:28:58.511+0900: 195985.087: [GC (Allocation Failure) [PSYoungGen: 60736K->352K(60928K)] 86710K->26326K(369664K), 0.0027683 secs] [Times: user=0.01 sys=0.01, real=0.00 secs] 
2019-01-02T23:29:46.314+0900: 196032.889: [GC (Allocation Failure) [PSYoungGen: 60768K->352K(60928K)] 86742K->26326K(369664K), 0.0027603 secs] [Times: user=0.01 sys=0.00, real=0.01 secs] 
2019-01-02T23:30:33.887+0900: 196080.463: [GC (Allocation Failure) [PSYoungGen: 60768K->256K(60928K)] 86742K->26238K(369664K), 0.0031524 secs] [Times: user=0.01 sys=0.00, real=0.00 secs] 
2019-01-02T23:31:21.942+0900: 196128.518: [GC (Allocation Failure) [PSYoungGen: 60672K->352K(60928K)] 86654K->26334K(369664K), 0.0028731 secs] [Times: user=0.00 sys=0.01, real=0.01 secs] 
2019-01-02T23:32:09.579+0900: 196176.155: [GC (Allocation Failure) [PSYoungGen: 60768K->352K(60928K)] 86750K->26350K(369664K), 0.0027691 secs] [Times: user=0.01 sys=0.00, real=0.00 secs] 
2019-01-02T23:32:57.353+0900: 196223.929: [GC (Allocation Failure) [PSYoungGen: 60768K->352K(60928K)] 86766K->26350K(369664K), 0.0029885 secs] [Times: user=0.01 sys=0.00, real=0.01 secs] 
2019-01-02T23:33:44.885+0900: 196271.461: [GC (Allocation Failure) [PSYoungGen: 60768K->352K(60928K)] 86766K->26350K(369664K), 0.0028439 secs] [Times: user=0.00 sys=0.02, real=0.00 secs] 
2019-01-02T23:34:32.822+0900: 196319.398: [GC (Allocation Failure) [PSYoungGen: 60768K->288K(60928K)] 86766K->26286K(369664K), 0.0032098 secs] [Times: user=0.01 sys=0.01, real=0.01 secs] 
2019-01-02T23:35:20.762+0900: 196367.338: [GC (Allocation Failure) [PSYoungGen: 60704K->288K(60928K)] 86702K->26286K(369664K), 0.0028906 secs] [Times: user=0.01 sys=0.00, real=0.01 secs] 
2019-01-02T23:36:08.203+0900: 196414.779: [GC (Allocation Failure) [PSYoungGen: 60704K->320K(60928K)] 86702K->26318K(369664K), 0.0030830 secs] [Times: user=0.00 sys=0.02, real=0.01 secs] 
2019-01-02T23:36:56.029+0900: 196462.605: [GC (Allocation Failure) [PSYoungGen: 60736K->320K(60928K)] 86734K->26318K(369664K), 0.0024946 secs] [Times: user=0.00 sys=0.01, real=0.00 secs] 
2019-01-02T23:37:43.780+0900: 196510.356: [GC (Allocation Failure) [PSYoungGen: 60736K->352K(60928K)] 86734K->26374K(369664K), 0.0024873 secs] [Times: user=0.01 sys=0.00, real=0.00 secs] 
2019-01-02T23:38:31.337+0900: 196557.913: [GC (Allocation Failure) [PSYoungGen: 60768K->352K(60928K)] 86790K->26374K(369664K), 0.0028740 secs] [Times: user=0.00 sys=0.01, real=0.00 secs] 
2019-01-02T23:39:19.213+0900: 196605.789: [GC (Allocation Failure) [PSYoungGen: 60768K->288K(60928K)] 86790K->26342K(369664K), 0.0028413 secs] [Times: user=0.00 sys=0.01, real=0.01 secs] 
2019-01-02T23:40:07.134+0900: 196653.710: [GC (Allocation Failure) [PSYoungGen: 60704K->256K(60928K)] 86758K->26310K(369664K), 0.0027037 secs] [Times: user=0.00 sys=0.01, real=0.00 secs] 
2019-01-02T23:40:54.332+0900: 196700.908: [GC (Allocation Failure) [PSYoungGen: 60672K->288K(60928K)] 86726K->26342K(369664K), 0.0027814 secs] [Times: user=0.01 sys=0.01, real=0.01 secs] 
2019-01-02T23:41:42.372+0900: 196748.947: [GC (Allocation Failure) [PSYoungGen: 60704K->320K(60928K)] 86758K->26382K(369664K), 0.0025105 secs] [Times: user=0.01 sys=0.00, real=0.01 secs] 
2019-01-02T23:42:30.238+0900: 196796.813: [GC (Allocation Failure) [PSYoungGen: 60736K->320K(60928K)] 86798K->26382K(369664K), 0.0026756 secs] [Times: user=0.00 sys=0.01, real=0.00 secs] 
2019-01-02T23:43:17.948+0900: 196844.524: [GC (Allocation Failure) [PSYoungGen: 60736K->352K(60928K)] 86798K->26414K(369664K), 0.0025791 secs] [Times: user=0.01 sys=0.00, real=0.00 secs] 
2019-01-02T23:44:05.959+0900: 196892.535: [GC (Allocation Failure) [PSYoungGen: 60768K->288K(60928K)] 86830K->26350K(369664K), 0.0028758 secs] [Times: user=0.00 sys=0.01, real=0.00 secs] 
2019-01-02T23:44:53.515+0900: 196940.091: [GC (Allocation Failure) [PSYoungGen: 60704K->320K(60928K)] 86766K->26414K(369664K), 0.0029398 secs] [Times: user=0.00 sys=0.01, real=0.00 secs] 
2019-01-02T23:45:41.179+0900: 196987.755: [GC (Allocation Failure) [PSYoungGen: 60736K->352K(60928K)] 86830K->26454K(369664K), 0.0028297 secs] [Times: user=0.00 sys=0.01, real=0.00 secs] 
2019-01-02T23:46:28.653+0900: 197035.229: [GC (Allocation Failure) [PSYoungGen: 60768K->288K(60928K)] 86870K->26390K(369664K), 0.0027320 secs] [Times: user=0.00 sys=0.00, real=0.01 secs] 
2019-01-02T23:47:16.659+0900: 197083.235: [GC (Allocation Failure) [PSYoungGen: 60704K->352K(60928K)] 86806K->26454K(369664K), 0.0026868 secs] [Times: user=0.00 sys=0.01, real=0.00 secs] 
2019-01-02T23:48:04.395+0900: 197130.971: [GC (Allocation Failure) [PSYoungGen: 60768K->288K(60928K)] 86870K->26390K(369664K), 0.0033337 secs] [Times: user=0.00 sys=0.01, real=0.00 secs] 
2019-01-02T23:48:52.226+0900: 197178.801: [GC (Allocation Failure) [PSYoungGen: 60704K->320K(60928K)] 86806K->26422K(369664K), 0.0028389 secs] [Times: user=0.01 sys=0.02, real=0.00 secs] 
2019-01-02T23:49:40.088+0900: 197226.664: [GC (Allocation Failure) [PSYoungGen: 60736K->288K(60928K)] 86838K->26398K(369664K), 0.0028281 secs] [Times: user=0.01 sys=0.00, real=0.00 secs] 
2019-01-02T23:50:27.797+0900: 197274.373: [GC (Allocation Failure) [PSYoungGen: 60704K->352K(60928K)] 86814K->26462K(369664K), 0.0029268 secs] [Times: user=0.01 sys=0.00, real=0.00 secs] 
2019-01-02T23:51:15.479+0900: 197322.055: [GC (Allocation Failure) [PSYoungGen: 60768K->352K(60928K)] 86878K->26462K(369664K), 0.0027093 secs] [Times: user=0.00 sys=0.01, real=0.00 secs] 
2019-01-02T23:52:02.969+0900: 197369.545: [GC (Allocation Failure) [PSYoungGen: 60768K->352K(60928K)] 86878K->26462K(369664K), 0.0028284 secs] [Times: user=0.01 sys=0.00, real=0.00 secs] 
2019-01-02T23:52:51.051+0900: 197417.627: [GC (Allocation Failure) [PSYoungGen: 60768K->320K(60928K)] 86878K->26462K(369664K), 0.0029165 secs] [Times: user=0.00 sys=0.01, real=0.01 secs] 
2019-01-02T23:53:38.964+0900: 197465.540: [GC (Allocation Failure) [PSYoungGen: 60736K->320K(60928K)] 86878K->26462K(369664K), 0.0028245 secs] [Times: user=0.01 sys=0.01, real=0.00 secs] 
2019-01-02T23:54:26.543+0900: 197513.119: [GC (Allocation Failure) [PSYoungGen: 60736K->192K(60928K)] 86878K->26334K(369664K), 0.0028728 secs] [Times: user=0.00 sys=0.01, real=0.01 secs] 
2019-01-02T23:55:14.264+0900: 197560.840: [GC (Allocation Failure) [PSYoungGen: 60608K->288K(60928K)] 86750K->26430K(369664K), 0.0023861 secs] [Times: user=0.00 sys=0.00, real=0.00 secs] 
2019-01-02T23:56:02.064+0900: 197608.640: [GC (Allocation Failure) [PSYoungGen: 60704K->288K(60928K)] 86846K->26430K(369664K), 0.0027437 secs] [Times: user=0.01 sys=0.00, real=0.00 secs] 
2019-01-02T23:56:49.827+0900: 197656.403: [GC (Allocation Failure) [PSYoungGen: 60704K->352K(60928K)] 86846K->26494K(369664K), 0.0028442 secs] [Times: user=0.01 sys=0.00, real=0.00 secs] 
2019-01-02T23:57:37.369+0900: 197703.945: [GC (Allocation Failure) [PSYoungGen: 60768K->352K(60928K)] 86910K->26494K(369664K), 0.0030533 secs] [Times: user=0.02 sys=0.00, real=0.00 secs] 
2019-01-02T23:58:25.312+0900: 197751.888: [GC (Allocation Failure) [PSYoungGen: 60768K->256K(60928K)] 86910K->26398K(369664K), 0.0029648 secs] [Times: user=0.00 sys=0.00, real=0.01 secs] 
2019-01-02T23:59:12.664+0900: 197799.240: [GC (Allocation Failure) [PSYoungGen: 60672K->256K(60928K)] 86814K->26398K(369664K), 0.0028718 secs] [Times: user=0.01 sys=0.00, real=0.00 secs] 
2019-01-03T00:00:00.305+0900: 197846.881: [GC (Allocation Failure) [PSYoungGen: 60672K->352K(60928K)] 86814K->26494K(369664K), 0.0028528 secs] [Times: user=0.01 sys=0.01, real=0.00 secs] 
2019-01-03T00:00:48.043+0900: 197894.619: [GC (Allocation Failure) [PSYoungGen: 60768K->352K(60928K)] 86910K->26494K(369664K), 0.0026367 secs] [Times: user=0.01 sys=0.00, real=0.01 secs] 
2019-01-03T00:01:35.850+0900: 197942.426: [GC (Allocation Failure) [PSYoungGen: 60768K->320K(60928K)] 86910K->26462K(369664K), 0.0027712 secs] [Times: user=0.00 sys=0.01, real=0.00 secs] 
2019-01-03T00:02:23.428+0900: 197990.004: [GC (Allocation Failure) [PSYoungGen: 60736K->352K(60928K)] 86878K->26494K(369664K), 0.0034002 secs] [Times: user=0.02 sys=0.00, real=0.00 secs] 
2019-01-03T00:03:11.203+0900: 198037.779: [GC (Allocation Failure) [PSYoungGen: 60768K->352K(60928K)] 86910K->26494K(369664K), 0.0028699 secs] [Times: user=0.01 sys=0.01, real=0.01 secs] 
2019-01-03T00:03:58.841+0900: 198085.417: [GC (Allocation Failure) [PSYoungGen: 60768K->288K(60928K)] 86910K->26430K(369664K), 0.0027810 secs] [Times: user=0.01 sys=0.00, real=0.01 secs] 
2019-01-03T00:04:46.630+0900: 198133.206: [GC (Allocation Failure) [PSYoungGen: 60704K->352K(60928K)] 86846K->26494K(369664K), 0.0032064 secs] [Times: user=0.00 sys=0.01, real=0.00 secs] 
2019-01-03T00:05:34.293+0900: 198180.869: [GC (Allocation Failure) [PSYoungGen: 60768K->352K(60928K)] 86910K->26494K(369664K), 0.0031213 secs] [Times: user=0.01 sys=0.01, real=0.01 secs] 
2019-01-03T00:06:22.316+0900: 198228.892: [GC (Allocation Failure) [PSYoungGen: 60768K->288K(60928K)] 86910K->26430K(369664K), 0.0031882 secs] [Times: user=0.02 sys=0.00, real=0.00 secs] 
2019-01-03T00:07:09.581+0900: 198276.157: [GC (Allocation Failure) [PSYoungGen: 60704K->256K(60928K)] 86846K->26398K(369664K), 0.0028468 secs] [Times: user=0.00 sys=0.01, real=0.01 secs] 
2019-01-03T00:07:57.732+0900: 198324.308: [GC (Allocation Failure) [PSYoungGen: 60672K->320K(60928K)] 86814K->26462K(369664K), 0.0023174 secs] [Times: user=0.01 sys=0.01, real=0.01 secs] 
2019-01-03T00:08:45.341+0900: 198371.917: [GC (Allocation Failure) [PSYoungGen: 60736K->352K(60928K)] 86878K->26502K(369664K), 0.0028090 secs] [Times: user=0.00 sys=0.01, real=0.01 secs] 
2019-01-03T00:09:33.118+0900: 198419.694: [GC (Allocation Failure) [PSYoungGen: 60768K->320K(60928K)] 86918K->26470K(369664K), 0.0026704 secs] [Times: user=0.00 sys=0.01, real=0.00 secs] 
2019-01-03T00:10:21.092+0900: 198467.668: [GC (Allocation Failure) [PSYoungGen: 60736K->320K(60928K)] 86886K->26470K(369664K), 0.0024726 secs] [Times: user=0.01 sys=0.00, real=0.01 secs] 
2019-01-03T00:11:08.500+0900: 198515.076: [GC (Allocation Failure) [PSYoungGen: 60736K->352K(60928K)] 86886K->26502K(369664K), 0.0023855 secs] [Times: user=0.00 sys=0.01, real=0.00 secs] 
2019-01-03T00:11:56.223+0900: 198562.799: [GC (Allocation Failure) [PSYoungGen: 60768K->352K(60928K)] 86918K->26502K(369664K), 0.0028501 secs] [Times: user=0.01 sys=0.00, real=0.01 secs] 
2019-01-03T00:12:44.004+0900: 198610.580: [GC (Allocation Failure) [PSYoungGen: 60768K->288K(60928K)] 86918K->26438K(369664K), 0.0024426 secs] [Times: user=0.01 sys=0.01, real=0.00 secs] 
2019-01-03T00:13:32.096+0900: 198658.672: [GC (Allocation Failure) [PSYoungGen: 60704K->288K(60928K)] 86854K->26446K(369664K), 0.0024009 secs] [Times: user=0.00 sys=0.01, real=0.00 secs] 
2019-01-03T00:14:19.539+0900: 198706.115: [GC (Allocation Failure) [PSYoungGen: 60704K->320K(60928K)] 86862K->26486K(369664K), 0.0023655 secs] [Times: user=0.00 sys=0.01, real=0.00 secs] 
2019-01-03T00:15:07.314+0900: 198753.890: [GC (Allocation Failure) [PSYoungGen: 60736K->352K(60928K)] 86902K->26534K(369664K), 0.0027152 secs] [Times: user=0.00 sys=0.01, real=0.00 secs] 
2019-01-03T00:15:54.709+0900: 198801.285: [GC (Allocation Failure) [PSYoungGen: 60768K->320K(60928K)] 86950K->26502K(369664K), 0.0029372 secs] [Times: user=0.01 sys=0.00, real=0.00 secs] 
2019-01-03T00:16:42.515+0900: 198849.091: [GC (Allocation Failure) [PSYoungGen: 60736K->192K(60928K)] 86918K->26374K(369664K), 0.0029678 secs] [Times: user=0.01 sys=0.00, real=0.00 secs] 
2019-01-03T00:17:30.285+0900: 198896.861: [GC (Allocation Failure) [PSYoungGen: 60608K->288K(60928K)] 86790K->26470K(369664K), 0.0028009 secs] [Times: user=0.01 sys=0.01, real=0.00 secs] 
2019-01-03T00:18:18.227+0900: 198944.802: [GC (Allocation Failure) [PSYoungGen: 60704K->352K(60928K)] 86886K->26534K(369664K), 0.0023464 secs] [Times: user=0.00 sys=0.01, real=0.00 secs] 
2019-01-03T00:19:05.563+0900: 198992.139: [GC (Allocation Failure) [PSYoungGen: 60768K->320K(60928K)] 86950K->26502K(369664K), 0.0028184 secs] [Times: user=0.01 sys=0.01, real=0.01 secs] 
2019-01-03T00:19:53.742+0900: 199040.318: [GC (Allocation Failure) [PSYoungGen: 60736K->320K(60928K)] 86918K->26518K(369664K), 0.0028604 secs] [Times: user=0.00 sys=0.02, real=0.01 secs] 
2019-01-03T00:20:41.450+0900: 199088.026: [GC (Allocation Failure) [PSYoungGen: 60736K->320K(60928K)] 86934K->26518K(369664K), 0.0027603 secs] [Times: user=0.02 sys=0.00, real=0.00 secs] 
2019-01-03T00:21:29.161+0900: 199135.737: [GC (Allocation Failure) [PSYoungGen: 60736K->352K(60928K)] 86934K->26550K(369664K), 0.0026948 secs] [Times: user=0.00 sys=0.01, real=0.01 secs] 
2019-01-03T00:22:17.060+0900: 199183.635: [GC (Allocation Failure) [PSYoungGen: 60768K->352K(60928K)] 86966K->26550K(369664K), 0.0028162 secs] [Times: user=0.00 sys=0.01, real=0.00 secs] 
2019-01-03T00:23:04.506+0900: 199231.082: [GC (Allocation Failure) [PSYoungGen: 60768K->288K(60928K)] 86966K->26510K(369664K), 0.0026969 secs] [Times: user=0.01 sys=0.00, real=0.00 secs] 
2019-01-03T00:23:52.076+0900: 199278.651: [GC (Allocation Failure) [PSYoungGen: 60704K->320K(60928K)] 86926K->26542K(369664K), 0.0028594 secs] [Times: user=0.00 sys=0.01, real=0.00 secs] 
2019-01-03T00:24:39.917+0900: 199326.493: [GC (Allocation Failure) [PSYoungGen: 60736K->224K(60928K)] 86958K->26446K(369664K), 0.0029966 secs] [Times: user=0.01 sys=0.00, real=0.00 secs] 
2019-01-03T00:25:27.772+0900: 199374.348: [GC (Allocation Failure) [PSYoungGen: 60640K->256K(60928K)] 86862K->26478K(369664K), 0.0024167 secs] [Times: user=0.01 sys=0.00, real=0.01 secs] 
2019-01-03T00:26:15.550+0900: 199422.126: [GC (Allocation Failure) [PSYoungGen: 60672K->320K(60928K)] 86894K->26542K(369664K), 0.0023928 secs] [Times: user=0.02 sys=0.00, real=0.00 secs] 
2019-01-03T00:27:03.102+0900: 199469.678: [GC (Allocation Failure) [PSYoungGen: 60736K->288K(60928K)] 86958K->26510K(369664K), 0.0029185 secs] [Times: user=0.00 sys=0.01, real=0.01 secs] 
2019-01-03T00:27:51.091+0900: 199517.667: [GC (Allocation Failure) [PSYoungGen: 60704K->224K(60928K)] 86926K->26446K(369664K), 0.0024939 secs] [Times: user=0.01 sys=0.00, real=0.00 secs] 
2019-01-03T00:28:38.824+0900: 199565.400: [GC (Allocation Failure) [PSYoungGen: 60640K->352K(60928K)] 86862K->26574K(369664K), 0.0028095 secs] [Times: user=0.00 sys=0.01, real=0.00 secs] 
2019-01-03T00:29:26.585+0900: 199613.161: [GC (Allocation Failure) [PSYoungGen: 60768K->288K(60928K)] 86990K->26510K(369664K), 0.0028395 secs] [Times: user=0.01 sys=0.00, real=0.00 secs] 
2019-01-03T00:30:14.463+0900: 199661.039: [GC (Allocation Failure) [PSYoungGen: 60704K->320K(60928K)] 86926K->26542K(369664K), 0.0028617 secs] [Times: user=0.00 sys=0.01, real=0.01 secs] 
2019-01-03T00:31:02.391+0900: 199708.967: [GC (Allocation Failure) [PSYoungGen: 60736K->352K(60928K)] 86958K->26574K(369664K), 0.0025826 secs] [Times: user=0.00 sys=0.01, real=0.00 secs] 
2019-01-03T00:31:50.342+0900: 199756.918: [GC (Allocation Failure) [PSYoungGen: 60768K->256K(60928K)] 86990K->26478K(369664K), 0.0027912 secs] [Times: user=0.00 sys=0.01, real=0.01 secs] 
2019-01-03T00:32:37.789+0900: 199804.365: [GC (Allocation Failure) [PSYoungGen: 60672K->352K(60928K)] 86894K->26574K(369664K), 0.0027493 secs] [Times: user=0.00 sys=0.01, real=0.00 secs] 
2019-01-03T00:33:25.512+0900: 199852.088: [GC (Allocation Failure) [PSYoungGen: 60768K->256K(60928K)] 86990K->26478K(369664K), 0.0027205 secs] [Times: user=0.00 sys=0.01, real=0.01 secs] 
2019-01-03T00:34:13.251+0900: 199899.827: [GC (Allocation Failure) [PSYoungGen: 60672K->320K(60928K)] 86894K->26542K(369664K), 0.0024518 secs] [Times: user=0.00 sys=0.01, real=0.01 secs] 
2019-01-03T00:35:00.772+0900: 199947.348: [GC (Allocation Failure) [PSYoungGen: 60736K->288K(60928K)] 86958K->26510K(369664K), 0.0027578 secs] [Times: user=0.01 sys=0.00, real=0.01 secs] 
2019-01-03T00:35:48.669+0900: 199995.245: [GC (Allocation Failure) [PSYoungGen: 60704K->352K(60928K)] 86926K->26574K(369664K), 0.0028746 secs] [Times: user=0.00 sys=0.01, real=0.00 secs] 
2019-01-03T00:36:36.558+0900: 200043.133: [GC (Allocation Failure) [PSYoungGen: 60768K->352K(60928K)] 86990K->26574K(369664K), 0.0029276 secs] [Times: user=0.01 sys=0.00, real=0.00 secs] 
2019-01-03T00:37:24.124+0900: 200090.700: [GC (Allocation Failure) [PSYoungGen: 60768K->256K(60928K)] 86990K->26478K(369664K), 0.0026364 secs] [Times: user=0.01 sys=0.01, real=0.00 secs] 
2019-01-03T00:38:12.104+0900: 200138.680: [GC (Allocation Failure) [PSYoungGen: 60672K->352K(60928K)] 86894K->26574K(369664K), 0.0025434 secs] [Times: user=0.00 sys=0.00, real=0.00 secs] 
2019-01-03T00:38:59.613+0900: 200186.189: [GC (Allocation Failure) [PSYoungGen: 60768K->320K(60928K)] 86990K->26542K(369664K), 0.0028339 secs] [Times: user=0.00 sys=0.01, real=0.01 secs] 
2019-01-03T00:39:47.502+0900: 200234.078: [GC (Allocation Failure) [PSYoungGen: 60736K->288K(60928K)] 86958K->26510K(369664K), 0.0027743 secs] [Times: user=0.01 sys=0.00, real=0.01 secs] 
2019-01-03T00:40:35.048+0900: 200281.624: [GC (Allocation Failure) [PSYoungGen: 60704K->352K(60928K)] 86926K->26574K(369664K), 0.0028417 secs] [Times: user=0.00 sys=0.01, real=0.00 secs] 
2019-01-03T00:41:22.886+0900: 200329.462: [GC (Allocation Failure) [PSYoungGen: 60768K->320K(60928K)] 86990K->26542K(369664K), 0.0023605 secs] [Times: user=0.00 sys=0.01, real=0.00 secs] 
2019-01-03T00:42:10.870+0900: 200377.446: [GC (Allocation Failure) [PSYoungGen: 60736K->224K(60928K)] 86958K->26446K(369664K), 0.0026435 secs] [Times: user=0.00 sys=0.01, real=0.00 secs] 
2019-01-03T00:42:58.455+0900: 200425.031: [GC (Allocation Failure) [PSYoungGen: 60640K->352K(60928K)] 86862K->26574K(369664K), 0.0027396 secs] [Times: user=0.01 sys=0.00, real=0.00 secs] 
2019-01-03T00:43:46.463+0900: 200473.039: [GC (Allocation Failure) [PSYoungGen: 60768K->352K(60928K)] 86990K->26574K(369664K), 0.0027527 secs] [Times: user=0.00 sys=0.01, real=0.01 secs] 
2019-01-03T00:44:34.522+0900: 200521.098: [GC (Allocation Failure) [PSYoungGen: 60768K->320K(60928K)] 86990K->26550K(369664K), 0.0028435 secs] [Times: user=0.01 sys=0.00, real=0.01 secs] 
2019-01-03T00:45:21.847+0900: 200568.423: [GC (Allocation Failure) [PSYoungGen: 60736K->288K(60928K)] 86966K->26526K(369664K), 0.0028444 secs] [Times: user=0.01 sys=0.00, real=0.00 secs] 
2019-01-03T00:46:09.631+0900: 200616.207: [GC (Allocation Failure) [PSYoungGen: 60704K->320K(60928K)] 86942K->26558K(369664K), 0.0024980 secs] [Times: user=0.00 sys=0.01, real=0.01 secs] 
2019-01-03T00:46:57.310+0900: 200663.886: [GC (Allocation Failure) [PSYoungGen: 60736K->288K(60928K)] 86974K->26534K(369664K), 0.0028164 secs] [Times: user=0.00 sys=0.01, real=0.00 secs] 
2019-01-03T00:47:45.192+0900: 200711.768: [GC (Allocation Failure) [PSYoungGen: 60704K->256K(60928K)] 86950K->26502K(369664K), 0.0028538 secs] [Times: user=0.01 sys=0.00, real=0.01 secs] 
2019-01-03T00:48:32.667+0900: 200759.243: [GC (Allocation Failure) [PSYoungGen: 60672K->320K(60928K)] 86918K->26566K(369664K), 0.0031672 secs] [Times: user=0.00 sys=0.01, real=0.00 secs] 
2019-01-03T00:49:20.797+0900: 200807.373: [GC (Allocation Failure) [PSYoungGen: 60736K->352K(60928K)] 86982K->26598K(369664K), 0.0026937 secs] [Times: user=0.00 sys=0.01, real=0.00 secs] 
2019-01-03T00:50:08.996+0900: 200855.572: [GC (Allocation Failure) [PSYoungGen: 60768K->256K(60928K)] 87014K->26502K(369664K), 0.0027316 secs] [Times: user=0.01 sys=0.00, real=0.00 secs] 
2019-01-03T00:50:56.204+0900: 200902.780: [GC (Allocation Failure) [PSYoungGen: 60672K->352K(60928K)] 86918K->26598K(369664K), 0.0028386 secs] [Times: user=0.00 sys=0.01, real=0.00 secs] 
2019-01-03T00:51:44.169+0900: 200950.745: [GC (Allocation Failure) [PSYoungGen: 60768K->352K(60928K)] 87014K->26598K(369664K), 0.0025152 secs] [Times: user=0.01 sys=0.00, real=0.00 secs] 
2019-01-03T00:52:31.960+0900: 200998.536: [GC (Allocation Failure) [PSYoungGen: 60768K->352K(60928K)] 87014K->26614K(369664K), 0.0028227 secs] [Times: user=0.00 sys=0.02, real=0.00 secs] 
2019-01-03T00:53:19.784+0900: 201046.360: [GC (Allocation Failure) [PSYoungGen: 60768K->352K(60928K)] 87030K->26622K(369664K), 0.0024578 secs] [Times: user=0.00 sys=0.01, real=0.00 secs] 
2019-01-03T00:54:07.522+0900: 201094.098: [GC (Allocation Failure) [PSYoungGen: 60768K->288K(60928K)] 87038K->26558K(369664K), 0.0027895 secs] [Times: user=0.00 sys=0.01, real=0.01 secs] 
2019-01-03T00:54:55.222+0900: 201141.797: [GC (Allocation Failure) [PSYoungGen: 60704K->256K(60928K)] 86974K->26526K(369664K), 0.0028653 secs] [Times: user=0.00 sys=0.01, real=0.01 secs] 
2019-01-03T00:55:42.862+0900: 201189.438: [GC (Allocation Failure) [PSYoungGen: 60672K->352K(60928K)] 86942K->26622K(369664K), 0.0028975 secs] [Times: user=0.01 sys=0.00, real=0.01 secs] 
2019-01-03T00:56:30.704+0900: 201237.280: [GC (Allocation Failure) [PSYoungGen: 60768K->352K(60928K)] 87038K->26622K(369664K), 0.0029014 secs] [Times: user=0.00 sys=0.01, real=0.00 secs] 
2019-01-03T00:57:18.726+0900: 201285.302: [GC (Allocation Failure) [PSYoungGen: 60768K->288K(60928K)] 87038K->26558K(369664K), 0.0025578 secs] [Times: user=0.01 sys=0.00, real=0.00 secs] 
2019-01-03T00:58:06.478+0900: 201333.054: [GC (Allocation Failure) [PSYoungGen: 60704K->352K(60928K)] 86974K->26622K(369664K), 0.0029027 secs] [Times: user=0.01 sys=0.00, real=0.00 secs] 
2019-01-03T00:58:54.113+0900: 201380.689: [GC (Allocation Failure) [PSYoungGen: 60768K->320K(60928K)] 87038K->26590K(369664K), 0.0024508 secs] [Times: user=0.01 sys=0.00, real=0.01 secs] 
2019-01-03T00:59:42.117+0900: 201428.693: [GC (Allocation Failure) [PSYoungGen: 60736K->320K(60928K)] 87006K->26590K(369664K), 0.0026515 secs] [Times: user=0.02 sys=0.00, real=0.00 secs] 
2019-01-03T01:00:29.840+0900: 201476.416: [GC (Allocation Failure) [PSYoungGen: 60736K->320K(60928K)] 87006K->26590K(369664K), 0.0026892 secs] [Times: user=0.00 sys=0.01, real=0.00 secs] 
2019-01-03T01:01:17.553+0900: 201524.129: [GC (Allocation Failure) [PSYoungGen: 60736K->320K(60928K)] 87006K->26590K(369664K), 0.0028669 secs] [Times: user=0.00 sys=0.01, real=0.01 secs] 
2019-01-03T01:02:04.964+0900: 201571.540: [GC (Allocation Failure) [PSYoungGen: 60736K->352K(60928K)] 87006K->26638K(369664K), 0.0027980 secs] [Times: user=0.01 sys=0.01, real=0.00 secs] 
2019-01-03T01:02:52.798+0900: 201619.373: [GC (Allocation Failure) [PSYoungGen: 60768K->288K(60928K)] 87054K->26574K(369664K), 0.0030078 secs] [Times: user=0.00 sys=0.01, real=0.00 secs] 
2019-01-03T01:03:40.553+0900: 201667.129: [GC (Allocation Failure) [PSYoungGen: 60704K->352K(60928K)] 86990K->26638K(369664K), 0.0031087 secs] [Times: user=0.01 sys=0.01, real=0.01 secs] 
2019-01-03T01:04:28.536+0900: 201715.112: [GC (Allocation Failure) [PSYoungGen: 60768K->320K(60928K)] 87054K->26606K(369664K), 0.0024511 secs] [Times: user=0.01 sys=0.00, real=0.00 secs] 
2019-01-03T01:05:16.466+0900: 201763.042: [GC (Allocation Failure) [PSYoungGen: 60736K->352K(60928K)] 87022K->26638K(369664K), 0.0028443 secs] [Times: user=0.01 sys=0.00, real=0.00 secs] 
2019-01-03T01:06:03.921+0900: 201810.496: [GC (Allocation Failure) [PSYoungGen: 60768K->352K(60928K)] 87054K->26654K(369664K), 0.0027426 secs] [Times: user=0.00 sys=0.01, real=0.00 secs] 
2019-01-03T01:06:51.629+0900: 201858.205: [GC (Allocation Failure) [PSYoungGen: 60768K->256K(60928K)] 87070K->26558K(369664K), 0.0028850 secs] [Times: user=0.00 sys=0.01, real=0.00 secs] 
2019-01-03T01:07:39.558+0900: 201906.134: [GC (Allocation Failure) [PSYoungGen: 60672K->352K(60928K)] 86974K->26654K(369664K), 0.0024980 secs] [Times: user=0.00 sys=0.01, real=0.00 secs] 
2019-01-03T01:08:27.432+0900: 201954.008: [GC (Allocation Failure) [PSYoungGen: 60768K->256K(60928K)] 87070K->26558K(369664K), 0.0025991 secs] [Times: user=0.00 sys=0.01, real=0.01 secs] 
2019-01-03T01:09:15.120+0900: 202001.696: [GC (Allocation Failure) [PSYoungGen: 60672K->288K(60928K)] 86974K->26590K(369664K), 0.0026518 secs] [Times: user=0.01 sys=0.01, real=0.00 secs] 
2019-01-03T01:10:02.795+0900: 202049.371: [GC (Allocation Failure) [PSYoungGen: 60704K->320K(60928K)] 87006K->26622K(369664K), 0.0028026 secs] [Times: user=0.01 sys=0.01, real=0.00 secs] 
2019-01-03T01:10:50.722+0900: 202097.298: [GC (Allocation Failure) [PSYoungGen: 60736K->288K(60928K)] 87038K->26590K(369664K), 0.0029508 secs] [Times: user=0.00 sys=0.01, real=0.01 secs] 
2019-01-03T01:11:38.304+0900: 202144.880: [GC (Allocation Failure) [PSYoungGen: 60704K->352K(60928K)] 87006K->26654K(369664K), 0.0027418 secs] [Times: user=0.01 sys=0.01, real=0.00 secs] 
2019-01-03T01:12:25.934+0900: 202192.510: [GC (Allocation Failure) [PSYoungGen: 60768K->352K(60928K)] 87070K->26662K(369664K), 0.0027840 secs] [Times: user=0.00 sys=0.01, real=0.00 secs] 
2019-01-03T01:13:13.681+0900: 202240.257: [GC (Allocation Failure) [PSYoungGen: 60768K->352K(60928K)] 87078K->26662K(369664K), 0.0027099 secs] [Times: user=0.01 sys=0.00, real=0.01 secs] 
2019-01-03T01:14:01.487+0900: 202288.063: [GC (Allocation Failure) [PSYoungGen: 60768K->320K(60928K)] 87078K->26630K(369664K), 0.0029956 secs] [Times: user=0.01 sys=0.01, real=0.00 secs] 
2019-01-03T01:14:49.333+0900: 202335.909: [GC (Allocation Failure) [PSYoungGen: 60736K->320K(60928K)] 87046K->26638K(369664K), 0.0028250 secs] [Times: user=0.01 sys=0.00, real=0.01 secs] 
2019-01-03T01:15:37.256+0900: 202383.832: [GC (Allocation Failure) [PSYoungGen: 60736K->352K(60928K)] 87054K->26670K(369664K), 0.0025381 secs] [Times: user=0.01 sys=0.00, real=0.00 secs] 
2019-01-03T01:16:25.103+0900: 202431.679: [GC (Allocation Failure) [PSYoungGen: 60768K->256K(60928K)] 87086K->26574K(369664K), 0.0029345 secs] [Times: user=0.00 sys=0.01, real=0.01 secs] 
2019-01-03T01:17:12.706+0900: 202479.282: [GC (Allocation Failure) [PSYoungGen: 60672K->320K(60928K)] 86990K->26638K(369664K), 0.0028953 secs] [Times: user=0.00 sys=0.01, real=0.00 secs] 
2019-01-03T01:18:00.432+0900: 202527.008: [GC (Allocation Failure) [PSYoungGen: 60736K->320K(60928K)] 87054K->26638K(369664K), 0.0029554 secs] [Times: user=0.01 sys=0.00, real=0.01 secs] 
2019-01-03T01:18:48.033+0900: 202574.609: [GC (Allocation Failure) [PSYoungGen: 60736K->352K(60928K)] 87054K->26670K(369664K), 0.0024376 secs] [Times: user=0.01 sys=0.00, real=0.01 secs] 
2019-01-03T01:19:36.202+0900: 202622.778: [GC (Allocation Failure) [PSYoungGen: 60768K->352K(60928K)] 87086K->26670K(369664K), 0.0029020 secs] [Times: user=0.00 sys=0.01, real=0.01 secs] 
2019-01-03T01:20:24.045+0900: 202670.621: [GC (Allocation Failure) [PSYoungGen: 60768K->320K(60928K)] 87086K->26638K(369664K), 0.0027860 secs] [Times: user=0.01 sys=0.00, real=0.00 secs] 
2019-01-03T01:21:11.591+0900: 202718.167: [GC (Allocation Failure) [PSYoungGen: 60736K->256K(60928K)] 87054K->26574K(369664K), 0.0029118 secs] [Times: user=0.01 sys=0.00, real=0.01 secs] 
2019-01-03T01:21:59.339+0900: 202765.915: [GC (Allocation Failure) [PSYoungGen: 60672K->288K(60928K)] 86990K->26606K(369664K), 0.0025215 secs] [Times: user=0.01 sys=0.00, real=0.00 secs] 
2019-01-03T01:22:47.159+0900: 202813.735: [GC (Allocation Failure) [PSYoungGen: 60704K->288K(60928K)] 87022K->26606K(369664K), 0.0032192 secs] [Times: user=0.00 sys=0.01, real=0.00 secs] 
2019-01-03T01:23:34.860+0900: 202861.436: [GC (Allocation Failure) [PSYoungGen: 60704K->288K(60928K)] 87022K->26654K(369664K), 0.0028667 secs] [Times: user=0.00 sys=0.01, real=0.00 secs] 
2019-01-03T01:24:22.487+0900: 202909.063: [GC (Allocation Failure) [PSYoungGen: 60704K->320K(60928K)] 87070K->26686K(369664K), 0.0029057 secs] [Times: user=0.02 sys=0.00, real=0.00 secs] 
2019-01-03T01:25:10.493+0900: 202957.068: [GC (Allocation Failure) [PSYoungGen: 60736K->256K(60928K)] 87102K->26622K(369664K), 0.0024023 secs] [Times: user=0.00 sys=0.01, real=0.01 secs] 
2019-01-03T01:25:58.323+0900: 203004.899: [GC (Allocation Failure) [PSYoungGen: 60672K->288K(60928K)] 87038K->26654K(369664K), 0.0028302 secs] [Times: user=0.00 sys=0.01, real=0.01 secs] 
2019-01-03T01:26:46.068+0900: 203052.644: [GC (Allocation Failure) [PSYoungGen: 60704K->320K(60928K)] 87070K->26686K(369664K), 0.0030031 secs] [Times: user=0.00 sys=0.01, real=0.00 secs] 
2019-01-03T01:27:33.841+0900: 203100.417: [GC (Allocation Failure) [PSYoungGen: 60736K->352K(60928K)] 87102K->26718K(369664K), 0.0025951 secs] [Times: user=0.00 sys=0.01, real=0.01 secs] 
2019-01-03T01:28:21.393+0900: 203147.969: [GC (Allocation Failure) [PSYoungGen: 60768K->288K(60928K)] 87134K->26654K(369664K), 0.0026238 secs] [Times: user=0.00 sys=0.01, real=0.01 secs] 
2019-01-03T01:29:09.523+0900: 203196.099: [GC (Allocation Failure) [PSYoungGen: 60704K->352K(60928K)] 87070K->26718K(369664K), 0.0028501 secs] [Times: user=0.01 sys=0.00, real=0.01 secs] 
2019-01-03T01:29:57.351+0900: 203243.927: [GC (Allocation Failure) [PSYoungGen: 60768K->256K(60928K)] 87134K->26622K(369664K), 0.0029892 secs] [Times: user=0.00 sys=0.01, real=0.01 secs] 
2019-01-03T01:30:45.054+0900: 203291.630: [GC (Allocation Failure) [PSYoungGen: 60672K->320K(60928K)] 87038K->26718K(369664K), 0.0028308 secs] [Times: user=0.01 sys=0.00, real=0.00 secs] 
2019-01-03T01:31:33.103+0900: 203339.679: [GC (Allocation Failure) [PSYoungGen: 60736K->288K(60928K)] 87134K->26686K(369664K), 0.0028769 secs] [Times: user=0.01 sys=0.01, real=0.01 secs] 
2019-01-03T01:32:21.046+0900: 203387.622: [GC (Allocation Failure) [PSYoungGen: 60704K->352K(60928K)] 87102K->26750K(369664K), 0.0029414 secs] [Times: user=0.00 sys=0.01, real=0.00 secs] 
2019-01-03T01:33:08.268+0900: 203434.844: [GC (Allocation Failure) [PSYoungGen: 60768K->352K(60928K)] 87166K->26750K(369664K), 0.0028375 secs] [Times: user=0.01 sys=0.01, real=0.00 secs] 
2019-01-03T01:33:56.260+0900: 203482.836: [GC (Allocation Failure) [PSYoungGen: 60768K->288K(60928K)] 87166K->26686K(369664K), 0.0027542 secs] [Times: user=0.01 sys=0.01, real=0.00 secs] 
2019-01-03T01:34:43.972+0900: 203530.548: [GC (Allocation Failure) [PSYoungGen: 60704K->320K(60928K)] 87102K->26742K(369664K), 0.0027568 secs] [Times: user=0.00 sys=0.01, real=0.01 secs] 
2019-01-03T01:35:31.745+0900: 203578.321: [GC (Allocation Failure) [PSYoungGen: 60736K->256K(60928K)] 87158K->26678K(369664K), 0.0027830 secs] [Times: user=0.01 sys=0.00, real=0.00 secs] 
2019-01-03T01:36:19.583+0900: 203626.159: [GC (Allocation Failure) [PSYoungGen: 60672K->352K(60928K)] 87094K->26774K(369664K), 0.0027358 secs] [Times: user=0.01 sys=0.00, real=0.01 secs] 
2019-01-03T01:37:07.532+0900: 203674.108: [GC (Allocation Failure) [PSYoungGen: 60768K->288K(60928K)] 87190K->26710K(369664K), 0.0025115 secs] [Times: user=0.01 sys=0.00, real=0.01 secs] 
2019-01-03T01:37:55.428+0900: 203722.004: [GC (Allocation Failure) [PSYoungGen: 60704K->288K(60928K)] 87126K->26710K(369664K), 0.0024377 secs] [Times: user=0.00 sys=0.01, real=0.00 secs] 
2019-01-03T01:38:42.888+0900: 203769.463: [GC (Allocation Failure) [PSYoungGen: 60702K->352K(60928K)] 87125K->26774K(369664K), 0.0023582 secs] [Times: user=0.00 sys=0.01, real=0.00 secs] 
2019-01-03T01:39:31.053+0900: 203817.629: [GC (Allocation Failure) [PSYoungGen: 60768K->320K(60928K)] 87190K->26742K(369664K), 0.0027459 secs] [Times: user=0.00 sys=0.00, real=0.01 secs] 
2019-01-03T01:40:19.045+0900: 203865.621: [GC (Allocation Failure) [PSYoungGen: 60736K->320K(60928K)] 87158K->26742K(369664K), 0.0027353 secs] [Times: user=0.01 sys=0.00, real=0.00 secs] 
2019-01-03T01:41:06.438+0900: 203913.014: [GC (Allocation Failure) [PSYoungGen: 60736K->352K(60928K)] 87158K->26774K(369664K), 0.0028184 secs] [Times: user=0.00 sys=0.01, real=0.00 secs] 
2019-01-03T01:41:54.547+0900: 203961.123: [GC (Allocation Failure) [PSYoungGen: 60768K->320K(60928K)] 87190K->26742K(369664K), 0.0025844 secs] [Times: user=0.01 sys=0.01, real=0.00 secs] 
2019-01-03T01:42:42.146+0900: 204008.722: [GC (Allocation Failure) [PSYoungGen: 60736K->320K(60928K)] 87158K->26742K(369664K), 0.0026833 secs] [Times: user=0.00 sys=0.01, real=0.00 secs] 
2019-01-03T01:43:29.984+0900: 204056.560: [GC (Allocation Failure) [PSYoungGen: 60736K->352K(60928K)] 87158K->26774K(369664K), 0.0024166 secs] [Times: user=0.01 sys=0.00, real=0.00 secs] 
2019-01-03T01:44:17.623+0900: 204104.199: [GC (Allocation Failure) [PSYoungGen: 60768K->320K(60928K)] 87190K->26742K(369664K), 0.0028005 secs] [Times: user=0.01 sys=0.01, real=0.01 secs] 
2019-01-03T01:45:05.327+0900: 204151.903: [GC (Allocation Failure) [PSYoungGen: 60736K->352K(60928K)] 87158K->26806K(369664K), 0.0026773 secs] [Times: user=0.00 sys=0.01, real=0.00 secs] 
2019-01-03T01:45:52.883+0900: 204199.459: [GC (Allocation Failure) [PSYoungGen: 60768K->256K(60928K)] 87222K->26710K(369664K), 0.0024240 secs] [Times: user=0.00 sys=0.01, real=0.01 secs] 
2019-01-03T01:46:40.520+0900: 204247.096: [GC (Allocation Failure) [PSYoungGen: 60672K->352K(60928K)] 87126K->26806K(369664K), 0.0024528 secs] [Times: user=0.01 sys=0.00, real=0.00 secs] 
2019-01-03T01:47:28.448+0900: 204295.024: [GC (Allocation Failure) [PSYoungGen: 60768K->288K(60928K)] 87222K->26742K(369664K), 0.0028957 secs] [Times: user=0.01 sys=0.00, real=0.00 secs] 
2019-01-03T01:48:16.193+0900: 204342.769: [GC (Allocation Failure) [PSYoungGen: 60704K->352K(60928K)] 87158K->26806K(369664K), 0.0028810 secs] [Times: user=0.01 sys=0.00, real=0.01 secs] 
2019-01-03T01:49:03.837+0900: 204390.412: [GC (Allocation Failure) [PSYoungGen: 60768K->320K(60928K)] 87222K->26774K(369664K), 0.0029433 secs] [Times: user=0.01 sys=0.00, real=0.00 secs] 
2019-01-03T01:49:51.740+0900: 204438.315: [GC (Allocation Failure) [PSYoungGen: 60736K->224K(60928K)] 87190K->26678K(369664K), 0.0029631 secs] [Times: user=0.01 sys=0.00, real=0.00 secs] 
2019-01-03T01:50:39.725+0900: 204486.301: [GC (Allocation Failure) [PSYoungGen: 60640K->352K(60928K)] 87094K->26806K(369664K), 0.0027682 secs] [Times: user=0.01 sys=0.01, real=0.00 secs] 
2019-01-03T01:51:26.965+0900: 204533.541: [GC (Allocation Failure) [PSYoungGen: 60768K->320K(60928K)] 87222K->26774K(369664K), 0.0027188 secs] [Times: user=0.01 sys=0.00, real=0.00 secs] 
2019-01-03T01:52:15.155+0900: 204581.731: [GC (Allocation Failure) [PSYoungGen: 60736K->288K(60928K)] 87190K->26742K(369664K), 0.0024021 secs] [Times: user=0.01 sys=0.01, real=0.00 secs] 
2019-01-03T01:53:02.750+0900: 204629.326: [GC (Allocation Failure) [PSYoungGen: 60704K->352K(60928K)] 87158K->26830K(369664K), 0.0025411 secs] [Times: user=0.00 sys=0.00, real=0.00 secs] 
2019-01-03T01:53:50.548+0900: 204677.124: [GC (Allocation Failure) [PSYoungGen: 60768K->320K(60928K)] 87246K->26854K(369664K), 0.0024530 secs] [Times: user=0.01 sys=0.00, real=0.00 secs] 
2019-01-03T01:54:38.619+0900: 204725.195: [GC (Allocation Failure) [PSYoungGen: 60736K->320K(60928K)] 87270K->26854K(369664K), 0.0026566 secs] [Times: user=0.01 sys=0.00, real=0.00 secs] 
2019-01-03T01:55:26.498+0900: 204773.074: [GC (Allocation Failure) [PSYoungGen: 60736K->352K(60928K)] 87270K->26886K(369664K), 0.0027134 secs] [Times: user=0.00 sys=0.01, real=0.00 secs] 
2019-01-03T01:56:14.001+0900: 204820.576: [GC (Allocation Failure) [PSYoungGen: 60768K->320K(60928K)] 87302K->26854K(369664K), 0.0027409 secs] [Times: user=0.00 sys=0.01, real=0.00 secs] 
2019-01-03T01:57:01.432+0900: 204868.008: [GC (Allocation Failure) [PSYoungGen: 60736K->352K(60928K)] 87270K->26886K(369664K), 0.0027424 secs] [Times: user=0.00 sys=0.01, real=0.01 secs] 
2019-01-03T01:57:49.507+0900: 204916.083: [GC (Allocation Failure) [PSYoungGen: 60768K->256K(60928K)] 87302K->26790K(369664K), 0.0023716 secs] [Times: user=0.00 sys=0.01, real=0.00 secs] 
2019-01-03T01:58:37.340+0900: 204963.915: [GC (Allocation Failure) [PSYoungGen: 60672K->320K(60928K)] 87206K->26854K(369664K), 0.0024221 secs] [Times: user=0.01 sys=0.00, real=0.00 secs] 
2019-01-03T01:59:24.892+0900: 205011.468: [GC (Allocation Failure) [PSYoungGen: 60736K->256K(60928K)] 87270K->26790K(369664K), 0.0027387 secs] [Times: user=0.01 sys=0.01, real=0.01 secs] 
2019-01-03T02:00:12.819+0900: 205059.395: [GC (Allocation Failure) [PSYoungGen: 60672K->288K(60928K)] 87206K->26854K(369664K), 0.0028997 secs] [Times: user=0.01 sys=0.00, real=0.00 secs] 
2019-01-03T02:01:00.419+0900: 205106.995: [GC (Allocation Failure) [PSYoungGen: 60704K->288K(60928K)] 87270K->26854K(369664K), 0.0027233 secs] [Times: user=0.00 sys=0.01, real=0.00 secs] 
2019-01-03T02:01:48.233+0900: 205154.808: [GC (Allocation Failure) [PSYoungGen: 60704K->288K(60928K)] 87270K->26854K(369664K), 0.0026606 secs] [Times: user=0.01 sys=0.01, real=0.01 secs] 
2019-01-03T02:02:35.650+0900: 205202.226: [GC (Allocation Failure) [PSYoungGen: 60704K->288K(60928K)] 87270K->26854K(369664K), 0.0024281 secs] [Times: user=0.01 sys=0.01, real=0.00 secs] 
2019-01-03T02:03:23.546+0900: 205250.121: [GC (Allocation Failure) [PSYoungGen: 60704K->320K(60928K)] 87270K->26886K(369664K), 0.0029320 secs] [Times: user=0.01 sys=0.00, real=0.00 secs] 
2019-01-03T02:04:11.053+0900: 205297.629: [GC (Allocation Failure) [PSYoungGen: 60736K->352K(60928K)] 87302K->26918K(369664K), 0.0025883 secs] [Times: user=0.01 sys=0.00, real=0.01 secs] 
2019-01-03T02:04:58.758+0900: 205345.334: [GC (Allocation Failure) [PSYoungGen: 60768K->288K(60928K)] 87334K->26854K(369664K), 0.0028848 secs] [Times: user=0.01 sys=0.01, real=0.00 secs] 
2019-01-03T02:05:46.623+0900: 205393.199: [GC (Allocation Failure) [PSYoungGen: 60704K->256K(60928K)] 87270K->26822K(369664K), 0.0029422 secs] [Times: user=0.01 sys=0.00, real=0.01 secs] 
2019-01-03T02:06:34.495+0900: 205441.071: [GC (Allocation Failure) [PSYoungGen: 60672K->352K(60928K)] 87238K->26918K(369664K), 0.0027054 secs] [Times: user=0.00 sys=0.01, real=0.00 secs] 
2019-01-03T02:07:21.867+0900: 205488.443: [GC (Allocation Failure) [PSYoungGen: 60768K->320K(60928K)] 87334K->26886K(369664K), 0.0027734 secs] [Times: user=0.00 sys=0.01, real=0.00 secs] 
2019-01-03T02:08:09.976+0900: 205536.552: [GC (Allocation Failure) [PSYoungGen: 60736K->288K(60928K)] 87302K->26854K(369664K), 0.0026891 secs] [Times: user=0.00 sys=0.01, real=0.00 secs] 
2019-01-03T02:08:57.803+0900: 205584.379: [GC (Allocation Failure) [PSYoungGen: 60704K->320K(60928K)] 87270K->26886K(369664K), 0.0032671 secs] [Times: user=0.01 sys=0.00, real=0.01 secs] 
2019-01-03T02:09:45.606+0900: 205632.182: [GC (Allocation Failure) [PSYoungGen: 60736K->352K(60928K)] 87302K->26942K(369664K), 0.0027892 secs] [Times: user=0.00 sys=0.00, real=0.00 secs] 
2019-01-03T02:10:33.363+0900: 205679.939: [GC (Allocation Failure) [PSYoungGen: 60768K->352K(60928K)] 87358K->26942K(369664K), 0.0027901 secs] [Times: user=0.01 sys=0.01, real=0.01 secs] 
2019-01-03T02:11:21.126+0900: 205727.702: [GC (Allocation Failure) [PSYoungGen: 60768K->320K(60928K)] 87358K->26910K(369664K), 0.0026732 secs] [Times: user=0.00 sys=0.01, real=0.00 secs] 
2019-01-03T02:12:08.959+0900: 205775.535: [GC (Allocation Failure) [PSYoungGen: 60736K->256K(60928K)] 87326K->26846K(369664K), 0.0024568 secs] [Times: user=0.00 sys=0.01, real=0.00 secs] 
2019-01-03T02:12:56.227+0900: 205822.803: [GC (Allocation Failure) [PSYoungGen: 60672K->352K(60928K)] 87262K->26942K(369664K), 0.0030716 secs] [Times: user=0.00 sys=0.01, real=0.00 secs] 
2019-01-03T02:13:44.351+0900: 205870.927: [GC (Allocation Failure) [PSYoungGen: 60768K->352K(60928K)] 87358K->26942K(369664K), 0.0031156 secs] [Times: user=0.00 sys=0.01, real=0.01 secs] 
2019-01-03T02:14:32.171+0900: 205918.746: [GC (Allocation Failure) [PSYoungGen: 60768K->320K(60928K)] 87358K->26958K(369664K), 0.0029161 secs] [Times: user=0.01 sys=0.00, real=0.00 secs] 
2019-01-03T02:15:19.841+0900: 205966.417: [GC (Allocation Failure) [PSYoungGen: 60736K->352K(60928K)] 87374K->27030K(369664K), 0.0027019 secs] [Times: user=0.00 sys=0.01, real=0.01 secs] 
2019-01-03T02:16:07.926+0900: 206014.501: [GC (Allocation Failure) [PSYoungGen: 60768K->320K(60928K)] 87446K->26998K(369664K), 0.0026802 secs] [Times: user=0.00 sys=0.01, real=0.00 secs] 
2019-01-03T02:16:55.793+0900: 206062.369: [GC (Allocation Failure) [PSYoungGen: 60736K->352K(60928K)] 87414K->27030K(369664K), 0.0024336 secs] [Times: user=0.01 sys=0.01, real=0.01 secs] 
2019-01-03T02:17:43.315+0900: 206109.891: [GC (Allocation Failure) [PSYoungGen: 60768K->352K(60928K)] 87446K->27030K(369664K), 0.0023332 secs] [Times: user=0.00 sys=0.01, real=0.00 secs] 
2019-01-03T02:18:31.091+0900: 206157.667: [GC (Allocation Failure) [PSYoungGen: 60768K->352K(60928K)] 87446K->27030K(369664K), 0.0027785 secs] [Times: user=0.01 sys=0.00, real=0.01 secs] 
2019-01-03T02:19:18.859+0900: 206205.435: [GC (Allocation Failure) [PSYoungGen: 60768K->320K(60928K)] 87446K->26998K(369664K), 0.0028969 secs] [Times: user=0.01 sys=0.01, real=0.00 secs] 
2019-01-03T02:20:06.889+0900: 206253.465: [GC (Allocation Failure) [PSYoungGen: 60736K->352K(60928K)] 87414K->27030K(369664K), 0.0027963 secs] [Times: user=0.00 sys=0.01, real=0.00 secs] 
2019-01-03T02:20:54.757+0900: 206301.333: [GC (Allocation Failure) [PSYoungGen: 60768K->288K(60928K)] 87446K->26966K(369664K), 0.0025565 secs] [Times: user=0.01 sys=0.00, real=0.00 secs] 
2019-01-03T02:21:42.737+0900: 206349.313: [GC (Allocation Failure) [PSYoungGen: 60704K->256K(60928K)] 87382K->26934K(369664K), 0.0025488 secs] [Times: user=0.00 sys=0.01, real=0.00 secs] 
2019-01-03T02:22:30.648+0900: 206397.223: [GC (Allocation Failure) [PSYoungGen: 60672K->352K(60928K)] 87350K->27030K(369664K), 0.0027186 secs] [Times: user=0.00 sys=0.01, real=0.00 secs] 
2019-01-03T02:23:18.325+0900: 206444.901: [GC (Allocation Failure) [PSYoungGen: 60768K->320K(60928K)] 87446K->26998K(369664K), 0.0024631 secs] [Times: user=0.01 sys=0.00, real=0.00 secs] 
2019-01-03T02:24:05.878+0900: 206492.454: [GC (Allocation Failure) [PSYoungGen: 60736K->352K(60928K)] 87414K->27094K(369664K), 0.0030526 secs] [Times: user=0.01 sys=0.00, real=0.00 secs] 
2019-01-03T02:24:53.627+0900: 206540.203: [GC (Allocation Failure) [PSYoungGen: 60768K->320K(60928K)] 87510K->27094K(369664K), 0.0026481 secs] [Times: user=0.01 sys=0.01, real=0.00 secs] 
2019-01-03T02:25:41.259+0900: 206587.834: [GC (Allocation Failure) [PSYoungGen: 60736K->288K(60928K)] 87510K->27062K(369664K), 0.0025802 secs] [Times: user=0.00 sys=0.00, real=0.00 secs] 
2019-01-03T02:26:28.844+0900: 206635.420: [GC (Allocation Failure) [PSYoungGen: 60704K->224K(60928K)] 87478K->26998K(369664K), 0.0025191 secs] [Times: user=0.01 sys=0.00, real=0.00 secs] 
2019-01-03T02:27:16.804+0900: 206683.380: [GC (Allocation Failure) [PSYoungGen: 60640K->352K(60928K)] 87414K->27126K(369664K), 0.0025327 secs] [Times: user=0.00 sys=0.01, real=0.00 secs] 
2019-01-03T02:28:04.822+0900: 206731.398: [GC (Allocation Failure) [PSYoungGen: 60768K->288K(60928K)] 87542K->27062K(369664K), 0.0027641 secs] [Times: user=0.00 sys=0.01, real=0.01 secs] 
2019-01-03T02:28:52.993+0900: 206779.569: [GC (Allocation Failure) [PSYoungGen: 60704K->288K(60928K)] 87478K->27062K(369664K), 0.0027680 secs] [Times: user=0.01 sys=0.01, real=0.01 secs] 
2019-01-03T02:29:40.240+0900: 206826.815: [GC (Allocation Failure) [PSYoungGen: 60704K->256K(60928K)] 87478K->27030K(369664K), 0.0027328 secs] [Times: user=0.00 sys=0.00, real=0.00 secs] 
2019-01-03T02:30:28.284+0900: 206874.860: [GC (Allocation Failure) [PSYoungGen: 60672K->288K(60928K)] 87446K->27062K(369664K), 0.0024530 secs] [Times: user=0.01 sys=0.00, real=0.00 secs] 
2019-01-03T02:31:15.851+0900: 206922.427: [GC (Allocation Failure) [PSYoungGen: 60704K->320K(60928K)] 87478K->27094K(369664K), 0.0027581 secs] [Times: user=0.00 sys=0.01, real=0.00 secs] 
2019-01-03T02:32:03.410+0900: 206969.986: [GC (Allocation Failure) [PSYoungGen: 60736K->288K(60928K)] 87510K->27062K(369664K), 0.0029024 secs] [Times: user=0.00 sys=0.01, real=0.00 secs] 
2019-01-03T02:32:51.181+0900: 207017.757: [GC (Allocation Failure) [PSYoungGen: 60704K->320K(60928K)] 87478K->27094K(369664K), 0.0028779 secs] [Times: user=0.00 sys=0.01, real=0.01 secs] 
2019-01-03T02:33:39.101+0900: 207065.677: [GC (Allocation Failure) [PSYoungGen: 60736K->320K(60928K)] 87510K->27094K(369664K), 0.0028340 secs] [Times: user=0.00 sys=0.01, real=0.01 secs] 
2019-01-03T02:34:26.339+0900: 207112.915: [GC (Allocation Failure) [PSYoungGen: 60736K->352K(60928K)] 87510K->27126K(369664K), 0.0027295 secs] [Times: user=0.01 sys=0.00, real=0.00 secs] 
2019-01-03T02:35:14.143+0900: 207160.719: [GC (Allocation Failure) [PSYoungGen: 60768K->288K(60928K)] 87542K->27062K(369664K), 0.0028332 secs] [Times: user=0.01 sys=0.01, real=0.01 secs] 
2019-01-03T02:36:01.824+0900: 207208.400: [GC (Allocation Failure) [PSYoungGen: 60704K->288K(60928K)] 87478K->27062K(369664K), 0.0025694 secs] [Times: user=0.00 sys=0.01, real=0.00 secs] 
2019-01-03T02:36:49.912+0900: 207256.488: [GC (Allocation Failure) [PSYoungGen: 60704K->320K(60928K)] 87478K->27094K(369664K), 0.0026870 secs] [Times: user=0.00 sys=0.01, real=0.01 secs] 
2019-01-03T02:37:37.782+0900: 207304.358: [GC (Allocation Failure) [PSYoungGen: 60736K->320K(60928K)] 87510K->27094K(369664K), 0.0029743 secs] [Times: user=0.01 sys=0.00, real=0.01 secs] 
2019-01-03T02:38:25.295+0900: 207351.871: [GC (Allocation Failure) [PSYoungGen: 60736K->352K(60928K)] 87510K->27126K(369664K), 0.0031491 secs] [Times: user=0.02 sys=0.00, real=0.00 secs] 
2019-01-03T02:39:13.228+0900: 207399.804: [GC (Allocation Failure) [PSYoungGen: 60768K->320K(60928K)] 87542K->27094K(369664K), 0.0028392 secs] [Times: user=0.01 sys=0.01, real=0.00 secs] 
2019-01-03T02:40:00.955+0900: 207447.531: [GC (Allocation Failure) [PSYoungGen: 60736K->320K(60928K)] 87510K->27094K(369664K), 0.0027823 secs] [Times: user=0.00 sys=0.01, real=0.00 secs] 
2019-01-03T02:40:48.861+0900: 207495.437: [GC (Allocation Failure) [PSYoungGen: 60736K->352K(60928K)] 87510K->27126K(369664K), 0.0027136 secs] [Times: user=0.01 sys=0.01, real=0.00 secs] 
2019-01-03T02:41:36.867+0900: 207543.443: [GC (Allocation Failure) [PSYoungGen: 60768K->352K(60928K)] 87542K->27126K(369664K), 0.0027662 secs] [Times: user=0.00 sys=0.01, real=0.00 secs] 
2019-01-03T02:42:24.242+0900: 207590.818: [GC (Allocation Failure) [PSYoungGen: 60768K->352K(60928K)] 87542K->27126K(369664K), 0.0029423 secs] [Times: user=0.02 sys=0.00, real=0.01 secs] 
2019-01-03T02:43:12.187+0900: 207638.763: [GC (Allocation Failure) [PSYoungGen: 60768K->256K(60928K)] 87542K->27030K(369664K), 0.0024239 secs] [Times: user=0.00 sys=0.01, real=0.00 secs] 
2019-01-03T02:43:59.725+0900: 207686.301: [GC (Allocation Failure) [PSYoungGen: 60672K->352K(60928K)] 87446K->27126K(369664K), 0.0027976 secs] [Times: user=0.00 sys=0.01, real=0.00 secs] 
2019-01-03T02:44:47.392+0900: 207733.968: [GC (Allocation Failure) [PSYoungGen: 60768K->352K(60928K)] 87542K->27190K(369664K), 0.0024889 secs] [Times: user=0.01 sys=0.01, real=0.01 secs] 
2019-01-03T02:45:35.226+0900: 207781.802: [GC (Allocation Failure) [PSYoungGen: 60768K->352K(60928K)] 87606K->27190K(369664K), 0.0028604 secs] [Times: user=0.00 sys=0.01, real=0.00 secs] 
2019-01-03T02:46:22.839+0900: 207829.415: [GC (Allocation Failure) [PSYoungGen: 60768K->288K(60928K)] 87606K->27126K(369664K), 0.0027093 secs] [Times: user=0.00 sys=0.01, real=0.00 secs] 
2019-01-03T02:47:10.705+0900: 207877.281: [GC (Allocation Failure) [PSYoungGen: 60704K->256K(60928K)] 87542K->27094K(369664K), 0.0029328 secs] [Times: user=0.00 sys=0.01, real=0.00 secs] 
2019-01-03T02:47:58.584+0900: 207925.160: [GC (Allocation Failure) [PSYoungGen: 60672K->352K(60928K)] 87510K->27190K(369664K), 0.0028858 secs] [Times: user=0.02 sys=0.00, real=0.00 secs] 
2019-01-03T02:48:46.779+0900: 207973.355: [GC (Allocation Failure) [PSYoungGen: 60768K->352K(60928K)] 87606K->27190K(369664K), 0.0029683 secs] [Times: user=0.02 sys=0.00, real=0.00 secs] 
2019-01-03T02:49:34.827+0900: 208021.403: [GC (Allocation Failure) [PSYoungGen: 60768K->224K(60928K)] 87606K->27062K(369664K), 0.0028081 secs] [Times: user=0.00 sys=0.01, real=0.00 secs] 
2019-01-03T02:50:22.165+0900: 208068.741: [GC (Allocation Failure) [PSYoungGen: 60640K->192K(60928K)] 87478K->27030K(369664K), 0.0026025 secs] [Times: user=0.00 sys=0.01, real=0.00 secs] 
2019-01-03T02:51:10.362+0900: 208116.937: [GC (Allocation Failure) [PSYoungGen: 60608K->256K(60928K)] 87446K->27094K(369664K), 0.0028322 secs] [Times: user=0.00 sys=0.01, real=0.01 secs] 
2019-01-03T02:51:58.066+0900: 208164.641: [GC (Allocation Failure) [PSYoungGen: 60672K->256K(60928K)] 87510K->27094K(369664K), 0.0027517 secs] [Times: user=0.00 sys=0.01, real=0.00 secs] 
2019-01-03T02:52:45.743+0900: 208212.319: [GC (Allocation Failure) [PSYoungGen: 60672K->352K(60928K)] 87510K->27190K(369664K), 0.0027081 secs] [Times: user=0.01 sys=0.00, real=0.01 secs] 
2019-01-03T02:53:33.737+0900: 208260.313: [GC (Allocation Failure) [PSYoungGen: 60768K->288K(60928K)] 87606K->27126K(369664K), 0.0028209 secs] [Times: user=0.00 sys=0.01, real=0.00 secs] 
2019-01-03T02:54:21.136+0900: 208307.712: [GC (Allocation Failure) [PSYoungGen: 60704K->320K(60928K)] 87542K->27206K(369664K), 0.0026960 secs] [Times: user=0.01 sys=0.00, real=0.00 secs] 
2019-01-03T02:55:08.795+0900: 208355.370: [GC (Allocation Failure) [PSYoungGen: 60736K->288K(60928K)] 87622K->27174K(369664K), 0.0027357 secs] [Times: user=0.00 sys=0.01, real=0.00 secs] 
2019-01-03T02:55:56.587+0900: 208403.163: [GC (Allocation Failure) [PSYoungGen: 60704K->288K(60928K)] 87590K->27174K(369664K), 0.0027743 secs] [Times: user=0.00 sys=0.01, real=0.00 secs] 
2019-01-03T02:56:44.686+0900: 208451.262: [GC (Allocation Failure) [PSYoungGen: 60704K->352K(60928K)] 87590K->27238K(369664K), 0.0027496 secs] [Times: user=0.02 sys=0.00, real=0.00 secs] 
2019-01-03T02:57:32.599+0900: 208499.175: [GC (Allocation Failure) [PSYoungGen: 60768K->352K(60928K)] 87654K->27238K(369664K), 0.0024436 secs] [Times: user=0.01 sys=0.01, real=0.00 secs] 
2019-01-03T02:58:20.251+0900: 208546.827: [GC (Allocation Failure) [PSYoungGen: 60768K->256K(60928K)] 87654K->27142K(369664K), 0.0026298 secs] [Times: user=0.00 sys=0.01, real=0.01 secs] 
2019-01-03T02:59:07.931+0900: 208594.507: [GC (Allocation Failure) [PSYoungGen: 60672K->352K(60928K)] 87558K->27238K(369664K), 0.0028064 secs] [Times: user=0.01 sys=0.01, real=0.01 secs] 
2019-01-03T02:59:55.512+0900: 208642.088: [GC (Allocation Failure) [PSYoungGen: 60768K->256K(60928K)] 87654K->27142K(369664K), 0.0029784 secs] [Times: user=0.00 sys=0.01, real=0.01 secs] 
2019-01-03T03:00:43.630+0900: 208690.206: [GC (Allocation Failure) [PSYoungGen: 60672K->352K(60928K)] 87558K->27238K(369664K), 0.0028728 secs] [Times: user=0.00 sys=0.01, real=0.00 secs] 
2019-01-03T03:01:31.550+0900: 208738.126: [GC (Allocation Failure) [PSYoungGen: 60768K->320K(60928K)] 87654K->27206K(369664K), 0.0027652 secs] [Times: user=0.00 sys=0.01, real=0.00 secs] 
2019-01-03T03:02:19.013+0900: 208785.589: [GC (Allocation Failure) [PSYoungGen: 60736K->288K(60928K)] 87622K->27174K(369664K), 0.0028668 secs] [Times: user=0.01 sys=0.00, real=0.01 secs] 
2019-01-03T03:03:06.767+0900: 208833.343: [GC (Allocation Failure) [PSYoungGen: 60704K->352K(60928K)] 87590K->27238K(369664K), 0.0028466 secs] [Times: user=0.01 sys=0.00, real=0.00 secs] 
2019-01-03T03:03:54.478+0900: 208881.054: [GC (Allocation Failure) [PSYoungGen: 60768K->352K(60928K)] 87654K->27238K(369664K), 0.0024727 secs] [Times: user=0.01 sys=0.00, real=0.00 secs] 
2019-01-03T03:04:42.204+0900: 208928.780: [GC (Allocation Failure) [PSYoungGen: 60768K->320K(60928K)] 87654K->27206K(369664K), 0.0024549 secs] [Times: user=0.00 sys=0.01, real=0.00 secs] 
2019-01-03T03:05:30.093+0900: 208976.669: [GC (Allocation Failure) [PSYoungGen: 60736K->352K(60928K)] 87622K->27238K(369664K), 0.0027063 secs] [Times: user=0.01 sys=0.00, real=0.01 secs] 
2019-01-03T03:06:18.049+0900: 209024.625: [GC (Allocation Failure) [PSYoungGen: 60768K->320K(60928K)] 87654K->27230K(369664K), 0.0029644 secs] [Times: user=0.00 sys=0.01, real=0.00 secs] 
2019-01-03T03:07:06.071+0900: 209072.647: [GC (Allocation Failure) [PSYoungGen: 60736K->352K(60928K)] 87646K->27262K(369664K), 0.0029202 secs] [Times: user=0.00 sys=0.01, real=0.01 secs] 
2019-01-03T03:07:53.734+0900: 209120.309: [GC (Allocation Failure) [PSYoungGen: 60768K->224K(60928K)] 87678K->27134K(369664K), 0.0029143 secs] [Times: user=0.00 sys=0.01, real=0.01 secs] 
2019-01-03T03:08:41.615+0900: 209168.191: [GC (Allocation Failure) [PSYoungGen: 60640K->320K(60928K)] 87550K->27230K(369664K), 0.0028284 secs] [Times: user=0.00 sys=0.00, real=0.00 secs] 
2019-01-03T03:09:29.642+0900: 209216.218: [GC (Allocation Failure) [PSYoungGen: 60736K->320K(60928K)] 87646K->27230K(369664K), 0.0028302 secs] [Times: user=0.02 sys=0.00, real=0.01 secs] 
2019-01-03T03:10:16.997+0900: 209263.573: [GC (Allocation Failure) [PSYoungGen: 60736K->352K(60928K)] 87646K->27262K(369664K), 0.0027392 secs] [Times: user=0.01 sys=0.00, real=0.00 secs] 
2019-01-03T03:11:04.711+0900: 209311.287: [GC (Allocation Failure) [PSYoungGen: 60768K->352K(60928K)] 87678K->27262K(369664K), 0.0025146 secs] [Times: user=0.01 sys=0.00, real=0.01 secs] 
2019-01-03T03:11:52.493+0900: 209359.069: [GC (Allocation Failure) [PSYoungGen: 60768K->352K(60928K)] 87678K->27262K(369664K), 0.0024241 secs] [Times: user=0.00 sys=0.01, real=0.01 secs] 
2019-01-03T03:12:40.462+0900: 209407.038: [GC (Allocation Failure) [PSYoungGen: 60768K->352K(60928K)] 87678K->27262K(369664K), 0.0026495 secs] [Times: user=0.00 sys=0.01, real=0.01 secs] 
2019-01-03T03:13:27.876+0900: 209454.452: [GC (Allocation Failure) [PSYoungGen: 60768K->352K(60928K)] 87678K->27262K(369664K), 0.0027182 secs] [Times: user=0.02 sys=0.00, real=0.00 secs] 
2019-01-03T03:14:15.605+0900: 209502.181: [GC (Allocation Failure) [PSYoungGen: 60768K->320K(60928K)] 87678K->27230K(369664K), 0.0027805 secs] [Times: user=0.01 sys=0.00, real=0.00 secs] 
2019-01-03T03:15:03.162+0900: 209549.738: [GC (Allocation Failure) [PSYoungGen: 60736K->352K(60928K)] 87646K->27318K(369664K), 0.0028750 secs] [Times: user=0.00 sys=0.02, real=0.01 secs] 
2019-01-03T03:15:51.400+0900: 209597.976: [GC (Allocation Failure) [PSYoungGen: 60768K->320K(60928K)] 87734K->27286K(369664K), 0.0027971 secs] [Times: user=0.01 sys=0.00, real=0.00 secs] 
2019-01-03T03:16:39.337+0900: 209645.913: [GC (Allocation Failure) [PSYoungGen: 60736K->352K(60928K)] 87702K->27318K(369664K), 0.0026808 secs] [Times: user=0.01 sys=0.00, real=0.00 secs] 
2019-01-03T03:17:26.782+0900: 209693.358: [GC (Allocation Failure) [PSYoungGen: 60768K->288K(60928K)] 87734K->27254K(369664K), 0.0028099 secs] [Times: user=0.00 sys=0.01, real=0.01 secs] 
2019-01-03T03:18:14.532+0900: 209741.108: [GC (Allocation Failure) [PSYoungGen: 60704K->288K(60928K)] 87670K->27254K(369664K), 0.0029899 secs] [Times: user=0.01 sys=0.01, real=0.01 secs] 
2019-01-03T03:19:02.198+0900: 209788.774: [GC (Allocation Failure) [PSYoungGen: 60704K->352K(60928K)] 87670K->27318K(369664K), 0.0026789 secs] [Times: user=0.00 sys=0.00, real=0.00 secs] 
2019-01-03T03:19:50.549+0900: 209837.124: [GC (Allocation Failure) [PSYoungGen: 60768K->352K(60928K)] 87734K->27318K(369664K), 0.0028098 secs] [Times: user=0.01 sys=0.01, real=0.00 secs] 
2019-01-03T03:20:38.454+0900: 209885.030: [GC (Allocation Failure) [PSYoungGen: 60768K->320K(60928K)] 87734K->27286K(369664K), 0.0028079 secs] [Times: user=0.01 sys=0.00, real=0.00 secs] 
2019-01-03T03:21:25.719+0900: 209932.295: [GC (Allocation Failure) [PSYoungGen: 60736K->288K(60928K)] 87702K->27254K(369664K), 0.0031238 secs] [Times: user=0.01 sys=0.01, real=0.00 secs] 
2019-01-03T03:22:13.654+0900: 209980.230: [GC (Allocation Failure) [PSYoungGen: 60704K->320K(60928K)] 87670K->27286K(369664K), 0.0027135 secs] [Times: user=0.01 sys=0.01, real=0.00 secs] 
2019-01-03T03:23:01.379+0900: 210027.955: [GC (Allocation Failure) [PSYoungGen: 60736K->224K(60928K)] 87702K->27190K(369664K), 0.0024907 secs] [Times: user=0.01 sys=0.01, real=0.00 secs] 
2019-01-03T03:23:49.168+0900: 210075.744: [GC (Allocation Failure) [PSYoungGen: 60640K->320K(60928K)] 87606K->27286K(369664K), 0.0027439 secs] [Times: user=0.00 sys=0.01, real=0.00 secs] 
2019-01-03T03:24:36.837+0900: 210123.413: [GC (Allocation Failure) [PSYoungGen: 60736K->256K(60928K)] 87702K->27254K(369664K), 0.0024798 secs] [Times: user=0.00 sys=0.01, real=0.00 secs] 
2019-01-03T03:25:24.518+0900: 210171.094: [GC (Allocation Failure) [PSYoungGen: 60672K->256K(60928K)] 87670K->27254K(369664K), 0.0026380 secs] [Times: user=0.00 sys=0.01, real=0.00 secs] 
2019-01-03T03:26:11.909+0900: 210218.485: [GC (Allocation Failure) [PSYoungGen: 60672K->288K(60928K)] 87670K->27286K(369664K), 0.0025284 secs] [Times: user=0.00 sys=0.01, real=0.00 secs] 
2019-01-03T03:26:59.984+0900: 210266.559: [GC (Allocation Failure) [PSYoungGen: 60704K->352K(60928K)] 87702K->27350K(369664K), 0.0031527 secs] [Times: user=0.00 sys=0.01, real=0.01 secs] 
2019-01-03T03:27:47.733+0900: 210314.309: [GC (Allocation Failure) [PSYoungGen: 60768K->256K(60928K)] 87766K->27254K(369664K), 0.0031644 secs] [Times: user=0.01 sys=0.00, real=0.01 secs] 
2019-01-03T03:28:35.486+0900: 210362.062: [GC (Allocation Failure) [PSYoungGen: 60672K->320K(60928K)] 87670K->27318K(369664K), 0.0029301 secs] [Times: user=0.00 sys=0.01, real=0.00 secs] 
2019-01-03T03:29:23.114+0900: 210409.690: [GC (Allocation Failure) [PSYoungGen: 60736K->352K(60928K)] 87734K->27350K(369664K), 0.0023374 secs] [Times: user=0.00 sys=0.00, real=0.00 secs] 
2019-01-03T03:30:10.911+0900: 210457.487: [GC (Allocation Failure) [PSYoungGen: 60768K->224K(60928K)] 87766K->27222K(369664K), 0.0028916 secs] [Times: user=0.00 sys=0.00, real=0.01 secs] 
2019-01-03T03:30:58.503+0900: 210505.079: [GC (Allocation Failure) [PSYoungGen: 60640K->352K(60928K)] 87638K->27350K(369664K), 0.0024442 secs] [Times: user=0.01 sys=0.00, real=0.01 secs] 
2019-01-03T03:31:46.232+0900: 210552.808: [GC (Allocation Failure) [PSYoungGen: 60768K->256K(60928K)] 87766K->27254K(369664K), 0.0030606 secs] [Times: user=0.00 sys=0.01, real=0.01 secs] 
2019-01-03T03:32:34.423+0900: 210600.999: [GC (Allocation Failure) [PSYoungGen: 60672K->288K(60928K)] 87670K->27286K(369664K), 0.0024514 secs] [Times: user=0.00 sys=0.01, real=0.01 secs] 
2019-01-03T03:33:21.620+0900: 210648.196: [GC (Allocation Failure) [PSYoungGen: 60704K->224K(60928K)] 87702K->27222K(369664K), 0.0026934 secs] [Times: user=0.00 sys=0.01, real=0.00 secs] 
2019-01-03T03:34:09.799+0900: 210696.375: [GC (Allocation Failure) [PSYoungGen: 60640K->320K(60928K)] 87638K->27326K(369664K), 0.0024631 secs] [Times: user=0.00 sys=0.01, real=0.00 secs] 
2019-01-03T03:34:57.643+0900: 210744.219: [GC (Allocation Failure) [PSYoungGen: 60736K->320K(60928K)] 87742K->27326K(369664K), 0.0025947 secs] [Times: user=0.00 sys=0.01, real=0.01 secs] 
2019-01-03T03:35:45.764+0900: 210792.340: [GC (Allocation Failure) [PSYoungGen: 60736K->320K(60928K)] 87742K->27326K(369664K), 0.0026634 secs] [Times: user=0.01 sys=0.00, real=0.00 secs] 
2019-01-03T03:36:33.403+0900: 210839.979: [GC (Allocation Failure) [PSYoungGen: 60736K->320K(60928K)] 87742K->27326K(369664K), 0.0028643 secs] [Times: user=0.01 sys=0.01, real=0.01 secs] 
2019-01-03T03:37:21.301+0900: 210887.877: [GC (Allocation Failure) [PSYoungGen: 60736K->288K(60928K)] 87742K->27294K(369664K), 0.0026195 secs] [Times: user=0.00 sys=0.01, real=0.01 secs] 
2019-01-03T03:38:08.781+0900: 210935.357: [GC (Allocation Failure) [PSYoungGen: 60704K->320K(60928K)] 87710K->27326K(369664K), 0.0027952 secs] [Times: user=0.00 sys=0.00, real=0.01 secs] 
2019-01-03T03:38:56.442+0900: 210983.018: [GC (Allocation Failure) [PSYoungGen: 60736K->352K(60928K)] 87742K->27358K(369664K), 0.0030113 secs] [Times: user=0.01 sys=0.01, real=0.01 secs] 
2019-01-03T03:39:44.283+0900: 211030.859: [GC (Allocation Failure) [PSYoungGen: 60768K->288K(60928K)] 87774K->27294K(369664K), 0.0028339 secs] [Times: user=0.01 sys=0.01, real=0.01 secs] 
2019-01-03T03:40:32.348+0900: 211078.924: [GC (Allocation Failure) [PSYoungGen: 60704K->256K(60928K)] 87710K->27262K(369664K), 0.0027604 secs] [Times: user=0.00 sys=0.01, real=0.00 secs] 
2019-01-03T03:41:20.197+0900: 211126.773: [GC (Allocation Failure) [PSYoungGen: 60672K->352K(60928K)] 87678K->27358K(369664K), 0.0027872 secs] [Times: user=0.00 sys=0.01, real=0.00 secs] 
2019-01-03T03:42:07.772+0900: 211174.348: [GC (Allocation Failure) [PSYoungGen: 60768K->320K(60928K)] 87774K->27326K(369664K), 0.0024559 secs] [Times: user=0.00 sys=0.01, real=0.01 secs] 
2019-01-03T03:42:55.728+0900: 211222.304: [GC (Allocation Failure) [PSYoungGen: 60736K->288K(60928K)] 87742K->27294K(369664K), 0.0030291 secs] [Times: user=0.00 sys=0.01, real=0.00 secs] 
2019-01-03T03:43:43.559+0900: 211270.135: [GC (Allocation Failure) [PSYoungGen: 60704K->256K(60928K)] 87710K->27262K(369664K), 0.0029193 secs] [Times: user=0.01 sys=0.01, real=0.00 secs] 
2019-01-03T03:44:31.289+0900: 211317.865: [GC (Allocation Failure) [PSYoungGen: 60672K->288K(60928K)] 87678K->27294K(369664K), 0.0026392 secs] [Times: user=0.00 sys=0.01, real=0.00 secs] 
2019-01-03T03:45:19.284+0900: 211365.860: [GC (Allocation Failure) [PSYoungGen: 60704K->320K(60928K)] 87710K->27382K(369664K), 0.0028074 secs] [Times: user=0.01 sys=0.01, real=0.00 secs] 
2019-01-03T03:46:07.279+0900: 211413.855: [GC (Allocation Failure) [PSYoungGen: 60736K->256K(60928K)] 87798K->27318K(369664K), 0.0024690 secs] [Times: user=0.00 sys=0.01, real=0.00 secs] 
2019-01-03T03:46:55.017+0900: 211461.593: [GC (Allocation Failure) [PSYoungGen: 60672K->320K(60928K)] 87734K->27382K(369664K), 0.0029183 secs] [Times: user=0.01 sys=0.00, real=0.00 secs] 
2019-01-03T03:47:42.797+0900: 211509.373: [GC (Allocation Failure) [PSYoungGen: 60736K->288K(60928K)] 87798K->27350K(369664K), 0.0027968 secs] [Times: user=0.00 sys=0.01, real=0.00 secs] 
2019-01-03T03:48:30.451+0900: 211557.027: [GC (Allocation Failure) [PSYoungGen: 60704K->288K(60928K)] 87766K->27350K(369664K), 0.0031145 secs] [Times: user=0.00 sys=0.02, real=0.01 secs] 
2019-01-03T03:49:18.418+0900: 211604.994: [GC (Allocation Failure) [PSYoungGen: 60704K->256K(60928K)] 87766K->27326K(369664K), 0.0024229 secs] [Times: user=0.01 sys=0.00, real=0.00 secs] 
2019-01-03T03:50:06.318+0900: 211652.894: [GC (Allocation Failure) [PSYoungGen: 60672K->288K(60928K)] 87742K->27358K(369664K), 0.0029636 secs] [Times: user=0.02 sys=0.00, real=0.00 secs] 
2019-01-03T03:50:53.912+0900: 211700.487: [GC (Allocation Failure) [PSYoungGen: 60704K->288K(60928K)] 87774K->27358K(369664K), 0.0026808 secs] [Times: user=0.00 sys=0.00, real=0.01 secs] 
2019-01-03T03:51:41.598+0900: 211748.174: [GC (Allocation Failure) [PSYoungGen: 60704K->352K(60928K)] 87774K->27422K(369664K), 0.0029452 secs] [Times: user=0.00 sys=0.01, real=0.00 secs] 
2019-01-03T03:52:29.537+0900: 211796.113: [GC (Allocation Failure) [PSYoungGen: 60768K->288K(60928K)] 87838K->27358K(369664K), 0.0024700 secs] [Times: user=0.00 sys=0.01, real=0.00 secs] 
2019-01-03T03:53:17.365+0900: 211843.941: [GC (Allocation Failure) [PSYoungGen: 60704K->288K(60928K)] 87774K->27358K(369664K), 0.0027425 secs] [Times: user=0.00 sys=0.01, real=0.00 secs] 
2019-01-03T03:54:05.374+0900: 211891.950: [GC (Allocation Failure) [PSYoungGen: 60704K->352K(60928K)] 87774K->27470K(369664K), 0.0029618 secs] [Times: user=0.01 sys=0.00, real=0.00 secs] 
2019-01-03T03:54:52.747+0900: 211939.323: [GC (Allocation Failure) [PSYoungGen: 60768K->320K(60928K)] 87886K->27438K(369664K), 0.0027540 secs] [Times: user=0.01 sys=0.01, real=0.00 secs] 
2019-01-03T03:55:40.814+0900: 211987.390: [GC (Allocation Failure) [PSYoungGen: 60736K->320K(60928K)] 87854K->27438K(369664K), 0.0027228 secs] [Times: user=0.00 sys=0.01, real=0.00 secs] 
2019-01-03T03:56:28.272+0900: 212034.848: [GC (Allocation Failure) [PSYoungGen: 60736K->352K(60928K)] 87854K->27470K(369664K), 0.0028316 secs] [Times: user=0.01 sys=0.01, real=0.01 secs] 
2019-01-03T03:57:16.313+0900: 212082.889: [GC (Allocation Failure) [PSYoungGen: 60768K->352K(60928K)] 87886K->27470K(369664K), 0.0027667 secs] [Times: user=0.01 sys=0.01, real=0.01 secs] 
2019-01-03T03:58:04.137+0900: 212130.713: [GC (Allocation Failure) [PSYoungGen: 60768K->192K(60928K)] 87886K->27310K(369664K), 0.0028803 secs] [Times: user=0.00 sys=0.01, real=0.00 secs] 
2019-01-03T03:58:52.108+0900: 212178.684: [GC (Allocation Failure) [PSYoungGen: 60608K->352K(60928K)] 87726K->27470K(369664K), 0.0028784 secs] [Times: user=0.00 sys=0.01, real=0.00 secs] 
2019-01-03T03:59:39.883+0900: 212226.458: [GC (Allocation Failure) [PSYoungGen: 60768K->352K(60928K)] 87886K->27470K(369664K), 0.0030752 secs] [Times: user=0.01 sys=0.00, real=0.01 secs] 
2019-01-03T04:00:27.413+0900: 212273.989: [GC (Allocation Failure) [PSYoungGen: 60768K->352K(60928K)] 87886K->27470K(369664K), 0.0029008 secs] [Times: user=0.01 sys=0.00, real=0.01 secs] 
2019-01-03T04:01:15.260+0900: 212321.836: [GC (Allocation Failure) [PSYoungGen: 60768K->320K(60928K)] 87886K->27438K(369664K), 0.0025678 secs] [Times: user=0.00 sys=0.01, real=0.00 secs] 
2019-01-03T04:02:03.145+0900: 212369.721: [GC (Allocation Failure) [PSYoungGen: 60736K->288K(60928K)] 87854K->27406K(369664K), 0.0026809 secs] [Times: user=0.00 sys=0.01, real=0.00 secs] 
2019-01-03T04:02:50.644+0900: 212417.220: [GC (Allocation Failure) [PSYoungGen: 60704K->352K(60928K)] 87822K->27470K(369664K), 0.0024727 secs] [Times: user=0.02 sys=0.00, real=0.00 secs] 
2019-01-03T04:03:38.378+0900: 212464.954: [GC (Allocation Failure) [PSYoungGen: 60768K->352K(60928K)] 87886K->27470K(369664K), 0.0028724 secs] [Times: user=0.01 sys=0.00, real=0.00 secs] 
2019-01-03T04:04:26.176+0900: 212512.752: [GC (Allocation Failure) [PSYoungGen: 60768K->288K(60928K)] 87886K->27406K(369664K), 0.0026424 secs] [Times: user=0.01 sys=0.01, real=0.00 secs] 
2019-01-03T04:05:14.210+0900: 212560.785: [GC (Allocation Failure) [PSYoungGen: 60704K->320K(60928K)] 87822K->27446K(369664K), 0.0030199 secs] [Times: user=0.01 sys=0.00, real=0.00 secs] 
2019-01-03T04:06:02.137+0900: 212608.713: [GC (Allocation Failure) [PSYoungGen: 60736K->224K(60928K)] 87862K->27350K(369664K), 0.0027467 secs] [Times: user=0.00 sys=0.01, real=0.00 secs] 
2019-01-03T04:06:50.003+0900: 212656.579: [GC (Allocation Failure) [PSYoungGen: 60640K->352K(60928K)] 87766K->27478K(369664K), 0.0029433 secs] [Times: user=0.01 sys=0.00, real=0.01 secs] 
2019-01-03T04:07:37.727+0900: 212704.303: [GC (Allocation Failure) [PSYoungGen: 60768K->288K(60928K)] 87894K->27414K(369664K), 0.0027873 secs] [Times: user=0.00 sys=0.01, real=0.00 secs] 
2019-01-03T04:08:25.265+0900: 212751.841: [GC (Allocation Failure) [PSYoungGen: 60704K->352K(60928K)] 87830K->27478K(369664K), 0.0030884 secs] [Times: user=0.02 sys=0.00, real=0.00 secs] 
2019-01-03T04:09:13.155+0900: 212799.731: [GC (Allocation Failure) [PSYoungGen: 60768K->320K(60928K)] 87894K->27446K(369664K), 0.0027765 secs] [Times: user=0.00 sys=0.01, real=0.00 secs] 
2019-01-03T04:10:01.290+0900: 212847.866: [GC (Allocation Failure) [PSYoungGen: 60736K->288K(60928K)] 87862K->27414K(369664K), 0.0029276 secs] [Times: user=0.00 sys=0.01, real=0.00 secs] 
2019-01-03T04:10:48.809+0900: 212895.385: [GC (Allocation Failure) [PSYoungGen: 60704K->352K(60928K)] 87830K->27478K(369664K), 0.0032355 secs] [Times: user=0.00 sys=0.01, real=0.00 secs] 
2019-01-03T04:11:36.594+0900: 212943.170: [GC (Allocation Failure) [PSYoungGen: 60768K->320K(60928K)] 87894K->27446K(369664K), 0.0027652 secs] [Times: user=0.00 sys=0.01, real=0.00 secs] 
2019-01-03T04:12:24.149+0900: 212990.725: [GC (Allocation Failure) [PSYoungGen: 60736K->256K(60928K)] 87862K->27382K(369664K), 0.0027225 secs] [Times: user=0.00 sys=0.01, real=0.00 secs] 
2019-01-03T04:13:11.777+0900: 213038.352: [GC (Allocation Failure) [PSYoungGen: 60672K->192K(60928K)] 87798K->27318K(369664K), 0.0028264 secs] [Times: user=0.01 sys=0.00, real=0.00 secs] 
2019-01-03T04:13:59.377+0900: 213085.953: [GC (Allocation Failure) [PSYoungGen: 60608K->288K(60928K)] 87734K->27414K(369664K), 0.0023496 secs] [Times: user=0.01 sys=0.00, real=0.00 secs] 
2019-01-03T04:14:47.398+0900: 213133.974: [GC (Allocation Failure) [PSYoungGen: 60704K->320K(60928K)] 87830K->27486K(369664K), 0.0026253 secs] [Times: user=0.00 sys=0.01, real=0.00 secs] 
2019-01-03T04:15:35.353+0900: 213181.929: [GC (Allocation Failure) [PSYoungGen: 60736K->320K(60928K)] 87902K->27486K(369664K), 0.0029917 secs] [Times: user=0.01 sys=0.00, real=0.01 secs] 
2019-01-03T04:16:22.952+0900: 213229.528: [GC (Allocation Failure) [PSYoungGen: 60736K->288K(60928K)] 87902K->27454K(369664K), 0.0027230 secs] [Times: user=0.01 sys=0.01, real=0.01 secs] 
2019-01-03T04:17:10.702+0900: 213277.278: [GC (Allocation Failure) [PSYoungGen: 60704K->352K(60928K)] 87870K->27518K(369664K), 0.0028593 secs] [Times: user=0.01 sys=0.00, real=0.01 secs] 
2019-01-03T04:17:58.382+0900: 213324.957: [GC (Allocation Failure) [PSYoungGen: 60768K->288K(60928K)] 87934K->27454K(369664K), 0.0024706 secs] [Times: user=0.01 sys=0.01, real=0.01 secs] 
2019-01-03T04:18:46.525+0900: 213373.101: [GC (Allocation Failure) [PSYoungGen: 60704K->352K(60928K)] 87870K->27518K(369664K), 0.0025695 secs] [Times: user=0.00 sys=0.01, real=0.00 secs] 
2019-01-03T04:19:34.517+0900: 213421.093: [GC (Allocation Failure) [PSYoungGen: 60768K->224K(60928K)] 87934K->27390K(369664K), 0.0029419 secs] [Times: user=0.02 sys=0.00, real=0.00 secs] 
2019-01-03T04:20:21.911+0900: 213468.487: [GC (Allocation Failure) [PSYoungGen: 60640K->288K(60928K)] 87806K->27454K(369664K), 0.0030180 secs] [Times: user=0.00 sys=0.01, real=0.01 secs] 
2019-01-03T04:21:09.673+0900: 213516.249: [GC (Allocation Failure) [PSYoungGen: 60704K->352K(60928K)] 87870K->27518K(369664K), 0.0029255 secs] [Times: user=0.00 sys=0.01, real=0.01 secs] 
2019-01-03T04:21:57.506+0900: 213564.082: [GC (Allocation Failure) [PSYoungGen: 60768K->352K(60928K)] 87934K->27518K(369664K), 0.0027237 secs] [Times: user=0.00 sys=0.01, real=0.00 secs] 
2019-01-03T04:22:45.318+0900: 213611.894: [GC (Allocation Failure) [PSYoungGen: 60768K->320K(60928K)] 87934K->27486K(369664K), 0.0027569 secs] [Times: user=0.01 sys=0.01, real=0.00 secs] 
2019-01-03T04:23:32.902+0900: 213659.478: [GC (Allocation Failure) [PSYoungGen: 60736K->320K(60928K)] 87902K->27486K(369664K), 0.0029226 secs] [Times: user=0.00 sys=0.01, real=0.01 secs] 
2019-01-03T04:24:20.674+0900: 213707.249: [GC (Allocation Failure) [PSYoungGen: 60736K->320K(60928K)] 87902K->27510K(369664K), 0.0030304 secs] [Times: user=0.01 sys=0.00, real=0.01 secs] 
2019-01-03T04:25:08.354+0900: 213754.930: [GC (Allocation Failure) [PSYoungGen: 60736K->256K(60928K)] 87926K->27494K(369664K), 0.0025264 secs] [Times: user=0.01 sys=0.01, real=0.00 secs] 
2019-01-03T04:25:55.975+0900: 213802.551: [GC (Allocation Failure) [PSYoungGen: 60672K->320K(60928K)] 87910K->27614K(369664K), 0.0028435 secs] [Times: user=0.00 sys=0.01, real=0.00 secs] 
2019-01-03T04:26:43.748+0900: 213850.324: [GC (Allocation Failure) [PSYoungGen: 60736K->256K(60928K)] 88030K->27550K(369664K), 0.0028774 secs] [Times: user=0.01 sys=0.00, real=0.00 secs] 
2019-01-03T04:27:31.654+0900: 213898.230: [GC (Allocation Failure) [PSYoungGen: 60672K->352K(60928K)] 87966K->27646K(369664K), 0.0028622 secs] [Times: user=0.00 sys=0.01, real=0.00 secs] 
2019-01-03T04:28:19.537+0900: 213946.113: [GC (Allocation Failure) [PSYoungGen: 60768K->320K(60928K)] 88062K->27614K(369664K), 0.0024083 secs] [Times: user=0.00 sys=0.01, real=0.00 secs] 
2019-01-03T04:29:07.420+0900: 213993.996: [GC (Allocation Failure) [PSYoungGen: 60736K->288K(60928K)] 88030K->27582K(369664K), 0.0027644 secs] [Times: user=0.01 sys=0.00, real=0.00 secs] 
2019-01-03T04:29:55.148+0900: 214041.724: [GC (Allocation Failure) [PSYoungGen: 60704K->352K(60928K)] 87998K->27646K(369664K), 0.0024277 secs] [Times: user=0.00 sys=0.01, real=0.00 secs] 
2019-01-03T04:30:42.824+0900: 214089.400: [GC (Allocation Failure) [PSYoungGen: 60768K->320K(60928K)] 88062K->27614K(369664K), 0.0030013 secs] [Times: user=0.00 sys=0.01, real=0.00 secs] 
2019-01-03T04:31:30.565+0900: 214137.141: [GC (Allocation Failure) [PSYoungGen: 60736K->256K(60928K)] 88030K->27550K(369664K), 0.0027353 secs] [Times: user=0.01 sys=0.00, real=0.00 secs] 
2019-01-03T04:32:18.428+0900: 214185.004: [GC (Allocation Failure) [PSYoungGen: 60672K->352K(60928K)] 87966K->27646K(369664K), 0.0026296 secs] [Times: user=0.01 sys=0.00, real=0.00 secs] 
2019-01-03T04:33:05.507+0900: 214232.083: [GC (Allocation Failure) [PSYoungGen: 60768K->288K(60928K)] 88062K->27582K(369664K), 0.0029044 secs] [Times: user=0.00 sys=0.01, real=0.00 secs] 
2019-01-03T04:33:53.151+0900: 214279.727: [GC (Allocation Failure) [PSYoungGen: 60704K->320K(60928K)] 87998K->27614K(369664K), 0.0024592 secs] [Times: user=0.01 sys=0.00, real=0.01 secs] 
2019-01-03T04:34:41.350+0900: 214327.926: [GC (Allocation Failure) [PSYoungGen: 60736K->352K(60928K)] 88030K->27646K(369664K), 0.0029888 secs] [Times: user=0.00 sys=0.01, real=0.00 secs] 
2019-01-03T04:35:29.222+0900: 214375.798: [GC (Allocation Failure) [PSYoungGen: 60768K->320K(60928K)] 88062K->27614K(369664K), 0.0027755 secs] [Times: user=0.01 sys=0.00, real=0.01 secs] 
2019-01-03T04:36:16.733+0900: 214423.309: [GC (Allocation Failure) [PSYoungGen: 60736K->320K(60928K)] 88030K->27614K(369664K), 0.0024625 secs] [Times: user=0.01 sys=0.00, real=0.01 secs] 
2019-01-03T04:37:04.536+0900: 214471.112: [GC (Allocation Failure) [PSYoungGen: 60736K->352K(60928K)] 88030K->27646K(369664K), 0.0027579 secs] [Times: user=0.02 sys=0.00, real=0.00 secs] 
2019-01-03T04:37:52.311+0900: 214518.887: [GC (Allocation Failure) [PSYoungGen: 60768K->288K(60928K)] 88062K->27582K(369664K), 0.0024791 secs] [Times: user=0.00 sys=0.01, real=0.00 secs] 
2019-01-03T04:38:40.256+0900: 214566.832: [GC (Allocation Failure) [PSYoungGen: 60704K->320K(60928K)] 87998K->27614K(369664K), 0.0024341 secs] [Times: user=0.01 sys=0.00, real=0.00 secs] 
2019-01-03T04:39:27.513+0900: 214614.089: [GC (Allocation Failure) [PSYoungGen: 60736K->352K(60928K)] 88030K->27646K(369664K), 0.0023503 secs] [Times: user=0.00 sys=0.01, real=0.01 secs] 
2019-01-03T04:40:15.683+0900: 214662.259: [GC (Allocation Failure) [PSYoungGen: 60768K->288K(60928K)] 88062K->27582K(369664K), 0.0029012 secs] [Times: user=0.01 sys=0.01, real=0.01 secs] 
2019-01-03T04:41:03.458+0900: 214710.034: [GC (Allocation Failure) [PSYoungGen: 60704K->352K(60928K)] 87998K->27646K(369664K), 0.0027189 secs] [Times: user=0.00 sys=0.01, real=0.00 secs] 
2019-01-03T04:41:51.256+0900: 214757.832: [GC (Allocation Failure) [PSYoungGen: 60768K->320K(60928K)] 88062K->27614K(369664K), 0.0027304 secs] [Times: user=0.01 sys=0.01, real=0.00 secs] 
2019-01-03T04:42:38.990+0900: 214805.566: [GC (Allocation Failure) [PSYoungGen: 60736K->320K(60928K)] 88030K->27614K(369664K), 0.0030681 secs] [Times: user=0.00 sys=0.01, real=0.00 secs] 
2019-01-03T04:43:26.441+0900: 214853.016: [GC (Allocation Failure) [PSYoungGen: 60736K->320K(60928K)] 88030K->27614K(369664K), 0.0027446 secs] [Times: user=0.00 sys=0.01, real=0.00 secs] 
2019-01-03T04:44:14.155+0900: 214900.731: [GC (Allocation Failure) [PSYoungGen: 60736K->288K(60928K)] 88030K->27582K(369664K), 0.0029906 secs] [Times: user=0.00 sys=0.01, real=0.00 secs] 
2019-01-03T04:45:01.887+0900: 214948.463: [GC (Allocation Failure) [PSYoungGen: 60704K->352K(60928K)] 87998K->27710K(369664K), 0.0023976 secs] [Times: user=0.01 sys=0.01, real=0.00 secs] 
2019-01-03T04:45:50.006+0900: 214996.582: [GC (Allocation Failure) [PSYoungGen: 60768K->320K(60928K)] 88126K->27678K(369664K), 0.0029872 secs] [Times: user=0.00 sys=0.01, real=0.00 secs] 
2019-01-03T04:46:37.913+0900: 215044.489: [GC (Allocation Failure) [PSYoungGen: 60736K->352K(60928K)] 88094K->27710K(369664K), 0.0026965 secs] [Times: user=0.00 sys=0.00, real=0.01 secs] 
2019-01-03T04:47:25.383+0900: 215091.959: [GC (Allocation Failure) [PSYoungGen: 60768K->352K(60928K)] 88126K->27710K(369664K), 0.0029789 secs] [Times: user=0.01 sys=0.00, real=0.01 secs] 
2019-01-03T04:48:13.262+0900: 215139.838: [GC (Allocation Failure) [PSYoungGen: 60768K->352K(60928K)] 88126K->27710K(369664K), 0.0031331 secs] [Times: user=0.00 sys=0.01, real=0.01 secs] 
2019-01-03T04:49:00.800+0900: 215187.375: [GC (Allocation Failure) [PSYoungGen: 60768K->320K(60928K)] 88126K->27678K(369664K), 0.0029491 secs] [Times: user=0.00 sys=0.01, real=0.00 secs] 
2019-01-03T04:49:48.482+0900: 215235.058: [GC (Allocation Failure) [PSYoungGen: 60736K->256K(60928K)] 88094K->27614K(369664K), 0.0030091 secs] [Times: user=0.01 sys=0.00, real=0.01 secs] 
2019-01-03T04:50:36.234+0900: 215282.810: [GC (Allocation Failure) [PSYoungGen: 60672K->256K(60928K)] 88030K->27614K(369664K), 0.0030113 secs] [Times: user=0.00 sys=0.01, real=0.00 secs] 
2019-01-03T04:51:24.091+0900: 215330.666: [GC (Allocation Failure) [PSYoungGen: 60672K->256K(60928K)] 88030K->27614K(369664K), 0.0028067 secs] [Times: user=0.00 sys=0.01, real=0.00 secs] 
2019-01-03T04:52:11.679+0900: 215378.255: [GC (Allocation Failure) [PSYoungGen: 60672K->256K(60928K)] 88030K->27614K(369664K), 0.0059080 secs] [Times: user=0.00 sys=0.01, real=0.01 secs] 
2019-01-03T04:52:59.267+0900: 215425.842: [GC (Allocation Failure) [PSYoungGen: 60672K->160K(60928K)] 88030K->27518K(369664K), 0.0028766 secs] [Times: user=0.01 sys=0.00, real=0.00 secs] 
2019-01-03T04:53:47.104+0900: 215473.680: [GC (Allocation Failure) [PSYoungGen: 60576K->288K(60928K)] 87934K->27646K(369664K), 0.0024209 secs] [Times: user=0.01 sys=0.00, real=0.00 secs] 
2019-01-03T04:54:35.018+0900: 215521.594: [GC (Allocation Failure) [PSYoungGen: 60704K->320K(60928K)] 88062K->27718K(369664K), 0.0023563 secs] [Times: user=0.01 sys=0.00, real=0.00 secs] 
2019-01-03T04:55:22.615+0900: 215569.191: [GC (Allocation Failure) [PSYoungGen: 60736K->352K(60928K)] 88134K->27750K(369664K), 0.0026781 secs] [Times: user=0.01 sys=0.01, real=0.00 secs] 
2019-01-03T04:56:10.267+0900: 215616.843: [GC (Allocation Failure) [PSYoungGen: 60768K->256K(60928K)] 88166K->27654K(369664K), 0.0031263 secs] [Times: user=0.01 sys=0.00, real=0.00 secs] 
2019-01-03T04:56:58.123+0900: 215664.699: [GC (Allocation Failure) [PSYoungGen: 60672K->256K(60928K)] 88070K->27654K(369664K), 0.0024910 secs] [Times: user=0.00 sys=0.01, real=0.01 secs] 
2019-01-03T04:57:45.908+0900: 215712.484: [GC (Allocation Failure) [PSYoungGen: 60672K->352K(60928K)] 88070K->27750K(369664K), 0.0027706 secs] [Times: user=0.00 sys=0.01, real=0.00 secs] 
2019-01-03T04:58:33.462+0900: 215760.038: [GC (Allocation Failure) [PSYoungGen: 60768K->352K(60928K)] 88166K->27750K(369664K), 0.0025862 secs] [Times: user=0.00 sys=0.02, real=0.01 secs] 
2019-01-03T04:59:21.329+0900: 215807.905: [GC (Allocation Failure) [PSYoungGen: 60768K->288K(60928K)] 88166K->27734K(369664K), 0.0023794 secs] [Times: user=0.01 sys=0.01, real=0.00 secs] 
2019-01-03T05:00:09.190+0900: 215855.765: [GC (Allocation Failure) [PSYoungGen: 60704K->288K(60928K)] 88150K->27734K(369664K), 0.0025849 secs] [Times: user=0.01 sys=0.01, real=0.00 secs] 
2019-01-03T05:00:56.630+0900: 215903.205: [GC (Allocation Failure) [PSYoungGen: 60704K->320K(60928K)] 88150K->27766K(369664K), 0.0027351 secs] [Times: user=0.01 sys=0.00, real=0.00 secs] 
2019-01-03T05:01:44.204+0900: 215950.779: [GC (Allocation Failure) [PSYoungGen: 60736K->288K(60928K)] 88182K->27734K(369664K), 0.0028841 secs] [Times: user=0.01 sys=0.00, real=0.01 secs] 
2019-01-03T05:02:32.011+0900: 215998.587: [GC (Allocation Failure) [PSYoungGen: 60704K->352K(60928K)] 88150K->27798K(369664K), 0.0027687 secs] [Times: user=0.00 sys=0.01, real=0.01 secs] 
2019-01-03T05:03:19.263+0900: 216045.839: [GC (Allocation Failure) [PSYoungGen: 60768K->352K(60928K)] 88214K->27798K(369664K), 0.0027556 secs] [Times: user=0.00 sys=0.01, real=0.01 secs] 
2019-01-03T05:04:07.394+0900: 216093.970: [GC (Allocation Failure) [PSYoungGen: 60768K->320K(60928K)] 88214K->27766K(369664K), 0.0024821 secs] [Times: user=0.01 sys=0.01, real=0.00 secs] 
2019-01-03T05:04:54.857+0900: 216141.433: [GC (Allocation Failure) [PSYoungGen: 60736K->256K(60928K)] 88182K->27702K(369664K), 0.0029078 secs] [Times: user=0.00 sys=0.01, real=0.00 secs] 
2019-01-03T05:05:43.329+0900: 216189.905: [GC (Allocation Failure) [PSYoungGen: 60672K->288K(60928K)] 88118K->27734K(369664K), 0.0031272 secs] [Times: user=0.00 sys=0.01, real=0.00 secs] 
2019-01-03T05:06:30.972+0900: 216237.548: [GC (Allocation Failure) [PSYoungGen: 60704K->320K(60928K)] 88150K->27766K(369664K), 0.0026885 secs] [Times: user=0.00 sys=0.01, real=0.01 secs] 
2019-01-03T05:07:19.006+0900: 216285.582: [GC (Allocation Failure) [PSYoungGen: 60736K->288K(60928K)] 88182K->27734K(369664K), 0.0029122 secs] [Times: user=0.00 sys=0.01, real=0.00 secs] 
2019-01-03T05:08:06.341+0900: 216332.917: [GC (Allocation Failure) [PSYoungGen: 60704K->320K(60928K)] 88150K->27766K(369664K), 0.0024542 secs] [Times: user=0.00 sys=0.01, real=0.00 secs] 
2019-01-03T05:08:54.146+0900: 216380.722: [GC (Allocation Failure) [PSYoungGen: 60736K->288K(60928K)] 88182K->27734K(369664K), 0.0032757 secs] [Times: user=0.01 sys=0.00, real=0.00 secs] 
2019-01-03T05:09:42.001+0900: 216428.577: [GC (Allocation Failure) [PSYoungGen: 60704K->288K(60928K)] 88150K->27734K(369664K), 0.0027464 secs] [Times: user=0.01 sys=0.00, real=0.00 secs] 
2019-01-03T05:10:29.503+0900: 216476.079: [GC (Allocation Failure) [PSYoungGen: 60704K->352K(60928K)] 88150K->27798K(369664K), 0.0026556 secs] [Times: user=0.01 sys=0.01, real=0.01 secs] 
2019-01-03T05:11:17.092+0900: 216523.668: [GC (Allocation Failure) [PSYoungGen: 60768K->352K(60928K)] 88214K->27798K(369664K), 0.0026939 secs] [Times: user=0.01 sys=0.01, real=0.01 secs] 
2019-01-03T05:12:05.233+0900: 216571.809: [GC (Allocation Failure) [PSYoungGen: 60768K->320K(60928K)] 88214K->27766K(369664K), 0.0028258 secs] [Times: user=0.02 sys=0.00, real=0.01 secs] 
2019-01-03T05:12:52.810+0900: 216619.386: [GC (Allocation Failure) [PSYoungGen: 60736K->320K(60928K)] 88182K->27774K(369664K), 0.0027496 secs] [Times: user=0.01 sys=0.01, real=0.00 secs] 
2019-01-03T05:13:40.469+0900: 216667.045: [GC (Allocation Failure) [PSYoungGen: 60736K->288K(60928K)] 88190K->27742K(369664K), 0.0029720 secs] [Times: user=0.00 sys=0.00, real=0.00 secs] 
2019-01-03T05:14:27.854+0900: 216714.429: [GC (Allocation Failure) [PSYoungGen: 60704K->256K(60928K)] 88158K->27710K(369664K), 0.0035963 secs] [Times: user=0.00 sys=0.00, real=0.01 secs] 
2019-01-03T05:15:16.049+0900: 216762.625: [GC (Allocation Failure) [PSYoungGen: 60672K->288K(60928K)] 88126K->27774K(369664K), 0.0028552 secs] [Times: user=0.00 sys=0.01, real=0.00 secs] 
2019-01-03T05:16:03.921+0900: 216810.497: [GC (Allocation Failure) [PSYoungGen: 60704K->352K(60928K)] 88190K->27838K(369664K), 0.0025293 secs] [Times: user=0.02 sys=0.00, real=0.00 secs] 
2019-01-03T05:16:51.757+0900: 216858.333: [GC (Allocation Failure) [PSYoungGen: 60768K->320K(60928K)] 88254K->27806K(369664K), 0.0027727 secs] [Times: user=0.00 sys=0.01, real=0.00 secs] 
2019-01-03T05:17:39.597+0900: 216906.173: [GC (Allocation Failure) [PSYoungGen: 60736K->352K(60928K)] 88222K->27838K(369664K), 0.0029708 secs] [Times: user=0.00 sys=0.01, real=0.00 secs] 
2019-01-03T05:18:26.903+0900: 216953.479: [GC (Allocation Failure) [PSYoungGen: 60768K->352K(60928K)] 88254K->27846K(369664K), 0.0024955 secs] [Times: user=0.02 sys=0.00, real=0.01 secs] 
2019-01-03T05:19:14.562+0900: 217001.137: [GC (Allocation Failure) [PSYoungGen: 60768K->352K(60928K)] 88262K->27846K(369664K), 0.0028064 secs] [Times: user=0.00 sys=0.01, real=0.01 secs] 
2019-01-03T05:20:02.335+0900: 217048.911: [GC (Allocation Failure) [PSYoungGen: 60768K->224K(60928K)] 88262K->27718K(369664K), 0.0028253 secs] [Times: user=0.01 sys=0.01, real=0.00 secs] 
2019-01-03T05:20:50.446+0900: 217097.021: [GC (Allocation Failure) [PSYoungGen: 60640K->352K(60928K)] 88134K->27846K(369664K), 0.0028597 secs] [Times: user=0.00 sys=0.01, real=0.00 secs] 
2019-01-03T05:21:38.283+0900: 217144.859: [GC (Allocation Failure) [PSYoungGen: 60768K->352K(60928K)] 88262K->27846K(369664K), 0.0030182 secs] [Times: user=0.00 sys=0.01, real=0.01 secs] 
2019-01-03T05:22:26.170+0900: 217192.746: [GC (Allocation Failure) [PSYoungGen: 60768K->352K(60928K)] 88262K->27846K(369664K), 0.0027368 secs] [Times: user=0.01 sys=0.00, real=0.00 secs] 
2019-01-03T05:23:13.839+0900: 217240.415: [GC (Allocation Failure) [PSYoungGen: 60768K->352K(60928K)] 88262K->27846K(369664K), 0.0030062 secs] [Times: user=0.00 sys=0.01, real=0.00 secs] 
2019-01-03T05:24:01.781+0900: 217288.357: [GC (Allocation Failure) [PSYoungGen: 60768K->352K(60928K)] 88262K->27910K(369664K), 0.0023770 secs] [Times: user=0.00 sys=0.00, real=0.00 secs] 
2019-01-03T05:24:49.495+0900: 217336.071: [GC (Allocation Failure) [PSYoungGen: 60768K->352K(60928K)] 88326K->27910K(369664K), 0.0024984 secs] [Times: user=0.00 sys=0.01, real=0.00 secs] 
2019-01-03T05:25:37.206+0900: 217383.781: [GC (Allocation Failure) [PSYoungGen: 60768K->320K(60928K)] 88326K->27878K(369664K), 0.0026728 secs] [Times: user=0.00 sys=0.01, real=0.00 secs] 
2019-01-03T05:26:25.141+0900: 217431.716: [GC (Allocation Failure) [PSYoungGen: 60736K->352K(60928K)] 88294K->27910K(369664K), 0.0028864 secs] [Times: user=0.01 sys=0.01, real=0.00 secs] 
2019-01-03T05:27:12.972+0900: 217479.548: [GC (Allocation Failure) [PSYoungGen: 60768K->352K(60928K)] 88326K->27910K(369664K), 0.0031949 secs] [Times: user=0.00 sys=0.02, real=0.01 secs] 
2019-01-03T05:28:00.748+0900: 217527.324: [GC (Allocation Failure) [PSYoungGen: 60768K->320K(60928K)] 88326K->27878K(369664K), 0.0029706 secs] [Times: user=0.00 sys=0.01, real=0.00 secs] 
2019-01-03T05:28:48.393+0900: 217574.969: [GC (Allocation Failure) [PSYoungGen: 60736K->288K(60928K)] 88294K->27846K(369664K), 0.0028121 secs] [Times: user=0.01 sys=0.01, real=0.01 secs] 
2019-01-03T05:29:36.549+0900: 217623.124: [GC (Allocation Failure) [PSYoungGen: 60704K->256K(60928K)] 88262K->27814K(369664K), 0.0028963 secs] [Times: user=0.00 sys=0.01, real=0.00 secs] 
2019-01-03T05:30:23.911+0900: 217670.487: [GC (Allocation Failure) [PSYoungGen: 60672K->256K(60928K)] 88230K->27814K(369664K), 0.0029383 secs] [Times: user=0.00 sys=0.01, real=0.01 secs] 
2019-01-03T05:31:11.692+0900: 217718.268: [GC (Allocation Failure) [PSYoungGen: 60672K->320K(60928K)] 88230K->27878K(369664K), 0.0026362 secs] [Times: user=0.01 sys=0.01, real=0.01 secs] 
2019-01-03T05:31:59.370+0900: 217765.946: [GC (Allocation Failure) [PSYoungGen: 60736K->320K(60928K)] 88294K->27878K(369664K), 0.0030982 secs] [Times: user=0.00 sys=0.01, real=0.00 secs] 
2019-01-03T05:32:47.294+0900: 217813.870: [GC (Allocation Failure) [PSYoungGen: 60736K->320K(60928K)] 88294K->27878K(369664K), 0.0025743 secs] [Times: user=0.00 sys=0.01, real=0.00 secs] 
2019-01-03T05:33:35.146+0900: 217861.722: [GC (Allocation Failure) [PSYoungGen: 60736K->288K(60928K)] 88294K->27846K(369664K), 0.0025219 secs] [Times: user=0.01 sys=0.00, real=0.00 secs] 
2019-01-03T05:34:22.674+0900: 217909.250: [GC (Allocation Failure) [PSYoungGen: 60704K->352K(60928K)] 88262K->27910K(369664K), 0.0029071 secs] [Times: user=0.00 sys=0.01, real=0.00 secs] 
2019-01-03T05:35:10.494+0900: 217957.070: [GC (Allocation Failure) [PSYoungGen: 60768K->352K(60928K)] 88326K->27910K(369664K), 0.0029528 secs] [Times: user=0.01 sys=0.00, real=0.00 secs] 
2019-01-03T05:35:58.450+0900: 218005.026: [GC (Allocation Failure) [PSYoungGen: 60768K->224K(60928K)] 88326K->27782K(369664K), 0.0029839 secs] [Times: user=0.00 sys=0.01, real=0.00 secs] 
2019-01-03T05:36:46.258+0900: 218052.834: [GC (Allocation Failure) [PSYoungGen: 60640K->256K(60928K)] 88198K->27814K(369664K), 0.0025587 secs] [Times: user=0.00 sys=0.01, real=0.00 secs] 
2019-01-03T05:37:33.989+0900: 218100.565: [GC (Allocation Failure) [PSYoungGen: 60672K->320K(60928K)] 88230K->27878K(369664K), 0.0027524 secs] [Times: user=0.01 sys=0.00, real=0.00 secs] 
2019-01-03T05:38:21.614+0900: 218148.190: [GC (Allocation Failure) [PSYoungGen: 60736K->288K(60928K)] 88294K->27846K(369664K), 0.0027430 secs] [Times: user=0.00 sys=0.01, real=0.00 secs] 
2019-01-03T05:39:09.348+0900: 218195.924: [GC (Allocation Failure) [PSYoungGen: 60704K->256K(60928K)] 88262K->27814K(369664K), 0.0030557 secs] [Times: user=0.00 sys=0.01, real=0.00 secs] 
2019-01-03T05:39:56.999+0900: 218243.575: [GC (Allocation Failure) [PSYoungGen: 60672K->352K(60928K)] 88230K->27910K(369664K), 0.0028517 secs] [Times: user=0.00 sys=0.01, real=0.00 secs] 
2019-01-03T05:40:44.699+0900: 218291.275: [GC (Allocation Failure) [PSYoungGen: 60768K->352K(60928K)] 88326K->27910K(369664K), 0.0026509 secs] [Times: user=0.00 sys=0.02, real=0.00 secs] 
2019-01-03T05:41:32.527+0900: 218339.103: [GC (Allocation Failure) [PSYoungGen: 60768K->352K(60928K)] 88326K->27910K(369664K), 0.0028437 secs] [Times: user=0.00 sys=0.01, real=0.00 secs] 
2019-01-03T05:42:20.422+0900: 218386.998: [GC (Allocation Failure) [PSYoungGen: 60768K->256K(60928K)] 88326K->27814K(369664K), 0.0028081 secs] [Times: user=0.00 sys=0.01, real=0.01 secs] 
2019-01-03T05:43:07.796+0900: 218434.372: [GC (Allocation Failure) [PSYoungGen: 60672K->288K(60928K)] 88230K->27846K(369664K), 0.0026585 secs] [Times: user=0.01 sys=0.00, real=0.00 secs] 
2019-01-03T05:43:55.478+0900: 218482.054: [GC (Allocation Failure) [PSYoungGen: 60704K->288K(60928K)] 88262K->27846K(369664K), 0.0027069 secs] [Times: user=0.00 sys=0.00, real=0.00 secs] 
2019-01-03T05:44:43.200+0900: 218529.776: [GC (Allocation Failure) [PSYoungGen: 60704K->320K(60928K)] 88262K->27910K(369664K), 0.0025955 secs] [Times: user=0.01 sys=0.00, real=0.00 secs] 
2019-01-03T05:45:31.112+0900: 218577.688: [GC (Allocation Failure) [PSYoungGen: 60736K->320K(60928K)] 88326K->27926K(369664K), 0.0028267 secs] [Times: user=0.01 sys=0.00, real=0.01 secs] 
2019-01-03T05:46:18.932+0900: 218625.508: [GC (Allocation Failure) [PSYoungGen: 60736K->256K(60928K)] 88342K->27862K(369664K), 0.0027621 secs] [Times: user=0.00 sys=0.01, real=0.01 secs] 
2019-01-03T05:47:06.712+0900: 218673.288: [GC (Allocation Failure) [PSYoungGen: 60672K->288K(60928K)] 88278K->27894K(369664K), 0.0029655 secs] [Times: user=0.00 sys=0.01, real=0.01 secs] 
2019-01-03T05:47:54.680+0900: 218721.255: [GC (Allocation Failure) [PSYoungGen: 60704K->288K(60928K)] 88310K->27894K(369664K), 0.0028878 secs] [Times: user=0.01 sys=0.00, real=0.00 secs] 
2019-01-03T05:48:42.198+0900: 218768.774: [GC (Allocation Failure) [PSYoungGen: 60704K->256K(60928K)] 88310K->27862K(369664K), 0.0029411 secs] [Times: user=0.01 sys=0.00, real=0.00 secs] 
2019-01-03T05:49:30.278+0900: 218816.854: [GC (Allocation Failure) [PSYoungGen: 60672K->256K(60928K)] 88278K->27862K(369664K), 0.0028467 secs] [Times: user=0.01 sys=0.00, real=0.00 secs] 
2019-01-03T05:50:18.312+0900: 218864.887: [GC (Allocation Failure) [PSYoungGen: 60672K->320K(60928K)] 88278K->27958K(369664K), 0.0029871 secs] [Times: user=0.00 sys=0.01, real=0.01 secs] 
2019-01-03T05:51:05.661+0900: 218912.237: [GC (Allocation Failure) [PSYoungGen: 60736K->256K(60928K)] 88374K->27894K(369664K), 0.0027357 secs] [Times: user=0.01 sys=0.01, real=0.01 secs] 
2019-01-03T05:51:53.556+0900: 218960.132: [GC (Allocation Failure) [PSYoungGen: 60672K->352K(60928K)] 88310K->27990K(369664K), 0.0029971 secs] [Times: user=0.01 sys=0.00, real=0.00 secs] 
2019-01-03T05:52:41.504+0900: 219008.080: [GC (Allocation Failure) [PSYoungGen: 60768K->320K(60928K)] 88406K->27958K(369664K), 0.0026784 secs] [Times: user=0.00 sys=0.01, real=0.00 secs] 
2019-01-03T05:53:29.253+0900: 219055.829: [GC (Allocation Failure) [PSYoungGen: 60736K->320K(60928K)] 88374K->27958K(369664K), 0.0027610 secs] [Times: user=0.01 sys=0.00, real=0.01 secs] 
2019-01-03T05:54:16.959+0900: 219103.535: [GC (Allocation Failure) [PSYoungGen: 60736K->352K(60928K)] 88374K->28006K(369664K), 0.0028521 secs] [Times: user=0.00 sys=0.01, real=0.00 secs] 
2019-01-03T05:55:04.636+0900: 219151.212: [GC (Allocation Failure) [PSYoungGen: 60768K->288K(60928K)] 88422K->27942K(369664K), 0.0027238 secs] [Times: user=0.00 sys=0.01, real=0.00 secs] 
2019-01-03T05:55:52.827+0900: 219199.403: [GC (Allocation Failure) [PSYoungGen: 60704K->288K(60928K)] 88358K->27974K(369664K), 0.0043161 secs] [Times: user=0.03 sys=0.00, real=0.00 secs] 
2019-01-03T05:56:40.785+0900: 219247.361: [GC (Allocation Failure) [PSYoungGen: 60704K->352K(60928K)] 88390K->28038K(369664K), 0.0027879 secs] [Times: user=0.00 sys=0.01, real=0.00 secs] 
2019-01-03T05:57:28.208+0900: 219294.784: [GC (Allocation Failure) [PSYoungGen: 60768K->352K(60928K)] 88454K->28038K(369664K), 0.0023871 secs] [Times: user=0.01 sys=0.01, real=0.00 secs] 
2019-01-03T05:58:16.052+0900: 219342.628: [GC (Allocation Failure) [PSYoungGen: 60768K->352K(60928K)] 88454K->28038K(369664K), 0.0028867 secs] [Times: user=0.01 sys=0.00, real=0.01 secs] 
2019-01-03T05:59:03.806+0900: 219390.382: [GC (Allocation Failure) [PSYoungGen: 60768K->320K(60928K)] 88454K->28006K(369664K), 0.0028822 secs] [Times: user=0.01 sys=0.00, real=0.00 secs] 
2019-01-03T05:59:51.782+0900: 219438.358: [GC (Allocation Failure) [PSYoungGen: 60736K->352K(60928K)] 88422K->28038K(369664K), 0.0025075 secs] [Times: user=0.00 sys=0.01, real=0.01 secs] 
2019-01-03T06:00:39.793+0900: 219486.369: [GC (Allocation Failure) [PSYoungGen: 60768K->320K(60928K)] 88454K->28006K(369664K), 0.0028400 secs] [Times: user=0.01 sys=0.00, real=0.01 secs] 
2019-01-03T06:01:27.301+0900: 219533.877: [GC (Allocation Failure) [PSYoungGen: 60736K->288K(60928K)] 88422K->27974K(369664K), 0.0024891 secs] [Times: user=0.00 sys=0.01, real=0.00 secs] 
2019-01-03T06:02:15.250+0900: 219581.826: [GC (Allocation Failure) [PSYoungGen: 60704K->352K(60928K)] 88390K->28038K(369664K), 0.0029833 secs] [Times: user=0.01 sys=0.00, real=0.00 secs] 
2019-01-03T06:03:02.240+0900: 219628.816: [GC (Allocation Failure) [PSYoungGen: 60768K->352K(60928K)] 88454K->28038K(369664K), 0.0026845 secs] [Times: user=0.00 sys=0.01, real=0.00 secs] 
2019-01-03T06:03:50.065+0900: 219676.641: [GC (Allocation Failure) [PSYoungGen: 60768K->320K(60928K)] 88454K->28006K(369664K), 0.0025031 secs] [Times: user=0.01 sys=0.00, real=0.00 secs] 
2019-01-03T06:04:37.821+0900: 219724.396: [GC (Allocation Failure) [PSYoungGen: 60736K->352K(60928K)] 88422K->28038K(369664K), 0.0028635 secs] [Times: user=0.01 sys=0.01, real=0.00 secs] 
2019-01-03T06:05:25.497+0900: 219772.073: [GC (Allocation Failure) [PSYoungGen: 60768K->320K(60928K)] 88454K->28006K(369664K), 0.0025022 secs] [Times: user=0.00 sys=0.01, real=0.00 secs] 
2019-01-03T06:06:13.386+0900: 219819.961: [GC (Allocation Failure) [PSYoungGen: 60736K->352K(60928K)] 88422K->28038K(369664K), 0.0025578 secs] [Times: user=0.01 sys=0.01, real=0.00 secs] 
2019-01-03T06:07:01.234+0900: 219867.810: [GC (Allocation Failure) [PSYoungGen: 60768K->352K(60928K)] 88454K->28046K(369664K), 0.0027834 secs] [Times: user=0.01 sys=0.00, real=0.00 secs] 
2019-01-03T06:07:48.876+0900: 219915.452: [GC (Allocation Failure) [PSYoungGen: 60768K->352K(60928K)] 88462K->28046K(369664K), 0.0027681 secs] [Times: user=0.00 sys=0.01, real=0.00 secs] 
2019-01-03T06:08:36.514+0900: 219963.090: [GC (Allocation Failure) [PSYoungGen: 60768K->352K(60928K)] 88462K->28046K(369664K), 0.0028590 secs] [Times: user=0.00 sys=0.01, real=0.00 secs] 
2019-01-03T06:09:24.393+0900: 220010.969: [GC (Allocation Failure) [PSYoungGen: 60768K->320K(60928K)] 88462K->28054K(369664K), 0.0024930 secs] [Times: user=0.02 sys=0.00, real=0.01 secs] 
2019-01-03T06:10:12.281+0900: 220058.857: [GC (Allocation Failure) [PSYoungGen: 60736K->352K(60928K)] 88470K->28086K(369664K), 0.0026232 secs] [Times: user=0.01 sys=0.00, real=0.01 secs] 
2019-01-03T06:11:00.025+0900: 220106.601: [GC (Allocation Failure) [PSYoungGen: 60768K->256K(60928K)] 88502K->27990K(369664K), 0.0025089 secs] [Times: user=0.00 sys=0.01, real=0.00 secs] 
2019-01-03T06:11:47.692+0900: 220154.268: [GC (Allocation Failure) [PSYoungGen: 60672K->288K(60928K)] 88406K->28022K(369664K), 0.0032685 secs] [Times: user=0.01 sys=0.00, real=0.01 secs] 
2019-01-03T06:12:35.530+0900: 220202.106: [GC (Allocation Failure) [PSYoungGen: 60704K->352K(60928K)] 88438K->28086K(369664K), 0.0023947 secs] [Times: user=0.00 sys=0.00, real=0.00 secs] 
2019-01-03T06:13:23.305+0900: 220249.881: [GC (Allocation Failure) [PSYoungGen: 60768K->320K(60928K)] 88502K->28054K(369664K), 0.0029480 secs] [Times: user=0.01 sys=0.01, real=0.00 secs] 
2019-01-03T06:14:10.888+0900: 220297.464: [GC (Allocation Failure) [PSYoungGen: 60736K->320K(60928K)] 88470K->28062K(369664K), 0.0030603 secs] [Times: user=0.00 sys=0.01, real=0.00 secs] 
2019-01-03T06:14:58.684+0900: 220345.260: [GC (Allocation Failure) [PSYoungGen: 60736K->256K(60928K)] 88478K->28038K(369664K), 0.0028709 secs] [Times: user=0.00 sys=0.01, real=0.00 secs] 
2019-01-03T06:15:46.611+0900: 220393.187: [GC (Allocation Failure) [PSYoungGen: 60672K->352K(60928K)] 88454K->28134K(369664K), 0.0024318 secs] [Times: user=0.01 sys=0.00, real=0.01 secs] 
2019-01-03T06:16:34.428+0900: 220441.004: [GC (Allocation Failure) [PSYoungGen: 60768K->224K(60928K)] 88550K->28006K(369664K), 0.0027093 secs] [Times: user=0.01 sys=0.01, real=0.00 secs] 
2019-01-03T06:17:22.006+0900: 220488.581: [GC (Allocation Failure) [PSYoungGen: 60640K->320K(60928K)] 88422K->28102K(369664K), 0.0026724 secs] [Times: user=0.00 sys=0.01, real=0.00 secs] 
2019-01-03T06:18:09.632+0900: 220536.208: [GC (Allocation Failure) [PSYoungGen: 60736K->352K(60928K)] 88518K->28134K(369664K), 0.0024707 secs] [Times: user=0.00 sys=0.01, real=0.01 secs] 
2019-01-03T06:18:57.444+0900: 220584.020: [GC (Allocation Failure) [PSYoungGen: 60768K->352K(60928K)] 88550K->28134K(369664K), 0.0029351 secs] [Times: user=0.00 sys=0.01, real=0.00 secs] 
2019-01-03T06:19:45.260+0900: 220631.835: [GC (Allocation Failure) [PSYoungGen: 60768K->320K(60928K)] 88550K->28102K(369664K), 0.0027125 secs] [Times: user=0.00 sys=0.01, real=0.00 secs] 
2019-01-03T06:20:33.053+0900: 220679.629: [GC (Allocation Failure) [PSYoungGen: 60736K->320K(60928K)] 88518K->28102K(369664K), 0.0030672 secs] [Times: user=0.01 sys=0.00, real=0.01 secs] 
2019-01-03T06:21:20.943+0900: 220727.518: [GC (Allocation Failure) [PSYoungGen: 60736K->352K(60928K)] 88518K->28134K(369664K), 0.0029116 secs] [Times: user=0.00 sys=0.02, real=0.01 secs] 
2019-01-03T06:22:08.806+0900: 220775.382: [GC (Allocation Failure) [PSYoungGen: 60768K->256K(60928K)] 88550K->28038K(369664K), 0.0028545 secs] [Times: user=0.00 sys=0.01, real=0.00 secs] 
2019-01-03T06:22:56.325+0900: 220822.901: [GC (Allocation Failure) [PSYoungGen: 60672K->288K(60928K)] 88454K->28070K(369664K), 0.0032186 secs] [Times: user=0.00 sys=0.01, real=0.00 secs] 
2019-01-03T06:23:43.951+0900: 220870.527: [GC (Allocation Failure) [PSYoungGen: 60704K->352K(60928K)] 88486K->28134K(369664K), 0.0026457 secs] [Times: user=0.00 sys=0.01, real=0.01 secs] 
2019-01-03T06:24:31.817+0900: 220918.393: [GC (Allocation Failure) [PSYoungGen: 60768K->320K(60928K)] 88550K->28134K(369664K), 0.0023414 secs] [Times: user=0.00 sys=0.01, real=0.00 secs] 
2019-01-03T06:25:19.805+0900: 220966.381: [GC (Allocation Failure) [PSYoungGen: 60736K->320K(60928K)] 88550K->28134K(369664K), 0.0026332 secs] [Times: user=0.01 sys=0.00, real=0.00 secs] 
2019-01-03T06:26:07.362+0900: 221013.938: [GC (Allocation Failure) [PSYoungGen: 60736K->288K(60928K)] 88550K->28102K(369664K), 0.0027833 secs] [Times: user=0.02 sys=0.00, real=0.01 secs] 
2019-01-03T06:26:55.390+0900: 221061.966: [GC (Allocation Failure) [PSYoungGen: 60704K->224K(60928K)] 88518K->28038K(369664K), 0.0027742 secs] [Times: user=0.00 sys=0.01, real=0.00 secs] 
2019-01-03T06:27:43.312+0900: 221109.888: [GC (Allocation Failure) [PSYoungGen: 60640K->320K(60928K)] 88454K->28134K(369664K), 0.0027111 secs] [Times: user=0.00 sys=0.01, real=0.01 secs] 
2019-01-03T06:28:30.770+0900: 221157.345: [GC (Allocation Failure) [PSYoungGen: 60736K->288K(60928K)] 88550K->28102K(369664K), 0.0028660 secs] [Times: user=0.00 sys=0.01, real=0.00 secs] 
2019-01-03T06:29:18.883+0900: 221205.459: [GC (Allocation Failure) [PSYoungGen: 60704K->352K(60928K)] 88518K->28182K(369664K), 0.0028223 secs] [Times: user=0.01 sys=0.01, real=0.01 secs] 
2019-01-03T06:30:06.660+0900: 221253.236: [GC (Allocation Failure) [PSYoungGen: 60768K->352K(60928K)] 88598K->28182K(369664K), 0.0028180 secs] [Times: user=0.01 sys=0.01, real=0.00 secs] 
2019-01-03T06:30:54.370+0900: 221300.946: [GC (Allocation Failure) [PSYoungGen: 60768K->320K(60928K)] 88598K->28166K(369664K), 0.0027801 secs] [Times: user=0.01 sys=0.00, real=0.00 secs] 
2019-01-03T06:31:42.277+0900: 221348.852: [GC (Allocation Failure) [PSYoungGen: 60736K->288K(60928K)] 88582K->28134K(369664K), 0.0028976 secs] [Times: user=0.00 sys=0.01, real=0.00 secs] 
2019-01-03T06:32:29.785+0900: 221396.361: [GC (Allocation Failure) [PSYoungGen: 60704K->320K(60928K)] 88550K->28166K(369664K), 0.0030026 secs] [Times: user=0.01 sys=0.00, real=0.00 secs] 
2019-01-03T06:33:17.250+0900: 221443.826: [GC (Allocation Failure) [PSYoungGen: 60736K->352K(60928K)] 88582K->28198K(369664K), 0.0026435 secs] [Times: user=0.01 sys=0.00, real=0.00 secs] 
2019-01-03T06:34:04.852+0900: 221491.428: [GC (Allocation Failure) [PSYoungGen: 60768K->320K(60928K)] 88614K->28166K(369664K), 0.0028367 secs] [Times: user=0.00 sys=0.01, real=0.01 secs] 
2019-01-03T06:34:53.152+0900: 221539.728: [GC (Allocation Failure) [PSYoungGen: 60736K->320K(60928K)] 88582K->28166K(369664K), 0.0028201 secs] [Times: user=0.01 sys=0.01, real=0.01 secs] 
2019-01-03T06:35:40.576+0900: 221587.152: [GC (Allocation Failure) [PSYoungGen: 60736K->288K(60928K)] 88582K->28134K(369664K), 0.0030560 secs] [Times: user=0.01 sys=0.00, real=0.00 secs] 
2019-01-03T06:36:28.362+0900: 221634.938: [GC (Allocation Failure) [PSYoungGen: 60704K->352K(60928K)] 88550K->28198K(369664K), 0.0028378 secs] [Times: user=0.00 sys=0.01, real=0.01 secs] 
2019-01-03T06:37:16.076+0900: 221682.652: [GC (Allocation Failure) [PSYoungGen: 60768K->256K(60928K)] 88614K->28102K(369664K), 0.0029325 secs] [Times: user=0.00 sys=0.01, real=0.00 secs] 
2019-01-03T06:38:03.699+0900: 221730.275: [GC (Allocation Failure) [PSYoungGen: 60672K->256K(60928K)] 88518K->28102K(369664K), 0.0026420 secs] [Times: user=0.00 sys=0.00, real=0.00 secs] 
2019-01-03T06:38:51.350+0900: 221777.926: [GC (Allocation Failure) [PSYoungGen: 60672K->288K(60928K)] 88518K->28134K(369664K), 0.0031855 secs] [Times: user=0.00 sys=0.01, real=0.00 secs] 
2019-01-03T06:39:39.499+0900: 221826.075: [GC (Allocation Failure) [PSYoungGen: 60704K->320K(60928K)] 88550K->28166K(369664K), 0.0029622 secs] [Times: user=0.00 sys=0.01, real=0.00 secs] 
2019-01-03T06:40:26.752+0900: 221873.328: [GC (Allocation Failure) [PSYoungGen: 60736K->288K(60928K)] 88582K->28134K(369664K), 0.0030168 secs] [Times: user=0.00 sys=0.01, real=0.01 secs] 
2019-01-03T06:41:14.561+0900: 221921.137: [GC (Allocation Failure) [PSYoungGen: 60704K->352K(60928K)] 88550K->28198K(369664K), 0.0024629 secs] [Times: user=0.01 sys=0.00, real=0.00 secs] 
2019-01-03T06:42:02.403+0900: 221968.979: [GC (Allocation Failure) [PSYoungGen: 60768K->288K(60928K)] 88614K->28134K(369664K), 0.0027159 secs] [Times: user=0.00 sys=0.02, real=0.01 secs] 
2019-01-03T06:42:50.305+0900: 222016.880: [GC (Allocation Failure) [PSYoungGen: 60704K->352K(60928K)] 88550K->28198K(369664K), 0.0025176 secs] [Times: user=0.01 sys=0.00, real=0.00 secs] 
2019-01-03T06:43:38.287+0900: 222064.863: [GC (Allocation Failure) [PSYoungGen: 60768K->352K(60928K)] 88614K->28198K(369664K), 0.0027604 secs] [Times: user=0.01 sys=0.01, real=0.00 secs] 
2019-01-03T06:44:25.696+0900: 222112.272: [GC (Allocation Failure) [PSYoungGen: 60768K->320K(60928K)] 88614K->28166K(369664K), 0.0027726 secs] [Times: user=0.01 sys=0.00, real=0.00 secs] 
2019-01-03T06:45:13.895+0900: 222160.471: [GC (Allocation Failure) [PSYoungGen: 60736K->352K(60928K)] 88582K->28222K(369664K), 0.0024464 secs] [Times: user=0.00 sys=0.01, real=0.00 secs] 
2019-01-03T06:46:01.738+0900: 222208.314: [GC (Allocation Failure) [PSYoungGen: 60768K->352K(60928K)] 88638K->28222K(369664K), 0.0029376 secs] [Times: user=0.00 sys=0.01, real=0.00 secs] 
2019-01-03T06:46:49.289+0900: 222255.864: [GC (Allocation Failure) [PSYoungGen: 60768K->288K(60928K)] 88638K->28158K(369664K), 0.0028430 secs] [Times: user=0.01 sys=0.00, real=0.00 secs] 
2019-01-03T06:47:37.006+0900: 222303.582: [GC (Allocation Failure) [PSYoungGen: 60704K->288K(60928K)] 88574K->28158K(369664K), 0.0026988 secs] [Times: user=0.00 sys=0.02, real=0.00 secs] 
2019-01-03T06:48:24.720+0900: 222351.295: [GC (Allocation Failure) [PSYoungGen: 60704K->320K(60928K)] 88574K->28190K(369664K), 0.0030684 secs] [Times: user=0.00 sys=0.01, real=0.00 secs] 
2019-01-03T06:49:12.320+0900: 222398.896: [GC (Allocation Failure) [PSYoungGen: 60736K->352K(60928K)] 88606K->28222K(369664K), 0.0027108 secs] [Times: user=0.00 sys=0.01, real=0.00 secs] 
2019-01-03T06:50:00.042+0900: 222446.618: [GC (Allocation Failure) [PSYoungGen: 60768K->352K(60928K)] 88638K->28222K(369664K), 0.0024444 secs] [Times: user=0.00 sys=0.01, real=0.01 secs] 
2019-01-03T06:50:48.233+0900: 222494.809: [GC (Allocation Failure) [PSYoungGen: 60768K->352K(60928K)] 88638K->28222K(369664K), 0.0029832 secs] [Times: user=0.01 sys=0.01, real=0.01 secs] 
2019-01-03T06:51:36.027+0900: 222542.603: [GC (Allocation Failure) [PSYoungGen: 60768K->352K(60928K)] 88638K->28222K(369664K), 0.0028630 secs] [Times: user=0.00 sys=0.01, real=0.00 secs] 
2019-01-03T06:52:23.632+0900: 222590.208: [GC (Allocation Failure) [PSYoungGen: 60768K->320K(60928K)] 88638K->28190K(369664K), 0.0030023 secs] [Times: user=0.00 sys=0.01, real=0.01 secs] 
2019-01-03T06:53:11.480+0900: 222638.056: [GC (Allocation Failure) [PSYoungGen: 60736K->352K(60928K)] 88606K->28230K(369664K), 0.0024012 secs] [Times: user=0.00 sys=0.01, real=0.00 secs] 
2019-01-03T06:53:59.015+0900: 222685.591: [GC (Allocation Failure) [PSYoungGen: 60768K->256K(60928K)] 88646K->28134K(369664K), 0.0028240 secs] [Times: user=0.00 sys=0.01, real=0.00 secs] 
2019-01-03T06:54:47.213+0900: 222733.789: [GC (Allocation Failure) [PSYoungGen: 60672K->352K(60928K)] 88550K->28238K(369664K), 0.0029440 secs] [Times: user=0.01 sys=0.00, real=0.01 secs] 
2019-01-03T06:55:35.045+0900: 222781.621: [GC (Allocation Failure) [PSYoungGen: 60768K->352K(60928K)] 88654K->28238K(369664K), 0.0029581 secs] [Times: user=0.00 sys=0.01, real=0.00 secs] 
2019-01-03T06:56:22.692+0900: 222829.268: [GC (Allocation Failure) [PSYoungGen: 60768K->352K(60928K)] 88654K->28238K(369664K), 0.0028149 secs] [Times: user=0.01 sys=0.00, real=0.01 secs] 
2019-01-03T06:57:10.626+0900: 222877.202: [GC (Allocation Failure) [PSYoungGen: 60768K->288K(60928K)] 88654K->28174K(369664K), 0.0026638 secs] [Times: user=0.01 sys=0.00, real=0.00 secs] 
2019-01-03T06:57:57.978+0900: 222924.554: [GC (Allocation Failure) [PSYoungGen: 60704K->288K(60928K)] 88590K->28174K(369664K), 0.0031110 secs] [Times: user=0.00 sys=0.01, real=0.00 secs] 
2019-01-03T06:58:45.806+0900: 222972.382: [GC (Allocation Failure) [PSYoungGen: 60704K->320K(60928K)] 88590K->28206K(369664K), 0.0025245 secs] [Times: user=0.01 sys=0.00, real=0.00 secs] 
2019-01-03T06:59:33.808+0900: 223020.384: [GC (Allocation Failure) [PSYoungGen: 60736K->352K(60928K)] 88622K->28238K(369664K), 0.0028376 secs] [Times: user=0.02 sys=0.00, real=0.00 secs] 
2019-01-03T07:00:21.561+0900: 223068.137: [GC (Allocation Failure) [PSYoungGen: 60768K->320K(60928K)] 88654K->28206K(369664K), 0.0028595 secs] [Times: user=0.01 sys=0.00, real=0.01 secs] 
2019-01-03T07:01:09.500+0900: 223116.076: [GC (Allocation Failure) [PSYoungGen: 60736K->256K(60928K)] 88622K->28150K(369664K), 0.0030048 secs] [Times: user=0.01 sys=0.00, real=0.00 secs] 
2019-01-03T07:01:56.940+0900: 223163.516: [GC (Allocation Failure) [PSYoungGen: 60672K->288K(60928K)] 88566K->28182K(369664K), 0.0026547 secs] [Times: user=0.02 sys=0.00, real=0.00 secs] 
2019-01-03T07:02:45.046+0900: 223211.622: [GC (Allocation Failure) [PSYoungGen: 60703K->224K(60928K)] 88598K->28134K(369664K), 0.0027518 secs] [Times: user=0.00 sys=0.01, real=0.00 secs] 
2019-01-03T07:03:32.329+0900: 223258.905: [GC (Allocation Failure) [PSYoungGen: 60640K->320K(60928K)] 88550K->28230K(369664K), 0.0027501 secs] [Times: user=0.01 sys=0.00, real=0.00 secs] 
2019-01-03T07:04:20.082+0900: 223306.658: [GC (Allocation Failure) [PSYoungGen: 60736K->288K(60928K)] 88646K->28198K(369664K), 0.0028581 secs] [Times: user=0.01 sys=0.00, real=0.01 secs] 
2019-01-03T07:05:07.976+0900: 223354.552: [GC (Allocation Failure) [PSYoungGen: 60704K->352K(60928K)] 88614K->28262K(369664K), 0.0028179 secs] [Times: user=0.01 sys=0.00, real=0.00 secs] 
2019-01-03T07:05:55.922+0900: 223402.497: [GC (Allocation Failure) [PSYoungGen: 60768K->320K(60928K)] 88678K->28230K(369664K), 0.0030325 secs] [Times: user=0.02 sys=0.00, real=0.01 secs] 
2019-01-03T07:06:43.792+0900: 223450.368: [GC (Allocation Failure) [PSYoungGen: 60736K->352K(60928K)] 88646K->28262K(369664K), 0.0026929 secs] [Times: user=0.00 sys=0.01, real=0.01 secs] 
2019-01-03T07:07:31.309+0900: 223497.885: [GC (Allocation Failure) [PSYoungGen: 60768K->288K(60928K)] 88678K->28198K(369664K), 0.0023978 secs] [Times: user=0.01 sys=0.00, real=0.00 secs] 
2019-01-03T07:08:19.013+0900: 223545.589: [GC (Allocation Failure) [PSYoungGen: 60704K->352K(60928K)] 88614K->28262K(369664K), 0.0029721 secs] [Times: user=0.00 sys=0.01, real=0.01 secs] 
2019-01-03T07:09:06.798+0900: 223593.374: [GC (Allocation Failure) [PSYoungGen: 60768K->352K(60928K)] 88678K->28262K(369664K), 0.0029087 secs] [Times: user=0.00 sys=0.01, real=0.00 secs] 
2019-01-03T07:09:54.651+0900: 223641.227: [GC (Allocation Failure) [PSYoungGen: 60768K->320K(60928K)] 88678K->28230K(369664K), 0.0028339 secs] [Times: user=0.01 sys=0.00, real=0.01 secs] 
2019-01-03T07:10:42.069+0900: 223688.645: [GC (Allocation Failure) [PSYoungGen: 60736K->320K(60928K)] 88646K->28230K(369664K), 0.0027183 secs] [Times: user=0.02 sys=0.00, real=0.00 secs] 
2019-01-03T07:11:29.922+0900: 223736.498: [GC (Allocation Failure) [PSYoungGen: 60736K->288K(60928K)] 88646K->28198K(369664K), 0.0024878 secs] [Times: user=0.01 sys=0.00, real=0.01 secs] 
2019-01-03T07:12:17.450+0900: 223784.026: [GC (Allocation Failure) [PSYoungGen: 60704K->288K(60928K)] 88614K->28198K(369664K), 0.0024513 secs] [Times: user=0.01 sys=0.00, real=0.00 secs] 
2019-01-03T07:13:04.879+0900: 223831.455: [GC (Allocation Failure) [PSYoungGen: 60704K->288K(60928K)] 88614K->28198K(369664K), 0.0031309 secs] [Times: user=0.00 sys=0.01, real=0.00 secs] 
2019-01-03T07:13:52.837+0900: 223879.413: [GC (Allocation Failure) [PSYoungGen: 60704K->352K(60928K)] 88614K->28262K(369664K), 0.0028237 secs] [Times: user=0.01 sys=0.00, real=0.00 secs] 
2019-01-03T07:14:40.098+0900: 223926.674: [GC (Allocation Failure) [PSYoungGen: 60768K->352K(60928K)] 88678K->28270K(369664K), 0.0029445 secs] [Times: user=0.01 sys=0.00, real=0.00 secs] 
2019-01-03T07:15:27.725+0900: 223974.300: [GC (Allocation Failure) [PSYoungGen: 60768K->352K(60928K)] 88686K->28278K(369664K), 0.0027781 secs] [Times: user=0.00 sys=0.01, real=0.00 secs] 
2019-01-03T07:16:15.482+0900: 224022.058: [GC (Allocation Failure) [PSYoungGen: 60768K->320K(60928K)] 88694K->28254K(369664K), 0.0029974 secs] [Times: user=0.01 sys=0.01, real=0.01 secs] 
2019-01-03T07:17:02.959+0900: 224069.535: [GC (Allocation Failure) [PSYoungGen: 60736K->320K(60928K)] 88670K->28262K(369664K), 0.0028478 secs] [Times: user=0.00 sys=0.01, real=0.00 secs] 
2019-01-03T07:17:50.868+0900: 224117.444: [GC (Allocation Failure) [PSYoungGen: 60736K->352K(60928K)] 88678K->28294K(369664K), 0.0024916 secs] [Times: user=0.00 sys=0.01, real=0.00 secs] 
2019-01-03T07:18:38.816+0900: 224165.392: [GC (Allocation Failure) [PSYoungGen: 60768K->288K(60928K)] 88710K->28230K(369664K), 0.0029016 secs] [Times: user=0.00 sys=0.01, real=0.00 secs] 
2019-01-03T07:19:26.285+0900: 224212.861: [GC (Allocation Failure) [PSYoungGen: 60704K->352K(60928K)] 88646K->28294K(369664K), 0.0029201 secs] [Times: user=0.00 sys=0.01, real=0.00 secs] 
2019-01-03T07:20:14.335+0900: 224260.911: [GC (Allocation Failure) [PSYoungGen: 60768K->352K(60928K)] 88710K->28294K(369664K), 0.0028772 secs] [Times: user=0.01 sys=0.00, real=0.00 secs] 
2019-01-03T07:21:01.632+0900: 224308.208: [GC (Allocation Failure) [PSYoungGen: 60768K->352K(60928K)] 88710K->28294K(369664K), 0.0025246 secs] [Times: user=0.01 sys=0.01, real=0.01 secs] 
2019-01-03T07:21:49.571+0900: 224356.147: [GC (Allocation Failure) [PSYoungGen: 60768K->288K(60928K)] 88710K->28230K(369664K), 0.0024070 secs] [Times: user=0.00 sys=0.01, real=0.00 secs] 
2019-01-03T07:22:37.018+0900: 224403.594: [GC (Allocation Failure) [PSYoungGen: 60704K->320K(60928K)] 88646K->28262K(369664K), 0.0027283 secs] [Times: user=0.01 sys=0.01, real=0.00 secs] 
2019-01-03T07:23:25.218+0900: 224451.794: [GC (Allocation Failure) [PSYoungGen: 60736K->352K(60928K)] 88678K->28294K(369664K), 0.0025813 secs] [Times: user=0.01 sys=0.00, real=0.00 secs] 
2019-01-03T07:24:12.414+0900: 224498.990: [GC (Allocation Failure) [PSYoungGen: 60768K->352K(60928K)] 88710K->28318K(369664K), 0.0029929 secs] [Times: user=0.00 sys=0.01, real=0.00 secs] 
2019-01-03T07:25:00.400+0900: 224546.976: [GC (Allocation Failure) [PSYoungGen: 60768K->320K(60928K)] 88734K->28286K(369664K), 0.0027153 secs] [Times: user=0.01 sys=0.00, real=0.00 secs] 
2019-01-03T07:25:47.925+0900: 224594.501: [GC (Allocation Failure) [PSYoungGen: 60736K->320K(60928K)] 88702K->28286K(369664K), 0.0029038 secs] [Times: user=0.01 sys=0.01, real=0.00 secs] 
2019-01-03T07:26:35.987+0900: 224642.563: [GC (Allocation Failure) [PSYoungGen: 60736K->352K(60928K)] 88702K->28326K(369664K), 0.0028623 secs] [Times: user=0.01 sys=0.00, real=0.00 secs] 
2019-01-03T07:27:23.729+0900: 224690.305: [GC (Allocation Failure) [PSYoungGen: 60768K->352K(60928K)] 88742K->28326K(369664K), 0.0029208 secs] [Times: user=0.01 sys=0.00, real=0.00 secs] 
2019-01-03T07:28:10.731+0900: 224737.307: [GC (Allocation Failure) [PSYoungGen: 60768K->352K(60928K)] 88742K->28326K(369664K), 0.0025760 secs] [Times: user=0.01 sys=0.00, real=0.01 secs] 
2019-01-03T07:28:58.509+0900: 224785.085: [GC (Allocation Failure) [PSYoungGen: 60768K->320K(60928K)] 88742K->28294K(369664K), 0.0031273 secs] [Times: user=0.00 sys=0.01, real=0.00 secs] 
2019-01-03T07:29:46.259+0900: 224832.835: [GC (Allocation Failure) [PSYoungGen: 60736K->224K(60928K)] 88710K->28198K(369664K), 0.0023727 secs] [Times: user=0.01 sys=0.00, real=0.00 secs] 
2019-01-03T07:30:33.994+0900: 224880.570: [GC (Allocation Failure) [PSYoungGen: 60640K->320K(60928K)] 88614K->28294K(369664K), 0.0028103 secs] [Times: user=0.00 sys=0.01, real=0.01 secs] 
2019-01-03T07:31:21.855+0900: 224928.431: [GC (Allocation Failure) [PSYoungGen: 60736K->320K(60928K)] 88710K->28294K(369664K), 0.0028302 secs] [Times: user=0.00 sys=0.01, real=0.00 secs] 
2019-01-03T07:32:09.342+0900: 224975.918: [GC (Allocation Failure) [PSYoungGen: 60736K->352K(60928K)] 88710K->28326K(369664K), 0.0024596 secs] [Times: user=0.00 sys=0.01, real=0.01 secs] 
2019-01-03T07:32:56.992+0900: 225023.568: [GC (Allocation Failure) [PSYoungGen: 60768K->256K(60928K)] 88742K->28230K(369664K), 0.0028788 secs] [Times: user=0.00 sys=0.01, real=0.01 secs] 
2019-01-03T07:33:44.725+0900: 225071.301: [GC (Allocation Failure) [PSYoungGen: 60672K->320K(60928K)] 88646K->28294K(369664K), 0.0026207 secs] [Times: user=0.01 sys=0.00, real=0.00 secs] 
2019-01-03T07:34:32.696+0900: 225119.272: [GC (Allocation Failure) [PSYoungGen: 60736K->256K(60928K)] 88710K->28230K(369664K), 0.0029258 secs] [Times: user=0.00 sys=0.01, real=0.00 secs] 
2019-01-03T07:35:20.079+0900: 225166.655: [GC (Allocation Failure) [PSYoungGen: 60672K->320K(60928K)] 88646K->28294K(369664K), 0.0028561 secs] [Times: user=0.01 sys=0.00, real=0.00 secs] 
2019-01-03T07:36:07.754+0900: 225214.330: [GC (Allocation Failure) [PSYoungGen: 60736K->352K(60928K)] 88710K->28326K(369664K), 0.0024576 secs] [Times: user=0.01 sys=0.00, real=0.00 secs] 
2019-01-03T07:36:55.461+0900: 225262.037: [GC (Allocation Failure) [PSYoungGen: 60768K->352K(60928K)] 88742K->28326K(369664K), 0.0024314 secs] [Times: user=0.01 sys=0.00, real=0.01 secs] 
2019-01-03T07:37:43.650+0900: 225310.226: [GC (Allocation Failure) [PSYoungGen: 60768K->320K(60928K)] 88742K->28294K(369664K), 0.0024355 secs] [Times: user=0.00 sys=0.01, real=0.00 secs] 
2019-01-03T07:38:31.552+0900: 225358.128: [GC (Allocation Failure) [PSYoungGen: 60736K->288K(60928K)] 88710K->28262K(369664K), 0.0029780 secs] [Times: user=0.00 sys=0.00, real=0.01 secs] 
2019-01-03T07:39:19.036+0900: 225405.612: [GC (Allocation Failure) [PSYoungGen: 60704K->352K(60928K)] 88678K->28326K(369664K), 0.0028963 secs] [Times: user=0.00 sys=0.01, real=0.00 secs] 
2019-01-03T07:40:06.802+0900: 225453.378: [GC (Allocation Failure) [PSYoungGen: 60768K->352K(60928K)] 88742K->28326K(369664K), 0.0029418 secs] [Times: user=0.00 sys=0.01, real=0.01 secs] 
2019-01-03T07:40:54.572+0900: 225501.148: [GC (Allocation Failure) [PSYoungGen: 60768K->256K(60928K)] 88742K->28230K(369664K), 0.0028396 secs] [Times: user=0.00 sys=0.01, real=0.01 secs] 
2019-01-03T07:41:42.231+0900: 225548.807: [GC (Allocation Failure) [PSYoungGen: 60672K->320K(60928K)] 88646K->28294K(369664K), 0.0026155 secs] [Times: user=0.01 sys=0.00, real=0.01 secs] 
2019-01-03T07:42:29.765+0900: 225596.341: [GC (Allocation Failure) [PSYoungGen: 60736K->320K(60928K)] 88710K->28294K(369664K), 0.0024577 secs] [Times: user=0.00 sys=0.01, real=0.00 secs] 
2019-01-03T07:43:17.150+0900: 225643.726: [GC (Allocation Failure) [PSYoungGen: 60736K->352K(60928K)] 88710K->28326K(369664K), 0.0030231 secs] [Times: user=0.02 sys=0.00, real=0.00 secs] 
2019-01-03T07:44:04.888+0900: 225691.464: [GC (Allocation Failure) [PSYoungGen: 60768K->352K(60928K)] 88742K->28326K(369664K), 0.0027049 secs] [Times: user=0.02 sys=0.00, real=0.00 secs] 
2019-01-03T07:44:52.476+0900: 225739.052: [GC (Allocation Failure) [PSYoungGen: 60768K->320K(60928K)] 88742K->28326K(369664K), 0.0024298 secs] [Times: user=0.00 sys=0.00, real=0.00 secs] 
2019-01-03T07:45:40.303+0900: 225786.879: [GC (Allocation Failure) [PSYoungGen: 60736K->352K(60928K)] 88742K->28358K(369664K), 0.0028181 secs] [Times: user=0.01 sys=0.01, real=0.01 secs] 
2019-01-03T07:46:28.134+0900: 225834.710: [GC (Allocation Failure) [PSYoungGen: 60768K->320K(60928K)] 88774K->28326K(369664K), 0.0027698 secs] [Times: user=0.00 sys=0.01, real=0.00 secs] 
2019-01-03T07:47:15.773+0900: 225882.349: [GC (Allocation Failure) [PSYoungGen: 60736K->352K(60928K)] 88742K->28358K(369664K), 0.0024102 secs] [Times: user=0.00 sys=0.01, real=0.01 secs] 
2019-01-03T07:48:03.803+0900: 225930.379: [GC (Allocation Failure) [PSYoungGen: 60768K->288K(60928K)] 88774K->28294K(369664K), 0.0028961 secs] [Times: user=0.01 sys=0.00, real=0.01 secs] 
2019-01-03T07:48:51.357+0900: 225977.932: [GC (Allocation Failure) [PSYoungGen: 60704K->288K(60928K)] 88710K->28294K(369664K), 0.0031010 secs] [Times: user=0.01 sys=0.01, real=0.00 secs] 
2019-01-03T07:49:39.025+0900: 226025.601: [GC (Allocation Failure) [PSYoungGen: 60704K->352K(60928K)] 88710K->28358K(369664K), 0.0029354 secs] [Times: user=0.00 sys=0.01, real=0.00 secs] 
2019-01-03T07:50:26.738+0900: 226073.313: [GC (Allocation Failure) [PSYoungGen: 60768K->352K(60928K)] 88774K->28358K(369664K), 0.0025304 secs] [Times: user=0.02 sys=0.00, real=0.00 secs] 
2019-01-03T07:51:14.484+0900: 226121.060: [GC (Allocation Failure) [PSYoungGen: 60768K->288K(60928K)] 88774K->28294K(369664K), 0.0028119 secs] [Times: user=0.01 sys=0.00, real=0.00 secs] 
2019-01-03T07:52:02.120+0900: 226168.696: [GC (Allocation Failure) [PSYoungGen: 60704K->352K(60928K)] 88710K->28358K(369664K), 0.0030598 secs] [Times: user=0.02 sys=0.00, real=0.00 secs] 
2019-01-03T07:52:49.613+0900: 226216.189: [GC (Allocation Failure) [PSYoungGen: 60767K->224K(60928K)] 88774K->28230K(369664K), 0.0024617 secs] [Times: user=0.00 sys=0.00, real=0.01 secs] 
2019-01-03T07:53:37.504+0900: 226264.080: [GC (Allocation Failure) [PSYoungGen: 60640K->288K(60928K)] 88646K->28294K(369664K), 0.0029826 secs] [Times: user=0.00 sys=0.01, real=0.00 secs] 
2019-01-03T07:54:25.487+0900: 226312.063: [GC (Allocation Failure) [PSYoungGen: 60704K->352K(60928K)] 88710K->28374K(369664K), 0.0027539 secs] [Times: user=0.00 sys=0.01, real=0.00 secs] 
2019-01-03T07:55:12.892+0900: 226359.468: [GC (Allocation Failure) [PSYoungGen: 60768K->320K(60928K)] 88790K->28342K(369664K), 0.0024422 secs] [Times: user=0.00 sys=0.01, real=0.01 secs] 
2019-01-03T07:56:00.391+0900: 226406.966: [GC (Allocation Failure) [PSYoungGen: 60736K->320K(60928K)] 88758K->28342K(369664K), 0.0029907 secs] [Times: user=0.01 sys=0.01, real=0.00 secs] 
2019-01-03T07:56:48.164+0900: 226454.740: [GC (Allocation Failure) [PSYoungGen: 60736K->352K(60928K)] 88758K->28374K(369664K), 0.0028003 secs] [Times: user=0.01 sys=0.01, real=0.00 secs] 
2019-01-03T07:57:35.465+0900: 226502.041: [GC (Allocation Failure) [PSYoungGen: 60768K->320K(60928K)] 88790K->28342K(369664K), 0.0032716 secs] [Times: user=0.00 sys=0.01, real=0.00 secs] 
2019-01-03T07:58:23.345+0900: 226549.921: [GC (Allocation Failure) [PSYoungGen: 60736K->288K(60928K)] 88758K->28310K(369664K), 0.0027149 secs] [Times: user=0.01 sys=0.00, real=0.00 secs] 
2019-01-03T07:59:10.999+0900: 226597.575: [GC (Allocation Failure) [PSYoungGen: 60704K->352K(60928K)] 88726K->28374K(369664K), 0.0029577 secs] [Times: user=0.00 sys=0.01, real=0.00 secs] 
2019-01-03T07:59:58.825+0900: 226645.401: [GC (Allocation Failure) [PSYoungGen: 60768K->352K(60928K)] 88790K->28374K(369664K), 0.0030096 secs] [Times: user=0.01 sys=0.00, real=0.00 secs] 
2019-01-03T08:00:46.427+0900: 226693.003: [GC (Allocation Failure) [PSYoungGen: 60768K->352K(60928K)] 88790K->28374K(369664K), 0.0024870 secs] [Times: user=0.00 sys=0.01, real=0.00 secs] 
2019-01-03T08:01:34.420+0900: 226740.996: [GC (Allocation Failure) [PSYoungGen: 60768K->320K(60928K)] 88790K->28342K(369664K), 0.0023365 secs] [Times: user=0.00 sys=0.01, real=0.00 secs] 
2019-01-03T08:02:22.410+0900: 226788.986: [GC (Allocation Failure) [PSYoungGen: 60736K->320K(60928K)] 88758K->28342K(369664K), 0.0026023 secs] [Times: user=0.01 sys=0.00, real=0.00 secs] 
2019-01-03T08:03:09.454+0900: 226836.029: [GC (Allocation Failure) [PSYoungGen: 60736K->288K(60928K)] 88758K->28310K(369664K), 0.0029405 secs] [Times: user=0.00 sys=0.01, real=0.01 secs] 
2019-01-03T08:03:57.107+0900: 226883.683: [GC (Allocation Failure) [PSYoungGen: 60704K->352K(60928K)] 88726K->28374K(369664K), 0.0028060 secs] [Times: user=0.00 sys=0.01, real=0.00 secs] 
2019-01-03T08:04:44.814+0900: 226931.390: [GC (Allocation Failure) [PSYoungGen: 60768K->288K(60928K)] 88790K->28310K(369664K), 0.0024347 secs] [Times: user=0.00 sys=0.01, real=0.00 secs] 
2019-01-03T08:05:32.474+0900: 226979.050: [GC (Allocation Failure) [PSYoungGen: 60704K->288K(60928K)] 88726K->28310K(369664K), 0.0029915 secs] [Times: user=0.00 sys=0.01, real=0.01 secs] 
2019-01-03T08:06:19.988+0900: 227026.564: [GC (Allocation Failure) [PSYoungGen: 60704K->352K(60928K)] 88726K->28374K(369664K), 0.0027772 secs] [Times: user=0.00 sys=0.01, real=0.00 secs] 
2019-01-03T08:07:07.844+0900: 227074.420: [GC (Allocation Failure) [PSYoungGen: 60768K->288K(60928K)] 88790K->28310K(369664K), 0.0029369 secs] [Times: user=0.00 sys=0.01, real=0.00 secs] 
2019-01-03T08:07:55.832+0900: 227122.408: [GC (Allocation Failure) [PSYoungGen: 60704K->352K(60928K)] 88726K->28374K(369664K), 0.0023475 secs] [Times: user=0.00 sys=0.01, real=0.01 secs] 
2019-01-03T08:08:43.830+0900: 227170.406: [GC (Allocation Failure) [PSYoungGen: 60768K->320K(60928K)] 88790K->28342K(369664K), 0.0028092 secs] [Times: user=0.02 sys=0.00, real=0.00 secs] 
2019-01-03T08:09:31.428+0900: 227218.004: [GC (Allocation Failure) [PSYoungGen: 60736K->256K(60928K)] 88758K->28278K(369664K), 0.0025471 secs] [Times: user=0.01 sys=0.00, real=0.00 secs] 
2019-01-03T08:10:19.267+0900: 227265.843: [GC (Allocation Failure) [PSYoungGen: 60672K->320K(60928K)] 88694K->28342K(369664K), 0.0032664 secs] [Times: user=0.00 sys=0.01, real=0.00 secs] 
2019-01-03T08:11:06.717+0900: 227313.293: [GC (Allocation Failure) [PSYoungGen: 60736K->288K(60928K)] 88758K->28310K(369664K), 0.0028169 secs] [Times: user=0.00 sys=0.01, real=0.00 secs] 
2019-01-03T08:11:54.413+0900: 227360.988: [GC (Allocation Failure) [PSYoungGen: 60704K->256K(60928K)] 88726K->28278K(369664K), 0.0028817 secs] [Times: user=0.00 sys=0.01, real=0.01 secs] 
2019-01-03T08:12:42.183+0900: 227408.759: [GC (Allocation Failure) [PSYoungGen: 60672K->224K(60928K)] 88694K->28262K(369664K), 0.0029284 secs] [Times: user=0.01 sys=0.00, real=0.01 secs] 
2019-01-03T08:13:30.147+0900: 227456.723: [GC (Allocation Failure) [PSYoungGen: 60640K->320K(60928K)] 88678K->28358K(369664K), 0.0028326 secs] [Times: user=0.00 sys=0.01, real=0.00 secs] 
2019-01-03T08:14:17.969+0900: 227504.545: [GC (Allocation Failure) [PSYoungGen: 60736K->352K(60928K)] 88774K->28390K(369664K), 0.0025904 secs] [Times: user=0.00 sys=0.01, real=0.00 secs] 
2019-01-03T08:15:05.512+0900: 227552.088: [GC (Allocation Failure) [PSYoungGen: 60768K->352K(60928K)] 88806K->28406K(369664K), 0.0028518 secs] [Times: user=0.00 sys=0.01, real=0.01 secs] 
2019-01-03T08:15:53.169+0900: 227599.745: [GC (Allocation Failure) [PSYoungGen: 60768K->352K(60928K)] 88822K->28406K(369664K), 0.0029888 secs] [Times: user=0.01 sys=0.00, real=0.00 secs] 
2019-01-03T08:16:40.855+0900: 227647.431: [GC (Allocation Failure) [PSYoungGen: 60768K->352K(60928K)] 88822K->28406K(369664K), 0.0028368 secs] [Times: user=0.02 sys=0.00, real=0.00 secs] 
2019-01-03T08:17:28.487+0900: 227695.063: [GC (Allocation Failure) [PSYoungGen: 60768K->320K(60928K)] 88822K->28374K(369664K), 0.0028427 secs] [Times: user=0.00 sys=0.01, real=0.00 secs] 
2019-01-03T08:18:16.214+0900: 227742.790: [GC (Allocation Failure) [PSYoungGen: 60736K->352K(60928K)] 88790K->28414K(369664K), 0.0026785 secs] [Times: user=0.00 sys=0.01, real=0.00 secs] 
2019-01-03T08:19:03.778+0900: 227790.354: [GC (Allocation Failure) [PSYoungGen: 60768K->320K(60928K)] 88830K->28382K(369664K), 0.0029849 secs] [Times: user=0.00 sys=0.01, real=0.00 secs] 
2019-01-03T08:19:51.818+0900: 227838.393: [GC (Allocation Failure) [PSYoungGen: 60736K->352K(60928K)] 88798K->28414K(369664K), 0.0026419 secs] [Times: user=0.01 sys=0.00, real=0.00 secs] 
2019-01-03T08:20:39.392+0900: 227885.968: [GC (Allocation Failure) [PSYoungGen: 60768K->320K(60928K)] 88830K->28382K(369664K), 0.0025204 secs] [Times: user=0.00 sys=0.01, real=0.01 secs] 
2019-01-03T08:21:27.094+0900: 227933.670: [GC (Allocation Failure) [PSYoungGen: 60736K->352K(60928K)] 88798K->28414K(369664K), 0.0027696 secs] [Times: user=0.01 sys=0.01, real=0.00 secs] 
2019-01-03T08:22:14.577+0900: 227981.153: [GC (Allocation Failure) [PSYoungGen: 60768K->352K(60928K)] 88830K->28414K(369664K), 0.0027213 secs] [Times: user=0.01 sys=0.00, real=0.00 secs] 
2019-01-03T08:23:02.275+0900: 228028.851: [GC (Allocation Failure) [PSYoungGen: 60768K->320K(60928K)] 88830K->28382K(369664K), 0.0027910 secs] [Times: user=0.02 sys=0.00, real=0.00 secs] 
2019-01-03T08:23:49.871+0900: 228076.447: [GC (Allocation Failure) [PSYoungGen: 60736K->288K(60928K)] 88798K->28374K(369664K), 0.0029567 secs] [Times: user=0.01 sys=0.01, real=0.01 secs] 
2019-01-03T08:24:37.604+0900: 228124.180: [GC (Allocation Failure) [PSYoungGen: 60704K->352K(60928K)] 88790K->28446K(369664K), 0.0028055 secs] [Times: user=0.01 sys=0.01, real=0.00 secs] 
2019-01-03T08:25:25.252+0900: 228171.828: [GC (Allocation Failure) [PSYoungGen: 60768K->320K(60928K)] 88862K->28414K(369664K), 0.0026506 secs] [Times: user=0.00 sys=0.01, real=0.01 secs] 
2019-01-03T08:26:13.051+0900: 228219.627: [GC (Allocation Failure) [PSYoungGen: 60736K->352K(60928K)] 88830K->28446K(369664K), 0.0031483 secs] [Times: user=0.00 sys=0.01, real=0.01 secs] 
2019-01-03T08:27:00.735+0900: 228267.311: [GC (Allocation Failure) [PSYoungGen: 60768K->288K(60928K)] 88862K->28390K(369664K), 0.0027495 secs] [Times: user=0.01 sys=0.00, real=0.00 secs] 
2019-01-03T08:27:48.838+0900: 228315.414: [GC (Allocation Failure) [PSYoungGen: 60704K->352K(60928K)] 88806K->28454K(369664K), 0.0024970 secs] [Times: user=0.02 sys=0.00, real=0.00 secs] 
2019-01-03T08:28:36.769+0900: 228363.344: [GC (Allocation Failure) [PSYoungGen: 60768K->288K(60928K)] 88870K->28390K(369664K), 0.0028797 secs] [Times: user=0.00 sys=0.01, real=0.00 secs] 
2019-01-03T08:29:24.227+0900: 228410.803: [GC (Allocation Failure) [PSYoungGen: 60704K->288K(60928K)] 88806K->28390K(369664K), 0.0029125 secs] [Times: user=0.01 sys=0.01, real=0.00 secs] 
2019-01-03T08:30:11.967+0900: 228458.543: [GC (Allocation Failure) [PSYoungGen: 60704K->256K(60928K)] 88806K->28358K(369664K), 0.0025724 secs] [Times: user=0.00 sys=0.00, real=0.00 secs] 
2019-01-03T08:30:59.893+0900: 228506.469: [GC (Allocation Failure) [PSYoungGen: 60672K->256K(60928K)] 88774K->28358K(369664K), 0.0027266 secs] [Times: user=0.00 sys=0.01, real=0.01 secs] 
2019-01-03T08:31:47.803+0900: 228554.379: [GC (Allocation Failure) [PSYoungGen: 60672K->288K(60928K)] 88774K->28390K(369664K), 0.0028146 secs] [Times: user=0.00 sys=0.01, real=0.01 secs] 
2019-01-03T08:32:35.773+0900: 228602.348: [GC (Allocation Failure) [PSYoungGen: 60704K->352K(60928K)] 88806K->28454K(369664K), 0.0028820 secs] [Times: user=0.01 sys=0.01, real=0.01 secs] 
2019-01-03T08:33:22.877+0900: 228649.453: [GC (Allocation Failure) [PSYoungGen: 60768K->352K(60928K)] 88870K->28454K(369664K), 0.0032271 secs] [Times: user=0.01 sys=0.01, real=0.00 secs] 
2019-01-03T08:34:10.483+0900: 228697.059: [GC (Allocation Failure) [PSYoungGen: 60768K->320K(60928K)] 88870K->28422K(369664K), 0.0029272 secs] [Times: user=0.01 sys=0.00, real=0.01 secs] 
2019-01-03T08:34:58.346+0900: 228744.922: [GC (Allocation Failure) [PSYoungGen: 60736K->352K(60928K)] 88838K->28454K(369664K), 0.0026075 secs] [Times: user=0.00 sys=0.01, real=0.00 secs] 
2019-01-03T08:35:46.025+0900: 228792.601: [GC (Allocation Failure) [PSYoungGen: 60768K->288K(60928K)] 88870K->28390K(369664K), 0.0027913 secs] [Times: user=0.01 sys=0.00, real=0.00 secs] 
2019-01-03T08:36:33.946+0900: 228840.522: [GC (Allocation Failure) [PSYoungGen: 60704K->320K(60928K)] 88806K->28422K(369664K), 0.0029656 secs] [Times: user=0.00 sys=0.01, real=0.00 secs] 
2019-01-03T08:37:21.788+0900: 228888.364: [GC (Allocation Failure) [PSYoungGen: 60736K->288K(60928K)] 88838K->28390K(369664K), 0.0027868 secs] [Times: user=0.00 sys=0.01, real=0.00 secs] 
2019-01-03T08:38:09.334+0900: 228935.910: [GC (Allocation Failure) [PSYoungGen: 60704K->320K(60928K)] 88806K->28422K(369664K), 0.0028487 secs] [Times: user=0.00 sys=0.01, real=0.00 secs] 
2019-01-03T08:38:57.029+0900: 228983.605: [GC (Allocation Failure) [PSYoungGen: 60736K->320K(60928K)] 88838K->28430K(369664K), 0.0024157 secs] [Times: user=0.02 sys=0.00, real=0.00 secs] 
2019-01-03T08:39:44.792+0900: 229031.368: [GC (Allocation Failure) [PSYoungGen: 60736K->352K(60928K)] 88846K->28462K(369664K), 0.0026280 secs] [Times: user=0.00 sys=0.01, real=0.01 secs] 
2019-01-03T08:40:32.728+0900: 229079.304: [GC (Allocation Failure) [PSYoungGen: 60768K->352K(60928K)] 88878K->28462K(369664K), 0.0029329 secs] [Times: user=0.00 sys=0.01, real=0.00 secs] 
2019-01-03T08:41:20.355+0900: 229126.931: [GC (Allocation Failure) [PSYoungGen: 60768K->352K(60928K)] 88878K->28462K(369664K), 0.0027505 secs] [Times: user=0.02 sys=0.00, real=0.00 secs] 
2019-01-03T08:42:08.350+0900: 229174.926: [GC (Allocation Failure) [PSYoungGen: 60768K->256K(60928K)] 88878K->28366K(369664K), 0.0027677 secs] [Times: user=0.00 sys=0.01, real=0.00 secs] 
2019-01-03T08:42:55.564+0900: 229222.140: [GC (Allocation Failure) [PSYoungGen: 60672K->256K(60928K)] 88782K->28366K(369664K), 0.0028390 secs] [Times: user=0.00 sys=0.01, real=0.00 secs] 
2019-01-03T08:43:43.419+0900: 229269.995: [GC (Allocation Failure) [PSYoungGen: 60672K->352K(60928K)] 88782K->28462K(369664K), 0.0029803 secs] [Times: user=0.00 sys=0.01, real=0.00 secs] 
2019-01-03T08:44:31.020+0900: 229317.596: [GC (Allocation Failure) [PSYoungGen: 60768K->352K(60928K)] 88878K->28462K(369664K), 0.0029285 secs] [Times: user=0.00 sys=0.01, real=0.00 secs] 
2019-01-03T08:45:18.632+0900: 229365.208: [GC (Allocation Failure) [PSYoungGen: 60768K->320K(60928K)] 88878K->28462K(369664K), 0.0030116 secs] [Times: user=0.02 sys=0.00, real=0.01 secs] 
2019-01-03T08:46:06.293+0900: 229412.869: [GC (Allocation Failure) [PSYoungGen: 60736K->320K(60928K)] 88878K->28462K(369664K), 0.0028060 secs] [Times: user=0.00 sys=0.01, real=0.01 secs] 
2019-01-03T08:46:53.839+0900: 229460.415: [GC (Allocation Failure) [PSYoungGen: 60736K->320K(60928K)] 88878K->28462K(369664K), 0.0027847 secs] [Times: user=0.00 sys=0.01, real=0.00 secs] 
2019-01-03T08:47:41.671+0900: 229508.247: [GC (Allocation Failure) [PSYoungGen: 60736K->320K(60928K)] 88878K->28462K(369664K), 0.0028405 secs] [Times: user=0.01 sys=0.00, real=0.01 secs] 
2019-01-03T08:48:29.171+0900: 229555.747: [GC (Allocation Failure) [PSYoungGen: 60736K->352K(60928K)] 88878K->28494K(369664K), 0.0030672 secs] [Times: user=0.01 sys=0.00, real=0.01 secs] 
2019-01-03T08:49:17.046+0900: 229603.622: [GC (Allocation Failure) [PSYoungGen: 60768K->352K(60928K)] 88910K->28494K(369664K), 0.0031303 secs] [Times: user=0.01 sys=0.00, real=0.00 secs] 
2019-01-03T08:50:04.578+0900: 229651.154: [GC (Allocation Failure) [PSYoungGen: 60768K->352K(60928K)] 88910K->28494K(369664K), 0.0028362 secs] [Times: user=0.01 sys=0.00, real=0.00 secs] 
2019-01-03T08:50:52.250+0900: 229698.826: [GC (Allocation Failure) [PSYoungGen: 60768K->352K(60928K)] 88910K->28494K(369664K), 0.0027606 secs] [Times: user=0.01 sys=0.00, real=0.00 secs] 
2019-01-03T08:51:39.850+0900: 229746.426: [GC (Allocation Failure) [PSYoungGen: 60768K->288K(60928K)] 88910K->28430K(369664K), 0.0028933 secs] [Times: user=0.00 sys=0.01, real=0.00 secs] 
2019-01-03T08:52:27.510+0900: 229794.086: [GC (Allocation Failure) [PSYoungGen: 60704K->288K(60928K)] 88846K->28430K(369664K), 0.0027917 secs] [Times: user=0.01 sys=0.00, real=0.00 secs] 
2019-01-03T08:53:15.325+0900: 229841.901: [GC (Allocation Failure) [PSYoungGen: 60704K->320K(60928K)] 88846K->28462K(369664K), 0.0024286 secs] [Times: user=0.00 sys=0.01, real=0.00 secs] 
2019-01-03T08:54:03.244+0900: 229889.820: [GC (Allocation Failure) [PSYoungGen: 60736K->320K(60928K)] 88878K->28462K(369664K), 0.0029040 secs] [Times: user=0.02 sys=0.00, real=0.00 secs] 
2019-01-03T08:54:51.262+0900: 229937.838: [GC (Allocation Failure) [PSYoungGen: 60736K->352K(60928K)] 88878K->28502K(369664K), 0.0027987 secs] [Times: user=0.00 sys=0.01, real=0.01 secs] 
2019-01-03T08:55:38.631+0900: 229985.206: [GC (Allocation Failure) [PSYoungGen: 60768K->352K(60928K)] 88918K->28502K(369664K), 0.0025948 secs] [Times: user=0.00 sys=0.01, real=0.00 secs] 
2019-01-03T08:56:26.700+0900: 230033.276: [GC (Allocation Failure) [PSYoungGen: 60768K->288K(60928K)] 88918K->28446K(369664K), 0.0023957 secs] [Times: user=0.00 sys=0.01, real=0.00 secs] 
2019-01-03T08:57:14.005+0900: 230080.581: [GC (Allocation Failure) [PSYoungGen: 60704K->288K(60928K)] 88862K->28446K(369664K), 0.0024875 secs] [Times: user=0.00 sys=0.01, real=0.00 secs] 
2019-01-03T08:58:01.663+0900: 230128.239: [GC (Allocation Failure) [PSYoungGen: 60704K->224K(60928K)] 88862K->28414K(369664K), 0.0027623 secs] [Times: user=0.02 sys=0.00, real=0.01 secs] 
2019-01-03T08:58:49.523+0900: 230176.099: [GC (Allocation Failure) [PSYoungGen: 60640K->320K(60928K)] 88830K->28510K(369664K), 0.0029563 secs] [Times: user=0.00 sys=0.00, real=0.01 secs] 
2019-01-03T08:59:37.376+0900: 230223.952: [GC (Allocation Failure) [PSYoungGen: 60736K->352K(60928K)] 88926K->28542K(369664K), 0.0027448 secs] [Times: user=0.01 sys=0.00, real=0.00 secs] 
2019-01-03T09:00:24.967+0900: 230271.543: [GC (Allocation Failure) [PSYoungGen: 60768K->320K(60928K)] 88958K->28510K(369664K), 0.0030166 secs] [Times: user=0.00 sys=0.01, real=0.00 secs] 
2019-01-03T09:01:12.949+0900: 230319.525: [GC (Allocation Failure) [PSYoungGen: 60736K->352K(60928K)] 88926K->28542K(369664K), 0.0028393 secs] [Times: user=0.01 sys=0.00, real=0.00 secs] 
2019-01-03T09:02:00.826+0900: 230367.402: [GC (Allocation Failure) [PSYoungGen: 60768K->288K(60928K)] 88958K->28494K(369664K), 0.0028132 secs] [Times: user=0.00 sys=0.01, real=0.00 secs] 
2019-01-03T09:02:48.330+0900: 230414.906: [GC (Allocation Failure) [PSYoungGen: 60704K->320K(60928K)] 88910K->28534K(369664K), 0.0025280 secs] [Times: user=0.00 sys=0.01, real=0.00 secs] 
2019-01-03T09:03:36.008+0900: 230462.584: [GC (Allocation Failure) [PSYoungGen: 60736K->320K(60928K)] 88950K->28534K(369664K), 0.0029134 secs] [Times: user=0.00 sys=0.01, real=0.00 secs] 
2019-01-03T09:04:23.749+0900: 230510.325: [GC (Allocation Failure) [PSYoungGen: 60736K->320K(60928K)] 88950K->28534K(369664K), 0.0026800 secs] [Times: user=0.01 sys=0.00, real=0.00 secs] 
2019-01-03T09:05:11.442+0900: 230558.018: [GC (Allocation Failure) [PSYoungGen: 60736K->352K(60928K)] 88950K->28566K(369664K), 0.0027170 secs] [Times: user=0.01 sys=0.00, real=0.01 secs] 
2019-01-03T09:05:59.097+0900: 230605.673: [GC (Allocation Failure) [PSYoungGen: 60768K->256K(60928K)] 88982K->28470K(369664K), 0.0028438 secs] [Times: user=0.00 sys=0.01, real=0.00 secs] 
2019-01-03T09:06:47.276+0900: 230653.852: [GC (Allocation Failure) [PSYoungGen: 60672K->352K(60928K)] 88886K->28566K(369664K), 0.0029815 secs] [Times: user=0.00 sys=0.01, real=0.00 secs] 
2019-01-03T09:07:35.106+0900: 230701.682: [GC (Allocation Failure) [PSYoungGen: 60768K->320K(60928K)] 88982K->28542K(369664K), 0.0027784 secs] [Times: user=0.01 sys=0.00, real=0.00 secs] 
2019-01-03T09:08:22.664+0900: 230749.240: [GC (Allocation Failure) [PSYoungGen: 60736K->320K(60928K)] 88958K->28542K(369664K), 0.0027254 secs] [Times: user=0.00 sys=0.01, real=0.00 secs] 
2019-01-03T09:09:10.636+0900: 230797.212: [GC (Allocation Failure) [PSYoungGen: 60736K->288K(60928K)] 88958K->28510K(369664K), 0.0027696 secs] [Times: user=0.00 sys=0.01, real=0.00 secs] 
2019-01-03T09:09:58.285+0900: 230844.860: [GC (Allocation Failure) [PSYoungGen: 60704K->256K(60928K)] 88926K->28478K(369664K), 0.0024858 secs] [Times: user=0.00 sys=0.01, real=0.00 secs] 
2019-01-03T09:10:45.883+0900: 230892.459: [GC (Allocation Failure) [PSYoungGen: 60672K->320K(60928K)] 88894K->28542K(369664K), 0.0024724 secs] [Times: user=0.01 sys=0.00, real=0.01 secs] 
2019-01-03T09:11:33.565+0900: 230940.141: [GC (Allocation Failure) [PSYoungGen: 60736K->256K(60928K)] 88958K->28478K(369664K), 0.0023774 secs] [Times: user=0.00 sys=0.00, real=0.00 secs] 
2019-01-03T09:12:21.431+0900: 230988.007: [GC (Allocation Failure) [PSYoungGen: 60672K->320K(60928K)] 88894K->28542K(369664K), 0.0027697 secs] [Times: user=0.01 sys=0.01, real=0.01 secs] 
2019-01-03T09:13:09.204+0900: 231035.780: [GC (Allocation Failure) [PSYoungGen: 60736K->288K(60928K)] 88958K->28510K(369664K), 0.0028403 secs] [Times: user=0.00 sys=0.01, real=0.00 secs] 
2019-01-03T09:13:56.981+0900: 231083.557: [GC (Allocation Failure) [PSYoungGen: 60704K->288K(60928K)] 88926K->28510K(369664K), 0.0029308 secs] [Times: user=0.01 sys=0.00, real=0.01 secs] 
2019-01-03T09:14:44.596+0900: 231131.172: [GC (Allocation Failure) [PSYoungGen: 60704K->352K(60928K)] 88926K->28582K(369664K), 0.0025822 secs] [Times: user=0.00 sys=0.01, real=0.00 secs] 
2019-01-03T09:15:32.400+0900: 231178.976: [GC (Allocation Failure) [PSYoungGen: 60768K->320K(60928K)] 88998K->28558K(369664K), 0.0030477 secs] [Times: user=0.00 sys=0.01, real=0.00 secs] 
2019-01-03T09:16:20.051+0900: 231226.627: [GC (Allocation Failure) [PSYoungGen: 60736K->320K(60928K)] 88974K->28558K(369664K), 0.0027390 secs] [Times: user=0.00 sys=0.01, real=0.01 secs] 
2019-01-03T09:17:07.748+0900: 231274.324: [GC (Allocation Failure) [PSYoungGen: 60736K->352K(60928K)] 88974K->28590K(369664K), 0.0027896 secs] [Times: user=0.00 sys=0.01, real=0.00 secs] 
2019-01-03T09:17:55.584+0900: 231322.160: [GC (Allocation Failure) [PSYoungGen: 60768K->352K(60928K)] 89006K->28590K(369664K), 0.0024927 secs] [Times: user=0.00 sys=0.00, real=0.00 secs] 
2019-01-03T09:18:43.175+0900: 231369.751: [GC (Allocation Failure) [PSYoungGen: 60768K->288K(60928K)] 89006K->28526K(369664K), 0.0028646 secs] [Times: user=0.00 sys=0.00, real=0.00 secs] 
2019-01-03T09:19:30.862+0900: 231417.437: [GC (Allocation Failure) [PSYoungGen: 60704K->352K(60928K)] 88942K->28590K(369664K), 0.0027896 secs] [Times: user=0.00 sys=0.01, real=0.01 secs] 
2019-01-03T09:20:18.509+0900: 231465.084: [GC (Allocation Failure) [PSYoungGen: 60768K->320K(60928K)] 89006K->28558K(369664K), 0.0024400 secs] [Times: user=0.00 sys=0.00, real=0.00 secs] 
2019-01-03T09:21:06.392+0900: 231512.968: [GC (Allocation Failure) [PSYoungGen: 60736K->320K(60928K)] 88974K->28558K(369664K), 0.0026924 secs] [Times: user=0.00 sys=0.01, real=0.01 secs] 
2019-01-03T09:21:53.909+0900: 231560.484: [GC (Allocation Failure) [PSYoungGen: 60736K->288K(60928K)] 88974K->28558K(369664K), 0.0031433 secs] [Times: user=0.00 sys=0.01, real=0.00 secs] 
2019-01-03T09:22:41.576+0900: 231608.152: [GC (Allocation Failure) [PSYoungGen: 60704K->288K(60928K)] 88974K->28574K(369664K), 0.0027839 secs] [Times: user=0.00 sys=0.01, real=0.00 secs] 
2019-01-03T09:23:29.484+0900: 231656.060: [GC (Allocation Failure) [PSYoungGen: 60704K->288K(60928K)] 88990K->28574K(369664K), 0.0025431 secs] [Times: user=0.00 sys=0.01, real=0.00 secs] 
2019-01-03T09:24:17.426+0900: 231704.001: [GC (Allocation Failure) [PSYoungGen: 60704K->352K(60928K)] 88990K->28646K(369664K), 0.0027296 secs] [Times: user=0.01 sys=0.00, real=0.00 secs] 
2019-01-03T09:25:05.281+0900: 231751.857: [GC (Allocation Failure) [PSYoungGen: 60768K->320K(60928K)] 89062K->28614K(369664K), 0.0027202 secs] [Times: user=0.01 sys=0.00, real=0.01 secs] 
2019-01-03T09:25:53.179+0900: 231799.755: [GC (Allocation Failure) [PSYoungGen: 60736K->320K(60928K)] 89030K->28614K(369664K), 0.0027843 secs] [Times: user=0.00 sys=0.01, real=0.00 secs] 
2019-01-03T09:26:40.994+0900: 231847.570: [GC (Allocation Failure) [PSYoungGen: 60736K->352K(60928K)] 89030K->28646K(369664K), 0.0030919 secs] [Times: user=0.00 sys=0.01, real=0.00 secs] 
2019-01-03T09:27:28.619+0900: 231895.195: [GC (Allocation Failure) [PSYoungGen: 60768K->352K(60928K)] 89062K->28710K(369664K), 0.0028594 secs] [Times: user=0.01 sys=0.01, real=0.00 secs] 
2019-01-03T09:28:16.372+0900: 231942.948: [GC (Allocation Failure) [PSYoungGen: 60768K->352K(60928K)] 89126K->28710K(369664K), 0.0031051 secs] [Times: user=0.00 sys=0.01, real=0.01 secs] 
2019-01-03T09:29:04.568+0900: 231991.144: [GC (Allocation Failure) [PSYoungGen: 60768K->352K(60928K)] 89126K->28710K(369664K), 0.0025089 secs] [Times: user=0.01 sys=0.01, real=0.00 secs] 
2019-01-03T09:29:52.370+0900: 232038.946: [GC (Allocation Failure) [PSYoungGen: 60768K->320K(60928K)] 89126K->28678K(369664K), 0.0030384 secs] [Times: user=0.01 sys=0.00, real=0.00 secs] 
2019-01-03T09:30:40.008+0900: 232086.584: [GC (Allocation Failure) [PSYoungGen: 60736K->352K(60928K)] 89094K->28710K(369664K), 0.0029164 secs] [Times: user=0.00 sys=0.02, real=0.00 secs] 
2019-01-03T09:31:27.780+0900: 232134.356: [GC (Allocation Failure) [PSYoungGen: 60768K->352K(60928K)] 89126K->28710K(369664K), 0.0027002 secs] [Times: user=0.00 sys=0.01, real=0.00 secs] 
2019-01-03T09:32:15.504+0900: 232182.080: [GC (Allocation Failure) [PSYoungGen: 60768K->352K(60928K)] 89126K->28710K(369664K), 0.0030981 secs] [Times: user=0.00 sys=0.01, real=0.00 secs] 
2019-01-03T09:33:03.143+0900: 232229.719: [GC (Allocation Failure) [PSYoungGen: 60768K->320K(60928K)] 89126K->28678K(369664K), 0.0030459 secs] [Times: user=0.01 sys=0.00, real=0.01 secs] 
2019-01-03T09:33:50.774+0900: 232277.350: [GC (Allocation Failure) [PSYoungGen: 60736K->352K(60928K)] 89094K->28710K(369664K), 0.0025579 secs] [Times: user=0.01 sys=0.00, real=0.00 secs] 
2019-01-03T09:34:38.943+0900: 232325.519: [GC (Allocation Failure) [PSYoungGen: 60768K->352K(60928K)] 89126K->28710K(369664K), 0.0024411 secs] [Times: user=0.01 sys=0.00, real=0.01 secs] 
2019-01-03T09:35:26.855+0900: 232373.431: [GC (Allocation Failure) [PSYoungGen: 60768K->288K(60928K)] 89126K->28646K(369664K), 0.0029747 secs] [Times: user=0.00 sys=0.01, real=0.00 secs] 
2019-01-03T09:36:14.322+0900: 232420.898: [GC (Allocation Failure) [PSYoungGen: 60704K->288K(60928K)] 89062K->28646K(369664K), 0.0027819 secs] [Times: user=0.00 sys=0.00, real=0.01 secs] 
2019-01-03T09:37:02.043+0900: 232468.618: [GC (Allocation Failure) [PSYoungGen: 60704K->288K(60928K)] 89062K->28646K(369664K), 0.0025509 secs] [Times: user=0.00 sys=0.01, real=0.01 secs] 
2019-01-03T09:37:49.767+0900: 232516.343: [GC (Allocation Failure) [PSYoungGen: 60704K->352K(60928K)] 89062K->28710K(369664K), 0.0028164 secs] [Times: user=0.00 sys=0.01, real=0.00 secs] 
2019-01-03T09:38:37.430+0900: 232564.006: [GC (Allocation Failure) [PSYoungGen: 60768K->352K(60928K)] 89126K->28710K(369664K), 0.0029121 secs] [Times: user=0.02 sys=0.00, real=0.00 secs] 
2019-01-03T09:39:25.207+0900: 232611.783: [GC (Allocation Failure) [PSYoungGen: 60768K->288K(60928K)] 89126K->28646K(369664K), 0.0026899 secs] [Times: user=0.00 sys=0.02, real=0.00 secs] 
2019-01-03T09:40:13.043+0900: 232659.619: [GC (Allocation Failure) [PSYoungGen: 60704K->288K(60928K)] 89062K->28694K(369664K), 0.0028612 secs] [Times: user=0.00 sys=0.01, real=0.01 secs] 
2019-01-03T09:41:00.454+0900: 232707.029: [GC (Allocation Failure) [PSYoungGen: 60704K->320K(60928K)] 89110K->28726K(369664K), 0.0028538 secs] [Times: user=0.00 sys=0.01, real=0.01 secs] 
2019-01-03T09:41:48.131+0900: 232754.707: [GC (Allocation Failure) [PSYoungGen: 60736K->320K(60928K)] 89142K->28742K(369664K), 0.0026915 secs] [Times: user=0.01 sys=0.01, real=0.01 secs] 
2019-01-03T09:42:35.950+0900: 232802.526: [GC (Allocation Failure) [PSYoungGen: 60736K->256K(60928K)] 89158K->28678K(369664K), 0.0028336 secs] [Times: user=0.01 sys=0.00, real=0.00 secs] 
2019-01-03T09:43:23.476+0900: 232850.052: [GC (Allocation Failure) [PSYoungGen: 60672K->320K(60928K)] 89094K->28742K(369664K), 0.0025015 secs] [Times: user=0.00 sys=0.01, real=0.00 secs] 
2019-01-03T09:44:11.337+0900: 232897.913: [GC (Allocation Failure) [PSYoungGen: 60736K->352K(60928K)] 89158K->28774K(369664K), 0.0028640 secs] [Times: user=0.02 sys=0.00, real=0.00 secs] 
2019-01-03T09:44:59.538+0900: 232946.114: [GC (Allocation Failure) [PSYoungGen: 60768K->320K(60928K)] 89190K->28782K(369664K), 0.0026893 secs] [Times: user=0.01 sys=0.00, real=0.00 secs] 
2019-01-03T09:45:47.466+0900: 232994.042: [GC (Allocation Failure) [PSYoungGen: 60736K->320K(60928K)] 89198K->28782K(369664K), 0.0024256 secs] [Times: user=0.00 sys=0.00, real=0.00 secs] 
2019-01-03T09:46:34.922+0900: 233041.497: [GC (Allocation Failure) [PSYoungGen: 60736K->320K(60928K)] 89198K->28782K(369664K), 0.0027903 secs] [Times: user=0.01 sys=0.00, real=0.01 secs] 
2019-01-03T09:47:22.332+0900: 233088.908: [GC (Allocation Failure) [PSYoungGen: 60736K->320K(60928K)] 89198K->28782K(369664K), 0.0027502 secs] [Times: user=0.00 sys=0.01, real=0.01 secs] 
2019-01-03T09:48:10.300+0900: 233136.876: [GC (Allocation Failure) [PSYoungGen: 60736K->352K(60928K)] 89198K->28814K(369664K), 0.0027531 secs] [Times: user=0.02 sys=0.00, real=0.00 secs] 
2019-01-03T09:48:58.170+0900: 233184.746: [GC (Allocation Failure) [PSYoungGen: 60768K->352K(60928K)] 89230K->28814K(369664K), 0.0029084 secs] [Times: user=0.00 sys=0.01, real=0.00 secs] 
2019-01-03T09:49:45.961+0900: 233232.537: [GC (Allocation Failure) [PSYoungGen: 60768K->288K(60928K)] 89230K->28750K(369664K), 0.0030172 secs] [Times: user=0.01 sys=0.00, real=0.01 secs] 
2019-01-03T09:50:33.698+0900: 233280.274: [GC (Allocation Failure) [PSYoungGen: 60704K->288K(60928K)] 89166K->28750K(369664K), 0.0028196 secs] [Times: user=0.01 sys=0.01, real=0.00 secs] 
2019-01-03T09:51:21.271+0900: 233327.847: [GC (Allocation Failure) [PSYoungGen: 60704K->288K(60928K)] 89166K->28750K(369664K), 0.0027215 secs] [Times: user=0.00 sys=0.01, real=0.01 secs] 
2019-01-03T09:52:08.907+0900: 233375.482: [GC (Allocation Failure) [PSYoungGen: 60704K->224K(60928K)] 89166K->28686K(369664K), 0.0027263 secs] [Times: user=0.00 sys=0.00, real=0.00 secs] 
2019-01-03T09:52:56.501+0900: 233423.076: [GC (Allocation Failure) [PSYoungGen: 60640K->352K(60928K)] 89102K->28814K(369664K), 0.0035311 secs] [Times: user=0.00 sys=0.01, real=0.01 secs] 
2019-01-03T09:53:44.446+0900: 233471.022: [GC (Allocation Failure) [PSYoungGen: 60761K->256K(60928K)] 89224K->28718K(369664K), 0.0025525 secs] [Times: user=0.01 sys=0.00, real=0.00 secs] 
2019-01-03T09:54:32.311+0900: 233518.887: [GC (Allocation Failure) [PSYoungGen: 60672K->352K(60928K)] 89134K->28854K(369664K), 0.0027853 secs] [Times: user=0.00 sys=0.01, real=0.01 secs] 
2019-01-03T09:55:20.103+0900: 233566.679: [GC (Allocation Failure) [PSYoungGen: 60768K->352K(60928K)] 89270K->28854K(369664K), 0.0028420 secs] [Times: user=0.00 sys=0.01, real=0.01 secs] 
2019-01-03T09:56:07.674+0900: 233614.250: [GC (Allocation Failure) [PSYoungGen: 60768K->320K(60928K)] 89270K->28822K(369664K), 0.0029374 secs] [Times: user=0.01 sys=0.00, real=0.00 secs] 
2019-01-03T09:56:55.483+0900: 233662.059: [GC (Allocation Failure) [PSYoungGen: 60736K->288K(60928K)] 89238K->28790K(369664K), 0.0024178 secs] [Times: user=0.01 sys=0.00, real=0.01 secs] 
2019-01-03T09:57:43.282+0900: 233709.858: [GC (Allocation Failure) [PSYoungGen: 60704K->256K(60928K)] 89206K->28758K(369664K), 0.0028485 secs] [Times: user=0.00 sys=0.01, real=0.01 secs] 
2019-01-03T09:58:30.923+0900: 233757.499: [GC (Allocation Failure) [PSYoungGen: 60672K->320K(60928K)] 89174K->28822K(369664K), 0.0028653 secs] [Times: user=0.01 sys=0.00, real=0.01 secs] 
2019-01-03T09:59:18.618+0900: 233805.194: [GC (Allocation Failure) [PSYoungGen: 60736K->352K(60928K)] 89238K->28886K(369664K), 0.0024928 secs] [Times: user=0.00 sys=0.01, real=0.00 secs] 
2019-01-03T10:00:06.468+0900: 233853.043: [GC (Allocation Failure) [PSYoungGen: 60768K->352K(60928K)] 89302K->28886K(369664K), 0.0027287 secs] [Times: user=0.01 sys=0.01, real=0.00 secs] 
2019-01-03T10:00:54.454+0900: 233901.030: [GC (Allocation Failure) [PSYoungGen: 60768K->352K(60928K)] 89302K->28886K(369664K), 0.0028632 secs] [Times: user=0.00 sys=0.02, real=0.00 secs] 
2019-01-03T10:01:42.282+0900: 233948.858: [GC (Allocation Failure) [PSYoungGen: 60768K->352K(60928K)] 89302K->28886K(369664K), 0.0028271 secs] [Times: user=0.01 sys=0.00, real=0.01 secs] 
2019-01-03T10:02:29.896+0900: 233996.472: [GC (Allocation Failure) [PSYoungGen: 60768K->320K(60928K)] 89302K->28854K(369664K), 0.0027965 secs] [Times: user=0.00 sys=0.01, real=0.00 secs] 
2019-01-03T10:03:17.333+0900: 234043.909: [GC (Allocation Failure) [PSYoungGen: 60736K->256K(60928K)] 89270K->28790K(369664K), 0.0025637 secs] [Times: user=0.01 sys=0.00, real=0.01 secs] 
2019-01-03T10:04:04.990+0900: 234091.566: [GC (Allocation Failure) [PSYoungGen: 60672K->288K(60928K)] 89206K->28838K(369664K), 0.0024108 secs] [Times: user=0.00 sys=0.01, real=0.00 secs] 
2019-01-03T10:04:52.436+0900: 234139.012: [GC (Allocation Failure) [PSYoungGen: 60704K->288K(60928K)] 89254K->28838K(369664K), 0.0024542 secs] [Times: user=0.01 sys=0.00, real=0.00 secs] 
2019-01-03T10:05:40.405+0900: 234186.981: [GC (Allocation Failure) [PSYoungGen: 60704K->352K(60928K)] 89254K->28902K(369664K), 0.0026730 secs] [Times: user=0.01 sys=0.01, real=0.00 secs] 
2019-01-03T10:06:27.965+0900: 234234.540: [GC (Allocation Failure) [PSYoungGen: 60768K->352K(60928K)] 89318K->28902K(369664K), 0.0028970 secs] [Times: user=0.01 sys=0.00, real=0.00 secs] 
2019-01-03T10:07:15.471+0900: 234282.047: [GC (Allocation Failure) [PSYoungGen: 60768K->320K(60928K)] 89318K->28870K(369664K), 0.0027151 secs] [Times: user=0.00 sys=0.01, real=0.01 secs] 
2019-01-03T10:08:03.225+0900: 234329.801: [GC (Allocation Failure) [PSYoungGen: 60736K->352K(60928K)] 89286K->28902K(369664K), 0.0030373 secs] [Times: user=0.01 sys=0.00, real=0.00 secs] 
2019-01-03T10:08:50.773+0900: 234377.349: [GC (Allocation Failure) [PSYoungGen: 60768K->224K(60928K)] 89318K->28790K(369664K), 0.0028666 secs] [Times: user=0.00 sys=0.01, real=0.01 secs] 
2019-01-03T10:09:38.541+0900: 234425.117: [GC (Allocation Failure) [PSYoungGen: 60640K->320K(60928K)] 89206K->28886K(369664K), 0.0024197 secs] [Times: user=0.00 sys=0.01, real=0.00 secs] 
2019-01-03T10:10:26.264+0900: 234472.840: [GC (Allocation Failure) [PSYoungGen: 60736K->320K(60928K)] 89302K->28886K(369664K), 0.0029123 secs] [Times: user=0.00 sys=0.01, real=0.00 secs] 
2019-01-03T10:11:13.925+0900: 234520.501: [GC (Allocation Failure) [PSYoungGen: 60736K->352K(60928K)] 89302K->28918K(369664K), 0.0028469 secs] [Times: user=0.00 sys=0.01, real=0.00 secs] 
2019-01-03T10:12:01.544+0900: 234568.120: [GC (Allocation Failure) [PSYoungGen: 60768K->320K(60928K)] 89334K->28886K(369664K), 0.0026047 secs] [Times: user=0.00 sys=0.01, real=0.00 secs] 
2019-01-03T10:12:49.315+0900: 234615.891: [GC (Allocation Failure) [PSYoungGen: 60736K->352K(60928K)] 89302K->28918K(369664K), 0.0024759 secs] [Times: user=0.02 sys=0.00, real=0.00 secs] 
2019-01-03T10:13:36.916+0900: 234663.492: [GC (Allocation Failure) [PSYoungGen: 60768K->288K(60928K)] 89334K->28854K(369664K), 0.0024913 secs] [Times: user=0.01 sys=0.00, real=0.00 secs] 
2019-01-03T10:14:24.696+0900: 234711.272: [GC (Allocation Failure) [PSYoungGen: 60704K->320K(60928K)] 89270K->28886K(369664K), 0.0026463 secs] [Times: user=0.00 sys=0.01, real=0.00 secs] 
2019-01-03T10:15:12.892+0900: 234759.468: [GC (Allocation Failure) [PSYoungGen: 60736K->352K(60928K)] 89302K->28958K(369664K), 0.0028182 secs] [Times: user=0.01 sys=0.00, real=0.01 secs] 
2019-01-03T10:16:00.787+0900: 234807.363: [GC (Allocation Failure) [PSYoungGen: 60768K->320K(60928K)] 89374K->28926K(369664K), 0.0025387 secs] [Times: user=0.01 sys=0.00, real=0.00 secs] 
2019-01-03T10:16:48.288+0900: 234854.864: [GC (Allocation Failure) [PSYoungGen: 60736K->288K(60928K)] 89342K->28894K(369664K), 0.0030245 secs] [Times: user=0.00 sys=0.01, real=0.00 secs] 
2019-01-03T10:17:36.110+0900: 234902.686: [GC (Allocation Failure) [PSYoungGen: 60704K->256K(60928K)] 89310K->28862K(369664K), 0.0034127 secs] [Times: user=0.00 sys=0.01, real=0.00 secs] 
2019-01-03T10:18:23.670+0900: 234950.245: [GC (Allocation Failure) [PSYoungGen: 60672K->352K(60928K)] 89278K->28966K(369664K), 0.0029730 secs] [Times: user=0.00 sys=0.01, real=0.00 secs] 
2019-01-03T10:19:11.429+0900: 234998.005: [GC (Allocation Failure) [PSYoungGen: 60768K->352K(60928K)] 89382K->28966K(369664K), 0.0025198 secs] [Times: user=0.01 sys=0.01, real=0.00 secs] 
2019-01-03T10:19:59.061+0900: 235045.637: [GC (Allocation Failure) [PSYoungGen: 60768K->288K(60928K)] 89382K->28910K(369664K), 0.0024768 secs] [Times: user=0.01 sys=0.01, real=0.00 secs] 
2019-01-03T10:20:46.588+0900: 235093.164: [GC (Allocation Failure) [PSYoungGen: 60704K->352K(60928K)] 89326K->28974K(369664K), 0.0028296 secs] [Times: user=0.01 sys=0.00, real=0.00 secs] 
2019-01-03T10:21:34.444+0900: 235141.019: [GC (Allocation Failure) [PSYoungGen: 60768K->288K(60928K)] 89390K->28910K(369664K), 0.0024356 secs] [Times: user=0.00 sys=0.01, real=0.01 secs] 
2019-01-03T10:22:22.028+0900: 235188.604: [GC (Allocation Failure) [PSYoungGen: 60704K->320K(60928K)] 89326K->28942K(369664K), 0.0024343 secs] [Times: user=0.00 sys=0.01, real=0.00 secs] 
2019-01-03T10:23:09.824+0900: 235236.400: [GC (Allocation Failure) [PSYoungGen: 60736K->288K(60928K)] 89358K->28910K(369664K), 0.0027894 secs] [Times: user=0.00 sys=0.01, real=0.00 secs] 
2019-01-03T10:23:57.933+0900: 235284.509: [GC (Allocation Failure) [PSYoungGen: 60704K->192K(60928K)] 89326K->28814K(369664K), 0.0024488 secs] [Times: user=0.00 sys=0.01, real=0.01 secs] 
2019-01-03T10:24:45.717+0900: 235332.293: [GC (Allocation Failure) [PSYoungGen: 60608K->288K(60928K)] 89230K->28966K(369664K), 0.0028208 secs] [Times: user=0.00 sys=0.01, real=0.00 secs] 
2019-01-03T10:25:33.399+0900: 235379.975: [GC (Allocation Failure) [PSYoungGen: 60704K->320K(60928K)] 89382K->28998K(369664K), 0.0029096 secs] [Times: user=0.02 sys=0.00, real=0.00 secs] 
2019-01-03T10:26:21.160+0900: 235427.736: [GC (Allocation Failure) [PSYoungGen: 60736K->320K(60928K)] 89414K->28998K(369664K), 0.0024521 secs] [Times: user=0.00 sys=0.01, real=0.00 secs] 
2019-01-03T10:27:08.786+0900: 235475.361: [GC (Allocation Failure) [PSYoungGen: 60736K->352K(60928K)] 89414K->29030K(369664K), 0.0029058 secs] [Times: user=0.00 sys=0.01, real=0.00 secs] 
2019-01-03T10:27:56.398+0900: 235522.974: [GC (Allocation Failure) [PSYoungGen: 60768K->352K(60928K)] 89446K->29030K(369664K), 0.0027849 secs] [Times: user=0.01 sys=0.01, real=0.00 secs] 
2019-01-03T10:28:44.189+0900: 235570.765: [GC (Allocation Failure) [PSYoungGen: 60768K->352K(60928K)] 89446K->29030K(369664K), 0.0028551 secs] [Times: user=0.01 sys=0.00, real=0.00 secs] 
2019-01-03T10:29:32.063+0900: 235618.639: [GC (Allocation Failure) [PSYoungGen: 60768K->256K(60928K)] 89446K->28934K(369664K), 0.0028851 secs] [Times: user=0.01 sys=0.00, real=0.01 secs] 
2019-01-03T10:30:19.577+0900: 235666.153: [GC (Allocation Failure) [PSYoungGen: 60672K->320K(60928K)] 89350K->28998K(369664K), 0.0026893 secs] [Times: user=0.01 sys=0.00, real=0.00 secs] 
2019-01-03T10:31:07.188+0900: 235713.764: [GC (Allocation Failure) [PSYoungGen: 60736K->320K(60928K)] 89414K->28998K(369664K), 0.0029231 secs] [Times: user=0.01 sys=0.01, real=0.00 secs] 
2019-01-03T10:31:54.961+0900: 235761.537: [GC (Allocation Failure) [PSYoungGen: 60736K->320K(60928K)] 89414K->28998K(369664K), 0.0024715 secs] [Times: user=0.00 sys=0.00, real=0.01 secs] 
2019-01-03T10:32:42.438+0900: 235809.013: [GC (Allocation Failure) [PSYoungGen: 60736K->320K(60928K)] 89414K->28998K(369664K), 0.0028367 secs] [Times: user=0.01 sys=0.00, real=0.00 secs] 
2019-01-03T10:33:30.338+0900: 235856.913: [GC (Allocation Failure) [PSYoungGen: 60736K->320K(60928K)] 89414K->28998K(369664K), 0.0026169 secs] [Times: user=0.01 sys=0.01, real=0.00 secs] 
2019-01-03T10:34:17.904+0900: 235904.480: [GC (Allocation Failure) [PSYoungGen: 60736K->320K(60928K)] 89414K->28998K(369664K), 0.0028846 secs] [Times: user=0.02 sys=0.00, real=0.00 secs] 
2019-01-03T10:35:05.719+0900: 235952.295: [GC (Allocation Failure) [PSYoungGen: 60736K->352K(60928K)] 89414K->29030K(369664K), 0.0026510 secs] [Times: user=0.00 sys=0.01, real=0.00 secs] 
2019-01-03T10:35:53.489+0900: 236000.065: [GC (Allocation Failure) [PSYoungGen: 60768K->352K(60928K)] 89446K->29030K(369664K), 0.0031371 secs] [Times: user=0.00 sys=0.01, real=0.00 secs] 
2019-01-03T10:36:41.104+0900: 236047.680: [GC (Allocation Failure) [PSYoungGen: 60768K->320K(60928K)] 89446K->28998K(369664K), 0.0027694 secs] [Times: user=0.01 sys=0.00, real=0.00 secs] 
2019-01-03T10:37:28.776+0900: 236095.352: [GC (Allocation Failure) [PSYoungGen: 60736K->352K(60928K)] 89414K->29030K(369664K), 0.0029192 secs] [Times: user=0.00 sys=0.01, real=0.00 secs] 
2019-01-03T10:38:16.547+0900: 236143.123: [GC (Allocation Failure) [PSYoungGen: 60768K->288K(60928K)] 89446K->29046K(369664K), 0.0036432 secs] [Times: user=0.00 sys=0.02, real=0.00 secs] 
2019-01-03T10:39:04.428+0900: 236191.004: [GC (Allocation Failure) [PSYoungGen: 60704K->320K(60928K)] 89462K->29102K(369664K), 0.0026089 secs] [Times: user=0.00 sys=0.01, real=0.00 secs] 
